10-12 16:57:04.721  3923  3923 I tutu.ABenchMark: type=1400 audit(0.0:1815): avc: denied { open } for path="/proc/stat" dev="proc" ino=4026531957 scontext=u:r:untrusted_app_27:s0:c512,c768 tcontext=u:object_r:proc_stat:s0 tclass=file permissive=1
10-12 16:57:05.141  2763  2910 I [Gralloc]: framebuffer hal alread move to hwcomposer
10-12 16:57:05.958  8582  8582 W cr_SpanAutocomplete: Did not notify - ignored.
10-12 16:57:05.967  3103  3103 I LatinIME: Starting input. Cursor position = 0,0
10-12 16:57:05.981  8582  8582 W cr_SpanAutocomplete: Did not notify - no change.
10-12 16:57:06.019  8582  8582 I chatty  : uid=10084(com.android.chrome) identical 3 lines
10-12 16:57:06.036  8582  8582 W cr_SpanAutocomplete: Did not notify - no change.
10-12 16:57:06.049  3123  3123 I RenderThread: type=1400 audit(0.0:1820): avc: denied { read } for name="gralloc.odroidn2.so" dev="mmcblk0p12" ino=705 scontext=u:r:platform_app:s0:c512,c768 tcontext=u:object_r:vendor_file:s0 tclass=file permissive=1
10-12 16:57:06.049  3123  3123 I RenderThread: type=1400 audit(0.0:1821): avc: denied { open } for path="/vendor/lib/hw/gralloc.odroidn2.so" dev="mmcblk0p12" ino=705 scontext=u:r:platform_app:s0:c512,c768 tcontext=u:object_r:vendor_file:s0 tclass=file permissive=1
10-12 16:57:06.046  2763  2910 I [Gralloc]: framebuffer hal alread move to hwcomposer
10-12 16:57:06.046  3103  6374 D mali_winsys: EGLint new_window_surface(egl_winsys_display *, void *, EGLSurface, EGLConfig, egl_winsys_surface **, EGLBoolean) returns 0x3000
10-12 16:57:06.046  2763  2910 E gralloc : ioctl c0144900 failed with code -1: Operation not permitted
10-12 16:57:06.047  2763  2910 I [Gralloc]: framebuffer hal alread move to hwcomposer
10-12 16:57:06.052  2763  2910 E gralloc : ioctl c0144900 failed with code -1: Operation not permitted
10-12 16:57:06.052  2763  2911 I [Gralloc]: framebuffer hal alread move to hwcomposer
10-12 16:57:06.053  2763  2763 I [Gralloc]: framebuffer hal alread move to hwcomposer
10-12 16:57:06.049  3123  3123 I RenderThread: type=1400 audit(0.0:1822): avc: denied { getattr } for path="/vendor/lib/hw/gralloc.odroidn2.so" dev="mmcblk0p12" ino=705 scontext=u:r:platform_app:s0:c512,c768 tcontext=u:object_r:vendor_file:s0 tclass=file permissive=1
10-12 16:57:06.057  2763  2911 E gralloc : ioctl c0144900 failed with code -1: Operation not permitted
10-12 16:57:06.060  2763  2911 I [Gralloc]: framebuffer hal alread move to hwcomposer
10-12 16:57:06.092  2763  2911 I [Gralloc]: framebuffer hal alread move to hwcomposer
10-12 16:57:06.093  2763  2911 E gralloc : ioctl c0144900 failed with code -1: Operation not permitted
10-12 16:57:06.093  3103  3103 I RenderThread: type=1400 audit(0.0:1823): avc: denied { read } for name="gralloc.odroidn2.so" dev="mmcblk0p12" ino=705 scontext=u:r:untrusted_app_25:s0:c512,c768 tcontext=u:object_r:vendor_file:s0 tclass=file permissive=1
10-12 16:57:07.170  2763  2911 I [Gralloc]: framebuffer hal alread move to hwcomposer
10-12 16:57:07.941  8582  8582 W cr_SpanAutocomplete: Did not notify - no change.
10-12 16:57:07.943  2773  6371 W AudioFlinger: createTrack_l(): mismatch between requested flags (00000004) and output flags (00000002)
10-12 16:57:07.943  2965  3063 W AudioTrack: AUDIO_OUTPUT_FLAG_FAST denied by server; frameCount 0 -> 5191
10-12 16:57:07.945  2753  6139 W amlaudioMixer: mixer_get_presentation_position(), port not ready now
10-12 16:57:07.945  2753  6139 W audio-subMixingFactory: out_get_presentation_position_port(), pts not valid yet
10-12 16:57:07.945  2753  6139 I audio-subMixingFactory: ++usecase_change_validate_l_sm: dev usecase masks = 0, out usecase_masks = 0, out usecase STREAM_PCM_NORMAL
10-12 16:57:07.945  2753  6139 I audio-subMixingFactory: ++++usecase_change_validate_l_sm(),continuous_audio_mode 0 dev usecase masks = 0, out usecase_masks = 0, out usecase STREAM_PCM_NORMAL
10-12 16:57:07.945  2753  6139 I audio-subMixingFactory: usecase_change_validate_l_sm(), mixer_aux_buffer_write_sm !
10-12 16:57:07.945  2753  6139 I audio-subMixingFactory: ----usecase_change_validate_l_sm(), continuous_audio_mode 0 dev usecase masks = 0x1, out usecase_masks = 0x1, out usecase STREAM_PCM_NORMAL
10-12 16:57:07.945  2753  6139 I aml_audio_port: get_input_port_index(), samplerate 48000
10-12 16:57:07.945  2753  6139 D aml_audio_port: new_input_port(), index:0, rbuf size:8192, direct_on:0
10-12 16:57:07.945  2753  6139 D aml_audio_port: new_input_port(), fmt 0x1, rate 48000
10-12 16:57:07.945  2753  6139 I amlaudioMixer: ++init_mixer_input_port port index 0, size 512 frames
10-12 16:57:07.945  2753  6139 I amlaudioMixer: init_mixer_input_port(), port->initial_frames: 37445632
10-12 16:57:07.945  2753  6139 I aml_audio_port: get_input_port_index(), samplerate 48000
10-12 16:57:07.946  2753  6139 I audio-subMixingFactory: mixer_aux_buffer_write_sm(), primary 0xec74aa00 port index = 0
10-12 16:57:07.946  2753  6139 I audio-subMixingFactory: padding_bytes 16384
10-12 16:57:07.946  2753  6139 I amlaudioMixer: port index 0 is active now
10-12 16:57:07.946  2753  6139 I audio-subMixingFactory: padding_bytes 14336
10-12 16:57:07.946  2753  6139 I audio-subMixingFactory: padding_bytes 12288
10-12 16:57:07.946  2753  6139 I audio-subMixingFactory: padding_bytes 10240
10-12 16:57:07.946  2753  6139 I audio-subMixingFactory: padding_bytes 8192
10-12 16:57:07.946  2753  6139 I audio-subMixingFactory: padding_bytes 6144
10-12 16:57:07.949  2753  6139 I audio-subMixingFactory: padding_bytes 4096
10-12 16:57:07.951  2763  2911 I [Gralloc]: framebuffer hal alread move to hwcomposer
10-12 16:57:07.951  2763  2911 E gralloc : ioctl c0144900 failed with code -1: Operation not permitted
10-12 16:57:07.953  2753  6139 I audio-subMixingFactory: padding_bytes 2048
10-12 16:57:07.964  2753  6139 W amlaudioMixer: mixer_get_presentation_position(), not valid now
10-12 16:57:07.964  2753  6139 W audio-subMixingFactory: out_get_presentation_position_port(), pts not valid yet
10-12 16:57:07.975  2753  6139 W amlaudioMixer: mixer_get_presentation_position(), not valid now
10-12 16:57:07.975  2753  6139 W audio-subMixingFactory: out_get_presentation_position_port(), pts not valid yet
10-12 16:57:07.990  2773  2923 D AudioFlinger: mixer(0xef603280) throttle end: throttle time(7)
10-12 16:57:08.021  8582  8582 W cr_SpanAutocomplete: Did not notify - in batch edit.
10-12 16:57:08.023  8582  8582 I chatty  : uid=10084(com.android.chrome) identical 2 lines
10-12 16:57:08.035  8582  8582 W cr_SpanAutocomplete: Did not notify - in batch edit.
10-12 16:57:08.037  8582  8582 W cr_UrlBar: Text change observed, triggering autocomplete.
10-12 16:57:08.037  8582  8582 W cr_Autocomplete: onTextChangedForAutocomplete
10-12 16:57:08.037  8582  8582 W cr_Autocomplete: stopping autocomplete.
10-12 16:57:08.039  2763  2911 I [Gralloc]: framebuffer hal alread move to hwcomposer
10-12 16:57:08.039  2763  2911 E gralloc : ioctl c0144900 failed with code -1: Operation not permitted
10-12 16:57:08.055  8582  8582 W cr_SpanAutocomplete: Did not notify - no change.
10-12 16:57:08.071  8582  8582 W cr_Autocomplete: starting autocomplete controller..[false][false]
10-12 16:57:08.081  8582  8582 W cr_SpanAutocomplete: Did not notify - no change.
10-12 16:57:08.107  8582  8582 W cr_SpanAutocomplete: Did not notify - no change.
10-12 16:57:08.119  2763  2911 I [Gralloc]: framebuffer hal alread move to hwcomposer
10-12 16:57:08.121  2775  2815 E BufferQueueProducer: [InputMethod#0] disconnect: not connected (req=1)
10-12 16:57:08.121  3103  6374 W libEGL  : EGLNativeWindowType 0xcf912808 disconnect failed
10-12 16:57:08.122  2763  2911 I [Gralloc]: framebuffer hal alread move to hwcomposer
10-12 16:57:08.144  8582  8582 W cr_SpanAutocomplete: Did not notify - no change.
10-12 16:57:08.173  8582  8582 W cr_SpanAutocomplete: Did not notify - no change.
10-12 16:57:08.780  2763  2911 I [Gralloc]: framebuffer hal alread move to hwcomposer
10-12 16:57:08.796  2775  2775 E SurfaceFlinger: [Sprite#0] rejecting buffer: bufWidth=32, bufHeight=32, front.active.{w=28, h=36}
10-12 16:57:08.797  2763  2911 I [Gralloc]: framebuffer hal alread move to hwcomposer
10-12 16:57:08.932  2775  2775 E SurfaceFlinger: [Sprite#0] rejecting buffer: bufWidth=32, bufHeight=32, front.active.{w=28, h=36}
10-12 16:57:09.033  4727  4727 I ABenchMark:push: type=1400 audit(0.0:1829): avc: denied { open } for path="/proc/vmstat" dev="proc" ino=4026531993 scontext=u:r:untrusted_app_27:s0:c512,c768 tcontext=u:object_r:proc_vmstat:s0 tclass=file permissive=1
10-12 16:57:09.033  4727  4727 I ABenchMark:push: type=1400 audit(0.0:1830): avc: denied { getattr } for path="/proc/vmstat" dev="proc" ino=4026531993 scontext=u:r:untrusted_app_27:s0:c512,c768 tcontext=u:object_r:proc_vmstat:s0 tclass=file permissive=1
10-12 16:57:09.264  2965  3444 D ConnectivityService: requestNetwork for uid/pid:10023/5742 NetworkRequest [ TRACK_DEFAULT id=283, [ Capabilities: INTERNET&NOT_RESTRICTED&TRUSTED Unwanted:  Uid: 10023] ]
10-12 16:57:09.264  2965  3077 D Ethernet: got request NetworkRequest [ TRACK_DEFAULT id=283, [ Capabilities: INTERNET&NOT_RESTRICTED&TRUSTED Unwanted:  Uid: 10023] ] with score 70
10-12 16:57:09.265  3184  3184 D PhoneSwitcherNetworkRequstListener: got request NetworkRequest [ TRACK_DEFAULT id=283, [ Capabilities: INTERNET&NOT_RESTRICTED&TRUSTED Unwanted:  Uid: 10023] ] with score 70
10-12 16:57:09.265  2965  3053 D WIFI    : got request NetworkRequest [ TRACK_DEFAULT id=283, [ Capabilities: INTERNET&NOT_RESTRICTED&TRUSTED Unwanted:  Uid: 10023] ] with score 70
10-12 16:57:09.265  2965  3053 D WIFI_UT : got request NetworkRequest [ TRACK_DEFAULT id=283, [ Capabilities: INTERNET&NOT_RESTRICTED&TRUSTED Unwanted:  Uid: 10023] ] with score 70
10-12 16:57:09.273  2965  3055 D ConnectivityService: releasing NetworkRequest [ TRACK_DEFAULT id=283, [ Capabilities: INTERNET&NOT_RESTRICTED&TRUSTED Unwanted:  Uid: 10023] ] (release request)
10-12 16:57:09.274  2965  2980 E NotificationService: Suppressing notification from package by user request.
10-12 16:57:09.811  2763  2911 I [Gralloc]: framebuffer hal alread move to hwcomposer
10-12 16:57:09.812  2763  2910 I [Gralloc]: framebuffer hal alread move to hwcomposer
10-12 16:57:09.813  2763  2910 I [Gralloc]: framebuffer hal alread move to hwcomposer
10-12 16:57:09.815  8582  8613 D mali_winsys: EGLint new_window_surface(egl_winsys_display *, void *, EGLSurface, EGLConfig, egl_winsys_surface **, EGLBoolean) returns 0x3000
10-12 16:57:09.829  2763  2910 I [Gralloc]: framebuffer hal alread move to hwcomposer
10-12 16:57:10.948  2763  2910 I [Gralloc]: framebuffer hal alread move to hwcomposer
10-12 16:57:10.949  2965  2965 I android.display: type=1400 audit(0.0:1831): avc: denied { read } for name="gralloc.odroidn2.so" dev="mmcblk0p12" ino=705 scontext=u:r:system_server:s0 tcontext=u:object_r:vendor_file:s0 tclass=file permissive=1
10-12 16:57:11.039  2753  2924 D audio-subMixingFactory: out_standby_subMixingPCM: out_stream(0xec74aa00) usecase: STREAM_PCM_NORMAL
10-12 16:57:11.039  2753  2924 I audio-subMixingFactory: ++usecase_change_validate_l_sm(), dev usecase masks = 0x1, is_standby = 1, out usecase STREAM_PCM_NORMAL
10-12 16:57:11.039  2753  2924 I audio-subMixingFactory: --usecase_change_validate_l_sm(), dev usecase masks = 0, is_standby = 1, out usecase STREAM_PCM_NORMAL
10-12 16:57:11.039  2753  2924 I amlaudioMixer: ++delete_mixer_input_port port ID: 0
10-12 16:57:10.949  2965  2965 I android.display: type=1400 audit(0.0:1833): avc: denied { getattr } for path="/vendor/lib/hw/gralloc.odroidn2.so" dev="mmcblk0p12" ino=705 scontext=u:r:system_server:s0 tcontext=u:object_r:vendor_file:s0 tclass=file permissive=1
10-12 16:57:11.154  9804  9804 I Zygote  : seccomp disabled by setenforce 0
10-12 16:57:11.155  2965  2982 I ActivityManager: Start proc 9804:com.android.chrome:sandboxed_process3/u0i11 for service com.android.chrome/org.chromium.content.app.SandboxedProcessService3
10-12 16:57:11.157  9804  9804 W dboxed_process: Using default instruction set features for ARM CPU variant (cortex-a9) using conservative defaults
10-12 16:57:11.192  9804  9804 I LoadedApk: No resource references to update in package com.android.chrome.autofill_assistant
10-12 16:57:11.194  9804  9804 I cr_ChildProcessService: Creating new ChildProcessService pid=9804
10-12 16:57:11.177  9804  9804 I dboxed_process3: type=1400 audit(0.0:1834): avc: denied { getattr } for path="/data/data/com.android.chrome" dev="mmcblk0p16" ino=1310916 scontext=u:r:isolated_app:s0:c11,c256,c512,c768 tcontext=u:object_r:app_data_file:s0:c84,c256,c512,c768 tclass=dir permissive=1
10-12 16:57:11.250  9804  9819 I cr_LibraryLoader: Loaded native library version number "86.0.4240.75"
10-12 16:57:11.250  9804  9819 I cr_CachingUmaRecorder: Flushed 1 samples from 1 histograms.
10-12 16:57:11.266  9804  9819 I chromium: [INFO:child_process_service.cc(69)] ChildProcessService: Exiting child process.
10-12 16:57:11.274  2965  4723 I ActivityManager: Killing 9804:com.android.chrome:sandboxed_process3/u0a84i11 (adj 0): isolated not needed
10-12 16:57:11.275  2965  2983 W libprocessgroup: kill(-9804, 9) failed: No such process
10-12 16:57:11.278  2965  2982 I ActivityManager: Start proc 9824:com.android.chrome:sandboxed_process4/u0i12 for service com.android.chrome/org.chromium.content.app.SandboxedProcessService4
10-12 16:57:11.279  9824  9824 I Zygote  : seccomp disabled by setenforce 0
10-12 16:57:11.285  9824  9824 W dboxed_process: Using default instruction set features for ARM CPU variant (cortex-a9) using conservative defaults
10-12 16:57:11.286  8582  8582 W chromium: [WARNING:compositor_view.cc(332)] Child process died (type=6) pid=9804)
10-12 16:57:11.289  2745  2745 I Zygote  : Process 9804 exited cleanly (0)
10-12 16:57:11.319  2965  2983 W libprocessgroup: kill(-9804, 9) failed: No such process
10-12 16:57:11.319  2965  2983 I libprocessgroup: Successfully killed process cgroup uid 99011 pid 9804 in 43ms
10-12 16:57:11.257  9804  9804 I CrUtilityMain: type=1400 audit(0.0:1835): avc: denied { setattr } for name="commands.json" dev="mmcblk0p16" ino=1441911 scontext=u:r:isolated_app:s0:c11,c256,c512,c768 tcontext=u:object_r:app_data_file:s0:c84,c256,c512,c768 tclass=file permissive=1
10-12 16:57:11.309  9824  9824 I dboxed_process4: type=1400 audit(0.0:1836): avc: denied { getattr } for path="/data/data/com.android.chrome" dev="mmcblk0p16" ino=1310916 scontext=u:r:isolated_app:s0:c12,c256,c512,c768 tcontext=u:object_r:app_data_file:s0:c84,c256,c512,c768 tclass=dir permissive=1
10-12 16:57:11.326  9824  9824 I LoadedApk: No resource references to update in package com.android.chrome.autofill_assistant
10-12 16:57:11.328  9824  9824 I cr_ChildProcessService: Creating new ChildProcessService pid=9824
10-12 16:57:11.388  9824  9839 I cr_LibraryLoader: Loaded native library version number "86.0.4240.75"
10-12 16:57:11.389  9824  9839 I cr_CachingUmaRecorder: Flushed 1 samples from 1 histograms.
10-12 16:57:11.399  9824  9839 I chromium: [INFO:child_process_service.cc(69)] ChildProcessService: Exiting child process.
10-12 16:57:11.402  2965  4723 I ActivityManager: Killing 9824:com.android.chrome:sandboxed_process4/u0a84i12 (adj 0): isolated not needed
10-12 16:57:11.402  2965  2983 W libprocessgroup: kill(-9824, 9) failed: No such process
10-12 16:57:11.415  9844  9844 I Zygote  : seccomp disabled by setenforce 0
10-12 16:57:11.417  9844  9844 W dboxed_process: Using default instruction set features for ARM CPU variant (cortex-a9) using conservative defaults
10-12 16:57:11.418  2965  2982 I ActivityManager: Start proc 9844:com.android.chrome:sandboxed_process5/u0i13 for service com.android.chrome/org.chromium.content.app.SandboxedProcessService5
10-12 16:57:11.418  8582  8582 W chromium: [WARNING:compositor_view.cc(332)] Child process died (type=6) pid=9824)
10-12 16:57:11.418  2745  2745 I Zygote  : Process 9824 exited cleanly (0)
10-12 16:57:11.441  9844  9844 I dboxed_process5: type=1400 audit(0.0:1837): avc: denied { getattr } for path="/data/data/com.android.chrome" dev="mmcblk0p16" ino=1310916 scontext=u:r:isolated_app:s0:c13,c256,c512,c768 tcontext=u:object_r:app_data_file:s0:c84,c256,c512,c768 tclass=dir permissive=1
10-12 16:57:11.447  2965  2983 W libprocessgroup: kill(-9824, 9) failed: No such process
10-12 16:57:11.447  2965  2983 I libprocessgroup: Successfully killed process cgroup uid 99012 pid 9824 in 44ms
10-12 16:57:11.455  9844  9844 I LoadedApk: No resource references to update in package com.android.chrome.autofill_assistant
10-12 16:57:11.457  9844  9844 I cr_ChildProcessService: Creating new ChildProcessService pid=9844
10-12 16:57:11.516  9844  9859 I cr_LibraryLoader: Loaded native library version number "86.0.4240.75"
10-12 16:57:11.517  9844  9859 I cr_CachingUmaRecorder: Flushed 1 samples from 1 histograms.
10-12 16:57:11.531  2775  3039 E BufferQueueProducer: [PopupWindow:7971a5b#0] disconnect: not connected (req=1)
10-12 16:57:11.531  2773  6371 W AudioFlinger: createTrack_l(): mismatch between requested flags (00000004) and output flags (00000002)
10-12 16:57:11.531  8582  8613 W libEGL  : EGLNativeWindowType 0xc8526808 disconnect failed
10-12 16:57:11.531  2965  3063 W AudioTrack: AUDIO_OUTPUT_FLAG_FAST denied by server; frameCount 0 -> 4512
10-12 16:57:11.533  2753  6139 W amlaudioMixer: mixer_get_presentation_position(), port not ready now
10-12 16:57:11.533  2753  6139 W audio-subMixingFactory: out_get_presentation_position_port(), pts not valid yet
10-12 16:57:11.533  2753  6139 I audio-subMixingFactory: ++usecase_change_validate_l_sm: dev usecase masks = 0, out usecase_masks = 0, out usecase STREAM_PCM_NORMAL
10-12 16:57:11.533  2753  6139 I audio-subMixingFactory: ++++usecase_change_validate_l_sm(),continuous_audio_mode 0 dev usecase masks = 0, out usecase_masks = 0, out usecase STREAM_PCM_NORMAL
10-12 16:57:11.533  2753  6139 I audio-subMixingFactory: usecase_change_validate_l_sm(), mixer_aux_buffer_write_sm !
10-12 16:57:11.533  2753  6139 I audio-subMixingFactory: ----usecase_change_validate_l_sm(), continuous_audio_mode 0 dev usecase masks = 0x1, out usecase_masks = 0x1, out usecase STREAM_PCM_NORMAL
10-12 16:57:11.533  2753  6139 I aml_audio_port: get_input_port_index(), samplerate 48000
10-12 16:57:11.533  2753  6139 D aml_audio_port: new_input_port(), index:0, rbuf size:8192, direct_on:0
10-12 16:57:11.533  2753  6139 D aml_audio_port: new_input_port(), fmt 0x1, rate 48000
10-12 16:57:11.533  2753  6139 I amlaudioMixer: ++init_mixer_input_port port index 0, size 512 frames
10-12 16:57:11.533  2753  6139 I amlaudioMixer: init_mixer_input_port(), port->initial_frames: 37595136
10-12 16:57:11.533  2753  6139 I aml_audio_port: get_input_port_index(), samplerate 48000
10-12 16:57:11.533  2753  6139 I audio-subMixingFactory: mixer_aux_buffer_write_sm(), primary 0xec74aa00 port index = 0
10-12 16:57:11.533  2753  6139 I audio-subMixingFactory: padding_bytes 16384
10-12 16:57:11.533  2753  6139 I amlaudioMixer: port index 0 is active now
10-12 16:57:11.533  2753  6139 I audio-subMixingFactory: padding_bytes 14336
10-12 16:57:11.533  2753  6139 I audio-subMixingFactory: padding_bytes 12288
10-12 16:57:11.533  2753  6139 I audio-subMixingFactory: padding_bytes 10240
10-12 16:57:11.533  2753  6139 I audio-subMixingFactory: padding_bytes 8192
10-12 16:57:11.534  2753  6139 I audio-subMixingFactory: padding_bytes 6144
10-12 16:57:11.535  9844  9859 I chromium: [INFO:child_process_service.cc(69)] ChildProcessService: Exiting child process.
10-12 16:57:11.538  2753  6139 I audio-subMixingFactory: padding_bytes 4096
10-12 16:57:11.538  2965  3846 I ActivityManager: Killing 9844:com.android.chrome:sandboxed_process5/u0a84i13 (adj 0): isolated not needed
10-12 16:57:11.538  2965  2983 W libprocessgroup: kill(-9844, 9) failed: No such process
10-12 16:57:11.542  2753  6139 I audio-subMixingFactory: padding_bytes 2048
10-12 16:57:11.545  8582  8582 W cr_SpanAutocomplete: Did not notify - ignored.
10-12 16:57:11.545  8582  8582 W cr_Autocomplete: onTextChangedForAutocomplete
10-12 16:57:11.545  8582  8582 W cr_Autocomplete: stopping autocomplete.
10-12 16:57:11.545  8582  8582 W cr_Autocomplete: onTextChangedForAutocomplete: url is empty
10-12 16:57:11.545  8582  8582 W cr_Autocomplete: stopping autocomplete.
10-12 16:57:11.550  2753  6139 W amlaudioMixer: mixer_get_presentation_position(), not valid now
10-12 16:57:11.550  2753  6139 W audio-subMixingFactory: out_get_presentation_position_port(), pts not valid yet
10-12 16:57:11.553  8582  8582 W chromium: [WARNING:compositor_view.cc(332)] Child process died (type=6) pid=9844)
10-12 16:57:11.555  2745  2745 I Zygote  : Process 9844 exited cleanly (0)
10-12 16:57:11.560  2753  6139 W amlaudioMixer: mixer_get_presentation_position(), not valid now
10-12 16:57:11.560  2753  6139 W audio-subMixingFactory: out_get_presentation_position_port(), pts not valid yet
10-12 16:57:11.576  2773  2923 D AudioFlinger: mixer(0xef603280) throttle end: throttle time(5)
10-12 16:57:11.583  2965  2983 W libprocessgroup: kill(-9844, 9) failed: No such process
10-12 16:57:11.583  2965  2983 I libprocessgroup: Successfully killed process cgroup uid 99013 pid 9844 in 44ms
10-12 16:57:11.693  2775  2962 W SurfaceFlinger: Attempting to set client state on removed layer: PopupWindow:7971a5b#0
10-12 16:57:11.693  2775  2962 W SurfaceFlinger: Attempting to destroy on removed layer: PopupWindow:7971a5b#0
10-12 16:57:11.715  9865  9865 I Zygote  : seccomp disabled by setenforce 0
10-12 16:57:11.716  2965  2982 I ActivityManager: Start proc 9865:com.android.chrome:sandboxed_process6/u0i14 for service com.android.chrome/org.chromium.content.app.SandboxedProcessService6
10-12 16:57:11.717  9865  9865 W dboxed_process: Using default instruction set features for ARM CPU variant (cortex-a9) using conservative defaults
10-12 16:57:11.741  9865  9865 I dboxed_process6: type=1400 audit(0.0:1838): avc: denied { getattr } for path="/data/data/com.android.chrome" dev="mmcblk0p16" ino=1310916 scontext=u:r:isolated_app:s0:c14,c256,c512,c768 tcontext=u:object_r:app_data_file:s0:c84,c256,c512,c768 tclass=dir permissive=1
10-12 16:57:11.755  9865  9865 I LoadedApk: No resource references to update in package com.android.chrome.autofill_assistant
10-12 16:57:11.756  9865  9865 I cr_ChildProcessService: Creating new ChildProcessService pid=9865
10-12 16:57:11.802  9865  9880 I cr_LibraryLoader: Loaded native library version number "86.0.4240.75"
10-12 16:57:11.802  9865  9880 I cr_CachingUmaRecorder: Flushed 1 samples from 1 histograms.
10-12 16:57:11.825  9865  9880 I chromium: [INFO:child_process_service.cc(69)] ChildProcessService: Exiting child process.
10-12 16:57:11.829  2965  4723 I ActivityManager: Killing 9865:com.android.chrome:sandboxed_process6/u0a84i14 (adj 0): isolated not needed
10-12 16:57:11.829  2965  2983 W libprocessgroup: kill(-9865, 9) failed: No such process
10-12 16:57:11.843  8582  8582 W chromium: [WARNING:compositor_view.cc(332)] Child process died (type=6) pid=9865)
10-12 16:57:11.844  2745  2745 I Zygote  : Process 9865 exited cleanly (0)
10-12 16:57:11.871  2965  2983 W libprocessgroup: kill(-9865, 9) failed: No such process
10-12 16:57:11.871  2965  2983 I libprocessgroup: Successfully killed process cgroup uid 99014 pid 9865 in 41ms
10-12 16:57:12.199  2763  2910 I [Gralloc]: framebuffer hal alread move to hwcomposer
10-12 16:57:12.197  2965  2965 I android.display: type=1400 audit(0.0:1840): avc: denied { read } for name="gralloc.odroidn2.so" dev="mmcblk0p12" ino=705 scontext=u:r:system_server:s0 tcontext=u:object_r:vendor_file:s0 tclass=file permissive=1
10-12 16:57:12.201  2965  2965 I android.display: type=1400 audit(0.0:1842): avc: denied { getattr } for path="/vendor/lib/hw/gralloc.odroidn2.so" dev="mmcblk0p12" ino=705 scontext=u:r:system_server:s0 tcontext=u:object_r:vendor_file:s0 tclass=file permissive=1
10-12 16:57:14.268  2763  2910 I [Gralloc]: framebuffer hal alread move to hwcomposer
10-12 16:57:14.282  2775  2775 E SurfaceFlinger: [Sprite#0] rejecting buffer: bufWidth=32, bufHeight=32, front.active.{w=28, h=36}
10-12 16:57:14.283  2763  2910 I [Gralloc]: framebuffer hal alread move to hwcomposer
10-12 16:57:14.281  2767  2767 I memtrack@1.0-se: type=1400 audit(0.0:1843): avc: denied { read } for name="mem_profile" dev="debugfs" ino=443661 scontext=u:r:hal_memtrack_default:s0 tcontext=u:object_r:debugfs:s0 tclass=file permissive=1
10-12 16:57:14.281  2767  2767 I memtrack@1.0-se: type=1400 audit(0.0:1844): avc: denied { open } for path="/sys/kernel/debug/mali0/ctx/9285_35/mem_profile" dev="debugfs" ino=443661 scontext=u:r:hal_memtrack_default:s0 tcontext=u:object_r:debugfs:s0 tclass=file permissive=1
10-12 16:57:14.281  2767  2767 I memtrack@1.0-se: type=1400 audit(0.0:1845): avc: denied { getattr } for path="/sys/kernel/debug/mali0/ctx/9285_35/mem_profile" dev="debugfs" ino=443661 scontext=u:r:hal_memtrack_default:s0 tcontext=u:object_r:debugfs:s0 tclass=file permissive=1
10-12 16:57:14.609  2753  2924 D audio-subMixingFactory: out_standby_subMixingPCM: out_stream(0xec74aa00) usecase: STREAM_PCM_NORMAL
10-12 16:57:14.609  2753  2924 I audio-subMixingFactory: ++usecase_change_validate_l_sm(), dev usecase masks = 0x1, is_standby = 1, out usecase STREAM_PCM_NORMAL
10-12 16:57:14.609  2753  2924 I audio-subMixingFactory: --usecase_change_validate_l_sm(), dev usecase masks = 0, is_standby = 1, out usecase STREAM_PCM_NORMAL
10-12 16:57:14.609  2753  2924 I amlaudioMixer: ++delete_mixer_input_port port ID: 0
10-12 16:57:14.740  3923  3923 D skia    : --- Failed to create image decoder with message 'unimplemented'
10-12 16:57:14.745  3923  3923 I tutu.ABenchMark: type=1400 audit(0.0:1846): avc: denied { open } for path="/proc/stat" dev="proc" ino=4026531957 scontext=u:r:untrusted_app_27:s0:c512,c768 tcontext=u:object_r:proc_stat:s0 tclass=file permissive=1
10-12 16:57:14.745  3923  3923 I tutu.ABenchMark: type=1400 audit(0.0:1847): avc: denied { getattr } for path="/proc/stat" dev="proc" ino=4026531957 scontext=u:r:untrusted_app_27:s0:c512,c768 tcontext=u:object_r:proc_stat:s0 tclass=file permissive=1
10-12 16:57:14.749  3923  3923 I tutu.ABenchMark: type=1400 audit(0.0:1848): avc: denied { read } for name="temp" dev="sysfs" ino=8951 scontext=u:r:untrusted_app_27:s0:c512,c768 tcontext=u:object_r:sysfs:s0 tclass=file permissive=1
10-12 16:57:14.749  3923  3923 I tutu.ABenchMark: type=1400 audit(0.0:1849): avc: denied { open } for path="/sys/devices/virtual/thermal/thermal_zone0/temp" dev="sysfs" ino=8951 scontext=u:r:untrusted_app_27:s0:c512,c768 tcontext=u:object_r:sysfs:s0 tclass=file permissive=1
10-12 16:57:14.758  3923  3923 D skia    : --- Failed to create image decoder with message 'unimplemented'
10-12 16:57:14.834  8582  8582 W cr_SpanAutocomplete: Did not notify - ignored.
10-12 16:57:14.839  8582  8582 W cr_Autocomplete: stopping autocomplete.
10-12 16:57:14.852  8582  8582 W cr_SpanAutocomplete: Did not notify - no change.
10-12 16:57:14.974  2753  6139 W amlaudioMixer: mixer_get_presentation_position(), port not ready now
10-12 16:57:14.974  2753  6139 W audio-subMixingFactory: out_get_presentation_position_port(), pts not valid yet
10-12 16:57:14.975  2753  6139 I audio-subMixingFactory: ++usecase_change_validate_l_sm: dev usecase masks = 0, out usecase_masks = 0, out usecase STREAM_PCM_NORMAL
10-12 16:57:14.975  2753  6139 I audio-subMixingFactory: ++++usecase_change_validate_l_sm(),continuous_audio_mode 0 dev usecase masks = 0, out usecase_masks = 0, out usecase STREAM_PCM_NORMAL
10-12 16:57:14.975  2753  6139 I audio-subMixingFactory: usecase_change_validate_l_sm(), mixer_aux_buffer_write_sm !
10-12 16:57:14.975  2753  6139 I audio-subMixingFactory: ----usecase_change_validate_l_sm(), continuous_audio_mode 0 dev usecase masks = 0x1, out usecase_masks = 0x1, out usecase STREAM_PCM_NORMAL
10-12 16:57:14.975  2753  6139 I aml_audio_port: get_input_port_index(), samplerate 48000
10-12 16:57:14.975  2753  6139 D aml_audio_port: new_input_port(), index:0, rbuf size:8192, direct_on:0
10-12 16:57:14.975  2753  6139 D aml_audio_port: new_input_port(), fmt 0x1, rate 48000
10-12 16:57:14.975  2753  6139 I amlaudioMixer: ++init_mixer_input_port port index 0, size 512 frames
10-12 16:57:14.975  2753  6139 I amlaudioMixer: init_mixer_input_port(), port->initial_frames: 37743616
10-12 16:57:14.975  2753  6139 I aml_audio_port: get_input_port_index(), samplerate 48000
10-12 16:57:14.975  2753  6139 I audio-subMixingFactory: mixer_aux_buffer_write_sm(), primary 0xec74aa00 port index = 0
10-12 16:57:14.975  2753  6139 I audio-subMixingFactory: padding_bytes 16384
10-12 16:57:14.975  2753  6139 I amlaudioMixer: port index 0 is active now
10-12 16:57:14.975  2753  6139 I audio-subMixingFactory: padding_bytes 14336
10-12 16:57:14.975  2753  6139 I audio-subMixingFactory: padding_bytes 12288
10-12 16:57:14.975  2753  6139 I audio-subMixingFactory: padding_bytes 10240
10-12 16:57:14.975  2753  6139 I audio-subMixingFactory: padding_bytes 8192
10-12 16:57:14.975  2753  6139 I audio-subMixingFactory: padding_bytes 6144
10-12 16:57:14.978  2753  6139 I audio-subMixingFactory: padding_bytes 4096
10-12 16:57:14.982  2753  6139 I audio-subMixingFactory: padding_bytes 2048
10-12 16:57:14.991  2753  6139 W amlaudioMixer: mixer_get_presentation_position(), not valid now
10-12 16:57:14.991  2753  6139 W audio-subMixingFactory: out_get_presentation_position_port(), pts not valid yet
10-12 16:57:15.002  2753  6139 W amlaudioMixer: mixer_get_presentation_position(), not valid now
10-12 16:57:15.002  2753  6139 W audio-subMixingFactory: out_get_presentation_position_port(), pts not valid yet
10-12 16:57:15.016  2773  2923 D AudioFlinger: mixer(0xef603280) throttle end: throttle time(7)
10-12 16:57:15.332  2763  2910 I [Gralloc]: framebuffer hal alread move to hwcomposer
10-12 16:57:15.457  2767  2767 I memtrack@1.0-se: type=1400 audit(0.0:1851): avc: denied { search } for name="2587" dev="proc" ino=3320 scontext=u:r:hal_memtrack_default:s0 tcontext=u:r:imageserver:s0 tclass=dir permissive=1
10-12 16:57:15.457  2767  2767 I memtrack@1.0-se: type=1400 audit(0.0:1852): avc: denied { read } for name="status" dev="proc" ino=317 scontext=u:r:hal_memtrack_default:s0 tcontext=u:r:imageserver:s0 tclass=file permissive=1
10-12 16:57:15.457  2767  2767 I memtrack@1.0-se: type=1400 audit(0.0:1853): avc: denied { open } for path="/proc/2587/status" dev="proc" ino=317 scontext=u:r:hal_memtrack_default:s0 tcontext=u:r:imageserver:s0 tclass=file permissive=1
10-12 16:57:15.457  2767  2767 I memtrack@1.0-se: type=1400 audit(0.0:1854): avc: denied { getattr } for path="/proc/2587/status" dev="proc" ino=317 scontext=u:r:hal_memtrack_default:s0 tcontext=u:r:imageserver:s0 tclass=file permissive=1
10-12 16:57:15.513  2767  2767 I memtrack@1.0-se: type=1400 audit(0.0:1855): avc: denied { search } for name="2749" dev="proc" ino=15395 scontext=u:r:hal_memtrack_default:s0 tcontext=u:r:rc_server:s0 tclass=dir permissive=1
10-12 16:57:16.006  8582  8582 W cr_SpanAutocomplete: Did not notify - ignored.
10-12 16:57:16.018  3103  3103 I LatinIME: Starting input. Cursor position = 0,0
10-12 16:57:16.036  8582  8582 W cr_SpanAutocomplete: Did not notify - no change.
10-12 16:57:16.062  8582  8582 I chatty  : uid=10084(com.android.chrome) identical 3 lines
10-12 16:57:16.078  8582  8582 W cr_SpanAutocomplete: Did not notify - no change.
10-12 16:57:16.093  2763  2910 I [Gralloc]: framebuffer hal alread move to hwcomposer
10-12 16:57:16.093  2763  2910 E gralloc : ioctl c0144900 failed with code -1: Operation not permitted
10-12 16:57:16.096  2763  2910 I [Gralloc]: framebuffer hal alread move to hwcomposer
10-12 16:57:16.099  2763  2910 I chatty  : uid=1000(system) HwBinder:2763_1 identical 1 line
10-12 16:57:16.105  2763  2910 I [Gralloc]: framebuffer hal alread move to hwcomposer
10-12 16:57:16.109  2763  2910 E gralloc : ioctl c0144900 failed with code -1: Operation not permitted
10-12 16:57:16.112  2763  2910 I [Gralloc]: framebuffer hal alread move to hwcomposer
10-12 16:57:16.115  2763  2910 E gralloc : ioctl c0144900 failed with code -1: Operation not permitted
10-12 16:57:16.116  3103  6374 D mali_winsys: EGLint new_window_surface(egl_winsys_display *, void *, EGLSurface, EGLConfig, egl_winsys_surface **, EGLBoolean) returns 0x3000
10-12 16:57:16.132  2763  2910 I [Gralloc]: framebuffer hal alread move to hwcomposer
10-12 16:57:16.132  2763  2910 E gralloc : ioctl c0144900 failed with code -1: Operation not permitted
10-12 16:57:16.348  2763  2910 I [Gralloc]: framebuffer hal alread move to hwcomposer
10-12 16:57:16.981  8582  8582 W cr_SpanAutocomplete: Did not notify - no change.
10-12 16:57:16.982  2773  6371 W AudioFlinger: createTrack_l(): mismatch between requested flags (00000004) and output flags (00000002)
10-12 16:57:16.983  2965  3063 W AudioTrack: AUDIO_OUTPUT_FLAG_FAST denied by server; frameCount 0 -> 5191
10-12 16:57:16.993  2763  2910 I [Gralloc]: framebuffer hal alread move to hwcomposer
10-12 16:57:16.993  2763  2910 E gralloc : ioctl c0144900 failed with code -1: Operation not permitted
10-12 16:57:17.061  8582  8582 W cr_SpanAutocomplete: Did not notify - in batch edit.
10-12 16:57:17.062  8582  8582 I chatty  : uid=10084(com.android.chrome) identical 2 lines
10-12 16:57:17.078  8582  8582 W cr_SpanAutocomplete: Did not notify - in batch edit.
10-12 16:57:17.081  8582  8582 W cr_UrlBar: Text change observed, triggering autocomplete.
10-12 16:57:17.081  8582  8582 W cr_Autocomplete: onTextChangedForAutocomplete
10-12 16:57:17.081  8582  8582 W cr_Autocomplete: stopping autocomplete.
10-12 16:57:17.082  2763  2910 I [Gralloc]: framebuffer hal alread move to hwcomposer
10-12 16:57:17.082  2763  2910 E gralloc : ioctl c0144900 failed with code -1: Operation not permitted
10-12 16:57:17.095  8582  8582 W cr_SpanAutocomplete: Did not notify - no change.
10-12 16:57:17.112  8582  8582 W cr_Autocomplete: starting autocomplete controller..[false][false]
10-12 16:57:17.116  8582  8582 W cr_SpanAutocomplete: Did not notify - no change.
10-12 16:57:17.077  3103  3103 I RenderThread: type=1400 audit(0.0:1897): avc: denied { read } for name="gralloc.odroidn2.so" dev="mmcblk0p12" ino=705 scontext=u:r:untrusted_app_25:s0:c512,c768 tcontext=u:object_r:vendor_file:s0 tclass=file permissive=1
10-12 16:57:17.141  8582  8582 W cr_SpanAutocomplete: Did not notify - no change.
10-12 16:57:17.147  2775  2815 E BufferQueueProducer: [InputMethod#0] disconnect: not connected (req=1)
10-12 16:57:17.147  3103  6374 W libEGL  : EGLNativeWindowType 0xcf912808 disconnect failed
10-12 16:57:17.161  2763  2910 I [Gralloc]: framebuffer hal alread move to hwcomposer
10-12 16:57:17.164  2763  2910 I [Gralloc]: framebuffer hal alread move to hwcomposer
10-12 16:57:17.101  3103  3103 I RenderThread: type=1400 audit(0.0:1898): avc: denied { open } for path="/vendor/lib/hw/gralloc.odroidn2.so" dev="mmcblk0p12" ino=705 scontext=u:r:untrusted_app_25:s0:c512,c768 tcontext=u:object_r:vendor_file:s0 tclass=file permissive=1
10-12 16:57:17.190  8582  8582 W cr_SpanAutocomplete: Did not notify - no change.
10-12 16:57:17.217  8582  8582 W cr_SpanAutocomplete: Did not notify - no change.
10-12 16:57:17.101  3103  3103 I RenderThread: type=1400 audit(0.0:1899): avc: denied { getattr } for path="/vendor/lib/hw/gralloc.odroidn2.so" dev="mmcblk0p12" ino=705 scontext=u:r:untrusted_app_25:s0:c512,c768 tcontext=u:object_r:vendor_file:s0 tclass=file permissive=1
10-12 16:57:17.157  3123  3123 I RenderThread: type=1400 audit(0.0:1900): avc: denied { read } for name="gralloc.odroidn2.so" dev="mmcblk0p12" ino=705 scontext=u:r:platform_app:s0:c512,c768 tcontext=u:object_r:vendor_file:s0 tclass=file permissive=1
10-12 16:57:20.093  2753  2924 D audio-subMixingFactory: out_standby_subMixingPCM: out_stream(0xec74aa00) usecase: STREAM_PCM_NORMAL
10-12 16:57:20.093  2753  2924 I audio-subMixingFactory: ++usecase_change_validate_l_sm(), dev usecase masks = 0x1, is_standby = 1, out usecase STREAM_PCM_NORMAL
10-12 16:57:20.093  2753  2924 I audio-subMixingFactory: --usecase_change_validate_l_sm(), dev usecase masks = 0, is_standby = 1, out usecase STREAM_PCM_NORMAL
10-12 16:57:20.093  2753  2924 I amlaudioMixer: ++delete_mixer_input_port port ID: 0
10-12 16:57:20.093  2753  2917 E amlaudioMixer: mixer_do_mixing_16bit(), sys or direct pcm must exist!!!
10-12 16:57:20.248  8582  8582 W cr_Autocomplete: stopping autocomplete.
10-12 16:57:20.333  2773 16722 W AudioFlinger: createTrack_l(): mismatch between requested flags (00000004) and output flags (00000002)
10-12 16:57:20.334  2965  3063 W AudioTrack: AUDIO_OUTPUT_FLAG_FAST denied by server; frameCount 0 -> 4512
10-12 16:57:20.335  2753  6139 W amlaudioMixer: mixer_get_presentation_position(), port not ready now
10-12 16:57:20.335  2753  6139 W audio-subMixingFactory: out_get_presentation_position_port(), pts not valid yet
10-12 16:57:20.336  2753  6139 I audio-subMixingFactory: ++usecase_change_validate_l_sm: dev usecase masks = 0, out usecase_masks = 0, out usecase STREAM_PCM_NORMAL
10-12 16:57:20.336  2753  6139 I audio-subMixingFactory: ++++usecase_change_validate_l_sm(),continuous_audio_mode 0 dev usecase masks = 0, out usecase_masks = 0, out usecase STREAM_PCM_NORMAL
10-12 16:57:20.336  2753  6139 I audio-subMixingFactory: usecase_change_validate_l_sm(), mixer_aux_buffer_write_sm !
10-12 16:57:20.336  2753  6139 I audio-subMixingFactory: ----usecase_change_validate_l_sm(), continuous_audio_mode 0 dev usecase masks = 0x1, out usecase_masks = 0x1, out usecase STREAM_PCM_NORMAL
10-12 16:57:20.336  2753  6139 I aml_audio_port: get_input_port_index(), samplerate 48000
10-12 16:57:20.336  2753  6139 D aml_audio_port: new_input_port(), index:0, rbuf size:8192, direct_on:0
10-12 16:57:20.336  2753  6139 D aml_audio_port: new_input_port(), fmt 0x1, rate 48000
10-12 16:57:20.336  2753  6139 I amlaudioMixer: ++init_mixer_input_port port index 0, size 512 frames
10-12 16:57:20.336  2753  6139 I amlaudioMixer: init_mixer_input_port(), port->initial_frames: 37990400
10-12 16:57:20.336  2753  6139 I aml_audio_port: get_input_port_index(), samplerate 48000
10-12 16:57:20.336  2753  6139 I audio-subMixingFactory: mixer_aux_buffer_write_sm(), primary 0xec74aa00 port index = 0
10-12 16:57:20.336  2753  6139 I audio-subMixingFactory: padding_bytes 16384
10-12 16:57:20.336  2753  6139 I amlaudioMixer: port index 0 is active now
10-12 16:57:20.336  2753  6139 I audio-subMixingFactory: padding_bytes 14336
10-12 16:57:20.336  2753  6139 I audio-subMixingFactory: padding_bytes 12288
10-12 16:57:20.336  2753  6139 I audio-subMixingFactory: padding_bytes 10240
10-12 16:57:20.336  2753  6139 I audio-subMixingFactory: padding_bytes 8192
10-12 16:57:20.336  2753  6139 I audio-subMixingFactory: padding_bytes 6144
10-12 16:57:20.340  2753  6139 I audio-subMixingFactory: padding_bytes 4096
10-12 16:57:20.343  2753  6139 I audio-subMixingFactory: padding_bytes 2048
10-12 16:57:20.350  8582  8582 W cr_SpanAutocomplete: Did not notify - ignored.
10-12 16:57:20.352  2753  6139 W amlaudioMixer: mixer_get_presentation_position(), not valid now
10-12 16:57:20.352  2753  6139 W audio-subMixingFactory: out_get_presentation_position_port(), pts not valid yet
10-12 16:57:20.354  8582  8582 W cr_Autocomplete: stopping autocomplete.
10-12 16:57:20.363  2753  6139 W amlaudioMixer: mixer_get_presentation_position(), not valid now
10-12 16:57:20.363  2753  6139 W audio-subMixingFactory: out_get_presentation_position_port(), pts not valid yet
10-12 16:57:20.371  8582  8582 W cr_SpanAutocomplete: Did not notify - no change.
10-12 16:57:20.377  2773  2923 D AudioFlinger: mixer(0xef603280) throttle end: throttle time(6)
10-12 16:57:20.561  8582  8582 W cr_SpanAutocomplete: Did not notify - ignored.
10-12 16:57:20.569  8582  8582 W cr_SpanAutocomplete: Did not notify - ignored.
10-12 16:57:21.216  3502  4762 W Icing   : isOptedInForAppHistory: empty Account Name encountered
10-12 16:57:21.229  3502  4762 W Icing   : isOptedInForAppHistory: empty Account Name encountered
10-12 16:57:21.233  3502  8840 W Icing   : isOptedInForAppHistory: empty Account Name encountered
10-12 16:57:21.355  8582  8582 I cr_tabmodel: Appending tabs being restored to metadata lists, 0, startingNormalCount: 1, startingIncognitoCount: 0
10-12 16:57:21.356  8582  8582 I cr_tabmodel: Serializing tab lists; counts: 1, 0
10-12 16:57:21.491  8582  8582 I cr_tabmodel: Appending tabs being restored to metadata lists, 0, startingNormalCount: 1, startingIncognitoCount: 0
10-12 16:57:21.491  8582  8582 I cr_tabmodel: Serializing tab lists; counts: 1, 0
10-12 16:57:21.728  2965  2982 I ActivityManager: Start proc 9986:com.android.chrome:sandboxed_process7/u0i15 for service com.android.chrome/org.chromium.content.app.SandboxedProcessService7
10-12 16:57:21.730  9986  9986 I Zygote  : seccomp disabled by setenforce 0
10-12 16:57:21.741  9986  9986 W dboxed_process: Using default instruction set features for ARM CPU variant (cortex-a9) using conservative defaults
10-12 16:57:21.785  9986  9986 I dboxed_process7: type=1400 audit(0.0:1903): avc: denied { getattr } for path="/data/data/com.android.chrome" dev="mmcblk0p16" ino=1310916 scontext=u:r:isolated_app:s0:c15,c256,c512,c768 tcontext=u:object_r:app_data_file:s0:c84,c256,c512,c768 tclass=dir permissive=1
10-12 16:57:21.805  9986  9986 I LoadedApk: No resource references to update in package com.android.chrome.autofill_assistant
10-12 16:57:21.806  9986  9986 I cr_ChildProcessService: Creating new ChildProcessService pid=9986
10-12 16:57:21.853  9986 10001 I cr_LibraryLoader: Loaded native library version number "86.0.4240.75"
10-12 16:57:21.853  9986 10001 I cr_CachingUmaRecorder: Flushed 1 samples from 1 histograms.
10-12 16:57:21.936  2763  2910 I [Gralloc]: framebuffer hal alread move to hwcomposer
10-12 16:57:21.933  2775  2775 I Binder:2775_1: type=1400 audit(0.0:1904): avc: denied { read } for name="gralloc.odroidn2.so" dev="mmcblk0p12" ino=705 scontext=u:r:surfaceflinger:s0 tcontext=u:object_r:vendor_file:s0 tclass=file permissive=1
10-12 16:57:21.937  2965  2965 I android.display: type=1400 audit(0.0:1907): avc: denied { read } for name="gralloc.odroidn2.so" dev="mmcblk0p12" ino=705 scontext=u:r:system_server:s0 tcontext=u:object_r:vendor_file:s0 tclass=file permissive=1
10-12 16:57:22.530  2965  3846 I ActivityManager: Killing 9986:com.android.chrome:sandboxed_process7/u0a84i15 (adj 0): isolated not needed
10-12 16:57:22.530  2965  2983 W libprocessgroup: kill(-9986, 9) failed: No such process
10-12 16:57:22.533  2965  3023 I MediaFocusControl: abandonAudioFocus() from uid/pid 10084/8582 clientId=android.media.AudioManager@90e5404org.chromium.content.browser.AudioFocusDelegate@e1bd3d4
10-12 16:57:22.547  2745  2745 I Zygote  : Process 9986 exited due to signal (9)
10-12 16:57:22.576  2965  2983 W libprocessgroup: kill(-9986, 9) failed: No such process
10-12 16:57:22.576  2965  2983 I libprocessgroup: Successfully killed process cgroup uid 99015 pid 9986 in 45ms
10-12 16:57:22.681  2775  2775 E SurfaceFlinger: [Sprite#0] rejecting buffer: bufWidth=28, bufHeight=36, front.active.{w=32, h=32}
10-12 16:57:22.779  8582  8582 I cr_tabmodel: Appending tabs being restored to metadata lists, 0, startingNormalCount: 1, startingIncognitoCount: 0
10-12 16:57:22.779  8582  8582 I cr_tabmodel: Serializing tab lists; counts: 1, 0
10-12 16:57:23.405  2753  2924 D audio-subMixingFactory: out_standby_subMixingPCM: out_stream(0xec74aa00) usecase: STREAM_PCM_NORMAL
10-12 16:57:23.405  2753  2924 I audio-subMixingFactory: ++usecase_change_validate_l_sm(), dev usecase masks = 0x1, is_standby = 1, out usecase STREAM_PCM_NORMAL
10-12 16:57:23.405  2753  2924 I audio-subMixingFactory: --usecase_change_validate_l_sm(), dev usecase masks = 0, is_standby = 1, out usecase STREAM_PCM_NORMAL
10-12 16:57:23.405  2753  2924 I amlaudioMixer: ++delete_mixer_input_port port ID: 0
10-12 16:57:23.405  2753  2917 E amlaudioMixer: mixer_do_mixing_16bit(), sys or direct pcm must exist!!!
10-12 16:57:24.770  3923  3923 D skia    : --- Failed to create image decoder with message 'unimplemented'
10-12 16:57:24.783  3923  3923 D skia    : --- Failed to create image decoder with message 'unimplemented'
10-12 16:57:24.777  3923  3923 I tutu.ABenchMark: type=1400 audit(0.0:1910): avc: denied { open } for path="/proc/stat" dev="proc" ino=4026531957 scontext=u:r:untrusted_app_27:s0:c512,c768 tcontext=u:object_r:proc_stat:s0 tclass=file permissive=1
10-12 16:57:26.411  2763  2910 I [Gralloc]: framebuffer hal alread move to hwcomposer
10-12 16:57:26.409  2775  2775 I Binder:2775_5: type=1400 audit(0.0:1915): avc: denied { read } for name="gralloc.odroidn2.so" dev="mmcblk0p12" ino=705 scontext=u:r:surfaceflinger:s0 tcontext=u:object_r:vendor_file:s0 tclass=file permissive=1
10-12 16:57:26.409  2775  2775 I Binder:2775_5: type=1400 audit(0.0:1916): avc: denied { open } for path="/vendor/lib/hw/gralloc.odroidn2.so" dev="mmcblk0p12" ino=705 scontext=u:r:surfaceflinger:s0 tcontext=u:object_r:vendor_file:s0 tclass=file permissive=1
10-12 16:57:27.270  2763  2910 I [Gralloc]: framebuffer hal alread move to hwcomposer
10-12 16:57:31.098  2763  2910 I chatty  : uid=1000(system) HwBinder:2763_1 identical 5 lines
10-12 16:57:31.436  2763  2910 I [Gralloc]: framebuffer hal alread move to hwcomposer
10-12 16:57:31.453  2775  2775 E SurfaceFlinger: [Sprite#0] rejecting buffer: bufWidth=32, bufHeight=32, front.active.{w=28, h=36}
10-12 16:57:31.458  2763  2910 I [Gralloc]: framebuffer hal alread move to hwcomposer
10-12 16:57:33.453  2965  2982 I ActivityManager: Start proc 10162:com.android.chrome:sandboxed_process8/u0i16 for service com.android.chrome/org.chromium.content.app.SandboxedProcessService8
10-12 16:57:32.148  2763  2910 I chatty  : uid=1000(system) HwBinder:2763_1 identical 3 lines
10-12 16:57:32.472  2763  2910 I [Gralloc]: framebuffer hal alread move to hwcomposer
10-12 16:57:33.455 10162 10162 I Zygote  : seccomp disabled by setenforce 0
10-12 16:57:33.458  2965  2977 D PackageManager: [85c2244c-d74b-4e67-ae24-637386ba3d69] Phase1; resolving
10-12 16:57:33.459  3502  4762 V PackageManager: [85c2244c-d74b-4e67-ae24-637386ba3d69] Phase1 called; posting
10-12 16:57:33.459 10162 10162 W dboxed_process: Using default instruction set features for ARM CPU variant (cortex-a9) using conservative defaults
10-12 16:57:33.459  3502  3502 D PackageManager: [85c2244c-d74b-4e67-ae24-637386ba3d69] Phase1 request; prefix: [-1243082752, -399695872, -215465984, -34541568, 98418688, 142766080, 344735744, 811495424, 1538670592, 1748799488, 1856704512, 1974521856]
10-12 16:57:33.465  2965  2977 D PackageManager: [85c2244c-d74b-4e67-ae24-637386ba3d69] Phase1; No results matched
10-12 16:57:33.512 10162 10162 I LoadedApk: No resource references to update in package com.android.chrome.autofill_assistant
10-12 16:57:33.514 10162 10162 I cr_ChildProcessService: Creating new ChildProcessService pid=10162
10-12 16:57:33.497 10162 10162 I dboxed_process8: type=1400 audit(0.0:1921): avc: denied { getattr } for path="/data/data/com.android.chrome" dev="mmcblk0p16" ino=1310916 scontext=u:r:isolated_app:s0:c16,c256,c512,c768 tcontext=u:object_r:app_data_file:s0:c84,c256,c512,c768 tclass=dir permissive=1
10-12 16:57:33.575 10162 10177 I cr_LibraryLoader: Loaded native library version number "86.0.4240.75"
10-12 16:57:33.575 10162 10177 I cr_CachingUmaRecorder: Flushed 1 samples from 1 histograms.
10-12 16:57:33.643  8582  8582 W cr_SpanAutocomplete: Did not notify - ignored.
10-12 16:57:34.324  3502  4762 W Icing   : isOptedInForAppHistory: empty Account Name encountered
10-12 16:57:34.339  3502  4762 W Icing   : isOptedInForAppHistory: empty Account Name encountered
10-12 16:57:34.351  3502  3878 W Icing   : isOptedInForAppHistory: empty Account Name encountered
10-12 16:57:34.796  3923  3923 D skia    : --- Failed to create image decoder with message 'unimplemented'
10-12 16:57:34.812  3923  3923 D skia    : --- Failed to create image decoder with message 'unimplemented'
10-12 16:57:34.805  3923  3923 I tutu.ABenchMark: type=1400 audit(0.0:1922): avc: denied { open } for path="/proc/stat" dev="proc" ino=4026531957 scontext=u:r:untrusted_app_27:s0:c512,c768 tcontext=u:object_r:proc_stat:s0 tclass=file permissive=1
10-12 16:57:34.809  3923  3923 I tutu.ABenchMark: type=1400 audit(0.0:1926): avc: denied { getattr } for path="/sys/devices/virtual/thermal/thermal_zone0/temp" dev="sysfs" ino=8951 scontext=u:r:untrusted_app_27:s0:c512,c768 tcontext=u:object_r:sysfs:s0 tclass=file permissive=1
10-12 16:57:35.453  8582  8582 I cr_tabmodel: Appending tabs being restored to metadata lists, 0, startingNormalCount: 1, startingIncognitoCount: 0
10-12 16:57:35.454  8582  8582 I cr_tabmodel: Serializing tab lists; counts: 1, 0
10-12 16:57:37.224  9285  9340 E com.instagram.reliability.instacrash.InstacrashSessionProvider: Unable to read session
10-12 16:57:37.224  9285  9340 E com.instagram.reliability.instacrash.InstacrashSessionProvider: java.io.FileNotFoundException: /data/user/0/com.instagram.android/ig_crash_log_session (No such file or directory)
10-12 16:57:37.224  9285  9340 E com.instagram.reliability.instacrash.InstacrashSessionProvider: 	at java.io.FileInputStream.open0(Native Method)
10-12 16:57:37.224  9285  9340 E com.instagram.reliability.instacrash.InstacrashSessionProvider: 	at java.io.FileInputStream.open(FileInputStream.java:231)
10-12 16:57:37.224  9285  9340 E com.instagram.reliability.instacrash.InstacrashSessionProvider: 	at java.io.FileInputStream.<init>(FileInputStream.java:165)
10-12 16:57:37.224  9285  9340 E com.instagram.reliability.instacrash.InstacrashSessionProvider: 	at java.io.FileReader.<init>(FileReader.java:72)
10-12 16:57:37.224  9285  9340 E com.instagram.reliability.instacrash.InstacrashSessionProvider: 	at com.instagram.reliability.instacrash.InstacrashSessionProvider.A00(:19)
