10-12 17:00:48.236  2753  6139 W audio-subMixingFactory: out_get_presentation_position_port(), pts not valid yet
10-12 17:00:48.247  2753  6139 W amlaudioMixer: mixer_get_presentation_position(), port not ready now
10-12 17:00:48.247  2753  6139 W audio-subMixingFactory: out_get_presentation_position_port(), pts not valid yet
10-12 17:00:48.117  2775  2775 I Binder:2775_1: type=1400 audit(0.0:2039): avc: denied { getattr } for path="/vendor/lib/hw/gralloc.odroidn2.so" dev="mmcblk0p12" ino=705 scontext=u:r:surfaceflinger:s0 tcontext=u:object_r:vendor_file:s0 tclass=file permissive=1
10-12 17:00:48.258  2753  6139 W amlaudioMixer: mixer_get_presentation_position(), port not ready now
10-12 17:00:48.258  2753  6139 W audio-subMixingFactory: out_get_presentation_position_port(), pts not valid yet
10-12 17:00:48.269  2753  6139 W amlaudioMixer: mixer_get_presentation_position(), port not ready now
10-12 17:00:48.269  2753  6139 W audio-subMixingFactory: out_get_presentation_position_port(), pts not valid yet
10-12 17:00:48.279  2753  6139 W amlaudioMixer: mixer_get_presentation_position(), port not ready now
10-12 17:00:48.279  2753  6139 W audio-subMixingFactory: out_get_presentation_position_port(), pts not valid yet
10-12 17:00:48.290  2753  6139 W amlaudioMixer: mixer_get_presentation_position(), port not ready now
10-12 17:00:48.290  2753  6139 W audio-subMixingFactory: out_get_presentation_position_port(), pts not valid yet
10-12 17:00:48.117  2965  2965 I android.display: type=1400 audit(0.0:2040): avc: denied { read } for name="gralloc.odroidn2.so" dev="mmcblk0p12" ino=705 scontext=u:r:system_server:s0 tcontext=u:object_r:vendor_file:s0 tclass=file permissive=1
10-12 17:00:48.301  2753  6139 W amlaudioMixer: mixer_get_presentation_position(), port not ready now
10-12 17:00:48.302  2753  6139 W audio-subMixingFactory: out_get_presentation_position_port(), pts not valid yet
10-12 17:00:48.313  2753  6139 W amlaudioMixer: mixer_get_presentation_position(), port not ready now
10-12 17:00:48.313  2753  6139 W audio-subMixingFactory: out_get_presentation_position_port(), pts not valid yet
10-12 17:00:48.324  2753  6139 W amlaudioMixer: mixer_get_presentation_position(), port not ready now
10-12 17:00:48.324  2753  6139 W audio-subMixingFactory: out_get_presentation_position_port(), pts not valid yet
10-12 17:00:48.335  2753  6139 W amlaudioMixer: mixer_get_presentation_position(), port not ready now
10-12 17:00:48.335  2753  6139 W audio-subMixingFactory: out_get_presentation_position_port(), pts not valid yet
10-12 17:00:48.117  2965  2965 I android.display: type=1400 audit(0.0:2041): avc: denied { open } for path="/vendor/lib/hw/gralloc.odroidn2.so" dev="mmcblk0p12" ino=705 scontext=u:r:system_server:s0 tcontext=u:object_r:vendor_file:s0 tclass=file permissive=1
10-12 17:00:48.345  2753  6139 W amlaudioMixer: mixer_get_presentation_position(), port not ready now
10-12 17:00:48.345  2753  6139 W audio-subMixingFactory: out_get_presentation_position_port(), pts not valid yet
10-12 17:00:48.356  2753  6139 W amlaudioMixer: mixer_get_presentation_position(), port not ready now
10-12 17:00:48.356  2753  6139 W audio-subMixingFactory: out_get_presentation_position_port(), pts not valid yet
10-12 17:00:48.367  2753  6139 W amlaudioMixer: mixer_get_presentation_position(), port not ready now
10-12 17:00:48.367  2753  6139 W audio-subMixingFactory: out_get_presentation_position_port(), pts not valid yet
10-12 17:00:48.378  2753  6139 W amlaudioMixer: mixer_get_presentation_position(), port not ready now
10-12 17:00:48.378  2753  6139 W audio-subMixingFactory: out_get_presentation_position_port(), pts not valid yet
10-12 17:00:48.389  2753  6139 W amlaudioMixer: mixer_get_presentation_position(), port not ready now
10-12 17:00:48.389  2753  6139 W audio-subMixingFactory: out_get_presentation_position_port(), pts not valid yet
10-12 17:00:48.400  2753  6139 W amlaudioMixer: mixer_get_presentation_position(), port not ready now
10-12 17:00:48.400  2753  6139 W audio-subMixingFactory: out_get_presentation_position_port(), pts not valid yet
10-12 17:00:48.411  2753  6139 W amlaudioMixer: mixer_get_presentation_position(), port not ready now
10-12 17:00:48.411  2753  6139 W audio-subMixingFactory: out_get_presentation_position_port(), pts not valid yet
10-12 17:00:48.422  2753  6139 W amlaudioMixer: mixer_get_presentation_position(), port not ready now
10-12 17:00:48.422  2753  6139 W audio-subMixingFactory: out_get_presentation_position_port(), pts not valid yet
10-12 17:00:48.432  2753  6139 W amlaudioMixer: mixer_get_presentation_position(), port not ready now
10-12 17:00:48.432  2753  6139 W audio-subMixingFactory: out_get_presentation_position_port(), pts not valid yet
10-12 17:00:48.443  2753  6139 W amlaudioMixer: mixer_get_presentation_position(), port not ready now
10-12 17:00:48.443  2753  6139 W audio-subMixingFactory: out_get_presentation_position_port(), pts not valid yet
10-12 17:00:48.454  2753  6139 W amlaudioMixer: mixer_get_presentation_position(), port not ready now
10-12 17:00:48.454  2753  6139 W audio-subMixingFactory: out_get_presentation_position_port(), pts not valid yet
10-12 17:00:48.455  2763  2910 I [Gralloc]: framebuffer hal alread move to hwcomposer
10-12 17:00:48.465  2753  6139 W amlaudioMixer: mixer_get_presentation_position(), port not ready now
10-12 17:00:48.465  2753  6139 W audio-subMixingFactory: out_get_presentation_position_port(), pts not valid yet
10-12 17:00:48.476  2753  6139 W amlaudioMixer: mixer_get_presentation_position(), port not ready now
10-12 17:00:48.476  2753  6139 W audio-subMixingFactory: out_get_presentation_position_port(), pts not valid yet
10-12 17:00:48.486  2753  6139 W amlaudioMixer: mixer_get_presentation_position(), port not ready now
10-12 17:00:48.486  2753  6139 W audio-subMixingFactory: out_get_presentation_position_port(), pts not valid yet
10-12 17:00:48.497  2753  6139 W amlaudioMixer: mixer_get_presentation_position(), port not ready now
10-12 17:00:48.497  2753  6139 W audio-subMixingFactory: out_get_presentation_position_port(), pts not valid yet
10-12 17:00:48.508  2753  6139 W amlaudioMixer: mixer_get_presentation_position(), port not ready now
10-12 17:00:48.508  2753  6139 W audio-subMixingFactory: out_get_presentation_position_port(), pts not valid yet
10-12 17:00:48.519  2753  6139 W amlaudioMixer: mixer_get_presentation_position(), port not ready now
10-12 17:00:48.519  2753  6139 W audio-subMixingFactory: out_get_presentation_position_port(), pts not valid yet
10-12 17:00:48.529  2753  6139 W amlaudioMixer: mixer_get_presentation_position(), port not ready now
10-12 17:00:48.530  2753  6139 W audio-subMixingFactory: out_get_presentation_position_port(), pts not valid yet
10-12 17:00:48.540  2753  6139 W amlaudioMixer: mixer_get_presentation_position(), port not ready now
10-12 17:00:48.540  2753  6139 W audio-subMixingFactory: out_get_presentation_position_port(), pts not valid yet
10-12 17:00:48.551  2753  6139 W amlaudioMixer: mixer_get_presentation_position(), port not ready now
10-12 17:00:48.551  2753  6139 W audio-subMixingFactory: out_get_presentation_position_port(), pts not valid yet
10-12 17:00:48.562  2753  6139 W amlaudioMixer: mixer_get_presentation_position(), port not ready now
10-12 17:00:48.562  2753  6139 W audio-subMixingFactory: out_get_presentation_position_port(), pts not valid yet
10-12 17:00:48.572  2753  6139 W amlaudioMixer: mixer_get_presentation_position(), port not ready now
10-12 17:00:48.573  2753  6139 W audio-subMixingFactory: out_get_presentation_position_port(), pts not valid yet
10-12 17:00:48.583  2753  6139 W amlaudioMixer: mixer_get_presentation_position(), port not ready now
10-12 17:00:48.583  2753  6139 W audio-subMixingFactory: out_get_presentation_position_port(), pts not valid yet
10-12 17:00:48.594  2753  6139 W amlaudioMixer: mixer_get_presentation_position(), port not ready now
10-12 17:00:48.594  2753  6139 W audio-subMixingFactory: out_get_presentation_position_port(), pts not valid yet
10-12 17:00:48.605  2753  6139 W amlaudioMixer: mixer_get_presentation_position(), port not ready now
10-12 17:00:48.605  2753  6139 W audio-subMixingFactory: out_get_presentation_position_port(), pts not valid yet
10-12 17:00:48.616  2753  6139 W amlaudioMixer: mixer_get_presentation_position(), port not ready now
10-12 17:00:48.616  2753  6139 W audio-subMixingFactory: out_get_presentation_position_port(), pts not valid yet
10-12 17:00:48.627  2753  6139 W amlaudioMixer: mixer_get_presentation_position(), port not ready now
10-12 17:00:48.627  2753  6139 W audio-subMixingFactory: out_get_presentation_position_port(), pts not valid yet
10-12 17:00:48.638  2753  6139 W amlaudioMixer: mixer_get_presentation_position(), port not ready now
10-12 17:00:48.638  2753  6139 W audio-subMixingFactory: out_get_presentation_position_port(), pts not valid yet
10-12 17:00:48.648  2753  6139 W amlaudioMixer: mixer_get_presentation_position(), port not ready now
10-12 17:00:48.648  2753  6139 W audio-subMixingFactory: out_get_presentation_position_port(), pts not valid yet
10-12 17:00:48.659  2753  6139 W amlaudioMixer: mixer_get_presentation_position(), port not ready now
10-12 17:00:48.659  2753  6139 W audio-subMixingFactory: out_get_presentation_position_port(), pts not valid yet
10-12 17:00:48.670  2753  6139 W amlaudioMixer: mixer_get_presentation_position(), port not ready now
10-12 17:00:48.670  2753  6139 W audio-subMixingFactory: out_get_presentation_position_port(), pts not valid yet
10-12 17:00:48.681  2753  6139 W amlaudioMixer: mixer_get_presentation_position(), port not ready now
10-12 17:00:48.681  2753  6139 W audio-subMixingFactory: out_get_presentation_position_port(), pts not valid yet
10-12 17:00:48.692  2753  6139 W amlaudioMixer: mixer_get_presentation_position(), port not ready now
10-12 17:00:48.692  2753  6139 W audio-subMixingFactory: out_get_presentation_position_port(), pts not valid yet
10-12 17:00:48.702  2753  6139 W amlaudioMixer: mixer_get_presentation_position(), port not ready now
10-12 17:00:48.702  2753  6139 W audio-subMixingFactory: out_get_presentation_position_port(), pts not valid yet
10-12 17:00:48.713  2753  6139 W amlaudioMixer: mixer_get_presentation_position(), port not ready now
10-12 17:00:48.713  2753  6139 W audio-subMixingFactory: out_get_presentation_position_port(), pts not valid yet
10-12 17:00:48.724  2753  6139 W amlaudioMixer: mixer_get_presentation_position(), port not ready now
10-12 17:00:48.724  2753  6139 W audio-subMixingFactory: out_get_presentation_position_port(), pts not valid yet
10-12 17:00:48.735  2753  6139 W amlaudioMixer: mixer_get_presentation_position(), port not ready now
10-12 17:00:48.735  2753  6139 W audio-subMixingFactory: out_get_presentation_position_port(), pts not valid yet
10-12 17:00:48.745  2753  6139 W amlaudioMixer: mixer_get_presentation_position(), port not ready now
10-12 17:00:48.745  2753  6139 W audio-subMixingFactory: out_get_presentation_position_port(), pts not valid yet
10-12 17:00:48.756  2753  6139 W amlaudioMixer: mixer_get_presentation_position(), port not ready now
10-12 17:00:48.756  2753  6139 W audio-subMixingFactory: out_get_presentation_position_port(), pts not valid yet
10-12 17:00:48.767  2753  6139 W amlaudioMixer: mixer_get_presentation_position(), port not ready now
10-12 17:00:48.767  2753  6139 W audio-subMixingFactory: out_get_presentation_position_port(), pts not valid yet
10-12 17:00:48.778  2753  6139 W amlaudioMixer: mixer_get_presentation_position(), port not ready now
10-12 17:00:48.778  2753  6139 W audio-subMixingFactory: out_get_presentation_position_port(), pts not valid yet
10-12 17:00:48.788  2753  6139 W amlaudioMixer: mixer_get_presentation_position(), port not ready now
10-12 17:00:48.788  2753  6139 W audio-subMixingFactory: out_get_presentation_position_port(), pts not valid yet
10-12 17:00:48.799  2753  6139 W amlaudioMixer: mixer_get_presentation_position(), port not ready now
10-12 17:00:48.799  2753  6139 W audio-subMixingFactory: out_get_presentation_position_port(), pts not valid yet
10-12 17:00:48.810  2753  6139 W amlaudioMixer: mixer_get_presentation_position(), port not ready now
10-12 17:00:48.810  2753  6139 W audio-subMixingFactory: out_get_presentation_position_port(), pts not valid yet
10-12 17:00:48.821  2753  6139 W amlaudioMixer: mixer_get_presentation_position(), port not ready now
10-12 17:00:48.821  2753  6139 W audio-subMixingFactory: out_get_presentation_position_port(), pts not valid yet
10-12 17:00:48.831  2753  6139 W amlaudioMixer: mixer_get_presentation_position(), port not ready now
10-12 17:00:48.831  2753  6139 W audio-subMixingFactory: out_get_presentation_position_port(), pts not valid yet
10-12 17:00:48.842  2753  6139 W amlaudioMixer: mixer_get_presentation_position(), port not ready now
10-12 17:00:48.842  2753  6139 W audio-subMixingFactory: out_get_presentation_position_port(), pts not valid yet
10-12 17:00:48.853  2753  6139 W amlaudioMixer: mixer_get_presentation_position(), port not ready now
10-12 17:00:48.853  2753  6139 W audio-subMixingFactory: out_get_presentation_position_port(), pts not valid yet
10-12 17:00:48.864  2753  6139 W amlaudioMixer: mixer_get_presentation_position(), port not ready now
10-12 17:00:48.864  2753  6139 W audio-subMixingFactory: out_get_presentation_position_port(), pts not valid yet
10-12 17:00:48.875  2753  6139 W amlaudioMixer: mixer_get_presentation_position(), port not ready now
10-12 17:00:48.875  2753  6139 W audio-subMixingFactory: out_get_presentation_position_port(), pts not valid yet
10-12 17:00:48.885  2753  6139 W amlaudioMixer: mixer_get_presentation_position(), port not ready now
10-12 17:00:48.885  2753  6139 W audio-subMixingFactory: out_get_presentation_position_port(), pts not valid yet
10-12 17:00:48.896  2753  6139 W amlaudioMixer: mixer_get_presentation_position(), port not ready now
10-12 17:00:48.896  2753  6139 W audio-subMixingFactory: out_get_presentation_position_port(), pts not valid yet
10-12 17:00:48.907  2753  6139 W amlaudioMixer: mixer_get_presentation_position(), port not ready now
10-12 17:00:48.907  2753  6139 W audio-subMixingFactory: out_get_presentation_position_port(), pts not valid yet
10-12 17:00:48.918  2753  6139 W amlaudioMixer: mixer_get_presentation_position(), port not ready now
10-12 17:00:48.918  2753  6139 W audio-subMixingFactory: out_get_presentation_position_port(), pts not valid yet
10-12 17:00:48.929  2753  6139 W amlaudioMixer: mixer_get_presentation_position(), port not ready now
10-12 17:00:48.929  2753  6139 W audio-subMixingFactory: out_get_presentation_position_port(), pts not valid yet
10-12 17:00:48.939  2753  6139 W amlaudioMixer: mixer_get_presentation_position(), port not ready now
10-12 17:00:48.940  2753  6139 W audio-subMixingFactory: out_get_presentation_position_port(), pts not valid yet
10-12 17:00:48.950  2753  6139 W amlaudioMixer: mixer_get_presentation_position(), port not ready now
10-12 17:00:48.950  2753  6139 W audio-subMixingFactory: out_get_presentation_position_port(), pts not valid yet
10-12 17:00:48.961  2753  6139 W amlaudioMixer: mixer_get_presentation_position(), port not ready now
10-12 17:00:48.961  2753  6139 W audio-subMixingFactory: out_get_presentation_position_port(), pts not valid yet
10-12 17:00:48.972  2753  6139 W amlaudioMixer: mixer_get_presentation_position(), port not ready now
10-12 17:00:48.972  2753  6139 W audio-subMixingFactory: out_get_presentation_position_port(), pts not valid yet
10-12 17:00:48.982  2753  6139 W amlaudioMixer: mixer_get_presentation_position(), port not ready now
10-12 17:00:48.983  2753  6139 W audio-subMixingFactory: out_get_presentation_position_port(), pts not valid yet
10-12 17:00:48.993  2753  6139 W amlaudioMixer: mixer_get_presentation_position(), port not ready now
10-12 17:00:48.993  2753  6139 W audio-subMixingFactory: out_get_presentation_position_port(), pts not valid yet
10-12 17:00:49.004  2753  6139 W amlaudioMixer: mixer_get_presentation_position(), port not ready now
10-12 17:00:49.004  2753  6139 W audio-subMixingFactory: out_get_presentation_position_port(), pts not valid yet
10-12 17:00:49.015  2753  6139 W amlaudioMixer: mixer_get_presentation_position(), port not ready now
10-12 17:00:49.015  2753  6139 W audio-subMixingFactory: out_get_presentation_position_port(), pts not valid yet
10-12 17:00:49.026  2753  6139 W amlaudioMixer: mixer_get_presentation_position(), port not ready now
10-12 17:00:49.026  2753  6139 W audio-subMixingFactory: out_get_presentation_position_port(), pts not valid yet
10-12 17:00:49.036  2753  6139 W amlaudioMixer: mixer_get_presentation_position(), port not ready now
10-12 17:00:49.036  2753  6139 W audio-subMixingFactory: out_get_presentation_position_port(), pts not valid yet
10-12 17:00:49.047  2753  6139 W amlaudioMixer: mixer_get_presentation_position(), port not ready now
10-12 17:00:49.047  2753  6139 W audio-subMixingFactory: out_get_presentation_position_port(), pts not valid yet
10-12 17:00:49.058  2753  6139 W amlaudioMixer: mixer_get_presentation_position(), port not ready now
10-12 17:00:49.058  2753  6139 W audio-subMixingFactory: out_get_presentation_position_port(), pts not valid yet
10-12 17:00:49.069  2753  6139 W amlaudioMixer: mixer_get_presentation_position(), port not ready now
10-12 17:00:49.069  2753  6139 W audio-subMixingFactory: out_get_presentation_position_port(), pts not valid yet
10-12 17:00:49.079  2753  6139 W amlaudioMixer: mixer_get_presentation_position(), port not ready now
10-12 17:00:49.079  2753  6139 W audio-subMixingFactory: out_get_presentation_position_port(), pts not valid yet
10-12 17:00:49.090  2753  6139 W amlaudioMixer: mixer_get_presentation_position(), port not ready now
10-12 17:00:49.090  2753  6139 W audio-subMixingFactory: out_get_presentation_position_port(), pts not valid yet
10-12 17:00:49.101  2753  6139 W amlaudioMixer: mixer_get_presentation_position(), port not ready now
10-12 17:00:49.101  2753  6139 W audio-subMixingFactory: out_get_presentation_position_port(), pts not valid yet
10-12 17:00:49.112  2753  6139 W amlaudioMixer: mixer_get_presentation_position(), port not ready now
10-12 17:00:49.112  2753  6139 W audio-subMixingFactory: out_get_presentation_position_port(), pts not valid yet
10-12 17:00:49.122  2753  6139 W amlaudioMixer: mixer_get_presentation_position(), port not ready now
10-12 17:00:49.122  2753  6139 W audio-subMixingFactory: out_get_presentation_position_port(), pts not valid yet
10-12 17:00:49.133  2753  6139 W amlaudioMixer: mixer_get_presentation_position(), port not ready now
10-12 17:00:49.133  2753  6139 W audio-subMixingFactory: out_get_presentation_position_port(), pts not valid yet
10-12 17:00:49.144  2753  6139 W amlaudioMixer: mixer_get_presentation_position(), port not ready now
10-12 17:00:49.144  2753  6139 W audio-subMixingFactory: out_get_presentation_position_port(), pts not valid yet
10-12 17:00:49.155  2753  6139 W amlaudioMixer: mixer_get_presentation_position(), port not ready now
10-12 17:00:49.155  2753  6139 W audio-subMixingFactory: out_get_presentation_position_port(), pts not valid yet
10-12 17:00:49.165  2753  6139 W amlaudioMixer: mixer_get_presentation_position(), port not ready now
10-12 17:00:49.165  2753  6139 W audio-subMixingFactory: out_get_presentation_position_port(), pts not valid yet
10-12 17:00:54.203  2798  2829 E storaged: getDiskStats failed with result NOT_SUPPORTED and size 0
10-12 17:00:55.357  3923  3923 D skia    : --- Failed to create image decoder with message 'unimplemented'
10-12 17:00:55.372  3923  3923 D skia    : --- Failed to create image decoder with message 'unimplemented'
10-12 17:00:58.971  2763  2910 I [Gralloc]: framebuffer hal alread move to hwcomposer
10-12 17:00:58.988  2775  2775 E SurfaceFlinger: [Sprite#0] rejecting buffer: bufWidth=32, bufHeight=32, front.active.{w=28, h=36}
10-12 17:00:58.988  2763  2910 I [Gralloc]: framebuffer hal alread move to hwcomposer
10-12 17:00:59.903  8582  8582 W cr_SpanAutocomplete: Did not notify - ignored.
10-12 17:00:59.912  3103  3103 I LatinIME: Starting input. Cursor position = 0,0
10-12 17:00:59.915  8582  8582 W cr_SpanAutocomplete: Did not notify - ignored.
10-12 17:00:59.965  8582  8582 W cr_SpanAutocomplete: Did not notify - no change.
10-12 17:00:59.985  8582  8582 W IInputConnectionWrapper: getSelectedText on inactive InputConnection
10-12 17:01:00.001  8582  8582 W IInputConnectionWrapper: requestCursorAnchorInfo on inactive InputConnection
10-12 17:01:00.006  8582  8582 W IInputConnectionWrapper: getTextBeforeCursor on inactive InputConnection
10-12 17:01:00.006  3103  3103 E RichInputConnection: Unable to connect to the editor to retrieve text.
10-12 17:01:00.006  3103  3103 D RichInputConnection: Will try to retrieve text later.
10-12 17:01:00.021  8582  8582 W IInputConnectionWrapper: getTextBeforeCursor on inactive InputConnection
10-12 17:01:00.022  3103  3103 E RichInputConnection: Unable to connect to the editor to retrieve text.
10-12 17:01:00.022  3103  3103 W RichInputConnection: Unable to connect to the editor. Setting caps mode without knowing text.
10-12 17:01:00.038  3103  3103 I LatinIME: Starting input. Cursor position = 0,52
10-12 17:01:00.054  8582  8582 W cr_SpanAutocomplete: Did not notify - no change.
10-12 17:01:00.056  2763  2910 I [Gralloc]: framebuffer hal alread move to hwcomposer
10-12 17:01:00.068  2763  2910 I [Gralloc]: framebuffer hal alread move to hwcomposer
10-12 17:01:00.073  8582  8582 W cr_SpanAutocomplete: Did not notify - no change.
10-12 17:01:00.053  3123  3123 I RenderThread: type=1400 audit(0.0:2043): avc: denied { read } for name="gralloc.odroidn2.so" dev="mmcblk0p12" ino=705 scontext=u:r:platform_app:s0:c512,c768 tcontext=u:object_r:vendor_file:s0 tclass=file permissive=1
10-12 17:01:00.101  8582  8582 W cr_SpanAutocomplete: Did not notify - no change.
10-12 17:01:00.126  8582  8582 I chatty  : uid=10084(com.android.chrome) identical 2 lines
10-12 17:01:00.140  8582  8582 W cr_SpanAutocomplete: Did not notify - no change.
10-12 17:01:00.053  3123  3123 I RenderThread: type=1400 audit(0.0:2044): avc: denied { open } for path="/vendor/lib/hw/gralloc.odroidn2.so" dev="mmcblk0p12" ino=705 scontext=u:r:platform_app:s0:c512,c768 tcontext=u:object_r:vendor_file:s0 tclass=file permissive=1
10-12 17:01:00.152  2763  2910 I [Gralloc]: framebuffer hal alread move to hwcomposer
10-12 17:01:00.152  2763  2910 E gralloc : ioctl c0144900 failed with code -1: Operation not permitted
10-12 17:01:00.153  2763  2910 I [Gralloc]: framebuffer hal alread move to hwcomposer
10-12 17:01:00.153  2763  2910 E gralloc : ioctl c0144900 failed with code -1: Operation not permitted
10-12 17:01:00.154  2763  2910 I [Gralloc]: framebuffer hal alread move to hwcomposer
10-12 17:01:00.154  2763  2910 E gralloc : ioctl c0144900 failed with code -1: Operation not permitted
10-12 17:01:00.157  3103  6374 D mali_winsys: EGLint new_window_surface(egl_winsys_display *, void *, EGLSurface, EGLConfig, egl_winsys_surface **, EGLBoolean) returns 0x3000
10-12 17:01:00.175  2763  2910 I [Gralloc]: framebuffer hal alread move to hwcomposer
10-12 17:01:00.176  8582  8582 W cr_SpanAutocomplete: Did not notify - no change.
10-12 17:01:00.176  8582  8582 W cr_SpanAutocomplete: Did not notify - no change.
10-12 17:01:00.182  2763  2910 I [Gralloc]: framebuffer hal alread move to hwcomposer
10-12 17:01:00.204  8582  8582 W cr_SpanAutocomplete: Did not notify - no change.
10-12 17:01:00.053  3123  3123 I RenderThread: type=1400 audit(0.0:2045): avc: denied { getattr } for path="/vendor/lib/hw/gralloc.odroidn2.so" dev="mmcblk0p12" ino=705 scontext=u:r:platform_app:s0:c512,c768 tcontext=u:object_r:vendor_file:s0 tclass=file permissive=1
10-12 17:01:00.212  2775  3039 E BufferQueueProducer: [InputMethod#0] disconnect: not connected (req=1)
10-12 17:01:00.212  3103  6374 W libEGL  : EGLNativeWindowType 0xcf912808 disconnect failed
10-12 17:01:01.617  3923  3923 I tutu.ABenchMark: type=1400 audit(0.0:2046): avc: denied { open } for path="/proc/vmstat" dev="proc" ino=4026531993 scontext=u:r:untrusted_app_27:s0:c512,c768 tcontext=u:object_r:proc_vmstat:s0 tclass=file permissive=1
10-12 17:01:02.273  2763  2910 I [Gralloc]: framebuffer hal alread move to hwcomposer
10-12 17:01:04.660  2763  2910 I chatty  : uid=1000(system) HwBinder:2763_1 identical 4 lines
10-12 17:01:05.033  2763  2910 I [Gralloc]: framebuffer hal alread move to hwcomposer
10-12 17:01:05.377  3923  3923 D skia    : --- Failed to create image decoder with message 'unimplemented'
10-12 17:01:05.392  2763  2910 I [Gralloc]: framebuffer hal alread move to hwcomposer
10-12 17:01:05.411  3923  3923 D skia    : --- Failed to create image decoder with message 'unimplemented'
10-12 17:01:05.401  3923  3923 I tutu.ABenchMark: type=1400 audit(0.0:2048): avc: denied { open } for path="/proc/stat" dev="proc" ino=4026531957 scontext=u:r:untrusted_app_27:s0:c512,c768 tcontext=u:object_r:proc_stat:s0 tclass=file permissive=1
10-12 17:01:05.405  3923  3923 I tutu.ABenchMark: type=1400 audit(0.0:2050): avc: denied { read } for name="temp" dev="sysfs" ino=8951 scontext=u:r:untrusted_app_27:s0:c512,c768 tcontext=u:object_r:sysfs:s0 tclass=file permissive=1
10-12 17:01:05.630  2763  2910 I [Gralloc]: framebuffer hal alread move to hwcomposer
10-12 17:01:05.643  2775  2775 E SurfaceFlinger: [Sprite#0] rejecting buffer: bufWidth=28, bufHeight=36, front.active.{w=32, h=32}
10-12 17:01:05.645  2763  2910 I [Gralloc]: framebuffer hal alread move to hwcomposer
10-12 17:01:05.652  8582  8582 W cr_SpanAutocomplete: Did not notify - no change.
10-12 17:01:05.652  2753  6139 W amlaudioMixer: mixer_get_presentation_position(), port not ready now
10-12 17:01:05.652  2753  6139 W audio-subMixingFactory: out_get_presentation_position_port(), pts not valid yet
10-12 17:01:05.653  2753  6139 I audio-subMixingFactory: ++usecase_change_validate_l_sm: dev usecase masks = 0, out usecase_masks = 0, out usecase STREAM_PCM_NORMAL
10-12 17:01:05.653  2753  6139 I audio-subMixingFactory: ++++usecase_change_validate_l_sm(),continuous_audio_mode 0 dev usecase masks = 0, out usecase_masks = 0, out usecase STREAM_PCM_NORMAL
10-12 17:01:05.653  2753  6139 I audio-subMixingFactory: usecase_change_validate_l_sm(), mixer_aux_buffer_write_sm !
10-12 17:01:05.653  2753  6139 I audio-subMixingFactory: ----usecase_change_validate_l_sm(), continuous_audio_mode 0 dev usecase masks = 0x1, out usecase_masks = 0x1, out usecase STREAM_PCM_NORMAL
10-12 17:01:05.653  2753  6139 I aml_audio_port: get_input_port_index(), samplerate 48000
10-12 17:01:05.653  2753  6139 D aml_audio_port: new_input_port(), index:0, rbuf size:8192, direct_on:0
10-12 17:01:05.653  2753  6139 D aml_audio_port: new_input_port(), fmt 0x1, rate 48000
10-12 17:01:05.653  2753  6139 I amlaudioMixer: ++init_mixer_input_port port index 0, size 512 frames
10-12 17:01:05.653  2753  6139 I amlaudioMixer: init_mixer_input_port(), port->initial_frames: 38732800
10-12 17:01:05.653  2753  6139 I aml_audio_port: get_input_port_index(), samplerate 48000
10-12 17:01:05.653  2753  6139 I audio-subMixingFactory: mixer_aux_buffer_write_sm(), primary 0xec74aa00 port index = 0
10-12 17:01:05.653  2753  6139 I audio-subMixingFactory: padding_bytes 16384
10-12 17:01:05.653  2753  6139 I amlaudioMixer: port index 0 is active now
10-12 17:01:05.653  2753  6139 I audio-subMixingFactory: padding_bytes 14336
10-12 17:01:05.653  2753  6139 I audio-subMixingFactory: padding_bytes 12288
10-12 17:01:05.653  2753  6139 I audio-subMixingFactory: padding_bytes 10240
10-12 17:01:05.653  2753  6139 I audio-subMixingFactory: padding_bytes 8192
10-12 17:01:05.653  2753  6139 I audio-subMixingFactory: padding_bytes 6144
10-12 17:01:05.654  8582  8582 W cr_SpanAutocomplete: Did not notify - ignored.
10-12 17:01:05.657  2753  6139 I audio-subMixingFactory: padding_bytes 4096
10-12 17:01:05.657  2753  6139 I audio-subMixingFactory: padding_bytes 2048
10-12 17:01:05.658  8582  8582 W cr_Autocomplete: stopping autocomplete.
10-12 17:01:05.667  2753  6139 W amlaudioMixer: mixer_get_presentation_position(), not valid now
10-12 17:01:05.667  2753  6139 W audio-subMixingFactory: out_get_presentation_position_port(), pts not valid yet
10-12 17:01:05.678  2753  6139 W amlaudioMixer: mixer_get_presentation_position(), not valid now
10-12 17:01:05.678  2753  6139 W audio-subMixingFactory: out_get_presentation_position_port(), pts not valid yet
10-12 17:01:05.692  2773  2923 D AudioFlinger: mixer(0xef603280) throttle end: throttle time(7)
10-12 17:01:05.698  8582  8582 I FeedAppLifecycleLstnr: initialize called
10-12 17:01:05.699  8582  8582 I FeedSessionManagerImpl: onLifecycleEvent initialize
10-12 17:01:05.700  8582  8702 I TaskQueue: Execute task [IMMEDIATE - d: true, b: 0]: 30
10-12 17:01:05.715  8582  8582 I TimeoutSessionImpl: Using TimeoutSessionImpl
10-12 17:01:05.715  8582  8582 I FeedSessionManagerImpl: Delaying populateSession until initialization is finished
10-12 17:01:05.715  8582  8582 I TaskQueue:  - task [IMMEDIATE - d: true, b: 0]: 13
10-12 17:01:05.716  8582  8582 I MainThreadRunner: Running task [BasicStream onShow] on the Main Thread with a delay of 500 milliseconds
10-12 17:01:05.717  8582  8582 I BasicStream: Setting 2 header views, currently have 0 headers
10-12 17:01:05.722  3502  3516 I FontLog : Received query Google Sans:500, URI content://com.google.android.gms.fonts [CONTEXT service_id=132 ]
10-12 17:01:05.723  3502  3516 I FontLog : Query [Google Sans:500] resolved to {Google Sans, wdth 100.0, wght 500, ital 0.0, bestEffort false} [CONTEXT service_id=132 ]
10-12 17:01:05.726  3502  3516 I FontLog : Font PFD returned from cache for {Google Sans, wdth 100.0, wght 500, ital 0.0, bestEffort false} [CONTEXT service_id=132 ]
10-12 17:01:05.726  3502  3516 I FontLog : Fetch {Google Sans, wdth 100.0, wght 500, ital 0.0, bestEffort false} end status Status{statusCode=SUCCESS, resolution=null} [CONTEXT service_id=132 ]
10-12 17:01:05.730  8582  8582 I BasicStream: Setting 3 header views, currently have 2 headers
10-12 17:01:05.735  3502  6345 I FontLog : Pulling font file for id = 5, cache size = 5 [CONTEXT service_id=132 ]
10-12 17:01:05.756  8582  8582 I BasicStream: Setting 3 header views, currently have 3 headers
10-12 17:01:05.769  8582  8702 I HeadSessionImpl: Initialize HEAD 6 items
10-12 17:01:05.770  8582  8702 I SessionCache: Updating $HEAD state, lastAdded 10-11 22:09:35.798
10-12 17:01:05.771  8582  8702 I TaskQueue:  - task [BACKGROUND - d: true, b: 1]: 11
10-12 17:01:05.771  8582  8702 I TimingUtils: Task Timing  70ms, thread JardinExecutor | task : Initialization
10-12 17:01:05.772  8582  8702 I TaskQueue:  - Finished 30, time 72 ms
10-12 17:01:05.772  8582  8702 I TaskQueue: Execute task [IMMEDIATE - d: false, b: 1]: 13
10-12 17:01:05.772  8582  8702 I FeedSessionManagerImpl: shouldSessionRequestData; hasContent(true), contentCreationTime(1602421775798), outstandingRequest(false)
10-12 17:01:05.773  8582  8702 I MainThreadRunner: Running task [SchedulerApiWrapper shouldSessionRequestData] on the Main Thread
10-12 17:01:05.836  8582  8582 W cr_SpanAutocomplete: Did not notify - ignored.
10-12 17:01:05.858  2965  2982 I ActivityManager: Start proc 12883:com.android.chrome:sandboxed_process13/u0i21 for service com.android.chrome/org.chromium.content.app.SandboxedProcessService13
10-12 17:01:05.863 12883 12883 I Zygote  : seccomp disabled by setenforce 0
10-12 17:01:05.873 12883 12883 W boxed_process1: Using default instruction set features for ARM CPU variant (cortex-a9) using conservative defaults
10-12 17:01:05.901  2965  2982 I ActivityManager: Start proc 12899:com.android.chrome:sandboxed_process14/u0i22 for service com.android.chrome/org.chromium.content.app.SandboxedProcessService14
10-12 17:01:05.902 12899 12899 I Zygote  : seccomp disabled by setenforce 0
10-12 17:01:05.906 12899 12899 W boxed_process1: Using default instruction set features for ARM CPU variant (cortex-a9) using conservative defaults
10-12 17:01:05.934  8582  8582 W StaticLayout: maxLineHeight should not be -1.  maxLines:1 lineCount:1
10-12 17:01:05.936  8582  8582 I chatty  : uid=10084(com.android.chrome) identical 2 lines
10-12 17:01:05.937  8582  8582 W StaticLayout: maxLineHeight should not be -1.  maxLines:1 lineCount:1
10-12 17:01:05.957 12883 12883 I LoadedApk: No resource references to update in package com.android.chrome.autofill_assistant
10-12 17:01:05.959 12883 12883 I cr_ChildProcessService: Creating new ChildProcessService pid=12883
10-12 17:01:05.970  8582  8702 I FeedSessionManagerImpl: shouldSessionRequestDataResult: REQUEST_WITH_CONTENT, shouldMakeRequest(true), withTimeout(false), withAppend(true)
10-12 17:01:05.971  8582  8702 I TaskQueue:  - task [IMMEDIATE - d: false, b: 1]: 24
10-12 17:01:05.971  8582  8702 I TaskQueue:  - task [HEAD_INVALIDATE - d: false, b: 2]: 28
10-12 17:01:05.971  8582  8702 I TaskQueue:  - Finished 13, time 199 ms
10-12 17:01:05.972  8582  8702 I TaskQueue: Execute task [IMMEDIATE - d: false, b: 2]: 24
10-12 17:01:05.984  8582  8702 I TimeoutSessionImpl: TimeoutSession.populateModelProvider, shouldAppend true
10-12 17:01:05.984  8582  8702 I SessionImpl: PopulateModelProvider 6 items
10-12 17:01:05.984  8582  8702 I FeedModelProvider: FeedModelProvider - committer, structure changes 5, update changes 0
10-12 17:01:05.985  8582  8702 I FeedModelProvider: SyntheticTokenTracker: 0, 2, 2, false
10-12 17:01:05.988 12899 12899 I LoadedApk: No resource references to update in package com.android.chrome.autofill_assistant
10-12 17:01:05.989  3612  3629 I PeopleChimeraService: onService. callbacks = aakw@45d255f, request = com.google.android.gms.common.internal.GetServiceRequest@3860bac
10-12 17:01:05.990 12899 12899 I cr_ChildProcessService: Creating new ChildProcessService pid=12899
10-12 17:01:06.007  8582  8702 I FeedSessionManagerImpl: getStreamFeatures; requestedItems(5), result(5)
10-12 17:01:06.007 12883 12883 I cr_ChildProcessService: Destroying ChildProcessService pid=12883
10-12 17:01:06.007  2965  3791 I ActivityManager: Killing 12883:com.android.chrome:sandboxed_process13/u0a84i21 (adj 0): isolated not needed
10-12 17:01:06.007  8582  8702 I FeedSessionManagerImpl: Caching getStreamFeatures - items 5, cache misses 5, cache size 0
10-12 17:01:06.008  8582  8702 I FeedModelProvider: Moving _session:40894ada-e781-4aa0-9ea2-093b3dcc43b8 to READY
10-12 17:01:06.008  8582  8702 I MainThreadRunner: Running task [FeedModelProvider onSessionStart] on the Main Thread
10-12 17:01:06.008  2965  2983 W libprocessgroup: kill(-12883, 9) failed: No such process
10-12 17:01:06.008  8582  8702 I FeedModelProvider: ModelProvider Mutation committed - structure changes 5, childrenToBind 5, removedChildren false, Token false
10-12 17:01:06.015  8582  8702 I FeedSessionManagerImpl: Populate new session: _session:40894ada-e781-4aa0-9ea2-093b3dcc43b8, creation time 10-12 17:01:05.984
10-12 17:01:06.015  8582  8702 I TimingUtils: Task Timing  42ms, thread JardinExecutor | task : Create/Populate New Session
10-12 17:01:06.015  8582  8702 I TaskQueue:  - Finished 24, time 44 ms
10-12 17:01:06.016  8582  8702 I TaskQueue: Execute task [HEAD_INVALIDATE - d: true, b: 1]: 28
10-12 17:01:06.018  8582  8702 I TimingUtils: Task Timing   2ms, thread JardinExecutor | getPayloads | items : 1
10-12 17:01:06.019  8582  8702 I MainThreadRunner: Running task [Store view actions and] on the Main Thread
10-12 17:01:06.019  8582  8702 I FeedSessionManagerImpl: triggerRefreshTask no StreamSession provided
10-12 17:01:06.019  8582  8702 I TaskQueue:  * Starting starvation checks
10-12 17:01:06.019  8582  8702 I MainThreadRunner: Running task [starvationChecks] on the Main Thread with a delay of 6000 milliseconds
10-12 17:01:06.020  8582  8702 I TaskQueue:  - Finished 28, time 4 ms
10-12 17:01:06.020  3612  3629 I PeopleChimeraService: onService. callbacks = aakw@3b4580a, request = com.google.android.gms.common.internal.GetServiceRequest@858b87b
10-12 17:01:06.046  2745  2745 I Zygote  : Process 12883 exited due to signal (9)
10-12 17:01:06.051  2965  2983 W libprocessgroup: kill(-12883, 9) failed: No such process
10-12 17:01:06.051  2965  2983 I libprocessgroup: Successfully killed process cgroup uid 99021 pid 12883 in 43ms
10-12 17:01:06.057  8582  8582 I TaskQueue:  - task [IMMEDIATE - d: true, b: 1]: 35
10-12 17:01:06.057  8582  8582 I TaskQueue:  - queueTask starting immediate task
10-12 17:01:06.057  8582  8702 I TaskQueue: Execute task [IMMEDIATE - d: true, b: 1]: 35
10-12 17:01:06.058  8582  8702 I TimingUtils: Task Timing   1ms, thread JardinExecutor | getAllUploadableActions | items : 0
10-12 17:01:06.059 12899 12923 I cr_LibraryLoader: Loaded native library version number "86.0.4240.75"
10-12 17:01:06.059 12899 12923 I cr_CachingUmaRecorder: Flushed 1 samples from 1 histograms.
10-12 17:01:06.063  8582  8702 I TimingUtils: Task Timing   3ms, thread JardinExecutor | task : commitContentMutation | mutations : 1
10-12 17:01:06.063  8582  8702 I FeedRequestManagerImpl: trigger refresh 3
10-12 17:01:06.065  8582  8702 I TimingUtils: Task Timing   0ms, thread JardinExecutor | task : getAllDismissLocalActions | size : 0
10-12 17:01:06.070  8582  8702 I TimingUtils: Task Timing   0ms, thread JardinExecutor | task : getSemanticProperties | size : 0
10-12 17:01:06.070  8582  8702 I MainThreadRunner: Running task [Check Tooltips] on the Main Thread
10-12 17:01:06.072  8582  8582 I TaskQueue:  - task [IMMEDIATE - d: true, b: 1]: 27
10-12 17:01:06.073  8582  8702 I TaskQueue:  - Finished 35, time 15 ms
10-12 17:01:06.089  8582  8702 I TaskQueue: Execute task [IMMEDIATE - d: true, b: 1]: 27
10-12 17:01:06.090  8582  8702 I FeedRequestManagerImpl: Consistency Token: # wO2@7bca4
10-12 17:01:06.099  8582  8702 I FeedRequestManagerImpl: Capability: FEED_UI
10-12 17:01:06.100  8582  8702 I FeedRequestManagerImpl: Capability: UNDOABLE_ACTIONS
10-12 17:01:06.100  8582  8702 I FeedRequestManagerImpl: Capability: MANAGE_INTERESTS
10-12 17:01:06.100  8582  8702 I FeedRequestManagerImpl: Capability: SEND_FEEDBACK
10-12 17:01:06.103  8582  8702 I FeedRequestManagerImpl: Capability: ARTICLE_SNIPPETS
10-12 17:01:06.103  8582  8702 I FeedRequestManagerImpl: Capability: CLICK_ACTION
10-12 17:01:06.103  8582  8702 I FeedRequestManagerImpl: Capability: VIEW_ACTION
10-12 17:01:06.103  8582  8702 I FeedRequestManagerImpl: Capability: REPORT_FEED_USER_ACTIONS_NOTICE_CARD
10-12 17:01:06.104  8582  8702 I FeedRequestManagerImpl: Capability: BASE_UI
10-12 17:01:06.110  8582  8702 I FeedRequestManagerImpl: Making Request: /httpservice/noretry/DiscoverClankService/FeedQuery
10-12 17:01:06.110  8582  8702 I MainThreadRunner: Running task [NetworkClientWrapper send] on the Main Thread
10-12 17:01:06.110  8582  8702 I TaskQueue:  - Finished 27, time 24 ms
10-12 17:01:06.150  8582  8582 W cr_SpanAutocomplete: Did not notify - ignored.
10-12 17:01:06.166  3612  3626 I gle.android.gm: Background concurrent copying GC freed 182340(7MB) AllocSpace objects, 36(1872KB) LOS objects, 49% free, 8MB/17MB, paused 412us total 103.614ms
10-12 17:01:06.174  8582  8582 W cr_SpanAutocomplete: Did not notify - ignored.
10-12 17:01:06.184  8656  8688 W cr_MediaCodecBridge: Releasing: OMX.amlogic.vp8.decoder.sw
10-12 17:01:06.190  2800  3304 I AmSoftDec: onReset.
10-12 17:01:06.193  2800  3304 I AmFFmpegCodec: CreateCodec for codecMime : video/x-vnd.on2.vp8
10-12 17:01:06.194  2800  2800 V AmlogicSoftOMXPlugin: destroyComponentInstance 102
10-12 17:01:06.195  8656 12415 D SurfaceUtils: disconnecting from surface 0xc7817808, reason disconnectFromSurface
10-12 17:01:06.200  8656  8688 W cr_MediaCodecBridge: Codec released
10-12 17:01:06.223  2965  7406 I ActivityManager: Killing 12303:com.android.chrome:sandboxed_process12/u0a84i20 (adj 0): isolated not needed
10-12 17:01:06.223 12303 12303 I cr_ChildProcessService: Destroying ChildProcessService pid=12303
10-12 17:01:06.223  2965  2983 W libprocessgroup: kill(-12303, 9) failed: No such process
10-12 17:01:06.255  8582  8582 I cr_tabmodel: Appending tabs being restored to metadata lists, 0, startingNormalCount: 2, startingIncognitoCount: 0
10-12 17:01:06.255  8582  8582 I cr_tabmodel: Serializing tab lists; counts: 2, 0
10-12 17:01:06.263  2745  2745 I Zygote  : Process 12303 exited due to signal (9)
10-12 17:01:06.267  2965  2983 W libprocessgroup: kill(-12303, 9) failed: No such process
10-12 17:01:06.267  2965  2983 I libprocessgroup: Successfully killed process cgroup uid 99020 pid 12303 in 44ms
10-12 17:01:06.360  8582  8582 I FeedRequestManagerImpl: Request: /httpservice/noretry/DiscoverClankService/FeedQuery completed with response code: 200
10-12 17:01:06.360  8582  8582 I TaskQueue:  - task [IMMEDIATE - d: true, b: 1]: 15
10-12 17:01:06.360  8582  8582 I TaskQueue:  - queueTask starting immediate task
10-12 17:01:06.360  8582  8702 I TaskQueue: Execute task [IMMEDIATE - d: true, b: 1]: 15
10-12 17:01:06.362  8582  8702 I MainThreadRunner: Running task [FeedRequestManagerImpl consumer] on the Main Thread
10-12 17:01:06.362  8582  8702 I TaskQueue:  - Finished 15, time 1 ms
10-12 17:01:06.362  8582  8582 I FeedProtocolAdapter: createModel, operations 1
10-12 17:01:06.362  8582  8582 I TimingUtils: Task Timing   0ms, thread ui | task : convertWireProtocol | mutations : 1
10-12 17:01:06.363  8582  8582 I TaskQueue:  - task [HEAD_RESET - d: true, b: 1]: 5
10-12 17:01:06.363  8582  8582 I TaskQueue:  - queueTask starting immediate task
10-12 17:01:06.363  8582  8702 I TaskQueue: Execute task [HEAD_RESET - d: true, b: 1]: 5
10-12 17:01:06.367  8582  8702 I TaskQueue:  - task [BACKGROUND - d: true, b: 1]: 23
10-12 17:01:06.372  8582  8702 I PersistentFeedStore: commitSessionMutation - Success true, Update Session $HEAD, stream structures 0
10-12 17:01:06.377  8582  8702 I MainThreadRunner: Running task [SchedulerApiWrapper onReceiveNewContent] on the Main Thread
10-12 17:01:06.377  8582  8702 I MainThreadRunner: Running task [FeedKnownContentImpl onNewContentReceived] on the Main Thread
10-12 17:01:06.377  8582  8702 I SessionManagerMutation: Cleared Head, new creation time 10-12 17:01:06.369
10-12 17:01:06.378  8582  8702 I SessionManagerMutation: Update Session _session:40894ada-e781-4aa0-9ea2-093b3dcc43b8
10-12 17:01:06.378  8582  8702 I TimeoutSessionImpl: updateSession; clearHead(true), shouldAppend(true), sessionId(_session:40894ada-e781-4aa0-9ea2-093b3dcc43b8)
10-12 17:01:06.378  8582  8702 I TimeoutSessionImpl: Removing 1 items
10-12 17:01:06.378  8582  8702 I SessionImpl: CLEAR_ALL not support on this session type
10-12 17:01:06.378  8582  8702 I SessionContentTracker: CLEAR_ALL not supported.
10-12 17:01:06.378  8582  8702 I TaskQueue:  - task [USER_FACING - d: true, b: 2]: 29
10-12 17:01:06.378  8582  8702 I FeedModelProvider: FeedModelProvider - committer, structure changes 1, update changes 0
10-12 17:01:06.379  8582  8702 I FeedModelProvider: Updating 0 items
10-12 17:01:06.379  8582  8702 I FeedModelProvider: SyntheticTokenTracker: 0, 1, 1, false
10-12 17:01:06.379  8582  8702 I FeedSessionManagerImpl: Caching getStreamFeatures - items 0, cache misses 0, cache size 0
10-12 17:01:06.379  8582  8702 I ModelCursorImpl: Ignoring Update on cursor currently at end
10-12 17:01:06.380  8582  8702 I MainThreadRunner: Running task [FeedModelProvider onFeatureChange] on the Main Thread
10-12 17:01:06.380  8582  8702 I FeedModelProvider: ModelProvider Mutation committed - structure changes 1, childrenToBind 0, removedChildren true, Token false
10-12 17:01:06.380  8582  8702 I TimingUtils: Task Timing  16ms, thread JardinExecutor | task : sessionMutation.commitTask:triggerRefresh | mutations : 1 | userInitiated : false
10-12 17:01:06.380  8582  8702 I TaskQueue: Cancelling starvation checks
10-12 17:01:06.380  8582  8702 I TaskQueue:  - Finished 5, time 17 ms
10-12 17:01:06.381  8582  8702 I TaskQueue: Execute task [USER_FACING - d: false, b: 2]: 29
10-12 17:01:06.386  8582  8702 I TimingUtils: Task Timing   5ms, thread JardinExecutor | commitSessionMutation | mutations : 1
10-12 17:01:06.386  8582  8702 I PersistentFeedStore: commitSessionMutation - Success true, Update Session _session:40894ada-e781-4aa0-9ea2-093b3dcc43b8, stream structures 1
10-12 17:01:06.386  8582  8702 I TaskQueue:  - Finished 29, time 6 ms
10-12 17:01:06.387  8582  8702 I TaskQueue: Execute task [BACKGROUND - d: false, b: 1]: 11
10-12 17:01:06.387  8582  8702 I ContentGc: Re-enqueuing triggerContentGc; attempts(0)
10-12 17:01:06.387  8582  8702 I TaskQueue:  - task [BACKGROUND - d: false, b: 1]: 11
10-12 17:01:06.387  8582  8702 I TaskQueue:  - Finished 11, time 1 ms
10-12 17:01:06.387  8582  8702 I TaskQueue: Execute task [BACKGROUND - d: false, b: 1]: 23
10-12 17:01:06.388  8582  8702 I TimingUtils: Task Timing   0ms, thread JardinExecutor | task : commitContentMutation | mutations : 0
10-12 17:01:06.388  8582  8702 I TimingUtils: Task Timing   0ms, thread JardinExecutor | task : commitSemanticPropertiesMutation | mutations : 0
10-12 17:01:06.388  8582  8702 I TaskQueue:  - Finished 23, time 1 ms
10-12 17:01:06.389  8582  8702 I TaskQueue: Execute task [BACKGROUND - d: false, b: 0]: 11
10-12 17:01:06.391  8582  8702 I SessionCache: Determining accessible content
10-12 17:01:06.394  8582  8702 I ContentGc: Removing token::token::5820483946678929112
10-12 17:01:06.399  8582  8702 I TimingUtils: Task Timing  10ms, thread JardinExecutor | task : ContentGc | contentItemsRemoved : 1
10-12 17:01:06.400  8582  8702 I TaskQueue:  - Finished 11, time 11 ms
10-12 17:01:06.895  2763  2910 I [Gralloc]: framebuffer hal alread move to hwcomposer
10-12 17:01:06.893  2775  2775 I Binder:2775_2: type=1400 audit(0.0:2055): avc: denied { read } for name="gralloc.odroidn2.so" dev="mmcblk0p12" ino=705 scontext=u:r:surfaceflinger:s0 tcontext=u:object_r:vendor_file:s0 tclass=file permissive=1
10-12 17:01:07.763  8582  8582 W View    : requestLayout() improperly called by android.view.SurfaceView{f36510a V.ED..... ......ID 0,0-1360,676} during layout: running second layout pass
10-12 17:01:07.763  8582  8582 W View    : requestLayout() improperly called by org.chromium.chrome.browser.ui.BottomContainer{b812009 V.E...... ......ID 0,605-1360,676 #7f0b00ac app:id/bottom_container} during layout: running second layout pass
10-12 17:01:07.763  8582  8582 W View    : requestLayout() improperly called by android.widget.RelativeLayout{e8dbd7b V.E...... ......ID 0,0-1360,71} during layout: running second layout pass
10-12 17:01:07.996  2763  2910 I [Gralloc]: framebuffer hal alread move to hwcomposer
10-12 17:01:07.993  2775  2775 I Binder:2775_4: type=1400 audit(0.0:2064): avc: denied { read } for name="gralloc.odroidn2.so" dev="mmcblk0p12" ino=705 scontext=u:r:surfaceflinger:s0 tcontext=u:object_r:vendor_file:s0 tclass=file permissive=1
10-12 17:01:07.993  2775  2775 I Binder:2775_4: type=1400 audit(0.0:2065): avc: denied { open } for path="/vendor/lib/hw/gralloc.odroidn2.so" dev="mmcblk0p12" ino=705 scontext=u:r:surfaceflinger:s0 tcontext=u:object_r:vendor_file:s0 tclass=file permissive=1
10-12 17:01:07.997  2775  2775 I Binder:2775_4: type=1400 audit(0.0:2066): avc: denied { getattr } for path="/vendor/lib/hw/gralloc.odroidn2.so" dev="mmcblk0p12" ino=705 scontext=u:r:surfaceflinger:s0 tcontext=u:object_r:vendor_file:s0 tclass=file permissive=1
10-12 17:01:08.030  2763  2910 I [Gralloc]: framebuffer hal alread move to hwcomposer
10-12 17:01:08.719  2753  2924 D audio-subMixingFactory: out_standby_subMixingPCM: out_stream(0xec74aa00) usecase: STREAM_PCM_NORMAL
10-12 17:01:08.719  2753  2924 I audio-subMixingFactory: ++usecase_change_validate_l_sm(), dev usecase masks = 0x1, is_standby = 1, out usecase STREAM_PCM_NORMAL
10-12 17:01:08.720  2753  2924 I audio-subMixingFactory: --usecase_change_validate_l_sm(), dev usecase masks = 0, is_standby = 1, out usecase STREAM_PCM_NORMAL
10-12 17:01:08.720  2753  2924 I amlaudioMixer: ++delete_mixer_input_port port ID: 0
10-12 17:01:08.720  2753  2917 E amlaudioMixer: mixer_do_mixing_16bit(), sys or direct pcm must exist!!!
10-12 17:01:09.189  4727  4727 I ABenchMark:push: type=1400 audit(0.0:2067): avc: denied { open } for path="/proc/vmstat" dev="proc" ino=4026531993 scontext=u:r:untrusted_app_27:s0:c512,c768 tcontext=u:object_r:proc_vmstat:s0 tclass=file permissive=1
10-12 17:01:09.495  2965  7406 D ConnectivityService: requestNetwork for uid/pid:10023/5742 NetworkRequest [ TRACK_DEFAULT id=295, [ Capabilities: INTERNET&NOT_RESTRICTED&TRUSTED Unwanted:  Uid: 10023] ]
10-12 17:01:09.496  2965  3053 D WIFI    : got request NetworkRequest [ TRACK_DEFAULT id=295, [ Capabilities: INTERNET&NOT_RESTRICTED&TRUSTED Unwanted:  Uid: 10023] ] with score 70
10-12 17:01:09.496  2965  3077 D Ethernet: got request NetworkRequest [ TRACK_DEFAULT id=295, [ Capabilities: INTERNET&NOT_RESTRICTED&TRUSTED Unwanted:  Uid: 10023] ] with score 70
10-12 17:01:09.497  3184  3184 D PhoneSwitcherNetworkRequstListener: got request NetworkRequest [ TRACK_DEFAULT id=295, [ Capabilities: INTERNET&NOT_RESTRICTED&TRUSTED Unwanted:  Uid: 10023] ] with score 70
10-12 17:01:09.497  2965  3053 D WIFI_UT : got request NetworkRequest [ TRACK_DEFAULT id=295, [ Capabilities: INTERNET&NOT_RESTRICTED&TRUSTED Unwanted:  Uid: 10023] ] with score 70
10-12 17:01:09.502  2965  2980 E NotificationService: Suppressing notification from package by user request.
10-12 17:01:09.508  2965  3055 D ConnectivityService: releasing NetworkRequest [ TRACK_DEFAULT id=295, [ Capabilities: INTERNET&NOT_RESTRICTED&TRUSTED Unwanted:  Uid: 10023] ] (release request)
10-12 17:01:10.780  2965  7406 I MediaFocusControl: abandonAudioFocus() from uid/pid 10084/8582 clientId=android.media.AudioManager@90e5404org.chromium.content.browser.AudioFocusDelegate@d7073d6
