10-12 16:59:09.383  2965  2977 D ConnectivityService: requestNetwork for uid/pid:10023/5742 NetworkRequest [ TRACK_DEFAULT id=289, [ Capabilities: INTERNET&NOT_RESTRICTED&TRUSTED Unwanted:  Uid: 10023] ]
10-12 16:59:09.384  2965  3077 D Ethernet: got request NetworkRequest [ TRACK_DEFAULT id=289, [ Capabilities: INTERNET&NOT_RESTRICTED&TRUSTED Unwanted:  Uid: 10023] ] with score 70
10-12 16:59:09.384  2965  3053 D WIFI    : got request NetworkRequest [ TRACK_DEFAULT id=289, [ Capabilities: INTERNET&NOT_RESTRICTED&TRUSTED Unwanted:  Uid: 10023] ] with score 70
10-12 16:59:09.384  2965  3053 D WIFI_UT : got request NetworkRequest [ TRACK_DEFAULT id=289, [ Capabilities: INTERNET&NOT_RESTRICTED&TRUSTED Unwanted:  Uid: 10023] ] with score 70
10-12 16:59:09.385  3184  3184 D PhoneSwitcherNetworkRequstListener: got request NetworkRequest [ TRACK_DEFAULT id=289, [ Capabilities: INTERNET&NOT_RESTRICTED&TRUSTED Unwanted:  Uid: 10023] ] with score 70
10-12 16:59:09.393  2965  2980 E NotificationService: Suppressing notification from package by user request.
10-12 16:59:09.394  2965  3055 D ConnectivityService: releasing NetworkRequest [ TRACK_DEFAULT id=289, [ Capabilities: INTERNET&NOT_RESTRICTED&TRUSTED Unwanted:  Uid: 10023] ] (release request)
10-12 16:59:10.089  2763  2911 I [Gralloc]: framebuffer hal alread move to hwcomposer
10-12 16:59:10.089  2775  2775 I Binder:2775_3: type=1400 audit(0.0:1994): avc: denied { read } for name="gralloc.odroidn2.so" dev="mmcblk0p12" ino=705 scontext=u:r:surfaceflinger:s0 tcontext=u:object_r:vendor_file:s0 tclass=file permissive=1
10-12 16:59:10.123  2763  2911 I [Gralloc]: framebuffer hal alread move to hwcomposer
10-12 16:59:12.697  2763  2911 I chatty  : uid=1000(system) HwBinder:2763_2 identical 1 line
10-12 16:59:12.781  2763  2911 I [Gralloc]: framebuffer hal alread move to hwcomposer
10-12 16:59:15.044  3923  3923 D skia    : --- Failed to create image decoder with message 'unimplemented'
10-12 16:59:15.058  3923  3923 D skia    : --- Failed to create image decoder with message 'unimplemented'
10-12 16:59:15.053  3923  3923 I tutu.ABenchMark: type=1400 audit(0.0:1997): avc: denied { read } for name="temp" dev="sysfs" ino=8951 scontext=u:r:untrusted_app_27:s0:c512,c768 tcontext=u:object_r:sysfs:s0 tclass=file permissive=1
10-12 16:59:15.389  2763  2911 I [Gralloc]: framebuffer hal alread move to hwcomposer
10-12 16:59:16.388  2763  2911 I [Gralloc]: framebuffer hal alread move to hwcomposer
10-12 16:59:16.691  2965  3023 D PackageManager: [74679a64-ca04-41b8-8a16-00f5bc1b8ff7] Phase1; resolving
10-12 16:59:16.692  3502  5410 V PackageManager: [74679a64-ca04-41b8-8a16-00f5bc1b8ff7] Phase1 called; posting
10-12 16:59:16.692  3502  3502 D PackageManager: [74679a64-ca04-41b8-8a16-00f5bc1b8ff7] Phase1 request; prefix: [-1675907072, -1572192256, -1198411776, -1089478656, -675000320, -399695872, -34541568, 195858432, 593870848, 910196736, 987615232, 992989184, 1592565760, 1778245632, 1851043840]
10-12 16:59:16.696  2965  3023 D PackageManager: [74679a64-ca04-41b8-8a16-00f5bc1b8ff7] Phase1; No results matched
10-12 16:59:16.714  3502  3880 E AsyncOperation: serviceID=121, operation=GetLaunchDataOperation [CONTEXT service_id=259 ]
10-12 16:59:16.714  3502  3880 E AsyncOperation: OperationException[Status{statusCode=Not an instant app, resolution=null}]
10-12 16:59:16.714  3502  3880 E AsyncOperation: 	at aeck.a(:com.google.android.gms@203615025@20.36.15 (100304-333172415):20)
10-12 16:59:16.714  3502  3880 E AsyncOperation: 	at aakz.run(:com.google.android.gms@203615025@20.36.15 (100304-333172415):11)
10-12 16:59:16.714  3502  3880 E AsyncOperation: 	at bonr.run(:com.google.android.gms@203615025@20.36.15 (100304-333172415):2)
10-12 16:59:16.714  3502  3880 E AsyncOperation: 	at svn.b(:com.google.android.gms@203615025@20.36.15 (100304-333172415):12)
10-12 16:59:16.714  3502  3880 E AsyncOperation: 	at svn.run(:com.google.android.gms@203615025@20.36.15 (100304-333172415):7)
10-12 16:59:16.714  3502  3880 E AsyncOperation: 	at java.util.concurrent.ThreadPoolExecutor.runWorker(ThreadPoolExecutor.java:1167)
10-12 16:59:16.714  3502  3880 E AsyncOperation: 	at java.util.concurrent.ThreadPoolExecutor$Worker.run(ThreadPoolExecutor.java:641)
10-12 16:59:16.714  3502  3880 E AsyncOperation: 	at tbn.run(:com.google.android.gms@203615025@20.36.15 (100304-333172415):0)
10-12 16:59:16.714  3502  3880 E AsyncOperation: 	at java.lang.Thread.run(Thread.java:764)
10-12 16:59:16.974  8582  8582 W cr_SpanAutocomplete: Did not notify - ignored.
10-12 16:59:17.402  8582  8582 W cr_SpanAutocomplete: Did not notify - ignored.
10-12 16:59:17.420  3502  5410 W Icing   : isOptedInForAppHistory: empty Account Name encountered
10-12 16:59:17.456  3502  5410 W Icing   : isOptedInForAppHistory: empty Account Name encountered
10-12 16:59:17.491  3502  8840 W Icing   : isOptedInForAppHistory: empty Account Name encountered
10-12 16:59:18.319  2763  2911 I [Gralloc]: framebuffer hal alread move to hwcomposer
10-12 16:59:18.664 11442 11442 I Zygote  : seccomp disabled by setenforce 0
10-12 16:59:18.665  2965  2982 I ActivityManager: Start proc 11442:com.android.chrome:sandboxed_process11/u0i19 for service com.android.chrome/org.chromium.content.app.SandboxedProcessService11
10-12 16:59:18.669 11442 11442 W boxed_process1: Using default instruction set features for ARM CPU variant (cortex-a9) using conservative defaults
10-12 16:59:18.724 11442 11442 I LoadedApk: No resource references to update in package com.android.chrome.autofill_assistant
10-12 16:59:18.726 11442 11442 I cr_ChildProcessService: Creating new ChildProcessService pid=11442
10-12 16:59:18.709 11442 11442 I boxed_process11: type=1400 audit(0.0:2000): avc: denied { getattr } for path="/data/data/com.android.chrome" dev="mmcblk0p16" ino=1310916 scontext=u:r:isolated_app:s0:c19,c256,c512,c768 tcontext=u:object_r:app_data_file:s0:c84,c256,c512,c768 tclass=dir permissive=1
10-12 16:59:18.813 11442 11457 I cr_LibraryLoader: Loaded native library version number "86.0.4240.75"
10-12 16:59:18.814 11442 11457 I cr_CachingUmaRecorder: Flushed 1 samples from 1 histograms.
10-12 16:59:19.722  8582  8582 I cr_tabmodel: Appending tabs being restored to metadata lists, 0, startingNormalCount: 1, startingIncognitoCount: 0
10-12 16:59:19.722  8582  8582 I cr_tabmodel: Serializing tab lists; counts: 1, 0
10-12 16:59:25.072  3923  3923 D skia    : --- Failed to create image decoder with message 'unimplemented'
10-12 16:59:35.100  3923  3923 I chatty  : uid=10079(com.antutu.ABenchMark) identical 2 lines
10-12 16:59:35.114  3923  3923 D skia    : --- Failed to create image decoder with message 'unimplemented'
10-12 16:59:35.109  3923  3923 I tutu.ABenchMark: type=1400 audit(0.0:2001): avc: denied { open } for path="/proc/stat" dev="proc" ino=4026531957 scontext=u:r:untrusted_app_27:s0:c512,c768 tcontext=u:object_r:proc_stat:s0 tclass=file permissive=1
10-12 16:59:39.416  2965  4723 D ConnectivityService: requestNetwork for uid/pid:10023/5742 NetworkRequest [ TRACK_DEFAULT id=290, [ Capabilities: INTERNET&NOT_RESTRICTED&TRUSTED Unwanted:  Uid: 10023] ]
10-12 16:59:39.417  2965  3053 D WIFI    : got request NetworkRequest [ TRACK_DEFAULT id=290, [ Capabilities: INTERNET&NOT_RESTRICTED&TRUSTED Unwanted:  Uid: 10023] ] with score 70
10-12 16:59:39.417  2965  3077 D Ethernet: got request NetworkRequest [ TRACK_DEFAULT id=290, [ Capabilities: INTERNET&NOT_RESTRICTED&TRUSTED Unwanted:  Uid: 10023] ] with score 70
10-12 16:59:39.417  2965  3053 D WIFI_UT : got request NetworkRequest [ TRACK_DEFAULT id=290, [ Capabilities: INTERNET&NOT_RESTRICTED&TRUSTED Unwanted:  Uid: 10023] ] with score 70
10-12 16:59:39.421  3184  3184 D PhoneSwitcherNetworkRequstListener: got request NetworkRequest [ TRACK_DEFAULT id=290, [ Capabilities: INTERNET&NOT_RESTRICTED&TRUSTED Unwanted:  Uid: 10023] ] with score 70
10-12 16:59:39.423  2965  2980 E NotificationService: Suppressing notification from package by user request.
10-12 16:59:39.424  2965  3055 D ConnectivityService: releasing NetworkRequest [ TRACK_DEFAULT id=290, [ Capabilities: INTERNET&NOT_RESTRICTED&TRUSTED Unwanted:  Uid: 10023] ] (release request)
10-12 16:59:41.238  3502  3878 I NetworkScheduler.Stats: Task com.google.android.gms/com.google.android.gms.icing.service.IcingGcmTaskService started execution. cause:4 exec_start_elapsed_seconds: 4983 [CONTEXT service_id=218 ]
10-12 16:59:41.245  3502  8840 I NetworkScheduler.Stats: Task com.google.android.gms/com.google.android.gms.icing.service.IcingGcmTaskService finished executing. cause:4 result: 1 elapsed_millis: 27 uptime_millis: 27 exec_start_elapsed_seconds: 4983 [CONTEXT service_id=218 ]
10-12 16:59:41.248  3612  4065 I Icing   : Indexing com.android.chrome-internal.3p:WebPage from com.android.chrome using seqno 0
10-12 16:59:41.261  3612  4065 I chatty  : uid=10064(com.google.android.gms) lowpool[1] identical 4 lines
10-12 16:59:41.264  3612  4065 I Icing   : Indexing com.android.chrome-internal.3p:WebPage from com.android.chrome using seqno 0
10-12 16:59:45.117  3923  3923 D skia    : --- Failed to create image decoder with message 'unimplemented'
10-12 16:59:54.202  2798  2829 E storaged: getDiskStats failed with result NOT_SUPPORTED and size 0
10-12 16:59:55.143  3923  3923 I chatty  : uid=10079(com.antutu.ABenchMark) identical 2 lines
10-12 16:59:55.154  3923  3923 D skia    : --- Failed to create image decoder with message 'unimplemented'
10-12 17:00:01.609  3923  3923 I tutu.ABenchMark: type=1400 audit(0.0:2003): avc: denied { open } for path="/proc/vmstat" dev="proc" ino=4026531993 scontext=u:r:untrusted_app_27:s0:c512,c768 tcontext=u:object_r:proc_vmstat:s0 tclass=file permissive=1
10-12 17:00:05.160  3923  3923 D skia    : --- Failed to create image decoder with message 'unimplemented'
10-12 17:00:05.174  3923  3923 D skia    : --- Failed to create image decoder with message 'unimplemented'
10-12 17:00:07.457  2767  2767 I memtrack@1.0-se: type=1400 audit(0.0:2005): avc: denied { read } for name="mem_profile" dev="debugfs" ino=3053 scontext=u:r:hal_memtrack_default:s0 tcontext=u:object_r:debugfs:s0 tclass=file permissive=1
10-12 17:00:09.438  2965  2977 D ConnectivityService: requestNetwork for uid/pid:10023/5742 NetworkRequest [ TRACK_DEFAULT id=291, [ Capabilities: INTERNET&NOT_RESTRICTED&TRUSTED Unwanted:  Uid: 10023] ]
10-12 17:00:09.438  2965  3077 D Ethernet: got request NetworkRequest [ TRACK_DEFAULT id=291, [ Capabilities: INTERNET&NOT_RESTRICTED&TRUSTED Unwanted:  Uid: 10023] ] with score 70
10-12 17:00:09.439  2965  3053 D WIFI    : got request NetworkRequest [ TRACK_DEFAULT id=291, [ Capabilities: INTERNET&NOT_RESTRICTED&TRUSTED Unwanted:  Uid: 10023] ] with score 70
10-12 17:00:09.439  2965  3053 D WIFI_UT : got request NetworkRequest [ TRACK_DEFAULT id=291, [ Capabilities: INTERNET&NOT_RESTRICTED&TRUSTED Unwanted:  Uid: 10023] ] with score 70
10-12 17:00:09.439  3184  3184 D PhoneSwitcherNetworkRequstListener: got request NetworkRequest [ TRACK_DEFAULT id=291, [ Capabilities: INTERNET&NOT_RESTRICTED&TRUSTED Unwanted:  Uid: 10023] ] with score 70
10-12 17:00:09.444  2965  2980 E NotificationService: Suppressing notification from package by user request.
10-12 17:00:09.445  2965  3055 D ConnectivityService: releasing NetworkRequest [ TRACK_DEFAULT id=291, [ Capabilities: INTERNET&NOT_RESTRICTED&TRUSTED Unwanted:  Uid: 10023] ] (release request)
10-12 17:00:11.234  4727  5623 I tnet-jni: 239 - [spdyPingRecvCallback] - 
10-12 17:00:11.234  4727  5623 I tnet-jni: 239 - [SpdySessionCallBack.spdyPingRecvCallback] - org.android.spdy.SpdySession@ff4a1e2
10-12 17:00:15.189  3923  3923 D skia    : --- Failed to create image decoder with message 'unimplemented'
10-12 17:00:15.200  3923  3923 D skia    : --- Failed to create image decoder with message 'unimplemented'
10-12 17:00:20.890  2763  2911 I [Gralloc]: framebuffer hal alread move to hwcomposer
10-12 17:00:20.903  2775  2775 E SurfaceFlinger: [Sprite#0] rejecting buffer: bufWidth=32, bufHeight=32, front.active.{w=28, h=36}
10-12 17:00:20.904  2763  2911 I [Gralloc]: framebuffer hal alread move to hwcomposer
10-12 17:00:20.889  2775  2775 I Binder:2775_3: type=1400 audit(0.0:2008): avc: denied { read } for name="gralloc.odroidn2.so" dev="mmcblk0p12" ino=705 scontext=u:r:surfaceflinger:s0 tcontext=u:object_r:vendor_file:s0 tclass=file permissive=1
10-12 17:00:21.057  2775  2775 E SurfaceFlinger: [Sprite#0] rejecting buffer: bufWidth=32, bufHeight=32, front.active.{w=28, h=36}
10-12 17:00:20.889  2965  2965 I android.display: type=1400 audit(0.0:2011): avc: denied { read } for name="gralloc.odroidn2.so" dev="mmcblk0p12" ino=705 scontext=u:r:system_server:s0 tcontext=u:object_r:vendor_file:s0 tclass=file permissive=1
10-12 17:00:21.448  2763  2911 I [Gralloc]: framebuffer hal alread move to hwcomposer
10-12 17:00:21.532  2763  2911 I [Gralloc]: framebuffer hal alread move to hwcomposer
10-12 17:00:21.737  2753  6139 W amlaudioMixer: mixer_get_presentation_position(), port not ready now
10-12 17:00:21.738  2753  6139 W audio-subMixingFactory: out_get_presentation_position_port(), pts not valid yet
10-12 17:00:21.738  2753  6139 I audio-subMixingFactory: ++usecase_change_validate_l_sm: dev usecase masks = 0, out usecase_masks = 0, out usecase STREAM_PCM_NORMAL
10-12 17:00:21.738  2753  6139 I audio-subMixingFactory: ++++usecase_change_validate_l_sm(),continuous_audio_mode 0 dev usecase masks = 0, out usecase_masks = 0, out usecase STREAM_PCM_NORMAL
10-12 17:00:21.738  2753  6139 I audio-subMixingFactory: usecase_change_validate_l_sm(), mixer_aux_buffer_write_sm !
10-12 17:00:21.738  2753  6139 I audio-subMixingFactory: ----usecase_change_validate_l_sm(), continuous_audio_mode 0 dev usecase masks = 0x1, out usecase_masks = 0x1, out usecase STREAM_PCM_NORMAL
10-12 17:00:21.738  2753  6139 I aml_audio_port: get_input_port_index(), samplerate 48000
10-12 17:00:21.738  2753  6139 D aml_audio_port: new_input_port(), index:0, rbuf size:8192, direct_on:0
10-12 17:00:21.738  2753  6139 D aml_audio_port: new_input_port(), fmt 0x1, rate 48000
10-12 17:00:21.738  2753  6139 I amlaudioMixer: ++init_mixer_input_port port index 0, size 512 frames
10-12 17:00:21.738  2753  6139 I amlaudioMixer: init_mixer_input_port(), port->initial_frames: 38435840
10-12 17:00:21.738  2753  6139 I aml_audio_port: get_input_port_index(), samplerate 48000
10-12 17:00:21.738  2753  6139 I audio-subMixingFactory: mixer_aux_buffer_write_sm(), primary 0xec74aa00 port index = 0
10-12 17:00:21.738  2753  6139 I audio-subMixingFactory: padding_bytes 16384
10-12 17:00:21.738  2753  6139 I amlaudioMixer: port index 0 is active now
10-12 17:00:21.738  2753  6139 I audio-subMixingFactory: padding_bytes 14336
10-12 17:00:21.738  2753  6139 I audio-subMixingFactory: padding_bytes 12288
10-12 17:00:21.738  2753  6139 I audio-subMixingFactory: padding_bytes 10240
10-12 17:00:21.738  2753  6139 I audio-subMixingFactory: padding_bytes 8192
10-12 17:00:21.738  2753  6139 I audio-subMixingFactory: padding_bytes 6144
10-12 17:00:21.742  2753  6139 I audio-subMixingFactory: padding_bytes 4096
10-12 17:00:21.746  2753  6139 I audio-subMixingFactory: padding_bytes 2048
10-12 17:00:21.752  2753  6139 W amlaudioMixer: mixer_get_presentation_position(), not valid now
10-12 17:00:21.752  2753  6139 W audio-subMixingFactory: out_get_presentation_position_port(), pts not valid yet
10-12 17:00:21.763  2753  6139 W amlaudioMixer: mixer_get_presentation_position(), not valid now
10-12 17:00:21.763  2753  6139 W audio-subMixingFactory: out_get_presentation_position_port(), pts not valid yet
10-12 17:00:21.778  2773  2923 D AudioFlinger: mixer(0xef603280) throttle end: throttle time(5)
10-12 17:00:21.799  2965  2986 D AutofillManagerService: Close system dialogs
10-12 17:00:21.804  3123  3123 V StatusBar: mStatusBarWindow: com.android.systemui.statusbar.phone.StatusBarWindowView{b0a4d8f V.ED..... ........ 0,0-1360,31} canPanelBeCollapsed(): false
10-12 17:00:21.804  3123  3123 I vol.Events: writeEvent dismiss_dialog volume_controller
10-12 17:00:21.807  2965  2977 I ActivityManager: START u0 {act=android.intent.action.MAIN cat=[android.intent.category.HOME] flg=0x10000000 cmp=com.android.launcher3/.Launcher (has extras)} from uid 10024
10-12 17:00:21.880  2763  2911 I [Gralloc]: framebuffer hal alread move to hwcomposer
10-12 17:00:21.881  2763  2911 E gralloc : ioctl c0144900 failed with code -1: Operation not permitted
10-12 17:00:21.882  2763  2911 I [Gralloc]: framebuffer hal alread move to hwcomposer
10-12 17:00:21.890  2763  2911 E gralloc : ioctl c0144900 failed with code -1: Operation not permitted
10-12 17:00:21.891  2763  2910 I [Gralloc]: framebuffer hal alread move to hwcomposer
10-12 17:00:21.892  2763  2910 E gralloc : ioctl c0144900 failed with code -1: Operation not permitted
10-12 17:00:21.893  3544  3734 D mali_winsys: EGLint new_window_surface(egl_winsys_display *, void *, EGLSurface, EGLConfig, egl_winsys_surface **, EGLBoolean) returns 0x3000
10-12 17:00:21.910  2763  2910 I [Gralloc]: framebuffer hal alread move to hwcomposer
10-12 17:00:21.910  2763  2910 E gralloc : ioctl c0144900 failed with code -1: Operation not permitted
10-12 17:00:21.921  2763  2911 I [Gralloc]: framebuffer hal alread move to hwcomposer
10-12 17:00:21.922  2763  2910 I [Gralloc]: framebuffer hal alread move to hwcomposer
10-12 17:00:21.922  2763  2910 E gralloc : ioctl c0144900 failed with code -1: Operation not permitted
10-12 17:00:21.941  3123  3123 I Binder:3123_1: type=1400 audit(0.0:2017): avc: denied { read } for name="gralloc.odroidn2.so" dev="mmcblk0p12" ino=705 scontext=u:r:platform_app:s0:c512,c768 tcontext=u:object_r:vendor_file:s0 tclass=file permissive=1
10-12 17:00:21.945  3123  3123 I Binder:3123_1: type=1400 audit(0.0:2018): avc: denied { open } for path="/vendor/lib/hw/gralloc.odroidn2.so" dev="mmcblk0p12" ino=705 scontext=u:r:platform_app:s0:c512,c768 tcontext=u:object_r:vendor_file:s0 tclass=file permissive=1
10-12 17:00:21.956  2763  2911 I [Gralloc]: framebuffer hal alread move to hwcomposer
10-12 17:00:21.956  2763  2911 E gralloc : ioctl c0144900 failed with code -1: Operation not permitted
10-12 17:00:21.953  2775  2775 I Binder:2775_4: type=1400 audit(0.0:2020): avc: denied { read } for name="gralloc.odroidn2.so" dev="mmcblk0p12" ino=705 scontext=u:r:surfaceflinger:s0 tcontext=u:object_r:vendor_file:s0 tclass=file permissive=1
10-12 17:00:22.000  3544  3555 D StrictMode: StrictMode policy violation: android.os.strictmode.LeakedClosableViolation: A resource was acquired at attached stack trace but never released. See java.io.Closeable for information on avoiding resource leaks.
10-12 17:00:22.000  3544  3555 D StrictMode: 	at android.os.StrictMode$AndroidCloseGuardReporter.report(StrictMode.java:1788)
10-12 17:00:22.000  3544  3555 D StrictMode: 	at dalvik.system.CloseGuard.warnIfOpen(CloseGuard.java:264)
10-12 17:00:22.000  3544  3555 D StrictMode: 	at android.view.SurfaceControl.finalize(SurfaceControl.java:667)
10-12 17:00:22.000  3544  3555 D StrictMode: 	at java.lang.Daemons$FinalizerDaemon.doFinalize(Daemons.java:250)
10-12 17:00:22.000  3544  3555 D StrictMode: 	at java.lang.Daemons$FinalizerDaemon.runInternal(Daemons.java:237)
10-12 17:00:22.000  3544  3555 D StrictMode: 	at java.lang.Daemons$Daemon.run(Daemons.java:103)
10-12 17:00:22.000  3544  3555 D StrictMode: 	at java.lang.Thread.run(Thread.java:764)
10-12 17:00:22.000  3544  3555 D StrictMode: Caused by: java.lang.Throwable: Explicit termination method 'release' not called
10-12 17:00:22.000  3544  3555 D StrictMode: 	at dalvik.system.CloseGuard.open(CloseGuard.java:221)
10-12 17:00:22.000  3544  3555 D StrictMode: 	at android.view.SurfaceControl.<init>(SurfaceControl.java:621)
10-12 17:00:22.000  3544  3555 D StrictMode: 	at android.view.SurfaceControl.<init>(SurfaceControl.java:60)
10-12 17:00:22.000  3544  3555 D StrictMode: 	at android.view.SurfaceControl$1.createFromParcel(SurfaceControl.java:655)
10-12 17:00:22.000  3544  3555 D StrictMode: 	at android.view.SurfaceControl$1.createFromParcel(SurfaceControl.java:653)
10-12 17:00:22.000  3544  3555 D StrictMode: 	at android.os.Parcel.readParcelable(Parcel.java:2766)
10-12 17:00:22.000  3544  3555 D StrictMode: 	at android.view.RemoteAnimationTarget.<init>(RemoteAnimationTarget.java:149)
10-12 17:00:22.000  3544  3555 D StrictMode: 	at android.view.RemoteAnimationTarget$1.createFromParcel(RemoteAnimationTarget.java:212)
10-12 17:00:22.000  3544  3555 D StrictMode: 	at android.view.RemoteAnimationTarget$1.createFromParcel(RemoteAnimationTarget.java:210)
10-12 17:00:22.000  3544  3555 D StrictMode: 	at android.os.Parcel.readTypedObject(Parcel.java:2606)
10-12 17:00:22.000  3544  3555 D StrictMode: 	at android.os.Parcel.createTypedArray(Parcel.java:2568)
10-12 17:00:22.000  3544  3555 D StrictMode: 	at android.view.IRemoteAnimationRunner$Stub.onTransact(IRemoteAnimationRunner.java:56)
10-12 17:00:22.000  3544  3555 D StrictMode: 	at android.os.Binder.execTransact(Binder.java:731)
10-12 17:00:22.007  2965  2980 W BroadcastQueue: Background execution not allowed: receiving Intent { act=android.intent.action.DROPBOX_ENTRY_ADDED flg=0x10 (has extras) } to com.google.android.gms/.stats.service.DropBoxEntryAddedReceiver
10-12 17:00:22.008  2965  2980 W BroadcastQueue: Background execution not allowed: receiving Intent { act=android.intent.action.DROPBOX_ENTRY_ADDED flg=0x10 (has extras) } to com.google.android.gms/.chimera.GmsIntentOperationService$PersistentTrustedReceiver
10-12 17:00:22.019  2965  2980 W BroadcastQueue: Background execution not allowed: receiving Intent { act=android.intent.action.DROPBOX_ENTRY_ADDED flg=0x10 (has extras) } to com.google.android.gms/.stats.service.DropBoxEntryAddedReceiver
10-12 17:00:22.019  2965  2980 W BroadcastQueue: Background execution not allowed: receiving Intent { act=android.intent.action.DROPBOX_ENTRY_ADDED flg=0x10 (has extras) } to com.google.android.gms/.chimera.GmsIntentOperationService$PersistentTrustedReceiver
10-12 17:00:22.031  2965  2980 W BroadcastQueue: Background execution not allowed: receiving Intent { act=android.intent.action.DROPBOX_ENTRY_ADDED flg=0x10 (has extras) } to com.google.android.gms/.stats.service.DropBoxEntryAddedReceiver
10-12 17:00:22.031  2965  2980 W BroadcastQueue: Background execution not allowed: receiving Intent { act=android.intent.action.DROPBOX_ENTRY_ADDED flg=0x10 (has extras) } to com.google.android.gms/.chimera.GmsIntentOperationService$PersistentTrustedReceiver
10-12 17:00:22.032  2965  2980 W BroadcastQueue: Background execution not allowed: receiving Intent { act=android.intent.action.DROPBOX_ENTRY_ADDED flg=0x10 (has extras) } to com.google.android.gms/.stats.service.DropBoxEntryAddedReceiver
10-12 17:00:22.033  2965  2980 W BroadcastQueue: Background execution not allowed: receiving Intent { act=android.intent.action.DROPBOX_ENTRY_ADDED flg=0x10 (has extras) } to com.google.android.gms/.chimera.GmsIntentOperationService$PersistentTrustedReceiver
10-12 17:00:22.037  2965  2980 W BroadcastQueue: Background execution not allowed: receiving Intent { act=android.intent.action.DROPBOX_ENTRY_ADDED flg=0x10 (has extras) } to com.google.android.gms/.stats.service.DropBoxEntryAddedReceiver
10-12 17:00:22.037  2965  2980 W BroadcastQueue: Background execution not allowed: receiving Intent { act=android.intent.action.DROPBOX_ENTRY_ADDED flg=0x10 (has extras) } to com.google.android.gms/.chimera.GmsIntentOperationService$PersistentTrustedReceiver
10-12 17:00:22.047  2965  2980 W BroadcastQueue: Background execution not allowed: receiving Intent { act=android.intent.action.DROPBOX_ENTRY_ADDED flg=0x10 (has extras) } to com.google.android.gms/.stats.service.DropBoxEntryAddedReceiver
10-12 17:00:22.048  2965  2980 W BroadcastQueue: Background execution not allowed: receiving Intent { act=android.intent.action.DROPBOX_ENTRY_ADDED flg=0x10 (has extras) } to com.google.android.gms/.chimera.GmsIntentOperationService$PersistentTrustedReceiver
10-12 17:00:22.003  3544  3555 I chatty  : uid=10024(com.android.launcher3) FinalizerDaemon identical 4 lines
10-12 17:00:22.004  3544  3555 D StrictMode: StrictMode policy violation: android.os.strictmode.LeakedClosableViolation: A resource was acquired at attached stack trace but never released. See java.io.Closeable for information on avoiding resource leaks.
10-12 17:00:22.004  3544  3555 D StrictMode: 	at android.os.StrictMode$AndroidCloseGuardReporter.report(StrictMode.java:1788)
10-12 17:00:22.004  3544  3555 D StrictMode: 	at dalvik.system.CloseGuard.warnIfOpen(CloseGuard.java:264)
10-12 17:00:22.004  3544  3555 D StrictMode: 	at android.view.SurfaceControl.finalize(SurfaceControl.java:667)
10-12 17:00:22.004  3544  3555 D StrictMode: 	at java.lang.Daemons$FinalizerDaemon.doFinalize(Daemons.java:250)
10-12 17:00:22.004  3544  3555 D StrictMode: 	at java.lang.Daemons$FinalizerDaemon.runInternal(Daemons.java:237)
10-12 17:00:22.004  3544  3555 D StrictMode: 	at java.lang.Daemons$Daemon.run(Daemons.java:103)
10-12 17:00:22.004  3544  3555 D StrictMode: 	at java.lang.Thread.run(Thread.java:764)
10-12 17:00:22.004  3544  3555 D StrictMode: Caused by: java.lang.Throwable: Explicit termination method 'release' not called
10-12 17:00:22.004  3544  3555 D StrictMode: 	at dalvik.system.CloseGuard.open(CloseGuard.java:221)
10-12 17:00:22.004  3544  3555 D StrictMode: 	at android.view.SurfaceControl.<init>(SurfaceControl.java:621)
10-12 17:00:22.004  3544  3555 D StrictMode: 	at android.view.SurfaceControl.<init>(SurfaceControl.java:60)
10-12 17:00:22.004  3544  3555 D StrictMode: 	at android.view.SurfaceControl$1.createFromParcel(SurfaceControl.java:655)
10-12 17:00:22.004  3544  3555 D StrictMode: 	at android.view.SurfaceControl$1.createFromParcel(SurfaceControl.java:653)
10-12 17:00:22.004  3544  3555 D StrictMode: 	at android.os.Parcel.readParcelable(Parcel.java:2766)
10-12 17:00:22.004  3544  3555 D StrictMode: 	at android.view.RemoteAnimationTarget.<init>(RemoteAnimationTarget.java:149)
10-12 17:00:22.004  3544  3555 D StrictMode: 	at android.view.RemoteAnimationTarget$1.createFromParcel(RemoteAnimationTarget.java:212)
10-12 17:00:22.004  3544  3555 D StrictMode: 	at android.view.RemoteAnimationTarget$1.createFromParcel(RemoteAnimationTarget.java:210)
10-12 17:00:22.004  3544  3555 D StrictMode: 	at android.os.Parcel.readTypedObject(Parcel.java:2606)
10-12 17:00:22.004  3544  3555 D StrictMode: 	at android.os.Parcel.createTypedArray(Parcel.java:2568)
10-12 17:00:22.004  3544  3555 D StrictMode: 	at android.view.IRemoteAnimationRunner$Stub.onTransact(IRemoteAnimationRunner.java:56)
10-12 17:00:22.004  3544  3555 D StrictMode: 	at android.os.Binder.execTransact(Binder.java:731)
10-12 17:00:22.211  8582  8582 E cr_CompositorSurfaceMgr: surfaceDestroyed format : 4
10-12 17:00:22.218  2775  2815 E BufferQueueProducer: [SurfaceView - com.android.chrome/com.google.android.apps.chrome.Main#0] disconnect: not connected (req=1)
10-12 17:00:22.218  8656  8674 W libEGL  : EGLNativeWindowType 0xc8e2c808 disconnect failed
10-12 17:00:22.231  2775  2817 E BufferQueueProducer: [com.android.chrome/com.google.android.apps.chrome.Main#0] disconnect: not connected (req=1)
10-12 17:00:22.231  8582  8613 W libEGL  : EGLNativeWindowType 0xc37a1808 disconnect failed
10-12 17:00:22.237  8582  8614 I cr_BindingManager: onTrimMemory: level=20, size=2
10-12 17:00:22.238  8582  8582 I FeedAppLifecycleLstnr: onEnterBackground called
10-12 17:00:22.238  8582  8582 I FeedSessionManagerImpl: onLifecycleEvent background
10-12 17:00:22.241  2965  3055 D ConnectivityService: releasing NetworkRequest [ TRACK_DEFAULT id=286, [ Capabilities: INTERNET&NOT_RESTRICTED&TRUSTED Unwanted:  Uid: 10084] ] (release request)
10-12 17:00:22.242  8582  8582 I cr_tabmodel: Appending tabs being restored to metadata lists, 0, startingNormalCount: 1, startingIncognitoCount: 0
10-12 17:00:22.242  8582  8582 I cr_tabmodel: Serializing tab lists; counts: 1, 0
10-12 17:00:24.808  2753  2924 D audio-subMixingFactory: out_standby_subMixingPCM: out_stream(0xec74aa00) usecase: STREAM_PCM_NORMAL
10-12 17:00:24.808  2753  2924 I audio-subMixingFactory: ++usecase_change_validate_l_sm(), dev usecase masks = 0x1, is_standby = 1, out usecase STREAM_PCM_NORMAL
10-12 17:00:24.808  2753  2924 I audio-subMixingFactory: --usecase_change_validate_l_sm(), dev usecase masks = 0, is_standby = 1, out usecase STREAM_PCM_NORMAL
10-12 17:00:24.808  2753  2924 I amlaudioMixer: ++delete_mixer_input_port port ID: 0
10-12 17:00:25.075  2753  6139 W amlaudioMixer: mixer_get_presentation_position(), port not ready now
10-12 17:00:25.075  2753  6139 W audio-subMixingFactory: out_get_presentation_position_port(), pts not valid yet
10-12 17:00:25.076  2753  6139 I audio-subMixingFactory: ++usecase_change_validate_l_sm: dev usecase masks = 0, out usecase_masks = 0, out usecase STREAM_PCM_NORMAL
10-12 17:00:25.076  2753  6139 I audio-subMixingFactory: ++++usecase_change_validate_l_sm(),continuous_audio_mode 0 dev usecase masks = 0, out usecase_masks = 0, out usecase STREAM_PCM_NORMAL
10-12 17:00:25.076  2753  6139 I audio-subMixingFactory: usecase_change_validate_l_sm(), mixer_aux_buffer_write_sm !
10-12 17:00:25.076  2753  6139 I audio-subMixingFactory: ----usecase_change_validate_l_sm(), continuous_audio_mode 0 dev usecase masks = 0x1, out usecase_masks = 0x1, out usecase STREAM_PCM_NORMAL
10-12 17:00:25.076  2753  6139 I aml_audio_port: get_input_port_index(), samplerate 48000
10-12 17:00:25.076  2753  6139 D aml_audio_port: new_input_port(), index:0, rbuf size:8192, direct_on:0
10-12 17:00:25.076  2753  6139 D aml_audio_port: new_input_port(), fmt 0x1, rate 48000
10-12 17:00:25.076  2753  6139 I amlaudioMixer: ++init_mixer_input_port port index 0, size 512 frames
10-12 17:00:25.076  2753  6139 I amlaudioMixer: init_mixer_input_port(), port->initial_frames: 38584320
10-12 17:00:25.076  2753  6139 I aml_audio_port: get_input_port_index(), samplerate 48000
10-12 17:00:25.076  2753  6139 I audio-subMixingFactory: mixer_aux_buffer_write_sm(), primary 0xec74aa00 port index = 0
10-12 17:00:25.076  2753  6139 I audio-subMixingFactory: padding_bytes 16384
10-12 17:00:25.076  2753  6139 I amlaudioMixer: port index 0 is active now
10-12 17:00:25.076  2753  6139 I audio-subMixingFactory: padding_bytes 14336
10-12 17:00:25.076  2753  6139 I audio-subMixingFactory: padding_bytes 12288
10-12 17:00:25.076  2753  6139 I audio-subMixingFactory: padding_bytes 10240
10-12 17:00:25.076  2753  6139 I audio-subMixingFactory: padding_bytes 8192
10-12 17:00:25.076  2753  6139 I audio-subMixingFactory: padding_bytes 6144
10-12 17:00:25.080  2753  6139 I audio-subMixingFactory: padding_bytes 4096
10-12 17:00:25.080  2753  6139 I audio-subMixingFactory: padding_bytes 2048
10-12 17:00:25.090  2753  6139 W amlaudioMixer: mixer_get_presentation_position(), not valid now
10-12 17:00:25.090  2753  6139 W audio-subMixingFactory: out_get_presentation_position_port(), pts not valid yet
10-12 17:00:25.101  2753  6139 W amlaudioMixer: mixer_get_presentation_position(), not valid now
10-12 17:00:25.101  2753  6139 W audio-subMixingFactory: out_get_presentation_position_port(), pts not valid yet
10-12 17:00:25.115  2773  2923 D AudioFlinger: mixer(0xef603280) throttle end: throttle time(6)
10-12 17:00:25.121  8582  8582 I FeedAppLifecycleLstnr: onEnterForeground called
10-12 17:00:25.121  8582  8582 I FeedSessionManagerImpl: onLifecycleEvent foreground
10-12 17:00:25.126  2965  8481 D ConnectivityService: requestNetwork for uid/pid:10084/8582 NetworkRequest [ TRACK_DEFAULT id=292, [ Capabilities: INTERNET&NOT_RESTRICTED&TRUSTED Unwanted:  Uid: 10084] ]
10-12 17:00:25.127  2965  3053 D WIFI    : got request NetworkRequest [ TRACK_DEFAULT id=292, [ Capabilities: INTERNET&NOT_RESTRICTED&TRUSTED Unwanted:  Uid: 10084] ] with score 70
10-12 17:00:25.127  2965  3077 D Ethernet: got request NetworkRequest [ TRACK_DEFAULT id=292, [ Capabilities: INTERNET&NOT_RESTRICTED&TRUSTED Unwanted:  Uid: 10084] ] with score 70
10-12 17:00:25.128  3184  3184 D PhoneSwitcherNetworkRequstListener: got request NetworkRequest [ TRACK_DEFAULT id=292, [ Capabilities: INTERNET&NOT_RESTRICTED&TRUSTED Unwanted:  Uid: 10084] ] with score 70
10-12 17:00:25.128  2965  3053 D WIFI_UT : got request NetworkRequest [ TRACK_DEFAULT id=292, [ Capabilities: INTERNET&NOT_RESTRICTED&TRUSTED Unwanted:  Uid: 10084] ] with score 70
10-12 17:00:25.151  8582  8613 D mali_winsys: EGLint new_window_surface(egl_winsys_display *, void *, EGLSurface, EGLConfig, egl_winsys_surface **, EGLBoolean) returns 0x3000
10-12 17:00:25.155  8582  8582 E cr_CompositorSurfaceMgr: surfaceCreated format : 0
10-12 17:00:25.162  8656  8674 D mali_winsys: EGLint new_window_surface(egl_winsys_display *, void *, EGLSurface, EGLConfig, egl_winsys_surface **, EGLBoolean) returns 0x3000
10-12 17:00:25.164  2763  2911 I [Gralloc]: framebuffer hal alread move to hwcomposer
10-12 17:00:25.197  2763  2911 I [Gralloc]: framebuffer hal alread move to hwcomposer
10-12 17:00:25.216  3923  3923 D skia    : --- Failed to create image decoder with message 'unimplemented'
10-12 17:00:25.223  2763  2911 I [Gralloc]: framebuffer hal alread move to hwcomposer
10-12 17:00:25.250  3923  3923 D skia    : --- Failed to create image decoder with message 'unimplemented'
10-12 17:00:25.251  2763  2911 I [Gralloc]: framebuffer hal alread move to hwcomposer
10-12 17:00:25.257  2763  2910 I [Gralloc]: framebuffer hal alread move to hwcomposer
10-12 17:00:25.428  2775  2815 W SurfaceFlinger: Attempting to set client state on removed layer: SnapshotStartingWindow for taskId=32#0
10-12 17:00:25.428  2775  2815 W SurfaceFlinger: Attempting to destroy on removed layer: SnapshotStartingWindow for taskId=32#0
10-12 17:00:25.465  2775  2817 E BufferQueueProducer: [com.android.launcher3/com.android.launcher3.Launcher#0] disconnect: not connected (req=1)
10-12 17:00:25.465  3544  3734 W libEGL  : EGLNativeWindowType 0xcf329008 disconnect failed
10-12 17:00:25.516  2763  2910 I [Gralloc]: framebuffer hal alread move to hwcomposer
10-12 17:00:28.153  2753  2924 D audio-subMixingFactory: out_standby_subMixingPCM: out_stream(0xec74aa00) usecase: STREAM_PCM_NORMAL
10-12 17:00:28.153  2753  2924 I audio-subMixingFactory: ++usecase_change_validate_l_sm(), dev usecase masks = 0x1, is_standby = 1, out usecase STREAM_PCM_NORMAL
10-12 17:00:28.153  2753  2924 I audio-subMixingFactory: --usecase_change_validate_l_sm(), dev usecase masks = 0, is_standby = 1, out usecase STREAM_PCM_NORMAL
10-12 17:00:28.153  2753  2924 I amlaudioMixer: ++delete_mixer_input_port port ID: 0
10-12 17:00:33.627  2965  4723 I ActivityManager: Killing 8615:com.android.chrome:sandboxed_process0/u0a84i8 (adj 0): isolated not needed
10-12 17:00:33.629  2965  2983 W libprocessgroup: kill(-8615, 9) failed: No such process
10-12 17:00:33.654  2965  2983 W libprocessgroup: kill(-8615, 9) failed: No such process
10-12 17:00:33.672  2745  2745 I Zygote  : Process 8615 exited due to signal (9)
10-12 17:00:33.693  2965  2983 W libprocessgroup: kill(-8615, 9) failed: No such process
10-12 17:00:33.693  2965  2983 I libprocessgroup: Successfully killed process cgroup uid 99008 pid 8615 in 65ms
10-12 17:00:35.266  3923  3923 D skia    : --- Failed to create image decoder with message 'unimplemented'
10-12 17:00:35.277  3923  3923 D skia    : --- Failed to create image decoder with message 'unimplemented'
10-12 17:00:35.269  3923  3923 I tutu.ABenchMark: type=1400 audit(0.0:2023): avc: denied { open } for path="/proc/stat" dev="proc" ino=4026531957 scontext=u:r:untrusted_app_27:s0:c512,c768 tcontext=u:object_r:proc_stat:s0 tclass=file permissive=1
10-12 17:00:39.461  2965  3036 W ActivityManager: Unable to start service Intent { act=com.antutu.ABenchMark.intent.action.COCKROACH flg=0x4 (has extras) } U=0: not found
10-12 17:00:39.465  2965  6224 D ConnectivityService: requestNetwork for uid/pid:10023/5742 NetworkRequest [ TRACK_DEFAULT id=294, [ Capabilities: INTERNET&NOT_RESTRICTED&TRUSTED Unwanted:  Uid: 10023] ]
10-12 17:00:39.465  2965  3053 D WIFI    : got request NetworkRequest [ TRACK_DEFAULT id=294, [ Capabilities: INTERNET&NOT_RESTRICTED&TRUSTED Unwanted:  Uid: 10023] ] with score 70
10-12 17:00:39.465  2965  3077 D Ethernet: got request NetworkRequest [ TRACK_DEFAULT id=294, [ Capabilities: INTERNET&NOT_RESTRICTED&TRUSTED Unwanted:  Uid: 10023] ] with score 70
10-12 17:00:39.465  3184  3184 D PhoneSwitcherNetworkRequstListener: got request NetworkRequest [ TRACK_DEFAULT id=294, [ Capabilities: INTERNET&NOT_RESTRICTED&TRUSTED Unwanted:  Uid: 10023] ] with score 70
10-12 17:00:39.465  2965  3053 D WIFI_UT : got request NetworkRequest [ TRACK_DEFAULT id=294, [ Capabilities: INTERNET&NOT_RESTRICTED&TRUSTED Unwanted:  Uid: 10023] ] with score 70
10-12 17:00:39.472  2965  2980 E NotificationService: Suppressing notification from package by user request.
10-12 17:00:39.477  2965  3055 D ConnectivityService: releasing NetworkRequest [ TRACK_DEFAULT id=294, [ Capabilities: INTERNET&NOT_RESTRICTED&TRUSTED Unwanted:  Uid: 10023] ] (release request)
10-12 17:00:39.517  3502  8840 I NetworkScheduler.Stats: Task com.google.android.gms/com.google.android.gms.icing.service.IcingGcmTaskService started execution. cause:4 exec_start_elapsed_seconds: 5041 [CONTEXT service_id=218 ]
10-12 17:00:39.526  3502  3878 I NetworkScheduler.Stats: Task com.google.android.gms/com.google.android.gms.icing.service.IcingGcmTaskService finished executing. cause:4 result: 1 elapsed_millis: 29 uptime_millis: 29 exec_start_elapsed_seconds: 5041 [CONTEXT service_id=218 ]
10-12 17:00:39.530  3612  8090 I Icing   : Indexing com.android.chrome-internal.3p:WebPage from com.android.chrome using seqno 0
10-12 17:00:39.533  3612  8090 I chatty  : uid=10064(com.google.android.gms) lowpool[12] identical 1 line
10-12 17:00:39.536  3612  8090 I Icing   : Indexing com.android.chrome-internal.3p:WebPage from com.android.chrome using seqno 0
10-12 17:00:40.852  2763  2910 I [Gralloc]: framebuffer hal alread move to hwcomposer
10-12 17:00:40.853  2965  2965 I android.display: type=1400 audit(0.0:2025): avc: denied { read } for name="gralloc.odroidn2.so" dev="mmcblk0p12" ino=705 scontext=u:r:system_server:s0 tcontext=u:object_r:vendor_file:s0 tclass=file permissive=1
10-12 17:00:41.088  2763  2910 I [Gralloc]: framebuffer hal alread move to hwcomposer
10-12 17:00:41.104  8582  8582 V MediaRouter: Adding route: RouteInfo{ name=Tablet, description=null, status=null, category=RouteCategory{ name=System types=ROUTE_TYPE_LIVE_AUDIO ROUTE_TYPE_LIVE_VIDEO  groupable=false }, supportedTypes=ROUTE_TYPE_LIVE_AUDIO ROUTE_TYPE_LIVE_VIDEO , presentationDisplay=null }
10-12 17:00:41.112  8582  8582 V MediaRouter: Audio routes updated: AudioRoutesInfo{ type=HDMI }, a2dp=false
10-12 17:00:41.112  8582  8582 V MediaRouter: Selecting route: RouteInfo{ name=HDMI, description=null, status=null, category=RouteCategory{ name=System types=ROUTE_TYPE_LIVE_AUDIO ROUTE_TYPE_LIVE_VIDEO  groupable=false }, supportedTypes=ROUTE_TYPE_LIVE_AUDIO ROUTE_TYPE_LIVE_VIDEO , presentationDisplay=null }
10-12 17:00:41.119  8582  8582 I MediaRouter: Found default route: MediaRouter.RouteInfo{ uniqueId=android/Xf:DEFAULT_ROUTE, name=HDMI, description=null, iconUri=null, enabled=true, connecting=false, connectionState=0, canDisconnect=false, playbackType=0, playbackStream=3, deviceType=0, volumeHandling=1, volume=5, volumeMax=15, presentationDisplayId=-1, extras=null, settingsIntent=null, providerPackageName=android }
10-12 17:00:41.119  8582  8582 I MediaRouter: Unselecting the current route because it is no longer selectable: null
10-12 17:00:41.123  8582  8582 V MediaRouter: Selecting route: RouteInfo{ name=HDMI, description=null, status=null, category=RouteCategory{ name=System types=ROUTE_TYPE_LIVE_AUDIO ROUTE_TYPE_LIVE_VIDEO  groupable=false }, supportedTypes=ROUTE_TYPE_LIVE_AUDIO ROUTE_TYPE_LIVE_VIDEO , presentationDisplay=null }
10-12 17:00:41.186  8656  8690 W AudioCapabilities: Unsupported mime audio/dtshd
10-12 17:00:41.189  8656  8690 W AudioCapabilities: Unsupported mime audio/ffmpeg
10-12 17:00:41.194  3612  3612 W DiscoveryManager: BroadcastReceiver is already registered
10-12 17:00:41.195  3612  4065 I DiscoveryManager: Filter criteria(233637DE,37F83649) scannerFlags(0)
10-12 17:00:41.198  3612  4065 W GuestModeDeviceProber: setFilterCriteria
10-12 17:00:41.203  3612  4065 E DeviceScanner: [BLE] Failed to start scan because the Bluetooth is disabled.
10-12 17:00:41.204  8656  8690 W VideoCapabilities: Unsupported mime video/x-vnd.on2.vp6a
10-12 17:00:41.207  8656  8690 W VideoCapabilities: Unsupported mime video/x-vnd.on2.vp6f
10-12 17:00:41.213  8656  8690 W VideoCapabilities: Unsupported mime video/avs
10-12 17:00:41.219  8656  8690 W VideoCapabilities: Unrecognized profile 4 for video/hevc
10-12 17:00:41.221  8656  8690 W VideoCapabilities: Unsupported mime video/mjpeg
10-12 17:00:41.222  8656  8690 W VideoCapabilities: Unrecognized profile/level 0/3 for video/mpeg2
10-12 17:00:41.222  8656  8690 I VideoCapabilities: Unsupported profile 2 for video/mpeg2
10-12 17:00:41.222  8656  8690 I VideoCapabilities: Unsupported profile 3 for video/mpeg2
10-12 17:00:41.222  8656  8690 I VideoCapabilities: Unsupported profile 4 for video/mpeg2
10-12 17:00:41.222  8656  8690 I VideoCapabilities: Unsupported profile 5 for video/mpeg2
10-12 17:00:41.224  8656  8690 I VideoCapabilities: Unsupported profile 2 for video/mp4v-es
10-12 17:00:41.224  8656  8690 I VideoCapabilities: Unsupported profile 4 for video/mp4v-es
10-12 17:00:41.224  8656  8690 I VideoCapabilities: Unsupported profile 8 for video/mp4v-es
10-12 17:00:41.224  8656  8690 I VideoCapabilities: Unsupported profile 16 for video/mp4v-es
10-12 17:00:41.224  8656  8690 I VideoCapabilities: Unsupported profile 32 for video/mp4v-es
10-12 17:00:41.224  8656  8690 I VideoCapabilities: Unsupported profile 64 for video/mp4v-es
10-12 17:00:41.224  8656  8690 I VideoCapabilities: Unsupported profile 128 for video/mp4v-es
10-12 17:00:41.224  8656  8690 I VideoCapabilities: Unsupported profile 256 for video/mp4v-es
10-12 17:00:41.224  8656  8690 I VideoCapabilities: Unsupported profile 512 for video/mp4v-es
10-12 17:00:41.224  8656  8690 I VideoCapabilities: Unsupported profile 1024 for video/mp4v-es
10-12 17:00:41.224  8656  8690 I VideoCapabilities: Unsupported profile 2048 for video/mp4v-es
10-12 17:00:41.224  8656  8690 I VideoCapabilities: Unsupported profile 4096 for video/mp4v-es
10-12 17:00:41.224  8656  8690 I VideoCapabilities: Unsupported profile 8192 for video/mp4v-es
10-12 17:00:41.224  8656  8690 I VideoCapabilities: Unsupported profile 16384 for video/mp4v-es
10-12 17:00:41.226  8656  8690 W VideoCapabilities: Unsupported mime video/rm10
10-12 17:00:41.227  8656  8690 W VideoCapabilities: Unsupported mime video/rm20
10-12 17:00:41.235  8656  8690 W VideoCapabilities: Unsupported mime video/rm30
10-12 17:00:41.237  8656  8690 W VideoCapabilities: Unsupported mime video/rm40
10-12 17:00:41.238  8656  8690 W VideoCapabilities: Unsupported mime video/vc1
10-12 17:00:41.239  8656  8690 W Utils   : could not parse long range '1-'
10-12 17:00:41.240  8656  8690 W VideoCapabilities: Unrecognized level 16 for video/x-vnd.on2.vp8
10-12 17:00:41.240  8656  8690 W VideoCapabilities: Unrecognized level 32 for video/x-vnd.on2.vp8
10-12 17:00:41.240  8656  8690 W VideoCapabilities: Unrecognized level 64 for video/x-vnd.on2.vp8
10-12 17:00:41.240  8656  8690 W VideoCapabilities: Unrecognized level 128 for video/x-vnd.on2.vp8
10-12 17:00:41.240  8656  8690 W VideoCapabilities: Unrecognized level 256 for video/x-vnd.on2.vp8
10-12 17:00:41.240  8656  8690 W VideoCapabilities: Unrecognized level 512 for video/x-vnd.on2.vp8
10-12 17:00:41.240  8656  8690 W VideoCapabilities: Unrecognized level 1024 for video/x-vnd.on2.vp8
10-12 17:00:41.240  8656  8690 W VideoCapabilities: Unrecognized level 2048 for video/x-vnd.on2.vp8
10-12 17:00:41.240  8656  8690 W VideoCapabilities: Unrecognized level 4096 for video/x-vnd.on2.vp8
10-12 17:00:41.240  8656  8690 W VideoCapabilities: Unrecognized level 8192 for video/x-vnd.on2.vp8
10-12 17:00:41.240  8656  8690 W VideoCapabilities: Unrecognized level 16384 for video/x-vnd.on2.vp8
10-12 17:00:41.240  8656  8690 W VideoCapabilities: Unrecognized level 32768 for video/x-vnd.on2.vp8
10-12 17:00:41.245  8656  8690 W VideoCapabilities: Unsupported mime video/wmv3
10-12 17:00:41.247  8656  8690 W VideoCapabilities: Unsupported mime video/wmv1
10-12 17:00:41.248  8656  8690 W VideoCapabilities: Unsupported mime video/wmv2
10-12 17:00:41.250  8656  8690 W VideoCapabilities: Unsupported mime video/x-ms-wmv
10-12 17:00:41.251  8656  8690 W VideoCapabilities: Unsupported mime video/wvc1
10-12 17:00:41.251  8656  8690 W Utils   : could not parse long range '1-'
10-12 17:00:41.255  8656  8690 I VideoCapabilities: Unsupported profile 4 for video/mp4v-es
10-12 17:00:41.258  8656  8690 W cr_MediaCodecUtil: HW encoder for video/avc is not available on this device.
10-12 17:00:42.472  3612  3612 W DiscoveryManager: BroadcastReceiver is already registered
10-12 17:00:42.473  3612 12239 I DiscoveryManager: Filter criteria(233637DE) scannerFlags(0)
10-12 17:00:42.474  3612 12239 W GuestModeDeviceProber: setFilterCriteria
10-12 17:00:42.476  3612 12239 E DeviceScanner: [BLE] Failed to start scan because the Bluetooth is disabled.
10-12 17:00:42.477  2763  2910 I [Gralloc]: framebuffer hal alread move to hwcomposer
10-12 17:00:42.749  2763  2910 I [Gralloc]: framebuffer hal alread move to hwcomposer
10-12 17:00:42.770  3612  3612 W DiscoveryManager: BroadcastReceiver is already registered
10-12 17:00:42.770  3612 12239 I DiscoveryManager: Filter criteria(233637DE,37F83649) scannerFlags(0)
10-12 17:00:42.772  3612 12239 W GuestModeDeviceProber: setFilterCriteria
10-12 17:00:42.776  3612 12239 E DeviceScanner: [BLE] Failed to start scan because the Bluetooth is disabled.
10-12 17:00:43.320  8582  8582 W cr_SpanAutocomplete: Did not notify - ignored.
10-12 17:00:43.343  8582  8582 W cr_SpanAutocomplete: Did not notify - ignored.
10-12 17:00:43.354  2965  6224 D PackageManager: [8a22ee16-b14c-4cb8-b0f7-14ca0dda8696] Phase1; resolving
10-12 17:00:43.354  2965  2982 I ActivityManager: Start proc 12303:com.android.chrome:sandboxed_process12/u0i20 for service com.android.chrome/org.chromium.content.app.SandboxedProcessService12
10-12 17:00:43.355  3502  3516 V PackageManager: [8a22ee16-b14c-4cb8-b0f7-14ca0dda8696] Phase1 called; posting
10-12 17:00:43.355  3502  3502 D PackageManager: [8a22ee16-b14c-4cb8-b0f7-14ca0dda8696] Phase1 request; prefix: [-1031127040, -758845440, -517918720, -399695872, -34541568, 128425984, 928051200, 967385088, 1132531712, 1235644416, 1281056768, 1451290624, 1745362944, 1857548288, 1985171456, 1988980736]
10-12 17:00:43.355 12303 12303 I Zygote  : seccomp disabled by setenforce 0
10-12 17:00:43.359 12303 12303 W boxed_process1: Using default instruction set features for ARM CPU variant (cortex-a9) using conservative defaults
10-12 17:00:43.362  2965  6224 D PackageManager: [8a22ee16-b14c-4cb8-b0f7-14ca0dda8696] Phase1; No results matched
10-12 17:00:43.386  3502  5439 E AsyncOperation: serviceID=121, operation=GetLaunchDataOperation [CONTEXT service_id=259 ]
10-12 17:00:43.386  3502  5439 E AsyncOperation: OperationException[Status{statusCode=Not an instant app, resolution=null}]
10-12 17:00:43.386  3502  5439 E AsyncOperation: 	at aeck.a(:com.google.android.gms@203615025@20.36.15 (100304-333172415):20)
10-12 17:00:43.386  3502  5439 E AsyncOperation: 	at aakz.run(:com.google.android.gms@203615025@20.36.15 (100304-333172415):11)
10-12 17:00:43.386  3502  5439 E AsyncOperation: 	at bonr.run(:com.google.android.gms@203615025@20.36.15 (100304-333172415):2)
10-12 17:00:43.386  3502  5439 E AsyncOperation: 	at svn.b(:com.google.android.gms@203615025@20.36.15 (100304-333172415):12)
10-12 17:00:43.386  3502  5439 E AsyncOperation: 	at svn.run(:com.google.android.gms@203615025@20.36.15 (100304-333172415):7)
10-12 17:00:43.386  3502  5439 E AsyncOperation: 	at java.util.concurrent.ThreadPoolExecutor.runWorker(ThreadPoolExecutor.java:1167)
10-12 17:00:43.386  3502  5439 E AsyncOperation: 	at java.util.concurrent.ThreadPoolExecutor$Worker.run(ThreadPoolExecutor.java:641)
10-12 17:00:43.386  3502  5439 E AsyncOperation: 	at tbn.run(:com.google.android.gms@203615025@20.36.15 (100304-333172415):0)
10-12 17:00:43.386  3502  5439 E AsyncOperation: 	at java.lang.Thread.run(Thread.java:764)
10-12 17:00:43.393  2763  2910 I [Gralloc]: framebuffer hal alread move to hwcomposer
10-12 17:00:43.401  8582  8582 I cr_tabmodel: Appending tabs being restored to metadata lists, 0, startingNormalCount: 2, startingIncognitoCount: 0
10-12 17:00:43.401  8582  8582 I cr_tabmodel: Serializing tab lists; counts: 2, 0
10-12 17:00:43.418  2763  2910 I [Gralloc]: framebuffer hal alread move to hwcomposer
10-12 17:00:43.418  2763  2910 E gralloc : ioctl c0144900 failed with code -1: Operation not permitted
10-12 17:00:43.424  8582  8647 I cr_OPArchivePublisher: ADM threw while trying to remove a download. java.lang.IllegalArgumentException: input param 'ids' can't be null
10-12 17:00:43.393  2775  2775 I Binder:2775_5: type=1400 audit(0.0:2028): avc: denied { read } for name="gralloc.odroidn2.so" dev="mmcblk0p12" ino=705 scontext=u:r:surfaceflinger:s0 tcontext=u:object_r:vendor_file:s0 tclass=file permissive=1
10-12 17:00:43.455 12303 12303 I LoadedApk: No resource references to update in package com.android.chrome.autofill_assistant
10-12 17:00:43.457 12303 12303 I cr_ChildProcessService: Creating new ChildProcessService pid=12303
10-12 17:00:43.393  2775  2775 I Binder:2775_5: type=1400 audit(0.0:2029): avc: denied { open } for path="/vendor/lib/hw/gralloc.odroidn2.so" dev="mmcblk0p12" ino=705 scontext=u:r:surfaceflinger:s0 tcontext=u:object_r:vendor_file:s0 tclass=file permissive=1
