10-12 16:56:34.633  3923  3923 I tutu.ABenchMark: type=1400 audit(0.0:1763): avc: denied { open } for path="/proc/stat" dev="proc" ino=4026531957 scontext=u:r:untrusted_app_27:s0:c512,c768 tcontext=u:object_r:proc_stat:s0 tclass=file permissive=1
10-12 16:56:34.637  3923  3923 I tutu.ABenchMark: type=1400 audit(0.0:1765): avc: denied { read } for name="temp" dev="sysfs" ino=8951 scontext=u:r:untrusted_app_27:s0:c512,c768 tcontext=u:object_r:sysfs:s0 tclass=file permissive=1
10-12 16:56:35.801  2965  2976 D ConnectivityService: requestNetwork for uid/pid:10084/8582 NetworkRequest [ TRACK_DEFAULT id=278, [ Capabilities: INTERNET&NOT_RESTRICTED&TRUSTED Unwanted:  Uid: 10084] ]
10-12 16:56:35.802  2965  3077 D Ethernet: got request NetworkRequest [ TRACK_DEFAULT id=278, [ Capabilities: INTERNET&NOT_RESTRICTED&TRUSTED Unwanted:  Uid: 10084] ] with score 70
10-12 16:56:35.803  2965  3053 D WIFI    : got request NetworkRequest [ TRACK_DEFAULT id=278, [ Capabilities: INTERNET&NOT_RESTRICTED&TRUSTED Unwanted:  Uid: 10084] ] with score 70
10-12 16:56:35.803  2965  3053 D WIFI_UT : got request NetworkRequest [ TRACK_DEFAULT id=278, [ Capabilities: INTERNET&NOT_RESTRICTED&TRUSTED Unwanted:  Uid: 10084] ] with score 70
10-12 16:56:35.803  3184  3184 D PhoneSwitcherNetworkRequstListener: got request NetworkRequest [ TRACK_DEFAULT id=278, [ Capabilities: INTERNET&NOT_RESTRICTED&TRUSTED Unwanted:  Uid: 10084] ] with score 70
10-12 16:56:35.805  8582  8582 E cr_BTSPrefs: No data found for task id: 53
10-12 16:56:35.805  8582  8582 E cr_BkgrdTaskScheduler: Task cannot be canceled because no data was found instorage or data was invalid
10-12 16:56:39.226  2965  4723 D ConnectivityService: requestNetwork for uid/pid:10023/5742 NetworkRequest [ TRACK_DEFAULT id=280, [ Capabilities: INTERNET&NOT_RESTRICTED&TRUSTED Unwanted:  Uid: 10023] ]
10-12 16:56:39.227  2965  3053 D WIFI    : got request NetworkRequest [ TRACK_DEFAULT id=280, [ Capabilities: INTERNET&NOT_RESTRICTED&TRUSTED Unwanted:  Uid: 10023] ] with score 70
10-12 16:56:39.227  2965  3077 D Ethernet: got request NetworkRequest [ TRACK_DEFAULT id=280, [ Capabilities: INTERNET&NOT_RESTRICTED&TRUSTED Unwanted:  Uid: 10023] ] with score 70
10-12 16:56:39.228  3184  3184 D PhoneSwitcherNetworkRequstListener: got request NetworkRequest [ TRACK_DEFAULT id=280, [ Capabilities: INTERNET&NOT_RESTRICTED&TRUSTED Unwanted:  Uid: 10023] ] with score 70
10-12 16:56:39.229  2965  3053 D WIFI_UT : got request NetworkRequest [ TRACK_DEFAULT id=280, [ Capabilities: INTERNET&NOT_RESTRICTED&TRUSTED Unwanted:  Uid: 10023] ] with score 70
10-12 16:56:39.241  2965  2980 E NotificationService: Suppressing notification from package by user request.
10-12 16:56:39.244  2965  3055 D ConnectivityService: releasing NetworkRequest [ TRACK_DEFAULT id=280, [ Capabilities: INTERNET&NOT_RESTRICTED&TRUSTED Unwanted:  Uid: 10023] ] (release request)
10-12 16:56:39.265  2767  2767 I memtrack@1.0-se: type=1400 audit(0.0:1768): avc: denied { read } for name="mem_profile" dev="debugfs" ino=435659 scontext=u:r:hal_memtrack_default:s0 tcontext=u:object_r:debugfs:s0 tclass=file permissive=1
10-12 16:56:39.589  2965  2982 I ActivityManager: Start proc 9112:com.android.chrome:sandboxed_process2/u0i10 for service com.android.chrome/org.chromium.content.app.SandboxedProcessService2
10-12 16:56:39.592  2965  4723 D PackageManager: [8f3f8f5f-e56c-4c2e-a068-f487dd3e7028] Phase1; resolving
10-12 16:56:39.592  9112  9112 I Zygote  : seccomp disabled by setenforce 0
10-12 16:56:39.593  3502  3516 V PackageManager: [8f3f8f5f-e56c-4c2e-a068-f487dd3e7028] Phase1 called; posting
10-12 16:56:39.593  3502  3502 D PackageManager: [8f3f8f5f-e56c-4c2e-a068-f487dd3e7028] Phase1 request; prefix: [-1878618112, -1714434048, -1296592896, -1178451968, -1146945536, -1090928640, -1062723584, -496410624, -423100416, -413458432, -411693056, -90382336, 499154944, 1034878976, 1455255552, 1658777600, 2030063616]
10-12 16:56:39.597  9112  9112 W dboxed_process: Using default instruction set features for ARM CPU variant (cortex-a9) using conservative defaults
10-12 16:56:39.605  2965  4723 D PackageManager: [8f3f8f5f-e56c-4c2e-a068-f487dd3e7028] Phase1; No results matched
10-12 16:56:39.629  9112  9112 I dboxed_process2: type=1400 audit(0.0:1771): avc: denied { getattr } for path="/data/data/com.android.chrome" dev="mmcblk0p16" ino=1310916 scontext=u:r:isolated_app:s0:c10,c256,c512,c768 tcontext=u:object_r:app_data_file:s0:c84,c256,c512,c768 tclass=dir permissive=1
10-12 16:56:39.644  9112  9112 I LoadedApk: No resource references to update in package com.android.chrome.autofill_assistant
10-12 16:56:39.646  9112  9112 I cr_ChildProcessService: Creating new ChildProcessService pid=9112
10-12 16:56:39.700  9112  9132 I cr_LibraryLoader: Loaded native library version number "86.0.4240.75"
10-12 16:56:39.701  9112  9132 I cr_CachingUmaRecorder: Flushed 1 samples from 1 histograms.
10-12 16:56:39.773  8582  8582 W cr_SpanAutocomplete: Did not notify - ignored.
10-12 16:56:41.194  4727  5623 I tnet-jni: 239 - [spdyPingRecvCallback] - 
10-12 16:56:41.194  4727  5623 I tnet-jni: 239 - [SpdySessionCallBack.spdyPingRecvCallback] - org.android.spdy.SpdySession@ff4a1e2
10-12 16:56:42.413  3502  3516 W Icing   : isOptedInForAppHistory: empty Account Name encountered
10-12 16:56:42.430  3502  3516 W Icing   : isOptedInForAppHistory: empty Account Name encountered
10-12 16:56:42.440  3502  3878 W Icing   : isOptedInForAppHistory: empty Account Name encountered
10-12 16:56:43.248  8582  8582 I cr_tabmodel: Appending tabs being restored to metadata lists, 0, startingNormalCount: 1, startingIncognitoCount: 0
10-12 16:56:43.248  8582  8582 I cr_tabmodel: Serializing tab lists; counts: 1, 0
10-12 16:56:44.656  3923  3923 D skia    : --- Failed to create image decoder with message 'unimplemented'
10-12 16:56:44.680  3923  3923 D skia    : --- Failed to create image decoder with message 'unimplemented'
10-12 16:56:44.669  3923  3923 I tutu.ABenchMark: type=1400 audit(0.0:1772): avc: denied { open } for path="/proc/stat" dev="proc" ino=4026531957 scontext=u:r:untrusted_app_27:s0:c512,c768 tcontext=u:object_r:proc_stat:s0 tclass=file permissive=1
10-12 16:56:44.673  3923  3923 I tutu.ABenchMark: type=1400 audit(0.0:1774): avc: denied { read } for name="temp" dev="sysfs" ino=8951 scontext=u:r:untrusted_app_27:s0:c512,c768 tcontext=u:object_r:sysfs:s0 tclass=file permissive=1
10-12 16:56:48.512  2763  2910 I [Gralloc]: framebuffer hal alread move to hwcomposer
10-12 16:56:48.509  2775  2775 I Binder:2775_1: type=1400 audit(0.0:1777): avc: denied { read } for name="gralloc.odroidn2.so" dev="mmcblk0p12" ino=705 scontext=u:r:surfaceflinger:s0 tcontext=u:object_r:vendor_file:s0 tclass=file permissive=1
10-12 16:56:48.513  2965  2965 I android.display: type=1400 audit(0.0:1782): avc: denied { getattr } for path="/vendor/lib/hw/gralloc.odroidn2.so" dev="mmcblk0p12" ino=705 scontext=u:r:system_server:s0 tcontext=u:object_r:vendor_file:s0 tclass=file permissive=1
10-12 16:56:51.989  9285  9285 I Zygote  : seccomp disabled by setenforce 0
10-12 16:56:51.992  2965  2982 I ActivityManager: Start proc 9285:com.instagram.android/u0a52 for broadcast com.instagram.android/com.instagram.analytics.uploadscheduler.AnalyticsUploadAlarmReceiver
10-12 16:56:51.996  9285  9285 W stagram.androi: Using default instruction set features for ARM CPU variant (cortex-a9) using conservative defaults
10-12 16:56:52.008  9300  9300 I Zygote  : seccomp disabled by setenforce 0
10-12 16:56:52.009  2965  2982 I ActivityManager: Start proc 9300:com.android.vending/u0a63 for service com.android.vending/com.google.android.finsky.scheduler.process.mainimpl.PhoneskyJobServiceMain
10-12 16:56:52.011  9300  9300 W android.vendin: Using default instruction set features for ARM CPU variant (cortex-a9) using conservative defaults
10-12 16:56:52.077  9285  9285 E LoadedApk: Unable to instantiate appComponentFactory
10-12 16:56:52.077  9285  9285 E LoadedApk: java.lang.ClassNotFoundException: Didn't find class "androidx.core.app.CoreComponentFactory" on path: DexPathList[[zip file "/system/framework/com.google.android.maps.jar", zip file "/system/framework/org.apache.http.legacy.boot.jar", zip file "/data/app/com.instagram.android-dzPW2Utbj8gaWgy-e-c-DQ==/base.apk"],nativeLibraryDirectories=[/data/app/com.instagram.android-dzPW2Utbj8gaWgy-e-c-DQ==/lib/arm, /data/app/com.instagram.android-dzPW2Utbj8gaWgy-e-c-DQ==/base.apk!/lib/armeabi-v7a, /system/lib]]
10-12 16:56:52.077  9285  9285 E LoadedApk: 	at dalvik.system.BaseDexClassLoader.findClass(BaseDexClassLoader.java:134)
10-12 16:56:52.077  9285  9285 E LoadedApk: 	at java.lang.ClassLoader.loadClass(ClassLoader.java:379)
10-12 16:56:52.077  9285  9285 E LoadedApk: 	at java.lang.ClassLoader.loadClass(ClassLoader.java:312)
10-12 16:56:52.077  9285  9285 E LoadedApk: 	at android.app.LoadedApk.createAppFactory(LoadedApk.java:226)
10-12 16:56:52.077  9285  9285 E LoadedApk: 	at android.app.LoadedApk.createOrUpdateClassLoaderLocked(LoadedApk.java:731)
10-12 16:56:52.077  9285  9285 E LoadedApk: 	at android.app.LoadedApk.getClassLoader(LoadedApk.java:810)
10-12 16:56:52.077  9285  9285 E LoadedApk: 	at android.app.LoadedApk.getResources(LoadedApk.java:1032)
10-12 16:56:52.077  9285  9285 E LoadedApk: 	at android.app.ContextImpl.createAppContext(ContextImpl.java:2345)
10-12 16:56:52.077  9285  9285 E LoadedApk: 	at android.app.ActivityThread.handleBindApplication(ActivityThread.java:5749)
10-12 16:56:52.077  9285  9285 E LoadedApk: 	at android.app.ActivityThread.access$1100(ActivityThread.java:199)
10-12 16:56:52.077  9285  9285 E LoadedApk: 	at android.app.ActivityThread$H.handleMessage(ActivityThread.java:1650)
10-12 16:56:52.077  9285  9285 E LoadedApk: 	at android.os.Handler.dispatchMessage(Handler.java:106)
10-12 16:56:52.077  9285  9285 E LoadedApk: 	at android.os.Looper.loop(Looper.java:193)
10-12 16:56:52.077  9285  9285 E LoadedApk: 	at android.app.ActivityThread.main(ActivityThread.java:6669)
10-12 16:56:52.077  9285  9285 E LoadedApk: 	at java.lang.reflect.Method.invoke(Native Method)
10-12 16:56:52.077  9285  9285 E LoadedApk: 	at com.android.internal.os.RuntimeInit$MethodAndArgsCaller.run(RuntimeInit.java:493)
10-12 16:56:52.077  9285  9285 E LoadedApk: 	at com.android.internal.os.ZygoteInit.main(ZygoteInit.java:858)
10-12 16:56:52.078  9285  9285 W stagram.androi: resources.arsc in APK '/data/app/com.instagram.android-dzPW2Utbj8gaWgy-e-c-DQ==/base.apk' is compressed.
10-12 16:56:52.098  9300  9300 I Finsky  : [2] fzu.ay(5): Process created at version: 22.2.13-21 [0] [PR] 335073928
10-12 16:56:52.184  9285  9285 W CrashLoopRemedyLog: unable to delete remedy log, instaCrash: false
10-12 16:56:52.185  9285  9285 W CrashLoopRemedyLog: unable to delete remedy log, instaCrash: true
10-12 16:56:52.181  9285  9285 I stagram.android: type=1400 audit(0.0:1783): avc: denied { read } for name="zoneinfo" dev="proc" ino=4026531994 scontext=u:r:untrusted_app:s0:c52,c256,c512,c768 tcontext=u:object_r:proc_zoneinfo:s0 tclass=file permissive=1
10-12 16:56:52.248  9285  9285 E ACRA    : Initializing ANR detector for process: com.instagram.android
10-12 16:56:52.252  9285  9343 W AppStateLoggerCore: Failed to get webview version
10-12 16:56:52.252  9285  9343 W AppStateLoggerCore: android.content.pm.PackageManager$NameNotFoundException: com.google.android.webview
10-12 16:56:52.252  9285  9343 W AppStateLoggerCore: 	at android.app.ApplicationPackageManager.getPackageInfoAsUser(ApplicationPackageManager.java:181)
10-12 16:56:52.252  9285  9343 W AppStateLoggerCore: 	at android.app.ApplicationPackageManager.getPackageInfo(ApplicationPackageManager.java:152)
10-12 16:56:52.252  9285  9343 W AppStateLoggerCore: 	at X.07r.A05(:46)
10-12 16:56:52.252  9285  9343 W AppStateLoggerCore: 	at X.03k.run(:728)
10-12 16:56:52.253  9285  9285 W MultiSignalANRDetectorAcra: Starting
10-12 16:56:52.253  9285  9285 W ProcessAnrErrorMonitor: startMonitoring with delay: 4000
10-12 16:56:52.261  9285  9285 W SoLoader: context.getApplicationContext returned null, holding reference to original context.
10-12 16:56:52.181  9285  9285 I stagram.android: type=1400 audit(0.0:1784): avc: denied { open } for path="/proc/zoneinfo" dev="proc" ino=4026531994 scontext=u:r:untrusted_app:s0:c52,c256,c512,c768 tcontext=u:object_r:proc_zoneinfo:s0 tclass=file permissive=1
10-12 16:56:52.275  9285  9296 W System  : A resource failed to call close. 
10-12 16:56:52.278  9300  9337 I Finsky  : [553] ygw.a(2): Started reading experiment flags from file [0tGUNCGIkbk4o6-fQ335kUYSKwVj4lusnHT-A5Dsy08].
10-12 16:56:52.281  9300  9337 I Finsky  : [553] ygw.a(18): Finished reading experiment flags from file [0tGUNCGIkbk4o6-fQ335kUYSKwVj4lusnHT-A5Dsy08].
10-12 16:56:52.296  9285  9285 I stagram.androi: Thread[1,tid=9285,Native,Thread*=0xe838f000,peer=0x74f491f0,"main"] recursive attempt to load library "/data/app/com.instagram.android-dzPW2Utbj8gaWgy-e-c-DQ==/lib/arm/libfb.so"
10-12 16:56:52.300  9300  9337 I Finsky  : [553] ygw.a(2): Started reading experiment flags from file [5lHwWtGM69xOaDUqq2rdH8o4Y-MG0rIvo96DKUGm2aE].
10-12 16:56:52.310  9300  9337 I Finsky  : [553] ygw.a(18): Finished reading experiment flags from file [5lHwWtGM69xOaDUqq2rdH8o4Y-MG0rIvo96DKUGm2aE].
10-12 16:56:52.314  9300  9300 I Finsky  : [2] ygw.a(2): Started reading experiment flags from file [Se-xCc4LzNyh3UrKMIU2sUf-PUKz4oQEbpKZDMuaFno].
10-12 16:56:52.181  9285  9285 I stagram.android: type=1400 audit(0.0:1785): avc: denied { getattr } for path="/proc/zoneinfo" dev="proc" ino=4026531994 scontext=u:r:untrusted_app:s0:c52,c256,c512,c768 tcontext=u:object_r:proc_zoneinfo:s0 tclass=file permissive=1
10-12 16:56:52.321  9300  9300 I Finsky  : [2] ygw.a(18): Finished reading experiment flags from file [Se-xCc4LzNyh3UrKMIU2sUf-PUKz4oQEbpKZDMuaFno].
10-12 16:56:52.337  9300  9300 I Finsky  : [2] abjk.<init>(5): Resetting scheduler db
10-12 16:56:52.351  9300  9335 I Finsky  : [551] ahoq.a(2): Not a unicorn account
10-12 16:56:52.360  9300  9333 I Finsky  : [549] xre.<init>(3): PackageMonitorReceiverImpl - Registering in memory receiver for android.intent.action.PACKAGE_ADDED and android.intent.action.PACKAGE_REMOVED
10-12 16:56:52.365  9300  9336 I Finsky  : [552] agcb.a(2): Disable SystemUpdateActivity, because Android is lower than Q
10-12 16:56:52.233  9285  9285 I AppStateLoggerT: type=1400 audit(0.0:1786): avc: denied { read } for name="osrelease" dev="proc" ino=33021 scontext=u:r:untrusted_app:s0:c52,c256,c512,c768 tcontext=u:object_r:proc:s0 tclass=file permissive=1
10-12 16:56:52.373  9300  9333 W Settings: Setting download_manager_max_bytes_over_mobile has moved from android.provider.Settings.Secure to android.provider.Settings.Global.
10-12 16:56:52.374  9300  9367 I Finsky  : [568] agca.run(50): Set SystemUpdateActivity enabled state to 2
10-12 16:56:52.376  9300  9333 I Finsky  : [549] vok.i(3): SettingNotFoundException, fall through to G.downloadBytesOverMobileMaximum
10-12 16:56:52.377  9300  9333 W Settings: Setting download_manager_recommended_max_bytes_over_mobile has moved from android.provider.Settings.Secure to android.provider.Settings.Global.
10-12 16:56:52.381  9300  9333 I Finsky  : [549] vok.j(3): SettingNotFoundException, fall through to G.downloadBytesOverMobileRecommended
10-12 16:56:52.387  9300  9334 I cr_CronetLibraryLoader: Cronet version: 87.0.4276.2, arch: armv8l
10-12 16:56:52.387  2965  4723 D ConnectivityService: requestNetwork for uid/pid:10063/9300 NetworkRequest [ TRACK_DEFAULT id=281, [ Capabilities: INTERNET&NOT_RESTRICTED&TRUSTED Unwanted:  Uid: 10063] ]
10-12 16:56:52.387  2965  3077 D Ethernet: got request NetworkRequest [ TRACK_DEFAULT id=281, [ Capabilities: INTERNET&NOT_RESTRICTED&TRUSTED Unwanted:  Uid: 10063] ] with score 70
10-12 16:56:52.388  3184  3184 D PhoneSwitcherNetworkRequstListener: got request NetworkRequest [ TRACK_DEFAULT id=281, [ Capabilities: INTERNET&NOT_RESTRICTED&TRUSTED Unwanted:  Uid: 10063] ] with score 70
10-12 16:56:52.388  2965  3053 D WIFI    : got request NetworkRequest [ TRACK_DEFAULT id=281, [ Capabilities: INTERNET&NOT_RESTRICTED&TRUSTED Unwanted:  Uid: 10063] ] with score 70
10-12 16:56:52.388  2965  3053 D WIFI_UT : got request NetworkRequest [ TRACK_DEFAULT id=281, [ Capabilities: INTERNET&NOT_RESTRICTED&TRUSTED Unwanted:  Uid: 10063] ] with score 70
10-12 16:56:52.401  9300  9336 I Finsky  : [552] thl.n(5): Enqueuing libraries load for 1153037157
10-12 16:56:52.233  9285  9285 I AppStateLoggerT: type=1400 audit(0.0:1787): avc: denied { open } for path="/proc/sys/kernel/osrelease" dev="proc" ino=33021 scontext=u:r:untrusted_app:s0:c52,c256,c512,c768 tcontext=u:object_r:proc:s0 tclass=file permissive=1
10-12 16:56:52.413  9300  9333 I Finsky  : [549] asuk.b(2): registerListener
10-12 16:56:52.417  9300  9365 I Finsky  : [567] thl.o(1): Starting libraries load for 1153037157
10-12 16:56:52.426  9300  9336 I Finsky  : [552] jpd.j(5): Subscription detail: N/A
10-12 16:56:52.428  9300  9333 I Finsky  : [549] asuk.b(2): registerListener
10-12 16:56:52.446  9300  9333 I Finsky  : [549] ajqr.w(2): Setup app restrictions monitor
10-12 16:56:52.449  9300  9333 I Finsky  : [549] ajsn.a(3): Device wide unknown source restriction is changed.
10-12 16:56:52.456  9285  9285 W Profilo/TraceControl: START PROFILO_TRACEID: BB5owWEhs+S
10-12 16:56:52.460  9285  9285 W Profilo/BlackBoxApi: TRACE START: success = true; markerID: 30539777
10-12 16:56:52.492  9285  9285 V appstatelogger: Registered App State Logger stream with Breakpad
10-12 16:56:52.492  9300  9365 I Finsky  : [567] thl.o(19): Loaded library for account: [-I_Y4eyiA8L4I47UkseJO1Sgl1o-thu0mCoOowP1-zU]
10-12 16:56:52.493  9300  9365 I Finsky  : [567] thl.o(23): Finished loading 1 libraries.
10-12 16:56:52.501  9300  9335 W android.vendin: Accessing hidden field Ljava/util/Collections$SynchronizedCollection;->mutex:Ljava/lang/Object; (dark greylist, reflection)
10-12 16:56:52.501  9300  9335 W android.vendin: Accessing hidden method Ljava/util/Collections$SynchronizedSet;-><init>(Ljava/util/Set;Ljava/lang/Object;)V (dark greylist, reflection)
10-12 16:56:52.502  9300  9335 W android.vendin: Accessing hidden method Ljava/util/Collections$SynchronizedCollection;-><init>(Ljava/util/Collection;Ljava/lang/Object;)V (dark greylist, reflection)
10-12 16:56:52.506  9285  9394 W SigquitDetectorAcra: nativeInit
10-12 16:56:52.506  9285  9394 D SigquitDetector: Signal catcher tid: 9292
10-12 16:56:52.506  9285  9394 D SigquitDetector: Initialized [Acra]
10-12 16:56:52.510  9285  9394 D         : Function fsync hooked with result=0
10-12 16:56:52.510  9285  9394 D         : Function fdatasync hooked with result=0
10-12 16:56:52.510  9285  9394 D         : Function msync hooked with result=0
10-12 16:56:52.511  9285  9394 D         : Function sync hooked with result=0
10-12 16:56:52.524  9300  9359 I Finsky  : [561] abie.a(67): SCH: Resetting scheduler db stage 2
10-12 16:56:52.533  9285  9285 W dalvik-internals: sigaction64 succeeded
10-12 16:56:52.533  9285  9285 W dalvik-internals: ignoring failure to find _ZN3art12FaultManager35EnsureArtActionInFrontOfSignalChainEv: could not hook _ZN3art12FaultManager35EnsureArtActionInFrontOfSignalChainEv
10-12 16:56:52.534  9285  9285 V dalvik-internals: hooked signal using trap ()
10-12 16:56:52.534  9285  9285 V dalvik-internals: hooked sysv_signal using trap ()
10-12 16:56:52.534  9285  9285 V dalvik-internals: hooked bsd_signal using trap ()
10-12 16:56:52.534  9285  9285 V dalvik-internals: hooked sigaction using trap ()
10-12 16:56:52.534  9285  9285 I dalvik-internals: installed sigmux crash handler for crash log
10-12 16:56:52.544  9300  9300 I Finsky  : [2] uck.onTrimMemory(1): Memory trim requested to level 5
10-12 16:56:52.576  9300  9300 I Finsky  : [2] qjl.<init>(13): Installer: Setting Parallelism[DEFAULT]
10-12 16:56:52.583  9300  9300 I Finsky  : [2] qgg.v(2): Installer: Attempting to start installer
10-12 16:56:52.586  9300  9300 I Finsky  : [2] asuk.b(2): registerListener
10-12 16:56:52.594  9300  9300 I Finsky  : [2] ablf.onStartJob(3): SCH: onJobSchedulerWakeup with jobId 9000
10-12 16:56:52.597  9300  9300 I Finsky  : [2] abgo.a(9): SCH: Scheduling fallback job with id: 9034, and delay: 43200000 ms
10-12 16:56:52.601  9300  9300 I Finsky  : [2] abgo.b(9): SCH: Scheduling fallback in 64799998 (absolute: 69614575)
10-12 16:56:52.619  9300  9300 I Finsky  : [2] jpc.onSubscriptionsChanged(1): onSubscriptionsChanged
10-12 16:56:52.621  9300  9300 I Finsky  : [2] qgg.L(1): Installer kick - no action, not running yet
10-12 16:56:52.624  9300  9337 D NetworkSecurityConfig: No Network Security Config specified, using platform default
10-12 16:56:52.812  9300  9425 I Finsky  : [598] mmb.d(1): getDownloads()
10-12 16:56:52.823  9300  9300 I Finsky  : [2] abgx.handleMessage(8): SCH: DeviceState: DeviceState{currentTime=1602489412820, isCharging=true, isIdle=false, netAny=true, netNotRoaming=true, netUnmetered=true, batteryPercent=42.0}
10-12 16:56:52.836  9300  9359 I Finsky  : [561] abjk.b(5): SCH: Jobs in database: 1-1337 3-198 24-77777777 26-1414141414 29-29 33-125142305 34-23 34-26 34-29 34-30 
10-12 16:56:52.850  7789  7789 I Finsky:download_service: [2] sqa.onCreate(2): IPC-SERVER: Starting gRPC host service...
10-12 16:56:52.874  9300  9300 I Finsky  : [2] abgy.a(10): SCH: Running job: 33-125142305
10-12 16:56:52.878  9285  9285 D CACHE_HINTS: Entering madvise file
10-12 16:56:52.878  9285  9285 D CACHE_HINTS: MADVISE_RAND file 0xca111000 5681151 /data/data/com.instagram.android/app_restricks/layouts.bin
10-12 16:56:52.881  9300  9367 I Finsky  : [568] iut.a(27): Job resume_offline_acquisition started num packages 1
10-12 16:56:52.881  9300  9300 I Finsky  : [2] abgx.handleMessage(60): SCH: RunningQueue size: 1, PendingQueue size: 0
10-12 16:56:52.882  9300  9300 I Finsky  : [2] abgx.handleMessage(63): SCH: Running queue: 33-125142305 
10-12 16:56:52.884  7789  9437 I Finsky:download_service: [425] mej.c(1): getDownloads().
10-12 16:56:52.907  9300  9423 I Finsky  : [596] qff.run(7): Installer: Installer starting.
10-12 16:56:52.907  9300  9423 I Finsky  : [596] qff.run(20): Installer: Installer started.
10-12 16:56:52.911  9300  9300 I Finsky  : [2] qgg.L(7): Installer: found apps to install. isMultiUserMode=false, apps=[]
10-12 16:56:52.954  9300  9377 I Finsky  : [574] lns.f(2): ApplicationRestrictions: {}
10-12 16:56:52.956  9300  9300 I Finsky  : [2] abit.a(26): SCH: Canceling job 3-198
10-12 16:56:52.956  9285  9296 W System  : A resource failed to call close. 
10-12 16:56:53.037  9300  9443 I Finsky  : [602] qsy.A(3): IQ: Creating job 199, for (REQ_CHARGING, REQ_DEVICE_IDLE, REQ_GEARHEAD_PROJECTION_OFF, NETWORK=UNMETERED, PROVISIONING_STATE=PROVISIONED)
10-12 16:56:53.053  9285  9296 W System  : A resource failed to call close. 
10-12 16:56:53.110  9285  9434 I ConfigStore: android::hardware::configstore::V1_0::ISurfaceFlingerConfigs::hasWideColorDisplay retrieved: 0
10-12 16:56:53.110  9285  9434 I ConfigStore: android::hardware::configstore::V1_0::ISurfaceFlingerConfigs::hasHDRDisplay retrieved: 0
10-12 16:56:53.112  9300  9300 I Finsky  : [2] adhk.a(1): Connecting InstallListener to SplitInstallService broadcaster...
10-12 16:56:53.116  9285  9434 I CameraManagerGlobal: Connecting to camera service
10-12 16:56:53.118  9300  9300 I Finsky  : [2] aizm.a(3): Warm data store was already initialized.
10-12 16:56:53.120  9285  9506 I ConfigStore: android::hardware::configstore::V1_0::ISurfaceFlingerConfigs::hasWideColorDisplay retrieved: 0
10-12 16:56:53.121  9285  9506 I ConfigStore: android::hardware::configstore::V1_0::ISurfaceFlingerConfigs::hasHDRDisplay retrieved: 0
10-12 16:56:53.161  9285  9285 W 0hU     : Initializing memory timeline
10-12 16:56:53.167  9285  9296 W System  : A resource failed to call close. 
10-12 16:56:53.167  9285  9296 W System  : A resource failed to call close. 
10-12 16:56:53.224  9285  9526 W FileBasedMultiProcessTracker: <default>: Initializing FileBasedMultiProcessTracking using /data/user/0/com.instagram.android/app_multiprocess_tracking
10-12 16:56:53.225  9285  9526 W FileBasedMultiProcessTracker: <default>: Creating file to track 9285
10-12 16:56:53.229  9285  9345 D         : Function _ZN3art13SignalCatcher6OutputERKNSt3__112basic_stringIcNS1_11char_traitsIcEENS1_9allocatorIcEEEE hooked with result=0
10-12 16:56:53.229  9285  9345 D SigquitDetector: Hooked methods [Acra]
10-12 16:56:53.229  9285  9526 W FileBasedMultiProcessTracker: <default>: FileBasedMultiProcessTracker ready!
10-12 16:56:53.260  2965  4723 W BroadcastQueue: Background execution not allowed: receiving Intent { act=android.intent.action.DROPBOX_ENTRY_ADDED flg=0x10 (has extras) } to com.google.android.gms/.stats.service.DropBoxEntryAddedReceiver
10-12 16:56:53.261  2965  2980 W BroadcastQueue: Background execution not allowed: receiving Intent { act=android.intent.action.DROPBOX_ENTRY_ADDED flg=0x10 (has extras) } to com.google.android.gms/.chimera.GmsIntentOperationService$PersistentTrustedReceiver
10-12 16:56:53.261  2965  2980 W BroadcastQueue: Background execution not allowed: receiving Intent { act=android.intent.action.DROPBOX_ENTRY_ADDED flg=0x10 (has extras) } to com.google.android.gms/.stats.service.DropBoxEntryAddedReceiver
10-12 16:56:53.261  2965  2980 W BroadcastQueue: Background execution not allowed: receiving Intent { act=android.intent.action.DROPBOX_ENTRY_ADDED flg=0x10 (has extras) } to com.google.android.gms/.chimera.GmsIntentOperationService$PersistentTrustedReceiver
10-12 16:56:53.262  2965  2980 W BroadcastQueue: Background execution not allowed: receiving Intent { act=android.intent.action.DROPBOX_ENTRY_ADDED flg=0x10 (has extras) } to com.google.android.gms/.stats.service.DropBoxEntryAddedReceiver
10-12 16:56:53.262  2965  2980 W BroadcastQueue: Background execution not allowed: receiving Intent { act=android.intent.action.DROPBOX_ENTRY_ADDED flg=0x10 (has extras) } to com.google.android.gms/.chimera.GmsIntentOperationService$PersistentTrustedReceiver
10-12 16:56:53.276  9285  9285 W HeroServiceClient: finished mApplicationContext.bindService, bindCount 1
10-12 16:56:53.289  9542  9542 I Zygote  : seccomp disabled by setenforce 0
10-12 16:56:53.292  2965  2982 I ActivityManager: Start proc 9542:com.instagram.android:videoplayer/u0a52 for service com.instagram.android/com.facebook.video.heroplayer.service.HeroService
10-12 16:56:53.293  9542  9542 W oid:videoplaye: Using default instruction set features for ARM CPU variant (cortex-a9) using conservative defaults
10-12 16:56:53.304  2965  4723 W ActivityManager: Background start not allowed: service Intent { act=Orca.START cmp=com.instagram.android/com.facebook.rti.push.service.FbnsService (has extras) } to com.instagram.android/com.facebook.rti.push.service.FbnsService from pid=9285 uid=10052 pkg=com.instagram.android startFg?=false
10-12 16:56:53.326  2965  3354 W ActivityManager: Background start not allowed: service Intent { act=Orca.START cmp=com.instagram.android/com.facebook.rti.push.service.FbnsService (has extras) } to com.instagram.android/com.facebook.rti.push.service.FbnsService from pid=9285 uid=10052 pkg=com.instagram.android startFg?=false
10-12 16:56:53.329  9300  9333 E Finsky  : [549] ety.L(1): Got null for offerType. Please either fix the caller, or add @Nullable in BackgrounEventBuilder if calling with null should be supported.
10-12 16:56:53.329  9300  9333 E Finsky  : com.google.android.flib.log.WhatATerribleException
10-12 16:56:53.329  9300  9333 E Finsky  : 	at alrz.h(PG:2)
10-12 16:56:53.329  9300  9333 E Finsky  : 	at com.google.android.finsky.utils.FinskyLog.g(PG:3)
10-12 16:56:53.329  9300  9333 E Finsky  : 	at ety.L(PG:1)
10-12 16:56:53.329  9300  9333 E Finsky  : 	at ihp.a(PG:3)
10-12 16:56:53.329  9300  9333 E Finsky  : 	at ium.a(Unknown Source:132)
10-12 16:56:53.329  9300  9333 E Finsky  : 	at avyw.f(Unknown Source:2)
10-12 16:56:53.329  9300  9333 E Finsky  : 	at avyy.run(PG:9)
10-12 16:56:53.329  9300  9333 E Finsky  : 	at java.util.concurrent.ThreadPoolExecutor.runWorker(ThreadPoolExecutor.java:1167)
10-12 16:56:53.329  9300  9333 E Finsky  : 	at java.util.concurrent.ThreadPoolExecutor$Worker.run(ThreadPoolExecutor.java:641)
10-12 16:56:53.329  9300  9333 E Finsky  : 	at ngo.run(PG:3)
10-12 16:56:53.329  9300  9333 E Finsky  : 	at java.lang.Thread.run(Thread.java:764)
10-12 16:56:53.333  9300  9333 I Process : Sending signal. PID: 9300 SIG: 9
10-12 16:56:53.339  2965  2980 W BroadcastQueue: Background execution not allowed: receiving Intent { act=android.intent.action.DROPBOX_ENTRY_ADDED flg=0x10 (has extras) } to com.google.android.gms/.stats.service.DropBoxEntryAddedReceiver
10-12 16:56:53.339  2965  2980 W BroadcastQueue: Background execution not allowed: receiving Intent { act=android.intent.action.DROPBOX_ENTRY_ADDED flg=0x10 (has extras) } to com.google.android.gms/.chimera.GmsIntentOperationService$PersistentTrustedReceiver
10-12 16:56:53.362  9542  9542 E LoadedApk: Unable to instantiate appComponentFactory
10-12 16:56:53.362  9542  9542 E LoadedApk: java.lang.ClassNotFoundException: Didn't find class "androidx.core.app.CoreComponentFactory" on path: DexPathList[[zip file "/system/framework/com.google.android.maps.jar", zip file "/system/framework/org.apache.http.legacy.boot.jar", zip file "/data/app/com.instagram.android-dzPW2Utbj8gaWgy-e-c-DQ==/base.apk"],nativeLibraryDirectories=[/data/app/com.instagram.android-dzPW2Utbj8gaWgy-e-c-DQ==/lib/arm, /data/app/com.instagram.android-dzPW2Utbj8gaWgy-e-c-DQ==/base.apk!/lib/armeabi-v7a, /system/lib]]
10-12 16:56:53.362  9542  9542 E LoadedApk: 	at dalvik.system.BaseDexClassLoader.findClass(BaseDexClassLoader.java:134)
10-12 16:56:53.362  9542  9542 E LoadedApk: 	at java.lang.ClassLoader.loadClass(ClassLoader.java:379)
10-12 16:56:53.362  9542  9542 E LoadedApk: 	at java.lang.ClassLoader.loadClass(ClassLoader.java:312)
10-12 16:56:53.362  9542  9542 E LoadedApk: 	at android.app.LoadedApk.createAppFactory(LoadedApk.java:226)
10-12 16:56:53.362  9542  9542 E LoadedApk: 	at android.app.LoadedApk.createOrUpdateClassLoaderLocked(LoadedApk.java:731)
10-12 16:56:53.362  9542  9542 E LoadedApk: 	at android.app.LoadedApk.getClassLoader(LoadedApk.java:810)
10-12 16:56:53.362  9542  9542 E LoadedApk: 	at android.app.LoadedApk.getResources(LoadedApk.java:1032)
10-12 16:56:53.362  9542  9542 E LoadedApk: 	at android.app.ContextImpl.createAppContext(ContextImpl.java:2345)
10-12 16:56:53.362  9542  9542 E LoadedApk: 	at android.app.ActivityThread.handleBindApplication(ActivityThread.java:5749)
10-12 16:56:53.362  9542  9542 E LoadedApk: 	at android.app.ActivityThread.access$1100(ActivityThread.java:199)
10-12 16:56:53.362  9542  9542 E LoadedApk: 	at android.app.ActivityThread$H.handleMessage(ActivityThread.java:1650)
10-12 16:56:53.362  9542  9542 E LoadedApk: 	at android.os.Handler.dispatchMessage(Handler.java:106)
10-12 16:56:53.362  9542  9542 E LoadedApk: 	at android.os.Looper.loop(Looper.java:193)
10-12 16:56:53.362  9542  9542 E LoadedApk: 	at android.app.ActivityThread.main(ActivityThread.java:6669)
10-12 16:56:53.362  9542  9542 E LoadedApk: 	at java.lang.reflect.Method.invoke(Native Method)
10-12 16:56:53.362  9542  9542 E LoadedApk: 	at com.android.internal.os.RuntimeInit$MethodAndArgsCaller.run(RuntimeInit.java:493)
10-12 16:56:53.362  9542  9542 E LoadedApk: 	at com.android.internal.os.ZygoteInit.main(ZygoteInit.java:858)
10-12 16:56:53.363  9542  9542 W oid:videoplaye: resources.arsc in APK '/data/app/com.instagram.android-dzPW2Utbj8gaWgy-e-c-DQ==/base.apk' is compressed.
10-12 16:56:53.388  2965  3354 D ConnectivityService: ConnectivityService NetworkRequestInfo binderDied(NetworkRequest [ LISTEN id=282, [ Capabilities: INTERNET&NOT_RESTRICTED&TRUSTED Unwanted:  Uid: 10063] ], android.os.BinderProxy@a50adc4)
10-12 16:56:53.388  2965  7945 D ConnectivityService: ConnectivityService NetworkRequestInfo binderDied(NetworkRequest [ TRACK_DEFAULT id=281, [ Capabilities: INTERNET&NOT_RESTRICTED&TRUSTED Unwanted:  Uid: 10063] ], android.os.BinderProxy@87320d7)
10-12 16:56:53.388  2965  2977 I ActivityManager: Process com.android.vending (pid 9300) has died: vis  TRNB
10-12 16:56:53.388  2965  3055 D ConnectivityService: releasing NetworkRequest [ TRACK_DEFAULT id=281, [ Capabilities: INTERNET&NOT_RESTRICTED&TRUSTED Unwanted:  Uid: 10063] ] (release request)
10-12 16:56:53.389  2965  2983 W libprocessgroup: kill(-9300, 9) failed: No such process
10-12 16:56:53.389  2965  2977 W ActivityManager: Scheduling restart of crashed service com.android.vending/com.google.android.finsky.scheduler.process.mainimpl.PhoneskyJobServiceMain in 1000ms
10-12 16:56:53.390  7789  7789 I Finsky:download_service: [2] sqa.onDestroy(8): IPC-SERVER: Stopping gRPC host service...
10-12 16:56:53.392  2745  2745 I Zygote  : Process 9300 exited due to signal (9)
10-12 16:56:53.431  2965  2983 W libprocessgroup: kill(-9300, 9) failed: No such process
10-12 16:56:53.431  2965  2983 I libprocessgroup: Successfully killed process cgroup uid 10063 pid 9300 in 42ms
10-12 16:56:53.474  9542  9542 E ACRA    : Skipping ANR Detector for process: com.instagram.android:videoplayer
10-12 16:56:53.479  9542  9542 W SoLoader: context.getApplicationContext returned null, holding reference to original context.
10-12 16:56:53.496  9542  9542 I oid:videoplaye: Thread[1,tid=9542,Native,Thread*=0xe838f000,peer=0x74f491f0,"main"] recursive attempt to load library "/data/app/com.instagram.android-dzPW2Utbj8gaWgy-e-c-DQ==/lib/arm/libfb.so"
10-12 16:56:53.508  9285  9527 W FileBasedMultiProcessTracker: <default>: Observed new PID: 9542
10-12 16:56:53.540  9285  9285 W HeroServiceClient: onServiceConnected
10-12 16:56:53.540  9285  9285 W HeroServiceClient: onServiceConnectedInternal()
10-12 16:56:53.542  9542  9581 W AudioCapabilities: Unsupported mime audio/dtshd
10-12 16:56:53.543  9542  9581 W AudioCapabilities: Unsupported mime audio/ffmpeg
10-12 16:56:53.551  9542  9581 W VideoCapabilities: Unsupported mime video/x-vnd.on2.vp6a
10-12 16:56:53.553  9542  9581 W VideoCapabilities: Unsupported mime video/x-vnd.on2.vp6f
10-12 16:56:53.558  9542  9581 W VideoCapabilities: Unsupported mime video/avs
10-12 16:56:53.564  9542  9581 W VideoCapabilities: Unrecognized profile 4 for video/hevc
10-12 16:56:53.565  9542  9581 W VideoCapabilities: Unsupported mime video/mjpeg
10-12 16:56:53.566  9542  9581 W VideoCapabilities: Unrecognized profile/level 0/3 for video/mpeg2
10-12 16:56:53.566  9542  9581 I VideoCapabilities: Unsupported profile 2 for video/mpeg2
10-12 16:56:53.566  9542  9581 I VideoCapabilities: Unsupported profile 3 for video/mpeg2
10-12 16:56:53.566  9542  9581 I VideoCapabilities: Unsupported profile 4 for video/mpeg2
10-12 16:56:53.566  9542  9581 I VideoCapabilities: Unsupported profile 5 for video/mpeg2
10-12 16:56:53.567  9542  9581 I VideoCapabilities: Unsupported profile 2 for video/mp4v-es
10-12 16:56:53.567  9542  9581 I VideoCapabilities: Unsupported profile 4 for video/mp4v-es
10-12 16:56:53.567  9542  9581 I VideoCapabilities: Unsupported profile 8 for video/mp4v-es
10-12 16:56:53.567  9542  9581 I VideoCapabilities: Unsupported profile 16 for video/mp4v-es
10-12 16:56:53.567  9542  9581 I VideoCapabilities: Unsupported profile 32 for video/mp4v-es
10-12 16:56:53.567  9542  9581 I VideoCapabilities: Unsupported profile 64 for video/mp4v-es
10-12 16:56:53.567  9542  9581 I VideoCapabilities: Unsupported profile 128 for video/mp4v-es
10-12 16:56:53.567  9542  9581 I VideoCapabilities: Unsupported profile 256 for video/mp4v-es
10-12 16:56:53.567  9542  9581 I VideoCapabilities: Unsupported profile 512 for video/mp4v-es
10-12 16:56:53.567  9542  9581 I VideoCapabilities: Unsupported profile 1024 for video/mp4v-es
10-12 16:56:53.567  9542  9581 I VideoCapabilities: Unsupported profile 2048 for video/mp4v-es
10-12 16:56:53.567  9542  9581 I VideoCapabilities: Unsupported profile 4096 for video/mp4v-es
10-12 16:56:53.567  9542  9581 I VideoCapabilities: Unsupported profile 8192 for video/mp4v-es
10-12 16:56:53.567  9542  9581 I VideoCapabilities: Unsupported profile 16384 for video/mp4v-es
10-12 16:56:53.569  9542  9581 W VideoCapabilities: Unsupported mime video/rm10
10-12 16:56:53.570  9542  9581 W VideoCapabilities: Unsupported mime video/rm20
10-12 16:56:53.571  9542  9581 W VideoCapabilities: Unsupported mime video/rm30
10-12 16:56:53.572  9542  9581 W VideoCapabilities: Unsupported mime video/rm40
10-12 16:56:53.573  9542  9581 W VideoCapabilities: Unsupported mime video/vc1
10-12 16:56:53.573  9542  9581 W Utils   : could not parse long range '1-'
10-12 16:56:53.574  9542  9581 W VideoCapabilities: Unrecognized level 16 for video/x-vnd.on2.vp8
10-12 16:56:53.574  9542  9581 W VideoCapabilities: Unrecognized level 32 for video/x-vnd.on2.vp8
10-12 16:56:53.574  9542  9581 W VideoCapabilities: Unrecognized level 64 for video/x-vnd.on2.vp8
10-12 16:56:53.574  9542  9581 W VideoCapabilities: Unrecognized level 128 for video/x-vnd.on2.vp8
10-12 16:56:53.574  9542  9581 W VideoCapabilities: Unrecognized level 256 for video/x-vnd.on2.vp8
10-12 16:56:53.574  9542  9581 W VideoCapabilities: Unrecognized level 512 for video/x-vnd.on2.vp8
10-12 16:56:53.574  9542  9581 W VideoCapabilities: Unrecognized level 1024 for video/x-vnd.on2.vp8
10-12 16:56:53.574  9542  9581 W VideoCapabilities: Unrecognized level 2048 for video/x-vnd.on2.vp8
10-12 16:56:53.574  9542  9581 W VideoCapabilities: Unrecognized level 4096 for video/x-vnd.on2.vp8
10-12 16:56:53.574  9542  9581 W VideoCapabilities: Unrecognized level 8192 for video/x-vnd.on2.vp8
10-12 16:56:53.574  9542  9581 W VideoCapabilities: Unrecognized level 16384 for video/x-vnd.on2.vp8
10-12 16:56:53.574  9542  9581 W VideoCapabilities: Unrecognized level 32768 for video/x-vnd.on2.vp8
10-12 16:56:53.579  9542  9581 W VideoCapabilities: Unsupported mime video/wmv3
10-12 16:56:53.580  9542  9581 W VideoCapabilities: Unsupported mime video/wmv1
10-12 16:56:53.581  9542  9581 W VideoCapabilities: Unsupported mime video/wmv2
10-12 16:56:53.582  9542  9581 W VideoCapabilities: Unsupported mime video/x-ms-wmv
10-12 16:56:53.583  9542  9581 W VideoCapabilities: Unsupported mime video/wvc1
10-12 16:56:53.583  9542  9581 W Utils   : could not parse long range '1-'
10-12 16:56:53.586  9542  9581 I VideoCapabilities: Unsupported profile 4 for video/mp4v-es
10-12 16:56:54.201  2798  2829 E storaged: getDiskStats failed with result NOT_SUPPORTED and size 0
10-12 16:56:54.694  3923  3923 D skia    : --- Failed to create image decoder with message 'unimplemented'
10-12 16:56:54.701  3923  3923 I tutu.ABenchMark: type=1400 audit(0.0:1790): avc: denied { open } for path="/proc/stat" dev="proc" ino=4026531957 scontext=u:r:untrusted_app_27:s0:c512,c768 tcontext=u:object_r:proc_stat:s0 tclass=file permissive=1
10-12 16:56:54.701  3923  3923 I tutu.ABenchMark: type=1400 audit(0.0:1791): avc: denied { getattr } for path="/proc/stat" dev="proc" ino=4026531957 scontext=u:r:untrusted_app_27:s0:c512,c768 tcontext=u:object_r:proc_stat:s0 tclass=file permissive=1
10-12 16:56:54.707  3923  3923 D skia    : --- Failed to create image decoder with message 'unimplemented'
10-12 16:56:55.206  9285  9516 W 1Ej     : Creating new MLockedFile
10-12 16:56:55.775  2763  2910 I [Gralloc]: framebuffer hal alread move to hwcomposer
10-12 16:56:55.773  2775  2775 I Binder:2775_5: type=1400 audit(0.0:1795): avc: denied { read } for name="gralloc.odroidn2.so" dev="mmcblk0p12" ino=705 scontext=u:r:surfaceflinger:s0 tcontext=u:object_r:vendor_file:s0 tclass=file permissive=1
10-12 16:56:56.296  9285  9346 W ProcessAnrErrorMonitor: Starting process monitor checks for process 'com.instagram.android'
10-12 16:56:56.296  9285  9346 W MultiSignalANRDetectorAcra: Started monitoring
10-12 16:56:57.114  9285  9296 W System  : A resource failed to call close. 
10-12 16:56:57.955  2744  4483 W DnsTlsSocket: SSL_connect error 5, errno=110
10-12 16:56:57.955  2744  4484 W DnsTlsSocket: SSL_connect error 5, errno=110
10-12 16:56:58.097  2763  2910 I [Gralloc]: framebuffer hal alread move to hwcomposer
10-12 16:56:58.093  2775  2775 I Binder:2775_1: type=1400 audit(0.0:1801): avc: denied { read } for name="gralloc.odroidn2.so" dev="mmcblk0p12" ino=705 scontext=u:r:surfaceflinger:s0 tcontext=u:object_r:vendor_file:s0 tclass=file permissive=1
10-12 16:56:58.093  2775  2775 I Binder:2775_1: type=1400 audit(0.0:1802): avc: denied { open } for path="/vendor/lib/hw/gralloc.odroidn2.so" dev="mmcblk0p12" ino=705 scontext=u:r:surfaceflinger:s0 tcontext=u:object_r:vendor_file:s0 tclass=file permissive=1
10-12 16:56:58.093  2775  2775 I Binder:2775_1: type=1400 audit(0.0:1803): avc: denied { getattr } for path="/vendor/lib/hw/gralloc.odroidn2.so" dev="mmcblk0p12" ino=705 scontext=u:r:surfaceflinger:s0 tcontext=u:object_r:vendor_file:s0 tclass=file permissive=1
10-12 16:56:58.097  2965  2965 I android.display: type=1400 audit(0.0:1804): avc: denied { read } for name="gralloc.odroidn2.so" dev="mmcblk0p12" ino=705 scontext=u:r:system_server:s0 tcontext=u:object_r:vendor_file:s0 tclass=file permissive=1
10-12 16:56:58.097  2965  2965 I android.display: type=1400 audit(0.0:1805): avc: denied { open } for path="/vendor/lib/hw/gralloc.odroidn2.so" dev="mmcblk0p12" ino=705 scontext=u:r:system_server:s0 tcontext=u:object_r:vendor_file:s0 tclass=file permissive=1
10-12 16:56:58.455  9285  9345 W MultiSignalANRDetectorAcra: Pausing error state checks
10-12 16:56:58.924  2763  2910 I [Gralloc]: framebuffer hal alread move to hwcomposer
10-12 16:56:59.076  2775  2775 E SurfaceFlinger: [Sprite#0] rejecting buffer: bufWidth=32, bufHeight=32, front.active.{w=28, h=36}
10-12 16:56:59.077  2763  2910 I [Gralloc]: framebuffer hal alread move to hwcomposer
10-12 16:57:00.275  2753  6139 W amlaudioMixer: mixer_get_presentation_position(), port not ready now
10-12 16:57:00.275  2753  6139 W audio-subMixingFactory: out_get_presentation_position_port(), pts not valid yet
10-12 16:57:00.275  2753  6139 I audio-subMixingFactory: ++usecase_change_validate_l_sm: dev usecase masks = 0, out usecase_masks = 0, out usecase STREAM_PCM_NORMAL
10-12 16:57:00.275  2753  6139 I audio-subMixingFactory: ++++usecase_change_validate_l_sm(),continuous_audio_mode 0 dev usecase masks = 0, out usecase_masks = 0, out usecase STREAM_PCM_NORMAL
10-12 16:57:00.275  2753  6139 I audio-subMixingFactory: usecase_change_validate_l_sm(), mixer_aux_buffer_write_sm !
10-12 16:57:00.275  2753  6139 I audio-subMixingFactory: ----usecase_change_validate_l_sm(), continuous_audio_mode 0 dev usecase masks = 0x1, out usecase_masks = 0x1, out usecase STREAM_PCM_NORMAL
10-12 16:57:00.276  2753  6139 I aml_audio_port: get_input_port_index(), samplerate 48000
10-12 16:57:00.276  2753  6139 D aml_audio_port: new_input_port(), index:0, rbuf size:8192, direct_on:0
10-12 16:57:00.276  2753  6139 D aml_audio_port: new_input_port(), fmt 0x1, rate 48000
10-12 16:57:00.276  2753  6139 I amlaudioMixer: ++init_mixer_input_port port index 0, size 512 frames
10-12 16:57:00.276  2753  6139 I amlaudioMixer: init_mixer_input_port(), port->initial_frames: 37297152
10-12 16:57:00.276  2753  6139 I aml_audio_port: get_input_port_index(), samplerate 48000
10-12 16:57:00.276  2753  6139 I audio-subMixingFactory: mixer_aux_buffer_write_sm(), primary 0xec74aa00 port index = 0
10-12 16:57:00.276  2753  6139 I audio-subMixingFactory: padding_bytes 16384
10-12 16:57:00.276  2753  6139 I amlaudioMixer: port index 0 is active now
10-12 16:57:00.276  2753  6139 I audio-subMixingFactory: padding_bytes 14336
10-12 16:57:00.276  2753  6139 I audio-subMixingFactory: padding_bytes 12288
10-12 16:57:00.276  2753  6139 I audio-subMixingFactory: padding_bytes 10240
10-12 16:57:00.276  2753  6139 I audio-subMixingFactory: padding_bytes 8192
10-12 16:57:00.276  2753  6139 I audio-subMixingFactory: padding_bytes 6144
10-12 16:57:00.280  2753  6139 I audio-subMixingFactory: padding_bytes 4096
10-12 16:57:00.280  2753  6139 I audio-subMixingFactory: padding_bytes 2048
10-12 16:57:00.290  2753  6139 W amlaudioMixer: mixer_get_presentation_position(), not valid now
10-12 16:57:00.290  2753  6139 W audio-subMixingFactory: out_get_presentation_position_port(), pts not valid yet
10-12 16:57:00.301  2753  6139 W amlaudioMixer: mixer_get_presentation_position(), not valid now
10-12 16:57:00.301  2753  6139 W audio-subMixingFactory: out_get_presentation_position_port(), pts not valid yet
10-12 16:57:00.339  8582  8582 W cr_SpanAutocomplete: Did not notify - ignored.
10-12 16:57:00.394  3502  4762 W Icing   : isOptedInForAppHistory: empty Account Name encountered
10-12 16:57:00.413  3502  4762 W Icing   : isOptedInForAppHistory: empty Account Name encountered
10-12 16:57:00.429  3502  3878 W Icing   : isOptedInForAppHistory: empty Account Name encountered
10-12 16:57:00.438  8582  8582 I cr_tabmodel: Appending tabs being restored to metadata lists, 0, startingNormalCount: 1, startingIncognitoCount: 0
10-12 16:57:00.438  8582  8582 I cr_tabmodel: Serializing tab lists; counts: 1, 0
10-12 16:57:00.457  2965  4723 I ActivityManager: Killing 9112:com.android.chrome:sandboxed_process2/u0a84i10 (adj 0): isolated not needed
10-12 16:57:00.458  2965  2983 W libprocessgroup: kill(-9112, 9) failed: No such process
10-12 16:57:00.503  2965  2983 W libprocessgroup: kill(-9112, 9) failed: No such process
10-12 16:57:00.528  2745  2745 I Zygote  : Process 9112 exited due to signal (9)
10-12 16:57:00.547  2965  2983 W libprocessgroup: kill(-9112, 9) failed: No such process
10-12 16:57:00.547  2965  2983 I libprocessgroup: Successfully killed process cgroup uid 99010 pid 9112 in 89ms
10-12 16:57:01.593  3923  3923 I tutu.ABenchMark: type=1400 audit(0.0:1807): avc: denied { open } for path="/proc/vmstat" dev="proc" ino=4026531993 scontext=u:r:untrusted_app_27:s0:c512,c768 tcontext=u:object_r:proc_vmstat:s0 tclass=file permissive=1
10-12 16:57:01.691  3923  3923 D skia    : --- Failed to create image decoder with message 'unimplemented'
10-12 16:57:01.701  3923  3923 D skia    : --- Failed to create image decoder with message 'unimplemented'
10-12 16:57:02.141  2763  2910 I [Gralloc]: framebuffer hal alread move to hwcomposer
10-12 16:57:02.137  2775  2775 I Binder:2775_1: type=1400 audit(0.0:1809): avc: denied { read } for name="gralloc.odroidn2.so" dev="mmcblk0p12" ino=705 scontext=u:r:surfaceflinger:s0 tcontext=u:object_r:vendor_file:s0 tclass=file permissive=1
10-12 16:57:02.141  2775  2775 I Binder:2775_1: type=1400 audit(0.0:1811): avc: denied { getattr } for path="/vendor/lib/hw/gralloc.odroidn2.so" dev="mmcblk0p12" ino=705 scontext=u:r:surfaceflinger:s0 tcontext=u:object_r:vendor_file:s0 tclass=file permissive=1
10-12 16:57:02.192  2763  2910 I [Gralloc]: framebuffer hal alread move to hwcomposer
10-12 16:57:02.226  2763  2910 I [Gralloc]: framebuffer hal alread move to hwcomposer
10-12 16:57:03.234  9285  9433 E com.instagram.reliability.instacrash.InstacrashSessionProvider: Unable to read session
10-12 16:57:03.234  9285  9433 E com.instagram.reliability.instacrash.InstacrashSessionProvider: java.io.FileNotFoundException: /data/user/0/com.instagram.android/ig_crash_log_session (No such file or directory)
10-12 16:57:03.234  9285  9433 E com.instagram.reliability.instacrash.InstacrashSessionProvider: 	at java.io.FileInputStream.open0(Native Method)
10-12 16:57:03.234  9285  9433 E com.instagram.reliability.instacrash.InstacrashSessionProvider: 	at java.io.FileInputStream.open(FileInputStream.java:231)
10-12 16:57:03.234  9285  9433 E com.instagram.reliability.instacrash.InstacrashSessionProvider: 	at java.io.FileInputStream.<init>(FileInputStream.java:165)
10-12 16:57:03.234  9285  9433 E com.instagram.reliability.instacrash.InstacrashSessionProvider: 	at java.io.FileReader.<init>(FileReader.java:72)
10-12 16:57:03.234  9285  9433 E com.instagram.reliability.instacrash.InstacrashSessionProvider: 	at com.instagram.reliability.instacrash.InstacrashSessionProvider.A00(:19)
10-12 16:57:03.234  9285  9433 E com.instagram.reliability.instacrash.InstacrashSessionProvider: 	at X.0OS.run(:7)
10-12 16:57:03.234  9285  9433 E com.instagram.reliability.instacrash.InstacrashSessionProvider: 	at java.util.concurrent.ThreadPoolExecutor.runWorker(ThreadPoolExecutor.java:1167)
10-12 16:57:03.234  9285  9433 E com.instagram.reliability.instacrash.InstacrashSessionProvider: 	at java.util.concurrent.ThreadPoolExecutor$Worker.run(ThreadPoolExecutor.java:641)
10-12 16:57:03.234  9285  9433 E com.instagram.reliability.instacrash.InstacrashSessionProvider: 	at java.lang.Thread.run(Thread.java:764)
10-12 16:57:03.234  9285  9433 E com.instagram.reliability.instacrash.InstacrashSessionProvider: 	at X.0QL.run(:5)
10-12 16:57:03.342  2753  2924 D audio-subMixingFactory: out_standby_subMixingPCM: out_stream(0xec74aa00) usecase: STREAM_PCM_NORMAL
10-12 16:57:03.342  2753  2924 I audio-subMixingFactory: ++usecase_change_validate_l_sm(), dev usecase masks = 0x1, is_standby = 1, out usecase STREAM_PCM_NORMAL
10-12 16:57:03.342  2753  2924 I audio-subMixingFactory: --usecase_change_validate_l_sm(), dev usecase masks = 0, is_standby = 1, out usecase STREAM_PCM_NORMAL
10-12 16:57:03.342  2753  2924 I amlaudioMixer: ++delete_mixer_input_port port ID: 0
10-12 16:57:03.343  2753  2917 E amlaudioMixer: mixer_do_mixing_16bit(), sys or direct pcm must exist!!!
10-12 16:57:03.343  2763  2910 I [Gralloc]: framebuffer hal alread move to hwcomposer
10-12 16:57:03.496  2763  2910 I chatty  : uid=1000(system) HwBinder:2763_1 identical 1 line
10-12 16:57:04.648  2763  2910 I [Gralloc]: framebuffer hal alread move to hwcomposer
10-12 16:57:04.711  3923  3923 D skia    : --- Failed to create image decoder with message 'unimplemented'
10-12 16:57:04.729  3923  3923 D skia    : --- Failed to create image decoder with message 'unimplemented'
