10-12 17:11:10.806  9285  9285 D OpenGLRenderer: Skia GL Pipeline
10-12 17:11:10.832  2775  3467 E BufferQueueProducer: [StatusBar#0] disconnect: not connected (req=1)
10-12 17:11:10.832  3123  3407 W libEGL  : EGLNativeWindowType 0xccf3d008 disconnect failed
10-12 17:11:10.833  3123  3407 D mali_winsys: EGLint new_window_surface(egl_winsys_display *, void *, EGLSurface, EGLConfig, egl_winsys_surface **, EGLBoolean) returns 0x3000
10-12 17:11:10.837  2763  2910 I [Gralloc]: framebuffer hal alread move to hwcomposer
10-12 17:11:10.853  9285  9298 I stagram.androi: Background concurrent copying GC freed 25161(2MB) AllocSpace objects, 18(424KB) LOS objects, 49% free, 7MB/14MB, paused 1.310ms total 132.696ms
10-12 17:11:10.854  9285  9296 W System  : A resource failed to call close. 
10-12 17:11:10.854  9285  9296 I chatty  : uid=10052(com.instagram.android) FinalizerDaemon identical 1 line
10-12 17:11:10.854  9285  9296 W System  : A resource failed to call close. 
10-12 17:11:10.864  2775  3467 W SurfaceFlinger: Attempting to destroy on removed layer: fb43c27 AssistPreviewPanel#0
10-12 17:11:10.874  2965  3025 I WindowManager: Screen frozen for +502ms due to Window{c5fe6e0 u0 StatusBar}
10-12 17:11:10.874  2965  3041 I InputDispatcher: Dropping event because there is no touchable window at (1145, 100).
10-12 17:11:10.886  8483 22374 D NetworkSecurityConfig: Using Network Security Config from resource fb_network_security_config debugBuild: false
10-12 17:11:10.891  2775  3467 W SurfaceFlinger: Attempting to destroy on removed layer: dc634be DockedStackDivider#0
10-12 17:11:10.900  2763  2910 I [Gralloc]: framebuffer hal alread move to hwcomposer
10-12 17:11:10.937  2763  2910 I chatty  : uid=1000(system) HwBinder:2763_1 identical 4 lines
10-12 17:11:10.943  2763  2910 I [Gralloc]: framebuffer hal alread move to hwcomposer
10-12 17:11:11.020  9285 22379 I OpenGLRenderer: Initialized EGL, version 1.4
10-12 17:11:11.020  9285 22379 D OpenGLRenderer: Swap behavior 2
10-12 17:11:11.020  2763  2910 I [Gralloc]: framebuffer hal alread move to hwcomposer
10-12 17:11:11.022  2763  2910 I [Gralloc]: framebuffer hal alread move to hwcomposer
10-12 17:11:11.023  2763  2763 I [Gralloc]: framebuffer hal alread move to hwcomposer
10-12 17:11:11.030  9285 22379 D mali_winsys: EGLint new_window_surface(egl_winsys_display *, void *, EGLSurface, EGLConfig, egl_winsys_surface **, EGLBoolean) returns 0x3000
10-12 17:11:11.120  2763  2910 I [Gralloc]: framebuffer hal alread move to hwcomposer
10-12 17:11:11.121  2763  2910 I chatty  : uid=1000(system) HwBinder:2763_1 identical 1 line
10-12 17:11:11.122  2763  2910 I [Gralloc]: framebuffer hal alread move to hwcomposer
10-12 17:11:11.123  9285 22379 D mali_winsys: EGLint new_window_surface(egl_winsys_display *, void *, EGLSurface, EGLConfig, egl_winsys_surface **, EGLBoolean) returns 0x3000
10-12 17:11:11.148  2763  2910 I [Gralloc]: framebuffer hal alread move to hwcomposer
10-12 17:11:11.153  9285  9285 I RenderThread: type=1400 audit(0.0:2503): avc: denied { execute } for path="/vendor/lib/hw/gralloc.odroidn2.so" dev="mmcblk0p12" ino=705 scontext=u:r:untrusted_app:s0:c52,c256,c512,c768 tcontext=u:object_r:vendor_file:s0 tclass=file permissive=1
10-12 17:11:11.219  2763  2910 I [Gralloc]: framebuffer hal alread move to hwcomposer
10-12 17:11:11.309  2763  2910 I [Gralloc]: framebuffer hal alread move to hwcomposer
10-12 17:11:11.336  2965  2988 I ActivityManager: Displayed com.instagram.android/com.instagram.mainactivity.MainActivity: +1s64ms (total +1s143ms)
10-12 17:11:11.349  2775  2817 W SurfaceFlinger: Attempting to set client state on removed layer: Splash Screen com.instagram.android#0
10-12 17:11:11.349  2775  2817 W SurfaceFlinger: Attempting to destroy on removed layer: Splash Screen com.instagram.android#0
10-12 17:11:11.403  9285  9285 W StaticLayout: maxLineHeight should not be -1.  maxLines:1 lineCount:1
10-12 17:11:11.436  9285  9285 I chatty  : uid=10052(com.instagram.android) identical 4 lines
10-12 17:11:11.437  9285  9285 W StaticLayout: maxLineHeight should not be -1.  maxLines:1 lineCount:1
10-12 17:11:11.476  2763  2910 I [Gralloc]: framebuffer hal alread move to hwcomposer
10-12 17:11:11.476  2763  2910 E gralloc : ioctl c0144900 failed with code -1: Operation not permitted
10-12 17:11:11.481  2763  2910 I [Gralloc]: framebuffer hal alread move to hwcomposer
10-12 17:11:11.530  9285  9285 W StaticLayout: maxLineHeight should not be -1.  maxLines:1 lineCount:1
10-12 17:11:11.622  9285  9285 I chatty  : uid=10052(com.instagram.android) identical 10 lines
10-12 17:11:11.623  9285  9285 W StaticLayout: maxLineHeight should not be -1.  maxLines:1 lineCount:1
10-12 17:11:11.651  9285  9343 W AppStateLoggerCore: Failed to get webview version
10-12 17:11:11.651  9285  9343 W AppStateLoggerCore: android.content.pm.PackageManager$NameNotFoundException: com.google.android.webview
10-12 17:11:11.651  9285  9343 W AppStateLoggerCore: 	at android.app.ApplicationPackageManager.getPackageInfoAsUser(ApplicationPackageManager.java:181)
10-12 17:11:11.651  9285  9343 W AppStateLoggerCore: 	at android.app.ApplicationPackageManager.getPackageInfo(ApplicationPackageManager.java:152)
10-12 17:11:11.651  9285  9343 W AppStateLoggerCore: 	at X.07r.A05(:46)
10-12 17:11:11.651  9285  9343 W AppStateLoggerCore: 	at X.03k.run(:728)
10-12 17:11:11.655  9285  9285 W StaticLayout: maxLineHeight should not be -1.  maxLines:1 lineCount:1
10-12 17:11:11.688  9285  9285 I chatty  : uid=10052(com.instagram.android) identical 1 line
10-12 17:11:11.690  9285  9285 W StaticLayout: maxLineHeight should not be -1.  maxLines:1 lineCount:1
10-12 17:11:12.172  9285 22418 D NetworkSecurityConfig: Using Network Security Config from resource fb_network_security_config debugBuild: false
10-12 17:11:12.258  9285  9296 W System  : A resource failed to call close. 
10-12 17:11:12.259  9285  9296 I chatty  : uid=10052(com.instagram.android) FinalizerDaemon identical 1 line
10-12 17:11:12.259  9285  9296 W System  : A resource failed to call close. 
10-12 17:11:12.573  9285  9285 I com.instagram.android: type=1400 audit(0.0:2504): avc: denied { execmod } for comm=49674578656375746F72202333 path="/data/app/com.instagram.android-dzPW2Utbj8gaWgy-e-c-DQ==/oat/arm/base.odex" dev="mmcblk0p16" ino=262715 scontext=u:r:untrusted_app:s0:c52,c256,c512,c768 tcontext=u:object_r:dalvikcache_data_file:s0 tclass=file permissive=1
10-12 17:11:12.672  9285  9298 I stagram.androi: Background concurrent copying GC freed 105675(10MB) AllocSpace objects, 99(2MB) LOS objects, 50% free, 14MB/28MB, paused 150us total 102.307ms
10-12 17:11:12.679  9285  9343 W AppStateLoggerCore: Failed to get webview version
10-12 17:11:12.679  9285  9343 W AppStateLoggerCore: android.content.pm.PackageManager$NameNotFoundException: com.google.android.webview
10-12 17:11:12.679  9285  9343 W AppStateLoggerCore: 	at android.app.ApplicationPackageManager.getPackageInfoAsUser(ApplicationPackageManager.java:181)
10-12 17:11:12.679  9285  9343 W AppStateLoggerCore: 	at android.app.ApplicationPackageManager.getPackageInfo(ApplicationPackageManager.java:152)
10-12 17:11:12.679  9285  9343 W AppStateLoggerCore: 	at X.07r.A05(:46)
10-12 17:11:12.679  9285  9343 W AppStateLoggerCore: 	at X.03k.run(:728)
10-12 17:11:12.694  2965  2980 W BroadcastQueue: Background execution not allowed: receiving Intent { act=android.intent.action.DROPBOX_ENTRY_ADDED flg=0x10 (has extras) } to com.google.android.gms/.stats.service.DropBoxEntryAddedReceiver
10-12 17:11:12.695  2965  2980 W BroadcastQueue: Background execution not allowed: receiving Intent { act=android.intent.action.DROPBOX_ENTRY_ADDED flg=0x10 (has extras) } to com.google.android.gms/.chimera.GmsIntentOperationService$PersistentTrustedReceiver
10-12 17:11:12.750  9285  9291 I stagram.androi: JIT allocated 52KB for compiled code of X.1X8 X.1X8.A01(X.0jv, boolean)
10-12 17:11:12.960  9285  9451 E java.net.CookieManager: Invalid cookie for https://i.instagram.com/api/v1/multiple_accounts/get_account_family/: $Path=""; Domain=instagram.com; Max-Age=0; Path=/
10-12 17:11:12.960  9285  9451 E java.net.CookieManager: Invalid cookie for https://i.instagram.com/api/v1/multiple_accounts/get_account_family/: $Path=""; Domain=.instagram.com; Max-Age=0; Path=/
10-12 17:11:12.961  9285  9451 E java.net.CookieManager: Invalid cookie for https://i.instagram.com/api/v1/multiple_accounts/get_account_family/: $Path=""; Domain=i.instagram.com; Max-Age=0; Path=/
10-12 17:11:12.961  9285  9451 E java.net.CookieManager: Invalid cookie for https://i.instagram.com/api/v1/multiple_accounts/get_account_family/: $Path=""; Domain=.i.instagram.com; Max-Age=0; Path=/
10-12 17:11:12.961  9285  9451 E java.net.CookieManager: Invalid cookie for https://i.instagram.com/api/v1/multiple_accounts/get_account_family/: $Path=""; Domain=www.instagram.com; Max-Age=0; Path=/
10-12 17:11:12.961  9285  9451 E java.net.CookieManager: Invalid cookie for https://i.instagram.com/api/v1/multiple_accounts/get_account_family/: $Path=""; Domain=.www.instagram.com; Max-Age=0; Path=/
10-12 17:11:12.961  9285  9451 E java.net.CookieManager: Invalid cookie for https://i.instagram.com/api/v1/multiple_accounts/get_account_family/: $Path=""; Max-Age=0; Path=/
10-12 17:11:12.961  9285  9451 E java.net.CookieManager: Invalid cookie for https://i.instagram.com/api/v1/multiple_accounts/get_account_family/: $Domain=""; Domain=instagram.com; Max-Age=0; Path=/
10-12 17:11:12.961  9285  9451 E java.net.CookieManager: Invalid cookie for https://i.instagram.com/api/v1/multiple_accounts/get_account_family/: $Domain=""; Domain=.instagram.com; Max-Age=0; Path=/
10-12 17:11:12.961  9285  9451 E java.net.CookieManager: Invalid cookie for https://i.instagram.com/api/v1/multiple_accounts/get_account_family/: $Domain=""; Domain=i.instagram.com; Max-Age=0; Path=/
10-12 17:11:12.961  9285  9451 E java.net.CookieManager: Invalid cookie for https://i.instagram.com/api/v1/multiple_accounts/get_account_family/: $Domain=""; Domain=.i.instagram.com; Max-Age=0; Path=/
10-12 17:11:12.962  9285  9451 E java.net.CookieManager: Invalid cookie for https://i.instagram.com/api/v1/multiple_accounts/get_account_family/: $Domain=""; Domain=www.instagram.com; Max-Age=0; Path=/
10-12 17:11:12.962  9285  9451 E java.net.CookieManager: Invalid cookie for https://i.instagram.com/api/v1/multiple_accounts/get_account_family/: $Domain=""; Domain=.www.instagram.com; Max-Age=0; Path=/
10-12 17:11:12.962  9285  9451 E java.net.CookieManager: Invalid cookie for https://i.instagram.com/api/v1/multiple_accounts/get_account_family/: $Domain=""; Max-Age=0; Path=/
10-12 17:11:12.998  2965  2988 I system_server: Explicit concurrent copying GC freed 149983(6MB) AllocSpace objects, 2(40KB) LOS objects, 42% free, 11MB/20MB, paused 116us total 115.675ms
10-12 17:11:13.185  2753  2924 D audio-subMixingFactory: out_standby_subMixingPCM: out_stream(0xec74aa00) usecase: STREAM_PCM_NORMAL
10-12 17:11:13.186  2753  2924 I audio-subMixingFactory: ++usecase_change_validate_l_sm(), dev usecase masks = 0x1, is_standby = 1, out usecase STREAM_PCM_NORMAL
10-12 17:11:13.186  2753  2924 I audio-subMixingFactory: --usecase_change_validate_l_sm(), dev usecase masks = 0, is_standby = 1, out usecase STREAM_PCM_NORMAL
10-12 17:11:13.186  2753  2924 I amlaudioMixer: ++delete_mixer_input_port port ID: 0
10-12 17:11:15.704  2775  3467 E BufferQueueProducer: [com.android.systemui.ImageWallpaper#0] disconnect: not connected (req=1)
10-12 17:11:15.705  3123  3407 W libEGL  : EGLNativeWindowType 0xcbb17008 disconnect failed
10-12 17:11:15.760  9285  9285 E fatal   : runForegroundReporters
10-12 17:11:16.976  3923  3923 D skia    : --- Failed to create image decoder with message 'unimplemented'
10-12 17:11:17.007  3923  3923 D skia    : --- Failed to create image decoder with message 'unimplemented'
10-12 17:11:17.001  3923  3923 I tutu.ABenchMark: type=1400 audit(0.0:2505): avc: denied { open } for path="/proc/stat" dev="proc" ino=4026531957 scontext=u:r:untrusted_app_27:s0:c512,c768 tcontext=u:object_r:proc_stat:s0 tclass=file permissive=1
10-12 17:11:20.861  9285  9285 I com.instagram.android: type=1400 audit(0.0:2510): avc: denied { call } for comm=49674578656375746F72202336 scontext=u:r:untrusted_app:s0:c52,c256,c512,c768 tcontext=u:r:hal_memtrack_default:s0 tclass=binder permissive=1
10-12 17:11:21.801 15520 15520 I .coupang.mobile: type=1400 audit(0.0:2514): avc: denied { open } for path="/proc/vmstat" dev="proc" ino=4026531993 scontext=u:r:untrusted_app:s0:c92,c256,c512,c768 tcontext=u:object_r:proc_vmstat:s0 tclass=file permissive=1
10-12 17:11:27.020  3923  3923 D skia    : --- Failed to create image decoder with message 'unimplemented'
10-12 17:11:40.075  2965  4670 D ConnectivityService: requestNetwork for uid/pid:10023/5742 NetworkRequest [ TRACK_DEFAULT id=330, [ Capabilities: INTERNET&NOT_RESTRICTED&TRUSTED Unwanted:  Uid: 10023] ]
10-12 17:11:37.054  3923  3923 I chatty  : uid=10079(com.antutu.ABenchMark) identical 2 lines
10-12 17:11:37.065  3923  3923 D skia    : --- Failed to create image decoder with message 'unimplemented'
10-12 17:11:40.077  2965  3053 D WIFI    : got request NetworkRequest [ TRACK_DEFAULT id=330, [ Capabilities: INTERNET&NOT_RESTRICTED&TRUSTED Unwanted:  Uid: 10023] ] with score 70
10-12 17:11:40.077  2965  3077 D Ethernet: got request NetworkRequest [ TRACK_DEFAULT id=330, [ Capabilities: INTERNET&NOT_RESTRICTED&TRUSTED Unwanted:  Uid: 10023] ] with score 70
10-12 17:11:40.078  2965  3053 D WIFI_UT : got request NetworkRequest [ TRACK_DEFAULT id=330, [ Capabilities: INTERNET&NOT_RESTRICTED&TRUSTED Unwanted:  Uid: 10023] ] with score 70
10-12 17:11:40.079  3184  3184 D PhoneSwitcherNetworkRequstListener: got request NetworkRequest [ TRACK_DEFAULT id=330, [ Capabilities: INTERNET&NOT_RESTRICTED&TRUSTED Unwanted:  Uid: 10023] ] with score 70
10-12 17:11:40.083  2965  2980 E NotificationService: Suppressing notification from package by user request.
10-12 17:11:40.086  2965  3055 D ConnectivityService: releasing NetworkRequest [ TRACK_DEFAULT id=330, [ Capabilities: INTERNET&NOT_RESTRICTED&TRUSTED Unwanted:  Uid: 10023] ] (release request)
10-12 17:11:43.709  9285  9343 W AppStateLoggerCore: Failed to get webview version
10-12 17:11:43.709  9285  9343 W AppStateLoggerCore: android.content.pm.PackageManager$NameNotFoundException: com.google.android.webview
10-12 17:11:43.709  9285  9343 W AppStateLoggerCore: 	at android.app.ApplicationPackageManager.getPackageInfoAsUser(ApplicationPackageManager.java:181)
10-12 17:11:43.709  9285  9343 W AppStateLoggerCore: 	at android.app.ApplicationPackageManager.getPackageInfo(ApplicationPackageManager.java:152)
10-12 17:11:43.709  9285  9343 W AppStateLoggerCore: 	at X.07r.A05(:46)
10-12 17:11:43.709  9285  9343 W AppStateLoggerCore: 	at X.03k.run(:728)
10-12 17:11:47.078  3923  3923 D skia    : --- Failed to create image decoder with message 'unimplemented'
10-12 17:11:47.104  3923  3923 D skia    : --- Failed to create image decoder with message 'unimplemented'
10-12 17:11:48.957  9285  9296 W System  : A resource failed to call close. 
10-12 17:11:48.959  9285  9296 I chatty  : uid=10052(com.instagram.android) FinalizerDaemon identical 5 lines
10-12 17:11:48.959  9285  9296 W System  : A resource failed to call close. 
10-12 17:11:49.758 22462 22462 I Zygote  : seccomp disabled by setenforce 0
10-12 17:11:49.758  2965  2982 I ActivityManager: Start proc 22462:com.android.vending/u0a63 for service com.android.vending/com.google.android.finsky.scheduler.process.mainimpl.PhoneskyJobServiceMain
10-12 17:11:49.762 22462 22462 W android.vendin: Using default instruction set features for ARM CPU variant (cortex-a9) using conservative defaults
10-12 17:11:49.827 22462 22462 I Finsky  : [2] fzu.ay(5): Process created at version: 22.2.13-21 [0] [PR] 335073928
10-12 17:11:49.994 22462 22485 I Finsky  : [654] ygw.a(2): Started reading experiment flags from file [0tGUNCGIkbk4o6-fQ335kUYSKwVj4lusnHT-A5Dsy08].
10-12 17:11:49.997 22462 22485 I Finsky  : [654] ygw.a(18): Finished reading experiment flags from file [0tGUNCGIkbk4o6-fQ335kUYSKwVj4lusnHT-A5Dsy08].
10-12 17:11:50.008 22462 22485 I Finsky  : [654] ygw.a(2): Started reading experiment flags from file [5lHwWtGM69xOaDUqq2rdH8o4Y-MG0rIvo96DKUGm2aE].
10-12 17:11:50.013 22462 22485 I Finsky  : [654] ygw.a(18): Finished reading experiment flags from file [5lHwWtGM69xOaDUqq2rdH8o4Y-MG0rIvo96DKUGm2aE].
10-12 17:11:50.019 22462 22462 I Finsky  : [2] ygw.a(2): Started reading experiment flags from file [Se-xCc4LzNyh3UrKMIU2sUf-PUKz4oQEbpKZDMuaFno].
10-12 17:11:50.027 22462 22462 I Finsky  : [2] ygw.a(18): Finished reading experiment flags from file [Se-xCc4LzNyh3UrKMIU2sUf-PUKz4oQEbpKZDMuaFno].
10-12 17:11:50.038 22462 22462 I Finsky  : [2] abjk.<init>(5): Resetting scheduler db
10-12 17:11:50.065 22462 22481 I Finsky  : [650] ahoq.a(2): Not a unicorn account
10-12 17:11:50.068 22462 22492 I Finsky  : [661] abie.a(67): SCH: Resetting scheduler db stage 2
10-12 17:11:50.085 22462 22481 I Finsky  : [650] agcb.a(2): Disable SystemUpdateActivity, because Android is lower than Q
10-12 17:11:50.085 22462 22483 I Finsky  : [652] xre.<init>(3): PackageMonitorReceiverImpl - Registering in memory receiver for android.intent.action.PACKAGE_ADDED and android.intent.action.PACKAGE_REMOVED
10-12 17:11:50.091 22462 22501 I Finsky  : [669] agca.run(50): Set SystemUpdateActivity enabled state to 2
10-12 17:11:50.107 22462 22483 W Settings: Setting download_manager_max_bytes_over_mobile has moved from android.provider.Settings.Secure to android.provider.Settings.Global.
10-12 17:11:50.108 22462 22483 I Finsky  : [652] vok.i(3): SettingNotFoundException, fall through to G.downloadBytesOverMobileMaximum
10-12 17:11:50.109 22462 22483 W Settings: Setting download_manager_recommended_max_bytes_over_mobile has moved from android.provider.Settings.Secure to android.provider.Settings.Global.
10-12 17:11:50.111 22462 22483 I Finsky  : [652] vok.j(3): SettingNotFoundException, fall through to G.downloadBytesOverMobileRecommended
10-12 17:11:50.112  2965  2976 D ConnectivityService: requestNetwork for uid/pid:10063/22462 NetworkRequest [ TRACK_DEFAULT id=331, [ Capabilities: INTERNET&NOT_RESTRICTED&TRUSTED Unwanted:  Uid: 10063] ]
10-12 17:11:50.113  2965  3053 D WIFI    : got request NetworkRequest [ TRACK_DEFAULT id=331, [ Capabilities: INTERNET&NOT_RESTRICTED&TRUSTED Unwanted:  Uid: 10063] ] with score 70
10-12 17:11:50.113  2965  3077 D Ethernet: got request NetworkRequest [ TRACK_DEFAULT id=331, [ Capabilities: INTERNET&NOT_RESTRICTED&TRUSTED Unwanted:  Uid: 10063] ] with score 70
10-12 17:11:50.113  3184  3184 D PhoneSwitcherNetworkRequstListener: got request NetworkRequest [ TRACK_DEFAULT id=331, [ Capabilities: INTERNET&NOT_RESTRICTED&TRUSTED Unwanted:  Uid: 10063] ] with score 70
10-12 17:11:50.114  2965  3053 D WIFI_UT : got request NetworkRequest [ TRACK_DEFAULT id=331, [ Capabilities: INTERNET&NOT_RESTRICTED&TRUSTED Unwanted:  Uid: 10063] ] with score 70
10-12 17:11:50.121 22462 22480 I cr_CronetLibraryLoader: Cronet version: 87.0.4276.2, arch: armv8l
10-12 17:11:50.132 22462 22483 I Finsky  : [652] asuk.b(2): registerListener
10-12 17:11:50.135 22462 22483 I Finsky  : [652] asuk.b(2): registerListener
10-12 17:11:50.136 22462 22481 I Finsky  : [650] thl.n(5): Enqueuing libraries load for 1153037157
10-12 17:11:50.138 22462 22483 I Finsky  : [652] jpd.j(5): Subscription detail: N/A
10-12 17:11:50.138 22462 22497 I Finsky  : [666] thl.o(1): Starting libraries load for 1153037157
10-12 17:11:50.163 22462 22483 I Finsky  : [652] ajqr.w(2): Setup app restrictions monitor
10-12 17:11:50.169 22462 22483 I Finsky  : [652] ajsn.a(3): Device wide unknown source restriction is changed.
10-12 17:11:50.192 22462 22482 W android.vendin: Accessing hidden field Ljava/util/Collections$SynchronizedCollection;->mutex:Ljava/lang/Object; (dark greylist, reflection)
10-12 17:11:50.192 22462 22482 W android.vendin: Accessing hidden method Ljava/util/Collections$SynchronizedSet;-><init>(Ljava/util/Set;Ljava/lang/Object;)V (dark greylist, reflection)
10-12 17:11:50.194 22462 22482 W android.vendin: Accessing hidden method Ljava/util/Collections$SynchronizedCollection;-><init>(Ljava/util/Collection;Ljava/lang/Object;)V (dark greylist, reflection)
10-12 17:11:50.225 22462 22497 I Finsky  : [666] thl.o(19): Loaded library for account: [-I_Y4eyiA8L4I47UkseJO1Sgl1o-thu0mCoOowP1-zU]
10-12 17:11:50.226 22462 22497 I Finsky  : [666] thl.o(23): Finished loading 1 libraries.
10-12 17:11:50.269 22462 22462 I Finsky  : [2] qjl.<init>(13): Installer: Setting Parallelism[DEFAULT]
10-12 17:11:50.274 22462 22462 I Finsky  : [2] qgg.v(2): Installer: Attempting to start installer
10-12 17:11:50.278 22462 22462 I Finsky  : [2] asuk.b(2): registerListener
10-12 17:11:50.286 22462 22462 I Finsky  : [2] ablf.onStartJob(3): SCH: onJobSchedulerWakeup with jobId 9000
10-12 17:11:50.287 22462 22462 I Finsky  : [2] abgo.a(9): SCH: Scheduling fallback job with id: 9034, and delay: 43200000 ms
10-12 17:11:50.294 22462 22462 I Finsky  : [2] abgo.b(9): SCH: Scheduling fallback in 64799997 (absolute: 70512266)
10-12 17:11:50.304 22462 22462 I Finsky  : [2] jpc.onSubscriptionsChanged(1): onSubscriptionsChanged
10-12 17:11:50.308 22462 22462 I Finsky  : [2] qgg.L(1): Installer kick - no action, not running yet
10-12 17:11:50.311 22462 22485 D NetworkSecurityConfig: No Network Security Config specified, using platform default
10-12 17:11:50.404 22462 22531 I Finsky  : [693] mmb.d(1): getDownloads()
10-12 17:11:50.426  7789  7789 I Finsky:download_service: [2] sqa.onCreate(2): IPC-SERVER: Starting gRPC host service...
10-12 17:11:50.436  7789 22541 I Finsky:download_service: [447] mej.c(1): getDownloads().
10-12 17:11:50.447 22462 22535 I Finsky  : [696] qff.run(7): Installer: Installer starting.
10-12 17:11:50.447 22462 22535 I Finsky  : [696] qff.run(20): Installer: Installer started.
10-12 17:11:50.449 22462 22462 I Finsky  : [2] qgg.L(7): Installer: found apps to install. isMultiUserMode=false, apps=[]
10-12 17:11:50.480 22462 22462 I Finsky  : [2] abit.a(26): SCH: Canceling job 3-203
10-12 17:11:50.501 22462 22545 I Finsky  : [703] qsy.A(3): IQ: Creating job 204, for (REQ_CHARGING, REQ_DEVICE_IDLE, REQ_GEARHEAD_PROJECTION_OFF, NETWORK=UNMETERED, PROVISIONING_STATE=PROVISIONED)
10-12 17:11:50.509 22462 22462 I Finsky  : [2] abgx.handleMessage(8): SCH: DeviceState: DeviceState{currentTime=1602490310507, isCharging=true, isIdle=false, netAny=true, netNotRoaming=true, netUnmetered=true, batteryPercent=42.0}
10-12 17:11:50.525 22462 22492 I Finsky  : [661] abjk.b(5): SCH: Jobs in database: 1-1337 3-204 24-77777777 26-1414141414 29-29 33-125142305 34-23 34-26 34-29 34-30 
10-12 17:11:50.559 22462 22462 I Finsky  : [2] adhk.a(1): Connecting InstallListener to SplitInstallService broadcaster...
10-12 17:11:50.565 22462 22462 I Finsky  : [2] aizm.a(3): Warm data store was already initialized.
10-12 17:11:50.573 22462 22462 I Finsky  : [2] abgy.a(10): SCH: Running job: 33-125142305
10-12 17:11:50.575 22462 22462 I Finsky  : [2] abgx.handleMessage(60): SCH: RunningQueue size: 1, PendingQueue size: 0
10-12 17:11:50.575 22462 22462 I Finsky  : [2] abgx.handleMessage(63): SCH: Running queue: 33-125142305 
10-12 17:11:50.576 22462 22487 I Finsky  : [656] iut.a(27): Job resume_offline_acquisition started num packages 1
10-12 17:11:50.630 22462 22514 I Finsky  : [676] lns.f(2): ApplicationRestrictions: {}
10-12 17:11:50.961 22462 22483 E Finsky  : [652] ety.L(1): Got null for offerType. Please either fix the caller, or add @Nullable in BackgrounEventBuilder if calling with null should be supported.
10-12 17:11:50.961 22462 22483 E Finsky  : com.google.android.flib.log.WhatATerribleException
10-12 17:11:50.961 22462 22483 E Finsky  : 	at alrz.h(PG:2)
10-12 17:11:50.961 22462 22483 E Finsky  : 	at com.google.android.finsky.utils.FinskyLog.g(PG:3)
10-12 17:11:50.961 22462 22483 E Finsky  : 	at ety.L(PG:1)
10-12 17:11:50.961 22462 22483 E Finsky  : 	at ihp.a(PG:3)
10-12 17:11:50.961 22462 22483 E Finsky  : 	at ium.a(Unknown Source:132)
10-12 17:11:50.961 22462 22483 E Finsky  : 	at avyw.f(Unknown Source:2)
10-12 17:11:50.961 22462 22483 E Finsky  : 	at avyy.run(PG:9)
10-12 17:11:50.961 22462 22483 E Finsky  : 	at java.util.concurrent.ThreadPoolExecutor.runWorker(ThreadPoolExecutor.java:1167)
10-12 17:11:50.961 22462 22483 E Finsky  : 	at java.util.concurrent.ThreadPoolExecutor$Worker.run(ThreadPoolExecutor.java:641)
10-12 17:11:50.961 22462 22483 E Finsky  : 	at ngo.run(PG:3)
10-12 17:11:50.961 22462 22483 E Finsky  : 	at java.lang.Thread.run(Thread.java:764)
10-12 17:11:50.965 22462 22483 I Process : Sending signal. PID: 22462 SIG: 9
10-12 17:11:50.971  2965  2980 W BroadcastQueue: Background execution not allowed: receiving Intent { act=android.intent.action.DROPBOX_ENTRY_ADDED flg=0x10 (has extras) } to com.google.android.gms/.stats.service.DropBoxEntryAddedReceiver
10-12 17:11:50.971  2965  2980 W BroadcastQueue: Background execution not allowed: receiving Intent { act=android.intent.action.DROPBOX_ENTRY_ADDED flg=0x10 (has extras) } to com.google.android.gms/.chimera.GmsIntentOperationService$PersistentTrustedReceiver
10-12 17:11:51.029  2965  4803 D ConnectivityService: ConnectivityService NetworkRequestInfo binderDied(NetworkRequest [ TRACK_DEFAULT id=331, [ Capabilities: INTERNET&NOT_RESTRICTED&TRUSTED Unwanted:  Uid: 10063] ], android.os.BinderProxy@12c1736)
10-12 17:11:51.029  2965  6010 D ConnectivityService: ConnectivityService NetworkRequestInfo binderDied(NetworkRequest [ LISTEN id=332, [ Capabilities: INTERNET&NOT_RESTRICTED&TRUSTED Unwanted:  Uid: 10063] ], android.os.BinderProxy@89c8637)
10-12 17:11:51.029  2965  4670 I ActivityManager: Process com.android.vending (pid 22462) has died: vis  TRNB
10-12 17:11:51.030  2745  2745 I Zygote  : Process 22462 exited due to signal (9)
10-12 17:11:51.030  2965  2983 W libprocessgroup: kill(-22462, 9) failed: No such process
10-12 17:11:51.030  2965  2983 I libprocessgroup: Successfully killed process cgroup uid 10063 pid 22462 in 0ms
10-12 17:11:51.030  2965  4670 W ActivityManager: Scheduling restart of crashed service com.android.vending/com.google.android.finsky.scheduler.process.mainimpl.PhoneskyJobServiceMain in 1000ms
10-12 17:11:51.030  2965  3055 D ConnectivityService: releasing NetworkRequest [ TRACK_DEFAULT id=331, [ Capabilities: INTERNET&NOT_RESTRICTED&TRUSTED Unwanted:  Uid: 10063] ] (release request)
10-12 17:11:51.031  7789  7789 I Finsky:download_service: [2] sqa.onDestroy(8): IPC-SERVER: Stopping gRPC host service...
10-12 17:11:51.040  4173  4215 E fb4a.AppModuleFallbackLoader: Same class failed twice androidx.webkit.WebViewCompat
10-12 17:11:51.041  4173  4215 W fb4a.AppStateLoggerCore: Failed to get webview version
10-12 17:11:51.041  4173  4215 W fb4a.AppStateLoggerCore: android.content.pm.PackageManager$NameNotFoundException: com.google.android.webview
10-12 17:11:51.041  4173  4215 W fb4a.AppStateLoggerCore: 	at android.app.ApplicationPackageManager.getPackageInfoAsUser(ApplicationPackageManager.java:181)
10-12 17:11:51.041  4173  4215 W fb4a.AppStateLoggerCore: 	at android.app.ApplicationPackageManager.getPackageInfo(ApplicationPackageManager.java:152)
10-12 17:11:51.041  4173  4215 W fb4a.AppStateLoggerCore: 	at X.05L.A07(:39)
10-12 17:11:51.041  4173  4215 W fb4a.AppStateLoggerCore: 	at X.0AS.run(:21082)
10-12 17:11:51.052 15520 15650 E chromium: [ERROR:gl_context_virtual.cc(39)] Trying to make virtual context current without decoder.
10-12 17:11:51.449  9285  9285 I com.instagram.android: type=1400 audit(0.0:2516): avc: denied { call } for comm=49674578656375746F72202336 scontext=u:r:untrusted_app:s0:c52,c256,c512,c768 tcontext=u:r:hal_memtrack_default:s0 tclass=binder permissive=1
10-12 17:11:54.212  2798  2829 E storaged: getDiskStats failed with result NOT_SUPPORTED and size 0
10-12 17:11:57.112  3923  3923 D skia    : --- Failed to create image decoder with message 'unimplemented'
10-12 17:11:57.142  3923  3923 D skia    : --- Failed to create image decoder with message 'unimplemented'
10-12 17:12:00.309  2767  2767 I memtrack@1.0-se: type=1400 audit(0.0:2517): avc: denied { read } for name="mem_profile" dev="debugfs" ino=390581 scontext=u:r:hal_memtrack_default:s0 tcontext=u:object_r:debugfs:s0 tclass=file permissive=1
10-12 17:12:01.657  3923  3923 I tutu.ABenchMark: type=1400 audit(0.0:2520): avc: denied { open } for path="/proc/vmstat" dev="proc" ino=4026531993 scontext=u:r:untrusted_app_27:s0:c512,c768 tcontext=u:object_r:proc_vmstat:s0 tclass=file permissive=1
10-12 17:12:01.714  3923  3923 D skia    : --- Failed to create image decoder with message 'unimplemented'
10-12 17:12:01.729  3923  3923 D skia    : --- Failed to create image decoder with message 'unimplemented'
10-12 17:12:01.657  3923  3923 I tutu.ABenchMark: type=1400 audit(0.0:2521): avc: denied { getattr } for path="/proc/vmstat" dev="proc" ino=4026531993 scontext=u:r:untrusted_app_27:s0:c512,c768 tcontext=u:object_r:proc_vmstat:s0 tclass=file permissive=1
10-12 17:12:04.087  7789  7837 I Finsky:download_service: [350] ngd.run(36): Stats for Executor: bgExecutor nih@6f7bb4[Running, pool size = 0, active threads = 0, queued tasks = 0, completed tasks = 0]
10-12 17:12:07.150  3923  3923 D skia    : --- Failed to create image decoder with message 'unimplemented'
10-12 17:12:07.178  3923  3923 D skia    : --- Failed to create image decoder with message 'unimplemented'
10-12 17:12:07.169  3923  3923 I tutu.ABenchMark: type=1400 audit(0.0:2522): avc: denied { open } for path="/proc/stat" dev="proc" ino=4026531957 scontext=u:r:untrusted_app_27:s0:c512,c768 tcontext=u:object_r:proc_stat:s0 tclass=file permissive=1
10-12 17:12:07.173  3923  3923 I tutu.ABenchMark: type=1400 audit(0.0:2524): avc: denied { read } for name="temp" dev="sysfs" ino=8951 scontext=u:r:untrusted_app_27:s0:c512,c768 tcontext=u:object_r:sysfs:s0 tclass=file permissive=1
10-12 17:12:10.106  2965  6224 D ConnectivityService: requestNetwork for uid/pid:10023/5742 NetworkRequest [ TRACK_DEFAULT id=333, [ Capabilities: INTERNET&NOT_RESTRICTED&TRUSTED Unwanted:  Uid: 10023] ]
10-12 17:12:10.108  2965  3053 D WIFI    : got request NetworkRequest [ TRACK_DEFAULT id=333, [ Capabilities: INTERNET&NOT_RESTRICTED&TRUSTED Unwanted:  Uid: 10023] ] with score 70
10-12 17:12:10.109  2965  3053 D WIFI_UT : got request NetworkRequest [ TRACK_DEFAULT id=333, [ Capabilities: INTERNET&NOT_RESTRICTED&TRUSTED Unwanted:  Uid: 10023] ] with score 70
10-12 17:12:10.109  2965  3077 D Ethernet: got request NetworkRequest [ TRACK_DEFAULT id=333, [ Capabilities: INTERNET&NOT_RESTRICTED&TRUSTED Unwanted:  Uid: 10023] ] with score 70
10-12 17:12:10.109  3184  3184 D PhoneSwitcherNetworkRequstListener: got request NetworkRequest [ TRACK_DEFAULT id=333, [ Capabilities: INTERNET&NOT_RESTRICTED&TRUSTED Unwanted:  Uid: 10023] ] with score 70
10-12 17:12:10.125  2965  2980 E NotificationService: Suppressing notification from package by user request.
10-12 17:12:10.125  2965  3055 D ConnectivityService: releasing NetworkRequest [ TRACK_DEFAULT id=333, [ Capabilities: INTERNET&NOT_RESTRICTED&TRUSTED Unwanted:  Uid: 10023] ] (release request)
10-12 17:12:12.897  2767  2767 I memtrack@1.0-se: type=1400 audit(0.0:2527): avc: denied { search } for name="2587" dev="proc" ino=3320 scontext=u:r:hal_memtrack_default:s0 tcontext=u:r:imageserver:s0 tclass=dir permissive=1
10-12 17:12:12.953  2767  2767 I memtrack@1.0-se: type=1400 audit(0.0:2531): avc: denied { search } for name="2749" dev="proc" ino=15395 scontext=u:r:hal_memtrack_default:s0 tcontext=u:r:rc_server:s0 tclass=dir permissive=1
10-12 17:12:14.781  9285  9343 W AppStateLoggerCore: Failed to get webview version
10-12 17:12:14.781  9285  9343 W AppStateLoggerCore: android.content.pm.PackageManager$NameNotFoundException: com.google.android.webview
10-12 17:12:14.781  9285  9343 W AppStateLoggerCore: 	at android.app.ApplicationPackageManager.getPackageInfoAsUser(ApplicationPackageManager.java:181)
10-12 17:12:14.781  9285  9343 W AppStateLoggerCore: 	at android.app.ApplicationPackageManager.getPackageInfo(ApplicationPackageManager.java:152)
10-12 17:12:14.781  9285  9343 W AppStateLoggerCore: 	at X.07r.A05(:46)
10-12 17:12:14.781  9285  9343 W AppStateLoggerCore: 	at X.03k.run(:728)
10-12 17:12:16.941  9285  9285 I com.instagram.android: type=1400 audit(0.0:2561): avc: denied { call } for comm=49674578656375746F72202336 scontext=u:r:untrusted_app:s0:c52,c256,c512,c768 tcontext=u:r:hal_memtrack_default:s0 tclass=binder permissive=1
10-12 17:12:17.190  3923  3923 D skia    : --- Failed to create image decoder with message 'unimplemented'
10-12 17:12:17.193  3923  3923 I tutu.ABenchMark: type=1400 audit(0.0:2562): avc: denied { open } for path="/proc/stat" dev="proc" ino=4026531957 scontext=u:r:untrusted_app_27:s0:c512,c768 tcontext=u:object_r:proc_stat:s0 tclass=file permissive=1
10-12 17:12:17.197  3923  3923 I tutu.ABenchMark: type=1400 audit(0.0:2564): avc: denied { read } for name="temp" dev="sysfs" ino=8951 scontext=u:r:untrusted_app_27:s0:c512,c768 tcontext=u:object_r:sysfs:s0 tclass=file permissive=1
10-12 17:12:17.197  3923  3923 I tutu.ABenchMark: type=1400 audit(0.0:2565): avc: denied { open } for path="/sys/devices/virtual/thermal/thermal_zone0/temp" dev="sysfs" ino=8951 scontext=u:r:untrusted_app_27:s0:c512,c768 tcontext=u:object_r:sysfs:s0 tclass=file permissive=1
10-12 17:12:17.207  3923  3923 D skia    : --- Failed to create image decoder with message 'unimplemented'
10-12 17:12:21.813 15520 15520 I .coupang.mobile: type=1400 audit(0.0:2567): avc: denied { open } for path="/proc/vmstat" dev="proc" ino=4026531993 scontext=u:r:untrusted_app:s0:c92,c256,c512,c768 tcontext=u:object_r:proc_vmstat:s0 tclass=file permissive=1
10-12 17:12:27.220  3923  3923 D skia    : --- Failed to create image decoder with message 'unimplemented'
10-12 17:12:40.135  2965  4803 D ConnectivityService: requestNetwork for uid/pid:10023/5742 NetworkRequest [ TRACK_DEFAULT id=334, [ Capabilities: INTERNET&NOT_RESTRICTED&TRUSTED Unwanted:  Uid: 10023] ]
10-12 17:12:37.242  3923  3923 I chatty  : uid=10079(com.antutu.ABenchMark) identical 2 lines
10-12 17:12:37.254  3923  3923 D skia    : --- Failed to create image decoder with message 'unimplemented'
10-12 17:12:40.138  2965  3053 D WIFI    : got request NetworkRequest [ TRACK_DEFAULT id=334, [ Capabilities: INTERNET&NOT_RESTRICTED&TRUSTED Unwanted:  Uid: 10023] ] with score 70
10-12 17:12:40.138  2965  3053 D WIFI_UT : got request NetworkRequest [ TRACK_DEFAULT id=334, [ Capabilities: INTERNET&NOT_RESTRICTED&TRUSTED Unwanted:  Uid: 10023] ] with score 70
10-12 17:12:40.138  2965  3077 D Ethernet: got request NetworkRequest [ TRACK_DEFAULT id=334, [ Capabilities: INTERNET&NOT_RESTRICTED&TRUSTED Unwanted:  Uid: 10023] ] with score 70
10-12 17:12:40.139  3184  3184 D PhoneSwitcherNetworkRequstListener: got request NetworkRequest [ TRACK_DEFAULT id=334, [ Capabilities: INTERNET&NOT_RESTRICTED&TRUSTED Unwanted:  Uid: 10023] ] with score 70
10-12 17:12:40.142  2965  2980 E NotificationService: Suppressing notification from package by user request.
10-12 17:12:40.143  2965  3055 D ConnectivityService: releasing NetworkRequest [ TRACK_DEFAULT id=334, [ Capabilities: INTERNET&NOT_RESTRICTED&TRUSTED Unwanted:  Uid: 10023] ] (release request)
10-12 17:12:45.812  9285  9343 W AppStateLoggerCore: Failed to get webview version
10-12 17:12:45.812  9285  9343 W AppStateLoggerCore: android.content.pm.PackageManager$NameNotFoundException: com.google.android.webview
10-12 17:12:45.812  9285  9343 W AppStateLoggerCore: 	at android.app.ApplicationPackageManager.getPackageInfoAsUser(ApplicationPackageManager.java:181)
10-12 17:12:45.812  9285  9343 W AppStateLoggerCore: 	at android.app.ApplicationPackageManager.getPackageInfo(ApplicationPackageManager.java:152)
10-12 17:12:45.812  9285  9343 W AppStateLoggerCore: 	at X.07r.A05(:46)
10-12 17:12:45.812  9285  9343 W AppStateLoggerCore: 	at X.03k.run(:728)
10-12 17:12:47.257  3923  3923 D skia    : --- Failed to create image decoder with message 'unimplemented'
10-12 17:12:54.213  2798  2829 E storaged: getDiskStats failed with result NOT_SUPPORTED and size 0
10-12 17:12:57.286  3923  3923 I chatty  : uid=10079(com.antutu.ABenchMark) identical 2 lines
10-12 17:12:57.308  3923  3923 D skia    : --- Failed to create image decoder with message 'unimplemented'
10-12 17:13:01.661  3923  3923 I tutu.ABenchMark: type=1400 audit(0.0:2569): avc: denied { open } for path="/proc/vmstat" dev="proc" ino=4026531993 scontext=u:r:untrusted_app_27:s0:c512,c768 tcontext=u:object_r:proc_vmstat:s0 tclass=file permissive=1
10-12 17:13:07.315  3923  3923 D skia    : --- Failed to create image decoder with message 'unimplemented'
10-12 17:13:10.154  2965  4670 D ConnectivityService: requestNetwork for uid/pid:10023/5742 NetworkRequest [ TRACK_DEFAULT id=335, [ Capabilities: INTERNET&NOT_RESTRICTED&TRUSTED Unwanted:  Uid: 10023] ]
10-12 17:13:07.346  3923  3923 D skia    : --- Failed to create image decoder with message 'unimplemented'
10-12 17:13:10.155  2965  3053 D WIFI    : got request NetworkRequest [ TRACK_DEFAULT id=335, [ Capabilities: INTERNET&NOT_RESTRICTED&TRUSTED Unwanted:  Uid: 10023] ] with score 70
10-12 17:13:10.155  2965  3053 D WIFI_UT : got request NetworkRequest [ TRACK_DEFAULT id=335, [ Capabilities: INTERNET&NOT_RESTRICTED&TRUSTED Unwanted:  Uid: 10023] ] with score 70
10-12 17:13:10.155  2965  3077 D Ethernet: got request NetworkRequest [ TRACK_DEFAULT id=335, [ Capabilities: INTERNET&NOT_RESTRICTED&TRUSTED Unwanted:  Uid: 10023] ] with score 70
10-12 17:13:10.156  3184  3184 D PhoneSwitcherNetworkRequstListener: got request NetworkRequest [ TRACK_DEFAULT id=335, [ Capabilities: INTERNET&NOT_RESTRICTED&TRUSTED Unwanted:  Uid: 10023] ] with score 70
10-12 17:13:10.164  2965  2980 E NotificationService: Suppressing notification from package by user request.
10-12 17:13:10.164  2965  3055 D ConnectivityService: releasing NetworkRequest [ TRACK_DEFAULT id=335, [ Capabilities: INTERNET&NOT_RESTRICTED&TRUSTED Unwanted:  Uid: 10023] ] (release request)
10-12 17:13:16.902  9285  9343 W AppStateLoggerCore: Failed to get webview version
10-12 17:13:16.902  9285  9343 W AppStateLoggerCore: android.content.pm.PackageManager$NameNotFoundException: com.google.android.webview
10-12 17:13:16.902  9285  9343 W AppStateLoggerCore: 	at android.app.ApplicationPackageManager.getPackageInfoAsUser(ApplicationPackageManager.java:181)
10-12 17:13:16.902  9285  9343 W AppStateLoggerCore: 	at android.app.ApplicationPackageManager.getPackageInfo(ApplicationPackageManager.java:152)
10-12 17:13:16.902  9285  9343 W AppStateLoggerCore: 	at X.07r.A05(:46)
10-12 17:13:16.902  9285  9343 W AppStateLoggerCore: 	at X.03k.run(:728)
10-12 17:13:17.359  3923  3923 D skia    : --- Failed to create image decoder with message 'unimplemented'
10-12 17:13:17.386  3923  3923 D skia    : --- Failed to create image decoder with message 'unimplemented'
10-12 17:13:18.947  2744  4484 W DnsTlsSocket: SSL_connect error 5, errno=110
10-12 17:13:18.947  2744  4483 W DnsTlsSocket: SSL_connect error 5, errno=110
10-12 17:13:24.268  3612  4065 I CastDatabase: Saving the database
10-12 17:13:24.271  3612  4065 E SQLiteCastStore: Skip saving CastDeviceInfo: "Nearby device" (__cast_nearby___V_bd70e935-62b8-43b1-b70f-5ce84ba396b5)
10-12 17:13:24.272  3612  4065 I SQLiteCastStore: [CastNetworkInfo] saved: 0, skipped: 0, [CastDeviceInfo]: saved 0, skipped 1, [Paired Guest Mode DeviceInfo] saved: 0, skipped: 0. [ProbedNetworks]: saved 0, skipped: 0, [ProbedSocketAddress]: saved 0, skipped: 0, [Network-Device pairs]: saved: 0
10-12 17:13:27.398  3923  3923 D skia    : --- Failed to create image decoder with message 'unimplemented'
10-12 17:13:40.179  2965  3101 D ConnectivityService: requestNetwork for uid/pid:10023/5742 NetworkRequest [ TRACK_DEFAULT id=336, [ Capabilities: INTERNET&NOT_RESTRICTED&TRUSTED Unwanted:  Uid: 10023] ]
10-12 17:13:37.413  3923  3923 I chatty  : uid=10079(com.antutu.ABenchMark) identical 2 lines
10-12 17:13:37.424  3923  3923 D skia    : --- Failed to create image decoder with message 'unimplemented'
10-12 17:13:40.181  2965  3053 D WIFI    : got request NetworkRequest [ TRACK_DEFAULT id=336, [ Capabilities: INTERNET&NOT_RESTRICTED&TRUSTED Unwanted:  Uid: 10023] ] with score 70
10-12 17:13:40.181  2965  3053 D WIFI_UT : got request NetworkRequest [ TRACK_DEFAULT id=336, [ Capabilities: INTERNET&NOT_RESTRICTED&TRUSTED Unwanted:  Uid: 10023] ] with score 70
10-12 17:13:40.181  2965  3077 D Ethernet: got request NetworkRequest [ TRACK_DEFAULT id=336, [ Capabilities: INTERNET&NOT_RESTRICTED&TRUSTED Unwanted:  Uid: 10023] ] with score 70
10-12 17:13:40.182  3184  3184 D PhoneSwitcherNetworkRequstListener: got request NetworkRequest [ TRACK_DEFAULT id=336, [ Capabilities: INTERNET&NOT_RESTRICTED&TRUSTED Unwanted:  Uid: 10023] ] with score 70
10-12 17:13:40.186  2965  2980 E NotificationService: Suppressing notification from package by user request.
10-12 17:13:40.187  2965  3055 D ConnectivityService: releasing NetworkRequest [ TRACK_DEFAULT id=336, [ Capabilities: INTERNET&NOT_RESTRICTED&TRUSTED Unwanted:  Uid: 10023] ] (release request)
10-12 17:13:47.436  3923  3923 D skia    : --- Failed to create image decoder with message 'unimplemented'
10-12 17:13:47.469  3923  3923 D skia    : --- Failed to create image decoder with message 'unimplemented'
10-12 17:13:47.965  9285  9343 W AppStateLoggerCore: Failed to get webview version
10-12 17:13:47.965  9285  9343 W AppStateLoggerCore: android.content.pm.PackageManager$NameNotFoundException: com.google.android.webview
10-12 17:13:47.965  9285  9343 W AppStateLoggerCore: 	at android.app.ApplicationPackageManager.getPackageInfoAsUser(ApplicationPackageManager.java:181)
10-12 17:13:47.965  9285  9343 W AppStateLoggerCore: 	at android.app.ApplicationPackageManager.getPackageInfo(ApplicationPackageManager.java:152)
10-12 17:13:47.965  9285  9343 W AppStateLoggerCore: 	at X.07r.A05(:46)
10-12 17:13:47.965  9285  9343 W AppStateLoggerCore: 	at X.03k.run(:728)
10-12 17:13:54.213  2798  2829 E storaged: getDiskStats failed with result NOT_SUPPORTED and size 0
10-12 17:13:57.472  3923  3923 D skia    : --- Failed to create image decoder with message 'unimplemented'
10-12 17:14:10.198  2965  4670 D ConnectivityService: requestNetwork for uid/pid:10023/5742 NetworkRequest [ TRACK_DEFAULT id=337, [ Capabilities: INTERNET&NOT_RESTRICTED&TRUSTED Unwanted:  Uid: 10023] ]
10-12 17:14:07.506  3923  3923 I chatty  : uid=10079(com.antutu.ABenchMark) identical 2 lines
10-12 17:14:07.528  3923  3923 D skia    : --- Failed to create image decoder with message 'unimplemented'
10-12 17:14:10.199  2965  3053 D WIFI    : got request NetworkRequest [ TRACK_DEFAULT id=337, [ Capabilities: INTERNET&NOT_RESTRICTED&TRUSTED Unwanted:  Uid: 10023] ] with score 70
10-12 17:14:10.199  2965  3053 D WIFI_UT : got request NetworkRequest [ TRACK_DEFAULT id=337, [ Capabilities: INTERNET&NOT_RESTRICTED&TRUSTED Unwanted:  Uid: 10023] ] with score 70
10-12 17:14:10.199  2965  3077 D Ethernet: got request NetworkRequest [ TRACK_DEFAULT id=337, [ Capabilities: INTERNET&NOT_RESTRICTED&TRUSTED Unwanted:  Uid: 10023] ] with score 70
10-12 17:14:10.200  3184  3184 D PhoneSwitcherNetworkRequstListener: got request NetworkRequest [ TRACK_DEFAULT id=337, [ Capabilities: INTERNET&NOT_RESTRICTED&TRUSTED Unwanted:  Uid: 10023] ] with score 70
10-12 17:14:10.205  2965  2980 E NotificationService: Suppressing notification from package by user request.
10-12 17:14:10.207  2965  3055 D ConnectivityService: releasing NetworkRequest [ TRACK_DEFAULT id=337, [ Capabilities: INTERNET&NOT_RESTRICTED&TRUSTED Unwanted:  Uid: 10023] ] (release request)
10-12 17:14:10.914  9285  9296 W System  : A resource failed to call close. 
10-12 17:14:10.915  9285  9296 I chatty  : uid=10052(com.instagram.android) FinalizerDaemon identical 10 lines
10-12 17:14:10.915  9285  9296 W System  : A resource failed to call close. 
10-12 17:14:11.391  4727  5623 I tnet-jni: 239 - [spdyPingRecvCallback] - 
10-12 17:14:11.391  4727  5623 I tnet-jni: 239 - [SpdySessionCallBack.spdyPingRecvCallback] - org.android.spdy.SpdySession@ff4a1e2
10-12 17:14:17.540  3923  3923 D skia    : --- Failed to create image decoder with message 'unimplemented'
10-12 17:14:17.567  3923  3923 D skia    : --- Failed to create image decoder with message 'unimplemented'
10-12 17:14:19.051  9285  9343 W AppStateLoggerCore: Failed to get webview version
10-12 17:14:19.051  9285  9343 W AppStateLoggerCore: android.content.pm.PackageManager$NameNotFoundException: com.google.android.webview
10-12 17:14:19.051  9285  9343 W AppStateLoggerCore: 	at android.app.ApplicationPackageManager.getPackageInfoAsUser(ApplicationPackageManager.java:181)
10-12 17:14:19.051  9285  9343 W AppStateLoggerCore: 	at android.app.ApplicationPackageManager.getPackageInfo(ApplicationPackageManager.java:152)
10-12 17:14:19.051  9285  9343 W AppStateLoggerCore: 	at X.07r.A05(:46)
10-12 17:14:19.051  9285  9343 W AppStateLoggerCore: 	at X.03k.run(:728)
10-12 17:14:27.571  3923  3923 D skia    : --- Failed to create image decoder with message 'unimplemented'
10-12 17:14:40.216  2965  4803 D ConnectivityService: requestNetwork for uid/pid:10023/5742 NetworkRequest [ TRACK_DEFAULT id=338, [ Capabilities: INTERNET&NOT_RESTRICTED&TRUSTED Unwanted:  Uid: 10023] ]
10-12 17:14:37.596  3923  3923 I chatty  : uid=10079(com.antutu.ABenchMark) identical 2 lines
10-12 17:14:37.621  3923  3923 D skia    : --- Failed to create image decoder with message 'unimplemented'
10-12 17:14:40.223  2965  3053 D WIFI    : got request NetworkRequest [ TRACK_DEFAULT id=338, [ Capabilities: INTERNET&NOT_RESTRICTED&TRUSTED Unwanted:  Uid: 10023] ] with score 70
10-12 17:14:40.223  2965  3053 D WIFI_UT : got request NetworkRequest [ TRACK_DEFAULT id=338, [ Capabilities: INTERNET&NOT_RESTRICTED&TRUSTED Unwanted:  Uid: 10023] ] with score 70
10-12 17:14:40.223  2965  3077 D Ethernet: got request NetworkRequest [ TRACK_DEFAULT id=338, [ Capabilities: INTERNET&NOT_RESTRICTED&TRUSTED Unwanted:  Uid: 10023] ] with score 70
10-12 17:14:40.224  3184  3184 D PhoneSwitcherNetworkRequstListener: got request NetworkRequest [ TRACK_DEFAULT id=338, [ Capabilities: INTERNET&NOT_RESTRICTED&TRUSTED Unwanted:  Uid: 10023] ] with score 70
10-12 17:14:40.233  5742 31706 W MessageQueue: Handler (amra) {2586786} sending message to a Handler on a dead thread
10-12 17:14:40.233  5742 31706 W MessageQueue: java.lang.IllegalStateException: Handler (amra) {2586786} sending message to a Handler on a dead thread
10-12 17:14:40.233  5742 31706 W MessageQueue: 	at android.os.MessageQueue.enqueueMessage(MessageQueue.java:546)
10-12 17:14:40.233  5742 31706 W MessageQueue: 	at android.os.Handler.enqueueMessage(Handler.java:745)
10-12 17:14:40.233  5742 31706 W MessageQueue: 	at android.os.Handler.sendMessageAtTime(Handler.java:697)
10-12 17:14:40.233  5742 31706 W MessageQueue: 	at android.os.Handler.sendMessageDelayed(Handler.java:667)
10-12 17:14:40.233  5742 31706 W MessageQueue: 	at android.os.Handler.postDelayed(Handler.java:469)
10-12 17:14:40.233  5742 31706 W MessageQueue: 	at amrd.f(PG:53)
10-12 17:14:40.233  5742 31706 W MessageQueue: 	at amra.handleMessage(PG:218)
10-12 17:14:40.233  5742 31706 W MessageQueue: 	at android.os.Handler.dispatchMessage(Handler.java:106)
10-12 17:14:40.233  5742 31706 W MessageQueue: 	at android.os.Looper.loop(Looper.java:193)
10-12 17:14:40.233  5742 31706 W MessageQueue: 	at android.os.HandlerThread.run(HandlerThread.java:65)
10-12 17:14:40.261  2965  2980 E NotificationService: Suppressing notification from package by user request.
10-12 17:14:40.262  2965  2980 E NotificationService: Suppressing notification from package by user request.
10-12 17:14:40.262  2965  3055 D ConnectivityService: releasing NetworkRequest [ TRACK_DEFAULT id=338, [ Capabilities: INTERNET&NOT_RESTRICTED&TRUSTED Unwanted:  Uid: 10023] ] (release request)
10-12 17:14:40.276  2965  4803 I WifiService: acquireWifiLock uid=10023 lockMode=3
10-12 17:14:40.595  5742  5753 I android.youtub: Background concurrent copying GC freed 404480(22MB) AllocSpace objects, 12(592KB) LOS objects, 39% free, 37MB/61MB, paused 101us total 107.340ms
10-12 17:14:40.605  5742 22587 W android.youtub: Long monitor contention with owner offlineTransfer (22588) at void adje.a(java.lang.String)(PG:7) waiters=0 in void amsn.a(int) for 326ms
10-12 17:14:40.607  5742 22588 W YouTube : Transfer wakelock held for 330 ms
10-12 17:14:40.611  2965  4066 I WifiService: releaseWifiLock uid=10023
10-12 17:14:40.623  2965  2980 E NotificationService: Suppressing notification from package by user request.
10-12 17:14:44.697  9285  9285 I com.instagram.android: type=1400 audit(0.0:2571): avc: denied { call } for comm=49674578656375746F72202336 scontext=u:r:untrusted_app:s0:c52,c256,c512,c768 tcontext=u:r:hal_memtrack_default:s0 tclass=binder permissive=1
10-12 17:14:47.632  3923  3923 D skia    : --- Failed to create image decoder with message 'unimplemented'
10-12 17:14:47.642  3923  3923 D skia    : --- Failed to create image decoder with message 'unimplemented'
10-12 17:14:50.116  9285  9343 W AppStateLoggerCore: Failed to get webview version
10-12 17:14:50.116  9285  9343 W AppStateLoggerCore: android.content.pm.PackageManager$NameNotFoundException: com.google.android.webview
10-12 17:14:50.116  9285  9343 W AppStateLoggerCore: 	at android.app.ApplicationPackageManager.getPackageInfoAsUser(ApplicationPackageManager.java:181)
10-12 17:14:50.116  9285  9343 W AppStateLoggerCore: 	at android.app.ApplicationPackageManager.getPackageInfo(ApplicationPackageManager.java:152)
10-12 17:14:50.116  9285  9343 W AppStateLoggerCore: 	at X.07r.A05(:46)
