10-12 17:04:08.289  2965  3200 D ConnectivityService: ConnectivityService NetworkRequestInfo binderDied(NetworkRequest [ TRACK_DEFAULT id=301, [ Capabilities: INTERNET&NOT_RESTRICTED&TRUSTED Unwanted:  Uid: 10063] ], android.os.BinderProxy@9cd554e)
10-12 17:04:08.289  2965  7944 D ConnectivityService: ConnectivityService NetworkRequestInfo binderDied(NetworkRequest [ LISTEN id=302, [ Capabilities: INTERNET&NOT_RESTRICTED&TRUSTED Unwanted:  Uid: 10063] ], android.os.BinderProxy@4bf466f)
10-12 17:04:08.289  2965  3055 D ConnectivityService: releasing NetworkRequest [ TRACK_DEFAULT id=301, [ Capabilities: INTERNET&NOT_RESTRICTED&TRUSTED Unwanted:  Uid: 10063] ] (release request)
10-12 17:04:08.290  2965  3200 I ActivityManager: Process com.android.vending (pid 15613) has died: vis  BFGS
10-12 17:04:08.291  2965  2983 W libprocessgroup: kill(-15613, 9) failed: No such process
10-12 17:04:08.291  2965  2983 I libprocessgroup: Successfully killed process cgroup uid 10063 pid 15613 in 0ms
10-12 17:04:08.292  2965  3200 W ActivityManager: Scheduling restart of crashed service com.android.vending/com.google.android.finsky.externalreferrer.GetInstallReferrerService in 1000ms
10-12 17:04:08.292  2965  3200 W ActivityManager: Scheduling restart of crashed service com.android.vending/com.google.android.finsky.scheduler.process.mainimpl.PhoneskyJobServiceMain in 11000ms
10-12 17:04:08.293  7789  7789 I Finsky:download_service: [2] sqa.onDestroy(8): IPC-SERVER: Stopping gRPC host service...
10-12 17:04:08.293  2745  2745 I Zygote  : Process 15613 exited due to signal (9)
10-12 17:04:08.297 15520 15520 W InstallReferrerClient: Install Referrer service disconnected.
10-12 17:04:08.307  4173  4215 E fb4a.AppModuleFallbackLoader: Same class failed twice androidx.webkit.WebViewCompat
10-12 17:04:08.308  4173  4215 W fb4a.AppStateLoggerCore: Failed to get webview version
10-12 17:04:08.308  4173  4215 W fb4a.AppStateLoggerCore: android.content.pm.PackageManager$NameNotFoundException: com.google.android.webview
10-12 17:04:08.308  4173  4215 W fb4a.AppStateLoggerCore: 	at android.app.ApplicationPackageManager.getPackageInfoAsUser(ApplicationPackageManager.java:181)
10-12 17:04:08.308  4173  4215 W fb4a.AppStateLoggerCore: 	at android.app.ApplicationPackageManager.getPackageInfo(ApplicationPackageManager.java:152)
10-12 17:04:08.308  4173  4215 W fb4a.AppStateLoggerCore: 	at X.05L.A07(:39)
10-12 17:04:08.308  4173  4215 W fb4a.AppStateLoggerCore: 	at X.0AS.run(:21082)
10-12 17:04:08.385  2767  2767 I memtrack@1.0-se: type=1400 audit(0.0:2204): avc: denied { read } for name="mem_profile" dev="debugfs" ino=390581 scontext=u:r:hal_memtrack_default:s0 tcontext=u:object_r:debugfs:s0 tclass=file permissive=1
10-12 17:04:08.385  2767  2767 I memtrack@1.0-se: type=1400 audit(0.0:2205): avc: denied { open } for path="/sys/kernel/debug/mali0/ctx/4173_30/mem_profile" dev="debugfs" ino=390581 scontext=u:r:hal_memtrack_default:s0 tcontext=u:object_r:debugfs:s0 tclass=file permissive=1
10-12 17:04:08.548 15520 15520 E ConstraintLayout: layout_constraintWidth_default="wrap" is deprecated.
10-12 17:04:08.548 15520 15520 E ConstraintLayout: Use layout_width="WRAP_CONTENT" and layout_constrainedWidth="true" instead.
10-12 17:04:08.634 15520 15520 I chatty  : uid=10092(com.coupang.mobile) identical 3 lines
10-12 17:04:08.652 15520 15520 E ConstraintLayout: layout_constraintWidth_default="wrap" is deprecated.
10-12 17:04:08.652 15520 15520 E ConstraintLayout: Use layout_width="WRAP_CONTENT" and layout_constrainedWidth="true" instead.
10-12 17:04:08.731  2753  2924 D audio-subMixingFactory: out_standby_subMixingPCM: out_stream(0xec74aa00) usecase: STREAM_PCM_NORMAL
10-12 17:04:08.731  2753  2924 I audio-subMixingFactory: ++usecase_change_validate_l_sm(), dev usecase masks = 0x1, is_standby = 1, out usecase STREAM_PCM_NORMAL
10-12 17:04:08.731  2753  2924 I audio-subMixingFactory: --usecase_change_validate_l_sm(), dev usecase masks = 0, is_standby = 1, out usecase STREAM_PCM_NORMAL
10-12 17:04:08.731  2753  2924 I amlaudioMixer: ++delete_mixer_input_port port ID: 0
10-12 17:04:08.899  2965  2988 I system_server: Explicit concurrent copying GC freed 152194(6MB) AllocSpace objects, 15(748KB) LOS objects, 42% free, 11MB/20MB, paused 124us total 149.802ms
10-12 17:04:09.304  2965  2982 I ActivityManager: Start proc 15872:com.android.vending/u0a63 for service com.android.vending/com.google.android.finsky.externalreferrer.GetInstallReferrerService
10-12 17:04:09.304 15872 15872 I Zygote  : seccomp disabled by setenforce 0
10-12 17:04:09.308 15872 15872 W android.vendin: Using default instruction set features for ARM CPU variant (cortex-a9) using conservative defaults
10-12 17:04:09.309  4727  4727 I ABenchMark:push: type=1400 audit(0.0:2207): avc: denied { open } for path="/proc/vmstat" dev="proc" ino=4026531993 scontext=u:r:untrusted_app_27:s0:c512,c768 tcontext=u:object_r:proc_vmstat:s0 tclass=file permissive=1
10-12 17:04:09.367 15872 15872 I Finsky  : [2] fzu.ay(5): Process created at version: 22.2.13-21 [0] [PR] 335073928
10-12 17:04:09.522 15872 15894 I Finsky  : [633] ygw.a(2): Started reading experiment flags from file [0tGUNCGIkbk4o6-fQ335kUYSKwVj4lusnHT-A5Dsy08].
10-12 17:04:09.527 15872 15894 I Finsky  : [633] ygw.a(18): Finished reading experiment flags from file [0tGUNCGIkbk4o6-fQ335kUYSKwVj4lusnHT-A5Dsy08].
10-12 17:04:09.539 15872 15894 I Finsky  : [633] ygw.a(2): Started reading experiment flags from file [5lHwWtGM69xOaDUqq2rdH8o4Y-MG0rIvo96DKUGm2aE].
10-12 17:04:09.545 15872 15894 I Finsky  : [633] ygw.a(18): Finished reading experiment flags from file [5lHwWtGM69xOaDUqq2rdH8o4Y-MG0rIvo96DKUGm2aE].
10-12 17:04:09.550 15872 15872 I Finsky  : [2] ygw.a(2): Started reading experiment flags from file [Se-xCc4LzNyh3UrKMIU2sUf-PUKz4oQEbpKZDMuaFno].
10-12 17:04:09.553 15872 15872 I Finsky  : [2] ygw.a(18): Finished reading experiment flags from file [Se-xCc4LzNyh3UrKMIU2sUf-PUKz4oQEbpKZDMuaFno].
10-12 17:04:09.563 15872 15872 I Finsky  : [2] abjk.<init>(5): Resetting scheduler db
10-12 17:04:09.585 15872 15892 I Finsky  : [631] ahoq.a(2): Not a unicorn account
10-12 17:04:09.598 15872 15890 I Finsky  : [629] xre.<init>(3): PackageMonitorReceiverImpl - Registering in memory receiver for android.intent.action.PACKAGE_ADDED and android.intent.action.PACKAGE_REMOVED
10-12 17:04:09.610 15872 15893 I Finsky  : [632] agcb.a(2): Disable SystemUpdateActivity, because Android is lower than Q
10-12 17:04:09.612 15872 15902 I Finsky  : [641] abie.a(67): SCH: Resetting scheduler db stage 2
10-12 17:04:09.628 15872 15893 W Settings: Setting download_manager_max_bytes_over_mobile has moved from android.provider.Settings.Secure to android.provider.Settings.Global.
10-12 17:04:09.629 15872 15893 I Finsky  : [632] vok.i(3): SettingNotFoundException, fall through to G.downloadBytesOverMobileMaximum
10-12 17:04:09.630 15872 15893 W Settings: Setting download_manager_recommended_max_bytes_over_mobile has moved from android.provider.Settings.Secure to android.provider.Settings.Global.
10-12 17:04:09.633 15872 15912 I Finsky  : [649] agca.run(50): Set SystemUpdateActivity enabled state to 2
10-12 17:04:09.633 15872 15893 I Finsky  : [632] vok.j(3): SettingNotFoundException, fall through to G.downloadBytesOverMobileRecommended
10-12 17:04:09.634 15872 15891 I cr_CronetLibraryLoader: Cronet version: 87.0.4276.2, arch: armv8l
10-12 17:04:09.636  2965 15865 D ConnectivityService: requestNetwork for uid/pid:10063/15872 NetworkRequest [ TRACK_DEFAULT id=303, [ Capabilities: INTERNET&NOT_RESTRICTED&TRUSTED Unwanted:  Uid: 10063] ]
10-12 17:04:09.636  2965  3053 D WIFI    : got request NetworkRequest [ TRACK_DEFAULT id=303, [ Capabilities: INTERNET&NOT_RESTRICTED&TRUSTED Unwanted:  Uid: 10063] ] with score 70
10-12 17:04:09.636  2965  3053 D WIFI_UT : got request NetworkRequest [ TRACK_DEFAULT id=303, [ Capabilities: INTERNET&NOT_RESTRICTED&TRUSTED Unwanted:  Uid: 10063] ] with score 70
10-12 17:04:09.637  2965  3077 D Ethernet: got request NetworkRequest [ TRACK_DEFAULT id=303, [ Capabilities: INTERNET&NOT_RESTRICTED&TRUSTED Unwanted:  Uid: 10063] ] with score 70
10-12 17:04:09.637  3184  3184 D PhoneSwitcherNetworkRequstListener: got request NetworkRequest [ TRACK_DEFAULT id=303, [ Capabilities: INTERNET&NOT_RESTRICTED&TRUSTED Unwanted:  Uid: 10063] ] with score 70
10-12 17:04:09.659  2965 15865 D ConnectivityService: requestNetwork for uid/pid:10023/5742 NetworkRequest [ TRACK_DEFAULT id=305, [ Capabilities: INTERNET&NOT_RESTRICTED&TRUSTED Unwanted:  Uid: 10023] ]
10-12 17:04:09.662  2965  3053 D WIFI    : got request NetworkRequest [ TRACK_DEFAULT id=305, [ Capabilities: INTERNET&NOT_RESTRICTED&TRUSTED Unwanted:  Uid: 10023] ] with score 70
10-12 17:04:09.662  2965  3077 D Ethernet: got request NetworkRequest [ TRACK_DEFAULT id=305, [ Capabilities: INTERNET&NOT_RESTRICTED&TRUSTED Unwanted:  Uid: 10023] ] with score 70
10-12 17:04:09.663  3184  3184 D PhoneSwitcherNetworkRequstListener: got request NetworkRequest [ TRACK_DEFAULT id=305, [ Capabilities: INTERNET&NOT_RESTRICTED&TRUSTED Unwanted:  Uid: 10023] ] with score 70
10-12 17:04:09.665  2965  3053 D WIFI_UT : got request NetworkRequest [ TRACK_DEFAULT id=305, [ Capabilities: INTERNET&NOT_RESTRICTED&TRUSTED Unwanted:  Uid: 10023] ] with score 70
10-12 17:04:09.670  2965  2980 E NotificationService: Suppressing notification from package by user request.
10-12 17:04:09.672 15872 15890 I Finsky  : [629] thl.n(5): Enqueuing libraries load for 1153037157
10-12 17:04:09.674 15872 15893 I Finsky  : [632] asuk.b(2): registerListener
10-12 17:04:09.678 15872 15883 I android.vendin: Background concurrent copying GC freed 8660(880KB) AllocSpace objects, 11(208KB) LOS objects, 49% free, 3MB/6MB, paused 152us total 100.239ms
10-12 17:04:09.679 15872 15893 I Finsky  : [632] asuk.b(2): registerListener
10-12 17:04:09.681 15872 15912 I Finsky  : [649] thl.o(1): Starting libraries load for 1153037157
10-12 17:04:09.681  2965  3055 D ConnectivityService: releasing NetworkRequest [ TRACK_DEFAULT id=305, [ Capabilities: INTERNET&NOT_RESTRICTED&TRUSTED Unwanted:  Uid: 10023] ] (release request)
10-12 17:04:09.682 15872 15890 I Finsky  : [629] jpd.j(5): Subscription detail: N/A
10-12 17:04:09.721 15872 15890 I Finsky  : [629] ajqr.w(2): Setup app restrictions monitor
10-12 17:04:09.723 15872 15890 I Finsky  : [629] ajsn.a(3): Device wide unknown source restriction is changed.
10-12 17:04:09.754 15872 15912 I Finsky  : [649] thl.o(19): Loaded library for account: [-I_Y4eyiA8L4I47UkseJO1Sgl1o-thu0mCoOowP1-zU]
10-12 17:04:09.756 15872 15912 I Finsky  : [649] thl.o(23): Finished loading 1 libraries.
10-12 17:04:09.757 15872 15892 W android.vendin: Accessing hidden field Ljava/util/Collections$SynchronizedCollection;->mutex:Ljava/lang/Object; (dark greylist, reflection)
10-12 17:04:09.758 15872 15892 W android.vendin: Accessing hidden method Ljava/util/Collections$SynchronizedSet;-><init>(Ljava/util/Set;Ljava/lang/Object;)V (dark greylist, reflection)
10-12 17:04:09.758 15872 15892 W android.vendin: Accessing hidden method Ljava/util/Collections$SynchronizedCollection;-><init>(Ljava/util/Collection;Ljava/lang/Object;)V (dark greylist, reflection)
10-12 17:04:09.776 15872 15872 I Finsky  : [2] uck.onTrimMemory(1): Memory trim requested to level 5
10-12 17:04:09.815 15872 15872 I Finsky  : [2] qjl.<init>(13): Installer: Setting Parallelism[DEFAULT]
10-12 17:04:09.824 15872 15872 I Finsky  : [2] qgg.v(2): Installer: Attempting to start installer
10-12 17:04:09.831 15872 15872 I Finsky  : [2] asuk.b(2): registerListener
10-12 17:04:09.841 15872 15872 I Finsky  : [2] jpc.onSubscriptionsChanged(1): onSubscriptionsChanged
10-12 17:04:09.848 15872 15894 D NetworkSecurityConfig: No Network Security Config specified, using platform default
10-12 17:04:09.848 15872 15872 I Finsky  : [2] qgg.L(1): Installer kick - no action, not running yet
10-12 17:04:09.957 15520 15520 D Coupang : InstallReferrer Url : utm_source=google-play&utm_medium=organic
10-12 17:04:09.963 15872 15950 I Finsky  : [679] mmb.d(1): getDownloads()
10-12 17:04:10.012  7789  7789 I Finsky:download_service: [2] sqa.onCreate(2): IPC-SERVER: Starting gRPC host service...
10-12 17:04:10.026  7789 15956 I Finsky:download_service: [433] mej.c(1): getDownloads().
10-12 17:04:10.039 15872 15948 I Finsky  : [677] qff.run(7): Installer: Installer starting.
10-12 17:04:10.039 15872 15948 I Finsky  : [677] qff.run(20): Installer: Installer started.
10-12 17:04:10.041 15872 15872 I Finsky  : [2] qgg.L(7): Installer: found apps to install. isMultiUserMode=false, apps=[]
10-12 17:04:10.080 15872 15872 I Finsky  : [2] abhw.f(7): SCH: Cancelling existing jobscheduler jobs: 9006 9001 9004 9003 9005 9002 
10-12 17:04:10.081 15872 15872 I Finsky  : [2] abhw.c(4): SCH: Scheduling immediate wakeup job with id: 9000
10-12 17:04:10.087 15872 15872 I Finsky  : [2] abit.a(26): SCH: Canceling job 3-199
10-12 17:04:10.091 15872 15872 I Finsky  : [2] ablf.onStartJob(3): SCH: onJobSchedulerWakeup with jobId 9000
10-12 17:04:10.093 15872 15872 I Finsky  : [2] abgo.a(9): SCH: Scheduling fallback job with id: 9034, and delay: 43200000 ms
10-12 17:04:10.097 15872 15872 I Finsky  : [2] abgo.b(9): SCH: Scheduling fallback in 64799999 (absolute: 70052071)
10-12 17:04:10.100 15872 15872 I Finsky  : [2] abjk.b(5): SCH: Jobs in database: 1-1337 24-77777777 26-1414141414 29-29 33-125142305 34-23 34-26 34-29 34-30 
10-12 17:04:10.101 15872 15872 I Finsky  : [2] abji.run(26): SCH: JobExecutor already running, not rescheduling
10-12 17:04:10.104 15872 15872 I Finsky  : [2] abjk.b(5): SCH: Jobs in database: 1-1337 24-77777777 26-1414141414 29-29 33-125142305 34-23 34-26 34-29 34-30 
10-12 17:04:10.104 15872 15872 I Finsky  : [2] abji.run(26): SCH: JobExecutor already running, not rescheduling
10-12 17:04:10.123 15872 15957 I Finsky  : [684] qsy.A(3): IQ: Creating job 200, for (REQ_CHARGING, REQ_DEVICE_IDLE, REQ_GEARHEAD_PROJECTION_OFF, NETWORK=UNMETERED, PROVISIONING_STATE=PROVISIONED)
10-12 17:04:10.140 15872 15872 I Finsky  : [2] abgx.handleMessage(8): SCH: DeviceState: DeviceState{currentTime=1602489850138, isCharging=true, isIdle=false, netAny=true, netNotRoaming=true, netUnmetered=true, batteryPercent=42.0}
10-12 17:04:10.146 15872 15902 I Finsky  : [641] abjk.b(5): SCH: Jobs in database: 1-1337 3-200 24-77777777 26-1414141414 29-29 33-125142305 34-23 34-26 34-29 34-30 
10-12 17:04:10.168 15872 15872 I Finsky  : [2] abgy.a(10): SCH: Running job: 33-125142305
10-12 17:04:10.170 15872 15872 I Finsky  : [2] abgx.handleMessage(60): SCH: RunningQueue size: 1, PendingQueue size: 0
10-12 17:04:10.170 15872 15872 I Finsky  : [2] abgx.handleMessage(63): SCH: Running queue: 33-125142305 
10-12 17:04:10.175 15872 15912 I Finsky  : [649] iut.a(27): Job resume_offline_acquisition started num packages 1
10-12 17:04:10.179 15872 15872 I Finsky  : [2] adhk.a(1): Connecting InstallListener to SplitInstallService broadcaster...
10-12 17:04:10.185 15872 15872 I Finsky  : [2] aizm.a(3): Warm data store was already initialized.
10-12 17:04:10.203 15872 15923 I Finsky  : [655] lns.f(2): ApplicationRestrictions: {}
10-12 17:04:10.529 15872 15890 E Finsky  : [629] ety.L(1): Got null for offerType. Please either fix the caller, or add @Nullable in BackgrounEventBuilder if calling with null should be supported.
10-12 17:04:10.529 15872 15890 E Finsky  : com.google.android.flib.log.WhatATerribleException
10-12 17:04:10.529 15872 15890 E Finsky  : 	at alrz.h(PG:2)
10-12 17:04:10.529 15872 15890 E Finsky  : 	at com.google.android.finsky.utils.FinskyLog.g(PG:3)
10-12 17:04:10.529 15872 15890 E Finsky  : 	at ety.L(PG:1)
10-12 17:04:10.529 15872 15890 E Finsky  : 	at ihp.a(PG:3)
10-12 17:04:10.529 15872 15890 E Finsky  : 	at ium.a(Unknown Source:132)
10-12 17:04:10.529 15872 15890 E Finsky  : 	at avyw.f(Unknown Source:2)
10-12 17:04:10.529 15872 15890 E Finsky  : 	at avyy.run(PG:9)
10-12 17:04:10.529 15872 15890 E Finsky  : 	at java.util.concurrent.ThreadPoolExecutor.runWorker(ThreadPoolExecutor.java:1167)
10-12 17:04:10.529 15872 15890 E Finsky  : 	at java.util.concurrent.ThreadPoolExecutor$Worker.run(ThreadPoolExecutor.java:641)
10-12 17:04:10.529 15872 15890 E Finsky  : 	at ngo.run(PG:3)
10-12 17:04:10.529 15872 15890 E Finsky  : 	at java.lang.Thread.run(Thread.java:764)
10-12 17:04:10.536  2965  2981 I ActivityManager: Showing crash dialog for package com.android.vending u0
10-12 17:04:10.537  2965  2980 W BroadcastQueue: Background execution not allowed: receiving Intent { act=android.intent.action.DROPBOX_ENTRY_ADDED flg=0x10 (has extras) } to com.google.android.gms/.stats.service.DropBoxEntryAddedReceiver
10-12 17:04:10.537  2965  2980 W BroadcastQueue: Background execution not allowed: receiving Intent { act=android.intent.action.DROPBOX_ENTRY_ADDED flg=0x10 (has extras) } to com.google.android.gms/.chimera.GmsIntentOperationService$PersistentTrustedReceiver
10-12 17:04:10.576  2763  2911 I [Gralloc]: framebuffer hal alread move to hwcomposer
10-12 17:04:10.576  2965  6148 I ConfigStore: android::hardware::configstore::V1_0::ISurfaceFlingerConfigs::hasWideColorDisplay retrieved: 0
10-12 17:04:10.576  2965  6148 I ConfigStore: android::hardware::configstore::V1_0::ISurfaceFlingerConfigs::hasHDRDisplay retrieved: 0
10-12 17:04:10.577  2965  6148 I OpenGLRenderer: Initialized EGL, version 1.4
10-12 17:04:10.577  2965  6148 D OpenGLRenderer: Swap behavior 2
10-12 17:04:10.577  2775  2775 I Binder:2775_4: type=1400 audit(0.0:2209): avc: denied { read } for name="gralloc.odroidn2.so" dev="mmcblk0p12" ino=705 scontext=u:r:surfaceflinger:s0 tcontext=u:object_r:vendor_file:s0 tclass=file permissive=1
10-12 17:04:10.582  2763  2911 I [Gralloc]: framebuffer hal alread move to hwcomposer
10-12 17:04:10.586  2763  2910 I [Gralloc]: framebuffer hal alread move to hwcomposer
10-12 17:04:10.596  2965  6148 D mali_winsys: EGLint new_window_surface(egl_winsys_display *, void *, EGLSurface, EGLConfig, egl_winsys_surface **, EGLBoolean) returns 0x3000
10-12 17:04:10.598  2763  2910 I [Gralloc]: framebuffer hal alread move to hwcomposer
10-12 17:04:10.597  2965  2965 I RenderThread: type=1400 audit(0.0:2212): avc: denied { read } for name="gralloc.odroidn2.so" dev="mmcblk0p12" ino=705 scontext=u:r:system_server:s0 tcontext=u:object_r:vendor_file:s0 tclass=file permissive=1
10-12 17:04:10.617  2763  2910 I [Gralloc]: framebuffer hal alread move to hwcomposer
10-12 17:04:10.652  2965  2981 D ViewRootImpl[vending]: updatePointerIcon called with position out of bounds
10-12 17:04:10.629  2763  2910 I [Gralloc]: framebuffer hal alread move to hwcomposer
10-12 17:04:10.792  2775  2817 W SurfaceFlinger: Attempting to set client state on removed layer: Surface(name=Dim Layer for - mAboveAppWindowsContainers)/@0xd9cd49c - animation-leash#0
10-12 17:04:10.792  2775  2817 W SurfaceFlinger: Attempting to destroy on removed layer: Surface(name=Dim Layer for - mAboveAppWindowsContainers)/@0xd9cd49c - animation-leash#0
10-12 17:04:11.111  2775  2815 E BufferQueueProducer: [com.android.systemui.ImageWallpaper#0] disconnect: not connected (req=1)
10-12 17:04:11.111  3123  3407 W libEGL  : EGLNativeWindowType 0xcbb17008 disconnect failed
10-12 17:04:11.746  4173  4183 W System  : A resource failed to call close. 
10-12 17:04:11.747  4173  4183 I chatty  : uid=10028(com.facebook.katana) FinalizerDaemon identical 4 lines
10-12 17:04:11.747  4173  4183 W System  : A resource failed to call close. 
10-12 17:04:11.925  2763  2910 I [Gralloc]: framebuffer hal alread move to hwcomposer
10-12 17:04:11.921  2775  2775 I Binder:2775_3: type=1400 audit(0.0:2215): avc: denied { read } for name="gralloc.odroidn2.so" dev="mmcblk0p12" ino=705 scontext=u:r:surfaceflinger:s0 tcontext=u:object_r:vendor_file:s0 tclass=file permissive=1
10-12 17:04:11.921  2775  2775 I Binder:2775_3: type=1400 audit(0.0:2216): avc: denied { open } for path="/vendor/lib/hw/gralloc.odroidn2.so" dev="mmcblk0p12" ino=705 scontext=u:r:surfaceflinger:s0 tcontext=u:object_r:vendor_file:s0 tclass=file permissive=1
10-12 17:04:11.925  2775  2775 I Binder:2775_3: type=1400 audit(0.0:2217): avc: denied { getattr } for path="/vendor/lib/hw/gralloc.odroidn2.so" dev="mmcblk0p12" ino=705 scontext=u:r:surfaceflinger:s0 tcontext=u:object_r:vendor_file:s0 tclass=file permissive=1
10-12 17:04:12.044  2965  2981 D AutofillManager: No AutofillClient for android on context android.app.ContextImpl@c2302ef
10-12 17:04:11.823  2965  2981 I chatty  : uid=1000(system) android.ui identical 44 lines
10-12 17:04:11.840  2965  2981 D ViewRootImpl[vending]: updatePointerIcon called with position out of bounds
10-12 17:04:12.157  2965 15865 I ActivityManager: Killing 15872:com.android.vending/u0a63 (adj 100): crash
10-12 17:04:12.158  2965  2983 W libprocessgroup: kill(-15872, 9) failed: No such process
10-12 17:04:12.160  2753  6139 W amlaudioMixer: mixer_get_presentation_position(), port not ready now
10-12 17:04:12.160  2753  6139 W audio-subMixingFactory: out_get_presentation_position_port(), pts not valid yet
10-12 17:04:12.160  7789  7789 I Finsky:download_service: [2] sqa.onDestroy(8): IPC-SERVER: Stopping gRPC host service...
10-12 17:04:12.161  2753  6139 I audio-subMixingFactory: ++usecase_change_validate_l_sm: dev usecase masks = 0, out usecase_masks = 0, out usecase STREAM_PCM_NORMAL
10-12 17:04:12.161  2753  6139 I audio-subMixingFactory: ++++usecase_change_validate_l_sm(),continuous_audio_mode 0 dev usecase masks = 0, out usecase_masks = 0, out usecase STREAM_PCM_NORMAL
10-12 17:04:12.161  2753  6139 I audio-subMixingFactory: usecase_change_validate_l_sm(), mixer_aux_buffer_write_sm !
10-12 17:04:12.161  2753  6139 I audio-subMixingFactory: ----usecase_change_validate_l_sm(), continuous_audio_mode 0 dev usecase masks = 0x1, out usecase_masks = 0x1, out usecase STREAM_PCM_NORMAL
10-12 17:04:12.161  2753  6139 I aml_audio_port: get_input_port_index(), samplerate 48000
10-12 17:04:12.161  2753  6139 D aml_audio_port: new_input_port(), index:0, rbuf size:8192, direct_on:0
10-12 17:04:12.161  2753  6139 D aml_audio_port: new_input_port(), fmt 0x1, rate 48000
10-12 17:04:12.161  2753  6139 I amlaudioMixer: ++init_mixer_input_port port index 0, size 512 frames
10-12 17:04:12.161  2753  6139 I amlaudioMixer: init_mixer_input_port(), port->initial_frames: 40086528
10-12 17:04:12.161  2753  6139 I aml_audio_port: get_input_port_index(), samplerate 48000
10-12 17:04:12.161  2753  6139 I audio-subMixingFactory: mixer_aux_buffer_write_sm(), primary 0xec74aa00 port index = 0
10-12 17:04:12.161  2753  6139 I audio-subMixingFactory: padding_bytes 16384
10-12 17:04:12.161  2753  6139 I amlaudioMixer: port index 0 is active now
10-12 17:04:12.161  2753  6139 I audio-subMixingFactory: padding_bytes 14336
10-12 17:04:12.161  2753  6139 I audio-subMixingFactory: padding_bytes 12288
10-12 17:04:12.161  2753  6139 I audio-subMixingFactory: padding_bytes 10240
10-12 17:04:12.161  2753  6139 I audio-subMixingFactory: padding_bytes 8192
10-12 17:04:12.161  2753  6139 I audio-subMixingFactory: padding_bytes 6144
10-12 17:04:12.161 15520 15520 W InstallReferrerClient: Install Referrer service disconnected.
10-12 17:04:12.163  2775  3039 E BufferQueueProducer: [Application Error: com.android.vending#0] disconnect: not connected (req=1)
10-12 17:04:12.163  2965  6148 W libEGL  : EGLNativeWindowType 0xcef85808 disconnect failed
10-12 17:04:12.163  2965  6148 D OpenGLRenderer: endAllActiveAnimators on 0xcd697f00 (RippleDrawable) with handle 0xc8bd69c0
10-12 17:04:12.166  2753  6139 I audio-subMixingFactory: padding_bytes 4096
10-12 17:04:12.166  2753  6139 I audio-subMixingFactory: padding_bytes 2048
10-12 17:04:12.176  2753  6139 W amlaudioMixer: mixer_get_presentation_position(), not valid now
10-12 17:04:12.176  2753  6139 W audio-subMixingFactory: out_get_presentation_position_port(), pts not valid yet
10-12 17:04:12.186  2753  6139 W amlaudioMixer: mixer_get_presentation_position(), not valid now
10-12 17:04:12.186  2753  6139 W audio-subMixingFactory: out_get_presentation_position_port(), pts not valid yet
10-12 17:04:12.200  2773  2923 D AudioFlinger: mixer(0xef603280) throttle end: throttle time(6)
10-12 17:04:12.203  2965  2983 W libprocessgroup: kill(-15872, 9) failed: No such process
10-12 17:04:12.233  2745  2745 I Zygote  : Process 15872 exited due to signal (9)
10-12 17:04:12.238  2965 15865 D ConnectivityService: ConnectivityService NetworkRequestInfo binderDied(NetworkRequest [ TRACK_DEFAULT id=303, [ Capabilities: INTERNET&NOT_RESTRICTED&TRUSTED Unwanted:  Uid: 10063] ], android.os.BinderProxy@a7e96f7)
10-12 17:04:12.238  2965  4723 D ConnectivityService: ConnectivityService NetworkRequestInfo binderDied(NetworkRequest [ LISTEN id=304, [ Capabilities: INTERNET&NOT_RESTRICTED&TRUSTED Unwanted:  Uid: 10063] ], android.os.BinderProxy@3efb964)
10-12 17:04:12.238  2965  3055 D ConnectivityService: releasing NetworkRequest [ TRACK_DEFAULT id=303, [ Capabilities: INTERNET&NOT_RESTRICTED&TRUSTED Unwanted:  Uid: 10063] ] (release request)
10-12 17:04:12.247  2965  2983 W libprocessgroup: kill(-15872, 9) failed: No such process
10-12 17:04:12.247  2965  2983 I libprocessgroup: Successfully killed process cgroup uid 10063 pid 15872 in 88ms
10-12 17:04:12.348  2775  2817 W SurfaceFlinger: Attempting to set client state on removed layer: Dim Layer for - mAboveAppWindowsContainers#0
10-12 17:04:12.348  2775  2817 W SurfaceFlinger: Attempting to destroy on removed layer: Dim Layer for - mAboveAppWindowsContainers#0
10-12 17:04:12.351  2775  2815 W SurfaceFlinger: Attempting to destroy on removed layer: 32057b3 Application Error: com.android.vending#0
10-12 17:04:13.296  2763  2910 I [Gralloc]: framebuffer hal alread move to hwcomposer
10-12 17:04:13.607 15520 15520 E ConstraintLayout: layout_constraintWidth_default="wrap" is deprecated.
10-12 17:04:13.607 15520 15520 E ConstraintLayout: Use layout_width="WRAP_CONTENT" and layout_constrainedWidth="true" instead.
10-12 17:04:13.619 15520 15520 I chatty  : uid=10092(com.coupang.mobile) identical 1 line
10-12 17:04:13.630 15520 15520 E ConstraintLayout: layout_constraintWidth_default="wrap" is deprecated.
10-12 17:04:13.630 15520 15520 E ConstraintLayout: Use layout_width="WRAP_CONTENT" and layout_constrainedWidth="true" instead.
10-12 17:04:13.637 15520 15520 W StaticLayout: maxLineHeight should not be -1.  maxLines:2 lineCount:2
10-12 17:04:13.641 15520 15520 E ConstraintLayout: layout_constraintWidth_default="wrap" is deprecated.
10-12 17:04:13.641 15520 15520 E ConstraintLayout: Use layout_width="WRAP_CONTENT" and layout_constrainedWidth="true" instead.
10-12 17:04:13.653 15520 15520 E ConstraintLayout: layout_constraintWidth_default="wrap" is deprecated.
10-12 17:04:13.653 15520 15520 E ConstraintLayout: Use layout_width="WRAP_CONTENT" and layout_constrainedWidth="true" instead.
10-12 17:04:13.965 15520 15520 W StaticLayout: maxLineHeight should not be -1.  maxLines:2 lineCount:2
10-12 17:04:15.229  2753  2924 D audio-subMixingFactory: out_standby_subMixingPCM: out_stream(0xec74aa00) usecase: STREAM_PCM_NORMAL
10-12 17:04:15.229  2753  2924 I audio-subMixingFactory: ++usecase_change_validate_l_sm(), dev usecase masks = 0x1, is_standby = 1, out usecase STREAM_PCM_NORMAL
10-12 17:04:15.229  2753  2924 I audio-subMixingFactory: --usecase_change_validate_l_sm(), dev usecase masks = 0, is_standby = 1, out usecase STREAM_PCM_NORMAL
10-12 17:04:15.229  2753  2924 I amlaudioMixer: ++delete_mixer_input_port port ID: 0
10-12 17:04:15.916  3923  3923 D skia    : --- Failed to create image decoder with message 'unimplemented'
10-12 17:04:15.929  3923  3923 D skia    : --- Failed to create image decoder with message 'unimplemented'
10-12 17:04:15.921  3923  3923 I tutu.ABenchMark: type=1400 audit(0.0:2218): avc: denied { open } for path="/proc/stat" dev="proc" ino=4026531957 scontext=u:r:untrusted_app_27:s0:c512,c768 tcontext=u:object_r:proc_stat:s0 tclass=file permissive=1
10-12 17:04:15.925  3923  3923 I tutu.ABenchMark: type=1400 audit(0.0:2220): avc: denied { read } for name="temp" dev="sysfs" ino=8951 scontext=u:r:untrusted_app_27:s0:c512,c768 tcontext=u:object_r:sysfs:s0 tclass=file permissive=1
10-12 17:04:16.929  2767  2767 I memtrack@1.0-se: type=1400 audit(0.0:2223): avc: denied { read } for name="mem_profile" dev="debugfs" ino=512546 scontext=u:r:hal_memtrack_default:s0 tcontext=u:object_r:debugfs:s0 tclass=file permissive=1
10-12 17:04:18.201 15520 15520 E ConstraintLayout: layout_constraintWidth_default="wrap" is deprecated.
10-12 17:04:18.201 15520 15520 E ConstraintLayout: Use layout_width="WRAP_CONTENT" and layout_constrainedWidth="true" instead.
10-12 17:04:18.212 15520 15520 E ConstraintLayout: layout_constraintWidth_default="wrap" is deprecated.
10-12 17:04:18.212 15520 15520 E ConstraintLayout: Use layout_width="WRAP_CONTENT" and layout_constrainedWidth="true" instead.
10-12 17:04:18.218 15520 15520 W StaticLayout: maxLineHeight should not be -1.  maxLines:2 lineCount:2
10-12 17:04:18.222 15520 15520 E ConstraintLayout: layout_constraintWidth_default="wrap" is deprecated.
10-12 17:04:18.222 15520 15520 E ConstraintLayout: Use layout_width="WRAP_CONTENT" and layout_constrainedWidth="true" instead.
10-12 17:04:18.235 15520 15520 I chatty  : uid=10092(com.coupang.mobile) identical 1 line
10-12 17:04:18.248 15520 15520 E ConstraintLayout: layout_constraintWidth_default="wrap" is deprecated.
10-12 17:04:18.248 15520 15520 E ConstraintLayout: Use layout_width="WRAP_CONTENT" and layout_constrainedWidth="true" instead.
10-12 17:04:18.258 15520 15520 W StaticLayout: maxLineHeight should not be -1.  maxLines:2 lineCount:2
10-12 17:04:18.905 15520 15520 W StaticLayout: maxLineHeight should not be -1.  maxLines:1 lineCount:1
10-12 17:04:18.927 15520 15520 I chatty  : uid=10092(com.coupang.mobile) identical 4 lines
10-12 17:04:18.956 15520 15520 W StaticLayout: maxLineHeight should not be -1.  maxLines:1 lineCount:1
10-12 17:04:19.282 15520 15520 W StaticLayout: maxLineHeight should not be -1.  maxLines:2 lineCount:2
10-12 17:04:19.300 15520 15520 I chatty  : uid=10092(com.coupang.mobile) identical 1 line
10-12 17:04:19.307 15520 15520 W StaticLayout: maxLineHeight should not be -1.  maxLines:2 lineCount:2
10-12 17:04:19.321 15520 15520 W StaticLayout: maxLineHeight should not be -1.  maxLines:1 lineCount:1
10-12 17:04:19.327 15520 15520 I chatty  : uid=10092(com.coupang.mobile) identical 3 lines
10-12 17:04:19.328 15520 15520 W StaticLayout: maxLineHeight should not be -1.  maxLines:1 lineCount:1
10-12 17:04:21.181  2753  6139 W amlaudioMixer: mixer_get_presentation_position(), port not ready now
10-12 17:04:21.181  2753  6139 W audio-subMixingFactory: out_get_presentation_position_port(), pts not valid yet
10-12 17:04:21.182  2753  6139 I audio-subMixingFactory: ++usecase_change_validate_l_sm: dev usecase masks = 0, out usecase_masks = 0, out usecase STREAM_PCM_NORMAL
10-12 17:04:21.182  2753  6139 I audio-subMixingFactory: ++++usecase_change_validate_l_sm(),continuous_audio_mode 0 dev usecase masks = 0, out usecase_masks = 0, out usecase STREAM_PCM_NORMAL
10-12 17:04:21.182  2753  6139 I audio-subMixingFactory: usecase_change_validate_l_sm(), mixer_aux_buffer_write_sm !
10-12 17:04:21.182  2753  6139 I audio-subMixingFactory: ----usecase_change_validate_l_sm(), continuous_audio_mode 0 dev usecase masks = 0x1, out usecase_masks = 0x1, out usecase STREAM_PCM_NORMAL
10-12 17:04:21.182  2753  6139 I aml_audio_port: get_input_port_index(), samplerate 48000
10-12 17:04:21.182  2753  6139 D aml_audio_port: new_input_port(), index:0, rbuf size:8192, direct_on:0
10-12 17:04:21.182  2753  6139 D aml_audio_port: new_input_port(), fmt 0x1, rate 48000
10-12 17:04:21.182  2753  6139 I amlaudioMixer: ++init_mixer_input_port port index 0, size 512 frames
10-12 17:04:21.182  2753  6139 I amlaudioMixer: init_mixer_input_port(), port->initial_frames: 40235008
10-12 17:04:21.182  2753  6139 I aml_audio_port: get_input_port_index(), samplerate 48000
10-12 17:04:21.182  2753  6139 I audio-subMixingFactory: mixer_aux_buffer_write_sm(), primary 0xec74aa00 port index = 0
10-12 17:04:21.182  2753  6139 I audio-subMixingFactory: padding_bytes 16384
10-12 17:04:21.182  2753  6139 I amlaudioMixer: port index 0 is active now
10-12 17:04:21.182  2753  6139 I audio-subMixingFactory: padding_bytes 14336
10-12 17:04:21.182  2753  6139 I audio-subMixingFactory: padding_bytes 12288
10-12 17:04:21.182  2753  6139 I audio-subMixingFactory: padding_bytes 10240
10-12 17:04:21.182  2753  6139 I audio-subMixingFactory: padding_bytes 8192
10-12 17:04:21.182  2753  6139 I audio-subMixingFactory: padding_bytes 6144
10-12 17:04:21.183  2965 15865 I ActivityManager: START u0 {act=android.intent.action.VIEW dat=coupang://deeplink/new_sdp cmp=com.coupang.mobile/.domain.sdp.interstellar.view.NewSdpActivity (has extras)} from uid 10092
10-12 17:04:21.185  2753  6139 I audio-subMixingFactory: padding_bytes 4096
10-12 17:04:21.192  2753  6139 I audio-subMixingFactory: padding_bytes 2048
10-12 17:04:21.202  2753  6139 W amlaudioMixer: mixer_get_presentation_position(), not valid now
10-12 17:04:21.202  2753  6139 W audio-subMixingFactory: out_get_presentation_position_port(), pts not valid yet
10-12 17:04:21.213  2753  6139 W amlaudioMixer: mixer_get_presentation_position(), not valid now
10-12 17:04:21.213  2753  6139 W audio-subMixingFactory: out_get_presentation_position_port(), pts not valid yet
10-12 17:04:21.214 15520 15520 W ActivityThread: handleWindowVisibility: no activity for token android.os.BinderProxy@ac4070f
10-12 17:04:21.229  2773  2923 D AudioFlinger: mixer(0xef603280) throttle end: throttle time(7)
10-12 17:04:21.422  2763  2910 I [Gralloc]: framebuffer hal alread move to hwcomposer
10-12 17:04:21.424  2763  2910 I chatty  : uid=1000(system) HwBinder:2763_1 identical 1 line
10-12 17:04:21.426  2763  2910 I [Gralloc]: framebuffer hal alread move to hwcomposer
10-12 17:04:21.429 15520 15650 D mali_winsys: EGLint new_window_surface(egl_winsys_display *, void *, EGLSurface, EGLConfig, egl_winsys_surface **, EGLBoolean) returns 0x3000
10-12 17:04:21.446  2763  2910 I [Gralloc]: framebuffer hal alread move to hwcomposer
10-12 17:04:21.498 15520 15531 I .coupang.mobil: Background concurrent copying GC freed 132310(5MB) AllocSpace objects, 15(1348KB) LOS objects, 49% free, 13MB/26MB, paused 112us total 120.658ms
10-12 17:04:21.519  2965  2988 I ActivityManager: Displayed com.coupang.mobile/.domain.sdp.interstellar.view.NewSdpActivity: +313ms
10-12 17:04:21.521  2763  2910 I [Gralloc]: framebuffer hal alread move to hwcomposer
10-12 17:04:21.593  2763  2910 I [Gralloc]: framebuffer hal alread move to hwcomposer
10-12 17:04:21.593  2763  2910 E gralloc : ioctl c0144900 failed with code -1: Operation not permitted
10-12 17:04:21.696 15520 16145 W cr_ChildProcLH: Create a new ChildConnectionAllocator with package name = com.android.webview, sandboxed = true
10-12 17:04:21.701 15520 15520 I cr_BrowserStartup: Initializing chromium process, singleProcess=false
10-12 17:04:21.702 15520 15520 I cr_base : Android Locale: en_US requires .pak files: []
10-12 17:04:21.721 16147 16147 I Zygote  : seccomp disabled by setenforce 0
10-12 17:04:21.722  2965  2982 I ActivityManager: Start proc 16147:com.android.webview:sandboxed_process0/u0i25 for webview_service com.coupang.mobile/org.chromium.content.app.SandboxedProcessService0
10-12 17:04:21.724 16147 16147 W dboxed_process: Using default instruction set features for ARM CPU variant (cortex-a9) using conservative defaults
10-12 17:04:21.751 15520 16171 E chromium: [ERROR:devtools_http_handler.cc(292)] Cannot start http server for devtools. Stop devtools.
10-12 17:04:21.760 16147 16147 I LoadedApk: No resource references to update in package com.android.webview
10-12 17:04:21.765 16147 16147 I cr_ChildProcessService: Creating new ChildProcessService pid=16147
10-12 17:04:21.717 15520 15520 I .coupang.mobile: type=1400 audit(0.0:2226): avc: denied { open } for path="/proc/vmstat" dev="proc" ino=4026531993 scontext=u:r:untrusted_app:s0:c92,c256,c512,c768 tcontext=u:object_r:proc_vmstat:s0 tclass=file permissive=1
10-12 17:04:21.795 15520 15549 W cr_CrashFileManager: /data/user/0/com.coupang.mobile/cache/WebView/Crash Reports does not exist or is not a directory
10-12 17:04:21.717 15520 15520 I .coupang.mobile: type=1400 audit(0.0:2227): avc: denied { getattr } for path="/proc/vmstat" dev="proc" ino=4026531993 scontext=u:r:untrusted_app:s0:c92,c256,c512,c768 tcontext=u:object_r:proc_vmstat:s0 tclass=file permissive=1
10-12 17:04:22.034 15520 15520 E ConstraintLayout: layout_constraintWidth_default="wrap" is deprecated.
10-12 17:04:22.034 15520 15520 E ConstraintLayout: Use layout_width="WRAP_CONTENT" and layout_constrainedWidth="true" instead.
10-12 17:04:22.037 15520 15520 I chatty  : uid=10092(com.coupang.mobile) identical 2 lines
10-12 17:04:22.037 15520 15520 E ConstraintLayout: layout_constraintWidth_default="wrap" is deprecated.
10-12 17:04:22.037 15520 15520 E ConstraintLayout: Use layout_width="WRAP_CONTENT" and layout_constrainedWidth="true" instead.
10-12 17:04:22.052 15520 15520 V MAB     : Called sendAll() queue's size: 0
10-12 17:04:22.073 15520 16169 E cr_ApiBridge: Failed to init handler: Attempt to invoke virtual method 'java.lang.reflect.Constructor java.lang.Class.getDeclaredConstructor(java.lang.Class[])' on a null object reference
10-12 17:04:22.081 16147 16173 I cr_LibraryLoader: Time to load native libraries: 0 ms (timestamps 4057-4057)
10-12 17:04:22.082 16147 16173 I chromium: [INFO:library_loader_hooks.cc(36)] Chromium logging enabled: level = 0, default verbosity = 0
10-12 17:04:22.083 16147 16173 I cr_LibraryLoader: Expected native library version number "66.0.3359.158", actual native library version number "66.0.3359.158"
10-12 17:04:22.088 15520 16160 W cr_media: Requires BLUETOOTH permission
10-12 17:04:22.097 15520 16182 W AudioCapabilities: Unsupported mime audio/dtshd
10-12 17:04:22.100 15520 16182 W AudioCapabilities: Unsupported mime audio/ffmpeg
10-12 17:04:22.110  2775  3039 E BufferQueueProducer: [com.coupang.mobile/com.coupang.mobile.domain.home.main.activity.MainActivity#0] disconnect: not connected (req=1)
10-12 17:04:22.110 15520 15650 W libEGL  : EGLNativeWindowType 0xc7f22808 disconnect failed
10-12 17:04:22.115 15520 16182 W VideoCapabilities: Unsupported mime video/x-vnd.on2.vp6a
10-12 17:04:22.118 15520 16182 W VideoCapabilities: Unsupported mime video/x-vnd.on2.vp6f
10-12 17:04:22.130 15520 16182 W VideoCapabilities: Unsupported mime video/avs
10-12 17:04:22.149 15520 16182 W VideoCapabilities: Unrecognized profile 4 for video/hevc
10-12 17:04:22.151 15520 16182 W VideoCapabilities: Unsupported mime video/mjpeg
10-12 17:04:22.155 15520 16182 W VideoCapabilities: Unrecognized profile/level 0/3 for video/mpeg2
10-12 17:04:22.155 15520 16182 I VideoCapabilities: Unsupported profile 2 for video/mpeg2
10-12 17:04:22.155 15520 16182 I VideoCapabilities: Unsupported profile 3 for video/mpeg2
10-12 17:04:22.155 15520 16182 I VideoCapabilities: Unsupported profile 4 for video/mpeg2
10-12 17:04:22.155 15520 16182 I VideoCapabilities: Unsupported profile 5 for video/mpeg2
10-12 17:04:22.159 15520 16182 I VideoCapabilities: Unsupported profile 2 for video/mp4v-es
10-12 17:04:22.159 15520 16182 I VideoCapabilities: Unsupported profile 4 for video/mp4v-es
10-12 17:04:22.159 15520 16182 I VideoCapabilities: Unsupported profile 8 for video/mp4v-es
10-12 17:04:22.159 15520 16182 I VideoCapabilities: Unsupported profile 16 for video/mp4v-es
10-12 17:04:22.159 15520 16182 I VideoCapabilities: Unsupported profile 32 for video/mp4v-es
10-12 17:04:22.159 15520 16182 I VideoCapabilities: Unsupported profile 64 for video/mp4v-es
10-12 17:04:22.159 15520 16182 I VideoCapabilities: Unsupported profile 128 for video/mp4v-es
10-12 17:04:22.159 15520 16182 I VideoCapabilities: Unsupported profile 256 for video/mp4v-es
10-12 17:04:22.159 15520 16182 I VideoCapabilities: Unsupported profile 512 for video/mp4v-es
10-12 17:04:22.159 15520 16182 I VideoCapabilities: Unsupported profile 1024 for video/mp4v-es
10-12 17:04:22.159 15520 16182 I VideoCapabilities: Unsupported profile 2048 for video/mp4v-es
10-12 17:04:22.159 15520 16182 I VideoCapabilities: Unsupported profile 4096 for video/mp4v-es
10-12 17:04:22.159 15520 16182 I VideoCapabilities: Unsupported profile 8192 for video/mp4v-es
10-12 17:04:22.159 15520 16182 I VideoCapabilities: Unsupported profile 16384 for video/mp4v-es
10-12 17:04:22.164 15520 16182 W VideoCapabilities: Unsupported mime video/rm10
10-12 17:04:22.166 15520 16182 W VideoCapabilities: Unsupported mime video/rm20
10-12 17:04:22.168 15520 16182 W VideoCapabilities: Unsupported mime video/rm30
10-12 17:04:22.170 15520 16182 W VideoCapabilities: Unsupported mime video/rm40
10-12 17:04:22.173 15520 16182 W VideoCapabilities: Unsupported mime video/vc1
10-12 17:04:22.174 15520 16182 W Utils   : could not parse long range '1-'
10-12 17:04:22.175 15520 16182 W VideoCapabilities: Unrecognized level 16 for video/x-vnd.on2.vp8
10-12 17:04:22.175 15520 16182 W VideoCapabilities: Unrecognized level 32 for video/x-vnd.on2.vp8
10-12 17:04:22.175 15520 16182 W VideoCapabilities: Unrecognized level 64 for video/x-vnd.on2.vp8
10-12 17:04:22.175 15520 16182 W VideoCapabilities: Unrecognized level 128 for video/x-vnd.on2.vp8
10-12 17:04:22.175 15520 16182 W VideoCapabilities: Unrecognized level 256 for video/x-vnd.on2.vp8
10-12 17:04:22.175 15520 16182 W VideoCapabilities: Unrecognized level 512 for video/x-vnd.on2.vp8
10-12 17:04:22.175 15520 16182 W VideoCapabilities: Unrecognized level 1024 for video/x-vnd.on2.vp8
10-12 17:04:22.175 15520 16182 W VideoCapabilities: Unrecognized level 2048 for video/x-vnd.on2.vp8
10-12 17:04:22.176 15520 16182 W VideoCapabilities: Unrecognized level 4096 for video/x-vnd.on2.vp8
10-12 17:04:22.176 15520 16182 W VideoCapabilities: Unrecognized level 8192 for video/x-vnd.on2.vp8
10-12 17:04:22.176 15520 16182 W VideoCapabilities: Unrecognized level 16384 for video/x-vnd.on2.vp8
10-12 17:04:22.176 15520 16182 W VideoCapabilities: Unrecognized level 32768 for video/x-vnd.on2.vp8
10-12 17:04:22.187 15520 16182 W VideoCapabilities: Unsupported mime video/wmv3
10-12 17:04:22.191 15520 16182 W VideoCapabilities: Unsupported mime video/wmv1
10-12 17:04:22.195 15520 16182 W VideoCapabilities: Unsupported mime video/wmv2
10-12 17:04:22.197 15520 16182 W VideoCapabilities: Unsupported mime video/x-ms-wmv
10-12 17:04:22.198 15520 16182 W VideoCapabilities: Unsupported mime video/wvc1
10-12 17:04:22.198 15520 16182 W Utils   : could not parse long range '1-'
10-12 17:04:22.200 15520 16182 I VideoCapabilities: Unsupported profile 4 for video/mp4v-es
10-12 17:04:22.205 15520 16182 W cr_MediaCodecUtil: HW encoder for video/avc is not available on this device.
10-12 17:04:23.272 15520 15520 W ViewRootImpl[MainActivity]: Cancelling event due to no window focus: MotionEvent { action=ACTION_CANCEL, actionButton=0, id[0]=0, x[0]=364.32312, y[0]=934.99243, toolType[0]=TOOL_TYPE_MOUSE, buttonState=0, metaState=0, flags=0x0, edgeFlags=0x0, pointerCount=1, historySize=0, eventTime=5265244, downTime=5263040, deviceId=4, source=0x2002 }
10-12 17:04:23.570 15520 15520 I chromium: [INFO:CONSOLE(12)] "url", source: https://m.coupang.com/resources/20201012111354/vm/voltron/sdp/modules/sliderecommendation/dist/dist.js (12)
10-12 17:04:25.205 15520 15520 I chatty  : uid=10092(com.coupang.mobile) identical 38 lines
10-12 17:04:25.205 15520 15520 I chromium: [INFO:CONSOLE(12)] "url", source: https://m.coupang.com/resources/20201012111354/vm/voltron/sdp/modules/sliderecommendation/dist/dist.js (12)
10-12 17:04:25.410  2775  2775 D SurfaceFlinger: duplicate layer name: changing com.coupang.mobile/com.coupang.mobile.domain.sdp.interstellar.view.NewSdpActivity to com.coupang.mobile/com.coupang.mobile.domain.sdp.interstellar.view.NewSdpActivity#1
10-12 17:04:25.413 15520 15650 D mali_winsys: EGLint new_window_surface(egl_winsys_display *, void *, EGLSurface, EGLConfig, egl_winsys_surface **, EGLBoolean) returns 0x3000
10-12 17:04:25.413  2763  2910 I [Gralloc]: framebuffer hal alread move to hwcomposer
10-12 17:04:25.415  2763  2910 I chatty  : uid=1000(system) HwBinder:2763_1 identical 1 line
10-12 17:04:25.436  2763  2910 I [Gralloc]: framebuffer hal alread move to hwcomposer
10-12 17:04:25.409  2775  2775 I Binder:2775_3: type=1400 audit(0.0:2228): avc: denied { read } for name="gralloc.odroidn2.so" dev="mmcblk0p12" ino=705 scontext=u:r:surfaceflinger:s0 tcontext=u:object_r:vendor_file:s0 tclass=file permissive=1
10-12 17:04:25.461  2763  2910 I [Gralloc]: framebuffer hal alread move to hwcomposer
10-12 17:04:25.409  2775  2775 I Binder:2775_3: type=1400 audit(0.0:2229): avc: denied { open } for path="/vendor/lib/hw/gralloc.odroidn2.so" dev="mmcblk0p12" ino=705 scontext=u:r:surfaceflinger:s0 tcontext=u:object_r:vendor_file:s0 tclass=file permissive=1
10-12 17:04:25.409  2775  2775 I Binder:2775_3: type=1400 audit(0.0:2230): avc: denied { getattr } for path="/vendor/lib/hw/gralloc.odroidn2.so" dev="mmcblk0p12" ino=705 scontext=u:r:surfaceflinger:s0 tcontext=u:object_r:vendor_file:s0 tclass=file permissive=1
10-12 17:04:25.510  2763  2910 I [Gralloc]: framebuffer hal alread move to hwcomposer
10-12 17:04:25.570  2763  2910 I [Gralloc]: framebuffer hal alread move to hwcomposer
10-12 17:04:25.614  2775  2815 E BufferQueueProducer: [com.coupang.mobile/com.coupang.mobile.domain.sdp.interstellar.view.NewSdpActivity#1] disconnect: not connected (req=1)
10-12 17:04:25.614 15520 15650 W libEGL  : EGLNativeWindowType 0xbf7b3008 disconnect failed
10-12 17:04:25.616  2775  2775 D SurfaceFlinger: duplicate layer name: changing Surface(name=3750189 com.coupang.mobile/com.coupang.mobile.domain.sdp.interstellar.view.NewSdpActivity)/@0xc7821af - animation-leash to Surface(name=3750189 com.coupang.mobile/com.coupang.mobile.domain.sdp.interstellar.view.NewSdpActivity)/@0xc7821af - animation-leash#1
10-12 17:04:25.668 15520 15531 I .coupang.mobil: Background concurrent copying GC freed 235630(11MB) AllocSpace objects, 29(796KB) LOS objects, 50% free, 14MB/29MB, paused 46.502ms total 161.420ms
10-12 17:04:25.780  2775  3467 W SurfaceFlinger: Attempting to set client state on removed layer: com.coupang.mobile/com.coupang.mobile.domain.sdp.interstellar.view.NewSdpActivity#1
10-12 17:04:25.780  2775  3467 W SurfaceFlinger: Attempting to destroy on removed layer: com.coupang.mobile/com.coupang.mobile.domain.sdp.interstellar.view.NewSdpActivity#1
10-12 17:04:25.799 15520 15520 E ConstraintLayout: layout_constraintWidth_default="wrap" is deprecated.
10-12 17:04:25.799 15520 15520 E ConstraintLayout: Use layout_width="WRAP_CONTENT" and layout_constrainedWidth="true" instead.
10-12 17:04:25.803 15520 15520 I chatty  : uid=10092(com.coupang.mobile) identical 2 lines
10-12 17:04:25.803 15520 15520 E ConstraintLayout: layout_constraintWidth_default="wrap" is deprecated.
10-12 17:04:25.803 15520 15520 E ConstraintLayout: Use layout_width="WRAP_CONTENT" and layout_constrainedWidth="true" instead.
10-12 17:04:25.940  3923  3923 D skia    : --- Failed to create image decoder with message 'unimplemented'
10-12 17:04:25.953  3923  3923 I tutu.ABenchMark: type=1400 audit(0.0:2231): avc: denied { open } for path="/proc/stat" dev="proc" ino=4026531957 scontext=u:r:untrusted_app_27:s0:c512,c768 tcontext=u:object_r:proc_stat:s0 tclass=file permissive=1
10-12 17:04:25.953  3923  3923 I tutu.ABenchMark: type=1400 audit(0.0:2232): avc: denied { getattr } for path="/proc/stat" dev="proc" ino=4026531957 scontext=u:r:untrusted_app_27:s0:c512,c768 tcontext=u:object_r:proc_stat:s0 tclass=file permissive=1
10-12 17:04:25.957  3923  3923 I tutu.ABenchMark: type=1400 audit(0.0:2233): avc: denied { read } for name="temp" dev="sysfs" ino=8951 scontext=u:r:untrusted_app_27:s0:c512,c768 tcontext=u:object_r:sysfs:s0 tclass=file permissive=1
10-12 17:04:25.957  3923  3923 I tutu.ABenchMark: type=1400 audit(0.0:2234): avc: denied { open } for path="/sys/devices/virtual/thermal/thermal_zone0/temp" dev="sysfs" ino=8951 scontext=u:r:untrusted_app_27:s0:c512,c768 tcontext=u:object_r:sysfs:s0 tclass=file permissive=1
10-12 17:04:25.957  3923  3923 I tutu.ABenchMark: type=1400 audit(0.0:2235): avc: denied { getattr } for path="/sys/devices/virtual/thermal/thermal_zone0/temp" dev="sysfs" ino=8951 scontext=u:r:untrusted_app_27:s0:c512,c768 tcontext=u:object_r:sysfs:s0 tclass=file permissive=1
10-12 17:04:25.964  3923  3923 D skia    : --- Failed to create image decoder with message 'unimplemented'
10-12 17:04:26.671 15520 15520 I chromium: [INFO:CONSOLE(12)] "url", source: https://m.coupang.com/resources/20201012111354/vm/voltron/sdp/modules/sliderecommendation/dist/dist.js (12)
10-12 17:04:28.380 15520 15520 I chatty  : uid=10092(com.coupang.mobile) identical 38 lines
10-12 17:04:28.380 15520 15520 I chromium: [INFO:CONSOLE(12)] "url", source: https://m.coupang.com/resources/20201012111354/vm/voltron/sdp/modules/sliderecommendation/dist/dist.js (12)
10-12 17:04:28.513  2753  2924 D audio-subMixingFactory: out_standby_subMixingPCM: out_stream(0xec74aa00) usecase: STREAM_PCM_NORMAL
10-12 17:04:28.513  2753  2924 I audio-subMixingFactory: ++usecase_change_validate_l_sm(), dev usecase masks = 0x1, is_standby = 1, out usecase STREAM_PCM_NORMAL
10-12 17:04:28.513  2753  2924 I audio-subMixingFactory: --usecase_change_validate_l_sm(), dev usecase masks = 0, is_standby = 1, out usecase STREAM_PCM_NORMAL
10-12 17:04:28.513  2753  2924 I amlaudioMixer: ++delete_mixer_input_port port ID: 0
10-12 17:04:28.514  2753  2917 E amlaudioMixer: mixer_do_mixing_16bit(), sys or direct pcm must exist!!!
10-12 17:04:31.473  2767  2767 I memtrack@1.0-se: type=1400 audit(0.0:2236): avc: denied { search } for name="2587" dev="proc" ino=3320 scontext=u:r:hal_memtrack_default:s0 tcontext=u:r:imageserver:s0 tclass=dir permissive=1
