10-12 17:04:31.525  2767  2767 I memtrack@1.0-se: type=1400 audit(0.0:2240): avc: denied { search } for name="2749" dev="proc" ino=15395 scontext=u:r:hal_memtrack_default:s0 tcontext=u:r:rc_server:s0 tclass=dir permissive=1
10-12 17:04:35.564  2763  2910 I [Gralloc]: framebuffer hal alread move to hwcomposer
10-12 17:04:35.561  2775  2775 I Binder:2775_3: type=1400 audit(0.0:2273): avc: denied { read } for name="gralloc.odroidn2.so" dev="mmcblk0p12" ino=705 scontext=u:r:surfaceflinger:s0 tcontext=u:object_r:vendor_file:s0 tclass=file permissive=1
10-12 17:04:35.561  2775  2775 I Binder:2775_3: type=1400 audit(0.0:2274): avc: denied { open } for path="/vendor/lib/hw/gralloc.odroidn2.so" dev="mmcblk0p12" ino=705 scontext=u:r:surfaceflinger:s0 tcontext=u:object_r:vendor_file:s0 tclass=file permissive=1
10-12 17:04:35.561  2775  2775 I Binder:2775_3: type=1400 audit(0.0:2275): avc: denied { getattr } for path="/vendor/lib/hw/gralloc.odroidn2.so" dev="mmcblk0p12" ino=705 scontext=u:r:surfaceflinger:s0 tcontext=u:object_r:vendor_file:s0 tclass=file permissive=1
10-12 17:04:35.970  3923  3923 D skia    : --- Failed to create image decoder with message 'unimplemented'
10-12 17:04:35.983  3923  3923 D skia    : --- Failed to create image decoder with message 'unimplemented'
10-12 17:04:36.733  2763  2910 I [Gralloc]: framebuffer hal alread move to hwcomposer
10-12 17:04:23.273 15520 15520 I chatty  : uid=10092(com.coupang.mobile) identical 2 lines
10-12 17:04:23.273 15520 15520 W ViewRootImpl[MainActivity]: Cancelling event due to no window focus: MotionEvent { action=ACTION_CANCEL, actionButton=0, id[0]=0, x[0]=364.32312, y[0]=934.99243, toolType[0]=TOOL_TYPE_MOUSE, buttonState=0, metaState=0, flags=0x0, edgeFlags=0x0, pointerCount=1, historySize=0, eventTime=5265244, downTime=5263040, deviceId=4, source=0x2002 }
10-12 17:04:39.701  2965  4723 D ConnectivityService: requestNetwork for uid/pid:10023/5742 NetworkRequest [ TRACK_DEFAULT id=308, [ Capabilities: INTERNET&NOT_RESTRICTED&TRUSTED Unwanted:  Uid: 10023] ]
10-12 17:04:39.701  2965  3053 D WIFI    : got request NetworkRequest [ TRACK_DEFAULT id=308, [ Capabilities: INTERNET&NOT_RESTRICTED&TRUSTED Unwanted:  Uid: 10023] ] with score 70
10-12 17:04:39.701  2965  3077 D Ethernet: got request NetworkRequest [ TRACK_DEFAULT id=308, [ Capabilities: INTERNET&NOT_RESTRICTED&TRUSTED Unwanted:  Uid: 10023] ] with score 70
10-12 17:04:39.702  3184  3184 D PhoneSwitcherNetworkRequstListener: got request NetworkRequest [ TRACK_DEFAULT id=308, [ Capabilities: INTERNET&NOT_RESTRICTED&TRUSTED Unwanted:  Uid: 10023] ] with score 70
10-12 17:04:39.702  2965  3053 D WIFI_UT : got request NetworkRequest [ TRACK_DEFAULT id=308, [ Capabilities: INTERNET&NOT_RESTRICTED&TRUSTED Unwanted:  Uid: 10023] ] with score 70
10-12 17:04:39.710  2965  2980 E NotificationService: Suppressing notification from package by user request.
10-12 17:04:39.712  2965  3055 D ConnectivityService: releasing NetworkRequest [ TRACK_DEFAULT id=308, [ Capabilities: INTERNET&NOT_RESTRICTED&TRUSTED Unwanted:  Uid: 10023] ] (release request)
10-12 17:04:44.034 15520 15520 I chromium: [INFO:CONSOLE(136)] "send leave log: 0", source: https://m.coupang.com/resources/20201012111354/vm/voltron/sdp/modules/newalsoview-react/dist/1.0.0/also-view.module.csr.js (136)
10-12 17:04:44.704 16478 16478 I Zygote  : seccomp disabled by setenforce 0
10-12 17:04:44.706  2965  2982 I ActivityManager: Start proc 16478:com.android.vending/u0a63 for service com.android.vending/com.google.android.finsky.scheduler.process.mainimpl.PhoneskyJobServiceMain
10-12 17:04:44.708 16478 16478 W android.vendin: Using default instruction set features for ARM CPU variant (cortex-a9) using conservative defaults
10-12 17:04:44.764 16478 16478 I Finsky  : [2] fzu.ay(5): Process created at version: 22.2.13-21 [0] [PR] 335073928
10-12 17:04:44.916 16478 16500 I Finsky  : [637] ygw.a(2): Started reading experiment flags from file [0tGUNCGIkbk4o6-fQ335kUYSKwVj4lusnHT-A5Dsy08].
10-12 17:04:44.920 16478 16500 I Finsky  : [637] ygw.a(18): Finished reading experiment flags from file [0tGUNCGIkbk4o6-fQ335kUYSKwVj4lusnHT-A5Dsy08].
10-12 17:04:44.934 16478 16500 I Finsky  : [637] ygw.a(2): Started reading experiment flags from file [5lHwWtGM69xOaDUqq2rdH8o4Y-MG0rIvo96DKUGm2aE].
10-12 17:04:44.941 16478 16500 I Finsky  : [637] ygw.a(18): Finished reading experiment flags from file [5lHwWtGM69xOaDUqq2rdH8o4Y-MG0rIvo96DKUGm2aE].
10-12 17:04:44.946 16478 16478 I Finsky  : [2] ygw.a(2): Started reading experiment flags from file [Se-xCc4LzNyh3UrKMIU2sUf-PUKz4oQEbpKZDMuaFno].
10-12 17:04:44.949 16478 16478 I Finsky  : [2] ygw.a(18): Finished reading experiment flags from file [Se-xCc4LzNyh3UrKMIU2sUf-PUKz4oQEbpKZDMuaFno].
10-12 17:04:44.958 16478 16478 I Finsky  : [2] abjk.<init>(5): Resetting scheduler db
10-12 17:04:44.979 16478 16499 I Finsky  : [636] ahoq.a(2): Not a unicorn account
10-12 17:04:44.983 16478 16499 I Finsky  : [636] xre.<init>(3): PackageMonitorReceiverImpl - Registering in memory receiver for android.intent.action.PACKAGE_ADDED and android.intent.action.PACKAGE_REMOVED
10-12 17:04:44.993 16478 16498 I Finsky  : [635] agcb.a(2): Disable SystemUpdateActivity, because Android is lower than Q
10-12 17:04:45.001 16478 16508 I Finsky  : [645] abie.a(67): SCH: Resetting scheduler db stage 2
10-12 17:04:45.008 16478 16498 W Settings: Setting download_manager_max_bytes_over_mobile has moved from android.provider.Settings.Secure to android.provider.Settings.Global.
10-12 17:04:45.009 16478 16498 I Finsky  : [635] vok.i(3): SettingNotFoundException, fall through to G.downloadBytesOverMobileMaximum
10-12 17:04:45.009 16478 16498 W Settings: Setting download_manager_recommended_max_bytes_over_mobile has moved from android.provider.Settings.Secure to android.provider.Settings.Global.
10-12 17:04:45.009  2965  6451 D ConnectivityService: requestNetwork for uid/pid:10063/16478 NetworkRequest [ TRACK_DEFAULT id=309, [ Capabilities: INTERNET&NOT_RESTRICTED&TRUSTED Unwanted:  Uid: 10063] ]
10-12 17:04:45.010  2965  3053 D WIFI    : got request NetworkRequest [ TRACK_DEFAULT id=309, [ Capabilities: INTERNET&NOT_RESTRICTED&TRUSTED Unwanted:  Uid: 10063] ] with score 70
10-12 17:04:45.010  2965  3077 D Ethernet: got request NetworkRequest [ TRACK_DEFAULT id=309, [ Capabilities: INTERNET&NOT_RESTRICTED&TRUSTED Unwanted:  Uid: 10063] ] with score 70
10-12 17:04:45.010  2965  3053 D WIFI_UT : got request NetworkRequest [ TRACK_DEFAULT id=309, [ Capabilities: INTERNET&NOT_RESTRICTED&TRUSTED Unwanted:  Uid: 10063] ] with score 70
10-12 17:04:45.010  3184  3184 D PhoneSwitcherNetworkRequstListener: got request NetworkRequest [ TRACK_DEFAULT id=309, [ Capabilities: INTERNET&NOT_RESTRICTED&TRUSTED Unwanted:  Uid: 10063] ] with score 70
10-12 17:04:45.011 16478 16498 I Finsky  : [635] vok.j(3): SettingNotFoundException, fall through to G.downloadBytesOverMobileRecommended
10-12 17:04:45.012 16478 16518 I Finsky  : [653] agca.run(50): Set SystemUpdateActivity enabled state to 2
10-12 17:04:45.017 16478 16497 I cr_CronetLibraryLoader: Cronet version: 87.0.4276.2, arch: armv8l
10-12 17:04:45.040 16478 16499 I Finsky  : [636] thl.n(5): Enqueuing libraries load for 1153037157
10-12 17:04:45.041 16478 16518 I Finsky  : [653] thl.o(1): Starting libraries load for 1153037157
10-12 17:04:45.042 16478 16498 I Finsky  : [635] asuk.b(2): registerListener
10-12 17:04:45.045 16478 16499 I Finsky  : [636] jpd.j(5): Subscription detail: N/A
10-12 17:04:45.046 16478 16498 I Finsky  : [635] asuk.b(2): registerListener
10-12 17:04:45.060 16478 16498 I Finsky  : [635] ajqr.w(2): Setup app restrictions monitor
10-12 17:04:45.062 16478 16498 I Finsky  : [635] ajsn.a(3): Device wide unknown source restriction is changed.
10-12 17:04:45.079 16478 16496 W android.vendin: Accessing hidden field Ljava/util/Collections$SynchronizedCollection;->mutex:Ljava/lang/Object; (dark greylist, reflection)
10-12 17:04:45.079 16478 16496 W android.vendin: Accessing hidden method Ljava/util/Collections$SynchronizedSet;-><init>(Ljava/util/Set;Ljava/lang/Object;)V (dark greylist, reflection)
10-12 17:04:45.079 16478 16496 W android.vendin: Accessing hidden method Ljava/util/Collections$SynchronizedCollection;-><init>(Ljava/util/Collection;Ljava/lang/Object;)V (dark greylist, reflection)
10-12 17:04:45.103 16478 16518 I Finsky  : [653] thl.o(19): Loaded library for account: [-I_Y4eyiA8L4I47UkseJO1Sgl1o-thu0mCoOowP1-zU]
10-12 17:04:45.104 16478 16518 I Finsky  : [653] thl.o(23): Finished loading 1 libraries.
10-12 17:04:45.140 16478 16478 I Finsky  : [2] qjl.<init>(13): Installer: Setting Parallelism[DEFAULT]
10-12 17:04:45.152 16478 16478 I Finsky  : [2] qgg.v(2): Installer: Attempting to start installer
10-12 17:04:45.155 16478 16478 I Finsky  : [2] asuk.b(2): registerListener
10-12 17:04:45.160 16478 16478 I Finsky  : [2] ablf.onStartJob(3): SCH: onJobSchedulerWakeup with jobId 9000
10-12 17:04:45.163 16478 16478 I Finsky  : [2] abgo.a(9): SCH: Scheduling fallback job with id: 9034, and delay: 43200000 ms
10-12 17:04:45.166 16478 16478 I Finsky  : [2] abgo.b(9): SCH: Scheduling fallback in 64799999 (absolute: 70087141)
10-12 17:04:45.185 16478 16478 I Finsky  : [2] jpc.onSubscriptionsChanged(1): onSubscriptionsChanged
10-12 17:04:45.189 16478 16478 I Finsky  : [2] qgg.L(1): Installer kick - no action, not running yet
10-12 17:04:45.191 16478 16500 D NetworkSecurityConfig: No Network Security Config specified, using platform default
10-12 17:04:45.301 16478 16553 I Finsky  : [682] mmb.d(1): getDownloads()
10-12 17:04:45.323  7789  7789 I Finsky:download_service: [2] sqa.onCreate(2): IPC-SERVER: Starting gRPC host service...
10-12 17:04:45.331  7789 16558 I Finsky:download_service: [435] mej.c(1): getDownloads().
10-12 17:04:45.338 16478 16551 I Finsky  : [680] qff.run(7): Installer: Installer starting.
10-12 17:04:45.338 16478 16551 I Finsky  : [680] qff.run(20): Installer: Installer started.
10-12 17:04:45.339 16478 16478 I Finsky  : [2] qgg.L(7): Installer: found apps to install. isMultiUserMode=false, apps=[]
10-12 17:04:45.363 16478 16478 I Finsky  : [2] abit.a(26): SCH: Canceling job 3-200
10-12 17:04:45.385 16478 16561 I Finsky  : [687] qsy.A(3): IQ: Creating job 201, for (REQ_CHARGING, REQ_DEVICE_IDLE, REQ_GEARHEAD_PROJECTION_OFF, NETWORK=UNMETERED, PROVISIONING_STATE=PROVISIONED)
10-12 17:04:45.399 16478 16478 I Finsky  : [2] abgx.handleMessage(8): SCH: DeviceState: DeviceState{currentTime=1602489885397, isCharging=true, isIdle=false, netAny=true, netNotRoaming=true, netUnmetered=true, batteryPercent=42.0}
10-12 17:04:45.406 16478 16508 I Finsky  : [645] abjk.b(5): SCH: Jobs in database: 1-1337 3-201 24-77777777 26-1414141414 29-29 33-125142305 34-23 34-26 34-29 34-30 
10-12 17:04:45.440 16478 16478 I Finsky  : [2] adhk.a(1): Connecting InstallListener to SplitInstallService broadcaster...
10-12 17:04:45.445 16478 16478 I Finsky  : [2] aizm.a(3): Warm data store was already initialized.
10-12 17:04:45.448 16478 16478 I Finsky  : [2] abgy.a(10): SCH: Running job: 33-125142305
10-12 17:04:45.449 16478 16478 I Finsky  : [2] abgx.handleMessage(60): SCH: RunningQueue size: 1, PendingQueue size: 0
10-12 17:04:45.450 16478 16478 I Finsky  : [2] abgx.handleMessage(63): SCH: Running queue: 33-125142305 
10-12 17:04:45.453 16478 16523 I Finsky  : [655] iut.a(27): Job resume_offline_acquisition started num packages 1
10-12 17:04:45.509 16478 16533 I Finsky  : [660] lns.f(2): ApplicationRestrictions: {}
10-12 17:04:45.844 16478 16498 E Finsky  : [635] ety.L(1): Got null for offerType. Please either fix the caller, or add @Nullable in BackgrounEventBuilder if calling with null should be supported.
10-12 17:04:45.844 16478 16498 E Finsky  : com.google.android.flib.log.WhatATerribleException
10-12 17:04:45.844 16478 16498 E Finsky  : 	at alrz.h(PG:2)
10-12 17:04:45.844 16478 16498 E Finsky  : 	at com.google.android.finsky.utils.FinskyLog.g(PG:3)
10-12 17:04:45.844 16478 16498 E Finsky  : 	at ety.L(PG:1)
10-12 17:04:45.844 16478 16498 E Finsky  : 	at ihp.a(PG:3)
10-12 17:04:45.844 16478 16498 E Finsky  : 	at ium.a(Unknown Source:132)
10-12 17:04:45.844 16478 16498 E Finsky  : 	at avyw.f(Unknown Source:2)
10-12 17:04:45.844 16478 16498 E Finsky  : 	at avyy.run(PG:9)
10-12 17:04:45.844 16478 16498 E Finsky  : 	at java.util.concurrent.ThreadPoolExecutor.runWorker(ThreadPoolExecutor.java:1167)
10-12 17:04:45.844 16478 16498 E Finsky  : 	at java.util.concurrent.ThreadPoolExecutor$Worker.run(ThreadPoolExecutor.java:641)
10-12 17:04:45.844 16478 16498 E Finsky  : 	at ngo.run(PG:3)
10-12 17:04:45.844 16478 16498 E Finsky  : 	at java.lang.Thread.run(Thread.java:764)
10-12 17:04:45.849  2965  2981 I ActivityManager: Showing crash dialog for package com.android.vending u0
10-12 17:04:45.872  2965  2980 W BroadcastQueue: Background execution not allowed: receiving Intent { act=android.intent.action.DROPBOX_ENTRY_ADDED flg=0x10 (has extras) } to com.google.android.gms/.stats.service.DropBoxEntryAddedReceiver
10-12 17:04:45.872  2965  2980 W BroadcastQueue: Background execution not allowed: receiving Intent { act=android.intent.action.DROPBOX_ENTRY_ADDED flg=0x10 (has extras) } to com.google.android.gms/.chimera.GmsIntentOperationService$PersistentTrustedReceiver
10-12 17:04:45.882  2763  2910 I [Gralloc]: framebuffer hal alread move to hwcomposer
10-12 17:04:45.883  2965  6148 I ConfigStore: android::hardware::configstore::V1_0::ISurfaceFlingerConfigs::hasWideColorDisplay retrieved: 0
10-12 17:04:45.883  2965  6148 I ConfigStore: android::hardware::configstore::V1_0::ISurfaceFlingerConfigs::hasHDRDisplay retrieved: 0
10-12 17:04:45.886 15520 15520 D InputEventConsistencyVerifier: GenericMotionEvent: ACTION_HOVER_EXIT without prior ACTION_HOVER_ENTER
10-12 17:04:45.886 15520 15520 D InputEventConsistencyVerifier:   in android.support.v4.widget.DrawerLayout{ae19701 VFE...... ........ 0,0-768,1299 #7f090e0c app:id/root_layout}
10-12 17:04:45.886 15520 15520 D InputEventConsistencyVerifier:   0: sent at 5287860135000, MotionEvent { action=ACTION_HOVER_EXIT, actionButton=0, id[0]=0, x[0]=351.38675, y[0]=937.0879, toolType[0]=TOOL_TYPE_MOUSE, buttonState=0, metaState=0, flags=0x0, edgeFlags=0x0, pointerCount=1, historySize=0, eventTime=5287860, downTime=5267228, deviceId=4, source=0x2002 }
10-12 17:04:45.886 15520 15520 D InputEventConsistencyVerifier:   -- recent events --
10-12 17:04:45.886 15520 15520 D InputEventConsistencyVerifier:   1: sent at 5287852127000, MotionEvent { action=ACTION_HOVER_MOVE, actionButton=0, id[0]=0, x[0]=349.38675, y[0]=932.0879, toolType[0]=TOOL_TYPE_MOUSE, buttonState=0, metaState=0, flags=0x0, edgeFlags=0x0, pointerCount=1, historySize=0, eventTime=5287852, downTime=5267228, deviceId=4, source=0x2002 }
10-12 17:04:45.886 15520 15520 D InputEventConsistencyVerifier:   2: sent at 5287844129000, MotionEvent { action=ACTION_HOVER_MOVE, actionButton=0, id[0]=0, x[0]=348.38675, y[0]=929.0879, toolType[0]=TOOL_TYPE_MOUSE, buttonState=0, metaState=0, flags=0x0, edgeFlags=0x0, pointerCount=1, historySize=1, eventTime=5287844, downTime=5267228, deviceId=4, source=0x2002 }
10-12 17:04:45.886 15520 15520 D InputEventConsistencyVerifier:   3: sent at 5287828124000, MotionEvent { action=ACTION_HOVER_MOVE, actionButton=0, id[0]=0, x[0]=345.38675, y[0]=923.0879, toolType[0]=TOOL_TYPE_MOUSE, buttonState=0, metaState=0, flags=0x0, edgeFlags=0x0, pointerCount=1, historySize=1, eventTime=5287828, downTime=5267228, deviceId=4, source=0x2002 }
10-12 17:04:45.886 15520 15520 D InputEventConsistencyVerifier:   4: sent at 5287812135000, MotionEvent { action=ACTION_HOVER_MOVE, actionButton=0, id[0]=0, x[0]=343.38675, y[0]=920.0879, toolType[0]=TOOL_TYPE_MOUSE, buttonState=0, metaState=0, flags=0x0, edgeFlags=0x0, pointerCount=1, historySize=1, eventTime=5287812, downTime=5267228, deviceId=4, source=0x2002 }
10-12 17:04:45.886 15520 15520 D InputEventConsistencyVerifier:   5: sent at 5287796125000, MotionEvent { action=ACTION_HOVER_MOVE, actionButton=0, id[0]=0, x[0]=342.38675, y[0]=915.0879, toolType[0]=TOOL_TYPE_MOUSE, buttonState=0, metaState=0, flags=0x0, edgeFlags=0x0, pointerCount=1, historySize=2, eventTime=5287796, downTime=5267228, deviceId=4, source=0x2002 }
10-12 17:04:45.886  2965  6148 I OpenGLRenderer: Initialized EGL, version 1.4
10-12 17:04:45.886  2965  6148 D OpenGLRenderer: Swap behavior 2
10-12 17:04:45.889  2763  2911 I [Gralloc]: framebuffer hal alread move to hwcomposer
10-12 17:04:45.885  2775  2775 I Binder:2775_1: type=1400 audit(0.0:2284): avc: denied { read } for name="gralloc.odroidn2.so" dev="mmcblk0p12" ino=705 scontext=u:r:surfaceflinger:s0 tcontext=u:object_r:vendor_file:s0 tclass=file permissive=1
10-12 17:04:45.930  2763  2911 I [Gralloc]: framebuffer hal alread move to hwcomposer
10-12 17:04:45.954  2965  6148 D mali_winsys: EGLint new_window_surface(egl_winsys_display *, void *, EGLSurface, EGLConfig, egl_winsys_surface **, EGLBoolean) returns 0x3000
10-12 17:04:45.957  2965  2981 D ViewRootImpl[vending]: updatePointerIcon called with position out of bounds
10-12 17:04:45.961  2763  2911 I [Gralloc]: framebuffer hal alread move to hwcomposer
10-12 17:04:45.978  2763  2911 I chatty  : uid=1000(system) HwBinder:2763_2 identical 1 line
10-12 17:04:45.982  2763  2911 I [Gralloc]: framebuffer hal alread move to hwcomposer
10-12 17:04:45.885  2775  2775 I Binder:2775_1: type=1400 audit(0.0:2285): avc: denied { open } for path="/vendor/lib/hw/gralloc.odroidn2.so" dev="mmcblk0p12" ino=705 scontext=u:r:surfaceflinger:s0 tcontext=u:object_r:vendor_file:s0 tclass=file permissive=1
10-12 17:04:45.994  3923  3923 D skia    : --- Failed to create image decoder with message 'unimplemented'
10-12 17:04:46.020  3923  3923 D skia    : --- Failed to create image decoder with message 'unimplemented'
10-12 17:04:45.885  2775  2775 I Binder:2775_1: type=1400 audit(0.0:2286): avc: denied { getattr } for path="/vendor/lib/hw/gralloc.odroidn2.so" dev="mmcblk0p12" ino=705 scontext=u:r:surfaceflinger:s0 tcontext=u:object_r:vendor_file:s0 tclass=file permissive=1
10-12 17:04:45.961  2965  2965 I RenderThread: type=1400 audit(0.0:2287): avc: denied { read } for name="gralloc.odroidn2.so" dev="mmcblk0p12" ino=705 scontext=u:r:system_server:s0 tcontext=u:object_r:vendor_file:s0 tclass=file permissive=1
10-12 17:04:47.180  2763  2911 I [Gralloc]: framebuffer hal alread move to hwcomposer
10-12 17:04:47.264  2965  2981 D AutofillManager: No AutofillClient for android on context android.app.ContextImpl@c2302ef
10-12 17:04:47.044  2965  2981 I chatty  : uid=1000(system) android.ui identical 44 lines
10-12 17:04:47.061  2965  2981 D ViewRootImpl[vending]: updatePointerIcon called with position out of bounds
10-12 17:04:47.393  2965  6451 I ActivityManager: Killing 16478:com.android.vending/u0a63 (adj 100): crash
10-12 17:04:47.394  2753  6139 W amlaudioMixer: mixer_get_presentation_position(), port not ready now
10-12 17:04:47.394  2753  6139 W audio-subMixingFactory: out_get_presentation_position_port(), pts not valid yet
10-12 17:04:47.394  2965  2983 W libprocessgroup: kill(-16478, 9) failed: No such process
10-12 17:04:47.395  7789  7789 I Finsky:download_service: [2] sqa.onDestroy(8): IPC-SERVER: Stopping gRPC host service...
10-12 17:04:47.395  2753  6139 I audio-subMixingFactory: ++usecase_change_validate_l_sm: dev usecase masks = 0, out usecase_masks = 0, out usecase STREAM_PCM_NORMAL
10-12 17:04:47.395  2753  6139 I audio-subMixingFactory: ++++usecase_change_validate_l_sm(),continuous_audio_mode 0 dev usecase masks = 0, out usecase_masks = 0, out usecase STREAM_PCM_NORMAL
10-12 17:04:47.395  2753  6139 I audio-subMixingFactory: usecase_change_validate_l_sm(), mixer_aux_buffer_write_sm !
10-12 17:04:47.395  2753  6139 I audio-subMixingFactory: ----usecase_change_validate_l_sm(), continuous_audio_mode 0 dev usecase masks = 0x1, out usecase_masks = 0x1, out usecase STREAM_PCM_NORMAL
10-12 17:04:47.395  2753  6139 I aml_audio_port: get_input_port_index(), samplerate 48000
10-12 17:04:47.396  2753  6139 D aml_audio_port: new_input_port(), index:0, rbuf size:8192, direct_on:0
10-12 17:04:47.396  2753  6139 D aml_audio_port: new_input_port(), fmt 0x1, rate 48000
10-12 17:04:47.396  2753  6139 I amlaudioMixer: ++init_mixer_input_port port index 0, size 512 frames
10-12 17:04:47.396  2753  6139 I amlaudioMixer: init_mixer_input_port(), port->initial_frames: 40585216
10-12 17:04:47.396  2753  6139 I aml_audio_port: get_input_port_index(), samplerate 48000
10-12 17:04:47.396  2753  6139 I audio-subMixingFactory: mixer_aux_buffer_write_sm(), primary 0xec74aa00 port index = 0
10-12 17:04:47.396  2753  6139 I audio-subMixingFactory: padding_bytes 16384
10-12 17:04:47.396  2753  6139 I amlaudioMixer: port index 0 is active now
10-12 17:04:47.396  2753  6139 I audio-subMixingFactory: padding_bytes 14336
10-12 17:04:47.396  2753  6139 I audio-subMixingFactory: padding_bytes 12288
10-12 17:04:47.396  2753  6139 I audio-subMixingFactory: padding_bytes 10240
10-12 17:04:47.396  2753  6139 I audio-subMixingFactory: padding_bytes 8192
10-12 17:04:47.396  2753  6139 I audio-subMixingFactory: padding_bytes 6144
10-12 17:04:47.396  2775  2815 E BufferQueueProducer: [Application Error: com.android.vending#0] disconnect: not connected (req=1)
10-12 17:04:47.397  2965  6148 W libEGL  : EGLNativeWindowType 0xc92e3808 disconnect failed
10-12 17:04:47.397  2965  6148 D OpenGLRenderer: endAllActiveAnimators on 0xcd88b800 (RippleDrawable) with handle 0xc7314100
10-12 17:04:47.399  2753  6139 I audio-subMixingFactory: padding_bytes 4096
10-12 17:04:47.399  2753  6139 I audio-subMixingFactory: padding_bytes 2048
10-12 17:04:47.406  2753  6139 W amlaudioMixer: mixer_get_presentation_position(), not valid now
10-12 17:04:47.406  2753  6139 W audio-subMixingFactory: out_get_presentation_position_port(), pts not valid yet
10-12 17:04:47.417  2753  6139 W amlaudioMixer: mixer_get_presentation_position(), not valid now
10-12 17:04:47.417  2753  6139 W audio-subMixingFactory: out_get_presentation_position_port(), pts not valid yet
10-12 17:04:47.432  2773  2923 D AudioFlinger: mixer(0xef603280) throttle end: throttle time(5)
10-12 17:04:47.438  2965  2983 W libprocessgroup: kill(-16478, 9) failed: No such process
10-12 17:04:47.455  2745  2745 I Zygote  : Process 16478 exited due to signal (9)
10-12 17:04:47.458  2965 15865 D ConnectivityService: ConnectivityService NetworkRequestInfo binderDied(NetworkRequest [ LISTEN id=310, [ Capabilities: INTERNET&NOT_RESTRICTED&TRUSTED Unwanted:  Uid: 10063] ], android.os.BinderProxy@f80535b)
10-12 17:04:47.458  2965 15865 D ConnectivityService: ConnectivityService NetworkRequestInfo binderDied(NetworkRequest [ TRACK_DEFAULT id=309, [ Capabilities: INTERNET&NOT_RESTRICTED&TRUSTED Unwanted:  Uid: 10063] ], android.os.BinderProxy@66b67f8)
10-12 17:04:47.458  2965  3055 D ConnectivityService: releasing NetworkRequest [ TRACK_DEFAULT id=309, [ Capabilities: INTERNET&NOT_RESTRICTED&TRUSTED Unwanted:  Uid: 10063] ] (release request)
10-12 17:04:47.483  2965  2983 W libprocessgroup: kill(-16478, 9) failed: No such process
10-12 17:04:47.483  2965  2983 I libprocessgroup: Successfully killed process cgroup uid 10063 pid 16478 in 89ms
10-12 17:04:47.571  2775  2817 W SurfaceFlinger: Attempting to set client state on removed layer: Dim Layer for - mAboveAppWindowsContainers#0
10-12 17:04:47.571  2775  2817 W SurfaceFlinger: Attempting to destroy on removed layer: Dim Layer for - mAboveAppWindowsContainers#0
10-12 17:04:47.573  2775  2817 W SurfaceFlinger: Attempting to destroy on removed layer: f8e1e80 Application Error: com.android.vending#0
10-12 17:04:50.463  2753  2924 D audio-subMixingFactory: out_standby_subMixingPCM: out_stream(0xec74aa00) usecase: STREAM_PCM_NORMAL
10-12 17:04:50.463  2753  2924 I audio-subMixingFactory: ++usecase_change_validate_l_sm(), dev usecase masks = 0x1, is_standby = 1, out usecase STREAM_PCM_NORMAL
10-12 17:04:50.463  2753  2924 I audio-subMixingFactory: --usecase_change_validate_l_sm(), dev usecase masks = 0, is_standby = 1, out usecase STREAM_PCM_NORMAL
10-12 17:04:50.463  2753  2924 I amlaudioMixer: ++delete_mixer_input_port port ID: 0
10-12 17:04:50.464  2753  2917 E amlaudioMixer: mixer_do_mixing_16bit(), sys or direct pcm must exist!!!
10-12 17:04:53.791  2763  2911 I [Gralloc]: framebuffer hal alread move to hwcomposer
10-12 17:04:53.789  2965  2965 I android.display: type=1400 audit(0.0:2295): avc: denied { getattr } for path="/vendor/lib/hw/gralloc.odroidn2.so" dev="mmcblk0p12" ino=705 scontext=u:r:system_server:s0 tcontext=u:object_r:vendor_file:s0 tclass=file permissive=1
10-12 17:04:54.208  2798  2829 E storaged: getDiskStats failed with result NOT_SUPPORTED and size 0
10-12 17:04:56.036  3923  3923 D skia    : --- Failed to create image decoder with message 'unimplemented'
10-12 17:04:56.048  3923  3923 D skia    : --- Failed to create image decoder with message 'unimplemented'
10-12 17:04:56.071  2763  2911 I [Gralloc]: framebuffer hal alread move to hwcomposer
10-12 17:04:56.073  2965  2965 I android.display: type=1400 audit(0.0:2296): avc: denied { read } for name="gralloc.odroidn2.so" dev="mmcblk0p12" ino=705 scontext=u:r:system_server:s0 tcontext=u:object_r:vendor_file:s0 tclass=file permissive=1
10-12 17:04:57.272  2763  2911 I [Gralloc]: framebuffer hal alread move to hwcomposer
10-12 17:04:57.306  2763  2911 I [Gralloc]: framebuffer hal alread move to hwcomposer
10-12 17:05:01.633  3923  3923 I tutu.ABenchMark: type=1400 audit(0.0:2298): avc: denied { open } for path="/proc/vmstat" dev="proc" ino=4026531993 scontext=u:r:untrusted_app_27:s0:c512,c768 tcontext=u:object_r:proc_vmstat:s0 tclass=file permissive=1
10-12 17:05:06.054  3923  3923 D skia    : --- Failed to create image decoder with message 'unimplemented'
10-12 17:05:06.067  3923  3923 D skia    : --- Failed to create image decoder with message 'unimplemented'
10-12 17:05:06.315  2763  2911 I [Gralloc]: framebuffer hal alread move to hwcomposer
10-12 17:05:06.840  2763  2911 I [Gralloc]: framebuffer hal alread move to hwcomposer
10-12 17:05:08.113  2767  2767 I memtrack@1.0-se: type=1400 audit(0.0:2300): avc: denied { read } for name="mem_profile" dev="debugfs" ino=3053 scontext=u:r:hal_memtrack_default:s0 tcontext=u:object_r:debugfs:s0 tclass=file permissive=1
10-12 17:05:09.724  2965 15865 D ConnectivityService: requestNetwork for uid/pid:10023/5742 NetworkRequest [ TRACK_DEFAULT id=311, [ Capabilities: INTERNET&NOT_RESTRICTED&TRUSTED Unwanted:  Uid: 10023] ]
10-12 17:05:09.725  2965  3077 D Ethernet: got request NetworkRequest [ TRACK_DEFAULT id=311, [ Capabilities: INTERNET&NOT_RESTRICTED&TRUSTED Unwanted:  Uid: 10023] ] with score 70
10-12 17:05:09.726  2965  3053 D WIFI    : got request NetworkRequest [ TRACK_DEFAULT id=311, [ Capabilities: INTERNET&NOT_RESTRICTED&TRUSTED Unwanted:  Uid: 10023] ] with score 70
10-12 17:05:09.726  2965  3053 D WIFI_UT : got request NetworkRequest [ TRACK_DEFAULT id=311, [ Capabilities: INTERNET&NOT_RESTRICTED&TRUSTED Unwanted:  Uid: 10023] ] with score 70
10-12 17:05:09.726  3184  3184 D PhoneSwitcherNetworkRequstListener: got request NetworkRequest [ TRACK_DEFAULT id=311, [ Capabilities: INTERNET&NOT_RESTRICTED&TRUSTED Unwanted:  Uid: 10023] ] with score 70
10-12 17:05:09.731  2965  2980 E NotificationService: Suppressing notification from package by user request.
10-12 17:05:09.733  2965  3055 D ConnectivityService: releasing NetworkRequest [ TRACK_DEFAULT id=311, [ Capabilities: INTERNET&NOT_RESTRICTED&TRUSTED Unwanted:  Uid: 10023] ] (release request)
10-12 17:05:12.853  2763  2911 I [Gralloc]: framebuffer hal alread move to hwcomposer
10-12 17:05:12.853  2775  2775 I Binder:2775_2: type=1400 audit(0.0:2303): avc: denied { read } for name="gralloc.odroidn2.so" dev="mmcblk0p12" ino=705 scontext=u:r:surfaceflinger:s0 tcontext=u:object_r:vendor_file:s0 tclass=file permissive=1
10-12 17:05:12.899  2763  2911 I [Gralloc]: framebuffer hal alread move to hwcomposer
10-12 17:05:12.853  2775  2775 I Binder:2775_2: type=1400 audit(0.0:2304): avc: denied { open } for path="/vendor/lib/hw/gralloc.odroidn2.so" dev="mmcblk0p12" ino=705 scontext=u:r:surfaceflinger:s0 tcontext=u:object_r:vendor_file:s0 tclass=file permissive=1
10-12 17:05:14.202  2965 15865 I ActivityManager: START u0 {act=android.intent.action.VIEW dat=coupang://deeplink/new_sdp cmp=com.coupang.mobile/.domain.sdp.interstellar.view.NewSdpActivity (has extras)} from uid 10092
10-12 17:05:14.223 15520 15520 W ActivityThread: handleWindowVisibility: no activity for token android.os.BinderProxy@a84da32
10-12 17:05:14.317  2775  2775 D SurfaceFlinger: duplicate layer name: changing com.coupang.mobile/com.coupang.mobile.domain.sdp.interstellar.view.NewSdpActivity to com.coupang.mobile/com.coupang.mobile.domain.sdp.interstellar.view.NewSdpActivity#1
10-12 17:05:14.320  2763  2911 I [Gralloc]: framebuffer hal alread move to hwcomposer
10-12 17:05:14.320 15520 15650 D mali_winsys: EGLint new_window_surface(egl_winsys_display *, void *, EGLSurface, EGLConfig, egl_winsys_surface **, EGLBoolean) returns 0x3000
10-12 17:05:14.321  2763  2911 I [Gralloc]: framebuffer hal alread move to hwcomposer
10-12 17:05:14.322  2763  2911 I chatty  : uid=1000(system) HwBinder:2763_2 identical 1 line
10-12 17:05:14.332  2763  2911 I [Gralloc]: framebuffer hal alread move to hwcomposer
10-12 17:05:14.356  2965  2988 I ActivityManager: Displayed com.coupang.mobile/.domain.sdp.interstellar.view.NewSdpActivity: +138ms
10-12 17:05:14.361  2763  2911 I [Gralloc]: framebuffer hal alread move to hwcomposer
10-12 17:05:14.376  2763  2911 I [Gralloc]: framebuffer hal alread move to hwcomposer
10-12 17:05:14.661 15520 15520 W StaticLayout: maxLineHeight should not be -1.  maxLines:1 lineCount:1
10-12 17:05:14.696 15520 15520 E ConstraintLayout: layout_constraintWidth_default="wrap" is deprecated.
10-12 17:05:14.696 15520 15520 E ConstraintLayout: Use layout_width="WRAP_CONTENT" and layout_constrainedWidth="true" instead.
10-12 17:05:14.701 15520 15520 I chatty  : uid=10092(com.coupang.mobile) identical 2 lines
10-12 17:05:14.701 15520 15520 E ConstraintLayout: layout_constraintWidth_default="wrap" is deprecated.
10-12 17:05:14.701 15520 15520 E ConstraintLayout: Use layout_width="WRAP_CONTENT" and layout_constrainedWidth="true" instead.
10-12 17:05:14.715 15520 15520 W StaticLayout: maxLineHeight should not be -1.  maxLines:1 lineCount:1
10-12 17:05:14.724  2775  3467 E BufferQueueProducer: [com.coupang.mobile/com.coupang.mobile.domain.sdp.interstellar.view.NewSdpActivity#0] disconnect: not connected (req=1)
10-12 17:05:14.725 15520 15650 W libEGL  : EGLNativeWindowType 0xc7f24008 disconnect failed
10-12 17:05:14.737 15520 15520 W StaticLayout: maxLineHeight should not be -1.  maxLines:1 lineCount:1
10-12 17:05:14.884 15520 15520 I chatty  : uid=10092(com.coupang.mobile) identical 9 lines
10-12 17:05:14.904 15520 15520 W StaticLayout: maxLineHeight should not be -1.  maxLines:1 lineCount:1
10-12 17:05:15.856 15520 15520 I chromium: [INFO:CONSOLE(12)] "url", source: https://m.coupang.com/resources/20201012111354/vm/voltron/sdp/modules/sliderecommendation/dist/dist.js (12)
10-12 17:05:15.907 15520 15520 I chatty  : uid=10092(com.coupang.mobile) identical 18 lines
10-12 17:05:15.908 15520 15520 I chromium: [INFO:CONSOLE(12)] "url", source: https://m.coupang.com/resources/20201012111354/vm/voltron/sdp/modules/sliderecommendation/dist/dist.js (12)
10-12 17:05:16.076  3923  3923 D skia    : --- Failed to create image decoder with message 'unimplemented'
10-12 17:05:16.092  3923  3923 D skia    : --- Failed to create image decoder with message 'unimplemented'
10-12 17:05:17.175 15520 15520 I chromium: [INFO:CONSOLE(12)] "url", source: https://m.coupang.com/resources/20201012111354/vm/voltron/sdp/modules/sliderecommendation/dist/dist.js (12)
10-12 17:05:17.870 15520 15520 W ViewRootImpl[NewSdpActivity]: Cancelling event due to no window focus: MotionEvent { action=ACTION_CANCEL, actionButton=0, id[0]=0, x[0]=414.86343, y[0]=961.5766, toolType[0]=TOOL_TYPE_MOUSE, buttonState=0, metaState=0, flags=0x0, edgeFlags=0x0, pointerCount=1, historySize=0, eventTime=5319844, downTime=5316020, deviceId=4, source=0x2002 }
10-12 17:05:17.201 15520 15520 I chatty  : uid=10092(com.coupang.mobile) identical 18 lines
10-12 17:05:17.202 15520 15520 I chromium: [INFO:CONSOLE(12)] "url", source: https://m.coupang.com/resources/20201012111354/vm/voltron/sdp/modules/sliderecommendation/dist/dist.js (12)
10-12 17:05:17.880  2763  2911 I [Gralloc]: framebuffer hal alread move to hwcomposer
10-12 17:05:21.721 15520 15520 I .coupang.mobile: type=1400 audit(0.0:2306): avc: denied { open } for path="/proc/vmstat" dev="proc" ino=4026531993 scontext=u:r:untrusted_app:s0:c92,c256,c512,c768 tcontext=u:object_r:proc_vmstat:s0 tclass=file permissive=1
10-12 17:05:23.350  2763  2911 I [Gralloc]: framebuffer hal alread move to hwcomposer
10-12 17:05:25.657  2753  6139 W amlaudioMixer: mixer_get_presentation_position(), port not ready now
10-12 17:05:25.657  2753  6139 W audio-subMixingFactory: out_get_presentation_position_port(), pts not valid yet
10-12 17:05:25.657  2753  6139 I audio-subMixingFactory: ++usecase_change_validate_l_sm: dev usecase masks = 0, out usecase_masks = 0, out usecase STREAM_PCM_NORMAL
10-12 17:05:25.657  2753  6139 I audio-subMixingFactory: ++++usecase_change_validate_l_sm(),continuous_audio_mode 0 dev usecase masks = 0, out usecase_masks = 0, out usecase STREAM_PCM_NORMAL
10-12 17:05:25.657  2753  6139 I audio-subMixingFactory: usecase_change_validate_l_sm(), mixer_aux_buffer_write_sm !
10-12 17:05:25.657  2753  6139 I audio-subMixingFactory: ----usecase_change_validate_l_sm(), continuous_audio_mode 0 dev usecase masks = 0x1, out usecase_masks = 0x1, out usecase STREAM_PCM_NORMAL
10-12 17:05:25.657  2753  6139 I aml_audio_port: get_input_port_index(), samplerate 48000
10-12 17:05:25.657  2753  6139 D aml_audio_port: new_input_port(), index:0, rbuf size:8192, direct_on:0
10-12 17:05:25.657  2753  6139 D aml_audio_port: new_input_port(), fmt 0x1, rate 48000
10-12 17:05:25.657  2753  6139 I amlaudioMixer: ++init_mixer_input_port port index 0, size 512 frames
10-12 17:05:25.657  2753  6139 I amlaudioMixer: init_mixer_input_port(), port->initial_frames: 40733696
10-12 17:05:25.657  2753  6139 I aml_audio_port: get_input_port_index(), samplerate 48000
10-12 17:05:25.657  2753  6139 I audio-subMixingFactory: mixer_aux_buffer_write_sm(), primary 0xec74aa00 port index = 0
10-12 17:05:25.657  2753  6139 I audio-subMixingFactory: padding_bytes 16384
10-12 17:05:25.657  2753  6139 I amlaudioMixer: port index 0 is active now
10-12 17:05:25.657  2753  6139 I audio-subMixingFactory: padding_bytes 14336
10-12 17:05:25.658  2753  6139 I audio-subMixingFactory: padding_bytes 12288
10-12 17:05:25.658  2753  6139 I audio-subMixingFactory: padding_bytes 10240
10-12 17:05:25.658  2753  6139 I audio-subMixingFactory: padding_bytes 8192
10-12 17:05:25.658  2753  6139 I audio-subMixingFactory: padding_bytes 6144
10-12 17:05:25.661  2753  6139 I audio-subMixingFactory: padding_bytes 4096
10-12 17:05:25.664  2753  6139 I audio-subMixingFactory: padding_bytes 2048
10-12 17:05:25.673  2753  6139 W amlaudioMixer: mixer_get_presentation_position(), not valid now
10-12 17:05:25.673  2753  6139 W audio-subMixingFactory: out_get_presentation_position_port(), pts not valid yet
10-12 17:05:25.684  2753  6139 W amlaudioMixer: mixer_get_presentation_position(), not valid now
10-12 17:05:25.684  2753  6139 W audio-subMixingFactory: out_get_presentation_position_port(), pts not valid yet
10-12 17:05:25.698  2773  2923 D AudioFlinger: mixer(0xef603280) throttle end: throttle time(7)
10-12 17:05:17.870 15520 15520 I chatty  : uid=10092(com.coupang.mobile) identical 2 lines
10-12 17:05:17.870 15520 15520 W ViewRootImpl[NewSdpActivity]: Cancelling event due to no window focus: MotionEvent { action=ACTION_CANCEL, actionButton=0, id[0]=0, x[0]=414.86343, y[0]=961.5766, toolType[0]=TOOL_TYPE_MOUSE, buttonState=0, metaState=0, flags=0x0, edgeFlags=0x0, pointerCount=1, historySize=0, eventTime=5319844, downTime=5316020, deviceId=4, source=0x2002 }
10-12 17:05:25.766  2965  2986 D AutofillManagerService: Close system dialogs
10-12 17:05:25.767  2965  3041 I ActivityManager: START u0 {act=android.intent.action.MAIN cat=[android.intent.category.HOME] flg=0x10200000 cmp=com.android.launcher3/.Launcher (has extras)} from uid 1000
10-12 17:05:25.773  3123  3123 V StatusBar: mStatusBarWindow: com.android.systemui.statusbar.phone.StatusBarWindowView{b0a4d8f V.ED..... ........ 0,0-768,31} canPanelBeCollapsed(): false
10-12 17:05:25.773  2763  2911 I [Gralloc]: framebuffer hal alread move to hwcomposer
10-12 17:05:25.774  3123  3123 I vol.Events: writeEvent dismiss_dialog volume_controller
10-12 17:05:25.789  2763  2911 I [Gralloc]: framebuffer hal alread move to hwcomposer
10-12 17:05:25.801  2965  3041 I ActivityManager: Config changes=20000480 {1.0 ?mcc?mnc [en_US] ldltr sw602dp w1066dp h530dp 204dpi lrg long land -touch -keyb/v/h dpad/v winConfig={ mBounds=Rect(0, 0 - 0, 0) mAppBounds=Rect(0, 0 - 1360, 707) mWindowingMode=fullscreen mActivityType=undefined} s.15}
10-12 17:05:25.773  3123  3123 I RenderThread: type=1400 audit(0.0:2308): avc: denied { read } for name="gralloc.odroidn2.so" dev="mmcblk0p12" ino=705 scontext=u:r:platform_app:s0:c512,c768 tcontext=u:object_r:vendor_file:s0 tclass=file permissive=1
10-12 17:05:25.825  2965  3041 I ActivityManager: Override config changes=20000480 {1.0 ?mcc?mnc [en_US] ldltr sw602dp w1066dp h530dp 204dpi lrg long land -touch -keyb/v/h dpad/v winConfig={ mBounds=Rect(0, 0 - 768, 1299) mAppBounds=Rect(0, 0 - 1360, 707) mWindowingMode=fullscreen mActivityType=undefined} s.15} for displayId=0
10-12 17:05:25.850  2965  3041 W InputDispatcher: Excessive delay in interceptKeyBeforeDispatching; took 85 ms
10-12 17:05:25.773  3123  3123 I RenderThread: type=1400 audit(0.0:2309): avc: denied { open } for path="/vendor/lib/hw/gralloc.odroidn2.so" dev="mmcblk0p12" ino=705 scontext=u:r:platform_app:s0:c512,c768 tcontext=u:object_r:vendor_file:s0 tclass=file permissive=1
10-12 17:05:25.896  2965  3071 W HdmiCecController: Failed to send <Text View On> src: 4, dst: 0 with errorCode=1
10-12 17:05:25.902  2965  3042 I InputReader: Reconfiguring input devices.  changes=0x00000004
10-12 17:05:25.773  3123  3123 I RenderThread: type=1400 audit(0.0:2310): avc: denied { getattr } for path="/vendor/lib/hw/gralloc.odroidn2.so" dev="mmcblk0p12" ino=705 scontext=u:r:platform_app:s0:c512,c768 tcontext=u:object_r:vendor_file:s0 tclass=file permissive=1
10-12 17:05:25.917  2775  3039 E BufferQueueProducer: [NavigationBar#0] disconnect: not connected (req=1)
10-12 17:05:25.917  3123  3407 W libEGL  : EGLNativeWindowType 0xdf750808 disconnect failed
10-12 17:05:25.918  3123  3407 D mali_winsys: EGLint new_window_surface(egl_winsys_display *, void *, EGLSurface, EGLConfig, egl_winsys_surface **, EGLBoolean) returns 0x3000
10-12 17:05:25.919  2763  2911 I [Gralloc]: framebuffer hal alread move to hwcomposer
10-12 17:05:25.940  3544  3734 D mali_winsys: EGLint new_window_surface(egl_winsys_display *, void *, EGLSurface, EGLConfig, egl_winsys_surface **, EGLBoolean) returns 0x3000
10-12 17:05:25.940  2763  2911 I [Gralloc]: framebuffer hal alread move to hwcomposer
10-12 17:05:25.946  2763  2910 I [Gralloc]: framebuffer hal alread move to hwcomposer
10-12 17:05:25.949  2763  2763 I [Gralloc]: framebuffer hal alread move to hwcomposer
10-12 17:05:25.953  3123  3123 I RenderThread: type=1400 audit(0.0:2311): avc: denied { read } for name="gralloc.odroidn2.so" dev="mmcblk0p12" ino=705 scontext=u:r:platform_app:s0:c512,c768 tcontext=u:object_r:vendor_file:s0 tclass=file permissive=1
10-12 17:05:25.958  2763  2763 I [Gralloc]: framebuffer hal alread move to hwcomposer
10-12 17:05:25.958  2763  2763 E gralloc : ioctl c0144900 failed with code -1: Operation not permitted
10-12 17:05:25.962  2763  2763 I [Gralloc]: framebuffer hal alread move to hwcomposer
10-12 17:05:25.979  2775  2962 E BufferQueueProducer: [com.coupang.mobile/com.coupang.mobile.domain.sdp.interstellar.view.NewSdpActivity#1] disconnect: not connected (req=1)
10-12 17:05:25.980 15520 15650 W libEGL  : EGLNativeWindowType 0xbf7b3808 disconnect failed
10-12 17:05:25.985  2775  2962 E BufferQueueProducer: [com.android.launcher3/com.android.launcher3.Launcher#0] disconnect: not connected (req=1)
10-12 17:05:25.985  3544  3734 W libEGL  : EGLNativeWindowType 0xcf329008 disconnect failed
10-12 17:05:25.986  3544  3734 D mali_winsys: EGLint new_window_surface(egl_winsys_display *, void *, EGLSurface, EGLConfig, egl_winsys_surface **, EGLBoolean) returns 0x3000
10-12 17:05:25.989  2763  2763 I [Gralloc]: framebuffer hal alread move to hwcomposer
10-12 17:05:25.989  3544  3544 I RenderThread: type=1400 audit(0.0:2314): avc: denied { read } for name="gralloc.odroidn2.so" dev="mmcblk0p12" ino=705 scontext=u:r:priv_app:s0:c512,c768 tcontext=u:object_r:vendor_file:s0 tclass=file permissive=1
10-12 17:05:26.004  3123  3123 D StatusBar: disable<e i a s b h r c s > disable2<q i n >
10-12 17:05:26.093  2775  3039 E BufferQueueProducer: [NavigationBar#0] disconnect: not connected (req=1)
10-12 17:05:26.093  3123  3407 W libEGL  : EGLNativeWindowType 0xdf750808 disconnect failed
10-12 17:05:26.093  3123  3407 D mali_winsys: EGLint new_window_surface(egl_winsys_display *, void *, EGLSurface, EGLConfig, egl_winsys_surface **, EGLBoolean) returns 0x3000
10-12 17:05:26.094  2763  2763 I [Gralloc]: framebuffer hal alread move to hwcomposer
10-12 17:05:26.095  3923  3923 D skia    : --- Failed to create image decoder with message 'unimplemented'
10-12 17:05:26.108  3123  3123 W StaticLayout: maxLineHeight should not be -1.  maxLines:1 lineCount:1
10-12 17:05:26.112  3123  3123 I chatty  : uid=10018(com.android.systemui) identical 3 lines
10-12 17:05:26.113  3123  3123 W StaticLayout: maxLineHeight should not be -1.  maxLines:1 lineCount:1
10-12 17:05:26.113  2763  2763 I [Gralloc]: framebuffer hal alread move to hwcomposer
10-12 17:05:26.113  3923  3923 D skia    : --- Failed to create image decoder with message 'unimplemented'
10-12 17:05:26.131  2763  2763 I [Gralloc]: framebuffer hal alread move to hwcomposer
10-12 17:05:26.134  2775  2962 E BufferQueueProducer: [StatusBar#0] disconnect: not connected (req=1)
10-12 17:05:26.134  3123  3407 W libEGL  : EGLNativeWindowType 0xccf3d008 disconnect failed
10-12 17:05:26.135  3123  3407 D mali_winsys: EGLint new_window_surface(egl_winsys_display *, void *, EGLSurface, EGLConfig, egl_winsys_surface **, EGLBoolean) returns 0x3000
10-12 17:05:26.136  2965  3071 W HdmiCecController: Failed to send <Give Device Power Status> src: 4, dst: 0 with errorCode=1
10-12 17:05:26.138  2763  2763 I [Gralloc]: framebuffer hal alread move to hwcomposer
10-12 17:05:26.303  3123  3407 D mali_winsys: EGLint new_window_surface(egl_winsys_display *, void *, EGLSurface, EGLConfig, egl_winsys_surface **, EGLBoolean) returns 0x3000
10-12 17:05:26.304  3123  3123 I ImageWallpaper: Redrawing in rect: RectF(0.0, 0.0, 2331.0, 1920.0) with surface size: 2331x1920
10-12 17:05:26.306  2763  2763 I [Gralloc]: framebuffer hal alread move to hwcomposer
10-12 17:05:26.318  2965  3025 I WindowManager: Screen frozen for +529ms due to Window{47c0cd u0 com.android.systemui.ImageWallpaper}
10-12 17:05:26.342  2775  3039 W SurfaceFlinger: Attempting to destroy on removed layer: 4ff1928 DockedStackDivider#0
10-12 17:05:26.345  2763  2763 I [Gralloc]: framebuffer hal alread move to hwcomposer
10-12 17:05:27.880  2965  3071 W HdmiCecController: Failed to send <Give Device Power Status> src: 4, dst: 0 with errorCode=1
10-12 17:05:26.362  2763  2763 I chatty  : uid=1000(system) allocator@2.0-s identical 2 lines
10-12 17:05:26.382  2763  2763 I [Gralloc]: framebuffer hal alread move to hwcomposer
10-12 17:05:28.434  2965  2988 I system_server: Explicit concurrent copying GC freed 37215(2004KB) AllocSpace objects, 0(0B) LOS objects, 42% free, 11MB/20MB, paused 105us total 108.811ms
10-12 17:05:28.728  2753  2924 D audio-subMixingFactory: out_standby_subMixingPCM: out_stream(0xec74aa00) usecase: STREAM_PCM_NORMAL
10-12 17:05:28.728  2753  2924 I audio-subMixingFactory: ++usecase_change_validate_l_sm(), dev usecase masks = 0x1, is_standby = 1, out usecase STREAM_PCM_NORMAL
10-12 17:05:28.728  2753  2924 I audio-subMixingFactory: --usecase_change_validate_l_sm(), dev usecase masks = 0, is_standby = 1, out usecase STREAM_PCM_NORMAL
10-12 17:05:28.728  2753  2924 I amlaudioMixer: ++delete_mixer_input_port port ID: 0
10-12 17:05:28.728  2753  2917 E amlaudioMixer: mixer_do_mixing_16bit(), sys or direct pcm must exist!!!
10-12 17:05:31.307  2775  2962 E BufferQueueProducer: [com.android.systemui.ImageWallpaper#0] disconnect: not connected (req=1)
10-12 17:05:31.307  3123  3407 W libEGL  : EGLNativeWindowType 0xcbb17008 disconnect failed
10-12 17:05:33.721  2767  2767 I memtrack@1.0-se: type=1400 audit(0.0:2322): avc: denied { read } for name="mem_profile" dev="debugfs" ino=390581 scontext=u:r:hal_memtrack_default:s0 tcontext=u:object_r:debugfs:s0 tclass=file permissive=1
10-12 17:05:36.126  3923  3923 D skia    : --- Failed to create image decoder with message 'unimplemented'
10-12 17:05:35.884  2965  3071 I chatty  : uid=1000(system) Hdmi Control Io identical 4 lines
10-12 17:05:37.892  2965  3071 W HdmiCecController: Failed to send <Give Device Power Status> src: 4, dst: 0 with errorCode=1
10-12 17:05:39.752  2965  6451 D ConnectivityService: requestNetwork for uid/pid:10023/5742 NetworkRequest [ TRACK_DEFAULT id=312, [ Capabilities: INTERNET&NOT_RESTRICTED&TRUSTED Unwanted:  Uid: 10023] ]
10-12 17:05:36.138  3923  3923 D skia    : --- Failed to create image decoder with message 'unimplemented'
10-12 17:05:39.752  2965  3077 D Ethernet: got request NetworkRequest [ TRACK_DEFAULT id=312, [ Capabilities: INTERNET&NOT_RESTRICTED&TRUSTED Unwanted:  Uid: 10023] ] with score 70
10-12 17:05:39.753  3184  3184 D PhoneSwitcherNetworkRequstListener: got request NetworkRequest [ TRACK_DEFAULT id=312, [ Capabilities: INTERNET&NOT_RESTRICTED&TRUSTED Unwanted:  Uid: 10023] ] with score 70
10-12 17:05:39.757  2965  3053 D WIFI    : got request NetworkRequest [ TRACK_DEFAULT id=312, [ Capabilities: INTERNET&NOT_RESTRICTED&TRUSTED Unwanted:  Uid: 10023] ] with score 70
10-12 17:05:39.757  2965  3053 D WIFI_UT : got request NetworkRequest [ TRACK_DEFAULT id=312, [ Capabilities: INTERNET&NOT_RESTRICTED&TRUSTED Unwanted:  Uid: 10023] ] with score 70
10-12 17:05:39.758  2965  2980 E NotificationService: Suppressing notification from package by user request.
10-12 17:05:39.760  2965  3055 D ConnectivityService: releasing NetworkRequest [ TRACK_DEFAULT id=312, [ Capabilities: INTERNET&NOT_RESTRICTED&TRUSTED Unwanted:  Uid: 10023] ] (release request)
10-12 17:05:39.888  2965  3071 W HdmiCecController: Failed to send <Give Device Power Status> src: 4, dst: 0 with errorCode=1
10-12 17:05:46.150  3923  3923 D skia    : --- Failed to create image decoder with message 'unimplemented'
10-12 17:05:46.162  3923  3923 D skia    : --- Failed to create image decoder with message 'unimplemented'
10-12 17:05:46.153  3923  3923 I tutu.ABenchMark: type=1400 audit(0.0:2325): avc: denied { open } for path="/proc/stat" dev="proc" ino=4026531957 scontext=u:r:untrusted_app_27:s0:c512,c768 tcontext=u:object_r:proc_stat:s0 tclass=file permissive=1
10-12 17:05:47.429 17315 17315 I Zygote  : seccomp disabled by setenforce 0
10-12 17:05:43.896  2965  3071 I chatty  : uid=1000(system) Hdmi Control Io identical 2 lines
10-12 17:05:45.892  2965  3071 W HdmiCecController: Failed to send <Give Device Power Status> src: 4, dst: 0 with errorCode=1
10-12 17:05:47.437  2965  2982 I ActivityManager: Start proc 17315:com.android.vending/u0a63 for service com.android.vending/com.google.android.finsky.scheduler.process.mainimpl.PhoneskyJobServiceMain
10-12 17:05:47.445 17315 17315 W android.vendin: Using default instruction set features for ARM CPU variant (cortex-a9) using conservative defaults
10-12 17:05:47.453  2767  2767 I memtrack@1.0-se: type=1400 audit(0.0:2327): avc: denied { read } for name="mem_profile" dev="debugfs" ino=512546 scontext=u:r:hal_memtrack_default:s0 tcontext=u:object_r:debugfs:s0 tclass=file permissive=1
10-12 17:05:47.509 17315 17315 I Finsky  : [2] fzu.ay(5): Process created at version: 22.2.13-21 [0] [PR] 335073928
10-12 17:05:47.453  2767  2767 I memtrack@1.0-se: type=1400 audit(0.0:2328): avc: denied { open } for path="/sys/kernel/debug/mali0/ctx/15520_37/mem_profile" dev="debugfs" ino=512546 scontext=u:r:hal_memtrack_default:s0 tcontext=u:object_r:debugfs:s0 tclass=file permissive=1
10-12 17:05:47.670 17315 17337 I Finsky  : [641] ygw.a(2): Started reading experiment flags from file [0tGUNCGIkbk4o6-fQ335kUYSKwVj4lusnHT-A5Dsy08].
10-12 17:05:47.674 17315 17337 I Finsky  : [641] ygw.a(18): Finished reading experiment flags from file [0tGUNCGIkbk4o6-fQ335kUYSKwVj4lusnHT-A5Dsy08].
10-12 17:05:47.685 17315 17337 I Finsky  : [641] ygw.a(2): Started reading experiment flags from file [5lHwWtGM69xOaDUqq2rdH8o4Y-MG0rIvo96DKUGm2aE].
10-12 17:05:47.693 17315 17337 I Finsky  : [641] ygw.a(18): Finished reading experiment flags from file [5lHwWtGM69xOaDUqq2rdH8o4Y-MG0rIvo96DKUGm2aE].
10-12 17:05:47.700 17315 17315 I Finsky  : [2] ygw.a(2): Started reading experiment flags from file [Se-xCc4LzNyh3UrKMIU2sUf-PUKz4oQEbpKZDMuaFno].
10-12 17:05:47.703 17315 17315 I Finsky  : [2] ygw.a(18): Finished reading experiment flags from file [Se-xCc4LzNyh3UrKMIU2sUf-PUKz4oQEbpKZDMuaFno].
10-12 17:05:47.712 17315 17315 I Finsky  : [2] abjk.<init>(5): Resetting scheduler db
10-12 17:05:47.728 17315 17333 I Finsky  : [637] ahoq.a(2): Not a unicorn account
