--------- beginning of main
10-12 17:02:45.689  3923  3923 D skia    : --- Failed to create image decoder with message 'unimplemented'
10-12 17:02:50.321  2775  2775 I Binder:2775_4: type=1400 audit(0.0:2140): avc: denied { read } for name="gralloc.odroidn2.so" dev="mmcblk0p12" ino=705 scontext=u:r:surfaceflinger:s0 tcontext=u:object_r:vendor_file:s0 tclass=file permissive=1
10-12 17:02:50.321  2775  2775 I Binder:2775_4: type=1400 audit(0.0:2141): avc: denied { open } for path="/vendor/lib/hw/gralloc.odroidn2.so" dev="mmcblk0p12" ino=705 scontext=u:r:surfaceflinger:s0 tcontext=u:object_r:vendor_file:s0 tclass=file permissive=1
10-12 17:02:50.321  2775  2775 I Binder:2775_4: type=1400 audit(0.0:2142): avc: denied { getattr } for path="/vendor/lib/hw/gralloc.odroidn2.so" dev="mmcblk0p12" ino=705 scontext=u:r:surfaceflinger:s0 tcontext=u:object_r:vendor_file:s0 tclass=file permissive=1
10-12 17:02:50.324  2763  2910 I [Gralloc]: framebuffer hal alread move to hwcomposer
10-12 17:02:50.341  2775  2775 E SurfaceFlinger: [Sprite#0] rejecting buffer: bufWidth=32, bufHeight=32, front.active.{w=28, h=36}
10-12 17:02:50.341  2763  2910 I [Gralloc]: framebuffer hal alread move to hwcomposer
10-12 17:02:50.391  2775  2775 E FrameEvents: addLatch: Did not find frame.
10-12 17:02:50.391  2775  2775 E FrameEvents: addPreComposition: Did not find frame.
10-12 17:02:50.408  2775  2775 E FrameEvents: addLatch: Did not find frame.
10-12 17:02:50.408  2775  2775 E FrameEvents: addPreComposition: Did not find frame.
10-12 17:02:50.425  2775  2775 E FrameEvents: addLatch: Did not find frame.
10-12 17:02:50.425  2775  2775 E SurfaceFlinger: [Sprite#0] rejecting buffer: bufWidth=32, bufHeight=32, front.active.{w=28, h=36}
10-12 17:02:50.425  2775  2775 E FrameEvents: addPreComposition: Did not find frame.
10-12 17:02:50.442  2775  2775 E FrameEvents: addLatch: Did not find frame.
10-12 17:02:50.442  2775  2775 E FrameEvents: addPreComposition: Did not find frame.
10-12 17:02:50.462  2775  2775 E FrameEvents: addPostComposition: Did not find frame.
10-12 17:02:50.462  2775  2775 E FrameEvents: addPreComposition: Did not find frame.
10-12 17:02:50.494  2775  2775 E FrameEvents: addLatch: Did not find frame.
10-12 17:02:50.494  2775  2775 E FrameEvents: addPreComposition: Did not find frame.
10-12 17:02:50.511  2775  2775 E FrameEvents: addLatch: Did not find frame.
10-12 17:02:50.511  2775  2775 E FrameEvents: addPreComposition: Did not find frame.
10-12 17:02:50.528  2775  2775 E FrameEvents: addLatch: Did not find frame.
10-12 17:02:50.528  2775  2775 E FrameEvents: addPreComposition: Did not find frame.
10-12 17:02:50.545  2775  2775 E FrameEvents: addPostComposition: Did not find frame.
10-12 17:02:50.545  2775  2775 E FrameEvents: addPreComposition: Did not find frame.
10-12 17:02:50.578  2775  2775 E FrameEvents: addLatch: Did not find frame.
10-12 17:02:50.578  2775  2775 E FrameEvents: addPreComposition: Did not find frame.
10-12 17:02:50.595  2775  2775 E FrameEvents: addLatch: Did not find frame.
10-12 17:02:50.595  2775  2775 E FrameEvents: addPreComposition: Did not find frame.
10-12 17:02:50.612  2775  2775 E FrameEvents: addLatch: Did not find frame.
10-12 17:02:50.612  2775  2775 E FrameEvents: addPreComposition: Did not find frame.
10-12 17:02:50.629  2775  2775 E FrameEvents: addPostComposition: Did not find frame.
10-12 17:02:50.629  2775  2775 E FrameEvents: addPreComposition: Did not find frame.
10-12 17:02:50.631  8656  8674 E libEGL  : eglGetFrameTimestampsANDROID:2418 error 3002 (EGL_BAD_ACCESS)
10-12 17:02:50.646  2775  2775 E FrameEvents: addLatch: Did not find frame.
10-12 17:02:50.646  2775  2775 E FrameEvents: addPreComposition: Did not find frame.
10-12 17:02:50.663  2775  2775 E FrameEvents: addLatch: Did not find frame.
10-12 17:02:50.663  2775  2775 E FrameEvents: addPreComposition: Did not find frame.
10-12 17:02:50.697  2775  2775 E FrameEvents: addLatch: Did not find frame.
10-12 17:02:50.697  2775  2775 E FrameEvents: addPreComposition: Did not find frame.
10-12 17:02:50.714  8656  8674 E libEGL  : eglGetFrameTimestampsANDROID:2418 error 3002 (EGL_BAD_ACCESS)
10-12 17:02:50.731  2775  2775 E FrameEvents: addLatch: Did not find frame.
10-12 17:02:50.731  2775  2775 E FrameEvents: addPreComposition: Did not find frame.
10-12 17:02:50.748  2775  2775 E FrameEvents: addLatch: Did not find frame.
10-12 17:02:50.748  2775  2775 E FrameEvents: addPreComposition: Did not find frame.
10-12 17:02:50.765  2775  2775 E FrameEvents: addLatch: Did not find frame.
10-12 17:02:50.765  2775  2775 E FrameEvents: addPreComposition: Did not find frame.
10-12 17:02:50.782  2775  2775 E FrameEvents: addLatch: Did not find frame.
10-12 17:02:50.782  2775  2775 E FrameEvents: addPreComposition: Did not find frame.
10-12 17:02:50.798  2775  2775 E FrameEvents: addPostComposition: Did not find frame.
10-12 17:02:50.801  8656  8674 E libEGL  : eglGetFrameTimestampsANDROID:2418 error 3002 (EGL_BAD_ACCESS)
10-12 17:02:50.814  2775  2775 E FrameEvents: addLatch: Did not find frame.
10-12 17:02:50.815  2775  2775 E FrameEvents: addPreComposition: Did not find frame.
10-12 17:02:50.831  2775  2775 E FrameEvents: addLatch: Did not find frame.
10-12 17:02:50.832  2775  2775 E FrameEvents: addPreComposition: Did not find frame.
10-12 17:02:50.848  2775  2775 E FrameEvents: addLatch: Did not find frame.
10-12 17:02:50.848  2775  2775 E FrameEvents: addPreComposition: Did not find frame.
10-12 17:02:50.865  2775  2775 E FrameEvents: addLatch: Did not find frame.
10-12 17:02:50.866  2775  2775 E FrameEvents: addPreComposition: Did not find frame.
10-12 17:02:50.882  2775  2775 E FrameEvents: addLatch: Did not find frame.
10-12 17:02:50.883  2775  2775 E FrameEvents: addPreComposition: Did not find frame.
10-12 17:02:50.899  2775  2775 E FrameEvents: addLatch: Did not find frame.
10-12 17:02:50.899  2775  2775 E FrameEvents: addPreComposition: Did not find frame.
10-12 17:02:50.916  2775  2775 E FrameEvents: addLatch: Did not find frame.
10-12 17:02:50.916  2775  2775 E FrameEvents: addPreComposition: Did not find frame.
10-12 17:02:50.933  2775  2775 E FrameEvents: addLatch: Did not find frame.
10-12 17:02:50.933  2775  2775 E FrameEvents: addPreComposition: Did not find frame.
10-12 17:02:50.934  8656  8674 E libEGL  : eglGetFrameTimestampsANDROID:2418 error 3002 (EGL_BAD_ACCESS)
10-12 17:02:50.950  2775  2775 E FrameEvents: addLatch: Did not find frame.
10-12 17:02:50.950  2775  2775 E FrameEvents: addPreComposition: Did not find frame.
10-12 17:02:50.967  2775  2775 E FrameEvents: addLatch: Did not find frame.
10-12 17:02:50.967  2775  2775 E FrameEvents: addPreComposition: Did not find frame.
10-12 17:02:50.984  2775  2775 E FrameEvents: addLatch: Did not find frame.
10-12 17:02:50.984  2775  2775 E FrameEvents: addPreComposition: Did not find frame.
10-12 17:02:51.001  2775  2775 E FrameEvents: addLatch: Did not find frame.
10-12 17:02:51.001  2775  2775 E FrameEvents: addPreComposition: Did not find frame.
10-12 17:02:51.018  2775  2775 E FrameEvents: addLatch: Did not find frame.
10-12 17:02:51.018  2775  2775 E FrameEvents: addPreComposition: Did not find frame.
10-12 17:02:51.035  2775  2775 E FrameEvents: addLatch: Did not find frame.
10-12 17:02:51.035  2775  2775 E FrameEvents: addPreComposition: Did not find frame.
10-12 17:02:51.052  2775  2775 E FrameEvents: addLatch: Did not find frame.
10-12 17:02:51.052  2775  2775 E FrameEvents: addPreComposition: Did not find frame.
10-12 17:02:51.069  2775  2775 E FrameEvents: addLatch: Did not find frame.
10-12 17:02:51.069  2775  2775 E FrameEvents: addPreComposition: Did not find frame.
10-12 17:02:51.085  2775  2775 E FrameEvents: addLatch: Did not find frame.
10-12 17:02:51.086  2775  2775 E FrameEvents: addPreComposition: Did not find frame.
10-12 17:02:51.102  2775  2775 E FrameEvents: addLatch: Did not find frame.
10-12 17:02:51.102  2775  2775 E FrameEvents: addPreComposition: Did not find frame.
10-12 17:02:51.116  2753  6139 W amlaudioMixer: mixer_get_presentation_position(), port not ready now
10-12 17:02:51.116  2753  6139 W audio-subMixingFactory: out_get_presentation_position_port(), pts not valid yet
10-12 17:02:51.116  2753  6139 I audio-subMixingFactory: ++usecase_change_validate_l_sm: dev usecase masks = 0, out usecase_masks = 0, out usecase STREAM_PCM_NORMAL
10-12 17:02:51.116  2753  6139 I audio-subMixingFactory: ++++usecase_change_validate_l_sm(),continuous_audio_mode 0 dev usecase masks = 0, out usecase_masks = 0, out usecase STREAM_PCM_NORMAL
10-12 17:02:51.116  2753  6139 I audio-subMixingFactory: usecase_change_validate_l_sm(), mixer_aux_buffer_write_sm !
10-12 17:02:51.116  2753  6139 I audio-subMixingFactory: ----usecase_change_validate_l_sm(), continuous_audio_mode 0 dev usecase masks = 0x1, out usecase_masks = 0x1, out usecase STREAM_PCM_NORMAL
10-12 17:02:51.116  2753  6139 I aml_audio_port: get_input_port_index(), samplerate 48000
10-12 17:02:51.117  2753  6139 D aml_audio_port: new_input_port(), index:0, rbuf size:8192, direct_on:0
10-12 17:02:51.117  2753  6139 D aml_audio_port: new_input_port(), fmt 0x1, rate 48000
10-12 17:02:51.117  2753  6139 I amlaudioMixer: ++init_mixer_input_port port index 0, size 512 frames
10-12 17:02:51.117  2753  6139 I amlaudioMixer: init_mixer_input_port(), port->initial_frames: 39389184
10-12 17:02:51.117  2753  6139 I aml_audio_port: get_input_port_index(), samplerate 48000
10-12 17:02:51.117  2753  6139 I audio-subMixingFactory: mixer_aux_buffer_write_sm(), primary 0xec74aa00 port index = 0
10-12 17:02:51.117  2753  6139 I audio-subMixingFactory: padding_bytes 16384
10-12 17:02:51.117  2753  6139 I amlaudioMixer: port index 0 is active now
10-12 17:02:51.117  2753  6139 I audio-subMixingFactory: padding_bytes 14336
10-12 17:02:51.117  2753  6139 I audio-subMixingFactory: padding_bytes 12288
10-12 17:02:51.117  2753  6139 I audio-subMixingFactory: padding_bytes 10240
10-12 17:02:51.117  2753  6139 I audio-subMixingFactory: padding_bytes 8192
10-12 17:02:51.117  2753  6139 I audio-subMixingFactory: padding_bytes 6144
10-12 17:02:51.120  2775  2775 E FrameEvents: addLatch: Did not find frame.
10-12 17:02:51.120  2775  2775 E FrameEvents: addPreComposition: Did not find frame.
10-12 17:02:51.120  2753  6139 I audio-subMixingFactory: padding_bytes 4096
10-12 17:02:51.120  2753  6139 I audio-subMixingFactory: padding_bytes 2048
10-12 17:02:51.130  2753  6139 W amlaudioMixer: mixer_get_presentation_position(), not valid now
10-12 17:02:51.130  2753  6139 W audio-subMixingFactory: out_get_presentation_position_port(), pts not valid yet
10-12 17:02:51.136  2775  2775 E FrameEvents: addLatch: Did not find frame.
10-12 17:02:51.137  2775  2775 E FrameEvents: addPreComposition: Did not find frame.
10-12 17:02:51.140  2753  6139 W amlaudioMixer: mixer_get_presentation_position(), not valid now
10-12 17:02:51.140  2753  6139 W audio-subMixingFactory: out_get_presentation_position_port(), pts not valid yet
10-12 17:02:51.153  2775  2775 E FrameEvents: addLatch: Did not find frame.
10-12 17:02:51.154  2775  2775 E FrameEvents: addPreComposition: Did not find frame.
10-12 17:02:51.156  2773  2923 D AudioFlinger: mixer(0xef603280) throttle end: throttle time(7)
10-12 17:02:51.170  2775  2775 E FrameEvents: addLatch: Did not find frame.
10-12 17:02:51.170  2775  2775 E FrameEvents: addPreComposition: Did not find frame.
10-12 17:02:51.187  2775  2775 E FrameEvents: addLatch: Did not find frame.
10-12 17:02:51.187  2775  2775 E FrameEvents: addPreComposition: Did not find frame.
10-12 17:02:51.204  2775  2775 E FrameEvents: addLatch: Did not find frame.
10-12 17:02:51.204  2775  2775 E FrameEvents: addPreComposition: Did not find frame.
10-12 17:02:51.221  2775  2775 E FrameEvents: addLatch: Did not find frame.
10-12 17:02:51.221  2775  2775 E FrameEvents: addPreComposition: Did not find frame.
--------- beginning of system
10-12 17:02:51.228  2965  2981 D AutofillManagerService: onBackKeyPressed()
10-12 17:02:51.238  2775  2775 E FrameEvents: addLatch: Did not find frame.
10-12 17:02:51.238  2775  2775 E FrameEvents: addPreComposition: Did not find frame.
10-12 17:02:51.255  2775  2775 E FrameEvents: addLatch: Did not find frame.
10-12 17:02:51.289  2775  2775 E FrameEvents: addLatch: Did not find frame.
10-12 17:02:51.289  2775  2775 E FrameEvents: addPreComposition: Did not find frame.
10-12 17:02:51.306  2775  2775 E FrameEvents: addLatch: Did not find frame.
10-12 17:02:51.306  2775  2775 E FrameEvents: addPreComposition: Did not find frame.
10-12 17:02:51.322  2775  2775 E FrameEvents: addLatch: Did not find frame.
10-12 17:02:51.323  2775  2775 E FrameEvents: addPreComposition: Did not find frame.
10-12 17:02:51.339  2775  2775 E FrameEvents: addLatch: Did not find frame.
10-12 17:02:51.340  2775  2775 E FrameEvents: addPreComposition: Did not find frame.
10-12 17:02:51.356  2775  2775 E FrameEvents: addLatch: Did not find frame.
10-12 17:02:51.357  2775  2775 E FrameEvents: addPreComposition: Did not find frame.
10-12 17:02:51.373  2775  2775 E FrameEvents: addLatch: Did not find frame.
10-12 17:02:51.390  2775  2775 E FrameEvents: addLatch: Did not find frame.
10-12 17:02:51.391  2775  2775 E FrameEvents: addPreComposition: Did not find frame.
10-12 17:02:51.407  2775  2775 E FrameEvents: addLatch: Did not find frame.
10-12 17:02:51.408  2775  2775 E FrameEvents: addPreComposition: Did not find frame.
10-12 17:02:51.424  2775  2775 E FrameEvents: addLatch: Did not find frame.
10-12 17:02:51.458  2775  2775 E FrameEvents: addLatch: Did not find frame.
10-12 17:02:51.458  2775  2775 E FrameEvents: addPreComposition: Did not find frame.
10-12 17:02:51.475  2775  2775 E FrameEvents: addLatch: Did not find frame.
10-12 17:02:51.475  2775  2775 E FrameEvents: addPreComposition: Did not find frame.
10-12 17:02:51.492  2775  2775 E FrameEvents: addLatch: Did not find frame.
10-12 17:02:51.492  2775  2775 E FrameEvents: addPreComposition: Did not find frame.
10-12 17:02:51.509  2775  2775 E FrameEvents: addLatch: Did not find frame.
10-12 17:02:51.526  2775  2775 E FrameEvents: addLatch: Did not find frame.
10-12 17:02:51.526  2775  2775 E FrameEvents: addPreComposition: Did not find frame.
10-12 17:02:51.543  2775  2775 E FrameEvents: addLatch: Did not find frame.
10-12 17:02:51.543  2775  2775 E FrameEvents: addPreComposition: Did not find frame.
10-12 17:02:51.612  8582  8582 W cr_SpanAutocomplete: Did not notify - ignored.
10-12 17:02:51.644  2775  2775 E FrameEvents: addLatch: Did not find frame.
10-12 17:02:51.661  2775  2775 I chatty  : uid=1000(system) /system/bin/surfaceflinger identical 1 line
10-12 17:02:51.678  2775  2775 E FrameEvents: addLatch: Did not find frame.
10-12 17:02:51.679  2775  2775 E FrameEvents: addPreComposition: Did not find frame.
10-12 17:02:51.695  2775  2775 E FrameEvents: addLatch: Did not find frame.
10-12 17:02:51.712  2775  2775 I chatty  : uid=1000(system) /system/bin/surfaceflinger identical 1 line
10-12 17:02:51.729  2775  2775 E FrameEvents: addLatch: Did not find frame.
10-12 17:02:51.729  2775  2775 E FrameEvents: addPreComposition: Did not find frame.
10-12 17:02:51.746  2775  2775 E FrameEvents: addLatch: Did not find frame.
10-12 17:02:51.746  2775  2775 E FrameEvents: addPreComposition: Did not find frame.
10-12 17:02:51.763  2775  2775 E FrameEvents: addLatch: Did not find frame.
10-12 17:02:51.763  2775  2775 E FrameEvents: addPreComposition: Did not find frame.
10-12 17:02:51.780  2775  2775 E FrameEvents: addLatch: Did not find frame.
10-12 17:02:51.780  2775  2775 E FrameEvents: addPreComposition: Did not find frame.
10-12 17:02:51.796  2775  2775 E FrameEvents: addLatch: Did not find frame.
10-12 17:02:51.797  2775  2775 E FrameEvents: addPreComposition: Did not find frame.
10-12 17:02:51.814  2775  2775 E FrameEvents: addLatch: Did not find frame.
10-12 17:02:51.814  2775  2775 E FrameEvents: addPreComposition: Did not find frame.
10-12 17:02:51.830  2775  2775 E FrameEvents: addLatch: Did not find frame.
10-12 17:02:51.830  2775  2775 E FrameEvents: addPreComposition: Did not find frame.
10-12 17:02:51.847  2775  2775 E FrameEvents: addLatch: Did not find frame.
10-12 17:02:51.847  2775  2775 E FrameEvents: addPreComposition: Did not find frame.
10-12 17:02:51.864  2775  2775 E FrameEvents: addLatch: Did not find frame.
10-12 17:02:51.864  2775  2775 E FrameEvents: addPreComposition: Did not find frame.
10-12 17:02:51.881  2775  2775 E FrameEvents: addLatch: Did not find frame.
10-12 17:02:51.881  2775  2775 E FrameEvents: addPreComposition: Did not find frame.
10-12 17:02:51.892  3502  3516 W Icing   : isOptedInForAppHistory: empty Account Name encountered
10-12 17:02:51.898  2775  2775 E FrameEvents: addLatch: Did not find frame.
10-12 17:02:51.907  3502  3516 W Icing   : isOptedInForAppHistory: empty Account Name encountered
10-12 17:02:51.914  3502  8840 W Icing   : isOptedInForAppHistory: empty Account Name encountered
10-12 17:02:51.915  2775  2775 E FrameEvents: addLatch: Did not find frame.
10-12 17:02:51.915  2775  2775 E FrameEvents: addPreComposition: Did not find frame.
10-12 17:02:52.010  8582  8582 I cr_tabmodel: Appending tabs being restored to metadata lists, 0, startingNormalCount: 1, startingIncognitoCount: 0
10-12 17:02:52.010  8582  8582 I cr_tabmodel: Serializing tab lists; counts: 1, 0
10-12 17:02:52.203  2775  2775 E SurfaceFlinger: [Sprite#0] rejecting buffer: bufWidth=32, bufHeight=32, front.active.{w=28, h=36}
10-12 17:02:52.926  2965  2986 D AutofillManagerService: Close system dialogs
10-12 17:02:52.928  2965  3041 I ActivityManager: START u0 {act=android.intent.action.MAIN cat=[android.intent.category.HOME] flg=0x10200000 cmp=com.android.launcher3/.Launcher (has extras)} from uid 1000
10-12 17:02:52.931  3123  3123 V StatusBar: mStatusBarWindow: com.android.systemui.statusbar.phone.StatusBarWindowView{b0a4d8f V.ED..... ......I. 0,0-1360,31} canPanelBeCollapsed(): false
10-12 17:02:52.932  3123  3123 I vol.Events: writeEvent dismiss_dialog volume_controller
10-12 17:02:52.993  2763  2910 I [Gralloc]: framebuffer hal alread move to hwcomposer
10-12 17:02:52.993  2763  2910 E gralloc : ioctl c0144900 failed with code -1: Operation not permitted
10-12 17:02:52.994  2763  2910 I [Gralloc]: framebuffer hal alread move to hwcomposer
10-12 17:02:52.999  2763  2910 E gralloc : ioctl c0144900 failed with code -1: Operation not permitted
10-12 17:02:53.000  2763  2910 I [Gralloc]: framebuffer hal alread move to hwcomposer
10-12 17:02:53.004  2763  2910 E gralloc : ioctl c0144900 failed with code -1: Operation not permitted
10-12 17:02:53.005  3544  3734 D mali_winsys: EGLint new_window_surface(egl_winsys_display *, void *, EGLSurface, EGLConfig, egl_winsys_surface **, EGLBoolean) returns 0x3000
10-12 17:02:53.017  3544  3544 I RenderThread: type=1400 audit(0.0:2143): avc: denied { read } for name="gralloc.odroidn2.so" dev="mmcblk0p12" ino=705 scontext=u:r:priv_app:s0:c512,c768 tcontext=u:object_r:vendor_file:s0 tclass=file permissive=1
10-12 17:02:53.017  3544  3544 I RenderThread: type=1400 audit(0.0:2144): avc: denied { open } for path="/vendor/lib/hw/gralloc.odroidn2.so" dev="mmcblk0p12" ino=705 scontext=u:r:priv_app:s0:c512,c768 tcontext=u:object_r:vendor_file:s0 tclass=file permissive=1
10-12 17:02:53.017  3544  3544 I RenderThread: type=1400 audit(0.0:2145): avc: denied { getattr } for path="/vendor/lib/hw/gralloc.odroidn2.so" dev="mmcblk0p12" ino=705 scontext=u:r:priv_app:s0:c512,c768 tcontext=u:object_r:vendor_file:s0 tclass=file permissive=1
10-12 17:02:53.019  2763  2910 I [Gralloc]: framebuffer hal alread move to hwcomposer
10-12 17:02:53.019  2763  2910 E gralloc : ioctl c0144900 failed with code -1: Operation not permitted
10-12 17:02:53.030  2763  2910 I [Gralloc]: framebuffer hal alread move to hwcomposer
10-12 17:02:53.037  3123  3123 I Binder:3123_1: type=1400 audit(0.0:2146): avc: denied { read } for name="gralloc.odroidn2.so" dev="mmcblk0p12" ino=705 scontext=u:r:platform_app:s0:c512,c768 tcontext=u:object_r:vendor_file:s0 tclass=file permissive=1
10-12 17:02:53.041  3123  3123 I Binder:3123_1: type=1400 audit(0.0:2147): avc: denied { open } for path="/vendor/lib/hw/gralloc.odroidn2.so" dev="mmcblk0p12" ino=705 scontext=u:r:platform_app:s0:c512,c768 tcontext=u:object_r:vendor_file:s0 tclass=file permissive=1
10-12 17:02:53.041  3123  3123 I Binder:3123_1: type=1400 audit(0.0:2148): avc: denied { getattr } for path="/vendor/lib/hw/gralloc.odroidn2.so" dev="mmcblk0p12" ino=705 scontext=u:r:platform_app:s0:c512,c768 tcontext=u:object_r:vendor_file:s0 tclass=file permissive=1
10-12 17:02:53.044  2965  3071 W HdmiCecController: Failed to send <Text View On> src: 4, dst: 0 with errorCode=1
10-12 17:02:53.047  2763  2910 I [Gralloc]: framebuffer hal alread move to hwcomposer
10-12 17:02:53.048  2763  2910 E gralloc : ioctl c0144900 failed with code -1: Operation not permitted
10-12 17:02:53.135  2763  2910 I [Gralloc]: framebuffer hal alread move to hwcomposer
10-12 17:02:53.135  2763  2910 E gralloc : ioctl c0144900 failed with code -1: Operation not permitted
10-12 17:02:53.164  3544  3544 D InputEventConsistencyVerifier: GenericMotionEvent: Action button for ACTION_BUTTON_PRESS event is 1, but it has already been pressed and has yet to be released.
10-12 17:02:53.164  3544  3544 D InputEventConsistencyVerifier:   in com.android.launcher3.views.DoubleShadowBubbleTextView{f8cafc VFED..CL. ...p.... 603,524-804,655 #21}
10-12 17:02:53.164  3544  3544 D InputEventConsistencyVerifier:   0: sent at 5175140122000, MotionEvent { action=ACTION_BUTTON_PRESS, actionButton=BUTTON_PRIMARY, id[0]=0, x[0]=73.73151, y[0]=6.428894, toolType[0]=TOOL_TYPE_MOUSE, buttonState=BUTTON_PRIMARY, metaState=0, flags=0x0, edgeFlags=0x0, pointerCount=1, historySize=0, eventTime=5175140, downTime=5175140, deviceId=4, source=0x2002 }
10-12 17:02:53.164  3544  3544 D InputEventConsistencyVerifier:   -- recent events --
10-12 17:02:53.164  3544  3544 D InputEventConsistencyVerifier:   1: sent at 5175140122000, MotionEvent { action=ACTION_DOWN, actionButton=0, id[0]=0, x[0]=73.73151, y[0]=6.428894, toolType[0]=TOOL_TYPE_MOUSE, buttonState=BUTTON_PRIMARY, metaState=0, flags=0x0, edgeFlags=0x0, pointerCount=1, historySize=0, eventTime=5175140, downTime=5175140, deviceId=4, source=0x2002 }
10-12 17:02:53.164  3544  3544 D InputEventConsistencyVerifier:   2: sent at 5175140122000, (unhandled) MotionEvent { action=ACTION_HOVER_EXIT, actionButton=0, id[0]=0, x[0]=73.73151, y[0]=6.428894, toolType[0]=TOOL_TYPE_MOUSE, buttonState=BUTTON_PRIMARY, metaState=0, flags=0x0, edgeFlags=0x0, pointerCount=1, historySize=0, eventTime=5175140, downTime=5175140, deviceId=4, source=0x2002 }
10-12 17:02:53.164  3544  3544 D InputEventConsistencyVerifier:   3: sent at 5175084124000, (unhandled) MotionEvent { action=ACTION_HOVER_MOVE, actionButton=0, id[0]=0, x[0]=73.73151, y[0]=26.052551, toolType[0]=TOOL_TYPE_MOUSE, buttonState=0, metaState=0, flags=0x0, edgeFlags=0x0, pointerCount=1, historySize=3, eventTime=5175084, downTime=5174804, deviceId=4, source=0x2002 }
10-12 17:02:53.164  3544  3544 D InputEventConsistencyVerifier:   4: sent at 5175052122000, (unhandled) MotionEvent { action=ACTION_HOVER_MOVE, actionButton=0, id[0]=0, x[0]=73.73151, y[0]=40.557068, toolType[0]=TOOL_TYPE_MOUSE, buttonState=0, metaState=0, flags=0x0, edgeFlags=0x0, pointerCount=1, historySize=1, eventTime=5175052, downTime=5174804, deviceId=4, source=0x2002 }
10-12 17:02:53.164  3544  3544 D InputEventConsistencyVerifier:   5: sent at 5175036121000, (unhandled) MotionEvent { action=ACTION_HOVER_MOVE, actionButton=0, id[0]=0, x[0]=73.73151, y[0]=72.31354, toolType[0]=TOOL_TYPE_MOUSE, buttonState=0, metaState=0, flags=0x0, edgeFlags=0x0, pointerCount=1, historySize=0, eventTime=5175036, downTime=5174804, deviceId=4, source=0x2002 }
10-12 17:02:53.220  8582  8582 E cr_CompositorSurfaceMgr: surfaceDestroyed format : 4
10-12 17:02:53.228  2775  3039 E BufferQueueProducer: [SurfaceView - com.android.chrome/com.google.android.apps.chrome.Main#0] disconnect: not connected (req=1)
10-12 17:02:53.229  8656  8674 W libEGL  : EGLNativeWindowType 0xc9079808 disconnect failed
10-12 17:02:53.240  2775  3039 E BufferQueueProducer: [com.android.chrome/com.google.android.apps.chrome.Main#0] disconnect: not connected (req=1)
10-12 17:02:53.240  8582  8613 W libEGL  : EGLNativeWindowType 0xc37a1808 disconnect failed
10-12 17:02:53.248  8582  8614 I cr_BindingManager: onTrimMemory: level=20, size=1
10-12 17:02:53.250  8582  8582 I FeedAppLifecycleLstnr: onEnterBackground called
10-12 17:02:53.250  8582  8582 I FeedSessionManagerImpl: onLifecycleEvent background
10-12 17:02:53.255  2965  3055 D ConnectivityService: releasing NetworkRequest [ TRACK_DEFAULT id=292, [ Capabilities: INTERNET&NOT_RESTRICTED&TRUSTED Unwanted:  Uid: 10084] ] (release request)
10-12 17:02:53.256  8582  8582 I cr_tabmodel: Appending tabs being restored to metadata lists, 0, startingNormalCount: 1, startingIncognitoCount: 0
10-12 17:02:53.257  8582  8582 I cr_tabmodel: Serializing tab lists; counts: 1, 0
10-12 17:02:53.288  2965  3071 W HdmiCecController: Failed to send <Give Device Power Status> src: 4, dst: 0 with errorCode=1
10-12 17:02:53.340  3544  3544 D InputEventConsistencyVerifier: GenericMotionEvent: Action button for ACTION_BUTTON_RELEASE event is 1, but it was either never pressed or has already been released.
10-12 17:02:53.340  3544  3544 D InputEventConsistencyVerifier:   in com.android.launcher3.views.DoubleShadowBubbleTextView{89995a3 VFED..CL. ........ 603,0-804,131 #9}
10-12 17:02:53.340  3544  3544 D InputEventConsistencyVerifier:   0: sent at 5175316139000, MotionEvent { action=ACTION_BUTTON_RELEASE, actionButton=BUTTON_PRIMARY, id[0]=0, x[0]=83.13342, y[0]=39.90854, toolType[0]=TOOL_TYPE_MOUSE, buttonState=0, metaState=0, flags=0x0, edgeFlags=0x0, pointerCount=1, historySize=0, eventTime=5175316, downTime=5175140, deviceId=4, source=0x2002 }
10-12 17:02:53.340  3544  3544 D InputEventConsistencyVerifier:   -- recent events --
10-12 17:02:53.340  3544  3544 D InputEventConsistencyVerifier:   1: sent at 4910948098000, (unhandled) MotionEvent { action=ACTION_HOVER_EXIT, actionButton=0, id[0]=0, x[0]=183.71814, y[0]=-30.383507, toolType[0]=TOOL_TYPE_MOUSE, buttonState=0, metaState=0, flags=0x0, edgeFlags=0x0, pointerCount=1, historySize=0, eventTime=4910948, downTime=4887716, deviceId=4, source=0x2002 }
10-12 17:02:53.340  3544  3544 D InputEventConsistencyVerifier:   2: sent at 4910940119000, (unhandled) MotionEvent { action=ACTION_HOVER_MOVE, actionButton=0, id[0]=0, x[0]=183.71814, y[0]=17.322495, toolType[0]=TOOL_TYPE_MOUSE, buttonState=0, metaState=0, flags=0x0, edgeFlags=0x0, pointerCount=1, historySize=1, eventTime=4910940, downTime=4887716, deviceId=4, source=0x2002 }
10-12 17:02:53.340  3544  3544 D InputEventConsistencyVerifier:   3: sent at 4910924119000, (unhandled) MotionEvent { action=ACTION_HOVER_MOVE, actionButton=0, id[0]=0, x[0]=183.71814, y[0]=110.884735, toolType[0]=TOOL_TYPE_MOUSE, buttonState=0, metaState=0, flags=0x0, edgeFlags=0x0, pointerCount=1, historySize=0, eventTime=4910924, downTime=4887716, deviceId=4, source=0x2002 }
10-12 17:02:53.340  3544  3544 D InputEventConsistencyVerifier:   4: sent at 4910924119000, (unhandled) MotionEvent { action=ACTION_HOVER_ENTER, actionButton=0, id[0]=0, x[0]=183.71814, y[0]=110.884735, toolType[0]=TOOL_TYPE_MOUSE, buttonState=0, metaState=0, flags=0x0, edgeFlags=0x0, pointerCount=1, historySize=0, eventTime=4910924, downTime=4887716, deviceId=4, source=0x2002 }
10-12 17:02:53.340  3544  3544 D InputEventConsistencyVerifier:   5: sent at 4348436120000, (unhandled) MotionEvent { action=ACTION_HOVER_EXIT, actionButton=0, id[0]=0, x[0]=85.58411, y[0]=65.287155, toolType[0]=TOOL_TYPE_MOUSE, buttonState=0, metaState=0, flags=0x0, edgeFlags=0x0, pointerCount=1, historySize=0, eventTime=4348436, downTime=4347604, deviceId=4, source=0x2002 }
10-12 17:02:54.158  2965  2986 D AutofillManagerService: Close system dialogs
10-12 17:02:54.158  2965  2965 I HdmiCecLocalDevicePlayback: oneTouchPlay already in progress
10-12 17:02:54.159  2965  3041 I ActivityManager: START u0 {act=android.intent.action.MAIN cat=[android.intent.category.HOME] flg=0x10200000 cmp=com.android.launcher3/.Launcher (has extras)} from uid 1000
10-12 17:02:54.171  3123  3123 V StatusBar: mStatusBarWindow: com.android.systemui.statusbar.phone.StatusBarWindowView{b0a4d8f V.ED..... ........ 0,0-1360,31} canPanelBeCollapsed(): false
10-12 17:02:54.171  3123  3123 I vol.Events: writeEvent dismiss_dialog volume_controller
10-12 17:02:54.207  2798  2829 E storaged: getDiskStats failed with result NOT_SUPPORTED and size 0
10-12 17:02:54.833  2965  2982 I ActivityManager: Start proc 15353:com.android.systemui:screenshot/u0a18 for service com.android.systemui/.screenshot.TakeScreenshotService
10-12 17:02:54.834 15353 15353 I Zygote  : seccomp disabled by setenforce 0
10-12 17:02:54.839 15353 15353 W emui:screensho: Using default instruction set features for ARM CPU variant (cortex-a9) using conservative defaults
10-12 17:02:54.911 15353 15353 E SoundPool: error loading /product/media/audio/ui/camera_click.ogg
10-12 17:02:54.913  2763  2910 I [Gralloc]: framebuffer hal alread move to hwcomposer
10-12 17:02:54.915  2794  6472 E AmFFmpegExtractor: codec_ctx->properties：0
10-12 17:02:54.917  2794  6472 E AmFFmpegExtractor: codec_ctx->properties：0
10-12 17:02:54.917  2794  6472 E AmFFmpegExtractor: vendor do not support
10-12 17:02:54.920 15353 15370 I AmAVUtils: set profile 1668446539 level:0
10-12 17:02:54.921 15353 15353 I emui:screenshot: type=1400 audit(0.0:2149): avc: denied { read } for name="gralloc.odroidn2.so" dev="mmcblk0p12" ino=705 scontext=u:r:platform_app:s0:c512,c768 tcontext=u:object_r:vendor_file:s0 tclass=file permissive=1
10-12 17:02:54.921 15353 15353 I emui:screenshot: type=1400 audit(0.0:2150): avc: denied { open } for path="/vendor/lib/hw/gralloc.odroidn2.so" dev="mmcblk0p12" ino=705 scontext=u:r:platform_app:s0:c512,c768 tcontext=u:object_r:vendor_file:s0 tclass=file permissive=1
10-12 17:02:54.921 15353 15353 I emui:screenshot: type=1400 audit(0.0:2151): avc: denied { getattr } for path="/vendor/lib/hw/gralloc.odroidn2.so" dev="mmcblk0p12" ino=705 scontext=u:r:platform_app:s0:c512,c768 tcontext=u:object_r:vendor_file:s0 tclass=file permissive=1
10-12 17:02:54.921 15353 15353 I emui:screenshot: type=1400 audit(0.0:2152): avc: denied { execute } for path="/vendor/lib/hw/gralloc.odroidn2.so" dev="mmcblk0p12" ino=705 scontext=u:r:platform_app:s0:c512,c768 tcontext=u:object_r:vendor_file:s0 tclass=file permissive=1
10-12 17:02:54.923 15353 15371 I OMXClient: IOmx service obtained
10-12 17:02:54.924  2800  3304 I OMXMaster: makeComponentInstance(OMX.google.vorbis.decoder) in omx@1.0-service process
10-12 17:02:54.925 15353 15371 I AmAVUtils: AmAVUtils::getComponentRole isEncoder :0 mime:audio/vorbis 
10-12 17:02:54.925 15353 15371 V AVUtils : AVUtils::getComponentRole
10-12 17:02:54.925 15353 15371 I AmAVUtils: AmAVUtils::isAudioExtendFormat input = audio/vorbis
10-12 17:02:54.926  2800  3304 E OMXNodeInstance: getConfig(0xf4f275a0:google.vorbis.decoder, ConfigAndroidVendorExtension(0x6f100004)) ERROR: Undefined(0x80001001)
10-12 17:02:54.926 15353 15353 D OpenGLRenderer: Skia GL Pipeline
10-12 17:02:54.927  2752  2752 W AshmemAllocator: ashmem_create_region(32768) returning hidl_memory(0xf3718180, 32768)
10-12 17:02:54.934  2752  2752 I chatty  : uid=1000(system) allocator@1.0-s identical 6 lines
10-12 17:02:54.934  2752  2752 W AshmemAllocator: ashmem_create_region(32768) returning hidl_memory(0xf3718180, 32768)
10-12 17:02:54.953  2763  2910 I [Gralloc]: framebuffer hal alread move to hwcomposer
10-12 17:02:54.959  2763  2911 I [Gralloc]: framebuffer hal alread move to hwcomposer
10-12 17:02:54.962 15353 15375 I ConfigStore: android::hardware::configstore::V1_0::ISurfaceFlingerConfigs::hasWideColorDisplay retrieved: 0
10-12 17:02:54.962 15353 15375 I ConfigStore: android::hardware::configstore::V1_0::ISurfaceFlingerConfigs::hasHDRDisplay retrieved: 0
10-12 17:02:54.962 15353 15375 I OpenGLRenderer: Initialized EGL, version 1.4
10-12 17:02:54.962 15353 15375 D OpenGLRenderer: Swap behavior 2
10-12 17:02:54.963  2763  2911 I [Gralloc]: framebuffer hal alread move to hwcomposer
10-12 17:02:54.973 15353 15375 D mali_winsys: EGLint new_window_surface(egl_winsys_display *, void *, EGLSurface, EGLConfig, egl_winsys_surface **, EGLBoolean) returns 0x3000
10-12 17:02:54.983  2763  2911 I [Gralloc]: framebuffer hal alread move to hwcomposer
10-12 17:02:55.003  2773  8194 W AudioFlinger: createTrack_l(): mismatch between requested flags (00000004) and output flags (00000002)
10-12 17:02:55.004 15353 15353 W AudioTrack: AUDIO_OUTPUT_FLAG_FAST denied by server; frameCount 0 -> 20073
10-12 17:02:55.005  2763  2911 I [Gralloc]: framebuffer hal alread move to hwcomposer
10-12 17:02:55.036  2763  2911 I [Gralloc]: framebuffer hal alread move to hwcomposer
10-12 17:02:55.044  2965  3071 W HdmiCecController: Failed to send <Give Device Power Status> src: 4, dst: 0 with errorCode=1
10-12 17:02:55.702  3923  3923 D skia    : --- Failed to create image decoder with message 'unimplemented'
10-12 17:02:55.709  3923  3923 I tutu.ABenchMark: type=1400 audit(0.0:2153): avc: denied { open } for path="/proc/stat" dev="proc" ino=4026531957 scontext=u:r:untrusted_app_27:s0:c512,c768 tcontext=u:object_r:proc_stat:s0 tclass=file permissive=1
10-12 17:02:55.709  3923  3923 I tutu.ABenchMark: type=1400 audit(0.0:2154): avc: denied { getattr } for path="/proc/stat" dev="proc" ino=4026531957 scontext=u:r:untrusted_app_27:s0:c512,c768 tcontext=u:object_r:proc_stat:s0 tclass=file permissive=1
10-12 17:02:55.713  3923  3923 I tutu.ABenchMark: type=1400 audit(0.0:2155): avc: denied { read } for name="temp" dev="sysfs" ino=8951 scontext=u:r:untrusted_app_27:s0:c512,c768 tcontext=u:object_r:sysfs:s0 tclass=file permissive=1
10-12 17:02:55.713  3923  3923 I tutu.ABenchMark: type=1400 audit(0.0:2156): avc: denied { open } for path="/sys/devices/virtual/thermal/thermal_zone0/temp" dev="sysfs" ino=8951 scontext=u:r:untrusted_app_27:s0:c512,c768 tcontext=u:object_r:sysfs:s0 tclass=file permissive=1
10-12 17:02:55.716  3923  3923 D skia    : --- Failed to create image decoder with message 'unimplemented'
10-12 17:02:56.364 15353 15375 D mali_winsys: EGLint new_window_surface(egl_winsys_display *, void *, EGLSurface, EGLConfig, egl_winsys_surface **, EGLBoolean) returns 0x3000
10-12 17:02:56.365  2763  2911 I [Gralloc]: framebuffer hal alread move to hwcomposer
10-12 17:02:56.370 15353 15375 E BufferQueueProducer: [unnamed-15353-0] disconnect: not connected (req=1)
10-12 17:02:56.370 15353 15375 W libEGL  : EGLNativeWindowType 0xdf77f008 disconnect failed
10-12 17:02:56.373 15353 15375 D mali_winsys: EGLint new_window_surface(egl_winsys_display *, void *, EGLSurface, EGLConfig, egl_winsys_surface **, EGLBoolean) returns 0x3000
10-12 17:02:56.374  2763  2911 I [Gralloc]: framebuffer hal alread move to hwcomposer
10-12 17:02:56.378 15353 15375 E BufferQueueProducer: [unnamed-15353-1] disconnect: not connected (req=1)
10-12 17:02:56.378 15353 15375 W libEGL  : EGLNativeWindowType 0xdf77f008 disconnect failed
10-12 17:02:56.411  2775  2817 E BufferQueueProducer: [ScreenshotAnimation#0] disconnect: not connected (req=1)
10-12 17:02:56.412 15353 15375 W libEGL  : EGLNativeWindowType 0xdf750808 disconnect failed
10-12 17:02:56.412  2763  2911 I [Gralloc]: framebuffer hal alread move to hwcomposer
10-12 17:02:56.431 15353 15353 D StrictMode: StrictMode policy violation; ~duration=50 ms: android.os.strictmode.CustomViolation: Warning: attempt to read pixels from hardware bitmap, which is very slow operation
10-12 17:02:56.431 15353 15353 D StrictMode: 	at android.os.StrictMode$AndroidBlockGuardPolicy.onCustomSlowCall(StrictMode.java:1473)
10-12 17:02:56.431 15353 15353 D StrictMode: 	at android.os.StrictMode.noteSlowCall(StrictMode.java:2326)
10-12 17:02:56.431 15353 15353 D StrictMode: 	at android.graphics.Bitmap.noteHardwareBitmapSlowCall(Bitmap.java:638)
10-12 17:02:56.431 15353 15353 D StrictMode: 	at android.graphics.Bitmap.createAshmemBitmap(Bitmap.java:679)
10-12 17:02:56.431 15353 15353 D StrictMode: 	at com.android.systemui.screenshot.SaveImageInBackgroundTask.<init>(GlobalScreenshot.java:177)
10-12 17:02:56.431 15353 15353 D StrictMode: 	at com.android.systemui.screenshot.GlobalScreenshot.saveScreenshotInWorkerThread(GlobalScreenshot.java:556)
10-12 17:02:56.431 15353 15353 D StrictMode: 	at com.android.systemui.screenshot.GlobalScreenshot.access$400(GlobalScreenshot.java:426)
10-12 17:02:56.431 15353 15353 D StrictMode: 	at com.android.systemui.screenshot.GlobalScreenshot$4.onAnimationEnd(GlobalScreenshot.java:702)
10-12 17:02:56.431 15353 15353 D StrictMode: 	at android.animation.Animator$AnimatorListener.onAnimationEnd(Animator.java:552)
10-12 17:02:56.431 15353 15353 D StrictMode: 	at android.animation.AnimatorSet.endAnimation(AnimatorSet.java:1294)
10-12 17:02:56.431 15353 15353 D StrictMode: 	at android.animation.AnimatorSet.doAnimationFrame(AnimatorSet.java:1079)
10-12 17:02:56.431 15353 15353 D StrictMode: 	at android.animation.AnimationHandler.doAnimationFrame(AnimationHandler.java:146)
10-12 17:02:56.431 15353 15353 D StrictMode: 	at android.animation.AnimationHandler.access$100(AnimationHandler.java:37)
10-12 17:02:56.431 15353 15353 D StrictMode: 	at android.animation.AnimationHandler$1.doFrame(AnimationHandler.java:54)
10-12 17:02:56.431 15353 15353 D StrictMode: 	at android.view.Choreographer$CallbackRecord.run(Choreographer.java:947)
10-12 17:02:56.431 15353 15353 D StrictMode: 	at android.view.Choreographer.doCallbacks(Choreographer.java:761)
10-12 17:02:56.431 15353 15353 D StrictMode: 	at android.view.Choreographer.doFrame(Choreographer.java:693)
10-12 17:02:56.431 15353 15353 D StrictMode: 	at android.view.Choreographer$FrameDisplayEventReceiver.run(Choreographer.java:935)
10-12 17:02:56.431 15353 15353 D StrictMode: 	at android.os.Handler.handleCallback(Handler.java:873)
10-12 17:02:56.431 15353 15353 D StrictMode: 	at android.os.Handler.dispatchMessage(Handler.java:99)
10-12 17:02:56.431 15353 15353 D StrictMode: 	at android.os.Looper.loop(Looper.java:193)
10-12 17:02:56.431 15353 15353 D StrictMode: 	at android.app.ActivityThread.main(ActivityThread.java:6669)
10-12 17:02:56.431 15353 15353 D StrictMode: 	at java.lang.reflect.Method.invoke(Native Method)
10-12 17:02:56.431 15353 15353 D StrictMode: 	at com.android.internal.os.RuntimeInit$MethodAndArgsCaller.run(RuntimeInit.java:493)
10-12 17:02:56.431 15353 15353 D StrictMode: 	at com.android.internal.os.ZygoteInit.main(ZygoteInit.java:858)
10-12 17:02:56.448 15353 15353 D StrictMode: StrictMode policy violation; ~duration=25 ms: android.os.strictmode.CustomViolation: Warning: attempt to read pixels from hardware bitmap, which is very slow operation
10-12 17:02:56.448 15353 15353 D StrictMode: 	at android.os.StrictMode$AndroidBlockGuardPolicy.onCustomSlowCall(StrictMode.java:1473)
10-12 17:02:56.448 15353 15353 D StrictMode: 	at android.os.StrictMode.noteSlowCall(StrictMode.java:2326)
10-12 17:02:56.448 15353 15353 D StrictMode: 	at android.graphics.Bitmap.noteHardwareBitmapSlowCall(Bitmap.java:638)
10-12 17:02:56.448 15353 15353 D StrictMode: 	at android.graphics.Bitmap.createAshmemBitmap(Bitmap.java:679)
10-12 17:02:56.448 15353 15353 D StrictMode: 	at com.android.systemui.screenshot.SaveImageInBackgroundTask.<init>(GlobalScreenshot.java:214)
10-12 17:02:56.448 15353 15353 D StrictMode: 	at com.android.systemui.screenshot.GlobalScreenshot.saveScreenshotInWorkerThread(GlobalScreenshot.java:556)
10-12 17:02:56.448 15353 15353 D StrictMode: 	at com.android.systemui.screenshot.GlobalScreenshot.access$400(GlobalScreenshot.java:426)
10-12 17:02:56.448 15353 15353 D StrictMode: 	at com.android.systemui.screenshot.GlobalScreenshot$4.onAnimationEnd(GlobalScreenshot.java:702)
10-12 17:02:56.448 15353 15353 D StrictMode: 	at android.animation.Animator$AnimatorListener.onAnimationEnd(Animator.java:552)
10-12 17:02:56.448 15353 15353 D StrictMode: 	at android.animation.AnimatorSet.endAnimation(AnimatorSet.java:1294)
10-12 17:02:56.448 15353 15353 D StrictMode: 	at android.animation.AnimatorSet.doAnimationFrame(AnimatorSet.java:1079)
10-12 17:02:56.448 15353 15353 D StrictMode: 	at android.animation.AnimationHandler.doAnimationFrame(AnimationHandler.java:146)
10-12 17:02:56.448 15353 15353 D StrictMode: 	at android.animation.AnimationHandler.access$100(AnimationHandler.java:37)
10-12 17:02:56.448 15353 15353 D StrictMode: 	at android.animation.AnimationHandler$1.doFrame(AnimationHandler.java:54)
10-12 17:02:56.448 15353 15353 D StrictMode: 	at android.view.Choreographer$CallbackRecord.run(Choreographer.java:947)
10-12 17:02:56.448 15353 15353 D StrictMode: 	at android.view.Choreographer.doCallbacks(Choreographer.java:761)
10-12 17:02:56.448 15353 15353 D StrictMode: 	at android.view.Choreographer.doFrame(Choreographer.java:693)
10-12 17:02:56.448 15353 15353 D StrictMode: 	at android.view.Choreographer$FrameDisplayEventReceiver.run(Choreographer.java:935)
10-12 17:02:56.448 15353 15353 D StrictMode: 	at android.os.Handler.handleCallback(Handler.java:873)
10-12 17:02:56.448 15353 15353 D StrictMode: 	at android.os.Handler.dispatchMessage(Handler.java:99)
10-12 17:02:56.448 15353 15353 D StrictMode: 	at android.os.Looper.loop(Looper.java:193)
10-12 17:02:56.448 15353 15353 D StrictMode: 	at android.app.ActivityThread.main(ActivityThread.java:6669)
10-12 17:02:56.448 15353 15353 D StrictMode: 	at java.lang.reflect.Method.invoke(Native Method)
10-12 17:02:56.448 15353 15353 D StrictMode: 	at com.android.internal.os.RuntimeInit$MethodAndArgsCaller.run(RuntimeInit.java:493)
10-12 17:02:56.448 15353 15353 D StrictMode: 	at com.android.internal.os.ZygoteInit.main(ZygoteInit.java:858)
10-12 17:02:56.454  2965  2980 W BroadcastQueue: Background execution not allowed: receiving Intent { act=android.intent.action.DROPBOX_ENTRY_ADDED flg=0x10 (has extras) } to com.google.android.gms/.stats.service.DropBoxEntryAddedReceiver
10-12 17:02:56.454  2965  2980 W BroadcastQueue: Background execution not allowed: receiving Intent { act=android.intent.action.DROPBOX_ENTRY_ADDED flg=0x10 (has extras) } to com.google.android.gms/.chimera.GmsIntentOperationService$PersistentTrustedReceiver
10-12 17:02:56.455  2775  3039 W SurfaceFlinger: Attempting to destroy on removed layer: 5949da1 ScreenshotAnimation#0
10-12 17:02:56.461  2965  2980 W BroadcastQueue: Background execution not allowed: receiving Intent { act=android.intent.action.DROPBOX_ENTRY_ADDED flg=0x10 (has extras) } to com.google.android.gms/.stats.service.DropBoxEntryAddedReceiver
10-12 17:02:56.461  2965  2980 W BroadcastQueue: Background execution not allowed: receiving Intent { act=android.intent.action.DROPBOX_ENTRY_ADDED flg=0x10 (has extras) } to com.google.android.gms/.chimera.GmsIntentOperationService$PersistentTrustedReceiver
10-12 17:02:56.485  3123  3123 D StatusBar: disable<e i a s b h r c s > disable2<q i n >
10-12 17:02:56.541  3123  3123 I vol.Events: writeEvent dismiss_dialog volume_controller
10-12 17:02:56.565  2775  2815 E BufferQueueProducer: [StatusBar#0] disconnect: not connected (req=1)
10-12 17:02:56.565  3123  3407 W libEGL  : EGLNativeWindowType 0xccf3d008 disconnect failed
10-12 17:02:56.567  3123  3407 D mali_winsys: EGLint new_window_surface(egl_winsys_display *, void *, EGLSurface, EGLConfig, egl_winsys_surface **, EGLBoolean) returns 0x3000
10-12 17:02:56.571  2763  2911 I [Gralloc]: framebuffer hal alread move to hwcomposer
10-12 17:02:56.580  2763  2911 I chatty  : uid=1000(system) HwBinder:2763_2 identical 1 line
10-12 17:02:56.590  2763  2911 I [Gralloc]: framebuffer hal alread move to hwcomposer
10-12 17:02:56.758  2965  2982 I ActivityManager: Start proc 15393:android.process.media/u0a14 for content provider com.android.providers.media/.MediaProvider
10-12 17:02:56.761 15393 15393 I Zygote  : seccomp disabled by setenforce 0
10-12 17:02:56.768 15393 15393 W d.process.medi: Using default instruction set features for ARM CPU variant (cortex-a9) using conservative defaults
10-12 17:02:57.044  2965  3071 W HdmiCecController: Failed to send <Give Device Power Status> src: 4, dst: 0 with errorCode=1
10-12 17:02:57.689  2775  2775 I Binder:2775_4: type=1400 audit(0.0:2158): avc: denied { read } for name="gralloc.odroidn2.so" dev="mmcblk0p12" ino=705 scontext=u:r:surfaceflinger:s0 tcontext=u:object_r:vendor_file:s0 tclass=file permissive=1
10-12 17:02:57.689  2775  2775 I Binder:2775_4: type=1400 audit(0.0:2159): avc: denied { open } for path="/vendor/lib/hw/gralloc.odroidn2.so" dev="mmcblk0p12" ino=705 scontext=u:r:surfaceflinger:s0 tcontext=u:object_r:vendor_file:s0 tclass=file permissive=1
10-12 17:02:57.689  2775  2775 I Binder:2775_4: type=1400 audit(0.0:2160): avc: denied { getattr } for path="/vendor/lib/hw/gralloc.odroidn2.so" dev="mmcblk0p12" ino=705 scontext=u:r:surfaceflinger:s0 tcontext=u:object_r:vendor_file:s0 tclass=file permissive=1
10-12 17:02:57.689  2965  2965 I android.display: type=1400 audit(0.0:2161): avc: denied { read } for name="gralloc.odroidn2.so" dev="mmcblk0p12" ino=705 scontext=u:r:system_server:s0 tcontext=u:object_r:vendor_file:s0 tclass=file permissive=1
10-12 17:02:57.689  2965  2965 I android.display: type=1400 audit(0.0:2162): avc: denied { open } for path="/vendor/lib/hw/gralloc.odroidn2.so" dev="mmcblk0p12" ino=705 scontext=u:r:system_server:s0 tcontext=u:object_r:vendor_file:s0 tclass=file permissive=1
10-12 17:02:57.690  2763  2911 I [Gralloc]: framebuffer hal alread move to hwcomposer
10-12 17:02:57.955  3123  3123 D ViewRootImpl[NavigationBar]: updatePointerIcon called with position out of bounds
10-12 17:02:58.136  3502  7867 I NetworkScheduler.Stats: Task com.google.android.gms/com.google.android.gms.ipa.base.IpaGcmTaskService started execution. cause:9 exec_start_elapsed_seconds: 5180 [CONTEXT service_id=218 ]
10-12 17:02:58.175  3502  8840 I NetworkScheduler.Stats: Task com.google.android.gms/com.google.android.gms.ipa.base.IpaGcmTaskService finished executing. cause:9 result: 1 elapsed_millis: 64 uptime_millis: 64 exec_start_elapsed_seconds: 5180 [CONTEXT service_id=218 ]
10-12 17:02:58.180  3502  8840 I NetworkScheduler.Stats: Task com.google.android.gms/com.google.android.gms.icing.service.IcingGcmTaskService started execution. cause:9 exec_start_elapsed_seconds: 5180 [CONTEXT service_id=218 ]
10-12 17:02:58.183  3502  8840 I NetworkScheduler.Stats: Task com.google.android.gms/com.google.android.gms.icing.service.IcingGcmTaskService finished executing. cause:9 result: 1 elapsed_millis: 28 uptime_millis: 28 exec_start_elapsed_seconds: 5180 [CONTEXT service_id=218 ]
10-12 17:02:58.184  3612 12239 I Icing   : Indexing com.android.chrome-internal.3p:WebPage from com.android.chrome using seqno 0
10-12 17:02:58.192  3612 12239 I chatty  : uid=10064(com.google.android.gms) lowpool[18] identical 2 lines
10-12 17:02:58.194  3612 12239 I Icing   : Indexing com.android.chrome-internal.3p:WebPage from com.android.chrome using seqno 0
10-12 17:02:58.198  2763  2911 I [Gralloc]: framebuffer hal alread move to hwcomposer
10-12 17:02:58.198  3612 12239 I Icing   : Indexing com.android.chrome-internal.3p:WebPage from com.android.chrome using seqno 0
10-12 17:02:58.206  3612 12239 I chatty  : uid=10064(com.google.android.gms) lowpool[18] identical 2 lines
10-12 17:02:58.208  3612 12239 I Icing   : Indexing com.android.chrome-internal.3p:WebPage from com.android.chrome using seqno 0
10-12 17:02:59.041  2965  3071 W HdmiCecController: Failed to send <Give Device Power Status> src: 4, dst: 0 with errorCode=1
10-12 17:02:59.383  3123  3123 D StatusBar: disable<e i a s b h r c s > disable2<q i n >
10-12 17:02:59.413  2775  2817 E BufferQueueProducer: [StatusBar#0] disconnect: not connected (req=1)
10-12 17:02:59.413  3123  3407 W libEGL  : EGLNativeWindowType 0xccf3d008 disconnect failed
10-12 17:02:59.414  3123  3407 D mali_winsys: EGLint new_window_surface(egl_winsys_display *, void *, EGLSurface, EGLConfig, egl_winsys_surface **, EGLBoolean) returns 0x3000
10-12 17:02:59.419  2763  2911 I [Gralloc]: framebuffer hal alread move to hwcomposer
10-12 17:02:59.436  2763  2911 I chatty  : uid=1000(system) HwBinder:2763_2 identical 1 line
10-12 17:02:59.484  2763  2911 I [Gralloc]: framebuffer hal alread move to hwcomposer
10-12 17:02:59.510  2965  2986 D AutofillManagerService: Close system dialogs
10-12 17:02:59.521  3544  3544 I Recents-TaskRes: type=1400 audit(0.0:2164): avc: denied { read } for name="gralloc.odroidn2.so" dev="mmcblk0p12" ino=705 scontext=u:r:priv_app:s0:c512,c768 tcontext=u:object_r:vendor_file:s0 tclass=file permissive=1
10-12 17:02:59.521  3544  3544 I Recents-TaskRes: type=1400 audit(0.0:2165): avc: denied { open } for path="/vendor/lib/hw/gralloc.odroidn2.so" dev="mmcblk0p12" ino=705 scontext=u:r:priv_app:s0:c512,c768 tcontext=u:object_r:vendor_file:s0 tclass=file permissive=1
10-12 17:02:59.521  3544  3544 I Recents-TaskRes: type=1400 audit(0.0:2166): avc: denied { getattr } for path="/vendor/lib/hw/gralloc.odroidn2.so" dev="mmcblk0p12" ino=705 scontext=u:r:priv_app:s0:c512,c768 tcontext=u:object_r:vendor_file:s0 tclass=file permissive=1
10-12 17:02:59.524  3123  3123 I vol.Events: writeEvent dismiss_dialog volume_controller
10-12 17:02:59.525  3123  3123 V StatusBar: mStatusBarWindow: com.android.systemui.statusbar.phone.StatusBarWindowView{b0a4d8f V.ED..... ........ 0,0-1360,31} canPanelBeCollapsed(): false
10-12 17:03:00.100  3544  3544 D InputEventConsistencyVerifier: GenericMotionEvent: Action button for ACTION_BUTTON_RELEASE event is 1, but it was either never pressed or has already been released.
