10-14 03:10:21.175  2747  7191 W audio-subMixingFactory: out_get_presentation_position_port(), pts not valid yet
10-14 03:10:21.186  2747  7191 W amlaudioMixer: mixer_get_presentation_position(), not valid now
10-14 03:10:21.186  2747  7191 W audio-subMixingFactory: out_get_presentation_position_port(), pts not valid yet
10-14 03:10:21.198  2768  2768 D SurfaceFlinger: duplicate layer name: changing com.google.android.calendar/com.google.android.calendar.AllInOneCalendarActivity to com.google.android.calendar/com.google.android.calendar.AllInOneCalendarActivity#1
10-14 03:10:21.200  2756  2903 I [Gralloc]: framebuffer hal alread move to hwcomposer
10-14 03:10:21.201  2766  2911 D AudioFlinger: mixer(0xeb583ac0) throttle end: throttle time(7)
10-14 03:10:21.202  2756  2903 I [Gralloc]: framebuffer hal alread move to hwcomposer
10-14 03:10:21.204  2756  2903 I [Gralloc]: framebuffer hal alread move to hwcomposer
10-14 03:10:21.206  7495  7605 D mali_winsys: EGLint new_window_surface(egl_winsys_display *, void *, EGLSurface, EGLConfig, egl_winsys_surface **, EGLBoolean) returns 0x3000
10-14 03:10:21.220  2756  2903 I [Gralloc]: framebuffer hal alread move to hwcomposer
10-14 03:10:21.237  2756  2903 I chatty  : uid=1000(system) HwBinder:2756_2 identical 1 line
10-14 03:10:21.246  2756  2903 I [Gralloc]: framebuffer hal alread move to hwcomposer
10-14 03:10:21.550  4078  4078 D skia    : --- Failed to create image decoder with message 'unimplemented'
10-14 03:10:21.563  4078  4078 D skia    : --- Failed to create image decoder with message 'unimplemented'
10-14 03:10:23.466  2768  2849 E BufferQueueProducer: [com.google.android.calendar/com.google.android.calendar.AllInOneCalendarActivity#1] disconnect: not connected (req=1)
10-14 03:10:23.466  7495  7605 W libEGL  : EGLNativeWindowType 0xcd7f7008 disconnect failed
10-14 03:10:23.466  7495  7605 D OpenGLRenderer: endAllActiveAnimators on 0xbb8c5000 (AlertController$RecycleListView) with handle 0xbb6b1e00
10-14 03:10:23.630  2768  2849 W SurfaceFlinger: Attempting to set client state on removed layer: com.google.android.calendar/com.google.android.calendar.AllInOneCalendarActivity#1
10-14 03:10:23.630  2768  2849 W SurfaceFlinger: Attempting to set client state on removed layer: Dim Layer for - Task=33#0
10-14 03:10:23.630  2768  2849 W SurfaceFlinger: Attempting to destroy on removed layer: com.google.android.calendar/com.google.android.calendar.AllInOneCalendarActivity#1
10-14 03:10:23.630  2768  2849 W SurfaceFlinger: Attempting to destroy on removed layer: Dim Layer for - Task=33#0
10-14 03:10:25.007  3089  3089 D StrictMode: StrictMode policy violation; ~duration=0 ms: android.os.strictmode.DiskReadViolation
10-14 03:10:25.007  3089  3089 D StrictMode: 	at android.os.StrictMode$AndroidBlockGuardPolicy.onReadFromDisk(StrictMode.java:1506)
10-14 03:10:25.007  3089  3089 D StrictMode: 	at java.io.UnixFileSystem.checkAccess(UnixFileSystem.java:251)
10-14 03:10:25.007  3089  3089 D StrictMode: 	at java.io.File.exists(File.java:815)
10-14 03:10:25.007  3089  3089 D StrictMode: 	at android.app.ContextImpl.getDataDir(ContextImpl.java:2253)
10-14 03:10:25.007  3089  3089 D StrictMode: 	at android.app.ContextImpl.getPreferencesDir(ContextImpl.java:550)
10-14 03:10:25.007  3089  3089 D StrictMode: 	at android.app.ContextImpl.getSharedPreferencesPath(ContextImpl.java:747)
10-14 03:10:25.007  3089  3089 D StrictMode: 	at android.app.ContextImpl.getSharedPreferences(ContextImpl.java:400)
10-14 03:10:25.007  3089  3089 D StrictMode: 	at android.content.ContextWrapper.getSharedPreferences(ContextWrapper.java:174)
10-14 03:10:25.007  3089  3089 D StrictMode: 	at android.preference.PreferenceManager.getDefaultSharedPreferences(PreferenceManager.java:526)
10-14 03:10:25.007  3089  3089 D StrictMode: 	at com.android.inputmethod.latin.spellcheck.AndroidSpellCheckerService.onCreate(AndroidSpellCheckerService.java:98)
10-14 03:10:25.007  3089  3089 D StrictMode: 	at android.app.ActivityThread.handleCreateService(ActivityThread.java:3532)
10-14 03:10:25.007  3089  3089 D StrictMode: 	at android.app.ActivityThread.access$1300(ActivityThread.java:199)
10-14 03:10:25.007  3089  3089 D StrictMode: 	at android.app.ActivityThread$H.handleMessage(ActivityThread.java:1666)
10-14 03:10:25.007  3089  3089 D StrictMode: 	at android.os.Handler.dispatchMessage(Handler.java:106)
10-14 03:10:25.007  3089  3089 D StrictMode: 	at android.os.Looper.loop(Looper.java:193)
10-14 03:10:25.007  3089  3089 D StrictMode: 	at android.app.ActivityThread.main(ActivityThread.java:6669)
10-14 03:10:25.007  3089  3089 D StrictMode: 	at java.lang.reflect.Method.invoke(Native Method)
10-14 03:10:25.007  3089  3089 D StrictMode: 	at com.android.internal.os.RuntimeInit$MethodAndArgsCaller.run(RuntimeInit.java:493)
10-14 03:10:25.007  3089  3089 D StrictMode: 	at com.android.internal.os.ZygoteInit.main(ZygoteInit.java:858)
10-14 03:10:25.010  3089  3089 D StrictMode: StrictMode policy violation; ~duration=0 ms: android.os.strictmode.DiskReadViolation
10-14 03:10:25.010  3089  3089 D StrictMode: 	at android.os.StrictMode$AndroidBlockGuardPolicy.onReadFromDisk(StrictMode.java:1506)
10-14 03:10:25.010  3089  3089 D StrictMode: 	at java.io.UnixFileSystem.checkAccess(UnixFileSystem.java:251)
10-14 03:10:25.010  3089  3089 D StrictMode: 	at java.io.File.exists(File.java:815)
10-14 03:10:25.010  3089  3089 D StrictMode: 	at android.app.ContextImpl.ensurePrivateDirExists(ContextImpl.java:605)
10-14 03:10:25.010  3089  3089 D StrictMode: 	at android.app.ContextImpl.ensurePrivateDirExists(ContextImpl.java:596)
10-14 03:10:25.010  3089  3089 D StrictMode: 	at android.app.ContextImpl.getPreferencesDir(ContextImpl.java:552)
10-14 03:10:25.010  3089  3089 D StrictMode: 	at android.app.ContextImpl.getSharedPreferencesPath(ContextImpl.java:747)
10-14 03:10:25.010  3089  3089 D StrictMode: 	at android.app.ContextImpl.getSharedPreferences(ContextImpl.java:400)
10-14 03:10:25.010  3089  3089 D StrictMode: 	at android.content.ContextWrapper.getSharedPreferences(ContextWrapper.java:174)
10-14 03:10:25.010  3089  3089 D StrictMode: 	at android.preference.PreferenceManager.getDefaultSharedPreferences(PreferenceManager.java:526)
10-14 03:10:25.010  3089  3089 D StrictMode: 	at com.android.inputmethod.latin.spellcheck.AndroidSpellCheckerService.onCreate(AndroidSpellCheckerService.java:98)
10-14 03:10:25.010  3089  3089 D StrictMode: 	at android.app.ActivityThread.handleCreateService(ActivityThread.java:3532)
10-14 03:10:25.010  3089  3089 D StrictMode: 	at android.app.ActivityThread.access$1300(ActivityThread.java:199)
10-14 03:10:25.010  3089  3089 D StrictMode: 	at android.app.ActivityThread$H.handleMessage(ActivityThread.java:1666)
10-14 03:10:25.010  3089  3089 D StrictMode: 	at android.os.Handler.dispatchMessage(Handler.java:106)
10-14 03:10:25.010  3089  3089 D StrictMode: 	at android.os.Looper.loop(Looper.java:193)
10-14 03:10:25.010  3089  3089 D StrictMode: 	at android.app.ActivityThread.main(ActivityThread.java:6669)
10-14 03:10:25.010  3089  3089 D StrictMode: 	at java.lang.reflect.Method.invoke(Native Method)
10-14 03:10:25.010  3089  3089 D StrictMode: 	at com.android.internal.os.RuntimeInit$MethodAndArgsCaller.run(RuntimeInit.java:493)
10-14 03:10:25.010  3089  3089 D StrictMode: 	at com.android.internal.os.ZygoteInit.main(ZygoteInit.java:858)
10-14 03:10:25.012  2953  2969 W BroadcastQueue: Background execution not allowed: receiving Intent { act=android.intent.action.DROPBOX_ENTRY_ADDED flg=0x10 (has extras) } to com.google.android.gms/.stats.service.DropBoxEntryAddedReceiver
10-14 03:10:25.012  2953  2969 W BroadcastQueue: Background execution not allowed: receiving Intent { act=android.intent.action.DROPBOX_ENTRY_ADDED flg=0x10 (has extras) } to com.google.android.gms/.chimera.GmsIntentOperationService$PersistentTrustedReceiver
10-14 03:10:25.015  2953  2969 W BroadcastQueue: Background execution not allowed: receiving Intent { act=android.intent.action.DROPBOX_ENTRY_ADDED flg=0x10 (has extras) } to com.google.android.gms/.stats.service.DropBoxEntryAddedReceiver
10-14 03:10:25.015  2953  2969 W BroadcastQueue: Background execution not allowed: receiving Intent { act=android.intent.action.DROPBOX_ENTRY_ADDED flg=0x10 (has extras) } to com.google.android.gms/.chimera.GmsIntentOperationService$PersistentTrustedReceiver
10-14 03:10:25.655  2768  2768 D SurfaceFlinger: duplicate layer name: changing com.google.android.calendar/com.google.android.calendar.AllInOneCalendarActivity to com.google.android.calendar/com.google.android.calendar.AllInOneCalendarActivity#1
10-14 03:10:25.657  2756  2903 I [Gralloc]: framebuffer hal alread move to hwcomposer
10-14 03:10:25.660  2756  2903 I chatty  : uid=1000(system) HwBinder:2756_2 identical 1 line
10-14 03:10:25.663  2756  2903 I [Gralloc]: framebuffer hal alread move to hwcomposer
10-14 03:10:25.666  7495  7605 D mali_winsys: EGLint new_window_surface(egl_winsys_display *, void *, EGLSurface, EGLConfig, egl_winsys_surface **, EGLBoolean) returns 0x3000
10-14 03:10:25.702  2756  2903 I [Gralloc]: framebuffer hal alread move to hwcomposer
10-14 03:10:25.715  2756  2903 I chatty  : uid=1000(system) HwBinder:2756_2 identical 1 line
10-14 03:10:25.729  2756  2903 I [Gralloc]: framebuffer hal alread move to hwcomposer
10-14 03:10:26.384  2768  3293 E BufferQueueProducer: [com.google.android.calendar/com.google.android.calendar.AllInOneCalendarActivity#1] disconnect: not connected (req=1)
10-14 03:10:26.384  7495  7605 W libEGL  : EGLNativeWindowType 0xcd7f7008 disconnect failed
10-14 03:10:26.384  7495  7605 D OpenGLRenderer: endAllActiveAnimators on 0xbb70a700 (AlertController$RecycleListView) with handle 0xbb8aed80
10-14 03:10:26.544  2768  2950 W SurfaceFlinger: Attempting to set client state on removed layer: com.google.android.calendar/com.google.android.calendar.AllInOneCalendarActivity#1
10-14 03:10:26.544  2768  2950 W SurfaceFlinger: Attempting to set client state on removed layer: Dim Layer for - Task=33#0
10-14 03:10:26.544  2768  2950 W SurfaceFlinger: Attempting to destroy on removed layer: com.google.android.calendar/com.google.android.calendar.AllInOneCalendarActivity#1
10-14 03:10:26.544  2768  2950 W SurfaceFlinger: Attempting to destroy on removed layer: Dim Layer for - Task=33#0
10-14 03:10:28.827  2756  2903 I [Gralloc]: framebuffer hal alread move to hwcomposer
10-14 03:10:29.476  2747  2888 D audio-subMixingFactory: out_standby_subMixingPCM: out_stream(0xee3ca000) usecase: STREAM_PCM_NORMAL
10-14 03:10:29.476  2747  2888 I audio-subMixingFactory: ++usecase_change_validate_l_sm(), dev usecase masks = 0x1, is_standby = 1, out usecase STREAM_PCM_NORMAL
10-14 03:10:29.476  2747  2888 I audio-subMixingFactory: --usecase_change_validate_l_sm(), dev usecase masks = 0, is_standby = 1, out usecase STREAM_PCM_NORMAL
10-14 03:10:29.476  2747  2888 I amlaudioMixer: ++delete_mixer_input_port port ID: 0
10-14 03:10:29.476  2747  2907 E amlaudioMixer: mixer_do_mixing_16bit(), sys or direct pcm must exist!!!
10-14 03:10:29.927  2756  2903 I [Gralloc]: framebuffer hal alread move to hwcomposer
10-14 03:10:31.506  2747  7191 W amlaudioMixer: mixer_get_presentation_position(), port not ready now
10-14 03:10:31.506  2747  7191 W audio-subMixingFactory: out_get_presentation_position_port(), pts not valid yet
10-14 03:10:31.507  2747  7191 I audio-subMixingFactory: ++usecase_change_validate_l_sm: dev usecase masks = 0, out usecase_masks = 0, out usecase STREAM_PCM_NORMAL
10-14 03:10:31.507  2747  7191 I audio-subMixingFactory: ++++usecase_change_validate_l_sm(),continuous_audio_mode 0 dev usecase masks = 0, out usecase_masks = 0, out usecase STREAM_PCM_NORMAL
10-14 03:10:31.507  2747  7191 I audio-subMixingFactory: usecase_change_validate_l_sm(), mixer_aux_buffer_write_sm !
10-14 03:10:31.507  2747  7191 I audio-subMixingFactory: ----usecase_change_validate_l_sm(), continuous_audio_mode 0 dev usecase masks = 0x1, out usecase_masks = 0x1, out usecase STREAM_PCM_NORMAL
10-14 03:10:31.507  2747  7191 I aml_audio_port: get_input_port_index(), samplerate 48000
10-14 03:10:31.507  2747  7191 D aml_audio_port: new_input_port(), index:0, rbuf size:8192, direct_on:0
10-14 03:10:31.507  2747  7191 D aml_audio_port: new_input_port(), fmt 0x1, rate 48000
10-14 03:10:31.507  2747  7191 I amlaudioMixer: ++init_mixer_input_port port index 0, size 512 frames
10-14 03:10:31.507  2747  7191 I amlaudioMixer: init_mixer_input_port(), port->initial_frames: 84647936
10-14 03:10:31.507  2747  7191 I aml_audio_port: get_input_port_index(), samplerate 48000
10-14 03:10:31.507  2747  7191 I audio-subMixingFactory: mixer_aux_buffer_write_sm(), primary 0xee3ca000 port index = 0
10-14 03:10:31.507  2747  7191 I audio-subMixingFactory: padding_bytes 16384
10-14 03:10:31.507  2747  7191 I amlaudioMixer: port index 0 is active now
10-14 03:10:31.507  2747  7191 I audio-subMixingFactory: padding_bytes 14336
10-14 03:10:31.507  2747  7191 I audio-subMixingFactory: padding_bytes 12288
10-14 03:10:31.507  2747  7191 I audio-subMixingFactory: padding_bytes 10240
10-14 03:10:31.507  2747  7191 I audio-subMixingFactory: padding_bytes 8192
10-14 03:10:31.507  2747  7191 I audio-subMixingFactory: padding_bytes 6144
10-14 03:10:31.511  2747  7191 I audio-subMixingFactory: padding_bytes 4096
10-14 03:10:31.514  2747  7191 I audio-subMixingFactory: padding_bytes 2048
10-14 03:10:31.524  2747  7191 W amlaudioMixer: mixer_get_presentation_position(), not valid now
10-14 03:10:31.524  2747  7191 W audio-subMixingFactory: out_get_presentation_position_port(), pts not valid yet
10-14 03:10:31.534  2747  7191 W amlaudioMixer: mixer_get_presentation_position(), not valid now
10-14 03:10:31.534  2747  7191 W audio-subMixingFactory: out_get_presentation_position_port(), pts not valid yet
10-14 03:10:31.549  2766  2911 D AudioFlinger: mixer(0xeb583ac0) throttle end: throttle time(7)
10-14 03:10:31.575  4078  4078 D skia    : --- Failed to create image decoder with message 'unimplemented'
10-14 03:10:31.593  4078  4078 D skia    : --- Failed to create image decoder with message 'unimplemented'
10-14 03:10:31.846  3089  3089 D StrictMode: StrictMode policy violation; ~duration=0 ms: android.os.strictmode.DiskReadViolation
10-14 03:10:31.846  3089  3089 D StrictMode: 	at android.os.StrictMode$AndroidBlockGuardPolicy.onReadFromDisk(StrictMode.java:1506)
10-14 03:10:31.846  3089  3089 D StrictMode: 	at java.io.UnixFileSystem.checkAccess(UnixFileSystem.java:251)
10-14 03:10:31.846  3089  3089 D StrictMode: 	at java.io.File.exists(File.java:815)
10-14 03:10:31.846  3089  3089 D StrictMode: 	at android.app.ContextImpl.getDataDir(ContextImpl.java:2253)
10-14 03:10:31.846  3089  3089 D StrictMode: 	at android.app.ContextImpl.getPreferencesDir(ContextImpl.java:550)
10-14 03:10:31.846  3089  3089 D StrictMode: 	at android.app.ContextImpl.getSharedPreferencesPath(ContextImpl.java:747)
10-14 03:10:31.846  3089  3089 D StrictMode: 	at android.app.ContextImpl.getSharedPreferences(ContextImpl.java:400)
10-14 03:10:31.846  3089  3089 D StrictMode: 	at android.content.ContextWrapper.getSharedPreferences(ContextWrapper.java:174)
10-14 03:10:31.846  3089  3089 D StrictMode: 	at android.preference.PreferenceManager.getDefaultSharedPreferences(PreferenceManager.java:526)
10-14 03:10:31.846  3089  3089 D StrictMode: 	at com.android.inputmethod.latin.spellcheck.AndroidSpellCheckerService.onCreate(AndroidSpellCheckerService.java:98)
10-14 03:10:31.846  3089  3089 D StrictMode: 	at android.app.ActivityThread.handleCreateService(ActivityThread.java:3532)
10-14 03:10:31.846  3089  3089 D StrictMode: 	at android.app.ActivityThread.access$1300(ActivityThread.java:199)
10-14 03:10:31.846  3089  3089 D StrictMode: 	at android.app.ActivityThread$H.handleMessage(ActivityThread.java:1666)
10-14 03:10:31.846  3089  3089 D StrictMode: 	at android.os.Handler.dispatchMessage(Handler.java:106)
10-14 03:10:31.846  3089  3089 D StrictMode: 	at android.os.Looper.loop(Looper.java:193)
10-14 03:10:31.846  3089  3089 D StrictMode: 	at android.app.ActivityThread.main(ActivityThread.java:6669)
10-14 03:10:31.846  3089  3089 D StrictMode: 	at java.lang.reflect.Method.invoke(Native Method)
10-14 03:10:31.846  3089  3089 D StrictMode: 	at com.android.internal.os.RuntimeInit$MethodAndArgsCaller.run(RuntimeInit.java:493)
10-14 03:10:31.846  3089  3089 D StrictMode: 	at com.android.internal.os.ZygoteInit.main(ZygoteInit.java:858)
10-14 03:10:31.853  3089  3089 D StrictMode: StrictMode policy violation; ~duration=0 ms: android.os.strictmode.DiskReadViolation
10-14 03:10:31.853  3089  3089 D StrictMode: 	at android.os.StrictMode$AndroidBlockGuardPolicy.onReadFromDisk(StrictMode.java:1506)
10-14 03:10:31.853  3089  3089 D StrictMode: 	at java.io.UnixFileSystem.checkAccess(UnixFileSystem.java:251)
10-14 03:10:31.853  3089  3089 D StrictMode: 	at java.io.File.exists(File.java:815)
10-14 03:10:31.853  3089  3089 D StrictMode: 	at android.app.ContextImpl.ensurePrivateDirExists(ContextImpl.java:605)
10-14 03:10:31.853  3089  3089 D StrictMode: 	at android.app.ContextImpl.ensurePrivateDirExists(ContextImpl.java:596)
10-14 03:10:31.853  3089  3089 D StrictMode: 	at android.app.ContextImpl.getPreferencesDir(ContextImpl.java:552)
10-14 03:10:31.853  3089  3089 D StrictMode: 	at android.app.ContextImpl.getSharedPreferencesPath(ContextImpl.java:747)
10-14 03:10:31.853  3089  3089 D StrictMode: 	at android.app.ContextImpl.getSharedPreferences(ContextImpl.java:400)
10-14 03:10:31.853  3089  3089 D StrictMode: 	at android.content.ContextWrapper.getSharedPreferences(ContextWrapper.java:174)
10-14 03:10:31.853  3089  3089 D StrictMode: 	at android.preference.PreferenceManager.getDefaultSharedPreferences(PreferenceManager.java:526)
10-14 03:10:31.853  3089  3089 D StrictMode: 	at com.android.inputmethod.latin.spellcheck.AndroidSpellCheckerService.onCreate(AndroidSpellCheckerService.java:98)
10-14 03:10:31.853  3089  3089 D StrictMode: 	at android.app.ActivityThread.handleCreateService(ActivityThread.java:3532)
10-14 03:10:31.853  3089  3089 D StrictMode: 	at android.app.ActivityThread.access$1300(ActivityThread.java:199)
10-14 03:10:31.853  3089  3089 D StrictMode: 	at android.app.ActivityThread$H.handleMessage(ActivityThread.java:1666)
10-14 03:10:31.853  3089  3089 D StrictMode: 	at android.os.Handler.dispatchMessage(Handler.java:106)
10-14 03:10:31.853  3089  3089 D StrictMode: 	at android.os.Looper.loop(Looper.java:193)
10-14 03:10:31.853  3089  3089 D StrictMode: 	at android.app.ActivityThread.main(ActivityThread.java:6669)
10-14 03:10:31.853  3089  3089 D StrictMode: 	at java.lang.reflect.Method.invoke(Native Method)
10-14 03:10:31.853  3089  3089 D StrictMode: 	at com.android.internal.os.RuntimeInit$MethodAndArgsCaller.run(RuntimeInit.java:493)
10-14 03:10:31.853  3089  3089 D StrictMode: 	at com.android.internal.os.ZygoteInit.main(ZygoteInit.java:858)
10-14 03:10:31.857  2953  2969 W BroadcastQueue: Background execution not allowed: receiving Intent { act=android.intent.action.DROPBOX_ENTRY_ADDED flg=0x10 (has extras) } to com.google.android.gms/.stats.service.DropBoxEntryAddedReceiver
10-14 03:10:31.857  2953  2969 W BroadcastQueue: Background execution not allowed: receiving Intent { act=android.intent.action.DROPBOX_ENTRY_ADDED flg=0x10 (has extras) } to com.google.android.gms/.chimera.GmsIntentOperationService$PersistentTrustedReceiver
10-14 03:10:31.862  2953  2969 W BroadcastQueue: Background execution not allowed: receiving Intent { act=android.intent.action.DROPBOX_ENTRY_ADDED flg=0x10 (has extras) } to com.google.android.gms/.stats.service.DropBoxEntryAddedReceiver
10-14 03:10:31.862  2953  2969 W BroadcastQueue: Background execution not allowed: receiving Intent { act=android.intent.action.DROPBOX_ENTRY_ADDED flg=0x10 (has extras) } to com.google.android.gms/.chimera.GmsIntentOperationService$PersistentTrustedReceiver
10-14 03:10:33.094  2756  2903 I [Gralloc]: framebuffer hal alread move to hwcomposer
10-14 03:10:34.019  7495  7569 I SyncerLog: Trigger inserted: {id=11, type=LOCAL_CHANGES, age=0}
10-14 03:10:34.020  7495  7569 I SyncerLog: Next sync scheduled in: 3s
10-14 03:10:34.128  7495  7495 W View    : requestLayout() improperly called by com.google.android.calendar.timely.BackgroundImageView{adf795f V.ED..... ......ID 0,0-1360,707 #7f0b0301 app:id/primary_background_image_view} during layout: running second layout pass
10-14 03:10:34.128  7495  7495 W View    : requestLayout() improperly called by cal.tf{a1e3886 V.ED..... ......ID 0,0-186,36 #7f0b0122 app:id/date_picker_text_view} during layout: running second layout pass
10-14 03:10:34.224  7495 12197 I SyncerLog: [2] Sync started
10-14 03:10:34.227  7495 12197 I SyncerLog: [2] Client context: {channel=5, notification_push_stack=1, app_version=2020.38.3-334096848-release, version_code=2016759528}
10-14 03:10:34.238  7495  7564 I SyncerLog: [2] State: {synced_user_settings=true, synced_habits=true, synced_calendar_list=true}
10-14 03:10:34.249  7495 12197 I SyncerLog: [2] Request: {client_change_count=1, client_change_set.0={id=6, age=250, addEvent={*, unscoped, [TIME, SUMMARY, DESCRIPTION, LOCATION, GUESTS_PERMISSIONS, LABEL_COLOR, REMINDERS, MAKE_RECURRING, VISIBILITY, TRANSPARENCY, UPDATE_ORGANIZER]}}, sync_triggers=[{id=11, type=LOCAL_CHANGES, age=250}]}
10-14 03:10:34.257  7495 12197 W DynamiteModule: Local module descriptor class for com.google.android.gms.providerinstaller not found.
10-14 03:10:34.264  3483  3500 W ProviderHelper: Unknown dynamite feature providerinstaller
10-14 03:10:34.271  7495 12197 W ProviderInstaller: Failed to load providerinstaller module: No acceptable module found. Local version is 0 and remote version is 0.
10-14 03:10:34.306  7495  7500 I ndroid.calenda: Compiler allocated 16MB to compile java.lang.Object cal.efr.a()
10-14 03:10:34.992  7495  7585 I cr_CronetUrlRequestContext: destroyNativeStreamLocked org.chromium.net.impl.CronetBidirectionalStream@61ce059
10-14 03:10:34.993  7495 12197 I SyncerLog: [2] Response: {applied_change_ids=[6], done_change_ids=[], server_change_count=0, change_set_details={acl=0, calendarListEntry=0, calendarSyncInfo=0, event=0, habit=0, setting=0, other=[]}, updated_sync_state={synced_user_settings=true, synced_habits=true, synced_calendar_list=true}, bad_sync_state=false, debug_info=Ch41QjE5MTU0RDQxRkVDLkE1RDlCOEIuMjAwOEU2NTMSBAgGEAMYAg==, call_sync=true, }
10-14 03:10:35.002  7495 12197 I SyncerLog: Trigger inserted: {id=12, type=CALL_SYNC, age=0}
10-14 03:10:35.003  7495 12197 I SyncerLog: Trigger queued: {id=12} Reason: Sync In Progress
10-14 03:10:35.008  7495 12197 I SyncerLog: [2] Request: {client_change_count=0, sync_triggers=[{id=12, type=CALL_SYNC, age=10}]}
10-14 03:10:35.164  2953  7885 W ActivityManager: Unable to start service Intent { act=com.google.firebase.MESSAGING_EVENT pkg=com.google.android.calendar } U=0: not found
10-14 03:10:35.164  7495 12229 E FirebaseInstanceId: binding to the service failed
10-14 03:10:35.191  7495 12228 W DynamiteModule: Local module descriptor class for com.google.android.gms.providerinstaller not found.
10-14 03:10:35.193  3483  3500 W ProviderHelper: Unknown dynamite feature providerinstaller
10-14 03:10:35.195  7495 12228 W ProviderInstaller: Failed to load providerinstaller module: No acceptable module found. Local version is 0 and remote version is 0.
10-14 03:10:35.197  7495 12228 W cal.vfq : Application name is not set. Call Builder#setApplicationName.
10-14 03:10:35.206  7495  7569 I SyncerLog: Trigger inserted: {id=13, type=TICKLE, tickle=ANDROID_CALENDAR_ID, age=0}
10-14 03:10:35.206  7495  7569 I SyncerLog: Trigger queued: {id=13} Reason: Sync In Progress
10-14 03:10:35.239  2953  6834 W ActivityManager: Unable to start service Intent { act=com.google.firebase.MESSAGING_EVENT pkg=com.google.android.calendar } U=0: not found
10-14 03:10:35.239  7495 12239 E FirebaseInstanceId: binding to the service failed
10-14 03:10:35.264  7495 12228 W DynamiteModule: Local module descriptor class for com.google.android.gms.providerinstaller not found.
10-14 03:10:35.266  3483  8388 W ProviderHelper: Unknown dynamite feature providerinstaller
10-14 03:10:35.267  7495 12228 W ProviderInstaller: Failed to load providerinstaller module: No acceptable module found. Local version is 0 and remote version is 0.
10-14 03:10:35.407  7495  7585 I cr_CronetUrlRequestContext: destroyNativeStreamLocked org.chromium.net.impl.CronetBidirectionalStream@5616912
10-14 03:10:35.461  7495 12197 I SyncerLog: [2] Response: {applied_change_ids=[], done_change_ids=[], server_change_count=1, change_set_details={mark_to_be_deleted=[4(<some_calendar>)], delete_all_marked=[4(<some_calendar>)], acl=0, calendarListEntry=0, calendarSyncInfo=0, event=118, habit=0, setting=0, other=[]}, updated_sync_state={synced_user_settings=true, synced_habits=true, synced_calendar_list=true}, bad_sync_state=false, debug_info=Ch41QjE5MTU0REJGQjUyLkE1REFBRTEuMjAwQzk0QTUYAg==, call_sync=true, }
10-14 03:10:35.500  7495  7504 W System  : A resource failed to call close. 
10-14 03:10:35.501  7495  7504 E DataBuffer: Internal data leak within a DataBuffer object detected!  Be sure to explicitly call release() on all DataBuffer extending objects when you are done with them. (internal object: com.google.android.gms.common.data.DataHolder@f0aeb0d)
10-14 03:10:35.597  7495 12197 I SyncerLog: Trigger inserted: {id=14, type=CALL_SYNC, age=0}
10-14 03:10:35.597  7495 12197 I SyncerLog: Trigger queued: {id=14} Reason: Sync In Progress
10-14 03:10:35.605  7495 12197 I SyncerLog: [2] Request: {client_change_count=0, sync_triggers=[{id=13, type=TICKLE, tickle=ANDROID_CALENDAR_ID, age=399}, {id=14, type=CALL_SYNC, age=9}]}
10-14 03:10:35.780  7495  7585 I cr_CronetUrlRequestContext: destroyNativeStreamLocked org.chromium.net.impl.CronetBidirectionalStream@26d3241
10-14 03:10:35.927  7495  7585 I cr_CronetUrlRequestContext: destroyNativeStreamLocked org.chromium.net.impl.CronetBidirectionalStream@fa43639
10-14 03:10:35.930  7495 12197 I SyncerLog: [2] Response: {applied_change_ids=[], done_change_ids=[6, 6], server_change_count=3, change_set_details={mark_to_be_deleted=[1(none), 5(none)], delete_all_marked=[1(none), 5(none)], run_cleanup=[4(<some_calendar>)], acl=0, calendarListEntry=0, calendarSyncInfo=0, event=0, habit=2, setting=26, other=[]}, updated_sync_state={synced_user_settings=true, synced_habits=true, synced_calendar_list=true}, bad_sync_state=false, debug_info=Ch41QjE5MTU0RTUwMDcwLjY2RjAzQkEuODgwMTMyMEU=, call_sync=false, }
10-14 03:10:35.965  7495  7564 W SyncerLog: [2] Client change 6: Unknown change or change already reported as done
10-14 03:10:35.980  7495 12197 I SyncerLog: Next sync scheduled in: 86399s
10-14 03:10:35.981  7495 12197 I SyncerLog: [2] Total requests: 3 (plus 0 retried)
10-14 03:10:35.982  7495 12197 I SyncerLog: [2] Sync Result: SUCCESS
10-14 03:10:36.380  2756  2903 I [Gralloc]: framebuffer hal alread move to hwcomposer
10-14 03:10:36.419  7495  7563 W TimelyStore: Lookup for recent notifications failed, ignoring.
10-14 03:10:36.419  7495  7563 I chatty  : uid=10074(com.google.android.calendar) API_0 identical 14 lines
10-14 03:10:36.419  7495  7563 W TimelyStore: Lookup for recent notifications failed, ignoring.
10-14 03:10:36.419  7495  7563 W TimelyStore: Lookup for default notifications failed, ignoring.
10-14 03:10:36.379  2953  2953 I android.display: type=1400 audit(0.0:3339): avc: denied { read } for name="gralloc.odroidn2.so" dev="mmcblk0p12" ino=705 scontext=u:r:system_server:s0 tcontext=u:object_r:vendor_file:s0 tclass=file permissive=1
10-14 03:10:36.448  7495  7563 W TimelyStore: Lookup for recent notifications failed, ignoring.
10-14 03:10:36.449  7495  7563 I chatty  : uid=10074(com.google.android.calendar) API_0 identical 14 lines
10-14 03:10:36.449  7495  7563 W TimelyStore: Lookup for recent notifications failed, ignoring.
10-14 03:10:36.449  7495  7563 W TimelyStore: Lookup for default notifications failed, ignoring.
10-14 03:10:36.379  2953  2953 I android.display: type=1400 audit(0.0:3340): avc: denied { open } for path="/vendor/lib/hw/gralloc.odroidn2.so" dev="mmcblk0p12" ino=705 scontext=u:r:system_server:s0 tcontext=u:object_r:vendor_file:s0 tclass=file permissive=1
10-14 03:10:37.008  2747  2888 D audio-subMixingFactory: out_standby_subMixingPCM: out_stream(0xee3ca000) usecase: STREAM_PCM_NORMAL
10-14 03:10:37.008  2747  2888 I audio-subMixingFactory: ++usecase_change_validate_l_sm(), dev usecase masks = 0x1, is_standby = 1, out usecase STREAM_PCM_NORMAL
10-14 03:10:37.008  2747  2888 I audio-subMixingFactory: --usecase_change_validate_l_sm(), dev usecase masks = 0, is_standby = 1, out usecase STREAM_PCM_NORMAL
10-14 03:10:37.008  2747  2888 I amlaudioMixer: ++delete_mixer_input_port port ID: 0
10-14 03:10:37.010  2747  2907 E amlaudioMixer: mixer_do_mixing_16bit(), sys or direct pcm must exist!!!
10-14 03:10:37.020  7495 12250 E CalendarSyncAdapter: GoogleJsonResponseException, ignoring rest of feed
10-14 03:10:37.020  7495 12250 E CalendarSyncAdapter: com.google.api.client.googleapis.json.GoogleJsonResponseException: 410 Gone
10-14 03:10:37.020  7495 12250 E CalendarSyncAdapter: {
10-14 03:10:37.020  7495 12250 E CalendarSyncAdapter:   "code": 410,
10-14 03:10:37.020  7495 12250 E CalendarSyncAdapter:   "errors": [
10-14 03:10:37.020  7495 12250 E CalendarSyncAdapter:     {
10-14 03:10:37.020  7495 12250 E CalendarSyncAdapter:       "domain": "calendar",
10-14 03:10:37.020  7495 12250 E CalendarSyncAdapter:       "location": "updatedMin",
10-14 03:10:37.020  7495 12250 E CalendarSyncAdapter:       "locationType": "parameter",
10-14 03:10:37.020  7495 12250 E CalendarSyncAdapter:       "message": "The requested minimum modification time lies too far in the past.",
10-14 03:10:37.020  7495 12250 E CalendarSyncAdapter:       "reason": "updatedMinTooLongAgo"
10-14 03:10:37.020  7495 12250 E CalendarSyncAdapter:     }
10-14 03:10:37.020  7495 12250 E CalendarSyncAdapter:   ],
10-14 03:10:37.020  7495 12250 E CalendarSyncAdapter:   "message": "The requested minimum modification time lies too far in the past."
10-14 03:10:37.020  7495 12250 E CalendarSyncAdapter: }
10-14 03:10:37.020  7495 12250 E CalendarSyncAdapter: 	at cal.vfw.a(Unknown Source:306)
10-14 03:10:37.020  7495 12250 E CalendarSyncAdapter: 	at cal.vfr.a(PG:2)
10-14 03:10:37.020  7495 12250 E CalendarSyncAdapter: 	at cal.vgg.a(PG:154)
10-14 03:10:37.020  7495 12250 E CalendarSyncAdapter: 	at cal.vbx.b(PG:36)
10-14 03:10:37.020  7495 12250 E CalendarSyncAdapter: 	at cal.bny.h(PG:4)
10-14 03:10:37.020  7495 12250 E CalendarSyncAdapter: 	at cal.bny.run(PG:50)
10-14 03:10:37.020  7495 12250 E CalendarSyncAdapter: 	at cal.vbx.run(PG:55)
10-14 03:10:37.020  7495 12250 E CalendarSyncAdapter: 	at java.lang.Thread.run(Thread.java:764)
10-14 03:10:37.025  7495 12228 E SyncLog : Partial sync unavailable.
10-14 03:10:37.025  7495 12228 E SyncLog : java.lang.Throwable
10-14 03:10:37.025  7495 12228 E SyncLog : 	at cal.vau.a(PG:535)
10-14 03:10:37.025  7495 12228 E SyncLog : 	at cal.vau.d(PG:859)
10-14 03:10:37.025  7495 12228 E SyncLog : 	at cal.vau.c(PG:692)
10-14 03:10:37.025  7495 12228 E SyncLog : 	at cal.vau.a(PG:625)
10-14 03:10:37.025  7495 12228 E SyncLog : 	at cal.ata.onPerformSync(PG:5)
10-14 03:10:37.025  7495 12228 E SyncLog : 	at android.content.AbstractThreadedSyncAdapter$SyncThread.run(AbstractThreadedSyncAdapter.java:334)
10-14 03:10:37.032  7495 12228 W CalendarSyncAdapter: Partial sync unavailable for -683898382. Requesting full sync
10-14 03:10:37.048  7495  7563 W TimelyStore: Lookup for recent notifications failed, ignoring.
10-14 03:10:37.049  7495  7563 I chatty  : uid=10074(com.google.android.calendar) API_0 identical 14 lines
10-14 03:10:37.049  7495  7563 W TimelyStore: Lookup for recent notifications failed, ignoring.
10-14 03:10:37.049  7495  7563 W TimelyStore: Lookup for default notifications failed, ignoring.
10-14 03:10:37.093  7495 12228 E ConsistencyChecker: Aborting check: FEED_UPDATE_TIME == null
10-14 03:10:37.157  7495 12252 W DynamiteModule: Local module descriptor class for com.google.android.gms.providerinstaller not found.
10-14 03:10:37.161  3483  3500 W ProviderHelper: Unknown dynamite feature providerinstaller
10-14 03:10:37.163  7495 12252 W ProviderInstaller: Failed to load providerinstaller module: No acceptable module found. Local version is 0 and remote version is 0.
10-14 03:10:37.165  7495 12252 W cal.vfq : Application name is not set. Call Builder#setApplicationName.
10-14 03:10:37.681  7495  7563 W TimelyStore: Lookup for recent notifications failed, ignoring.
10-14 03:10:37.681  7495  7563 I chatty  : uid=10074(com.google.android.calendar) API_0 identical 14 lines
10-14 03:10:37.681  7495  7563 W TimelyStore: Lookup for recent notifications failed, ignoring.
10-14 03:10:37.681  7495  7563 W TimelyStore: Lookup for default notifications failed, ignoring.
10-14 03:10:37.691  7215  8156 W ContentResolver: Failed to get type for: content://com.android.calendar (Unknown URL content://com.android.calendar)
10-14 03:10:37.790  7215  8156 I chatty  : uid=10008(com.android.providers.calendar) Binder:7215_6 identical 62 lines
10-14 03:10:37.792  7215  8156 W ContentResolver: Failed to get type for: content://com.android.calendar (Unknown URL content://com.android.calendar)
10-14 03:10:37.809  7495  7563 W TimelyStore: Lookup for recent notifications failed, ignoring.
10-14 03:10:37.809  7495  7563 I chatty  : uid=10074(com.google.android.calendar) API_0 identical 14 lines
10-14 03:10:37.809  7495  7563 W TimelyStore: Lookup for recent notifications failed, ignoring.
10-14 03:10:37.809  7495  7563 W TimelyStore: Lookup for default notifications failed, ignoring.
10-14 03:10:37.818  7495  7563 W TimelyStore: Lookup for recent notifications failed, ignoring.
10-14 03:10:37.818  7495  7563 I chatty  : uid=10074(com.google.android.calendar) API_0 identical 14 lines
10-14 03:10:37.818  7495  7563 W TimelyStore: Lookup for recent notifications failed, ignoring.
10-14 03:10:37.818  7495  7563 W TimelyStore: Lookup for default notifications failed, ignoring.
10-14 03:10:38.584  7215  8156 W ContentResolver: Failed to get type for: content://com.android.calendar (Unknown URL content://com.android.calendar)
10-14 03:10:38.594  7215  8156 I chatty  : uid=10008(com.android.providers.calendar) Binder:7215_6 identical 2 lines
10-14 03:10:38.606  7215  8156 W ContentResolver: Failed to get type for: content://com.android.calendar (Unknown URL content://com.android.calendar)
10-14 03:10:38.614  7495  7495 D InputEventConsistencyVerifier: TouchEvent: ACTION_MOVE contained 1 pointers but there are currently 0 pointers down.
10-14 03:10:38.614  7495  7495 D InputEventConsistencyVerifier:   in android.view.ScaleGestureDetector@3753d87
10-14 03:10:38.614  7495  7495 D InputEventConsistencyVerifier:   0: sent at 10690475993886, MotionEvent { action=ACTION_MOVE, actionButton=0, id[0]=0, x[0]=950.7143, y[0]=346.9699, toolType[0]=TOOL_TYPE_MOUSE, buttonState=BUTTON_PRIMARY, metaState=0, flags=0x0, edgeFlags=0x0, pointerCount=1, historySize=2, eventTime=10690475, downTime=10690407, deviceId=4, source=0x2002 }
10-14 03:10:38.614  7495  7495 D InputEventConsistencyVerifier:   -- recent events --
10-14 03:10:38.614  7495  7495 D InputEventConsistencyVerifier:   1: sent at 10640851559000, MotionEvent { action=ACTION_UP, actionButton=0, id[0]=0, x[0]=221.13583, y[0]=314.17966, toolType[0]=TOOL_TYPE_MOUSE, buttonState=0, metaState=0, flags=0x80000000, edgeFlags=0x0, pointerCount=1, historySize=0, eventTime=10640851, downTime=10640643, deviceId=4, source=0x2002 }
10-14 03:10:38.614  7495  7495 D InputEventConsistencyVerifier:   2: sent at 10640844909467, MotionEvent { action=ACTION_MOVE, actionButton=0, id[0]=0, x[0]=221.13583, y[0]=314.17966, toolType[0]=TOOL_TYPE_MOUSE, buttonState=BUTTON_PRIMARY, metaState=0, flags=0x80000000, edgeFlags=0x0, pointerCount=1, historySize=2, eventTime=10640844, downTime=10640643, deviceId=4, source=0x2002 }
10-14 03:10:38.614  7495  7495 D InputEventConsistencyVerifier:   3: sent at 10640827975894, MotionEvent { action=ACTION_MOVE, actionButton=0, id[0]=0, x[0]=285.1769, y[0]=314.17966, toolType[0]=TOOL_TYPE_MOUSE, buttonState=BUTTON_PRIMARY, metaState=0, flags=0x80000000, edgeFlags=0x0, pointerCount=1, historySize=3, eventTime=10640827, downTime=10640643, deviceId=4, source=0x2002 }
10-14 03:10:38.614  7495  7495 D InputEventConsistencyVerifier:   4: sent at 10640811042292, MotionEvent { action=ACTION_MOVE, actionButton=0, id[0]=0, x[0]=462.81982, y[0]=317.17966, toolType[0]=TOOL_TYPE_MOUSE, buttonState=BUTTON_PRIMARY, metaState=0, flags=0x80000000, edgeFlags=0x0, pointerCount=1, historySize=2, eventTime=10640811, downTime=10640643, deviceId=4, source=0x2002 }
10-14 03:10:38.614  7495  7495 D InputEventConsistencyVerifier:   5: sent at 10640794108679, MotionEvent { action=ACTION_MOVE, actionButton=0, id[0]=0, x[0]=609.8198, y[0]=320.17966, toolType[0]=TOOL_TYPE_MOUSE, buttonState=BUTTON_PRIMARY, metaState=0, flags=0x80000000, edgeFlags=0x0, pointerCount=1, historySize=2, eventTime=10640794, downTime=10640643, deviceId=4, source=0x2002 }
10-14 03:10:38.621  7215  8156 W ContentResolver: Failed to get type for: content://com.android.calendar (Unknown URL content://com.android.calendar)
10-14 03:10:38.692  7215  8156 I chatty  : uid=10008(com.android.providers.calendar) Binder:7215_6 identical 6 lines
10-14 03:10:38.698  7215  8156 W ContentResolver: Failed to get type for: content://com.android.calendar (Unknown URL content://com.android.calendar)
10-14 03:10:38.704  7495  7495 D InputEventConsistencyVerifier: GenericMotionEvent: Action button for ACTION_BUTTON_RELEASE event is 1, but it was either never pressed or has already been released.
10-14 03:10:38.704  7495  7495 D InputEventConsistencyVerifier:   in cal.ddn{1fe33c3 VFED..C.. ........ 135,323-328,413}
10-14 03:10:38.704  7495  7495 D InputEventConsistencyVerifier:   0: sent at 10690567553000, MotionEvent { action=ACTION_BUTTON_RELEASE, actionButton=BUTTON_PRIMARY, id[0]=0, x[0]=182.30695, y[0]=29.368744, toolType[0]=TOOL_TYPE_MOUSE, buttonState=0, metaState=0, flags=0x0, edgeFlags=0x0, pointerCount=1, historySize=0, eventTime=10690567, downTime=10690407, deviceId=4, source=0x2002 }
10-14 03:10:38.704  7495  7495 D InputEventConsistencyVerifier:   -- recent events --
10-14 03:10:38.704  7495  7495 D InputEventConsistencyVerifier:   1: sent at 10689687566000, (unhandled) MotionEvent { action=ACTION_SCROLL, actionButton=0, id[0]=0, x[0]=145.534, y[0]=1.5926208, toolType[0]=TOOL_TYPE_MOUSE, buttonState=0, metaState=0, flags=0x0, edgeFlags=0x0, pointerCount=1, historySize=0, eventTime=10689687, downTime=10685679, deviceId=4, source=0x2002 }
10-14 03:10:38.704  7495  7495 D InputEventConsistencyVerifier:   2: sent at 10689639561000, (unhandled) MotionEvent { action=ACTION_SCROLL, actionButton=0, id[0]=0, x[0]=145.534, y[0]=1.5926208, toolType[0]=TOOL_TYPE_MOUSE, buttonState=0, metaState=0, flags=0x0, edgeFlags=0x0, pointerCount=1, historySize=0, eventTime=10689639, downTime=10685679, deviceId=4, source=0x2002 }
10-14 03:10:38.710  7215  8156 W ContentResolver: Failed to get type for: content://com.android.calendar (Unknown URL content://com.android.calendar)
10-14 03:10:38.719  7215  8156 W ContentResolver: Failed to get type for: content://com.android.calendar (Unknown URL content://com.android.calendar)
10-14 03:10:38.728  7495  7495 W View    : requestLayout() improperly called by cal.tf{a1e3886 V.ED..... ......ID 0,0-186,36 #7f0b0122 app:id/date_picker_text_view} during layout: running second layout pass
10-14 03:10:38.728  7215  8156 W ContentResolver: Failed to get type for: content://com.android.calendar (Unknown URL content://com.android.calendar)
10-14 03:10:38.770  7215  8156 I chatty  : uid=10008(com.android.providers.calendar) Binder:7215_6 identical 4 lines
10-14 03:10:38.780  7215  8156 W ContentResolver: Failed to get type for: content://com.android.calendar (Unknown URL content://com.android.calendar)
10-14 03:10:38.814  7495  7563 W TimelyStore: Lookup for recent notifications failed, ignoring.
10-14 03:10:38.814  7495  7563 I chatty  : uid=10074(com.google.android.calendar) API_0 identical 14 lines
10-14 03:10:38.814  7495  7563 W TimelyStore: Lookup for recent notifications failed, ignoring.
10-14 03:10:38.814  7495  7563 W TimelyStore: Lookup for default notifications failed, ignoring.
10-14 03:10:38.971  7215  7360 W ContentResolver: Failed to get type for: content://com.android.calendar (Unknown URL content://com.android.calendar)
10-14 03:10:39.100  7215  7360 I chatty  : uid=10008(com.android.providers.calendar) Binder:7215_5 identical 18 lines
10-14 03:10:39.106  7215  7360 W ContentResolver: Failed to get type for: content://com.android.calendar (Unknown URL content://com.android.calendar)
10-14 03:10:39.122  7495  7563 W TimelyStore: Lookup for recent notifications failed, ignoring.
10-14 03:10:39.124  7495  7563 I chatty  : uid=10074(com.google.android.calendar) API_0 identical 14 lines
10-14 03:10:39.124  7495  7563 W TimelyStore: Lookup for recent notifications failed, ignoring.
10-14 03:10:39.124  7495  7563 W TimelyStore: Lookup for default notifications failed, ignoring.
10-14 03:10:39.211  7215  7360 W ContentResolver: Failed to get type for: content://com.android.calendar (Unknown URL content://com.android.calendar)
10-14 03:10:39.281  7215  7360 I chatty  : uid=10008(com.android.providers.calendar) Binder:7215_5 identical 11 lines
10-14 03:10:39.294  7215  7360 W ContentResolver: Failed to get type for: content://com.android.calendar (Unknown URL content://com.android.calendar)
10-14 03:10:39.303  7495  7563 W TimelyStore: Lookup for recent notifications failed, ignoring.
10-14 03:10:39.303  7495  7563 I chatty  : uid=10074(com.google.android.calendar) API_0 identical 14 lines
10-14 03:10:39.303  7495  7563 W TimelyStore: Lookup for recent notifications failed, ignoring.
10-14 03:10:39.303  7495  7563 W TimelyStore: Lookup for default notifications failed, ignoring.
10-14 03:10:39.339  7215  7360 W ContentResolver: Failed to get type for: content://com.android.calendar (Unknown URL content://com.android.calendar)
10-14 03:10:39.384  7495  7563 W TimelyStore: Lookup for recent notifications failed, ignoring.
10-14 03:10:39.384  7495  7563 I chatty  : uid=10074(com.google.android.calendar) API_0 identical 14 lines
10-14 03:10:39.384  7495  7563 W TimelyStore: Lookup for recent notifications failed, ignoring.
10-14 03:10:39.384  7495  7563 W TimelyStore: Lookup for default notifications failed, ignoring.
10-14 03:10:39.391  7495  7563 W TimelyStore: Lookup for recent notifications failed, ignoring.
10-14 03:10:39.391  7495  7563 I chatty  : uid=10074(com.google.android.calendar) API_0 identical 14 lines
10-14 03:10:39.391  7495  7563 W TimelyStore: Lookup for recent notifications failed, ignoring.
10-14 03:10:39.391  7495  7563 W TimelyStore: Lookup for default notifications failed, ignoring.
10-14 03:10:39.482  7495 12307 W DynamiteModule: Local module descriptor class for com.google.android.gms.providerinstaller not found.
10-14 03:10:39.484  3483  6635 W ProviderHelper: Unknown dynamite feature providerinstaller
10-14 03:10:39.487  7495 12307 W ProviderInstaller: Failed to load providerinstaller module: No acceptable module found. Local version is 0 and remote version is 0.
10-14 03:10:39.490  7495 12307 W cal.vfq : Application name is not set. Call Builder#setApplicationName.
10-14 03:10:40.159  7495  7563 W TimelyStore: Lookup for recent notifications failed, ignoring.
10-14 03:10:40.159  7495  7563 I chatty  : uid=10074(com.google.android.calendar) API_0 identical 14 lines
10-14 03:10:40.159  7495  7563 W TimelyStore: Lookup for recent notifications failed, ignoring.
10-14 03:10:40.159  7495  7563 W TimelyStore: Lookup for default notifications failed, ignoring.
10-14 03:10:40.184  7495  7563 W TimelyStore: Lookup for recent notifications failed, ignoring.
10-14 03:10:40.184  7495  7563 I chatty  : uid=10074(com.google.android.calendar) API_0 identical 14 lines
10-14 03:10:40.184  7495  7563 W TimelyStore: Lookup for recent notifications failed, ignoring.
10-14 03:10:40.184  7495  7563 W TimelyStore: Lookup for default notifications failed, ignoring.
10-14 03:10:40.530  7495  7495 D InputEventConsistencyVerifier: GenericMotionEvent: Action button for ACTION_BUTTON_PRESS event is 1, but it has already been pressed and has yet to be released.
10-14 03:10:40.530  7495  7495 D InputEventConsistencyVerifier:   in android.view.View{b4dc262 V.ED..... ........ 469,0-1360,594 #7f0b0144 app:id/drag_up_view}
10-14 03:10:40.530  7495  7495 D InputEventConsistencyVerifier:   0: sent at 10692395558000, MotionEvent { action=ACTION_BUTTON_PRESS, actionButton=BUTTON_PRIMARY, id[0]=0, x[0]=277.93878, y[0]=310.3459, toolType[0]=TOOL_TYPE_MOUSE, buttonState=BUTTON_PRIMARY, metaState=0, flags=0x0, edgeFlags=0x0, pointerCount=1, historySize=0, eventTime=10692395, downTime=10692395, deviceId=4, source=0x2002 }
10-14 03:10:40.530  7495  7495 D InputEventConsistencyVerifier:   -- recent events --
10-14 03:10:40.530  7495  7495 D InputEventConsistencyVerifier:   1: sent at 10692395558000, (unhandled) MotionEvent { action=ACTION_DOWN, actionButton=0, id[0]=0, x[0]=277.93878, y[0]=310.3459, toolType[0]=TOOL_TYPE_MOUSE, buttonState=BUTTON_PRIMARY, metaState=0, flags=0x0, edgeFlags=0x0, pointerCount=1, historySize=0, eventTime=10692395, downTime=10692395, deviceId=4, source=0x2002 }
10-14 03:10:40.530  7495  7495 D InputEventConsistencyVerifier:   2: sent at 10692395558000, (unhandled) MotionEvent { action=ACTION_HOVER_EXIT, actionButton=0, id[0]=0, x[0]=277.93878, y[0]=310.3459, toolType[0]=TOOL_TYPE_MOUSE, buttonState=BUTTON_PRIMARY, metaState=0, flags=0x0, edgeFlags=0x0, pointerCount=1, historySize=0, eventTime=10692395, downTime=10692395, deviceId=4, source=0x2002 }
10-14 03:10:40.530  7495  7495 D InputEventConsistencyVerifier:   3: sent at 10692307534000, (unhandled) MotionEvent { action=ACTION_HOVER_MOVE, actionButton=0, id[0]=0, x[0]=277.93878, y[0]=310.3459, toolType[0]=TOOL_TYPE_MOUSE, buttonState=0, metaState=0, flags=0x0, edgeFlags=0x0, pointerCount=1, historySize=0, eventTime=10692307, downTime=10690407, deviceId=4, source=0x2002 }
10-14 03:10:40.530  7495  7495 D InputEventConsistencyVerifier:   4: sent at 10692299557000, (unhandled) MotionEvent { action=ACTION_HOVER_MOVE, actionButton=0, id[0]=0, x[0]=278.93878, y[0]=312.3459, toolType[0]=TOOL_TYPE_MOUSE, buttonState=0, metaState=0, flags=0x0, edgeFlags=0x0, pointerCount=1, historySize=1, eventTime=10692299, downTime=10690407, deviceId=4, source=0x2002 }
10-14 03:10:40.530  7495  7495 D InputEventConsistencyVerifier:   5: sent at 10692283550000, (unhandled) MotionEvent { action=ACTION_HOVER_MOVE, actionButton=0, id[0]=0, x[0]=274.79565, y[0]=315.489, toolType[0]=TOOL_TYPE_MOUSE, buttonState=0, metaState=0, flags=0x0, edgeFlags=0x0, pointerCount=1, historySize=1, eventTime=10692283, downTime=10690407, deviceId=4, source=0x2002 }
10-14 03:10:40.596  7495  7495 D InputEventConsistencyVerifier: TouchEvent: ACTION_MOVE contained 1 pointers but there are currently 0 pointers down.
10-14 03:10:40.596  7495  7495 D InputEventConsistencyVerifier:   in android.view.ScaleGestureDetector@3753d87
10-14 03:10:40.596  7495  7495 D InputEventConsistencyVerifier:   0: sent at 10692457618521, MotionEvent { action=ACTION_MOVE, actionButton=0, id[0]=0, x[0]=718.8771, y[0]=311.4109, toolType[0]=TOOL_TYPE_MOUSE, buttonState=BUTTON_PRIMARY, metaState=0, flags=0x0, edgeFlags=0x0, pointerCount=1, historySize=2, eventTime=10692457, downTime=10692395, deviceId=4, source=0x2002 }
10-14 03:10:40.596  7495  7495 D InputEventConsistencyVerifier:   -- recent events --
10-14 03:10:40.596  7495  7495 D InputEventConsistencyVerifier:   1: sent at 10690567553000, MotionEvent { action=ACTION_UP, actionButton=0, id[0]=0, x[0]=317.30695, y[0]=352.36874, toolType[0]=TOOL_TYPE_MOUSE, buttonState=0, metaState=0, flags=0x80000000, edgeFlags=0x0, pointerCount=1, historySize=0, eventTime=10690567, downTime=10690407, deviceId=4, source=0x2002 }
10-14 03:10:40.596  7495  7495 D InputEventConsistencyVerifier:   2: sent at 10690560992465, MotionEvent { action=ACTION_MOVE, actionButton=0, id[0]=0, x[0]=343.6941, y[0]=349.9699, toolType[0]=TOOL_TYPE_MOUSE, buttonState=BUTTON_PRIMARY, metaState=0, flags=0x80000000, edgeFlags=0x0, pointerCount=1, historySize=2, eventTime=10690560, downTime=10690407, deviceId=4, source=0x2002 }
10-14 03:10:40.596  7495  7495 D InputEventConsistencyVerifier:   3: sent at 10690543715706, MotionEvent { action=ACTION_MOVE, actionButton=0, id[0]=0, x[0]=435.56085, y[0]=346.9699, toolType[0]=TOOL_TYPE_MOUSE, buttonState=BUTTON_PRIMARY, metaState=0, flags=0x80000000, edgeFlags=0x0, pointerCount=1, historySize=3, eventTime=10690543, downTime=10690407, deviceId=4, source=0x2002 }
10-14 03:10:40.596  7495  7495 D InputEventConsistencyVerifier:   4: sent at 10690526785247, MotionEvent { action=ACTION_MOVE, actionButton=0, id[0]=0, x[0]=624.56085, y[0]=346.9699, toolType[0]=TOOL_TYPE_MOUSE, buttonState=BUTTON_PRIMARY, metaState=0, flags=0x80000000, edgeFlags=0x0, pointerCount=1, historySize=2, eventTime=10690526, downTime=10690407, deviceId=4, source=0x2002 }
10-14 03:10:40.596  7495  7495 D InputEventConsistencyVerifier:   5: sent at 10690509854805, MotionEvent { action=ACTION_MOVE, actionButton=0, id[0]=0, x[0]=756.56085, y[0]=346.9699, toolType[0]=TOOL_TYPE_MOUSE, buttonState=BUTTON_PRIMARY, metaState=0, flags=0x80000000, edgeFlags=0x0, pointerCount=1, historySize=2, eventTime=10690509, downTime=10690407, deviceId=4, source=0x2002 }
10-14 03:10:40.672  7215  7234 W ContentResolver: Failed to get type for: content://com.android.calendar (Unknown URL content://com.android.calendar)
