--------- beginning of system
10-14 03:08:00.003  2953  2953 I ActivityManager: Killing 25583:com.kakao.talk/u0a80 (adj 904): empty for 1810s
--------- beginning of main
10-14 03:08:00.004  2953  2972 W libprocessgroup: kill(-25583, 9) failed: No such process
10-14 03:08:00.049  2953  2972 W libprocessgroup: kill(-25583, 9) failed: No such process
10-14 03:08:00.073  2740  2740 I Zygote  : Process 25583 exited due to signal (9)
10-14 03:08:00.079  2953  6838 D ConnectivityService: ConnectivityService NetworkRequestInfo binderDied(NetworkRequest [ LISTEN id=273, [ Capabilities: INTERNET&NOT_RESTRICTED&TRUSTED Unwanted:  Uid: 10080] ], android.os.BinderProxy@9ac153)
10-14 03:08:00.083  2760  2760 I memtrack@1.0-se: type=1400 audit(0.0:3271): avc: denied { read } for name="mem_profile" dev="debugfs" ino=19255 scontext=u:r:hal_memtrack_default:s0 tcontext=u:object_r:debugfs:s0 tclass=file permissive=1
10-14 03:08:00.083  2760  2760 I memtrack@1.0-se: type=1400 audit(0.0:3272): avc: denied { open } for path="/sys/kernel/debug/mali0/ctx/3527_4/mem_profile" dev="debugfs" ino=19255 scontext=u:r:hal_memtrack_default:s0 tcontext=u:object_r:debugfs:s0 tclass=file permissive=1
10-14 03:08:00.083  2760  2760 I memtrack@1.0-se: type=1400 audit(0.0:3273): avc: denied { getattr } for path="/sys/kernel/debug/mali0/ctx/3527_4/mem_profile" dev="debugfs" ino=19255 scontext=u:r:hal_memtrack_default:s0 tcontext=u:object_r:debugfs:s0 tclass=file permissive=1
10-14 03:08:00.084  2953  2977 W ActivityManager: setHasOverlayUi called on unknown pid: 25583
10-14 03:08:00.103  2953  2972 W libprocessgroup: kill(-25583, 9) failed: No such process
10-14 03:08:00.103  2953  2972 I libprocessgroup: Successfully killed process cgroup uid 10080 pid 25583 in 99ms
10-14 03:08:01.180  4078  4078 D skia    : --- Failed to create image decoder with message 'unimplemented'
10-14 03:08:35.224  2953  3083 I ActivityManager: START u0 {act=android.intent.action.MAIN cat=[android.intent.category.LAUNCHER] flg=0x10200000 cmp=com.google.android.calendar/com.android.calendar.AllInOneActivity bnds=[655,31][856,162]} from uid 10024
10-14 03:08:31.256  4078  4078 I chatty  : uid=10079(com.antutu.ABenchMark) identical 6 lines
10-14 03:08:31.270  4078  4078 D skia    : --- Failed to create image decoder with message 'unimplemented'
10-14 03:08:35.226  2747  7191 W amlaudioMixer: mixer_get_presentation_position(), port not ready now
10-14 03:08:35.227  2747  7191 W audio-subMixingFactory: out_get_presentation_position_port(), pts not valid yet
10-14 03:08:35.227  2747  7191 I audio-subMixingFactory: ++usecase_change_validate_l_sm: dev usecase masks = 0, out usecase_masks = 0, out usecase STREAM_PCM_NORMAL
10-14 03:08:35.227  2747  7191 I audio-subMixingFactory: ++++usecase_change_validate_l_sm(),continuous_audio_mode 0 dev usecase masks = 0, out usecase_masks = 0, out usecase STREAM_PCM_NORMAL
10-14 03:08:35.227  2747  7191 I audio-subMixingFactory: usecase_change_validate_l_sm(), mixer_aux_buffer_write_sm !
10-14 03:08:35.227  2747  7191 I audio-subMixingFactory: ----usecase_change_validate_l_sm(), continuous_audio_mode 0 dev usecase masks = 0x1, out usecase_masks = 0x1, out usecase STREAM_PCM_NORMAL
10-14 03:08:35.227  2747  7191 I aml_audio_port: get_input_port_index(), samplerate 48000
10-14 03:08:35.227  2747  7191 D aml_audio_port: new_input_port(), index:0, rbuf size:8192, direct_on:0
10-14 03:08:35.227  2747  7191 D aml_audio_port: new_input_port(), fmt 0x1, rate 48000
10-14 03:08:35.227  2747  7191 I amlaudioMixer: ++init_mixer_input_port port index 0, size 512 frames
10-14 03:08:35.227  2747  7191 I amlaudioMixer: init_mixer_input_port(), port->initial_frames: 80696320
10-14 03:08:35.227  2747  7191 I aml_audio_port: get_input_port_index(), samplerate 48000
10-14 03:08:35.227  2747  7191 I audio-subMixingFactory: mixer_aux_buffer_write_sm(), primary 0xee3ca000 port index = 0
10-14 03:08:35.227  2747  7191 I audio-subMixingFactory: padding_bytes 16384
10-14 03:08:35.227  2747  7191 I amlaudioMixer: port index 0 is active now
10-14 03:08:35.227  2747  7191 I audio-subMixingFactory: padding_bytes 14336
10-14 03:08:35.227  2747  7191 I audio-subMixingFactory: padding_bytes 12288
10-14 03:08:35.227  2747  7191 I audio-subMixingFactory: padding_bytes 10240
10-14 03:08:35.227  2747  7191 I audio-subMixingFactory: padding_bytes 8192
10-14 03:08:35.227  2747  7191 I audio-subMixingFactory: padding_bytes 6144
10-14 03:08:35.231  2747  7191 I audio-subMixingFactory: padding_bytes 4096
10-14 03:08:35.234  2747  7191 I audio-subMixingFactory: padding_bytes 2048
10-14 03:08:35.249  2747  7191 W amlaudioMixer: mixer_get_presentation_position(), not valid now
10-14 03:08:35.249  2747  7191 W audio-subMixingFactory: out_get_presentation_position_port(), pts not valid yet
10-14 03:08:35.251  2953  2971 I ActivityManager: Start proc 7495:com.google.android.calendar/u0a74 for activity com.google.android.calendar/com.android.calendar.AllInOneActivity
10-14 03:08:35.251  7495  7495 I Zygote  : seccomp disabled by setenforce 0
10-14 03:08:35.258  7495  7495 W ndroid.calenda: Using default instruction set features for ARM CPU variant (cortex-a9) using conservative defaults
10-14 03:08:35.277  2953  3083 I ActivityManager: Killing 25935:com.google.android.gms.unstable/u0a64 (adj 904): empty for 1812s
10-14 03:08:35.277  2953  3083 I ActivityManager: Killing 11359:com.android.chrome/u0a84 (adj 904): empty for 1819s
10-14 03:08:35.278  2953  2972 W libprocessgroup: kill(-25935, 9) failed: No such process
10-14 03:08:35.290  2766  2911 D AudioFlinger: mixer(0xeb583ac0) throttle end: throttle time(8)
10-14 03:08:35.321  2953  2972 W libprocessgroup: kill(-25935, 9) failed: No such process
10-14 03:08:35.326  2740  2740 I Zygote  : Process 25935 exited due to signal (9)
10-14 03:08:35.329  2740  2740 I Zygote  : Process 11359 exited due to signal (9)
10-14 03:08:35.346  7495  7518 W ndroid.calenda: Accessing hidden field Ljava/util/Collections$SynchronizedCollection;->mutex:Ljava/lang/Object; (dark greylist, reflection)
10-14 03:08:35.347  7495  7518 W ndroid.calenda: Accessing hidden method Ljava/util/Collections$SynchronizedSet;-><init>(Ljava/util/Set;Ljava/lang/Object;)V (dark greylist, reflection)
10-14 03:08:35.347  7495  7518 W ndroid.calenda: Accessing hidden method Ljava/util/Collections$SynchronizedCollection;-><init>(Ljava/util/Collection;Ljava/lang/Object;)V (dark greylist, reflection)
10-14 03:08:35.365  2953  2972 W libprocessgroup: kill(-25935, 9) failed: No such process
10-14 03:08:35.365  2953  2972 I libprocessgroup: Successfully killed process cgroup uid 10064 pid 25935 in 87ms
10-14 03:08:35.365  2953  2972 W libprocessgroup: kill(-11359, 9) failed: No such process
10-14 03:08:35.365  2953  2972 I libprocessgroup: Successfully killed process cgroup uid 10084 pid 11359 in 0ms
10-14 03:08:35.545  7495  7563 W TimelyStore: Lookup for default notifications failed, ignoring.
10-14 03:08:35.547  7495  7566 I c.xhs   : Obtained writable database SQLiteDatabase/93629174 instance with path /data/user/0/com.google.android.calendar/databases/cal_v2a
10-14 03:08:35.550  7495  7564 I c.xfz   : The schema version is 15, the database version is 15, and there are 0 migrations
10-14 03:08:35.563  2953  6663 I ActivityManager: START u0 {act=android.intent.action.MAIN cat=[android.intent.category.LAUNCHER] flg=0x10200000 cmp=com.google.android.calendar/.AllInOneCalendarActivity bnds=[655,31][856,162] (has extras)} from uid 10074
10-14 03:08:35.611  2756  2903 I [Gralloc]: framebuffer hal alread move to hwcomposer
10-14 03:08:35.626  7495  7495 W ActivityThread: handleWindowVisibility: no activity for token android.os.BinderProxy@2ad113a
10-14 03:08:35.619  2768  2768 I Binder:2768_1: type=1400 audit(0.0:3274): avc: denied { read } for name="gralloc.odroidn2.so" dev="mmcblk0p12" ino=705 scontext=u:r:surfaceflinger:s0 tcontext=u:object_r:vendor_file:s0 tclass=file permissive=1
10-14 03:08:35.715  2756  2903 I [Gralloc]: framebuffer hal alread move to hwcomposer
10-14 03:08:35.619  2768  2768 I Binder:2768_1: type=1400 audit(0.0:3276): avc: denied { getattr } for path="/vendor/lib/hw/gralloc.odroidn2.so" dev="mmcblk0p12" ino=705 scontext=u:r:surfaceflinger:s0 tcontext=u:object_r:vendor_file:s0 tclass=file permissive=1
10-14 03:08:35.760  7495  7495 W ndroid.calenda: Unsupported class loader
10-14 03:08:35.762  7495  7495 W ndroid.calenda: Skipping duplicate class check due to unsupported classloader
10-14 03:08:35.772  7495  7495 W ndroid.calenda: Unknown chunk type '200'.
10-14 03:08:35.786  7495  7495 W ndroid.calenda: Unsupported class loader
10-14 03:08:35.787  7495  7495 W ndroid.calenda: Skipping duplicate class check due to unsupported classloader
10-14 03:08:35.619  2953  2953 I android.anim: type=1400 audit(0.0:3277): avc: denied { read } for name="gralloc.odroidn2.so" dev="mmcblk0p12" ino=705 scontext=u:r:system_server:s0 tcontext=u:object_r:vendor_file:s0 tclass=file permissive=1
10-14 03:08:35.836  2953  6973 D ConnectivityService: requestNetwork for uid/pid:10074/7495 NetworkRequest [ TRACK_DEFAULT id=278, [ Capabilities: INTERNET&NOT_RESTRICTED&TRUSTED Unwanted:  Uid: 10074] ]
10-14 03:08:35.837  2953  3062 D Ethernet: got request NetworkRequest [ TRACK_DEFAULT id=278, [ Capabilities: INTERNET&NOT_RESTRICTED&TRUSTED Unwanted:  Uid: 10074] ] with score 70
10-14 03:08:35.838  2953  3039 D WIFI    : got request NetworkRequest [ TRACK_DEFAULT id=278, [ Capabilities: INTERNET&NOT_RESTRICTED&TRUSTED Unwanted:  Uid: 10074] ] with score 70
10-14 03:08:35.838  2953  3039 D WIFI_UT : got request NetworkRequest [ TRACK_DEFAULT id=278, [ Capabilities: INTERNET&NOT_RESTRICTED&TRUSTED Unwanted:  Uid: 10074] ] with score 70
10-14 03:08:35.838  3169  3169 D PhoneSwitcherNetworkRequstListener: got request NetworkRequest [ TRACK_DEFAULT id=278, [ Capabilities: INTERNET&NOT_RESTRICTED&TRUSTED Unwanted:  Uid: 10074] ] with score 70
10-14 03:08:35.854  7495  7495 I cr_CronetLibraryLoader: Cronet version: 85.0.4183.81, arch: armv8l
10-14 03:08:35.964  3483  3483 W SystemServiceRegistry: No service published for: persistent_data_block
10-14 03:08:35.995  7495  7495 W BottomSheetBehavior: Bypassing setStateInternal due to null viewRef.
10-14 03:08:35.997  7495  7495 W BottomSheetBehavior: Bypassing setStateInternal due to null viewRef.
10-14 03:08:36.034  7495  7495 W Binder  : To use Binder more efficiently, your android_binary target should include "//java/com/google/android/libraries/stitch/binder:rootmodule" in srcs.
10-14 03:08:36.076  7495  7495 D OpenGLRenderer: Skia GL Pipeline
10-14 03:08:36.100  7495  7531 I SyncerLog: Next sync scheduled in: 0s
10-14 03:08:36.101  7495  7531 I SyncerLog: Next sync scheduled in: 0s
10-14 03:08:36.125  7495  7610 I c.xhs   : Obtained writable database SQLiteDatabase/212255124 instance with path /data/user/0/com.google.android.calendar/files/tasks/a50fe1be-28ca-32ed-9594-5876d716ae33/data.db
10-14 03:08:36.132  7495  7525 I c.xfz   : The schema version is 7, the database version is 7, and there are 0 migrations
10-14 03:08:36.183  7495  7604 W DynamiteModule: Local module descriptor class for com.google.android.gms.providerinstaller not found.
10-14 03:08:36.186  3483  6635 W ProviderHelper: Unknown dynamite feature providerinstaller
10-14 03:08:36.197  7495  7604 W ProviderInstaller: Failed to load providerinstaller module: No acceptable module found. Local version is 0 and remote version is 0.
10-14 03:08:36.198  2756  2903 I [Gralloc]: framebuffer hal alread move to hwcomposer
10-14 03:08:36.209  2756  2903 I chatty  : uid=1000(system) HwBinder:2756_2 identical 1 line
10-14 03:08:36.215  2756  2903 I [Gralloc]: framebuffer hal alread move to hwcomposer
10-14 03:08:36.215  2756  2903 E gralloc : ioctl c0144900 failed with code -1: Operation not permitted
10-14 03:08:36.221  3527  3527 W LauncherTransition: Failed to animate, surface got destroyed.
10-14 03:08:36.242  2768  3557 E BufferQueueProducer: [com.android.launcher3/com.android.launcher3.Launcher#0] disconnect: not connected (req=1)
10-14 03:08:36.242  3527  3638 W libEGL  : EGLNativeWindowType 0xe86dc008 disconnect failed
10-14 03:08:36.245  7495  7608 I SyncerLog: [1] Sync started
10-14 03:08:36.249  7495  7608 I SyncerLog: [1] Client context: {channel=5, notification_push_stack=1, app_version=2020.38.3-334096848-release, version_code=2016759528}
10-14 03:08:36.256  7495  7605 I ConfigStore: android::hardware::configstore::V1_0::ISurfaceFlingerConfigs::hasWideColorDisplay retrieved: 0
10-14 03:08:36.257  7495  7605 I ConfigStore: android::hardware::configstore::V1_0::ISurfaceFlingerConfigs::hasHDRDisplay retrieved: 0
10-14 03:08:36.257  7495  7605 I OpenGLRenderer: Initialized EGL, version 1.4
10-14 03:08:36.258  7495  7605 D OpenGLRenderer: Swap behavior 2
10-14 03:08:36.263  7495  7564 I SyncerLog: [1] State: {synced_user_settings=true, synced_habits=true, synced_calendar_list=true}
10-14 03:08:36.269  7495  7605 D mali_winsys: EGLint new_window_surface(egl_winsys_display *, void *, EGLSurface, EGLConfig, egl_winsys_surface **, EGLBoolean) returns 0x3000
10-14 03:08:36.272  7495  7608 I SyncerLog: [1] Request: {client_change_count=0, sync_triggers=[{id=10, type=APP_STARTUP_REFRESH, age=183}]}
10-14 03:08:36.278  7495  7608 W DynamiteModule: Local module descriptor class for com.google.android.gms.providerinstaller not found.
10-14 03:08:36.279  3483  6635 W ProviderHelper: Unknown dynamite feature providerinstaller
10-14 03:08:36.282  7495  7608 W ProviderInstaller: Failed to load providerinstaller module: No acceptable module found. Local version is 0 and remote version is 0.
10-14 03:08:36.304  7495  7604 I ndroid.calenda: The ClassLoaderContext is a special shared library.
10-14 03:08:36.332  7495  7604 V NativeCrypto: Registering com/google/android/gms/org/conscrypt/NativeCrypto's 288 native methods...
10-14 03:08:36.365  7495  7604 D NetworkSecurityConfig: No Network Security Config specified, using platform default
10-14 03:08:36.367  7495  7604 I ProviderInstaller: Installed default security provider GmsCore_OpenSSL
10-14 03:08:36.445  3483  3502 I FontLog : Received query Google Sans:500, URI content://com.google.android.gms.fonts [CONTEXT service_id=132 ]
10-14 03:08:36.446  3483  3502 I FontLog : Query [Google Sans:500] resolved to {Google Sans, wdth 100.0, wght 500, ital 0.0, bestEffort false} [CONTEXT service_id=132 ]
10-14 03:08:36.449  3483  3502 I FontLog : Font PFD returned from cache for {Google Sans, wdth 100.0, wght 500, ital 0.0, bestEffort false} [CONTEXT service_id=132 ]
10-14 03:08:36.449  3483  3502 I FontLog : Fetch {Google Sans, wdth 100.0, wght 500, ital 0.0, bestEffort false} end status Status{statusCode=SUCCESS, resolution=null} [CONTEXT service_id=132 ]
10-14 03:08:36.464  3483  3502 I FontLog : Pulling font file for id = 32, cache size = 4 [CONTEXT service_id=132 ]
10-14 03:08:36.495  3483  3502 I FontLog : Received query Google Sans:500, URI content://com.google.android.gms.fonts [CONTEXT service_id=132 ]
10-14 03:08:36.496  3483  3502 I FontLog : Query [Google Sans:500] resolved to {Google Sans, wdth 100.0, wght 500, ital 0.0, bestEffort false} [CONTEXT service_id=132 ]
10-14 03:08:36.498  3483  3502 I FontLog : Font PFD returned from cache for {Google Sans, wdth 100.0, wght 500, ital 0.0, bestEffort false} [CONTEXT service_id=132 ]
10-14 03:08:36.498  3483  3502 I FontLog : Fetch {Google Sans, wdth 100.0, wght 500, ital 0.0, bestEffort false} end status Status{statusCode=SUCCESS, resolution=null} [CONTEXT service_id=132 ]
10-14 03:08:36.516  3483  3502 I FontLog : Pulling font file for id = 33, cache size = 4 [CONTEXT service_id=132 ]
10-14 03:08:36.613  7495  7506 I ndroid.calenda: Background concurrent copying GC freed 37077(1990KB) AllocSpace objects, 10(264KB) LOS objects, 49% free, 6MB/12MB, paused 159us total 263.404ms
10-14 03:08:36.617  7495  7495 W View    : requestLayout() improperly called by cal.tf{a1e3886 V.ED..... ......ID 0,0-186,36 #7f0b0122 app:id/date_picker_text_view} during layout: running second layout pass
10-14 03:08:36.619  7495  7495 W GrowthKit: Failed to get phenotypeManager in PhenotypeBroadcastReceiver
10-14 03:08:36.619  7495  7495 W GrowthKit: java.lang.NullPointerException: Unable to get GrowthKit Component from host app: com.google.android.calendar
10-14 03:08:36.619  7495  7495 W GrowthKit: 	at cal.pzg.a(PG:12)
10-14 03:08:36.619  7495  7495 W GrowthKit: 	at com.google.android.libraries.internal.growth.growthkit.internal.experiments.impl.PhenotypeBroadcastReceiver.onReceive(PG:3)
10-14 03:08:36.619  7495  7495 W GrowthKit: 	at android.app.ActivityThread.handleReceiver(ActivityThread.java:3379)
10-14 03:08:36.619  7495  7495 W GrowthKit: 	at android.app.ActivityThread.access$1200(ActivityThread.java:199)
10-14 03:08:36.619  7495  7495 W GrowthKit: 	at android.app.ActivityThread$H.handleMessage(ActivityThread.java:1661)
10-14 03:08:36.619  7495  7495 W GrowthKit: 	at android.os.Handler.dispatchMessage(Handler.java:106)
10-14 03:08:36.619  7495  7495 W GrowthKit: 	at android.os.Looper.loop(Looper.java:193)
10-14 03:08:36.619  7495  7495 W GrowthKit: 	at android.app.ActivityThread.main(ActivityThread.java:6669)
10-14 03:08:36.619  7495  7495 W GrowthKit: 	at java.lang.reflect.Method.invoke(Native Method)
10-14 03:08:36.619  7495  7495 W GrowthKit: 	at com.android.internal.os.RuntimeInit$MethodAndArgsCaller.run(RuntimeInit.java:493)
10-14 03:08:36.619  7495  7495 W GrowthKit: 	at com.android.internal.os.ZygoteInit.main(ZygoteInit.java:858)
10-14 03:08:36.939  7495  7500 I ndroid.calenda: Compiler allocated 15MB to compile java.lang.Object cal.efy.a()
10-14 03:08:37.010  7495  7506 I ndroid.calenda: Background concurrent copying GC freed 140163(4MB) AllocSpace objects, 1(1960KB) LOS objects, 49% free, 7MB/14MB, paused 138us total 220.047ms
10-14 03:08:37.061  7495  7585 I cr_CronetUrlRequestContext: destroyNativeStreamLocked org.chromium.net.impl.CronetBidirectionalStream@eed82c
10-14 03:08:37.067  7495  7608 I SyncerLog: [1] Response: {applied_change_ids=[], done_change_ids=[], server_change_count=6, change_set_details={mark_to_be_deleted=[2(none), 1(none)], delete_all_marked=[2(none), 1(none)], run_cleanup=[4(<some_calendar>), 4(<some_calendar>), 4(<some_calendar>), 4(<some_calendar>)], acl=0, calendarListEntry=4, calendarSyncInfo=0, event=0, habit=0, setting=26, other=[]}, updated_sync_state={synced_user_settings=true, synced_habits=true, synced_calendar_list=true}, bad_sync_state=false, debug_info=Ch41QjE5MTREQ0VGMTc2LkE2QjY0MTQuMzUwRUEyNTQ=, call_sync=false, }
10-14 03:08:37.134  2756  2903 I [Gralloc]: framebuffer hal alread move to hwcomposer
10-14 03:08:37.182  7495  7608 I SyncerLog: Next sync scheduled in: 86399s
10-14 03:08:37.184  7495  7608 I SyncerLog: [1] Total requests: 1 (plus 0 retried)
10-14 03:08:37.184  7495  7608 I SyncerLog: [1] Sync Result: SUCCESS
10-14 03:08:37.139  7495  7495 I RenderThread: type=1400 audit(0.0:3280): avc: denied { read } for name="gralloc.odroidn2.so" dev="mmcblk0p12" ino=705 scontext=u:r:untrusted_app_25:s0:c512,c768 tcontext=u:object_r:vendor_file:s0 tclass=file permissive=1
10-14 03:08:37.199  2953  2977 I ActivityManager: Displayed com.google.android.calendar/.AllInOneCalendarActivity: +1s586ms (total +1s951ms)
10-14 03:08:37.232  2756  2903 I [Gralloc]: framebuffer hal alread move to hwcomposer
10-14 03:08:37.139  7495  7495 I RenderThread: type=1400 audit(0.0:3281): avc: denied { open } for path="/vendor/lib/hw/gralloc.odroidn2.so" dev="mmcblk0p12" ino=705 scontext=u:r:untrusted_app_25:s0:c512,c768 tcontext=u:object_r:vendor_file:s0 tclass=file permissive=1
10-14 03:08:37.249  7495  7563 W TimelyStore: Lookup for default notifications failed, ignoring.
10-14 03:08:37.260  7495  7585 I cr_CronetUrlRequestContext: destroyNativeStreamLocked org.chromium.net.impl.CronetBidirectionalStream@a7a5653
10-14 03:08:37.261  7495  7570 I c.wbe   : Received successful sync response; latencyMs=1082; numEntitiesFetched=0
10-14 03:08:37.262  7495  7570 I c.wbc   : Got endResult sync response; syncWatermark=[1602612517s 165814000ns]
10-14 03:08:37.271  7495  7571 I c.wbc   : Retrieve secondary data in the background.
10-14 03:08:37.139  7495  7495 I RenderThread: type=1400 audit(0.0:3282): avc: denied { getattr } for path="/vendor/lib/hw/gralloc.odroidn2.so" dev="mmcblk0p12" ino=705 scontext=u:r:untrusted_app_25:s0:c512,c768 tcontext=u:object_r:vendor_file:s0 tclass=file permissive=1
10-14 03:08:37.282  2756  2903 I [Gralloc]: framebuffer hal alread move to hwcomposer
10-14 03:08:37.139  7495  7495 I RenderThread: type=1400 audit(0.0:3283): avc: denied { execute } for path="/vendor/lib/hw/gralloc.odroidn2.so" dev="mmcblk0p12" ino=705 scontext=u:r:untrusted_app_25:s0:c512,c768 tcontext=u:object_r:vendor_file:s0 tclass=file permissive=1
10-14 03:08:37.363  2768  3557 W SurfaceFlinger: Attempting to set client state on removed layer: Splash Screen com.google.android.calendar#0
10-14 03:08:37.364  2768  3557 W SurfaceFlinger: Attempting to destroy on removed layer: Splash Screen com.google.android.calendar#0
10-14 03:08:37.372  7495  7500 I ndroid.calenda: Compiler allocated 6MB to compile java.lang.Object cal.egf.a()
10-14 03:08:37.418  2768  3557 W SurfaceFlinger: Attempting to destroy on removed layer: AppWindowToken{8861faf token=Token{feecb8e ActivityRecord{8274f89 u0 com.google.android.calendar/com.android.calendar.AllInOneActivity t32}}}#0
10-14 03:08:38.298  2747  2888 D audio-subMixingFactory: out_standby_subMixingPCM: out_stream(0xee3ca000) usecase: STREAM_PCM_NORMAL
10-14 03:08:38.298  2747  2888 I audio-subMixingFactory: ++usecase_change_validate_l_sm(), dev usecase masks = 0x1, is_standby = 1, out usecase STREAM_PCM_NORMAL
10-14 03:08:38.298  2747  2888 I audio-subMixingFactory: --usecase_change_validate_l_sm(), dev usecase masks = 0, is_standby = 1, out usecase STREAM_PCM_NORMAL
10-14 03:08:38.298  2747  2888 I amlaudioMixer: ++delete_mixer_input_port port ID: 0
10-14 03:08:38.514  3527  3527 W ViewRootImpl[Launcher]: Cancelling event due to no window focus: MotionEvent { action=ACTION_CANCEL, actionButton=0, id[0]=0, x[0]=731.294, y[0]=101.84525, toolType[0]=TOOL_TYPE_MOUSE, buttonState=0, metaState=0, flags=0x0, edgeFlags=0x0, pointerCount=1, historySize=0, eventTime=10570379, downTime=10566971, deviceId=4, source=0x2002 }
10-14 03:08:40.846  2756  2903 I [Gralloc]: framebuffer hal alread move to hwcomposer
10-14 03:08:40.895  2756  2903 I [Gralloc]: framebuffer hal alread move to hwcomposer
10-14 03:08:40.985  2953  3069 W JobInfo : Requested flex +57m36s0ms for job 101594 is too small; raising to +1h12m0s0ms
10-14 03:08:41.098  2756  2903 I [Gralloc]: framebuffer hal alread move to hwcomposer
10-14 03:08:41.282  4078  4078 D skia    : --- Failed to create image decoder with message 'unimplemented'
10-14 03:08:41.295  4078  4078 D skia    : --- Failed to create image decoder with message 'unimplemented'
10-14 03:08:41.287  4078  4078 I tutu.ABenchMark: type=1400 audit(0.0:3284): avc: denied { open } for path="/proc/stat" dev="proc" ino=4026531957 scontext=u:r:untrusted_app_27:s0:c512,c768 tcontext=u:object_r:proc_stat:s0 tclass=file permissive=1
10-14 03:08:41.287  4078  4078 I tutu.ABenchMark: type=1400 audit(0.0:3285): avc: denied { getattr } for path="/proc/stat" dev="proc" ino=4026531957 scontext=u:r:untrusted_app_27:s0:c512,c768 tcontext=u:object_r:proc_stat:s0 tclass=file permissive=1
10-14 03:08:41.291  4078  4078 I tutu.ABenchMark: type=1400 audit(0.0:3286): avc: denied { read } for name="temp" dev="sysfs" ino=8951 scontext=u:r:untrusted_app_27:s0:c512,c768 tcontext=u:object_r:sysfs:s0 tclass=file permissive=1
10-14 03:08:41.291  4078  4078 I tutu.ABenchMark: type=1400 audit(0.0:3287): avc: denied { open } for path="/sys/devices/virtual/thermal/thermal_zone0/temp" dev="sysfs" ino=8951 scontext=u:r:untrusted_app_27:s0:c512,c768 tcontext=u:object_r:sysfs:s0 tclass=file permissive=1
10-14 03:08:41.291  4078  4078 I tutu.ABenchMark: type=1400 audit(0.0:3288): avc: denied { getattr } for path="/sys/devices/virtual/thermal/thermal_zone0/temp" dev="sysfs" ino=8951 scontext=u:r:untrusted_app_27:s0:c512,c768 tcontext=u:object_r:sysfs:s0 tclass=file permissive=1
10-14 03:08:41.341  2747  7191 W amlaudioMixer: mixer_get_presentation_position(), port not ready now
10-14 03:08:41.341  2747  7191 W audio-subMixingFactory: out_get_presentation_position_port(), pts not valid yet
10-14 03:08:41.341  2747  7191 I audio-subMixingFactory: ++usecase_change_validate_l_sm: dev usecase masks = 0, out usecase_masks = 0, out usecase STREAM_PCM_NORMAL
10-14 03:08:41.341  2747  7191 I audio-subMixingFactory: ++++usecase_change_validate_l_sm(),continuous_audio_mode 0 dev usecase masks = 0, out usecase_masks = 0, out usecase STREAM_PCM_NORMAL
10-14 03:08:41.341  2747  7191 I audio-subMixingFactory: usecase_change_validate_l_sm(), mixer_aux_buffer_write_sm !
10-14 03:08:41.341  2747  7191 I audio-subMixingFactory: ----usecase_change_validate_l_sm(), continuous_audio_mode 0 dev usecase masks = 0x1, out usecase_masks = 0x1, out usecase STREAM_PCM_NORMAL
10-14 03:08:41.341  2747  7191 I aml_audio_port: get_input_port_index(), samplerate 48000
10-14 03:08:41.342  2747  7191 D aml_audio_port: new_input_port(), index:0, rbuf size:8192, direct_on:0
10-14 03:08:41.342  2747  7191 D aml_audio_port: new_input_port(), fmt 0x1, rate 48000
10-14 03:08:41.342  2747  7191 I amlaudioMixer: ++init_mixer_input_port port index 0, size 512 frames
10-14 03:08:41.342  2747  7191 I amlaudioMixer: init_mixer_input_port(), port->initial_frames: 80843776
10-14 03:08:41.342  2747  7191 I aml_audio_port: get_input_port_index(), samplerate 48000
10-14 03:08:41.342  2747  7191 I audio-subMixingFactory: mixer_aux_buffer_write_sm(), primary 0xee3ca000 port index = 0
10-14 03:08:41.342  2747  7191 I audio-subMixingFactory: padding_bytes 16384
10-14 03:08:41.342  2747  7191 I amlaudioMixer: port index 0 is active now
10-14 03:08:41.342  2747  7191 I audio-subMixingFactory: padding_bytes 14336
10-14 03:08:41.342  2747  7191 I audio-subMixingFactory: padding_bytes 12288
10-14 03:08:41.342  2747  7191 I audio-subMixingFactory: padding_bytes 10240
10-14 03:08:41.342  2747  7191 I audio-subMixingFactory: padding_bytes 8192
10-14 03:08:41.342  2747  7191 I audio-subMixingFactory: padding_bytes 6144
10-14 03:08:41.345  2747  7191 I audio-subMixingFactory: padding_bytes 4096
10-14 03:08:41.345  2747  7191 I audio-subMixingFactory: padding_bytes 2048
10-14 03:08:41.355  2747  7191 W amlaudioMixer: mixer_get_presentation_position(), not valid now
10-14 03:08:41.355  2747  7191 W audio-subMixingFactory: out_get_presentation_position_port(), pts not valid yet
10-14 03:08:41.366  2747  7191 W amlaudioMixer: mixer_get_presentation_position(), not valid now
10-14 03:08:41.366  2747  7191 W audio-subMixingFactory: out_get_presentation_position_port(), pts not valid yet
10-14 03:08:41.380  2766  2911 D AudioFlinger: mixer(0xeb583ac0) throttle end: throttle time(10)
10-14 03:08:41.654  3483  3840 I appu    : Scheduling Phenotype for a PhenotypeSyncImmediately(6, com.google.android.libraries.social.populous#com.google.android.calendar) one off with window [1, 2] in seconds [CONTEXT service_id=51 ]
10-14 03:08:41.708  2756  2903 I [Gralloc]: framebuffer hal alread move to hwcomposer
10-14 03:08:41.707  2953  2953 I android.display: type=1400 audit(0.0:3289): avc: denied { read } for name="gralloc.odroidn2.so" dev="mmcblk0p12" ino=705 scontext=u:r:system_server:s0 tcontext=u:object_r:vendor_file:s0 tclass=file permissive=1
10-14 03:08:41.707  2953  2953 I android.display: type=1400 audit(0.0:3290): avc: denied { open } for path="/vendor/lib/hw/gralloc.odroidn2.so" dev="mmcblk0p12" ino=705 scontext=u:r:system_server:s0 tcontext=u:object_r:vendor_file:s0 tclass=file permissive=1
10-14 03:08:41.707  2953  2953 I android.display: type=1400 audit(0.0:3291): avc: denied { getattr } for path="/vendor/lib/hw/gralloc.odroidn2.so" dev="mmcblk0p12" ino=705 scontext=u:r:system_server:s0 tcontext=u:object_r:vendor_file:s0 tclass=file permissive=1
10-14 03:08:41.919  3483  3502 W Conscrypt: Could not set socket write timeout: java.net.SocketException: Socket closed
10-14 03:08:41.920  3483  3502 W Conscrypt: 	at com.google.android.gms.org.conscrypt.Platform.setSocketWriteTimeout(:com.google.android.gms@203615025@20.36.15 (100304-333172415):2)
10-14 03:08:41.920  3483  3502 W Conscrypt: 	at com.google.android.gms.org.conscrypt.ConscryptFileDescriptorSocket.setSoWriteTimeout(:com.google.android.gms@203615025@20.36.15 (100304-333172415):0)
10-14 03:08:41.986  3483  3502 W Conscrypt: Could not set socket write timeout: java.net.SocketException: Socket closed
10-14 03:08:41.986  3483  3502 W Conscrypt: 	at com.google.android.gms.org.conscrypt.Platform.setSocketWriteTimeout(:com.google.android.gms@203615025@20.36.15 (100304-333172415):2)
10-14 03:08:41.986  3483  3502 W Conscrypt: 	at com.google.android.gms.org.conscrypt.ConscryptFileDescriptorSocket.setSoWriteTimeout(:com.google.android.gms@203615025@20.36.15 (100304-333172415):0)
10-14 03:08:42.697  7495  7906 I cr_CronetUrlRequestContext: destroyNativeStreamLocked org.chromium.net.impl.CronetBidirectionalStream@7ce2e54
10-14 03:08:43.681  7495  7495 W CollapsableBottomSheets: Inflating sheet recyclerview with id -1
10-14 03:08:43.813  7495  7495 W View    : requestLayout() improperly called by com.google.android.calendar.timely.BackgroundImageView{99ca7f0 V.ED..... ......ID 0,0-1360,707 #7f0b0365 app:id/secondary_background_image_view} during layout: running second layout pass
10-14 03:08:43.813  7495  7495 W View    : requestLayout() improperly called by cal.tf{a1e3886 V.ED..... ......ID 0,0-186,36 #7f0b0122 app:id/date_picker_text_view} during layout: running second layout pass
10-14 03:08:43.813  7495  7495 W View    : requestLayout() improperly called by cal.cux{67ed169 VFED..... ......ID 84,0-469,439} during layout: running second layout pass
10-14 03:08:43.835  7495  7500 I ndroid.calenda: Compiler allocated 6MB to compile java.lang.Object cal.efr.a()
10-14 03:08:43.842  7495  7495 W BottomSheetBehavior: Bypassing setStateInternal due to disabled animation.
10-14 03:08:43.904  7495  7506 I ndroid.calenda: Background concurrent copying GC freed 150310(5MB) AllocSpace objects, 39(1036KB) LOS objects, 50% free, 8MB/16MB, paused 159us total 123.210ms
10-14 03:08:43.985  3089  3089 W RichInputMethodSubtype: Can't find emoji subtype
10-14 03:08:43.985  3089  3089 W RichInputMethodSubtype: No input method subtype found; returning dummy subtype: Multi-lingual subtype: android.view.inputmethod.InputMethodSubtype@d78b2ed0, zz
10-14 03:08:43.989  3089  3089 I EmojiCategory: Last Emoji category id is 8
10-14 03:08:44.017  3089  3089 W ViewPager: Requested offscreen page limit 0 too small; defaulting to 1
10-14 03:08:44.019  2766  1524 W AudioFlinger: createTrack_l(): mismatch between requested flags (00000004) and output flags (00000002)
10-14 03:08:44.020  2953  3050 W AudioTrack: AUDIO_OUTPUT_FLAG_FAST denied by server; frameCount 0 -> 5191
10-14 03:08:44.023  3089  3089 I LatinIME: Starting input. Cursor position = 0,0
10-14 03:08:44.132  2756  2903 I [Gralloc]: framebuffer hal alread move to hwcomposer
10-14 03:08:44.142  2756  2903 I [Gralloc]: framebuffer hal alread move to hwcomposer
10-14 03:08:44.143  2756  8190 I [Gralloc]: framebuffer hal alread move to hwcomposer
10-14 03:08:44.131  3106  3106 I RenderThread: type=1400 audit(0.0:3292): avc: denied { read } for name="gralloc.odroidn2.so" dev="mmcblk0p12" ino=705 scontext=u:r:platform_app:s0:c512,c768 tcontext=u:object_r:vendor_file:s0 tclass=file permissive=1
10-14 03:08:44.203  2756  2903 I [Gralloc]: framebuffer hal alread move to hwcomposer
10-14 03:08:44.203  2756  2903 E gralloc : ioctl c0144900 failed with code -1: Operation not permitted
10-14 03:08:44.205  2756  2903 I [Gralloc]: framebuffer hal alread move to hwcomposer
10-14 03:08:44.206  2756  2903 E gralloc : ioctl c0144900 failed with code -1: Operation not permitted
10-14 03:08:44.221  3089  7856 D mali_winsys: EGLint new_window_surface(egl_winsys_display *, void *, EGLSurface, EGLConfig, egl_winsys_surface **, EGLBoolean) returns 0x3000
10-14 03:08:44.131  3106  3106 I RenderThread: type=1400 audit(0.0:3293): avc: denied { open } for path="/vendor/lib/hw/gralloc.odroidn2.so" dev="mmcblk0p12" ino=705 scontext=u:r:platform_app:s0:c512,c768 tcontext=u:object_r:vendor_file:s0 tclass=file permissive=1
10-14 03:08:44.236  2756  2903 I [Gralloc]: framebuffer hal alread move to hwcomposer
10-14 03:08:44.236  2756  2903 E gralloc : ioctl c0144900 failed with code -1: Operation not permitted
10-14 03:08:44.278  2768  3293 E BufferQueueProducer: [InputMethod#0] disconnect: not connected (req=1)
10-14 03:08:44.279  3089  7856 W libEGL  : EGLNativeWindowType 0xcdaa5808 disconnect failed
10-14 03:08:44.279  3089  7856 D mali_winsys: EGLint new_window_surface(egl_winsys_display *, void *, EGLSurface, EGLConfig, egl_winsys_surface **, EGLBoolean) returns 0x3000
10-14 03:08:44.280  2756  2903 I [Gralloc]: framebuffer hal alread move to hwcomposer
10-14 03:08:44.131  3106  3106 I RenderThread: type=1400 audit(0.0:3294): avc: denied { getattr } for path="/vendor/lib/hw/gralloc.odroidn2.so" dev="mmcblk0p12" ino=705 scontext=u:r:platform_app:s0:c512,c768 tcontext=u:object_r:vendor_file:s0 tclass=file permissive=1
10-14 03:08:44.328  7495  7500 I ndroid.calenda: Compiler allocated 8MB to compile java.lang.Object cal.egf.a()
10-14 03:08:44.235  3089  3089 I RenderThread: type=1400 audit(0.0:3295): avc: denied { read } for name="gralloc.odroidn2.so" dev="mmcblk0p12" ino=705 scontext=u:r:untrusted_app_25:s0:c512,c768 tcontext=u:object_r:vendor_file:s0 tclass=file permissive=1
10-14 03:08:44.384  2756  2903 I [Gralloc]: framebuffer hal alread move to hwcomposer
10-14 03:08:44.384  2756  2903 E gralloc : ioctl c0144900 failed with code -1: Operation not permitted
10-14 03:08:44.235  3089  3089 I RenderThread: type=1400 audit(0.0:3296): avc: denied { open } for path="/vendor/lib/hw/gralloc.odroidn2.so" dev="mmcblk0p12" ino=705 scontext=u:r:untrusted_app_25:s0:c512,c768 tcontext=u:object_r:vendor_file:s0 tclass=file permissive=1
10-14 03:08:38.514  3527  3527 I chatty  : uid=10024(com.android.launcher3) identical 2 lines
10-14 03:08:38.514  3527  3527 W ViewRootImpl[Launcher]: Cancelling event due to no window focus: MotionEvent { action=ACTION_CANCEL, actionButton=0, id[0]=0, x[0]=731.294, y[0]=101.84525, toolType[0]=TOOL_TYPE_MOUSE, buttonState=0, metaState=0, flags=0x0, edgeFlags=0x0, pointerCount=1, historySize=0, eventTime=10570379, downTime=10566971, deviceId=4, source=0x2002 }
10-14 03:08:46.183  2787  2821 E storaged: getDiskStats failed with result NOT_SUPPORTED and size 0
10-14 03:08:46.618  2953  3024 W ActivityManager: Background start not allowed: service Intent { flg=0x4 cmp=com.kakao.talk/.service.MessengerService (has extras) } to com.kakao.talk/.service.MessengerService from pid=-1 uid=10080 pkg=com.kakao.talk startFg?=false
10-14 03:08:46.615  2760  2760 I memtrack@1.0-se: type=1400 audit(0.0:3298): avc: denied { read } for name="mem_profile" dev="debugfs" ino=814923 scontext=u:r:hal_memtrack_default:s0 tcontext=u:object_r:debugfs:s0 tclass=file permissive=1
10-14 03:08:46.615  2760  2760 I memtrack@1.0-se: type=1400 audit(0.0:3299): avc: denied { open } for path="/sys/kernel/debug/mali0/ctx/7495_52/mem_profile" dev="debugfs" ino=814923 scontext=u:r:hal_memtrack_default:s0 tcontext=u:object_r:debugfs:s0 tclass=file permissive=1
10-14 03:08:46.615  2760  2760 I memtrack@1.0-se: type=1400 audit(0.0:3300): avc: denied { getattr } for path="/sys/kernel/debug/mali0/ctx/7495_52/mem_profile" dev="debugfs" ino=814923 scontext=u:r:hal_memtrack_default:s0 tcontext=u:object_r:debugfs:s0 tclass=file permissive=1
10-14 03:08:46.693  3483  1436 I NetworkScheduler.Stats: Task com.google.android.gms/com.google.android.gms.phenotype.service.sync.PhenotypeConfigurator started execution. cause:4 exec_start_elapsed_seconds: 10578 [CONTEXT service_id=218 ]
10-14 03:08:46.763  3089  3089 D StrictMode: StrictMode policy violation; ~duration=0 ms: android.os.strictmode.DiskReadViolation
10-14 03:08:46.763  3089  3089 D StrictMode: 	at android.os.StrictMode$AndroidBlockGuardPolicy.onReadFromDisk(StrictMode.java:1506)
10-14 03:08:46.763  3089  3089 D StrictMode: 	at java.io.UnixFileSystem.checkAccess(UnixFileSystem.java:251)
10-14 03:08:46.763  3089  3089 D StrictMode: 	at java.io.File.exists(File.java:815)
10-14 03:08:46.763  3089  3089 D StrictMode: 	at android.app.ContextImpl.getDataDir(ContextImpl.java:2253)
10-14 03:08:46.763  3089  3089 D StrictMode: 	at android.app.ContextImpl.getPreferencesDir(ContextImpl.java:550)
10-14 03:08:46.763  3089  3089 D StrictMode: 	at android.app.ContextImpl.getSharedPreferencesPath(ContextImpl.java:747)
10-14 03:08:46.763  3089  3089 D StrictMode: 	at android.app.ContextImpl.getSharedPreferences(ContextImpl.java:400)
10-14 03:08:46.763  3089  3089 D StrictMode: 	at android.content.ContextWrapper.getSharedPreferences(ContextWrapper.java:174)
10-14 03:08:46.763  3089  3089 D StrictMode: 	at android.preference.PreferenceManager.getDefaultSharedPreferences(PreferenceManager.java:526)
10-14 03:08:46.763  3089  3089 D StrictMode: 	at com.android.inputmethod.latin.spellcheck.AndroidSpellCheckerService.onCreate(AndroidSpellCheckerService.java:98)
10-14 03:08:46.763  3089  3089 D StrictMode: 	at android.app.ActivityThread.handleCreateService(ActivityThread.java:3532)
10-14 03:08:46.763  3089  3089 D StrictMode: 	at android.app.ActivityThread.access$1300(ActivityThread.java:199)
10-14 03:08:46.763  3089  3089 D StrictMode: 	at android.app.ActivityThread$H.handleMessage(ActivityThread.java:1666)
10-14 03:08:46.763  3089  3089 D StrictMode: 	at android.os.Handler.dispatchMessage(Handler.java:106)
10-14 03:08:46.763  3089  3089 D StrictMode: 	at android.os.Looper.loop(Looper.java:193)
10-14 03:08:46.763  3089  3089 D StrictMode: 	at android.app.ActivityThread.main(ActivityThread.java:6669)
10-14 03:08:46.763  3089  3089 D StrictMode: 	at java.lang.reflect.Method.invoke(Native Method)
10-14 03:08:46.763  3089  3089 D StrictMode: 	at com.android.internal.os.RuntimeInit$MethodAndArgsCaller.run(RuntimeInit.java:493)
10-14 03:08:46.763  3089  3089 D StrictMode: 	at com.android.internal.os.ZygoteInit.main(ZygoteInit.java:858)
10-14 03:08:46.766  3089  3089 D StrictMode: StrictMode policy violation; ~duration=0 ms: android.os.strictmode.DiskReadViolation
10-14 03:08:46.766  3089  3089 D StrictMode: 	at android.os.StrictMode$AndroidBlockGuardPolicy.onReadFromDisk(StrictMode.java:1506)
10-14 03:08:46.766  3089  3089 D StrictMode: 	at java.io.UnixFileSystem.checkAccess(UnixFileSystem.java:251)
10-14 03:08:46.766  3089  3089 D StrictMode: 	at java.io.File.exists(File.java:815)
10-14 03:08:46.766  3089  3089 D StrictMode: 	at android.app.ContextImpl.ensurePrivateDirExists(ContextImpl.java:605)
10-14 03:08:46.766  3089  3089 D StrictMode: 	at android.app.ContextImpl.ensurePrivateDirExists(ContextImpl.java:596)
10-14 03:08:46.766  3089  3089 D StrictMode: 	at android.app.ContextImpl.getPreferencesDir(ContextImpl.java:552)
10-14 03:08:46.766  3089  3089 D StrictMode: 	at android.app.ContextImpl.getSharedPreferencesPath(ContextImpl.java:747)
10-14 03:08:46.766  3089  3089 D StrictMode: 	at android.app.ContextImpl.getSharedPreferences(ContextImpl.java:400)
10-14 03:08:46.766  3089  3089 D StrictMode: 	at android.content.ContextWrapper.getSharedPreferences(ContextWrapper.java:174)
10-14 03:08:46.766  3089  3089 D StrictMode: 	at android.preference.PreferenceManager.getDefaultSharedPreferences(PreferenceManager.java:526)
10-14 03:08:46.766  3089  3089 D StrictMode: 	at com.android.inputmethod.latin.spellcheck.AndroidSpellCheckerService.onCreate(AndroidSpellCheckerService.java:98)
10-14 03:08:46.766  3089  3089 D StrictMode: 	at android.app.ActivityThread.handleCreateService(ActivityThread.java:3532)
10-14 03:08:46.766  3089  3089 D StrictMode: 	at android.app.ActivityThread.access$1300(ActivityThread.java:199)
10-14 03:08:46.766  3089  3089 D StrictMode: 	at android.app.ActivityThread$H.handleMessage(ActivityThread.java:1666)
10-14 03:08:46.766  3089  3089 D StrictMode: 	at android.os.Handler.dispatchMessage(Handler.java:106)
10-14 03:08:46.766  3089  3089 D StrictMode: 	at android.os.Looper.loop(Looper.java:193)
10-14 03:08:46.766  3089  3089 D StrictMode: 	at android.app.ActivityThread.main(ActivityThread.java:6669)
10-14 03:08:46.766  3089  3089 D StrictMode: 	at java.lang.reflect.Method.invoke(Native Method)
10-14 03:08:46.766  3089  3089 D StrictMode: 	at com.android.internal.os.RuntimeInit$MethodAndArgsCaller.run(RuntimeInit.java:493)
10-14 03:08:46.766  3089  3089 D StrictMode: 	at com.android.internal.os.ZygoteInit.main(ZygoteInit.java:858)
10-14 03:08:46.776  2953  2969 W BroadcastQueue: Background execution not allowed: receiving Intent { act=android.intent.action.DROPBOX_ENTRY_ADDED flg=0x10 (has extras) } to com.google.android.gms/.stats.service.DropBoxEntryAddedReceiver
10-14 03:08:46.776  2953  2969 W BroadcastQueue: Background execution not allowed: receiving Intent { act=android.intent.action.DROPBOX_ENTRY_ADDED flg=0x10 (has extras) } to com.google.android.gms/.chimera.GmsIntentOperationService$PersistentTrustedReceiver
10-14 03:08:46.780  2953  2969 W BroadcastQueue: Background execution not allowed: receiving Intent { act=android.intent.action.DROPBOX_ENTRY_ADDED flg=0x10 (has extras) } to com.google.android.gms/.stats.service.DropBoxEntryAddedReceiver
10-14 03:08:46.780  2953  2969 W BroadcastQueue: Background execution not allowed: receiving Intent { act=android.intent.action.DROPBOX_ENTRY_ADDED flg=0x10 (has extras) } to com.google.android.gms/.chimera.GmsIntentOperationService$PersistentTrustedReceiver
10-14 03:08:47.122  3483  1437 I apqg    : Removed 0 invalid users [CONTEXT service_id=51 ]
10-14 03:08:47.369  7495  7500 I ndroid.calenda: Compiler allocated 4MB to compile cal.dlb cal.dge.a()
10-14 03:08:48.264  3483  3494 W System  : A resource failed to call end. 
10-14 03:08:48.543  3483  1437 I appu    : Scheduling adaptive one off task with window [14400, 604800] in seconds [CONTEXT service_id=51 ]
10-14 03:08:48.594  7495  7495 W GrowthKit: Failed to get phenotypeManager in PhenotypeBroadcastReceiver
10-14 03:08:48.594  7495  7495 W GrowthKit: java.lang.NullPointerException: Unable to get GrowthKit Component from host app: com.google.android.calendar
10-14 03:08:48.594  7495  7495 W GrowthKit: 	at cal.pzg.a(PG:12)
10-14 03:08:48.594  7495  7495 W GrowthKit: 	at com.google.android.libraries.internal.growth.growthkit.internal.experiments.impl.PhenotypeBroadcastReceiver.onReceive(PG:3)
10-14 03:08:48.594  7495  7495 W GrowthKit: 	at android.app.ActivityThread.handleReceiver(ActivityThread.java:3379)
10-14 03:08:48.594  7495  7495 W GrowthKit: 	at android.app.ActivityThread.access$1200(ActivityThread.java:199)
10-14 03:08:48.594  7495  7495 W GrowthKit: 	at android.app.ActivityThread$H.handleMessage(ActivityThread.java:1661)
10-14 03:08:48.594  7495  7495 W GrowthKit: 	at android.os.Handler.dispatchMessage(Handler.java:106)
10-14 03:08:48.594  7495  7495 W GrowthKit: 	at android.os.Looper.loop(Looper.java:193)
10-14 03:08:48.594  7495  7495 W GrowthKit: 	at android.app.ActivityThread.main(ActivityThread.java:6669)
10-14 03:08:48.594  7495  7495 W GrowthKit: 	at java.lang.reflect.Method.invoke(Native Method)
10-14 03:08:48.594  7495  7495 W GrowthKit: 	at com.android.internal.os.RuntimeInit$MethodAndArgsCaller.run(RuntimeInit.java:493)
10-14 03:08:48.594  7495  7495 W GrowthKit: 	at com.android.internal.os.ZygoteInit.main(ZygoteInit.java:858)
10-14 03:08:48.623  3483 24587 I NetworkScheduler.Stats: Task com.google.android.gms/com.google.android.gms.phenotype.service.sync.PhenotypeConfigurator finished executing. cause:4 result: 1 elapsed_millis: 1956 uptime_millis: 1956 exec_start_elapsed_seconds: 10578 [CONTEXT service_id=218 ]
10-14 03:08:48.633  3599  8120 I ChromeSync: [Sync,SyncIntentOperation] Handling the intent: Intent { act=com.google.android.gms.phenotype.COMMITTED flg=0x10 pkg=com.google.android.gms cmp=com.google.android.gms/.chimera.GmsIntentOperationService (has extras) }.
10-14 03:08:48.638  3483  8122 I PTCommittedOperation: Receive new configuration for com.google.android.gms.trustlet_place
10-14 03:08:48.648  3599  8196 I MdiSyncModule: flag handling is skipping irrelevant intent.
10-14 03:08:48.670  3599  8196 W ModuleInitIntentOp: Dropping unexpected action com.google.android.gms.phenotype.COMMITTED
10-14 03:08:48.690  3599  8196 I MobileDataHub: Scheduling periodic tasks
10-14 03:08:50.292  2756  2903 I [Gralloc]: framebuffer hal alread move to hwcomposer
10-14 03:08:50.291  2768  2768 I Binder:2768_5: type=1400 audit(0.0:3301): avc: denied { read } for name="gralloc.odroidn2.so" dev="mmcblk0p12" ino=705 scontext=u:r:surfaceflinger:s0 tcontext=u:object_r:vendor_file:s0 tclass=file permissive=1
10-14 03:08:50.716  2756  2903 I [Gralloc]: framebuffer hal alread move to hwcomposer
10-14 03:08:50.720  2756  2903 I [Gralloc]: framebuffer hal alread move to hwcomposer
10-14 03:08:50.724  3089  3089 I LatinIME: Starting input. Cursor position = 0,0
10-14 03:08:50.767  2756  2903 I [Gralloc]: framebuffer hal alread move to hwcomposer
10-14 03:08:50.769  2756  2903 I chatty  : uid=1000(system) HwBinder:2756_2 identical 1 line
10-14 03:08:51.291  2756  2903 I [Gralloc]: framebuffer hal alread move to hwcomposer
10-14 03:08:51.309  4078  4078 D skia    : --- Failed to create image decoder with message 'unimplemented'
10-14 03:08:51.324  4078  4078 D skia    : --- Failed to create image decoder with message 'unimplemented'
10-14 03:08:51.319  4078  4078 I tutu.ABenchMark: type=1400 audit(0.0:3304): avc: denied { open } for path="/proc/stat" dev="proc" ino=4026531957 scontext=u:r:untrusted_app_27:s0:c512,c768 tcontext=u:object_r:proc_stat:s0 tclass=file permissive=1
10-14 03:08:52.479  2766  3526 W AudioFlinger: createTrack_l(): mismatch between requested flags (00000004) and output flags (00000002)
10-14 03:08:52.480  2953  3050 W AudioTrack: AUDIO_OUTPUT_FLAG_FAST denied by server; frameCount 0 -> 4512
10-14 03:08:52.557  2768  2768 D SurfaceFlinger: duplicate layer name: changing com.google.android.calendar/com.google.android.calendar.AllInOneCalendarActivity to com.google.android.calendar/com.google.android.calendar.AllInOneCalendarActivity#1
10-14 03:08:52.559  2756  2903 I [Gralloc]: framebuffer hal alread move to hwcomposer
10-14 03:08:52.567  2756  8190 I [Gralloc]: framebuffer hal alread move to hwcomposer
10-14 03:08:52.570  2756  2903 I [Gralloc]: framebuffer hal alread move to hwcomposer
10-14 03:08:52.575  7495  7605 D mali_winsys: EGLint new_window_surface(egl_winsys_display *, void *, EGLSurface, EGLConfig, egl_winsys_surface **, EGLBoolean) returns 0x3000
10-14 03:08:52.602  2756  2903 I [Gralloc]: framebuffer hal alread move to hwcomposer
10-14 03:08:52.650  2756  2903 I chatty  : uid=1000(system) HwBinder:2756_2 identical 2 lines
10-14 03:08:52.782  2756  2903 I [Gralloc]: framebuffer hal alread move to hwcomposer
10-14 03:08:52.785  2768  3557 W SurfaceFlinger: Attempting to set client state on removed layer: Surface(name=550baef com.google.android.calendar/com.google.android.calendar.AllInOneCalendarActivity)/@0x912d6da - animation-leash#0
10-14 03:08:52.785  2768  3557 W SurfaceFlinger: Attempting to set client state on removed layer: Surface(name=Dim Layer for - Task=33)/@0xbc959e8 - animation-leash#0
10-14 03:08:52.785  2768  3557 W SurfaceFlinger: Attempting to destroy on removed layer: Surface(name=550baef com.google.android.calendar/com.google.android.calendar.AllInOneCalendarActivity)/@0x912d6da - animation-leash#0
10-14 03:08:52.785  2768  3557 W SurfaceFlinger: Attempting to destroy on removed layer: Surface(name=Dim Layer for - Task=33)/@0xbc959e8 - animation-leash#0
10-14 03:08:52.850  2756  2903 I [Gralloc]: framebuffer hal alread move to hwcomposer
10-14 03:08:52.915  4078  4078 I tutu.ABenchMark: type=1400 audit(0.0:3309): avc: denied { open } for path="/proc/vmstat" dev="proc" ino=4026531993 scontext=u:r:untrusted_app_27:s0:c512,c768 tcontext=u:object_r:proc_vmstat:s0 tclass=file permissive=1
10-14 03:08:52.915  4078  4078 I tutu.ABenchMark: type=1400 audit(0.0:3310): avc: denied { getattr } for path="/proc/vmstat" dev="proc" ino=4026531993 scontext=u:r:untrusted_app_27:s0:c512,c768 tcontext=u:object_r:proc_vmstat:s0 tclass=file permissive=1
10-14 03:08:53.069  2756  2903 I [Gralloc]: framebuffer hal alread move to hwcomposer
10-14 03:08:55.581  2747  2888 D audio-subMixingFactory: out_standby_subMixingPCM: out_stream(0xee3ca000) usecase: STREAM_PCM_NORMAL
10-14 03:08:55.581  2747  2888 I audio-subMixingFactory: ++usecase_change_validate_l_sm(), dev usecase masks = 0x1, is_standby = 1, out usecase STREAM_PCM_NORMAL
10-14 03:08:55.581  2747  2888 I audio-subMixingFactory: --usecase_change_validate_l_sm(), dev usecase masks = 0, is_standby = 1, out usecase STREAM_PCM_NORMAL
10-14 03:08:55.581  2747  2888 I amlaudioMixer: ++delete_mixer_input_port port ID: 0
10-14 03:08:55.593  2756  2903 I [Gralloc]: framebuffer hal alread move to hwcomposer
10-14 03:08:55.609  2768  2768 E SurfaceFlinger: [Sprite#0] rejecting buffer: bufWidth=28, bufHeight=36, front.active.{w=32, h=32}
10-14 03:08:55.611  2756  2903 I [Gralloc]: framebuffer hal alread move to hwcomposer
10-14 03:08:55.660  7495  7495 D ViewRootImpl[AllInOneCalendarActivity]: updatePointerIcon called with position out of bounds
10-14 03:08:58.308  2747  7191 W amlaudioMixer: mixer_get_presentation_position(), port not ready now
10-14 03:08:58.308  2747  7191 W audio-subMixingFactory: out_get_presentation_position_port(), pts not valid yet
