10-14 03:12:30.276 13665 13674 W System  : A resource failed to call close. 
10-14 03:12:31.578 13665 13687 W MultiSignalANRDetectorAcra: Pausing error state checks
10-14 03:12:31.921  4078  4078 D skia    : --- Failed to create image decoder with message 'unimplemented'
10-14 03:12:31.933  4078  4078 D skia    : --- Failed to create image decoder with message 'unimplemented'
10-14 03:12:31.927  4078  4078 I tutu.ABenchMark: type=1400 audit(0.0:3409): avc: denied { open } for path="/proc/stat" dev="proc" ino=4026531957 scontext=u:r:untrusted_app_27:s0:c512,c768 tcontext=u:object_r:proc_stat:s0 tclass=file permissive=1
10-14 03:12:34.517  2953  2953 W WindowManager: removeWindowToken: Attempted to remove non-existing token: android.os.Binder@b97a5e7
10-14 03:12:35.875 13665 13707 E com.instagram.reliability.instacrash.InstacrashSessionProvider: Unable to read session
10-14 03:12:35.875 13665 13707 E com.instagram.reliability.instacrash.InstacrashSessionProvider: java.io.FileNotFoundException: /data/user/0/com.instagram.android/ig_crash_log_session (No such file or directory)
10-14 03:12:35.875 13665 13707 E com.instagram.reliability.instacrash.InstacrashSessionProvider: 	at java.io.FileInputStream.open0(Native Method)
10-14 03:12:35.875 13665 13707 E com.instagram.reliability.instacrash.InstacrashSessionProvider: 	at java.io.FileInputStream.open(FileInputStream.java:231)
10-14 03:12:35.875 13665 13707 E com.instagram.reliability.instacrash.InstacrashSessionProvider: 	at java.io.FileInputStream.<init>(FileInputStream.java:165)
10-14 03:12:35.875 13665 13707 E com.instagram.reliability.instacrash.InstacrashSessionProvider: 	at java.io.FileReader.<init>(FileReader.java:72)
10-14 03:12:35.875 13665 13707 E com.instagram.reliability.instacrash.InstacrashSessionProvider: 	at com.instagram.reliability.instacrash.InstacrashSessionProvider.A00(:19)
10-14 03:12:35.875 13665 13707 E com.instagram.reliability.instacrash.InstacrashSessionProvider: 	at X.0OS.run(:7)
10-14 03:12:35.875 13665 13707 E com.instagram.reliability.instacrash.InstacrashSessionProvider: 	at java.util.concurrent.ThreadPoolExecutor.runWorker(ThreadPoolExecutor.java:1167)
10-14 03:12:35.875 13665 13707 E com.instagram.reliability.instacrash.InstacrashSessionProvider: 	at java.util.concurrent.ThreadPoolExecutor$Worker.run(ThreadPoolExecutor.java:641)
10-14 03:12:35.875 13665 13707 E com.instagram.reliability.instacrash.InstacrashSessionProvider: 	at java.lang.Thread.run(Thread.java:764)
10-14 03:12:35.875 13665 13707 E com.instagram.reliability.instacrash.InstacrashSessionProvider: 	at X.0QL.run(:5)
10-14 03:12:36.719  2953  2953 W WindowManager: removeWindowToken: Attempted to remove non-existing token: android.os.Binder@f5df745
10-14 03:12:41.936  4078  4078 D skia    : --- Failed to create image decoder with message 'unimplemented'
10-14 03:12:41.947  4078  4078 D skia    : --- Failed to create image decoder with message 'unimplemented'
10-14 03:12:42.840  2747  7191 W amlaudioMixer: mixer_get_presentation_position(), port not ready now
10-14 03:12:42.840  2747  7191 W audio-subMixingFactory: out_get_presentation_position_port(), pts not valid yet
10-14 03:12:42.840  2747  7191 I audio-subMixingFactory: ++usecase_change_validate_l_sm: dev usecase masks = 0, out usecase_masks = 0, out usecase STREAM_PCM_NORMAL
10-14 03:12:42.840  2747  7191 I audio-subMixingFactory: ++++usecase_change_validate_l_sm(),continuous_audio_mode 0 dev usecase masks = 0, out usecase_masks = 0, out usecase STREAM_PCM_NORMAL
10-14 03:12:42.840  2747  7191 I audio-subMixingFactory: usecase_change_validate_l_sm(), mixer_aux_buffer_write_sm !
10-14 03:12:42.840  2747  7191 I audio-subMixingFactory: ----usecase_change_validate_l_sm(), continuous_audio_mode 0 dev usecase masks = 0x1, out usecase_masks = 0x1, out usecase STREAM_PCM_NORMAL
10-14 03:12:42.840  2747  7191 I aml_audio_port: get_input_port_index(), samplerate 48000
10-14 03:12:42.840  2747  7191 D aml_audio_port: new_input_port(), index:0, rbuf size:8192, direct_on:0
10-14 03:12:42.840  2747  7191 D aml_audio_port: new_input_port(), fmt 0x1, rate 48000
10-14 03:12:42.840  2747  7191 I amlaudioMixer: ++init_mixer_input_port port index 0, size 512 frames
10-14 03:12:42.840  2747  7191 I amlaudioMixer: init_mixer_input_port(), port->initial_frames: 88265728
10-14 03:12:42.840  2747  7191 I aml_audio_port: get_input_port_index(), samplerate 48000
10-14 03:12:42.840  2747  7191 I audio-subMixingFactory: mixer_aux_buffer_write_sm(), primary 0xee3ca000 port index = 0
10-14 03:12:42.840  2747  7191 I audio-subMixingFactory: padding_bytes 16384
10-14 03:12:42.840  2747  7191 I amlaudioMixer: port index 0 is active now
10-14 03:12:42.840  2747  7191 I audio-subMixingFactory: padding_bytes 14336
10-14 03:12:42.840  2747  7191 I audio-subMixingFactory: padding_bytes 12288
10-14 03:12:42.840  2747  7191 I audio-subMixingFactory: padding_bytes 10240
10-14 03:12:42.840  2747  7191 I audio-subMixingFactory: padding_bytes 8192
10-14 03:12:42.840  2747  7191 I audio-subMixingFactory: padding_bytes 6144
10-14 03:12:42.844  2747  7191 I audio-subMixingFactory: padding_bytes 4096
10-14 03:12:42.847  2747  7191 I audio-subMixingFactory: padding_bytes 2048
10-14 03:12:42.857  2747  7191 W amlaudioMixer: mixer_get_presentation_position(), not valid now
10-14 03:12:42.857  2747  7191 W audio-subMixingFactory: out_get_presentation_position_port(), pts not valid yet
10-14 03:12:42.867  2747  7191 W amlaudioMixer: mixer_get_presentation_position(), not valid now
10-14 03:12:42.868  2747  7191 W audio-subMixingFactory: out_get_presentation_position_port(), pts not valid yet
10-14 03:12:42.882  2766  2911 D AudioFlinger: mixer(0xeb583ac0) throttle end: throttle time(4)
10-14 03:12:42.935  2953  2975 D AutofillManagerService: Close system dialogs
10-14 03:12:42.939  2953 27918 I ActivityManager: START u0 {act=android.intent.action.MAIN cat=[android.intent.category.HOME] flg=0x10000000 cmp=com.android.launcher3/.Launcher (has extras)} from uid 10024
10-14 03:12:42.942  3106  3106 I vol.Events: writeEvent dismiss_dialog volume_controller
10-14 03:12:42.946  3106  3106 V StatusBar: mStatusBarWindow: com.android.systemui.statusbar.phone.StatusBarWindowView{530a9c0 V.ED..... ........ 0,0-1360,31} canPanelBeCollapsed(): false
10-14 03:12:42.978  2756  2903 I [Gralloc]: framebuffer hal alread move to hwcomposer
10-14 03:12:42.992  2756  8190 I [Gralloc]: framebuffer hal alread move to hwcomposer
10-14 03:12:43.008  2756  2903 I [Gralloc]: framebuffer hal alread move to hwcomposer
10-14 03:12:43.008  2756  2903 E gralloc : ioctl c0144900 failed with code -1: Operation not permitted
10-14 03:12:43.009  3527  3638 D mali_winsys: EGLint new_window_surface(egl_winsys_display *, void *, EGLSurface, EGLConfig, egl_winsys_surface **, EGLBoolean) returns 0x3000
10-14 03:12:43.013  2768  2950 E BufferQueueProducer: [com.google.android.calendar/com.google.android.calendar.AllInOneCalendarActivity#0] disconnect: not connected (req=1)
10-14 03:12:43.013  7495  7605 W libEGL  : EGLNativeWindowType 0xca6e1808 disconnect failed
10-14 03:12:43.016  2756  2903 I [Gralloc]: framebuffer hal alread move to hwcomposer
10-14 03:12:43.017  2756  2903 E gralloc : ioctl c0144900 failed with code -1: Operation not permitted
10-14 03:12:42.959  3527  3527 I Recents-TaskRes: type=1400 audit(0.0:3414): avc: denied { read } for name="gralloc.odroidn2.so" dev="mmcblk0p12" ino=705 scontext=u:r:priv_app:s0:c512,c768 tcontext=u:object_r:vendor_file:s0 tclass=file permissive=1
10-14 03:12:43.027  2756  2903 I [Gralloc]: framebuffer hal alread move to hwcomposer
10-14 03:12:43.031  2756  8190 I [Gralloc]: framebuffer hal alread move to hwcomposer
10-14 03:12:43.055  2756  2903 I [Gralloc]: framebuffer hal alread move to hwcomposer
10-14 03:12:42.959  3527  3527 I Recents-TaskRes: type=1400 audit(0.0:3415): avc: denied { open } for path="/vendor/lib/hw/gralloc.odroidn2.so" dev="mmcblk0p12" ino=705 scontext=u:r:priv_app:s0:c512,c768 tcontext=u:object_r:vendor_file:s0 tclass=file permissive=1
10-14 03:12:43.081  3527  3541 D StrictMode: StrictMode policy violation: android.os.strictmode.LeakedClosableViolation: A resource was acquired at attached stack trace but never released. See java.io.Closeable for information on avoiding resource leaks.
10-14 03:12:43.081  3527  3541 D StrictMode: 	at android.os.StrictMode$AndroidCloseGuardReporter.report(StrictMode.java:1788)
10-14 03:12:43.081  3527  3541 D StrictMode: 	at dalvik.system.CloseGuard.warnIfOpen(CloseGuard.java:264)
10-14 03:12:43.081  3527  3541 D StrictMode: 	at android.view.SurfaceControl.finalize(SurfaceControl.java:667)
10-14 03:12:43.081  3527  3541 D StrictMode: 	at java.lang.Daemons$FinalizerDaemon.doFinalize(Daemons.java:250)
10-14 03:12:43.081  3527  3541 D StrictMode: 	at java.lang.Daemons$FinalizerDaemon.runInternal(Daemons.java:237)
10-14 03:12:43.081  3527  3541 D StrictMode: 	at java.lang.Daemons$Daemon.run(Daemons.java:103)
10-14 03:12:43.081  3527  3541 D StrictMode: 	at java.lang.Thread.run(Thread.java:764)
10-14 03:12:43.081  3527  3541 D StrictMode: Caused by: java.lang.Throwable: Explicit termination method 'release' not called
10-14 03:12:43.081  3527  3541 D StrictMode: 	at dalvik.system.CloseGuard.open(CloseGuard.java:221)
10-14 03:12:43.081  3527  3541 D StrictMode: 	at android.view.SurfaceControl.<init>(SurfaceControl.java:621)
10-14 03:12:43.081  3527  3541 D StrictMode: 	at android.view.SurfaceControl.<init>(SurfaceControl.java:60)
10-14 03:12:43.081  3527  3541 D StrictMode: 	at android.view.SurfaceControl$1.createFromParcel(SurfaceControl.java:655)
10-14 03:12:43.081  3527  3541 D StrictMode: 	at android.view.SurfaceControl$1.createFromParcel(SurfaceControl.java:653)
10-14 03:12:43.081  3527  3541 D StrictMode: 	at android.os.Parcel.readParcelable(Parcel.java:2766)
10-14 03:12:43.081  3527  3541 D StrictMode: 	at android.view.RemoteAnimationTarget.<init>(RemoteAnimationTarget.java:149)
10-14 03:12:43.081  3527  3541 D StrictMode: 	at android.view.RemoteAnimationTarget$1.createFromParcel(RemoteAnimationTarget.java:212)
10-14 03:12:43.081  3527  3541 D StrictMode: 	at android.view.RemoteAnimationTarget$1.createFromParcel(RemoteAnimationTarget.java:210)
10-14 03:12:43.081  3527  3541 D StrictMode: 	at android.os.Parcel.readTypedObject(Parcel.java:2606)
10-14 03:12:43.081  3527  3541 D StrictMode: 	at android.os.Parcel.createTypedArray(Parcel.java:2568)
10-14 03:12:43.081  3527  3541 D StrictMode: 	at android.view.IRemoteAnimationRunner$Stub.onTransact(IRemoteAnimationRunner.java:56)
10-14 03:12:43.081  3527  3541 D StrictMode: 	at android.os.Binder.execTransact(Binder.java:731)
10-14 03:12:43.094  2953  2969 W BroadcastQueue: Background execution not allowed: receiving Intent { act=android.intent.action.DROPBOX_ENTRY_ADDED flg=0x10 (has extras) } to com.google.android.gms/.stats.service.DropBoxEntryAddedReceiver
10-14 03:12:43.094  2953  2969 W BroadcastQueue: Background execution not allowed: receiving Intent { act=android.intent.action.DROPBOX_ENTRY_ADDED flg=0x10 (has extras) } to com.google.android.gms/.chimera.GmsIntentOperationService$PersistentTrustedReceiver
10-14 03:12:43.102  2953  2969 W BroadcastQueue: Background execution not allowed: receiving Intent { act=android.intent.action.DROPBOX_ENTRY_ADDED flg=0x10 (has extras) } to com.google.android.gms/.stats.service.DropBoxEntryAddedReceiver
10-14 03:12:43.102  2953  2969 W BroadcastQueue: Background execution not allowed: receiving Intent { act=android.intent.action.DROPBOX_ENTRY_ADDED flg=0x10 (has extras) } to com.google.android.gms/.chimera.GmsIntentOperationService$PersistentTrustedReceiver
10-14 03:12:43.107  2953  2969 W BroadcastQueue: Background execution not allowed: receiving Intent { act=android.intent.action.DROPBOX_ENTRY_ADDED flg=0x10 (has extras) } to com.google.android.gms/.stats.service.DropBoxEntryAddedReceiver
10-14 03:12:43.107  2953  2969 W BroadcastQueue: Background execution not allowed: receiving Intent { act=android.intent.action.DROPBOX_ENTRY_ADDED flg=0x10 (has extras) } to com.google.android.gms/.chimera.GmsIntentOperationService$PersistentTrustedReceiver
10-14 03:12:43.111  2953  2969 W BroadcastQueue: Background execution not allowed: receiving Intent { act=android.intent.action.DROPBOX_ENTRY_ADDED flg=0x10 (has extras) } to com.google.android.gms/.stats.service.DropBoxEntryAddedReceiver
10-14 03:12:43.111  2953  2969 W BroadcastQueue: Background execution not allowed: receiving Intent { act=android.intent.action.DROPBOX_ENTRY_ADDED flg=0x10 (has extras) } to com.google.android.gms/.chimera.GmsIntentOperationService$PersistentTrustedReceiver
10-14 03:12:43.116  2953  2969 W BroadcastQueue: Background execution not allowed: receiving Intent { act=android.intent.action.DROPBOX_ENTRY_ADDED flg=0x10 (has extras) } to com.google.android.gms/.stats.service.DropBoxEntryAddedReceiver
10-14 03:12:43.116  2953  2969 W BroadcastQueue: Background execution not allowed: receiving Intent { act=android.intent.action.DROPBOX_ENTRY_ADDED flg=0x10 (has extras) } to com.google.android.gms/.chimera.GmsIntentOperationService$PersistentTrustedReceiver
10-14 03:12:43.091  3527  3541 I chatty  : uid=10024(com.android.launcher3) FinalizerDaemon identical 8 lines
10-14 03:12:43.092  3527  3541 D StrictMode: StrictMode policy violation: android.os.strictmode.LeakedClosableViolation: A resource was acquired at attached stack trace but never released. See java.io.Closeable for information on avoiding resource leaks.
10-14 03:12:43.092  3527  3541 D StrictMode: 	at android.os.StrictMode$AndroidCloseGuardReporter.report(StrictMode.java:1788)
10-14 03:12:43.092  3527  3541 D StrictMode: 	at dalvik.system.CloseGuard.warnIfOpen(CloseGuard.java:264)
10-14 03:12:43.092  3527  3541 D StrictMode: 	at android.view.SurfaceControl.finalize(SurfaceControl.java:667)
10-14 03:12:43.092  3527  3541 D StrictMode: 	at java.lang.Daemons$FinalizerDaemon.doFinalize(Daemons.java:250)
10-14 03:12:43.092  3527  3541 D StrictMode: 	at java.lang.Daemons$FinalizerDaemon.runInternal(Daemons.java:237)
10-14 03:12:43.092  3527  3541 D StrictMode: 	at java.lang.Daemons$Daemon.run(Daemons.java:103)
10-14 03:12:43.092  3527  3541 D StrictMode: 	at java.lang.Thread.run(Thread.java:764)
10-14 03:12:43.092  3527  3541 D StrictMode: Caused by: java.lang.Throwable: Explicit termination method 'release' not called
10-14 03:12:43.092  3527  3541 D StrictMode: 	at dalvik.system.CloseGuard.open(CloseGuard.java:221)
10-14 03:12:43.092  3527  3541 D StrictMode: 	at android.view.SurfaceControl.<init>(SurfaceControl.java:621)
10-14 03:12:43.092  3527  3541 D StrictMode: 	at android.view.SurfaceControl.<init>(SurfaceControl.java:60)
10-14 03:12:43.092  3527  3541 D StrictMode: 	at android.view.SurfaceControl$1.createFromParcel(SurfaceControl.java:655)
10-14 03:12:43.092  3527  3541 D StrictMode: 	at android.view.SurfaceControl$1.createFromParcel(SurfaceControl.java:653)
10-14 03:12:43.092  3527  3541 D StrictMode: 	at android.os.Parcel.readParcelable(Parcel.java:2766)
10-14 03:12:43.092  3527  3541 D StrictMode: 	at android.view.RemoteAnimationTarget.<init>(RemoteAnimationTarget.java:149)
10-14 03:12:43.092  3527  3541 D StrictMode: 	at android.view.RemoteAnimationTarget$1.createFromParcel(RemoteAnimationTarget.java:212)
10-14 03:12:43.092  3527  3541 D StrictMode: 	at android.view.RemoteAnimationTarget$1.createFromParcel(RemoteAnimationTarget.java:210)
10-14 03:12:43.092  3527  3541 D StrictMode: 	at android.os.Parcel.readTypedObject(Parcel.java:2606)
10-14 03:12:43.092  3527  3541 D StrictMode: 	at android.os.Parcel.createTypedArray(Parcel.java:2568)
10-14 03:12:43.092  3527  3541 D StrictMode: 	at android.view.IRemoteAnimationRunner$Stub.onTransact(IRemoteAnimationRunner.java:56)
10-14 03:12:43.092  3527  3541 D StrictMode: 	at android.os.Binder.execTransact(Binder.java:731)
10-14 03:12:42.959  3527  3527 I Recents-TaskRes: type=1400 audit(0.0:3416): avc: denied { getattr } for path="/vendor/lib/hw/gralloc.odroidn2.so" dev="mmcblk0p12" ino=705 scontext=u:r:priv_app:s0:c512,c768 tcontext=u:object_r:vendor_file:s0 tclass=file permissive=1
10-14 03:12:43.121  2953  2969 W BroadcastQueue: Background execution not allowed: receiving Intent { act=android.intent.action.DROPBOX_ENTRY_ADDED flg=0x10 (has extras) } to com.google.android.gms/.stats.service.DropBoxEntryAddedReceiver
10-14 03:12:43.131  2953  2969 W BroadcastQueue: Background execution not allowed: receiving Intent { act=android.intent.action.DROPBOX_ENTRY_ADDED flg=0x10 (has extras) } to com.google.android.gms/.chimera.GmsIntentOperationService$PersistentTrustedReceiver
10-14 03:12:43.133  2953  2969 W BroadcastQueue: Background execution not allowed: receiving Intent { act=android.intent.action.DROPBOX_ENTRY_ADDED flg=0x10 (has extras) } to com.google.android.gms/.stats.service.DropBoxEntryAddedReceiver
10-14 03:12:43.137  2953  2969 W BroadcastQueue: Background execution not allowed: receiving Intent { act=android.intent.action.DROPBOX_ENTRY_ADDED flg=0x10 (has extras) } to com.google.android.gms/.chimera.GmsIntentOperationService$PersistentTrustedReceiver
10-14 03:12:43.138  2953  2969 W BroadcastQueue: Background execution not allowed: receiving Intent { act=android.intent.action.DROPBOX_ENTRY_ADDED flg=0x10 (has extras) } to com.google.android.gms/.stats.service.DropBoxEntryAddedReceiver
10-14 03:12:43.138  2953  2969 W BroadcastQueue: Background execution not allowed: receiving Intent { act=android.intent.action.DROPBOX_ENTRY_ADDED flg=0x10 (has extras) } to com.google.android.gms/.chimera.GmsIntentOperationService$PersistentTrustedReceiver
10-14 03:12:43.139  2953  2969 W BroadcastQueue: Background execution not allowed: receiving Intent { act=android.intent.action.DROPBOX_ENTRY_ADDED flg=0x10 (has extras) } to com.google.android.gms/.stats.service.DropBoxEntryAddedReceiver
10-14 03:12:43.139  2953  2969 W BroadcastQueue: Background execution not allowed: receiving Intent { act=android.intent.action.DROPBOX_ENTRY_ADDED flg=0x10 (has extras) } to com.google.android.gms/.chimera.GmsIntentOperationService$PersistentTrustedReceiver
10-14 03:12:43.139  2953  2969 W BroadcastQueue: Background execution not allowed: receiving Intent { act=android.intent.action.DROPBOX_ENTRY_ADDED flg=0x10 (has extras) } to com.google.android.gms/.stats.service.DropBoxEntryAddedReceiver
10-14 03:12:43.139  2953  2969 W BroadcastQueue: Background execution not allowed: receiving Intent { act=android.intent.action.DROPBOX_ENTRY_ADDED flg=0x10 (has extras) } to com.google.android.gms/.chimera.GmsIntentOperationService$PersistentTrustedReceiver
10-14 03:12:42.987  2768  2768 I Binder:2768_3: type=1400 audit(0.0:3417): avc: denied { read } for name="gralloc.odroidn2.so" dev="mmcblk0p12" ino=705 scontext=u:r:surfaceflinger:s0 tcontext=u:object_r:vendor_file:s0 tclass=file permissive=1
10-14 03:12:43.279  2768  2841 W SurfaceFlinger: Attempting to set client state on removed layer: com.google.android.calendar/com.google.android.calendar.AllInOneCalendarActivity#0
10-14 03:12:43.279  2768  2841 W SurfaceFlinger: Attempting to destroy on removed layer: com.google.android.calendar/com.google.android.calendar.AllInOneCalendarActivity#0
10-14 03:12:43.281  2768  3557 W SurfaceFlinger: Attempting to set client state on removed layer: com.google.android.calendar/com.google.android.calendar.AllInOneCalendarActivity#0
10-14 03:12:43.281  2768  3557 W SurfaceFlinger: Attempting to destroy on removed layer: com.google.android.calendar/com.google.android.calendar.AllInOneCalendarActivity#0
10-14 03:12:43.605  3527  3527 D InputEventConsistencyVerifier: GenericMotionEvent: Action button for ACTION_BUTTON_RELEASE event is 1, but it was either never pressed or has already been released.
10-14 03:12:43.605  3527  3527 D InputEventConsistencyVerifier:   in com.android.launcher3.views.DoubleShadowBubbleTextView{fee8c70 VFED..CL. ........ 804,393-1005,524 #1c}
10-14 03:12:43.605  3527  3527 D InputEventConsistencyVerifier:   0: sent at 10815471569000, MotionEvent { action=ACTION_BUTTON_RELEASE, actionButton=BUTTON_PRIMARY, id[0]=0, x[0]=23.36731, y[0]=79.896484, toolType[0]=TOOL_TYPE_MOUSE, buttonState=0, metaState=0, flags=0x0, edgeFlags=0x0, pointerCount=1, historySize=0, eventTime=10815471, downTime=10815343, deviceId=4, source=0x2002 }
10-14 03:12:43.605  3527  3527 D InputEventConsistencyVerifier:   -- recent events --
10-14 03:12:43.605  3527  3527 D InputEventConsistencyVerifier:   1: sent at 9548239557000, (unhandled) MotionEvent { action=ACTION_HOVER_EXIT, actionButton=0, id[0]=0, x[0]=46.334778, y[0]=-25.746307, toolType[0]=TOOL_TYPE_MOUSE, buttonState=0, metaState=0, flags=0x0, edgeFlags=0x0, pointerCount=1, historySize=0, eventTime=9548239, downTime=9240287, deviceId=4, source=0x2002 }
10-14 03:12:43.605  3527  3527 D InputEventConsistencyVerifier:   2: sent at 9548239557000, (unhandled) MotionEvent { action=ACTION_HOVER_MOVE, actionButton=0, id[0]=0, x[0]=46.334778, y[0]=-25.746307, toolType[0]=TOOL_TYPE_MOUSE, buttonState=0, metaState=0, flags=0x4, edgeFlags=0x0, pointerCount=1, historySize=1, eventTime=9548239, downTime=9240287, deviceId=4, source=0x2002 }
10-14 03:12:43.605  3527  3527 D InputEventConsistencyVerifier:   3: sent at 9548223559000, (unhandled) MotionEvent { action=ACTION_HOVER_MOVE, actionButton=0, id[0]=0, x[0]=40.61682, y[0]=6.429962, toolType[0]=TOOL_TYPE_MOUSE, buttonState=0, metaState=0, flags=0x0, edgeFlags=0x0, pointerCount=1, historySize=1, eventTime=9548223, downTime=9240287, deviceId=4, source=0x2002 }
10-14 03:12:43.605  3527  3527 D InputEventConsistencyVerifier:   4: sent at 9548207560000, (unhandled) MotionEvent { action=ACTION_HOVER_MOVE, actionButton=0, id[0]=0, x[0]=34.856873, y[0]=44.95105, toolType[0]=TOOL_TYPE_MOUSE, buttonState=0, metaState=0, flags=0x0, edgeFlags=0x0, pointerCount=1, historySize=2, eventTime=9548207, downTime=9240287, deviceId=4, source=0x2002 }
10-14 03:12:43.605  3527  3527 D InputEventConsistencyVerifier:   5: sent at 9548183563000, (unhandled) MotionEvent { action=ACTION_HOVER_MOVE, actionButton=0, id[0]=0, x[0]=28.169312, y[0]=103.13208, toolType[0]=TOOL_TYPE_MOUSE, buttonState=0, metaState=0, flags=0x0, edgeFlags=0x0, pointerCount=1, historySize=1, eventTime=9548183, downTime=9240287, deviceId=4, source=0x2002 }
10-14 03:12:44.103  2953  3307 I ActivityManager: Killing 7495:com.google.android.calendar/u0a74 (adj 900): remove task
10-14 03:12:44.104  2953  2972 W libprocessgroup: kill(-7495, 9) failed: No such process
10-14 03:12:44.149  2953  2972 I chatty  : uid=1000(system) ActivityManager identical 1 line
10-14 03:12:44.196  2953  2972 W libprocessgroup: kill(-7495, 9) failed: No such process
10-14 03:12:44.223  2953  3028 W InputDispatcher: channel '6e1cba com.google.android.calendar/com.google.android.calendar.AllInOneCalendarActivity (server)' ~ Consumer closed input channel or an error occurred.  events=0x9
10-14 03:12:44.223  2953  3028 E InputDispatcher: channel '6e1cba com.google.android.calendar/com.google.android.calendar.AllInOneCalendarActivity (server)' ~ Channel is unrecoverably broken and will be disposed!
10-14 03:12:44.235  2953  4945 I WindowManager: WIN DEATH: Window{6e1cba u0 com.google.android.calendar/com.google.android.calendar.AllInOneCalendarActivity}
10-14 03:12:44.235  2953  4945 W InputDispatcher: Attempted to unregister already unregistered input channel '6e1cba com.google.android.calendar/com.google.android.calendar.AllInOneCalendarActivity (server)'
10-14 03:12:44.235  2953  4858 D ConnectivityService: ConnectivityService NetworkRequestInfo binderDied(NetworkRequest [ LISTEN id=279, [ Capabilities: INTERNET&NOT_RESTRICTED&TRUSTED Unwanted:  Uid: 10074] ], android.os.BinderProxy@70a5e8)
10-14 03:12:44.240  2768  2950 W SurfaceFlinger: Attempting to destroy on removed layer: AppWindowToken{b8b67c6 token=Token{4d059a1 ActivityRecord{84ace08 u0 com.google.android.calendar/.AllInOneCalendarActivity t33}}}#0
10-14 03:12:44.241  2953  2972 W libprocessgroup: kill(-7495, 9) failed: No such process
10-14 03:12:44.241  2953 11249 D ConnectivityService: ConnectivityService NetworkRequestInfo binderDied(NetworkRequest [ TRACK_DEFAULT id=278, [ Capabilities: INTERNET&NOT_RESTRICTED&TRUSTED Unwanted:  Uid: 10074] ], android.os.BinderProxy@bf38401)
10-14 03:12:44.241  2953  3042 D ConnectivityService: releasing NetworkRequest [ TRACK_DEFAULT id=278, [ Capabilities: INTERNET&NOT_RESTRICTED&TRUSTED Unwanted:  Uid: 10074] ] (release request)
10-14 03:12:44.242  2740  2740 I Zygote  : Process 7495 exited due to signal (9)
10-14 03:12:44.249  2953  2977 W ActivityManager: setHasOverlayUi called on unknown pid: 7495
10-14 03:12:44.285  2953  2972 W libprocessgroup: kill(-7495, 9) failed: No such process
10-14 03:12:44.285  2953  2972 I libprocessgroup: Successfully killed process cgroup uid 10074 pid 7495 in 180ms
10-14 03:12:44.888  2953  2976 I EntropyMixer: Added HW RNG output to entropy pool
10-14 03:12:44.888  2953  2976 I EntropyMixer: Writing entropy...
10-14 03:12:45.911  2747  2888 D audio-subMixingFactory: out_standby_subMixingPCM: out_stream(0xee3ca000) usecase: STREAM_PCM_NORMAL
10-14 03:12:45.911  2747  2888 I audio-subMixingFactory: ++usecase_change_validate_l_sm(), dev usecase masks = 0x1, is_standby = 1, out usecase STREAM_PCM_NORMAL
10-14 03:12:45.911  2747  2888 I audio-subMixingFactory: --usecase_change_validate_l_sm(), dev usecase masks = 0, is_standby = 1, out usecase STREAM_PCM_NORMAL
10-14 03:12:45.911  2747  2888 I amlaudioMixer: ++delete_mixer_input_port port ID: 0
10-14 03:12:46.185  2787  2821 E storaged: getDiskStats failed with result NOT_SUPPORTED and size 0
