10-14 03:12:07.451  2756  2903 E gralloc : ioctl c0144900 failed with code -1: Operation not permitted
10-14 03:12:07.452  2756  2903 I [Gralloc]: framebuffer hal alread move to hwcomposer
10-14 03:12:07.457  2756  2903 E gralloc : ioctl c0144900 failed with code -1: Operation not permitted
10-14 03:12:07.458  7495  7605 D mali_winsys: EGLint new_window_surface(egl_winsys_display *, void *, EGLSurface, EGLConfig, egl_winsys_surface **, EGLBoolean) returns 0x3000
10-14 03:12:07.467  3483  7782 I FontLog : Received query Google Sans, URI content://com.google.android.gms.fonts [CONTEXT service_id=132 ]
10-14 03:12:07.468  3483  7782 I FontLog : Query [Google Sans] resolved to {Google Sans, wdth 100.0, wght 400, ital 0.0, bestEffort false} [CONTEXT service_id=132 ]
10-14 03:12:07.469  3483  7782 I FontLog : Font PFD returned from cache for {Google Sans, wdth 100.0, wght 400, ital 0.0, bestEffort false} [CONTEXT service_id=132 ]
10-14 03:12:07.469  3483  7782 I FontLog : Fetch {Google Sans, wdth 100.0, wght 400, ital 0.0, bestEffort false} end status Status{statusCode=SUCCESS, resolution=null} [CONTEXT service_id=132 ]
10-14 03:12:07.472  3483  8388 I FontLog : Pulling font file for id = 34, cache size = 4 [CONTEXT service_id=132 ]
10-14 03:12:07.538  2756  2903 I [Gralloc]: framebuffer hal alread move to hwcomposer
10-14 03:12:07.538  2756  2903 E gralloc : ioctl c0144900 failed with code -1: Operation not permitted
10-14 03:12:07.549  2756  2903 I [Gralloc]: framebuffer hal alread move to hwcomposer
10-14 03:12:07.550  2756  2903 E gralloc : ioctl c0144900 failed with code -1: Operation not permitted
10-14 03:12:07.566  2756  2903 I [Gralloc]: framebuffer hal alread move to hwcomposer
10-14 03:12:08.209  2756  2903 I chatty  : uid=1000(system) HwBinder:2756_2 identical 1 line
10-14 03:12:08.379  2756  2903 I [Gralloc]: framebuffer hal alread move to hwcomposer
10-14 03:12:08.379  2756  2903 E gralloc : ioctl c0144900 failed with code -1: Operation not permitted
10-14 03:12:09.002  2768  2768 D SurfaceFlinger: duplicate layer name: changing com.google.android.calendar/com.google.android.calendar.AllInOneCalendarActivity to com.google.android.calendar/com.google.android.calendar.AllInOneCalendarActivity#4
10-14 03:12:09.006  2756  2903 I [Gralloc]: framebuffer hal alread move to hwcomposer
10-14 03:12:09.011  2756  2903 I [Gralloc]: framebuffer hal alread move to hwcomposer
10-14 03:12:09.011  2756  2903 E gralloc : ioctl c0144900 failed with code -1: Operation not permitted
10-14 03:12:09.011  2756  2903 I [Gralloc]: framebuffer hal alread move to hwcomposer
10-14 03:12:09.016  2756  2903 E gralloc : ioctl c0144900 failed with code -1: Operation not permitted
10-14 03:12:09.017  7495  7605 D mali_winsys: EGLint new_window_surface(egl_winsys_display *, void *, EGLSurface, EGLConfig, egl_winsys_surface **, EGLBoolean) returns 0x3000
10-14 03:12:09.031  2756  2903 I [Gralloc]: framebuffer hal alread move to hwcomposer
10-14 03:12:09.031  2756  2903 E gralloc : ioctl c0144900 failed with code -1: Operation not permitted
10-14 03:12:09.039  2756  2903 I [Gralloc]: framebuffer hal alread move to hwcomposer
10-14 03:12:09.039  2756  2903 E gralloc : ioctl c0144900 failed with code -1: Operation not permitted
10-14 03:12:09.056  2756  2903 I [Gralloc]: framebuffer hal alread move to hwcomposer
10-14 03:12:09.211  2768  3557 W SurfaceFlinger: Attempting to set client state on removed layer: Surface(name=25690f7 com.google.android.calendar/com.google.android.calendar.AllInOneCalendarActivity)/@0x5112b64 - animation-leash#0
10-14 03:12:09.211  2768  3557 W SurfaceFlinger: Attempting to destroy on removed layer: Surface(name=25690f7 com.google.android.calendar/com.google.android.calendar.AllInOneCalendarActivity)/@0x5112b64 - animation-leash#0
10-14 03:12:09.412  2756  2903 I [Gralloc]: framebuffer hal alread move to hwcomposer
10-14 03:12:11.341  2756  2903 I chatty  : uid=1000(system) HwBinder:2756_2 identical 1 line
10-14 03:12:11.612  2756  2903 I [Gralloc]: framebuffer hal alread move to hwcomposer
10-14 03:12:11.877  4078  4078 D skia    : --- Failed to create image decoder with message 'unimplemented'
10-14 03:12:11.889  4078  4078 D skia    : --- Failed to create image decoder with message 'unimplemented'
10-14 03:12:12.603  2760  2760 I memtrack@1.0-se: type=1400 audit(0.0:3394): avc: denied { read } for name="mem_profile" dev="debugfs" ino=2850 scontext=u:r:hal_memtrack_default:s0 tcontext=u:object_r:debugfs:s0 tclass=file permissive=1
10-14 03:12:12.950  2756  2903 I [Gralloc]: framebuffer hal alread move to hwcomposer
10-14 03:12:12.967  2768  2768 E SurfaceFlinger: [Sprite#0] rejecting buffer: bufWidth=28, bufHeight=36, front.active.{w=32, h=32}
10-14 03:12:12.967  2756  2903 I [Gralloc]: framebuffer hal alread move to hwcomposer
10-14 03:12:14.423  7495  7495 D ViewRootImpl[AllInOneCalendarActivity]: updatePointerIcon called with position out of bounds
10-14 03:12:15.109  2747  2888 D audio-subMixingFactory: out_standby_subMixingPCM: out_stream(0xee3ca000) usecase: STREAM_PCM_NORMAL
10-14 03:12:15.109  2747  2888 I audio-subMixingFactory: ++usecase_change_validate_l_sm(), dev usecase masks = 0x1, is_standby = 1, out usecase STREAM_PCM_NORMAL
10-14 03:12:15.109  2747  2888 I audio-subMixingFactory: --usecase_change_validate_l_sm(), dev usecase masks = 0, is_standby = 1, out usecase STREAM_PCM_NORMAL
10-14 03:12:15.109  2747  2888 I amlaudioMixer: ++delete_mixer_input_port port ID: 0
10-14 03:12:16.162  2747  7191 W amlaudioMixer: mixer_get_presentation_position(), port not ready now
10-14 03:12:16.162  2747  7191 W audio-subMixingFactory: out_get_presentation_position_port(), pts not valid yet
10-14 03:12:16.163  2747  7191 I audio-subMixingFactory: ++usecase_change_validate_l_sm: dev usecase masks = 0, out usecase_masks = 0, out usecase STREAM_PCM_NORMAL
10-14 03:12:16.163  2747  7191 I audio-subMixingFactory: ++++usecase_change_validate_l_sm(),continuous_audio_mode 0 dev usecase masks = 0, out usecase_masks = 0, out usecase STREAM_PCM_NORMAL
10-14 03:12:16.163  2747  7191 I audio-subMixingFactory: usecase_change_validate_l_sm(), mixer_aux_buffer_write_sm !
10-14 03:12:16.163  2747  7191 I audio-subMixingFactory: ----usecase_change_validate_l_sm(), continuous_audio_mode 0 dev usecase masks = 0x1, out usecase_masks = 0x1, out usecase STREAM_PCM_NORMAL
10-14 03:12:16.163  2747  7191 I aml_audio_port: get_input_port_index(), samplerate 48000
10-14 03:12:16.163  2747  7191 D aml_audio_port: new_input_port(), index:0, rbuf size:8192, direct_on:0
10-14 03:12:16.163  2747  7191 D aml_audio_port: new_input_port(), fmt 0x1, rate 48000
10-14 03:12:16.163  2747  7191 I amlaudioMixer: ++init_mixer_input_port port index 0, size 512 frames
10-14 03:12:16.163  2747  7191 I amlaudioMixer: init_mixer_input_port(), port->initial_frames: 87758848
10-14 03:12:16.163  2747  7191 I aml_audio_port: get_input_port_index(), samplerate 48000
10-14 03:12:16.163  2747  7191 I audio-subMixingFactory: mixer_aux_buffer_write_sm(), primary 0xee3ca000 port index = 0
10-14 03:12:16.163  2747  7191 I audio-subMixingFactory: padding_bytes 16384
10-14 03:12:16.163  2747  7191 I amlaudioMixer: port index 0 is active now
10-14 03:12:16.163  2747  7191 I audio-subMixingFactory: padding_bytes 14336
10-14 03:12:16.163  2747  7191 I audio-subMixingFactory: padding_bytes 12288
10-14 03:12:16.163  2747  7191 I audio-subMixingFactory: padding_bytes 10240
10-14 03:12:16.163  2747  7191 I audio-subMixingFactory: padding_bytes 8192
10-14 03:12:16.164  2747  7191 I audio-subMixingFactory: padding_bytes 6144
10-14 03:12:16.165  2768  3557 E BufferQueueProducer: [com.google.android.calendar/com.google.android.calendar.AllInOneCalendarActivity#4] disconnect: not connected (req=1)
10-14 03:12:16.166  7495  7605 W libEGL  : EGLNativeWindowType 0xbb84d808 disconnect failed
10-14 03:12:16.170  2747  7191 I audio-subMixingFactory: padding_bytes 4096
10-14 03:12:16.174  2747  7191 I audio-subMixingFactory: padding_bytes 2048
10-14 03:12:16.183  2747  7191 W amlaudioMixer: mixer_get_presentation_position(), not valid now
10-14 03:12:16.183  2747  7191 W audio-subMixingFactory: out_get_presentation_position_port(), pts not valid yet
10-14 03:12:16.194  2747  7191 W amlaudioMixer: mixer_get_presentation_position(), not valid now
10-14 03:12:16.194  2747  7191 W audio-subMixingFactory: out_get_presentation_position_port(), pts not valid yet
10-14 03:12:16.208  2766  2911 D AudioFlinger: mixer(0xeb583ac0) throttle end: throttle time(7)
10-14 03:12:16.338  2768  2950 W SurfaceFlinger: Attempting to set client state on removed layer: com.google.android.calendar/com.google.android.calendar.AllInOneCalendarActivity#4
10-14 03:12:16.338  2768  2950 W SurfaceFlinger: Attempting to destroy on removed layer: com.google.android.calendar/com.google.android.calendar.AllInOneCalendarActivity#4
10-14 03:12:16.607  2756  2903 I [Gralloc]: framebuffer hal alread move to hwcomposer
10-14 03:12:17.658  2756  2903 I chatty  : uid=1000(system) HwBinder:2756_2 identical 2 lines
10-14 03:12:17.794  2756  2903 I [Gralloc]: framebuffer hal alread move to hwcomposer
10-14 03:12:18.324  2768  2768 D SurfaceFlinger: duplicate layer name: changing com.google.android.calendar/com.google.android.calendar.AllInOneCalendarActivity to com.google.android.calendar/com.google.android.calendar.AllInOneCalendarActivity#4
10-14 03:12:18.327  2756  2903 I [Gralloc]: framebuffer hal alread move to hwcomposer
10-14 03:12:18.330  2756  8190 I [Gralloc]: framebuffer hal alread move to hwcomposer
10-14 03:12:18.330  2756  8190 E gralloc : ioctl c0144900 failed with code -1: Operation not permitted
10-14 03:12:18.330  2756  8190 I [Gralloc]: framebuffer hal alread move to hwcomposer
10-14 03:12:18.335  2756  8190 E gralloc : ioctl c0144900 failed with code -1: Operation not permitted
10-14 03:12:18.336  7495  7605 D mali_winsys: EGLint new_window_surface(egl_winsys_display *, void *, EGLSurface, EGLConfig, egl_winsys_surface **, EGLBoolean) returns 0x3000
10-14 03:12:18.346  2756  8190 I [Gralloc]: framebuffer hal alread move to hwcomposer
10-14 03:12:18.346  2756  8190 E gralloc : ioctl c0144900 failed with code -1: Operation not permitted
10-14 03:12:18.356  2756  8190 I [Gralloc]: framebuffer hal alread move to hwcomposer
10-14 03:12:18.356  2756  8190 E gralloc : ioctl c0144900 failed with code -1: Operation not permitted
10-14 03:12:18.371  2756  8190 I [Gralloc]: framebuffer hal alread move to hwcomposer
10-14 03:12:18.826  2756  8190 I chatty  : uid=1000(system) HwBinder:2756_3 identical 1 line
10-14 03:12:19.876  2756  8190 I [Gralloc]: framebuffer hal alread move to hwcomposer
10-14 03:12:21.370  2747  2888 D audio-subMixingFactory: out_standby_subMixingPCM: out_stream(0xee3ca000) usecase: STREAM_PCM_NORMAL
10-14 03:12:21.370  2747  2888 I audio-subMixingFactory: ++usecase_change_validate_l_sm(), dev usecase masks = 0x1, is_standby = 1, out usecase STREAM_PCM_NORMAL
10-14 03:12:21.370  2747  2888 I audio-subMixingFactory: --usecase_change_validate_l_sm(), dev usecase masks = 0, is_standby = 1, out usecase STREAM_PCM_NORMAL
10-14 03:12:21.370  2747  2888 I amlaudioMixer: ++delete_mixer_input_port port ID: 0
10-14 03:12:21.371  2747  2907 E amlaudioMixer: mixer_do_mixing_16bit(), sys or direct pcm must exist!!!
10-14 03:12:21.453  2747  7191 W amlaudioMixer: mixer_get_presentation_position(), port not ready now
10-14 03:12:21.453  2747  7191 W audio-subMixingFactory: out_get_presentation_position_port(), pts not valid yet
10-14 03:12:21.454  2747  7191 I audio-subMixingFactory: ++usecase_change_validate_l_sm: dev usecase masks = 0, out usecase_masks = 0, out usecase STREAM_PCM_NORMAL
10-14 03:12:21.454  2747  7191 I audio-subMixingFactory: ++++usecase_change_validate_l_sm(),continuous_audio_mode 0 dev usecase masks = 0, out usecase_masks = 0, out usecase STREAM_PCM_NORMAL
10-14 03:12:21.454  2747  7191 I audio-subMixingFactory: usecase_change_validate_l_sm(), mixer_aux_buffer_write_sm !
10-14 03:12:21.454  2747  7191 I audio-subMixingFactory: ----usecase_change_validate_l_sm(), continuous_audio_mode 0 dev usecase masks = 0x1, out usecase_masks = 0x1, out usecase STREAM_PCM_NORMAL
10-14 03:12:21.454  2747  7191 I aml_audio_port: get_input_port_index(), samplerate 48000
10-14 03:12:21.454  2747  7191 D aml_audio_port: new_input_port(), index:0, rbuf size:8192, direct_on:0
10-14 03:12:21.454  2747  7191 D aml_audio_port: new_input_port(), fmt 0x1, rate 48000
10-14 03:12:21.454  2747  7191 I amlaudioMixer: ++init_mixer_input_port port index 0, size 512 frames
10-14 03:12:21.454  2747  7191 I amlaudioMixer: init_mixer_input_port(), port->initial_frames: 88009728
10-14 03:12:21.454  2747  7191 I aml_audio_port: get_input_port_index(), samplerate 48000
10-14 03:12:21.454  2747  7191 I audio-subMixingFactory: mixer_aux_buffer_write_sm(), primary 0xee3ca000 port index = 0
10-14 03:12:21.454  2747  7191 I audio-subMixingFactory: padding_bytes 16384
10-14 03:12:21.454  2747  7191 I amlaudioMixer: port index 0 is active now
10-14 03:12:21.454  2747  7191 I audio-subMixingFactory: padding_bytes 14336
10-14 03:12:21.454  2747  7191 I audio-subMixingFactory: padding_bytes 12288
10-14 03:12:21.454  2747  7191 I audio-subMixingFactory: padding_bytes 10240
10-14 03:12:21.454  2747  7191 I audio-subMixingFactory: padding_bytes 8192
10-14 03:12:21.454  2747  7191 I audio-subMixingFactory: padding_bytes 6144
10-14 03:12:21.455  2768  2950 E BufferQueueProducer: [com.google.android.calendar/com.google.android.calendar.AllInOneCalendarActivity#4] disconnect: not connected (req=1)
10-14 03:12:21.455  7495  7605 W libEGL  : EGLNativeWindowType 0xbb84d808 disconnect failed
10-14 03:12:21.458  2747  7191 I audio-subMixingFactory: padding_bytes 4096
10-14 03:12:21.463  2747  7191 I audio-subMixingFactory: padding_bytes 2048
10-14 03:12:21.473  2747  7191 W amlaudioMixer: mixer_get_presentation_position(), not valid now
10-14 03:12:21.473  2747  7191 W audio-subMixingFactory: out_get_presentation_position_port(), pts not valid yet
10-14 03:12:21.484  2747  7191 W amlaudioMixer: mixer_get_presentation_position(), not valid now
10-14 03:12:21.484  2747  7191 W audio-subMixingFactory: out_get_presentation_position_port(), pts not valid yet
10-14 03:12:21.496  2766  2911 D AudioFlinger: mixer(0xeb583ac0) throttle end: throttle time(7)
10-14 03:12:21.554  2756  8190 I [Gralloc]: framebuffer hal alread move to hwcomposer
10-14 03:12:21.560  2756  8190 I [Gralloc]: framebuffer hal alread move to hwcomposer
10-14 03:12:21.562  2756  2903 I [Gralloc]: framebuffer hal alread move to hwcomposer
10-14 03:12:21.565  7495  7605 D mali_winsys: EGLint new_window_surface(egl_winsys_display *, void *, EGLSurface, EGLConfig, egl_winsys_surface **, EGLBoolean) returns 0x3000
10-14 03:12:21.568  2768  2950 E BufferQueueProducer: [com.google.android.calendar/com.google.android.calendar.AllInOneCalendarActivity#3] disconnect: not connected (req=1)
10-14 03:12:21.568  7495  7605 W libEGL  : EGLNativeWindowType 0xbb84d008 disconnect failed
10-14 03:12:21.583  2756  2903 I [Gralloc]: framebuffer hal alread move to hwcomposer
10-14 03:12:21.605  2756  2903 I [Gralloc]: framebuffer hal alread move to hwcomposer
10-14 03:12:21.621  2768  2849 W SurfaceFlinger: Attempting to set client state on removed layer: com.google.android.calendar/com.google.android.calendar.AllInOneCalendarActivity#4
10-14 03:12:21.621  2768  2849 W SurfaceFlinger: Attempting to destroy on removed layer: com.google.android.calendar/com.google.android.calendar.AllInOneCalendarActivity#4
10-14 03:12:21.648  3599 13606 E cmgy    : *~*~*~ Channel {0} was not shutdown properly!!! ~*~*~*
10-14 03:12:21.648  3599 13606 E cmgy    :     Make sure to call shutdown()/shutdownNow() and wait until awaitTermination() returns true.
10-14 03:12:21.648  3599 13606 E cmgy    : java.lang.RuntimeException: ManagedChannel allocation site
10-14 03:12:21.648  3599 13606 E cmgy    : 	at cmgx.<init>(:com.google.android.gms@203615025@20.36.15 (100304-333172415):3)
10-14 03:12:21.648  3599 13606 E cmgy    : 	at cmgy.<init>(:com.google.android.gms@203615025@20.36.15 (100304-333172415):2)
10-14 03:12:21.648  3599 13606 E cmgy    : 	at cman.b(:com.google.android.gms@203615025@20.36.15 (100304-333172415):22)
10-14 03:12:21.648  3599 13606 E cmgy    : 	at spx.a(:com.google.android.gms@203615025@20.36.15 (100304-333172415):31)
10-14 03:12:21.648  3599 13606 E cmgy    : 	at spx.a(:com.google.android.gms@203615025@20.36.15 (100304-333172415):45)
10-14 03:12:21.648  3599 13606 E cmgy    : 	at rcy.b(:com.google.android.gms@203615025@20.36.15 (100304-333172415):63)
10-14 03:12:21.648  3599 13606 E cmgy    : 	at rcs.a(:com.google.android.gms@203615025@20.36.15 (100304-333172415):30)
10-14 03:12:21.648  3599 13606 E cmgy    : 	at sug.onPerformSync(:com.google.android.gms@203615025@20.36.15 (100304-333172415):4)
10-14 03:12:21.648  3599 13606 E cmgy    : 	at android.content.AbstractThreadedSyncAdapter$SyncThread.run(AbstractThreadedSyncAdapter.java:334)
10-14 03:12:21.752  3599 11690 W Conscrypt: Could not set socket write timeout: java.net.SocketException: Socket closed
10-14 03:12:21.753  3599 11690 W Conscrypt: 	at com.google.android.gms.org.conscrypt.Platform.setSocketWriteTimeout(:com.google.android.gms@203615025@20.36.15 (100304-333172415):2)
10-14 03:12:21.753  3599 11690 W Conscrypt: 	at com.google.android.gms.org.conscrypt.ConscryptFileDescriptorSocket.setSoWriteTimeout(:com.google.android.gms@203615025@20.36.15 (100304-333172415):0)
10-14 03:12:21.836  3599 11690 W Conscrypt: Could not set socket write timeout: java.net.SocketException: Socket closed
10-14 03:12:21.836  3599 11690 W Conscrypt: 	at com.google.android.gms.org.conscrypt.Platform.setSocketWriteTimeout(:com.google.android.gms@203615025@20.36.15 (100304-333172415):2)
10-14 03:12:21.836  3599 11690 W Conscrypt: 	at com.google.android.gms.org.conscrypt.ConscryptFileDescriptorSocket.setSoWriteTimeout(:com.google.android.gms@203615025@20.36.15 (100304-333172415):0)
10-14 03:12:21.898  4078  4078 D skia    : --- Failed to create image decoder with message 'unimplemented'
10-14 03:12:21.909  4078  4078 D skia    : --- Failed to create image decoder with message 'unimplemented'
10-14 03:12:21.903  4078  4078 I tutu.ABenchMark: type=1400 audit(0.0:3397): avc: denied { open } for path="/proc/stat" dev="proc" ino=4026531957 scontext=u:r:untrusted_app_27:s0:c512,c768 tcontext=u:object_r:proc_stat:s0 tclass=file permissive=1
10-14 03:12:22.083  2756  2903 I [Gralloc]: framebuffer hal alread move to hwcomposer
10-14 03:12:21.903  4078  4078 I tutu.ABenchMark: type=1400 audit(0.0:3401): avc: denied { getattr } for path="/sys/devices/virtual/thermal/thermal_zone0/temp" dev="sysfs" ino=8951 scontext=u:r:untrusted_app_27:s0:c512,c768 tcontext=u:object_r:sysfs:s0 tclass=file permissive=1
10-14 03:12:22.517  2756  2903 I [Gralloc]: framebuffer hal alread move to hwcomposer
10-14 03:12:23.474  3599  3599 I GCM     : Message from 745476177629
10-14 03:12:23.489  3599  3599 I GCM     : Message from 745476177629
10-14 03:12:23.513  2768  2841 E BufferQueueProducer: [Toast#0] disconnect: not connected (req=1)
10-14 03:12:23.513  7495  7605 W libEGL  : EGLNativeWindowType 0xbb84d808 disconnect failed
10-14 03:12:19.333  7495  7495 I chatty  : uid=10074(com.google.android.calendar) identical 13 lines
10-14 03:12:19.350  7495  7495 D ViewRootImpl[AllInOneCalendarActivity]: updatePointerIcon called with position out of bounds
10-14 03:12:23.519  2953  3738 W NotificationService: Toast already killed. pkg=com.google.android.calendar callback=android.app.ITransientNotification$Stub$Proxy@983d53
10-14 03:12:23.718  3599 13659 E RemindersSync: NetworkError [T SyncAdapterThread-3:id=783:priority=5:group=main] [CONTEXT service_id=18 ]
10-14 03:12:23.718  3599 13659 E RemindersSync: clyu: UNKNOWN
10-14 03:12:23.718  3599 13659 E RemindersSync: 	at clyt.c(:com.google.android.gms@203615025@20.36.15 (100304-333172415):3)
10-14 03:12:23.718  3599 13659 E RemindersSync: 	at spx.a(:com.google.android.gms@203615025@20.36.15 (100304-333172415):62)
10-14 03:12:23.718  3599 13659 E RemindersSync: 	at ardp.a(:com.google.android.gms@203615025@20.36.15 (100304-333172415):317)
10-14 03:12:23.718  3599 13659 E RemindersSync: 	at ardp.a(:com.google.android.gms@203615025@20.36.15 (100304-333172415):287)
10-14 03:12:23.718  3599 13659 E RemindersSync: 	at ardp.a(:com.google.android.gms@203615025@20.36.15 (100304-333172415):369)
10-14 03:12:23.718  3599 13659 E RemindersSync: 	at sug.onPerformSync(:com.google.android.gms@203615025@20.36.15 (100304-333172415):4)
10-14 03:12:23.718  3599 13659 E RemindersSync: 	at android.content.AbstractThreadedSyncAdapter$SyncThread.run(AbstractThreadedSyncAdapter.java:334)
10-14 03:12:23.718  3599 13659 E RemindersSync: Caused by: java.lang.RuntimeException: java.lang.InterruptedException
10-14 03:12:23.718  3599 13659 E RemindersSync: 	at sqg.a(:com.google.android.gms@203615025@20.36.15 (100304-333172415):12)
10-14 03:12:23.718  3599 13659 E RemindersSync: 	at spx.a(:com.google.android.gms@203615025@20.36.15 (100304-333172415):52)
10-14 03:12:23.718  3599 13659 E RemindersSync: 	... 5 more
10-14 03:12:23.718  3599 13659 E RemindersSync: Caused by: java.lang.InterruptedException
10-14 03:12:23.718  3599 13659 E RemindersSync: 	at java.util.concurrent.locks.AbstractQueuedSynchronizer.doAcquireSharedInterruptibly(AbstractQueuedSynchronizer.java:1022)
10-14 03:12:23.718  3599 13659 E RemindersSync: 	at java.util.concurrent.locks.AbstractQueuedSynchronizer.acquireSharedInterruptibly(AbstractQueuedSynchronizer.java:1328)
10-14 03:12:23.718  3599 13659 E RemindersSync: 	at java.util.concurrent.CountDownLatch.await(CountDownLatch.java:232)
10-14 03:12:23.718  3599 13659 E RemindersSync: 	at sqg.a(:com.google.android.gms@203615025@20.36.15 (100304-333172415):11)
10-14 03:12:23.718  3599 13659 E RemindersSync: 	... 6 more
10-14 03:12:23.730  2953  3069 E SyncManager: Job params not found for 101160
10-14 03:12:23.742  2768  2768 D SurfaceFlinger: duplicate layer name: changing Toast to Toast#1
10-14 03:12:23.744  2756  2903 I [Gralloc]: framebuffer hal alread move to hwcomposer
10-14 03:12:23.745  2756  2903 I chatty  : uid=1000(system) HwBinder:2756_2 identical 1 line
10-14 03:12:23.746  2756  2903 I [Gralloc]: framebuffer hal alread move to hwcomposer
10-14 03:12:23.747  7495  7605 D mali_winsys: EGLint new_window_surface(egl_winsys_display *, void *, EGLSurface, EGLConfig, egl_winsys_surface **, EGLBoolean) returns 0x3000
10-14 03:12:23.755  2756  2903 I [Gralloc]: framebuffer hal alread move to hwcomposer
10-14 03:12:23.804  2756  2903 I [Gralloc]: framebuffer hal alread move to hwcomposer
10-14 03:12:24.014  2768  3293 E BufferQueueProducer: [com.google.android.calendar/com.google.android.calendar.AllInOneCalendarActivity#2] disconnect: not connected (req=1)
10-14 03:12:24.014  7495  7605 W libEGL  : EGLNativeWindowType 0xcdcff008 disconnect failed
10-14 03:12:24.046  2768  2841 W SurfaceFlinger: Attempting to destroy on removed layer: 940857e Toast#0
10-14 03:12:24.807  2768  3293 E BufferQueueProducer: [com.google.android.calendar/com.google.android.calendar.AllInOneCalendarActivity#1] disconnect: not connected (req=1)
10-14 03:12:24.808  7495  7605 W libEGL  : EGLNativeWindowType 0xbbca4808 disconnect failed
10-14 03:12:25.020  2953  2977 W WindowManager: Unable to start animation, surface is null or no children.
10-14 03:12:25.211 13665 13665 I Zygote  : seccomp disabled by setenforce 0
10-14 03:12:25.211  2953  2971 I ActivityManager: Start proc 13665:com.instagram.android/u0a52 for broadcast com.instagram.android/com.google.firebase.iid.FirebaseInstanceIdReceiver
10-14 03:12:25.214 13665 13665 W stagram.androi: Using default instruction set features for ARM CPU variant (cortex-a9) using conservative defaults
10-14 03:12:25.276 13665 13665 E LoadedApk: Unable to instantiate appComponentFactory
10-14 03:12:25.276 13665 13665 E LoadedApk: java.lang.ClassNotFoundException: Didn't find class "androidx.core.app.CoreComponentFactory" on path: DexPathList[[zip file "/system/framework/com.google.android.maps.jar", zip file "/system/framework/org.apache.http.legacy.boot.jar", zip file "/data/app/com.instagram.android-dzPW2Utbj8gaWgy-e-c-DQ==/base.apk"],nativeLibraryDirectories=[/data/app/com.instagram.android-dzPW2Utbj8gaWgy-e-c-DQ==/lib/arm, /data/app/com.instagram.android-dzPW2Utbj8gaWgy-e-c-DQ==/base.apk!/lib/armeabi-v7a, /system/lib]]
10-14 03:12:25.276 13665 13665 E LoadedApk: 	at dalvik.system.BaseDexClassLoader.findClass(BaseDexClassLoader.java:134)
10-14 03:12:25.276 13665 13665 E LoadedApk: 	at java.lang.ClassLoader.loadClass(ClassLoader.java:379)
10-14 03:12:25.276 13665 13665 E LoadedApk: 	at java.lang.ClassLoader.loadClass(ClassLoader.java:312)
10-14 03:12:25.276 13665 13665 E LoadedApk: 	at android.app.LoadedApk.createAppFactory(LoadedApk.java:226)
10-14 03:12:25.276 13665 13665 E LoadedApk: 	at android.app.LoadedApk.createOrUpdateClassLoaderLocked(LoadedApk.java:731)
10-14 03:12:25.276 13665 13665 E LoadedApk: 	at android.app.LoadedApk.getClassLoader(LoadedApk.java:810)
10-14 03:12:25.276 13665 13665 E LoadedApk: 	at android.app.LoadedApk.getResources(LoadedApk.java:1032)
10-14 03:12:25.276 13665 13665 E LoadedApk: 	at android.app.ContextImpl.createAppContext(ContextImpl.java:2345)
10-14 03:12:25.276 13665 13665 E LoadedApk: 	at android.app.ActivityThread.handleBindApplication(ActivityThread.java:5749)
10-14 03:12:25.276 13665 13665 E LoadedApk: 	at android.app.ActivityThread.access$1100(ActivityThread.java:199)
10-14 03:12:25.276 13665 13665 E LoadedApk: 	at android.app.ActivityThread$H.handleMessage(ActivityThread.java:1650)
10-14 03:12:25.276 13665 13665 E LoadedApk: 	at android.os.Handler.dispatchMessage(Handler.java:106)
10-14 03:12:25.276 13665 13665 E LoadedApk: 	at android.os.Looper.loop(Looper.java:193)
10-14 03:12:25.276 13665 13665 E LoadedApk: 	at android.app.ActivityThread.main(ActivityThread.java:6669)
10-14 03:12:25.276 13665 13665 E LoadedApk: 	at java.lang.reflect.Method.invoke(Native Method)
10-14 03:12:25.276 13665 13665 E LoadedApk: 	at com.android.internal.os.RuntimeInit$MethodAndArgsCaller.run(RuntimeInit.java:493)
10-14 03:12:25.276 13665 13665 E LoadedApk: 	at com.android.internal.os.ZygoteInit.main(ZygoteInit.java:858)
10-14 03:12:25.278 13665 13665 W stagram.androi: resources.arsc in APK '/data/app/com.instagram.android-dzPW2Utbj8gaWgy-e-c-DQ==/base.apk' is compressed.
10-14 03:12:25.382  3599  3599 I GCM     : Message from 745476177629
10-14 03:12:25.384 13665 13665 W CrashLoopRemedyLog: unable to delete remedy log, instaCrash: false
10-14 03:12:25.385 13665 13665 W CrashLoopRemedyLog: unable to delete remedy log, instaCrash: true
10-14 03:12:25.383 13665 13665 I stagram.android: type=1400 audit(0.0:3402): avc: denied { read } for name="zoneinfo" dev="proc" ino=4026531994 scontext=u:r:untrusted_app:s0:c52,c256,c512,c768 tcontext=u:object_r:proc_zoneinfo:s0 tclass=file permissive=1
10-14 03:12:25.395 13665 13665 I AppStateLoggerT: type=1400 audit(0.0:3405): avc: denied { read } for name="osrelease" dev="proc" ino=35087 scontext=u:r:untrusted_app:s0:c52,c256,c512,c768 tcontext=u:object_r:proc:s0 tclass=file permissive=1
10-14 03:12:25.395 13665 13665 I AppStateLoggerT: type=1400 audit(0.0:3406): avc: denied { open } for path="/proc/sys/kernel/osrelease" dev="proc" ino=35087 scontext=u:r:untrusted_app:s0:c52,c256,c512,c768 tcontext=u:object_r:proc:s0 tclass=file permissive=1
10-14 03:12:25.395 13665 13665 I AppStateLoggerT: type=1400 audit(0.0:3407): avc: denied { getattr } for path="/proc/sys/kernel/osrelease" dev="proc" ino=35087 scontext=u:r:untrusted_app:s0:c52,c256,c512,c768 tcontext=u:object_r:proc:s0 tclass=file permissive=1
10-14 03:12:25.408 13665 13665 E ACRA    : Initializing ANR detector for process: com.instagram.android
10-14 03:12:25.411  3599  3599 I GCM     : Message from 745476177629
10-14 03:12:25.414 13665 13665 W MultiSignalANRDetectorAcra: Starting
10-14 03:12:25.414 13665 13665 W ProcessAnrErrorMonitor: startMonitoring with delay: 4000
10-14 03:12:25.418  2953  2973 E BatteryExternalStatsWorker: no controller energy info supplied for wifi
10-14 03:12:25.418  2953  2973 E BatteryExternalStatsWorker: no controller energy info supplied for bluetooth
10-14 03:12:25.419  3169  3169 E PhoneInterfaceManager: [PhoneIntfMgr] queryModemActivityInfo: Empty response
10-14 03:12:25.419 13665 13665 W SoLoader: context.getApplicationContext returned null, holding reference to original context.
10-14 03:12:25.422  2761  2761 I PowerHAL: geNumberOfPlatformModes
10-14 03:12:25.422  2953  2973 W BatteryExternalStatsWorker: modem info is invalid: ModemActivityInfo{ mTimestamp=0 mSleepTimeMs=0 mIdleTimeMs=0 mTxTimeMs[]=[0, 0, 0, 0, 0] mRxTimeMs=0 mEnergyUsed=0}
10-14 03:12:25.425 13665 13684 W AppStateLoggerCore: Failed to get webview version
10-14 03:12:25.425 13665 13684 W AppStateLoggerCore: android.content.pm.PackageManager$NameNotFoundException: com.google.android.webview
10-14 03:12:25.425 13665 13684 W AppStateLoggerCore: 	at android.app.ApplicationPackageManager.getPackageInfoAsUser(ApplicationPackageManager.java:181)
10-14 03:12:25.425 13665 13684 W AppStateLoggerCore: 	at android.app.ApplicationPackageManager.getPackageInfo(ApplicationPackageManager.java:152)
10-14 03:12:25.425 13665 13684 W AppStateLoggerCore: 	at X.07r.A05(:46)
10-14 03:12:25.425 13665 13684 W AppStateLoggerCore: 	at X.03k.run(:728)
10-14 03:12:25.432 13665 13665 I stagram.androi: Thread[1,tid=13665,Native,Thread*=0xe868f000,peer=0x74f491f0,"main"] recursive attempt to load library "/data/app/com.instagram.android-dzPW2Utbj8gaWgy-e-c-DQ==/lib/arm/libfb.so"
10-14 03:12:25.454 13665 13674 W System  : A resource failed to call close. 
10-14 03:12:25.467 13665 13665 W Profilo/BlackBoxApi: UNABLE TO START: No config
10-14 03:12:25.485 13665 13665 V appstatelogger: Registered App State Logger stream with Breakpad
10-14 03:12:25.489 13665 13690 W SigquitDetectorAcra: nativeInit
10-14 03:12:25.490 13665 13690 D SigquitDetector: Signal catcher tid: 13671
10-14 03:12:25.490 13665 13690 D SigquitDetector: Initialized [Acra]
10-14 03:12:25.493 13665 13690 D         : Function fsync hooked with result=0
10-14 03:12:25.493 13665 13690 D         : Function fdatasync hooked with result=0
10-14 03:12:25.494 13665 13690 D         : Function msync hooked with result=0
10-14 03:12:25.494 13665 13690 D         : Function sync hooked with result=0
10-14 03:12:25.504 13665 13665 W dalvik-internals: sigaction64 succeeded
10-14 03:12:25.505 13665 13665 W dalvik-internals: ignoring failure to find _ZN3art12FaultManager35EnsureArtActionInFrontOfSignalChainEv: could not hook _ZN3art12FaultManager35EnsureArtActionInFrontOfSignalChainEv
10-14 03:12:25.505 13665 13665 V dalvik-internals: hooked signal using trap ()
10-14 03:12:25.505 13665 13665 V dalvik-internals: hooked sysv_signal using trap ()
10-14 03:12:25.505 13665 13665 V dalvik-internals: hooked bsd_signal using trap ()
10-14 03:12:25.505 13665 13665 V dalvik-internals: hooked sigaction using trap ()
10-14 03:12:25.505 13665 13665 I dalvik-internals: installed sigmux crash handler for crash log
10-14 03:12:25.531 13665 13665 I stagram.android: type=1400 audit(0.0:3408): avc: denied { open } for path="/proc/vmstat" dev="proc" ino=4026531993 scontext=u:r:untrusted_app:s0:c52,c256,c512,c768 tcontext=u:object_r:proc_vmstat:s0 tclass=file permissive=1
10-14 03:12:25.613 13665 13665 D CACHE_HINTS: Entering madvise file
10-14 03:12:25.614 13665 13665 D CACHE_HINTS: MADVISE_RAND file 0xca439000 5681151 /data/data/com.instagram.android/app_restricks/layouts.bin
10-14 03:12:25.651  2953  2969 W BroadcastQueue: Background execution not allowed: receiving Intent { act=android.intent.action.DROPBOX_ENTRY_ADDED flg=0x10 (has extras) } to com.google.android.gms/.stats.service.DropBoxEntryAddedReceiver
10-14 03:12:25.651  2953  2969 W BroadcastQueue: Background execution not allowed: receiving Intent { act=android.intent.action.DROPBOX_ENTRY_ADDED flg=0x10 (has extras) } to com.google.android.gms/.chimera.GmsIntentOperationService$PersistentTrustedReceiver
10-14 03:12:25.694  2953  2969 W BroadcastQueue: Background execution not allowed: receiving Intent { act=android.intent.action.DROPBOX_ENTRY_ADDED flg=0x10 (has extras) } to com.google.android.gms/.stats.service.DropBoxEntryAddedReceiver
10-14 03:12:25.694  2953  2969 W BroadcastQueue: Background execution not allowed: receiving Intent { act=android.intent.action.DROPBOX_ENTRY_ADDED flg=0x10 (has extras) } to com.google.android.gms/.chimera.GmsIntentOperationService$PersistentTrustedReceiver
10-14 03:12:25.695 13665 13674 W System  : A resource failed to call close. 
10-14 03:12:25.695 13665 13674 W System  : A resource failed to call close. 
10-14 03:12:25.713  2768  2950 E BufferQueueProducer: [Toast#1] disconnect: not connected (req=1)
10-14 03:12:25.714  7495  7605 W libEGL  : EGLNativeWindowType 0xbb84d808 disconnect failed
10-14 03:12:25.721  2953  3738 W NotificationService: Toast already killed. pkg=com.google.android.calendar callback=android.app.ITransientNotification$Stub$Proxy@fef105
10-14 03:12:25.726  2953  2969 W BroadcastQueue: Background execution not allowed: receiving Intent { act=android.intent.action.DROPBOX_ENTRY_ADDED flg=0x10 (has extras) } to com.google.android.gms/.stats.service.DropBoxEntryAddedReceiver
10-14 03:12:25.726  2953  2969 W BroadcastQueue: Background execution not allowed: receiving Intent { act=android.intent.action.DROPBOX_ENTRY_ADDED flg=0x10 (has extras) } to com.google.android.gms/.chimera.GmsIntentOperationService$PersistentTrustedReceiver
10-14 03:12:25.731 13665 13714 I ConfigStore: android::hardware::configstore::V1_0::ISurfaceFlingerConfigs::hasWideColorDisplay retrieved: 0
10-14 03:12:25.731 13665 13714 I ConfigStore: android::hardware::configstore::V1_0::ISurfaceFlingerConfigs::hasHDRDisplay retrieved: 0
10-14 03:12:25.751 13665 13714 I CameraManagerGlobal: Connecting to camera service
10-14 03:12:25.760 13665 13765 I ConfigStore: android::hardware::configstore::V1_0::ISurfaceFlingerConfigs::hasWideColorDisplay retrieved: 0
10-14 03:12:25.760 13665 13765 I ConfigStore: android::hardware::configstore::V1_0::ISurfaceFlingerConfigs::hasHDRDisplay retrieved: 0
10-14 03:12:25.776 13665 13665 W 0hU     : Initializing memory timeline
10-14 03:12:25.810 13665 13674 W System  : A resource failed to call close. 
10-14 03:12:25.810 13665 13674 W System  : A resource failed to call close. 
10-14 03:12:25.859 13665 13788 W FileBasedMultiProcessTracker: <default>: Initializing FileBasedMultiProcessTracking using /data/user/0/com.instagram.android/app_multiprocess_tracking
10-14 03:12:25.859 13665 13788 W FileBasedMultiProcessTracker: <default>: Creating file to track 13665
10-14 03:12:25.862 13665 13788 W FileBasedMultiProcessTracker: <default>: FileBasedMultiProcessTracker ready!
10-14 03:12:25.862 13665 13789 W FileBasedMultiProcessTracker: <default>: Observed removed PID: 4420
10-14 03:12:25.863 13665 13789 W FileBasedMultiProcessTracker: <default>: Observed removed PID: 12577
10-14 03:12:25.884 13665 13687 D         : Function _ZN3art13SignalCatcher6OutputERKNSt3__112basic_stringIcNS1_11char_traitsIcEENS1_9allocatorIcEEEE hooked with result=0
10-14 03:12:25.884 13665 13687 D SigquitDetector: Hooked methods [Acra]
10-14 03:12:25.958 13665 13665 W HeroServiceClient: finished mApplicationContext.bindService, bindCount 1
10-14 03:12:25.968 13806 13806 I Zygote  : seccomp disabled by setenforce 0
10-14 03:12:25.968  2953  2971 I ActivityManager: Start proc 13806:com.instagram.android:videoplayer/u0a52 for service com.instagram.android/com.facebook.video.heroplayer.service.HeroService
10-14 03:12:25.971 13806 13806 W oid:videoplaye: Using default instruction set features for ARM CPU variant (cortex-a9) using conservative defaults
10-14 03:12:25.976  2953 27918 W system_server: resources.arsc in APK '/data/app/com.instagram.android-dzPW2Utbj8gaWgy-e-c-DQ==/base.apk' is compressed.
10-14 03:12:25.982 13821 13821 I Zygote  : seccomp disabled by setenforce 0
10-14 03:12:25.983  2953  2971 I ActivityManager: Start proc 13821:com.instagram.android:mqtt/u0a52 for service com.instagram.android/com.facebook.rti.push.service.FbnsService
10-14 03:12:25.985 13821 13821 W am.android:mqt: Using default instruction set features for ARM CPU variant (cortex-a9) using conservative defaults
10-14 03:12:26.044 13806 13806 E LoadedApk: Unable to instantiate appComponentFactory
10-14 03:12:26.044 13806 13806 E LoadedApk: java.lang.ClassNotFoundException: Didn't find class "androidx.core.app.CoreComponentFactory" on path: DexPathList[[zip file "/system/framework/com.google.android.maps.jar", zip file "/system/framework/org.apache.http.legacy.boot.jar", zip file "/data/app/com.instagram.android-dzPW2Utbj8gaWgy-e-c-DQ==/base.apk"],nativeLibraryDirectories=[/data/app/com.instagram.android-dzPW2Utbj8gaWgy-e-c-DQ==/lib/arm, /data/app/com.instagram.android-dzPW2Utbj8gaWgy-e-c-DQ==/base.apk!/lib/armeabi-v7a, /system/lib]]
10-14 03:12:26.044 13806 13806 E LoadedApk: 	at dalvik.system.BaseDexClassLoader.findClass(BaseDexClassLoader.java:134)
10-14 03:12:26.044 13806 13806 E LoadedApk: 	at java.lang.ClassLoader.loadClass(ClassLoader.java:379)
10-14 03:12:26.044 13806 13806 E LoadedApk: 	at java.lang.ClassLoader.loadClass(ClassLoader.java:312)
10-14 03:12:26.044 13806 13806 E LoadedApk: 	at android.app.LoadedApk.createAppFactory(LoadedApk.java:226)
10-14 03:12:26.044 13806 13806 E LoadedApk: 	at android.app.LoadedApk.createOrUpdateClassLoaderLocked(LoadedApk.java:731)
10-14 03:12:26.044 13806 13806 E LoadedApk: 	at android.app.LoadedApk.getClassLoader(LoadedApk.java:810)
10-14 03:12:26.044 13806 13806 E LoadedApk: 	at android.app.LoadedApk.getResources(LoadedApk.java:1032)
10-14 03:12:26.044 13806 13806 E LoadedApk: 	at android.app.ContextImpl.createAppContext(ContextImpl.java:2345)
10-14 03:12:26.044 13806 13806 E LoadedApk: 	at android.app.ActivityThread.handleBindApplication(ActivityThread.java:5749)
10-14 03:12:26.044 13806 13806 E LoadedApk: 	at android.app.ActivityThread.access$1100(ActivityThread.java:199)
10-14 03:12:26.044 13806 13806 E LoadedApk: 	at android.app.ActivityThread$H.handleMessage(ActivityThread.java:1650)
10-14 03:12:26.044 13806 13806 E LoadedApk: 	at android.os.Handler.dispatchMessage(Handler.java:106)
10-14 03:12:26.044 13806 13806 E LoadedApk: 	at android.os.Looper.loop(Looper.java:193)
10-14 03:12:26.044 13806 13806 E LoadedApk: 	at android.app.ActivityThread.main(ActivityThread.java:6669)
10-14 03:12:26.044 13806 13806 E LoadedApk: 	at java.lang.reflect.Method.invoke(Native Method)
10-14 03:12:26.044 13806 13806 E LoadedApk: 	at com.android.internal.os.RuntimeInit$MethodAndArgsCaller.run(RuntimeInit.java:493)
10-14 03:12:26.044 13806 13806 E LoadedApk: 	at com.android.internal.os.ZygoteInit.main(ZygoteInit.java:858)
10-14 03:12:26.045 13806 13806 W oid:videoplaye: resources.arsc in APK '/data/app/com.instagram.android-dzPW2Utbj8gaWgy-e-c-DQ==/base.apk' is compressed.
10-14 03:12:26.056 13821 13821 E LoadedApk: Unable to instantiate appComponentFactory
10-14 03:12:26.056 13821 13821 E LoadedApk: java.lang.ClassNotFoundException: Didn't find class "androidx.core.app.CoreComponentFactory" on path: DexPathList[[zip file "/system/framework/com.google.android.maps.jar", zip file "/system/framework/org.apache.http.legacy.boot.jar", zip file "/data/app/com.instagram.android-dzPW2Utbj8gaWgy-e-c-DQ==/base.apk"],nativeLibraryDirectories=[/data/app/com.instagram.android-dzPW2Utbj8gaWgy-e-c-DQ==/lib/arm, /data/app/com.instagram.android-dzPW2Utbj8gaWgy-e-c-DQ==/base.apk!/lib/armeabi-v7a, /system/lib]]
10-14 03:12:26.056 13821 13821 E LoadedApk: 	at dalvik.system.BaseDexClassLoader.findClass(BaseDexClassLoader.java:134)
10-14 03:12:26.056 13821 13821 E LoadedApk: 	at java.lang.ClassLoader.loadClass(ClassLoader.java:379)
10-14 03:12:26.056 13821 13821 E LoadedApk: 	at java.lang.ClassLoader.loadClass(ClassLoader.java:312)
10-14 03:12:26.056 13821 13821 E LoadedApk: 	at android.app.LoadedApk.createAppFactory(LoadedApk.java:226)
10-14 03:12:26.056 13821 13821 E LoadedApk: 	at android.app.LoadedApk.createOrUpdateClassLoaderLocked(LoadedApk.java:731)
10-14 03:12:26.056 13821 13821 E LoadedApk: 	at android.app.LoadedApk.getClassLoader(LoadedApk.java:810)
10-14 03:12:26.056 13821 13821 E LoadedApk: 	at android.app.LoadedApk.getResources(LoadedApk.java:1032)
10-14 03:12:26.056 13821 13821 E LoadedApk: 	at android.app.ContextImpl.createAppContext(ContextImpl.java:2345)
10-14 03:12:26.056 13821 13821 E LoadedApk: 	at android.app.ActivityThread.handleBindApplication(ActivityThread.java:5749)
10-14 03:12:26.056 13821 13821 E LoadedApk: 	at android.app.ActivityThread.access$1100(ActivityThread.java:199)
10-14 03:12:26.056 13821 13821 E LoadedApk: 	at android.app.ActivityThread$H.handleMessage(ActivityThread.java:1650)
10-14 03:12:26.056 13821 13821 E LoadedApk: 	at android.os.Handler.dispatchMessage(Handler.java:106)
10-14 03:12:26.056 13821 13821 E LoadedApk: 	at android.os.Looper.loop(Looper.java:193)
10-14 03:12:26.056 13821 13821 E LoadedApk: 	at android.app.ActivityThread.main(ActivityThread.java:6669)
10-14 03:12:26.056 13821 13821 E LoadedApk: 	at java.lang.reflect.Method.invoke(Native Method)
10-14 03:12:26.056 13821 13821 E LoadedApk: 	at com.android.internal.os.RuntimeInit$MethodAndArgsCaller.run(RuntimeInit.java:493)
10-14 03:12:26.056 13821 13821 E LoadedApk: 	at com.android.internal.os.ZygoteInit.main(ZygoteInit.java:858)
10-14 03:12:26.058 13821 13821 W am.android:mqt: resources.arsc in APK '/data/app/com.instagram.android-dzPW2Utbj8gaWgy-e-c-DQ==/base.apk' is compressed.
10-14 03:12:26.119 13665 13707 D OpenGLRenderer: Skia GL Pipeline
10-14 03:12:26.134  3106  3106 W ndroid.systemu: resources.arsc in APK '/data/app/com.instagram.android-dzPW2Utbj8gaWgy-e-c-DQ==/base.apk' is compressed.
10-14 03:12:26.174 13806 13806 E ACRA    : Skipping ANR Detector for process: com.instagram.android:videoplayer
10-14 03:12:26.179 13806 13806 W SoLoader: context.getApplicationContext returned null, holding reference to original context.
10-14 03:12:26.193 13821 13821 E ACRA    : Skipping ANR Detector for process: com.instagram.android:mqtt
10-14 03:12:26.194 13806 13806 I oid:videoplaye: Thread[1,tid=13806,Native,Thread*=0xe868f000,peer=0x74f491f0,"main"] recursive attempt to load library "/data/app/com.instagram.android-dzPW2Utbj8gaWgy-e-c-DQ==/lib/arm/libfb.so"
10-14 03:12:26.199 13821 13821 W SoLoader: context.getApplicationContext returned null, holding reference to original context.
10-14 03:12:26.212 13665 13789 W FileBasedMultiProcessTracker: <default>: Observed new PID: 13806
10-14 03:12:26.227 13821 13821 I am.android:mqt: Thread[1,tid=13821,Native,Thread*=0xe868f000,peer=0x74f491f0,"main"] recursive attempt to load library "/data/app/com.instagram.android-dzPW2Utbj8gaWgy-e-c-DQ==/lib/arm/libfb.so"
10-14 03:12:26.238 13665 13789 W FileBasedMultiProcessTracker: <default>: Observed new PID: 13821
10-14 03:12:26.249  2768  3293 W SurfaceFlinger: Attempting to destroy on removed layer: af79654 Toast#0
10-14 03:12:26.251 13665 13665 W HeroServiceClient: onServiceConnected
10-14 03:12:26.251 13665 13665 W HeroServiceClient: onServiceConnectedInternal()
10-14 03:12:26.262 13806 13870 W AudioCapabilities: Unsupported mime audio/dtshd
10-14 03:12:26.264 13806 13870 W AudioCapabilities: Unsupported mime audio/ffmpeg
10-14 03:12:26.276 13806 13870 W VideoCapabilities: Unsupported mime video/x-vnd.on2.vp6a
10-14 03:12:26.278 13806 13870 W VideoCapabilities: Unsupported mime video/x-vnd.on2.vp6f
10-14 03:12:26.286 13806 13870 W VideoCapabilities: Unsupported mime video/avs
10-14 03:12:26.297 13806 13870 W VideoCapabilities: Unrecognized profile 4 for video/hevc
10-14 03:12:26.299 13806 13870 W VideoCapabilities: Unsupported mime video/mjpeg
10-14 03:12:26.301 13806 13870 W VideoCapabilities: Unrecognized profile/level 0/3 for video/mpeg2
10-14 03:12:26.301 13806 13870 I VideoCapabilities: Unsupported profile 2 for video/mpeg2
10-14 03:12:26.301 13806 13870 I VideoCapabilities: Unsupported profile 3 for video/mpeg2
10-14 03:12:26.301 13806 13870 I VideoCapabilities: Unsupported profile 4 for video/mpeg2
10-14 03:12:26.301 13806 13870 I VideoCapabilities: Unsupported profile 5 for video/mpeg2
10-14 03:12:26.303 13806 13870 I VideoCapabilities: Unsupported profile 2 for video/mp4v-es
10-14 03:12:26.303 13806 13870 I VideoCapabilities: Unsupported profile 4 for video/mp4v-es
10-14 03:12:26.303 13806 13870 I VideoCapabilities: Unsupported profile 8 for video/mp4v-es
10-14 03:12:26.303 13806 13870 I VideoCapabilities: Unsupported profile 16 for video/mp4v-es
10-14 03:12:26.303 13806 13870 I VideoCapabilities: Unsupported profile 32 for video/mp4v-es
10-14 03:12:26.303 13806 13870 I VideoCapabilities: Unsupported profile 64 for video/mp4v-es
10-14 03:12:26.303 13806 13870 I VideoCapabilities: Unsupported profile 128 for video/mp4v-es
10-14 03:12:26.303 13806 13870 I VideoCapabilities: Unsupported profile 256 for video/mp4v-es
10-14 03:12:26.303 13806 13870 I VideoCapabilities: Unsupported profile 512 for video/mp4v-es
10-14 03:12:26.303 13806 13870 I VideoCapabilities: Unsupported profile 1024 for video/mp4v-es
10-14 03:12:26.303 13806 13870 I VideoCapabilities: Unsupported profile 2048 for video/mp4v-es
10-14 03:12:26.303 13806 13870 I VideoCapabilities: Unsupported profile 4096 for video/mp4v-es
10-14 03:12:26.303 13806 13870 I VideoCapabilities: Unsupported profile 8192 for video/mp4v-es
10-14 03:12:26.303 13806 13870 I VideoCapabilities: Unsupported profile 16384 for video/mp4v-es
10-14 03:12:26.310 13806 13870 W VideoCapabilities: Unsupported mime video/rm10
10-14 03:12:26.311 13806 13870 W VideoCapabilities: Unsupported mime video/rm20
10-14 03:12:26.313 13806 13870 W VideoCapabilities: Unsupported mime video/rm30
10-14 03:12:26.315 13806 13870 W VideoCapabilities: Unsupported mime video/rm40
10-14 03:12:26.317 13806 13870 W VideoCapabilities: Unsupported mime video/vc1
10-14 03:12:26.317 13806 13870 W Utils   : could not parse long range '1-'
10-14 03:12:26.319 13806 13870 W VideoCapabilities: Unrecognized level 16 for video/x-vnd.on2.vp8
10-14 03:12:26.319 13806 13870 W VideoCapabilities: Unrecognized level 32 for video/x-vnd.on2.vp8
10-14 03:12:26.319 13806 13870 W VideoCapabilities: Unrecognized level 64 for video/x-vnd.on2.vp8
10-14 03:12:26.319 13806 13870 W VideoCapabilities: Unrecognized level 128 for video/x-vnd.on2.vp8
10-14 03:12:26.319 13806 13870 W VideoCapabilities: Unrecognized level 256 for video/x-vnd.on2.vp8
10-14 03:12:26.319 13806 13870 W VideoCapabilities: Unrecognized level 512 for video/x-vnd.on2.vp8
10-14 03:12:26.319 13806 13870 W VideoCapabilities: Unrecognized level 1024 for video/x-vnd.on2.vp8
10-14 03:12:26.319 13806 13870 W VideoCapabilities: Unrecognized level 2048 for video/x-vnd.on2.vp8
10-14 03:12:26.319 13806 13870 W VideoCapabilities: Unrecognized level 4096 for video/x-vnd.on2.vp8
10-14 03:12:26.319 13806 13870 W VideoCapabilities: Unrecognized level 8192 for video/x-vnd.on2.vp8
10-14 03:12:26.319 13806 13870 W VideoCapabilities: Unrecognized level 16384 for video/x-vnd.on2.vp8
10-14 03:12:26.319 13806 13870 W VideoCapabilities: Unrecognized level 32768 for video/x-vnd.on2.vp8
10-14 03:12:26.326 13806 13870 W VideoCapabilities: Unsupported mime video/wmv3
10-14 03:12:26.327 13806 13870 W VideoCapabilities: Unsupported mime video/wmv1
10-14 03:12:26.329 13806 13870 W VideoCapabilities: Unsupported mime video/wmv2
10-14 03:12:26.331 13806 13870 W VideoCapabilities: Unsupported mime video/x-ms-wmv
10-14 03:12:26.333 13806 13870 W VideoCapabilities: Unsupported mime video/wvc1
10-14 03:12:26.333 13806 13870 W Utils   : could not parse long range '1-'
10-14 03:12:26.339 13806 13870 I VideoCapabilities: Unsupported profile 4 for video/mp4v-es
10-14 03:12:26.344 13821 13891 D NetworkSecurityConfig: Using Network Security Config from resource fb_network_security_config debugBuild: false
10-14 03:12:26.766  2747  2888 D audio-subMixingFactory: out_standby_subMixingPCM: out_stream(0xee3ca000) usecase: STREAM_PCM_NORMAL
10-14 03:12:26.766  2747  2888 I audio-subMixingFactory: ++usecase_change_validate_l_sm(), dev usecase masks = 0x1, is_standby = 1, out usecase STREAM_PCM_NORMAL
10-14 03:12:26.766  2747  2888 I audio-subMixingFactory: --usecase_change_validate_l_sm(), dev usecase masks = 0, is_standby = 1, out usecase STREAM_PCM_NORMAL
10-14 03:12:26.766  2747  2888 I amlaudioMixer: ++delete_mixer_input_port port ID: 0
10-14 03:12:26.766  2747  2907 E amlaudioMixer: mixer_do_mixing_16bit(), sys or direct pcm must exist!!!
10-14 03:12:27.228  2953  2977 W WindowManager: Unable to start animation, surface is null or no children.
10-14 03:12:27.785 13665 13772 W 1Ej     : Creating new MLockedFile
10-14 03:12:28.225  2953  2973 E BatteryExternalStatsWorker: no controller energy info supplied for wifi
10-14 03:12:28.225  2953  2973 E BatteryExternalStatsWorker: no controller energy info supplied for bluetooth
10-14 03:12:28.225  3169  3169 E PhoneInterfaceManager: [PhoneIntfMgr] queryModemActivityInfo: Empty response
10-14 03:12:28.227  2761  2761 I PowerHAL: geNumberOfPlatformModes
10-14 03:12:28.227  2953  2973 W BatteryExternalStatsWorker: modem info is invalid: ModemActivityInfo{ mTimestamp=0 mSleepTimeMs=0 mIdleTimeMs=0 mTxTimeMs[]=[0, 0, 0, 0, 0] mRxTimeMs=0 mEnergyUsed=0}
10-14 03:12:28.848  4971  6218 I tnet-jni: 248 - [spdyPingRecvCallback] - 
10-14 03:12:28.848  4971  6218 I tnet-jni: 248 - [SpdySessionCallBack.spdyPingRecvCallback] - org.android.spdy.SpdySession@4031eff
10-14 03:12:29.417 13665 13688 W ProcessAnrErrorMonitor: Starting process monitor checks for process 'com.instagram.android'
10-14 03:12:29.417 13665 13688 W MultiSignalANRDetectorAcra: Started monitoring
