10-14 02:46:23.307  3527  3541 D StrictMode: 	at android.view.RemoteAnimationTarget.<init>(RemoteAnimationTarget.java:149)
10-14 02:46:23.307  3527  3541 D StrictMode: 	at android.view.RemoteAnimationTarget$1.createFromParcel(RemoteAnimationTarget.java:212)
10-14 02:46:23.307  3527  3541 D StrictMode: 	at android.view.RemoteAnimationTarget$1.createFromParcel(RemoteAnimationTarget.java:210)
10-14 02:46:23.307  3527  3541 D StrictMode: 	at android.os.Parcel.readTypedObject(Parcel.java:2606)
10-14 02:46:23.307  3527  3541 D StrictMode: 	at android.os.Parcel.createTypedArray(Parcel.java:2568)
10-14 02:46:23.307  3527  3541 D StrictMode: 	at android.view.IRemoteAnimationRunner$Stub.onTransact(IRemoteAnimationRunner.java:56)
10-14 02:46:23.307  3527  3541 D StrictMode: 	at android.os.Binder.execTransact(Binder.java:731)
10-14 02:46:23.307  3527  3541 D StrictMode: StrictMode policy violation: android.os.strictmode.LeakedClosableViolation: A resource was acquired at attached stack trace but never released. See java.io.Closeable for information on avoiding resource leaks.
10-14 02:46:23.307  3527  3541 D StrictMode: 	at android.os.StrictMode$AndroidCloseGuardReporter.report(StrictMode.java:1788)
10-14 02:46:23.307  3527  3541 D StrictMode: 	at dalvik.system.CloseGuard.warnIfOpen(CloseGuard.java:264)
10-14 02:46:23.307  3527  3541 D StrictMode: 	at android.view.SurfaceControl.finalize(SurfaceControl.java:667)
10-14 02:46:23.307  3527  3541 D StrictMode: 	at java.lang.Daemons$FinalizerDaemon.doFinalize(Daemons.java:250)
10-14 02:46:23.307  3527  3541 D StrictMode: 	at java.lang.Daemons$FinalizerDaemon.runInternal(Daemons.java:237)
10-14 02:46:23.307  3527  3541 D StrictMode: 	at java.lang.Daemons$Daemon.run(Daemons.java:103)
10-14 02:46:23.307  3527  3541 D StrictMode: 	at java.lang.Thread.run(Thread.java:764)
10-14 02:46:23.307  3527  3541 D StrictMode: Caused by: java.lang.Throwable: Explicit termination method 'release' not called
10-14 02:46:23.307  3527  3541 D StrictMode: 	at dalvik.system.CloseGuard.open(CloseGuard.java:221)
10-14 02:46:23.307  3527  3541 D StrictMode: 	at android.view.SurfaceControl.<init>(SurfaceControl.java:621)
10-14 02:46:23.307  3527  3541 D StrictMode: 	at android.view.SurfaceControl.<init>(SurfaceControl.java:60)
10-14 02:46:23.307  3527  3541 D StrictMode: 	at android.view.SurfaceControl$1.createFromParcel(SurfaceControl.java:655)
10-14 02:46:23.307  3527  3541 D StrictMode: 	at android.view.SurfaceControl$1.createFromParcel(SurfaceControl.java:653)
10-14 02:46:23.307  3527  3541 D StrictMode: 	at android.os.Parcel.readParcelable(Parcel.java:2766)
10-14 02:46:23.307  3527  3541 D StrictMode: 	at android.view.RemoteAnimationTarget.<init>(RemoteAnimationTarget.java:149)
10-14 02:46:23.307  3527  3541 D StrictMode: 	at android.view.RemoteAnimationTarget$1.createFromParcel(RemoteAnimationTarget.java:212)
10-14 02:46:23.307  3527  3541 D StrictMode: 	at android.view.RemoteAnimationTarget$1.createFromParcel(RemoteAnimationTarget.java:210)
10-14 02:46:23.307  3527  3541 D StrictMode: 	at android.os.Parcel.readTypedObject(Parcel.java:2606)
10-14 02:46:23.307  3527  3541 D StrictMode: 	at android.os.Parcel.createTypedArray(Parcel.java:2568)
10-14 02:46:23.307  3527  3541 D StrictMode: 	at android.view.IRemoteAnimationRunner$Stub.onTransact(IRemoteAnimationRunner.java:56)
10-14 02:46:23.307  3527  3541 D StrictMode: 	at android.os.Binder.execTransact(Binder.java:731)
10-14 02:46:23.308  3106  3120 W InputChannel-JNI: Input channel object 'pip_input_consumer (client)' was finalized without being disposed!
10-14 02:46:23.309  3527  3541 D StrictMode: StrictMode policy violation: android.os.strictmode.LeakedClosableViolation: A resource was acquired at attached stack trace but never released. See java.io.Closeable for information on avoiding resource leaks.
10-14 02:46:23.309  3527  3541 D StrictMode: 	at android.os.StrictMode$AndroidCloseGuardReporter.report(StrictMode.java:1788)
10-14 02:46:23.309  3527  3541 D StrictMode: 	at dalvik.system.CloseGuard.warnIfOpen(CloseGuard.java:264)
10-14 02:46:23.309  3527  3541 D StrictMode: 	at android.view.SurfaceControl.finalize(SurfaceControl.java:667)
10-14 02:46:23.309  3527  3541 D StrictMode: 	at java.lang.Daemons$FinalizerDaemon.doFinalize(Daemons.java:250)
10-14 02:46:23.309  3527  3541 D StrictMode: 	at java.lang.Daemons$FinalizerDaemon.runInternal(Daemons.java:237)
10-14 02:46:23.309  3527  3541 D StrictMode: 	at java.lang.Daemons$Daemon.run(Daemons.java:103)
10-14 02:46:23.309  3527  3541 D StrictMode: 	at java.lang.Thread.run(Thread.java:764)
10-14 02:46:23.309  3527  3541 D StrictMode: Caused by: java.lang.Throwable: Explicit termination method 'release' not called
10-14 02:46:23.309  3527  3541 D StrictMode: 	at dalvik.system.CloseGuard.open(CloseGuard.java:221)
10-14 02:46:23.309  3527  3541 D StrictMode: 	at android.view.SurfaceControl.<init>(SurfaceControl.java:621)
10-14 02:46:23.309  3527  3541 D StrictMode: 	at android.view.SurfaceControl.<init>(SurfaceControl.java:60)
10-14 02:46:23.309  3527  3541 D StrictMode: 	at android.view.SurfaceControl$1.createFromParcel(SurfaceControl.java:655)
10-14 02:46:23.309  3527  3541 D StrictMode: 	at android.view.SurfaceControl$1.createFromParcel(SurfaceControl.java:653)
10-14 02:46:23.309  3527  3541 D StrictMode: 	at android.os.Parcel.readParcelable(Parcel.java:2766)
10-14 02:46:23.309  3527  3541 D StrictMode: 	at android.view.RemoteAnimationTarget.<init>(RemoteAnimationTarget.java:149)
10-14 02:46:23.309  3527  3541 D StrictMode: 	at android.view.RemoteAnimationTarget$1.createFromParcel(RemoteAnimationTarget.java:212)
10-14 02:46:23.309  3527  3541 D StrictMode: 	at android.view.RemoteAnimationTarget$1.createFromParcel(RemoteAnimationTarget.java:210)
10-14 02:46:23.309  3527  3541 D StrictMode: 	at android.os.Parcel.readTypedObject(Parcel.java:2606)
10-14 02:46:23.309  3527  3541 D StrictMode: 	at android.os.Parcel.createTypedArray(Parcel.java:2568)
10-14 02:46:23.309  3527  3541 D StrictMode: 	at android.view.IRemoteAnimationRunner$Stub.onTransact(IRemoteAnimationRunner.java:56)
10-14 02:46:23.309  3527  3541 D StrictMode: 	at android.os.Binder.execTransact(Binder.java:731)
10-14 02:46:23.339  2953  2969 W BroadcastQueue: Background execution not allowed: receiving Intent { act=android.intent.action.DROPBOX_ENTRY_ADDED flg=0x10 (has extras) } to com.google.android.gms/.stats.service.DropBoxEntryAddedReceiver
10-14 02:46:23.349  2953  2969 W BroadcastQueue: Background execution not allowed: receiving Intent { act=android.intent.action.DROPBOX_ENTRY_ADDED flg=0x10 (has extras) } to com.google.android.gms/.chimera.GmsIntentOperationService$PersistentTrustedReceiver
10-14 02:46:23.353  2953  2969 W BroadcastQueue: Background execution not allowed: receiving Intent { act=android.intent.action.DROPBOX_ENTRY_ADDED flg=0x10 (has extras) } to com.google.android.gms/.stats.service.DropBoxEntryAddedReceiver
10-14 02:46:23.353  2953  2969 W BroadcastQueue: Background execution not allowed: receiving Intent { act=android.intent.action.DROPBOX_ENTRY_ADDED flg=0x10 (has extras) } to com.google.android.gms/.chimera.GmsIntentOperationService$PersistentTrustedReceiver
10-14 02:46:23.354  2953  2969 W BroadcastQueue: Background execution not allowed: receiving Intent { act=android.intent.action.DROPBOX_ENTRY_ADDED flg=0x10 (has extras) } to com.google.android.gms/.stats.service.DropBoxEntryAddedReceiver
10-14 02:46:23.354  2953  2969 W BroadcastQueue: Background execution not allowed: receiving Intent { act=android.intent.action.DROPBOX_ENTRY_ADDED flg=0x10 (has extras) } to com.google.android.gms/.chimera.GmsIntentOperationService$PersistentTrustedReceiver
10-14 02:46:23.355  2953  2969 W BroadcastQueue: Background execution not allowed: receiving Intent { act=android.intent.action.DROPBOX_ENTRY_ADDED flg=0x10 (has extras) } to com.google.android.gms/.stats.service.DropBoxEntryAddedReceiver
10-14 02:46:23.355  2953  2969 W BroadcastQueue: Background execution not allowed: receiving Intent { act=android.intent.action.DROPBOX_ENTRY_ADDED flg=0x10 (has extras) } to com.google.android.gms/.chimera.GmsIntentOperationService$PersistentTrustedReceiver
10-14 02:46:23.310  3527  3541 D StrictMode: StrictMode policy violation: android.os.strictmode.LeakedClosableViolation: A resource was acquired at attached stack trace but never released. See java.io.Closeable for information on avoiding resource leaks.
10-14 02:46:23.310  3527  3541 D StrictMode: 	at android.os.StrictMode$AndroidCloseGuardReporter.report(StrictMode.java:1788)
10-14 02:46:23.310  3527  3541 D StrictMode: 	at dalvik.system.CloseGuard.warnIfOpen(CloseGuard.java:264)
10-14 02:46:23.310  3527  3541 D StrictMode: 	at android.view.SurfaceControl.finalize(SurfaceControl.java:667)
10-14 02:46:23.310  3527  3541 D StrictMode: 	at java.lang.Daemons$FinalizerDaemon.doFinalize(Daemons.java:250)
10-14 02:46:23.310  3527  3541 D StrictMode: 	at java.lang.Daemons$FinalizerDaemon.runInternal(Daemons.java:237)
10-14 02:46:23.310  3527  3541 D StrictMode: 	at java.lang.Daemons$Daemon.run(Daemons.java:103)
10-14 02:46:23.310  3527  3541 D StrictMode: 	at java.lang.Thread.run(Thread.java:764)
10-14 02:46:23.310  3527  3541 D StrictMode: Caused by: java.lang.Throwable: Explicit termination method 'release' not called
10-14 02:46:23.310  3527  3541 D StrictMode: 	at dalvik.system.CloseGuard.open(CloseGuard.java:221)
10-14 02:46:23.310  3527  3541 D StrictMode: 	at android.view.SurfaceControl.<init>(SurfaceControl.java:621)
10-14 02:46:23.310  3527  3541 D StrictMode: 	at android.view.SurfaceControl.<init>(SurfaceControl.java:60)
10-14 02:46:23.310  3527  3541 D StrictMode: 	at android.view.SurfaceControl$1.createFromParcel(SurfaceControl.java:655)
10-14 02:46:23.310  3527  3541 D StrictMode: 	at android.view.SurfaceControl$1.createFromParcel(SurfaceControl.java:653)
10-14 02:46:23.310  3527  3541 D StrictMode: 	at android.os.Parcel.readParcelable(Parcel.java:2766)
10-14 02:46:23.310  3527  3541 D StrictMode: 	at android.view.RemoteAnimationTarget.<init>(RemoteAnimationTarget.java:149)
10-14 02:46:23.310  3527  3541 D StrictMode: 	at android.view.RemoteAnimationTarget$1.createFromParcel(RemoteAnimationTarget.java:212)
10-14 02:46:23.310  3527  3541 D StrictMode: 	at android.view.RemoteAnimationTarget$1.createFromParcel(RemoteAnimationTarget.java:210)
10-14 02:46:23.310  3527  3541 D StrictMode: 	at android.os.Parcel.readTypedObject(Parcel.java:2606)
10-14 02:46:23.310  3527  3541 D StrictMode: 	at android.os.Parcel.createTypedArray(Parcel.java:2568)
10-14 02:46:23.310  3527  3541 D StrictMode: 	at android.view.IRemoteAnimationRunner$Stub.onTransact(IRemoteAnimationRunner.java:56)
10-14 02:46:23.310  3527  3541 D StrictMode: 	at android.os.Binder.execTransact(Binder.java:731)
10-14 02:46:23.506  2768  2849 E BufferQueueProducer: [com.android.systemui/com.android.systemui.pip.phone.PipMenuActivity#0] disconnect: not connected (req=1)
10-14 02:46:23.507  3106  3352 W libEGL  : EGLNativeWindowType 0xca660808 disconnect failed
10-14 02:46:23.530  2768  2841 E BufferQueueProducer: [com.frograms.wplay/com.frograms.wplay.activity.MainActivity#0] disconnect: not connected (req=1)
10-14 02:46:23.531 26290 26427 W libEGL  : EGLNativeWindowType 0xcc912008 disconnect failed
10-14 02:46:23.550 26290 26290 W FirebaseRemoteConfig: No value of type 'FirebaseRemoteConfigValue' exists for parameter key 'fpr_session_max_duration_min'.
10-14 02:46:23.552 26290 32531 D FirebasePerformance: Fetched value: 'true' for key: 'fpr_enabled' from Firebase Remote Config.
10-14 02:46:23.552 26290 32531 D FirebasePerformance: Fetched value: '' for key: 'fpr_disabled_android_versions' from Firebase Remote Config.
10-14 02:46:23.553 26290 32531 D FirebasePerformance: Fetched value: 'true' for key: 'fpr_enabled' from Firebase Remote Config.
10-14 02:46:23.553 26290 32531 D FirebasePerformance: Fetched value: '' for key: 'fpr_disabled_android_versions' from Firebase Remote Config.
10-14 02:46:23.554 26290 32531 D FirebasePerformance: Fetched value: '1.0' for key: 'fpr_vc_trace_sampling_rate' from Firebase Remote Config.
10-14 02:46:23.733  3527  3527 D InputEventConsistencyVerifier: GenericMotionEvent: Action button for ACTION_BUTTON_PRESS event is 1, but it has already been pressed and has yet to be released.
10-14 02:46:23.733  3527  3527 D InputEventConsistencyVerifier:   in com.android.launcher3.views.DoubleShadowBubbleTextView{555635a VFED..CL. ........ 603,524-804,655 #21}
10-14 02:46:23.733  3527  3527 D InputEventConsistencyVerifier:   0: sent at 9235599559000, MotionEvent { action=ACTION_BUTTON_PRESS, actionButton=BUTTON_PRIMARY, id[0]=0, x[0]=42.87799, y[0]=6.9345703, toolType[0]=TOOL_TYPE_MOUSE, buttonState=BUTTON_PRIMARY, metaState=0, flags=0x0, edgeFlags=0x0, pointerCount=1, historySize=0, eventTime=9235599, downTime=9235599, deviceId=4, source=0x2002 }
10-14 02:46:23.733  3527  3527 D InputEventConsistencyVerifier:   -- recent events --
10-14 02:46:23.733  3527  3527 D InputEventConsistencyVerifier:   1: sent at 9235311556000, (unhandled) MotionEvent { action=ACTION_HOVER_EXIT, actionButton=0, id[0]=0, x[0]=176.95331, y[0]=129.05426, toolType[0]=TOOL_TYPE_MOUSE, buttonState=0, metaState=0, flags=0x0, edgeFlags=0x0, pointerCount=1, historySize=0, eventTime=9235311, downTime=9234927, deviceId=4, source=0x2002 }
10-14 02:46:23.733  3527  3527 D InputEventConsistencyVerifier:   2: sent at 9235311556000, (unhandled) MotionEvent { action=ACTION_HOVER_MOVE, actionButton=0, id[0]=0, x[0]=176.95331, y[0]=129.05426, toolType[0]=TOOL_TYPE_MOUSE, buttonState=0, metaState=0, flags=0x4, edgeFlags=0x0, pointerCount=1, historySize=0, eventTime=9235311, downTime=9234927, deviceId=4, source=0x2002 }
10-14 02:46:23.733  3527  3527 D InputEventConsistencyVerifier:   3: sent at 9235311556000, (unhandled) MotionEvent { action=ACTION_HOVER_ENTER, actionButton=0, id[0]=0, x[0]=176.95331, y[0]=129.05426, toolType[0]=TOOL_TYPE_MOUSE, buttonState=0, metaState=0, flags=0x4, edgeFlags=0x0, pointerCount=1, historySize=0, eventTime=9235311, downTime=9234927, deviceId=4, source=0x2002 }
10-14 02:46:23.733  3527  3527 D InputEventConsistencyVerifier:   4: sent at 9066895558000, (unhandled) MotionEvent { action=ACTION_HOVER_EXIT, actionButton=0, id[0]=0, x[0]=243.4237, y[0]=16.48645, toolType[0]=TOOL_TYPE_MOUSE, buttonState=0, metaState=0, flags=0x0, edgeFlags=0x0, pointerCount=1, historySize=0, eventTime=9066895, downTime=9063859, deviceId=4, source=0x2002 }
10-14 02:46:23.733  3527  3527 D InputEventConsistencyVerifier:   5: sent at 9066895558000, (unhandled) MotionEvent { action=ACTION_HOVER_MOVE, actionButton=0, id[0]=0, x[0]=243.4237, y[0]=16.48645, toolType[0]=TOOL_TYPE_MOUSE, buttonState=0, metaState=0, flags=0x4, edgeFlags=0x0, pointerCount=1, historySize=2, eventTime=9066895, downTime=9063859, deviceId=4, source=0x2002 }
10-14 02:46:23.847  3527  3527 D InputEventConsistencyVerifier: GenericMotionEvent: Action button for ACTION_BUTTON_RELEASE event is 1, but it was either never pressed or has already been released.
10-14 02:46:23.847  3527  3527 D InputEventConsistencyVerifier:   in com.android.launcher3.views.DoubleShadowBubbleTextView{61bd19f VFED..CL. ........ 603,131-804,262 #2c}
10-14 02:46:23.847  3527  3527 D InputEventConsistencyVerifier:   0: sent at 9235711562000, MotionEvent { action=ACTION_BUTTON_RELEASE, actionButton=BUTTON_PRIMARY, id[0]=0, x[0]=69.74835, y[0]=122.322235, toolType[0]=TOOL_TYPE_MOUSE, buttonState=0, metaState=0, flags=0x0, edgeFlags=0x0, pointerCount=1, historySize=0, eventTime=9235711, downTime=9235599, deviceId=4, source=0x2002 }
10-14 02:46:23.847  3527  3527 D InputEventConsistencyVerifier:   -- recent events --
10-14 02:46:23.847  3527  3527 D InputEventConsistencyVerifier:   1: sent at 8942891557000, (unhandled) MotionEvent { action=ACTION_HOVER_EXIT, actionButton=0, id[0]=0, x[0]=-0.047607422, y[0]=122.911896, toolType[0]=TOOL_TYPE_MOUSE, buttonState=0, metaState=0, flags=0x0, edgeFlags=0x0, pointerCount=1, historySize=0, eventTime=8942891, downTime=8810883, deviceId=4, source=0x2002 }
10-14 02:46:23.847  3527  3527 D InputEventConsistencyVerifier:   2: sent at 8942891557000, (unhandled) MotionEvent { action=ACTION_HOVER_MOVE, actionButton=0, id[0]=0, x[0]=-0.047607422, y[0]=122.911896, toolType[0]=TOOL_TYPE_MOUSE, buttonState=0, metaState=0, flags=0x4, edgeFlags=0x0, pointerCount=1, historySize=1, eventTime=8942891, downTime=8810883, deviceId=4, source=0x2002 }
10-14 02:46:23.847  3527  3527 D InputEventConsistencyVerifier:   3: sent at 8942875558000, (unhandled) MotionEvent { action=ACTION_HOVER_MOVE, actionButton=0, id[0]=0, x[0]=2.9523926, y[0]=116.911896, toolType[0]=TOOL_TYPE_MOUSE, buttonState=0, metaState=0, flags=0x0, edgeFlags=0x0, pointerCount=1, historySize=1, eventTime=8942875, downTime=8810883, deviceId=4, source=0x2002 }
10-14 02:46:23.847  3527  3527 D InputEventConsistencyVerifier:   4: sent at 8942859554000, (unhandled) MotionEvent { action=ACTION_HOVER_MOVE, actionButton=0, id[0]=0, x[0]=5.9523926, y[0]=111.911896, toolType[0]=TOOL_TYPE_MOUSE, buttonState=0, metaState=0, flags=0x0, edgeFlags=0x0, pointerCount=1, historySize=2, eventTime=8942859, downTime=8810883, deviceId=4, source=0x2002 }
10-14 02:46:23.847  3527  3527 D InputEventConsistencyVerifier:   5: sent at 8942835557000, (unhandled) MotionEvent { action=ACTION_HOVER_MOVE, actionButton=0, id[0]=0, x[0]=18.661316, y[0]=106.20358, toolType[0]=TOOL_TYPE_MOUSE, buttonState=0, metaState=0, flags=0x0, edgeFlags=0x0, pointerCount=1, historySize=1, eventTime=8942835, downTime=8810883, deviceId=4, source=0x2002 }
10-14 02:46:24.265  2768  3557 W SurfaceFlinger: Attempting to destroy on removed layer: AppWindowToken{48c696c token=Token{3af621f ActivityRecord{a22d1be u0 com.frograms.wplay/.activity.MainActivity t27}}}#0
10-14 02:46:24.498  3483 24587 W NetworkScheduler: Error inserting period=6246000 preferred_charging_state=1 preferred_network_type=1 target_class=com.google.android.gms.measurement.PackageMeasurementTaskService required_network_type=0 runtime=1602611184496 required_idleness_state=0 source=16 service_kind=0 target_package=com.google.android.gms persistence_level=1 source_version=203615000 last_runtime=0 user_id=0 job_id=-1 requires_charging=0 tag=Measurement.PackageMeasurementTaskService.UPLOAD_TASK_TAG flex_time=3122000 task_type=0 retry_strategy={"maximum_backoff_seconds":{"3600":0},"initial_backoff_seconds":{"30":0},"retry_policy":{"0":0}}, error message: UNIQUE constraint failed: pending_ops.tag, pending_ops.target_class, pending_ops.target_package, pending_ops.user_id (code 2067 SQLITE_CONSTRAINT_UNIQUE) [CONTEXT service_id=218 ]
10-14 02:46:25.263  3106  3352 D mali_winsys: EGLint new_window_surface(egl_winsys_display *, void *, EGLSurface, EGLConfig, egl_winsys_surface **, EGLBoolean) returns 0x3000
10-14 02:46:25.263  2756  8190 I [Gralloc]: framebuffer hal alread move to hwcomposer
10-14 02:46:25.445  2953  6973 I ActivityManager: START u0 {cmp=com.android.systemui/.pip.phone.PipMenuActivity (has extras)} from uid 10018
10-14 02:46:25.446  2953  6973 W ActivityManager: startActivity called from non-Activity context; forcing Intent.FLAG_ACTIVITY_NEW_TASK for: Intent { flg=0x800000 cmp=com.android.systemui/.pip.phone.PipMenuActivity (has extras) }
10-14 02:46:25.447  2953  6973 W WindowManager: Ignoring move of always-on-top stack=com.android.server.wm.DisplayContent$TaskStackContainers@aa47008 to bottom
10-14 02:46:25.267  2756  8190 I chatty  : uid=1000(system) HwBinder:2756_3 identical 1 line
10-14 02:46:25.270  2756  8190 I [Gralloc]: framebuffer hal alread move to hwcomposer
10-14 02:46:25.459  3106  3106 W ActivityThread: handleWindowVisibility: no activity for token android.os.BinderProxy@6db5967
10-14 02:46:25.512  2756  8190 I [Gralloc]: framebuffer hal alread move to hwcomposer
10-14 02:46:25.514  2756  2903 I [Gralloc]: framebuffer hal alread move to hwcomposer
10-14 02:46:25.515  2756  2903 I [Gralloc]: framebuffer hal alread move to hwcomposer
10-14 02:46:25.518  3106  3352 D mali_winsys: EGLint new_window_surface(egl_winsys_display *, void *, EGLSurface, EGLConfig, egl_winsys_surface **, EGLBoolean) returns 0x3000
10-14 02:46:25.534  2756  2903 I [Gralloc]: framebuffer hal alread move to hwcomposer
10-14 02:46:25.568  2953  2977 I ActivityManager: Displayed com.android.systemui/.pip.phone.PipMenuActivity: +106ms
10-14 02:46:25.569  2768  2841 E BufferQueueProducer: [com.frograms.wplay/com.frograms.wplay.activity.PlayerActivity#0] disconnect: not connected (req=1)
10-14 02:46:25.569 26290 26427 W libEGL  : EGLNativeWindowType 0xe0c9d808 disconnect failed
10-14 02:46:25.569 26290 26427 D mali_winsys: EGLint new_window_surface(egl_winsys_display *, void *, EGLSurface, EGLConfig, egl_winsys_surface **, EGLBoolean) returns 0x3000
10-14 02:46:25.593  2768  2849 E BufferQueueProducer: [com.android.systemui/com.android.systemui.pip.phone.PipMenuActivity#0] disconnect: not connected (req=1)
10-14 02:46:25.593  3106  3352 W libEGL  : EGLNativeWindowType 0xca34e808 disconnect failed
10-14 02:46:25.594  3106  3352 D mali_winsys: EGLint new_window_surface(egl_winsys_display *, void *, EGLSurface, EGLConfig, egl_winsys_surface **, EGLBoolean) returns 0x3000
10-14 02:46:25.595  2756  2903 I [Gralloc]: framebuffer hal alread move to hwcomposer
10-14 02:46:25.610  2756  2903 I chatty  : uid=1000(system) HwBinder:2756_2 identical 3 lines
10-14 02:46:25.614  2756  2903 I [Gralloc]: framebuffer hal alread move to hwcomposer
10-14 02:46:25.621  2768  2849 E BufferQueueProducer: [pip-dismiss-overlay#0] disconnect: not connected (req=1)
10-14 02:46:25.621  3106  3352 W libEGL  : EGLNativeWindowType 0xca660808 disconnect failed
10-14 02:46:25.626  2756  2903 I [Gralloc]: framebuffer hal alread move to hwcomposer
10-14 02:46:25.629  2768  2849 W SurfaceFlinger: Attempting to destroy on removed layer: d08967a pip-dismiss-overlay#0
10-14 02:46:25.450  2953  6973 W WindowManager: Ignoring move of always-on-top stack=com.android.server.wm.DisplayContent$TaskStackContainers@aa47008 to bottom
10-14 02:46:26.712  3106  3106 D ViewRootImpl[NavigationBar]: updatePointerIcon called with position out of bounds
10-14 02:46:26.713  3106  3106 D ViewRootImpl[StatusBar]: updatePointerIcon called with position out of bounds
10-14 02:46:26.980  2953  7801 D mali_winsys: EGLint new_window_surface(egl_winsys_display *, void *, EGLSurface, EGLConfig, egl_winsys_surface **, EGLBoolean) returns 0x3000
10-14 02:46:26.980  2756  2903 I [Gralloc]: framebuffer hal alread move to hwcomposer
10-14 02:46:26.982  2953  7801 E BufferQueueProducer: [unnamed-2953-2] disconnect: not connected (req=1)
10-14 02:46:26.982  2953  7801 W libEGL  : EGLNativeWindowType 0xcf567808 disconnect failed
10-14 02:46:26.990  2953 18154 W WindowManager: Ignoring move of always-on-top stack=com.android.server.wm.DisplayContent$TaskStackContainers@aa47008 to bottom
10-14 02:46:26.994  2768  2849 E BufferQueueProducer: [com.android.systemui/com.android.systemui.pip.phone.PipMenuActivity#0] disconnect: not connected (req=1)
10-14 02:46:26.994  3106  3352 W libEGL  : EGLNativeWindowType 0xca34e808 disconnect failed
10-14 02:46:26.994  3106  3352 D OpenGLRenderer: endAllActiveAnimators on 0xcde5e300 (RippleDrawable) with handle 0xcdaaf780
10-14 02:46:26.999  2953  7801 D mali_winsys: EGLint new_window_surface(egl_winsys_display *, void *, EGLSurface, EGLConfig, egl_winsys_surface **, EGLBoolean) returns 0x3000
10-14 02:46:26.999  2756  2903 I [Gralloc]: framebuffer hal alread move to hwcomposer
10-14 02:46:27.005  2953  7801 E BufferQueueProducer: [unnamed-2953-3] disconnect: not connected (req=1)
10-14 02:46:27.005  2953  7801 W libEGL  : EGLNativeWindowType 0xcf567808 disconnect failed
10-14 02:46:26.992  2953 18154 W WindowManager: Ignoring move of always-on-top stack=com.android.server.wm.DisplayContent$TaskStackContainers@aa47008 to bottom
10-14 02:46:27.060  2953  3307 W ActivityManager: Activity ActivityRecord{6dd6e2b u0 com.android.systemui/.pip.phone.PipMenuActivity t28 f} being finished, but not in LRU list
10-14 02:46:27.064 26290 31565 D SurfaceUtils: connecting to surface 0xcdea9008, reason connectToSurface
10-14 02:46:27.064 26290 31565 I MediaCodec: [OMX.amlogic.hevc.decoder.awesome] setting surface generation to 26920965
10-14 02:46:27.064 26290 31565 D SurfaceUtils: disconnecting from surface 0xcdea9008, reason connectToSurface(reconnect)
10-14 02:46:27.064 26290 31565 D SurfaceUtils: connecting to surface 0xcdea9008, reason connectToSurface(reconnect)
10-14 02:46:27.065  2789  2789 V OmxVideoDecoder: updatePort mUseNativeBuffers 1
10-14 02:46:27.065  2789  2789 D AmlogicVideoDecoderAwesome: get native buffer info NV:w:864,h:486..
10-14 02:46:27.065  2789  2789 V OmxVideoDecoder: updatePort:portDef.format.video.nFrameWidth=864,portDef.format.video.nFrameHeight=486
10-14 02:46:27.065  2789 16012 D OmxComponent: getExtensionIndex 1121 name="OMX.google.android.index.AndroidNativeBufferConsumerUsage"
10-14 02:46:27.065  2789 16012 D OmxVideoDecoder: setParameter 887 0x7f00000b
10-14 02:46:27.065  2789 16012 D OmxVideoDecoder: OMX_GoogleAndroidIndexAndroidNativeBufferConsumerUsage 0x100
10-14 02:46:27.066  2789 16012 D OmxComponent: getExtensionIndex 1121 name="OMX.google.android.index.getAndroidNativeBufferUsage"
10-14 02:46:27.066 26290 31566 D SurfaceUtils: disconnecting from surface 0xcdea9008, reason setNativeWindowSizeFormatAndUsage
10-14 02:46:27.066 26290 31566 D SurfaceUtils: connecting to surface 0xcdea9008, reason setNativeWindowSizeFormatAndUsage
10-14 02:46:27.066 26290 31566 D SurfaceUtils: set up nativeWindow 0xcdea9008 for 864x486, color 0x11, rotation 0, usage 0x402b00
10-14 02:46:27.066 26290 31565 D SurfaceUtils: disconnecting from surface 0xc1f4d008, reason disconnectFromSurface
10-14 02:46:27.072  2768  3557 E BufferQueueProducer: [com.frograms.wplay/com.frograms.wplay.activity.PlayerActivity#0] disconnect: not connected (req=1)
10-14 02:46:27.072 26290 26427 W libEGL  : EGLNativeWindowType 0xe0c9d808 disconnect failed
10-14 02:46:27.091  2768  3293 E BufferQueueProducer: [#0] disconnect: not connected (req=1)
10-14 02:46:27.092 26290 26427 W libEGL  : EGLNativeWindowType 0xc9d78008 disconnect failed
10-14 02:46:27.109  3106  3106 I ndroid.systemu: Explicit concurrent copying GC freed 11567(692KB) AllocSpace objects, 0(0B) LOS objects, 49% free, 3MB/7MB, paused 91us total 39.281ms
10-14 02:46:27.055  3106  3106 I Binder:3106_1: type=1400 audit(0.0:2953): avc: denied { read } for name="gralloc.odroidn2.so" dev="mmcblk0p12" ino=705 scontext=u:r:platform_app:s0:c512,c768 tcontext=u:object_r:vendor_file:s0 tclass=file permissive=1
10-14 02:46:27.110  3106  3120 W InputChannel-JNI: Input channel object 'pip_input_consumer (client)' was finalized without being disposed!
10-14 02:46:27.139 26290 26290 W FirebaseRemoteConfig: No value of type 'FirebaseRemoteConfigValue' exists for parameter key 'fpr_session_max_duration_min'.
10-14 02:46:27.141 26290 32531 D FirebasePerformance: Fetched value: 'true' for key: 'fpr_enabled' from Firebase Remote Config.
10-14 02:46:27.141 26290 32531 D FirebasePerformance: Fetched value: '' for key: 'fpr_disabled_android_versions' from Firebase Remote Config.
10-14 02:46:27.142 26290 26290 W FirebaseRemoteConfig: No value of type 'FirebaseRemoteConfigValue' exists for parameter key 'fpr_session_max_duration_min'.
10-14 02:46:27.142 26290 32531 D FirebasePerformance: Fetched value: 'true' for key: 'fpr_enabled' from Firebase Remote Config.
10-14 02:46:27.142 26290 32531 D FirebasePerformance: Fetched value: '' for key: 'fpr_disabled_android_versions' from Firebase Remote Config.
10-14 02:46:27.142 26290 32531 D FirebasePerformance: Fetched value: '1.0' for key: 'fpr_vc_trace_sampling_rate' from Firebase Remote Config.
10-14 02:46:27.149 26290 26290 I PlayerLifecycle: Release [background playback: false]
10-14 02:46:27.149 26290 26290 I PlayerLifecycle: Saving player state
10-14 02:46:27.150  3106  3106 I ndroid.systemu: Explicit concurrent copying GC freed 1533(138KB) AllocSpace objects, 0(0B) LOS objects, 49% free, 3MB/7MB, paused 85us total 39.133ms
10-14 02:46:27.150 26290 26290 I PlayerController: Releasing player
10-14 02:46:27.151  2953  3445 I MediaFocusControl: abandonAudioFocus() from uid/pid 10082/26290 clientId=android.media.AudioManager@75c8509com.google.android.exoplayer2.audio.l$b@412a0c5
10-14 02:46:27.152 26290 26290 I ExoPlayerImpl: Release 6de19eb [ExoPlayerLib/2.10.4] [odroidn2, odroidn2, HardKernel Co., Ltd., 28] [goog.exo.core, goog.exo.ui, goog.exo.dash]
10-14 02:46:27.055  3527  3527 I Binder:3527_2: type=1400 audit(0.0:2954): avc: denied { read } for name="gralloc.odroidn2.so" dev="mmcblk0p12" ino=705 scontext=u:r:priv_app:s0:c512,c768 tcontext=u:object_r:vendor_file:s0 tclass=file permissive=1
10-14 02:46:27.160 26290 32510 W FA      : Value is too long; discarded. Value kind, name, value length: param, ping_payload, 1128
10-14 02:46:27.171  2789 31567 I OmxComponent: OMX_CommandStateSet 738 Cmd 0 nParam1 0x2
10-14 02:46:27.171  2789 31567 I OmxComponent: STATE_SET:   OMX_StateExecuting => OMX_StateIdle : OMX.amlogic.hevc.decoder.awesome
10-14 02:46:27.171  2789 31567 I OmxComponent: OMX.amlogic.hevc.decoder.awesome: flush input
10-14 02:46:27.171  2789 31567 V AmlogicVideoDecoderAwesome: flushInput:894 >
10-14 02:46:27.171  2789 31567 V OMX_WorkerPeer: hardware/amlogic/omx/omx_framework/WorkerPeer.cpp:flushInput:56 --------------------
10-14 02:46:27.171  2789 31567 V AmlogicVideoDecoderAwesome: pause:286 >
10-14 02:46:27.177  2789 31567 V AmlogicVideoDecoderAwesome: reset:332 >
10-14 02:46:27.177  2789 31567 D AmlogicVideoDecoderAwesome: reset_1
10-14 02:46:27.177  2789 31567 I amcodec : AMSTREAM_SET_OMX_RUNNING ret=0
10-14 02:46:27.179  2953 18154 D skia    : --- Failed to create image decoder with message 'unimplemented'
10-14 02:46:27.179  2953 18154 W WindowManager: Failed to load bitmap: /data/system_ce/0/snapshots/28_reduced.jpg
10-14 02:46:27.182  2766  2911 D AudioFlinger: mixer(0xeb583ac0) throttle end: throttle time(5)
10-14 02:46:27.205  2789 31567 I amcodec : [codec_reset:1127]ret=0
10-14 02:46:27.205  2789 31567 D AmlogicVideoDecoderAwesome: reset_2
10-14 02:46:27.205  2789 31567 D AmlogicVideoDecoderAwesome: mDTaskStatus=1
10-14 02:46:27.205  2789 31567 V AmlogicVideoDecoderAwesome: start:294 >
10-14 02:46:27.205  2789 31567 E ThreadWorker: pthread on exit wait clean
10-14 02:46:27.205  2789 31567 D AmlogicVideoDecoderAwesome: mVideo start
10-14 02:46:27.205  2789 31567 V AmlogicVideoDecoderAwesome: flushInput:919 >
10-14 02:46:27.205  2789 32540 V OMX_WorkerPeer: hardware/amlogic/omx/omx_framework/WorkerPeer.cpp:runWorkerStatic:152 --------------------
10-14 02:46:27.205  2789 31567 I OmxComponent: OMX.amlogic.hevc.decoder.awesome: flush output
10-14 02:46:27.206  2789 32540 V OMX_WorkerPeer: hardware/amlogic/omx/omx_framework/WorkerPeer.cpp:runWorker:158 --------------------
10-14 02:46:27.206  2789 31567 V AmlogicVideoDecoderAwesome: flushOutput:922 >
10-14 02:46:27.206  2789 31567 V AmlogicVideoDecoderAwesome: flushOutput:976 >
10-14 02:46:27.206  2789 31567 D AmlogicVideoDecoderAwesome: mVideo stop
10-14 02:46:27.206  2789 31567 V AmlogicVideoDecoderAwesome: stop:320 >
10-14 02:46:27.207  2789 31567 I OmxComponent: STATE_TRANS: OMX_StateExecuting => OMX_StateIdle : OMX.amlogic.hevc.decoder.awesome
10-14 02:46:27.207  2789 31567 I chatty  : uid=1046(mediacodec) omx@1.0-service identical 2 lines
10-14 02:46:27.207  2789 31567 I OmxComponent: STATE_TRANS: OMX_StateExecuting => OMX_StateIdle : OMX.amlogic.hevc.decoder.awesome
10-14 02:46:27.207  2789 31567 I OmxComponent: STATE_DONE:  OMX_StateExecuting => OMX_StateIdle : OMX.amlogic.hevc.decoder.awesome
10-14 02:46:27.209  2789 31567 I OmxComponent: OMX_CommandStateSet 738 Cmd 0 nParam1 0x1
10-14 02:46:27.209  2789 31567 I OmxComponent: STATE_SET:   OMX_StateIdle => OMX_StateLoaded : OMX.amlogic.hevc.decoder.awesome
10-14 02:46:27.209  2789 31567 V AmlogicVideoDecoderAwesome: releaseResources:374 >
10-14 02:46:27.209  2789 31567 V AmlogicVideoDecoderAwesome: tearDown:793 >
10-14 02:46:27.209  2789 31567 V AmlogicVideoDecoderAwesome: tearDown:1434 >
10-14 02:46:27.209  2789 31567 V AmlogicVideoDecoderAwesome: initializeState_l:1512 >
10-14 02:46:27.212  2789 31567 D AmlogicVideoDecoderAwesome: free ION Video device instance ID:0
10-14 02:46:27.213  2789 31567 V AmlogicVideoDecoderAwesome: disable osd video ...-410252368
10-14 02:46:27.215  2789 31567 I OmxComponent: STATE_TRANS: OMX_StateIdle => OMX_StateLoaded : OMX.amlogic.hevc.decoder.awesome
10-14 02:46:27.215  2789 31567 I OmxComponent: STATE_DONE:  OMX_StateIdle => OMX_StateLoaded : OMX.amlogic.hevc.decoder.awesome
10-14 02:46:27.215 26290 31565 D SurfaceUtils: disconnecting from surface 0xcdea9008, reason disconnectFromSurface
10-14 02:46:27.216  2789  2789 D OmxComponentManagerImpl: DecreaseEntryNumByName pEntry->mNum=1, pEntry->mMaxNum:9,componentName:OMX.amlogic.hevc.decoder.awesome
10-14 02:46:27.216  2789  2789 I omx_core: OMX_freeHandle_num_= 0
10-14 02:46:27.216  2789  2789 D AmlogicVideoDecoderAwesome: ~AmlogicVideoDecoderAwesome
10-14 02:46:27.216  2789  2789 D AmlogicVideoDecoderAwesome: ~AmlogicVideoDecoder
10-14 02:46:27.216  2789  2789 D AmlogicVideoDecoderAwesome: ~AmlogicVideoDecoder, mOmxInstancenum 0
10-14 02:46:27.219  2679  2679 W hwservicemanager: getTransport: Cannot find entry android.hidl.memory@1.0::IMapper/ in either framework or device manifest.
10-14 02:46:27.221  2753  2753 E libhidlmemory: Could not fetch mapper for  shared memory
10-14 02:46:27.221  2753  2753 E WVCdm   : mapMemory returns nullptr
10-14 02:46:27.223 26290 31296 D DrmSessionManager: Release session, open count is 0
10-14 02:46:27.223 26290 31296 D DrmSessionManager: Set session to pending release
10-14 02:46:27.230  2679  2679 W hwservicemanager: getTransport: Cannot find entry android.hidl.memory@1.0::IMapper/ in either framework or device manifest.
10-14 02:46:27.232  2753  2753 E libhidlmemory: Could not fetch mapper for  shared memory
10-14 02:46:27.232  2753  2753 E WVCdm   : mapMemory returns nullptr
10-14 02:46:27.055  3527  3527 I Binder:3527_2: type=1400 audit(0.0:2955): avc: denied { open } for path="/vendor/lib/hw/gralloc.odroidn2.so" dev="mmcblk0p12" ino=705 scontext=u:r:priv_app:s0:c512,c768 tcontext=u:object_r:vendor_file:s0 tclass=file permissive=1
10-14 02:46:27.234 26290 26290 D DrmSessionManager: Close DRM session manager
10-14 02:46:27.235 26290 26290 D DrmSessionManager: Closing Primary session 73696436
10-14 02:46:27.236  2753  2753 I WVCdm   : [cdm_engine.cpp(190):CloseSession] CdmEngine::CloseSession: sid6
10-14 02:46:27.237 26290 26290 D DrmSessionManager: Closing (Async) DRM session 73696436 Open sessions: 0
10-14 02:46:27.237 26290 26290 D PlayerController: Playback state changed. Last: Playing New: Idle
10-14 02:46:27.237 26290 26290 I PlayerController: Destroying controller
10-14 02:46:27.244  2753  2753 I WVCdm   : [(0):] L3 Terminate.
10-14 02:46:27.255  3483 13406 W NetworkScheduler: Error inserting period=6240000 preferred_charging_state=1 preferred_network_type=1 target_class=com.google.android.gms.measurement.PackageMeasurementTaskService required_network_type=0 runtime=1602611187252 required_idleness_state=0 source=16 service_kind=0 target_package=com.google.android.gms persistence_level=1 source_version=203615000 last_runtime=0 user_id=0 job_id=-1 requires_charging=0 tag=Measurement.PackageMeasurementTaskService.UPLOAD_TASK_TAG flex_time=3119000 task_type=0 retry_strategy={"maximum_backoff_seconds":{"3600":0},"initial_backoff_seconds":{"30":0},"retry_policy":{"0":0}}, error message: UNIQUE constraint failed: pending_ops.tag, pending_ops.target_class, pending_ops.target_package, pending_ops.user_id (code 2067 SQLITE_CONSTRAINT_UNIQUE) [CONTEXT service_id=218 ]
10-14 02:46:27.257  2953  6973 D MediaSessionService: Media button session is changed to null
10-14 02:46:27.055  3106  3106 I Binder:3106_1: type=1400 audit(0.0:2956): avc: denied { open } for path="/vendor/lib/hw/gralloc.odroidn2.so" dev="mmcblk0p12" ino=705 scontext=u:r:platform_app:s0:c512,c768 tcontext=u:object_r:vendor_file:s0 tclass=file permissive=1
10-14 02:46:27.294  3483 13406 W NetworkScheduler: Error inserting period=6240000 preferred_charging_state=1 preferred_network_type=1 target_class=com.google.android.gms.measurement.PackageMeasurementTaskService required_network_type=0 runtime=1602611187293 required_idleness_state=0 source=16 service_kind=0 target_package=com.google.android.gms persistence_level=1 source_version=203615000 last_runtime=0 user_id=0 job_id=-1 requires_charging=0 tag=Measurement.PackageMeasurementTaskService.UPLOAD_TASK_TAG flex_time=3119000 task_type=0 retry_strategy={"maximum_backoff_seconds":{"3600":0},"initial_backoff_seconds":{"30":0},"retry_policy":{"0":0}}, error message: UNIQUE constraint failed: pending_ops.tag, pending_ops.target_class, pending_ops.target_package, pending_ops.user_id (code 2067 SQLITE_CONSTRAINT_UNIQUE) [CONTEXT service_id=218 ]
10-14 02:46:27.055  3527  3527 I Binder:3527_2: type=1400 audit(0.0:2957): avc: denied { getattr } for path="/vendor/lib/hw/gralloc.odroidn2.so" dev="mmcblk0p12" ino=705 scontext=u:r:priv_app:s0:c512,c768 tcontext=u:object_r:vendor_file:s0 tclass=file permissive=1
10-14 02:46:27.703  4078  4078 D skia    : --- Failed to create image decoder with message 'unimplemented'
10-14 02:46:27.897  2953  2975 D AutofillManagerService: Close system dialogs
10-14 02:46:27.714  4078  4078 D skia    : --- Failed to create image decoder with message 'unimplemented'
10-14 02:46:27.908  3106  3106 I vol.Events: writeEvent dismiss_dialog volume_controller
10-14 02:46:27.909  3106  3106 V StatusBar: mStatusBarWindow: com.android.systemui.statusbar.phone.StatusBarWindowView{530a9c0 V.ED..... ........ 0,0-1360,31} canPanelBeCollapsed(): false
10-14 02:46:27.926  2756  2903 I [Gralloc]: framebuffer hal alread move to hwcomposer
10-14 02:46:27.933  2756  2903 I [Gralloc]: framebuffer hal alread move to hwcomposer
10-14 02:46:28.422  3527  3527 D InputEventConsistencyVerifier: GenericMotionEvent: Action button for ACTION_BUTTON_PRESS event is 1, but it has already been pressed and has yet to be released.
10-14 02:46:28.422  3527  3527 D InputEventConsistencyVerifier:   in com.android.launcher3.views.DoubleShadowBubbleTextView{555635a VFED..CL. ........ 603,524-804,655 #21}
10-14 02:46:28.422  3527  3527 D InputEventConsistencyVerifier:   0: sent at 9240287558000, MotionEvent { action=ACTION_BUTTON_PRESS, actionButton=BUTTON_PRIMARY, id[0]=0, x[0]=189.99957, y[0]=122.8089, toolType[0]=TOOL_TYPE_MOUSE, buttonState=BUTTON_PRIMARY, metaState=0, flags=0x0, edgeFlags=0x0, pointerCount=1, historySize=0, eventTime=9240287, downTime=9240287, deviceId=4, source=0x2002 }
10-14 02:46:28.422  3527  3527 D InputEventConsistencyVerifier:   -- recent events --
10-14 02:46:28.422  3527  3527 D InputEventConsistencyVerifier:   1: sent at 9235599559000, (unhandled) MotionEvent { action=ACTION_BUTTON_PRESS, actionButton=BUTTON_PRIMARY, id[0]=0, x[0]=42.87799, y[0]=6.9345703, toolType[0]=TOOL_TYPE_MOUSE, buttonState=BUTTON_PRIMARY, metaState=0, flags=0x80000000, edgeFlags=0x0, pointerCount=1, historySize=0, eventTime=9235599, downTime=9235599, deviceId=4, source=0x2002 }
10-14 02:46:28.422  3527  3527 D InputEventConsistencyVerifier:   2: sent at 9235311556000, (unhandled) MotionEvent { action=ACTION_HOVER_EXIT, actionButton=0, id[0]=0, x[0]=176.95331, y[0]=129.05426, toolType[0]=TOOL_TYPE_MOUSE, buttonState=0, metaState=0, flags=0x0, edgeFlags=0x0, pointerCount=1, historySize=0, eventTime=9235311, downTime=9234927, deviceId=4, source=0x2002 }
10-14 02:46:28.422  3527  3527 D InputEventConsistencyVerifier:   3: sent at 9235311556000, (unhandled) MotionEvent { action=ACTION_HOVER_MOVE, actionButton=0, id[0]=0, x[0]=176.95331, y[0]=129.05426, toolType[0]=TOOL_TYPE_MOUSE, buttonState=0, metaState=0, flags=0x4, edgeFlags=0x0, pointerCount=1, historySize=0, eventTime=9235311, downTime=9234927, deviceId=4, source=0x2002 }
10-14 02:46:28.422  3527  3527 D InputEventConsistencyVerifier:   4: sent at 9235311556000, (unhandled) MotionEvent { action=ACTION_HOVER_ENTER, actionButton=0, id[0]=0, x[0]=176.95331, y[0]=129.05426, toolType[0]=TOOL_TYPE_MOUSE, buttonState=0, metaState=0, flags=0x4, edgeFlags=0x0, pointerCount=1, historySize=0, eventTime=9235311, downTime=9234927, deviceId=4, source=0x2002 }
10-14 02:46:28.422  3527  3527 D InputEventConsistencyVerifier:   5: sent at 9066895558000, (unhandled) MotionEvent { action=ACTION_HOVER_EXIT, actionButton=0, id[0]=0, x[0]=243.4237, y[0]=16.48645, toolType[0]=TOOL_TYPE_MOUSE, buttonState=0, metaState=0, flags=0x0, edgeFlags=0x0, pointerCount=1, historySize=0, eventTime=9066895, downTime=9063859, deviceId=4, source=0x2002 }
10-14 02:46:28.549  3527  3527 D InputEventConsistencyVerifier: GenericMotionEvent: Action button for ACTION_BUTTON_RELEASE event is 1, but it was either never pressed or has already been released.
10-14 02:46:28.549  3527  3527 D InputEventConsistencyVerifier:   in com.android.launcher3.views.DoubleShadowBubbleTextView{fee8c70 VFED..CL. ........ 804,393-1005,524 #1c}
10-14 02:46:28.549  3527  3527 D InputEventConsistencyVerifier:   0: sent at 9240415559000, MotionEvent { action=ACTION_BUTTON_RELEASE, actionButton=BUTTON_PRIMARY, id[0]=0, x[0]=17.912598, y[0]=8.666443, toolType[0]=TOOL_TYPE_MOUSE, buttonState=0, metaState=0, flags=0x0, edgeFlags=0x0, pointerCount=1, historySize=0, eventTime=9240415, downTime=9240287, deviceId=4, source=0x2002 }
10-14 02:46:28.549  3527  3527 D InputEventConsistencyVerifier:   -- recent events --
10-14 02:46:28.549  3527  3527 D InputEventConsistencyVerifier:   1: sent at 9236963565000, (unhandled) MotionEvent { action=ACTION_HOVER_EXIT, actionButton=0, id[0]=0, x[0]=181.245, y[0]=128.5351, toolType[0]=TOOL_TYPE_MOUSE, buttonState=0, metaState=0, flags=0x0, edgeFlags=0x0, pointerCount=1, historySize=0, eventTime=9236963, downTime=9235599, deviceId=4, source=0x2002 }
10-14 02:46:28.549  3527  3527 D InputEventConsistencyVerifier:   2: sent at 9236955559000, (unhandled) MotionEvent { action=ACTION_HOVER_MOVE, actionButton=0, id[0]=0, x[0]=160.34204, y[0]=122.83429, toolType[0]=TOOL_TYPE_MOUSE, buttonState=0, metaState=0, flags=0x0, edgeFlags=0x0, pointerCount=1, historySize=1, eventTime=9236955, downTime=9235599, deviceId=4, source=0x2002 }
10-14 02:46:28.549  3527  3527 D InputEventConsistencyVerifier:   3: sent at 9236939560000, (unhandled) MotionEvent { action=ACTION_HOVER_MOVE, actionButton=0, id[0]=0, x[0]=122.46167, y[0]=114.329895, toolType[0]=TOOL_TYPE_MOUSE, buttonState=0, metaState=0, flags=0x0, edgeFlags=0x0, pointerCount=1, historySize=2, eventTime=9236939, downTime=9235599, deviceId=4, source=0x2002 }
10-14 02:46:28.549  3527  3527 D InputEventConsistencyVerifier:   4: sent at 9236915563000, (unhandled) MotionEvent { action=ACTION_HOVER_MOVE, actionButton=0, id[0]=0, x[0]=85.01691, y[0]=104.589294, toolType[0]=TOOL_TYPE_MOUSE, buttonState=0, metaState=0, flags=0x0, edgeFlags=0x0, pointerCount=1, historySize=1, eventTime=9236915, downTime=9235599, deviceId=4, source=0x2002 }
10-14 02:46:28.549  3527  3527 D InputEventConsistencyVerifier:   5: sent at 9236899563000, (unhandled) MotionEvent { action=ACTION_HOVER_MOVE, actionButton=0, id[0]=0, x[0]=72.4469, y[0]=102.3103, toolType[0]=TOOL_TYPE_MOUSE, buttonState=0, metaState=0, flags=0x0, edgeFlags=0x0, pointerCount=1, historySize=1, eventTime=9236899, downTime=9235599, deviceId=4, source=0x2002 }
10-14 02:46:28.942  2953  6973 W ActivityManager: Activity ActivityRecord{c3416f5 u0 com.frograms.wplay/.activity.PlayerActivity t28 f} being finished, but not in LRU list
10-14 02:46:28.953  2953  6973 I ActivityManager: Killing 26290:com.frograms.wplay/u0a82 (adj 900): remove task
10-14 02:46:28.954  2953  2972 W libprocessgroup: kill(-26290, 9) failed: No such process
10-14 02:46:28.997  2953  2972 I chatty  : uid=1000(system) ActivityManager identical 1 line
10-14 02:46:29.041  2953  2972 W libprocessgroup: kill(-26290, 9) failed: No such process
10-14 02:46:29.061  2953  3028 W InputDispatcher: channel '91f3fdc  (server)' ~ Consumer closed input channel or an error occurred.  events=0x9
10-14 02:46:29.061  2953  3028 E InputDispatcher: channel '91f3fdc  (server)' ~ Channel is unrecoverably broken and will be disposed!
10-14 02:46:29.085  2953  2972 W libprocessgroup: kill(-26290, 9) failed: No such process
10-14 02:46:29.103  2953  3028 W InputDispatcher: channel '9a0d11c com.frograms.wplay/com.frograms.wplay.activity.PlayerActivity (server)' ~ Consumer closed input channel or an error occurred.  events=0x9
10-14 02:46:29.103  2953  3028 E InputDispatcher: channel '9a0d11c com.frograms.wplay/com.frograms.wplay.activity.PlayerActivity (server)' ~ Channel is unrecoverably broken and will be disposed!
10-14 02:46:29.105  2953  3307 I WindowManager: WIN DEATH: Window{9a0d11c u0 com.frograms.wplay/com.frograms.wplay.activity.PlayerActivity}
10-14 02:46:29.105  2953  3307 W InputDispatcher: Attempted to unregister already unregistered input channel '9a0d11c com.frograms.wplay/com.frograms.wplay.activity.PlayerActivity (server)'
10-14 02:46:29.105  2953  3307 W InputDispatcher: Attempted to unregister already unregistered input channel '91f3fdc  (server)'
10-14 02:46:29.114  2953  6973 W WindowManager: Failed looking up window callers=com.android.server.wm.WindowManagerService.windowForClientLocked:5506 com.android.server.wm.WindowState$DeathRecipient.binderDied:2421 android.os.BinderProxy.sendDeathNotice:1193 
10-14 02:46:29.114  2953  6973 I WindowManager: WIN DEATH: null
10-14 02:46:29.117  2740  2740 I Zygote  : Process 26290 exited due to signal (9)
10-14 02:46:29.118  2768  3557 W SurfaceFlinger: Attempting to destroy on removed layer: AppWindowToken{c12e2fb token=Token{7aa9c8a ActivityRecord{c3416f5 u0 com.frograms.wplay/.activity.PlayerActivity t28}}}#0
10-14 02:46:29.126  3599 31288 I DiscoveryManager: Filter criteria(null) scannerFlags(0)
10-14 02:46:29.128  2953  2977 W ActivityManager: setHasOverlayUi called on unknown pid: 26290
10-14 02:46:29.129  3599 31288 W GuestModeDeviceProber: setFilterCriteria
10-14 02:46:29.129  2953  2972 W libprocessgroup: kill(-26290, 9) failed: No such process
10-14 02:46:29.129  2953  2972 I libprocessgroup: Successfully killed process cgroup uid 10082 pid 26290 in 174ms
10-14 02:46:29.130  2953  9354 I WifiService: releaseMulticastLock uid=10064
10-14 02:46:30.894  2747  2888 D audio-subMixingFactory: out_standby_subMixingPCM: out_stream(0xee3ca000) usecase: STREAM_PCM_NORMAL
10-14 02:46:30.894  2747  2888 I audio-subMixingFactory: ++usecase_change_validate_l_sm(), dev usecase masks = 0x1, is_standby = 1, out usecase STREAM_PCM_NORMAL
10-14 02:46:30.894  2747  2888 I audio-subMixingFactory: --usecase_change_validate_l_sm(), dev usecase masks = 0, is_standby = 1, out usecase STREAM_PCM_NORMAL
10-14 02:46:30.894  2747  2888 I amlaudioMixer: ++delete_mixer_input_port port ID: 0
10-14 02:46:37.726  4078  4078 D skia    : --- Failed to create image decoder with message 'unimplemented'
10-14 02:46:37.741  4078  4078 D skia    : --- Failed to create image decoder with message 'unimplemented'
10-14 02:46:41.703 25583 25583 I com.kakao.talk: type=1400 audit(0.0:2967): avc: denied { open } for path="/proc/vmstat" dev="proc" ino=4026531993 scontext=u:r:untrusted_app:s0:c80,c256,c512,c768 tcontext=u:object_r:proc_vmstat:s0 tclass=file permissive=1
10-14 02:46:41.703 25583 25583 I com.kakao.talk: type=1400 audit(0.0:2968): avc: denied { getattr } for path="/proc/vmstat" dev="proc" ino=4026531993 scontext=u:r:untrusted_app:s0:c80,c256,c512,c768 tcontext=u:object_r:proc_vmstat:s0 tclass=file permissive=1
10-14 02:46:46.166  2787  2821 E storaged: getDiskStats failed with result NOT_SUPPORTED and size 0
10-14 02:46:47.746  4078  4078 D skia    : --- Failed to create image decoder with message 'unimplemented'
10-14 02:47:37.873  4078  4078 I chatty  : uid=10079(com.antutu.ABenchMark) identical 10 lines
10-14 02:47:37.889  4078  4078 D skia    : --- Failed to create image decoder with message 'unimplemented'
10-14 02:47:44.258  3599 11690 I CastDatabase: Saving the database
10-14 02:47:44.264  3599 11690 E SQLiteCastStore: Skip saving CastDeviceInfo: "Nearby device" (__cast_nearby___V_2574f162-0e60-4402-9927-c6e6b966b149)
10-14 02:47:44.264  3599 11690 I SQLiteCastStore: [CastNetworkInfo] saved: 0, skipped: 0, [CastDeviceInfo]: saved 0, skipped 1, [Paired Guest Mode DeviceInfo] saved: 0, skipped: 0. [ProbedNetworks]: saved 0, skipped: 0, [ProbedSocketAddress]: saved 0, skipped: 0, [Network-Device pairs]: saved: 0
10-14 02:47:46.167  2787  2821 E storaged: getDiskStats failed with result NOT_SUPPORTED and size 0
10-14 02:47:47.902  4078  4078 D skia    : --- Failed to create image decoder with message 'unimplemented'
10-14 02:47:52.599  2953  3024 W ActivityManager: Background start not allowed: service Intent { flg=0x4 cmp=com.kakao.talk/.service.MessengerService (has extras) } to com.kakao.talk/.service.MessengerService from pid=-1 uid=10080 pkg=com.kakao.talk startFg?=false
10-14 02:47:52.606  4078  4078 I chatty  : uid=10079(com.antutu.ABenchMark) identical 2 lines
10-14 02:47:52.618  4078  4078 D skia    : --- Failed to create image decoder with message 'unimplemented'
10-14 02:47:52.855  4078  4078 I tutu.ABenchMark: type=1400 audit(0.0:2969): avc: denied { open } for path="/proc/vmstat" dev="proc" ino=4026531993 scontext=u:r:untrusted_app_27:s0:c512,c768 tcontext=u:object_r:proc_vmstat:s0 tclass=file permissive=1
10-14 02:47:52.855  4078  4078 I tutu.ABenchMark: type=1400 audit(0.0:2970): avc: denied { getattr } for path="/proc/vmstat" dev="proc" ino=4026531993 scontext=u:r:untrusted_app_27:s0:c512,c768 tcontext=u:object_r:proc_vmstat:s0 tclass=file permissive=1
