--------- beginning of system
10-14 02:41:31.890  2953  4864 I ActivityManager: START u0 {act=android.intent.action.MAIN cat=[android.intent.category.LAUNCHER] flg=0x10200000 cmp=com.frograms.wplay/.activity.InitActivity bnds=[655,293][856,424]} from uid 10024
10-14 02:41:31.927  2953  2971 I ActivityManager: Start proc 26290:com.frograms.wplay/u0a82 for activity com.frograms.wplay/.activity.InitActivity
10-14 02:41:32.387  2953  2969 W BroadcastQueue: Background execution not allowed: receiving Intent { act=android.intent.action.DROPBOX_ENTRY_ADDED flg=0x10 (has extras) } to com.google.android.gms/.stats.service.DropBoxEntryAddedReceiver
10-14 02:41:32.389  2953  2969 W BroadcastQueue: Background execution not allowed: receiving Intent { act=android.intent.action.DROPBOX_ENTRY_ADDED flg=0x10 (has extras) } to com.google.android.gms/.chimera.GmsIntentOperationService$PersistentTrustedReceiver
10-14 02:41:33.448  2953  4864 I ActivityManager: START u0 {flg=0x10008000 cmp=com.frograms.wplay/.activity.MainActivity (has extras)} from uid 10082
10-14 02:41:33.464  2953  6663 W ActivityManager: Duplicate finish request for ActivityRecord{3477c67 u0 com.frograms.wplay/.activity.InitActivity t27 f}
10-14 02:41:36.017  3527  3527 W ViewRootImpl[Launcher]: Cancelling event due to no window focus: MotionEvent { action=ACTION_CANCEL, actionButton=0, id[0]=0, x[0]=749.79724, y[0]=351.44833, toolType[0]=TOOL_TYPE_MOUSE, buttonState=0, metaState=0, flags=0x0, edgeFlags=0x0, pointerCount=1, historySize=0, eventTime=8947883, downTime=8943611, deviceId=4, source=0x2002 }
10-14 02:41:36.017  3527  3527 I chatty  : uid=10024(com.android.launcher3) identical 2 lines
10-14 02:41:36.017  3527  3527 W ViewRootImpl[Launcher]: Cancelling event due to no window focus: MotionEvent { action=ACTION_CANCEL, actionButton=0, id[0]=0, x[0]=749.79724, y[0]=351.44833, toolType[0]=TOOL_TYPE_MOUSE, buttonState=0, metaState=0, flags=0x0, edgeFlags=0x0, pointerCount=1, historySize=0, eventTime=8947883, downTime=8943611, deviceId=4, source=0x2002 }
10-14 02:41:37.378  2953  6663 I ActivityManager: START u0 {cmp=com.frograms.wplay/.activity.MainActivity (has extras)} from uid 10082
10-14 02:41:46.164  2787  2821 E storaged: getDiskStats failed with result NOT_SUPPORTED and size 0
10-14 02:42:28.212  2953  2973 E BatteryExternalStatsWorker: no controller energy info supplied for wifi
10-14 02:42:28.212  2953  2973 E BatteryExternalStatsWorker: no controller energy info supplied for bluetooth
10-14 02:42:28.217  2953  2973 W BatteryExternalStatsWorker: modem info is invalid: ModemActivityInfo{ mTimestamp=0 mSleepTimeMs=0 mIdleTimeMs=0 mTxTimeMs[]=[0, 0, 0, 0, 0] mRxTimeMs=0 mEnergyUsed=0}
10-14 02:42:28.217  2953  2973 D KernelUidCpuTimeReader: Removing uids 99012-99012
10-14 02:42:39.226  2953  6973 I ActivityManager: START u0 {flg=0x10008000 cmp=com.frograms.wplay/.activity.MainActivity (has extras)} from uid 10082
10-14 02:42:39.226  2953  6973 W ActivityManager: Activity is launching as a new task, so cancelling activity result.
10-14 02:42:44.006  2953  6973 I ActivityManager: START u0 {cmp=com.frograms.wplay/.activity.MainActivity (has extras)} from uid 10082
10-14 02:42:45.028 26290 26290 W ViewRootImpl[MainActivity]: Cancelling event due to no window focus: MotionEvent { action=ACTION_CANCEL, actionButton=0, id[0]=0, x[0]=615.1352, y[0]=386.29095, toolType[0]=TOOL_TYPE_MOUSE, buttonState=0, metaState=0, flags=0x0, edgeFlags=0x0, pointerCount=1, historySize=0, eventTime=9016879, downTime=9015735, deviceId=4, source=0x2002 }
10-14 02:42:45.028 26290 26290 I chatty  : uid=10082(com.frograms.wplay) identical 2 lines
10-14 02:42:45.029 26290 26290 W ViewRootImpl[MainActivity]: Cancelling event due to no window focus: MotionEvent { action=ACTION_CANCEL, actionButton=0, id[0]=0, x[0]=615.1352, y[0]=386.29095, toolType[0]=TOOL_TYPE_MOUSE, buttonState=0, metaState=0, flags=0x0, edgeFlags=0x0, pointerCount=1, historySize=0, eventTime=9016879, downTime=9015735, deviceId=4, source=0x2002 }
10-14 02:42:46.165  2787  2821 E storaged: getDiskStats failed with result NOT_SUPPORTED and size 0
10-14 02:42:49.199  2953  6973 I ActivityManager: START u0 {cmp=com.frograms.wplay/.activity.PlayerActivity (has extras)} from uid 10082
10-14 02:42:49.388  2953  2969 W BroadcastQueue: Background execution not allowed: receiving Intent { act=android.intent.action.DROPBOX_ENTRY_ADDED flg=0x10 (has extras) } to com.google.android.gms/.stats.service.DropBoxEntryAddedReceiver
10-14 02:42:49.389  2953  2969 W BroadcastQueue: Background execution not allowed: receiving Intent { act=android.intent.action.DROPBOX_ENTRY_ADDED flg=0x10 (has extras) } to com.google.android.gms/.chimera.GmsIntentOperationService$PersistentTrustedReceiver
10-14 02:42:49.394  2953  2969 W BroadcastQueue: Background execution not allowed: receiving Intent { act=android.intent.action.DROPBOX_ENTRY_ADDED flg=0x10 (has extras) } to com.google.android.gms/.stats.service.DropBoxEntryAddedReceiver
10-14 02:42:49.395  2953  2969 W BroadcastQueue: Background execution not allowed: receiving Intent { act=android.intent.action.DROPBOX_ENTRY_ADDED flg=0x10 (has extras) } to com.google.android.gms/.chimera.GmsIntentOperationService$PersistentTrustedReceiver
10-14 02:42:49.399  2953  2969 W BroadcastQueue: Background execution not allowed: receiving Intent { act=android.intent.action.DROPBOX_ENTRY_ADDED flg=0x10 (has extras) } to com.google.android.gms/.stats.service.DropBoxEntryAddedReceiver
10-14 02:42:49.400  2953  2969 W BroadcastQueue: Background execution not allowed: receiving Intent { act=android.intent.action.DROPBOX_ENTRY_ADDED flg=0x10 (has extras) } to com.google.android.gms/.chimera.GmsIntentOperationService$PersistentTrustedReceiver
10-14 02:42:49.405  2953  2969 W BroadcastQueue: Background execution not allowed: receiving Intent { act=android.intent.action.DROPBOX_ENTRY_ADDED flg=0x10 (has extras) } to com.google.android.gms/.stats.service.DropBoxEntryAddedReceiver
10-14 02:42:49.406  2953  2969 W BroadcastQueue: Background execution not allowed: receiving Intent { act=android.intent.action.DROPBOX_ENTRY_ADDED flg=0x10 (has extras) } to com.google.android.gms/.chimera.GmsIntentOperationService$PersistentTrustedReceiver
10-14 02:42:49.410  2953  2969 W BroadcastQueue: Background execution not allowed: receiving Intent { act=android.intent.action.DROPBOX_ENTRY_ADDED flg=0x10 (has extras) } to com.google.android.gms/.stats.service.DropBoxEntryAddedReceiver
10-14 02:42:49.410  2953  2969 W BroadcastQueue: Background execution not allowed: receiving Intent { act=android.intent.action.DROPBOX_ENTRY_ADDED flg=0x10 (has extras) } to com.google.android.gms/.chimera.GmsIntentOperationService$PersistentTrustedReceiver
10-14 02:42:49.414  2953  2969 W BroadcastQueue: Background execution not allowed: receiving Intent { act=android.intent.action.DROPBOX_ENTRY_ADDED flg=0x10 (has extras) } to com.google.android.gms/.stats.service.DropBoxEntryAddedReceiver
10-14 02:42:49.414  2953  2969 W BroadcastQueue: Background execution not allowed: receiving Intent { act=android.intent.action.DROPBOX_ENTRY_ADDED flg=0x10 (has extras) } to com.google.android.gms/.chimera.GmsIntentOperationService$PersistentTrustedReceiver
10-14 02:42:49.417  2953  2969 W BroadcastQueue: Background execution not allowed: receiving Intent { act=android.intent.action.DROPBOX_ENTRY_ADDED flg=0x10 (has extras) } to com.google.android.gms/.stats.service.DropBoxEntryAddedReceiver
10-14 02:42:49.418  2953  2969 W BroadcastQueue: Background execution not allowed: receiving Intent { act=android.intent.action.DROPBOX_ENTRY_ADDED flg=0x10 (has extras) } to com.google.android.gms/.chimera.GmsIntentOperationService$PersistentTrustedReceiver
10-14 02:42:49.423  2953  2969 W BroadcastQueue: Background execution not allowed: receiving Intent { act=android.intent.action.DROPBOX_ENTRY_ADDED flg=0x10 (has extras) } to com.google.android.gms/.stats.service.DropBoxEntryAddedReceiver
10-14 02:42:49.423  2953  2969 W BroadcastQueue: Background execution not allowed: receiving Intent { act=android.intent.action.DROPBOX_ENTRY_ADDED flg=0x10 (has extras) } to com.google.android.gms/.chimera.GmsIntentOperationService$PersistentTrustedReceiver
10-14 02:42:50.949 26290 26290 W ViewRootImpl[MainActivity]: Cancelling event due to no window focus: MotionEvent { action=ACTION_CANCEL, actionButton=0, id[0]=0, x[0]=915.0126, y[0]=158.48126, toolType[0]=TOOL_TYPE_MOUSE, buttonState=0, metaState=0, flags=0x0, edgeFlags=0x0, pointerCount=1, historySize=0, eventTime=9022815, downTime=9020979, deviceId=4, source=0x2002 }
--------- beginning of main
10-14 02:42:53.103  2746  2746 W AshmemAllocator: ashmem_create_region(1048576) returning hidl_memory(0xf1298180, 1048576)
10-14 02:42:53.104  2746  2746 W AshmemAllocator: ashmem_create_region(1048576) returning hidl_memory(0xf1298180, 1048576)
10-14 02:42:53.105  2746  2746 W AshmemAllocator: ashmem_create_region(1048576) returning hidl_memory(0xf1298180, 1048576)
10-14 02:42:53.110  2768  2849 W         : buffer descriptor with invalid usage bits 0x2000
10-14 02:42:53.111  2756  2903 I [Gralloc]: framebuffer hal alread move to hwcomposer
10-14 02:42:53.119  2768  3557 W         : buffer descriptor with invalid usage bits 0x2000
10-14 02:42:53.119  2756  2903 I [Gralloc]: framebuffer hal alread move to hwcomposer
10-14 02:42:53.124  2768  2950 W         : buffer descriptor with invalid usage bits 0x2000
10-14 02:42:53.124  2756  2903 I [Gralloc]: framebuffer hal alread move to hwcomposer
10-14 02:42:53.132  2768  2849 W         : buffer descriptor with invalid usage bits 0x2000
10-14 02:42:53.133  2756  2903 I [Gralloc]: framebuffer hal alread move to hwcomposer
10-14 02:42:53.137  2768  2849 W         : buffer descriptor with invalid usage bits 0x2000
10-14 02:42:53.137  2756  2903 I [Gralloc]: framebuffer hal alread move to hwcomposer
10-14 02:42:53.140  2768  2849 W         : buffer descriptor with invalid usage bits 0x2000
10-14 02:42:53.140  2756  2903 I [Gralloc]: framebuffer hal alread move to hwcomposer
10-14 02:42:53.143  2768  3557 W         : buffer descriptor with invalid usage bits 0x2000
10-14 02:42:53.144  2756  2903 I [Gralloc]: framebuffer hal alread move to hwcomposer
10-14 02:42:53.148  2768  2950 W         : buffer descriptor with invalid usage bits 0x2000
10-14 02:42:53.148  2756  2903 I [Gralloc]: framebuffer hal alread move to hwcomposer
10-14 02:42:53.173  2789 29516 I chatty  : uid=1046(mediacodec) omx@1.0-service expire 7 lines
10-14 02:42:53.211  2789 29515 I chatty  : uid=1046(mediacodec) omx@1.0-service expire 2 lines
10-14 02:42:53.247 26290 29453 I chatty  : uid=10082(com.frograms.wplay) expire 1 line
10-14 02:42:53.443  3483 24587 I chatty  : uid=10064(com.google.android.gms) lowpool[29] expire 1 line
10-14 02:42:53.509  3483 11033 I chatty  : uid=10064(com.google.android.gms) lowpool[20] expire 2 lines
10-14 02:42:53.533  2747  7191 I chatty  : uid=1041(audioserver) writer expire 67 lines
10-14 02:42:53.887  2747  7191 W audio-subMixingFactory: out_get_presentation_position_port(), pts not valid yet
10-14 02:42:53.898  2747  7191 W amlaudioMixer: mixer_get_presentation_position(), port not ready now
10-14 02:42:53.898  2747  7191 W audio-subMixingFactory: out_get_presentation_position_port(), pts not valid yet
10-14 02:42:53.909  2747  7191 W amlaudioMixer: mixer_get_presentation_position(), port not ready now
10-14 02:42:53.909  2747  7191 W audio-subMixingFactory: out_get_presentation_position_port(), pts not valid yet
10-14 02:42:53.919  2747  7191 W amlaudioMixer: mixer_get_presentation_position(), port not ready now
10-14 02:42:53.920  2747  7191 W audio-subMixingFactory: out_get_presentation_position_port(), pts not valid yet
10-14 02:42:53.930  2747  7191 W amlaudioMixer: mixer_get_presentation_position(), port not ready now
10-14 02:42:53.930  2747  7191 W audio-subMixingFactory: out_get_presentation_position_port(), pts not valid yet
10-14 02:42:53.941  2747  7191 W amlaudioMixer: mixer_get_presentation_position(), port not ready now
10-14 02:42:53.941  2747  7191 W audio-subMixingFactory: out_get_presentation_position_port(), pts not valid yet
10-14 02:42:53.952  2747  7191 W amlaudioMixer: mixer_get_presentation_position(), port not ready now
10-14 02:42:53.952  2747  7191 W audio-subMixingFactory: out_get_presentation_position_port(), pts not valid yet
10-14 02:42:53.962  2747  7191 W amlaudioMixer: mixer_get_presentation_position(), port not ready now
10-14 02:42:53.962  2747  7191 W audio-subMixingFactory: out_get_presentation_position_port(), pts not valid yet
10-14 02:42:53.973  2747  7191 W amlaudioMixer: mixer_get_presentation_position(), port not ready now
10-14 02:42:53.973  2747  7191 W audio-subMixingFactory: out_get_presentation_position_port(), pts not valid yet
10-14 02:42:53.984  2747  7191 W amlaudioMixer: mixer_get_presentation_position(), port not ready now
10-14 02:42:53.984  2747  7191 W audio-subMixingFactory: out_get_presentation_position_port(), pts not valid yet
10-14 02:42:53.994  2747  7191 W amlaudioMixer: mixer_get_presentation_position(), port not ready now
10-14 02:42:53.995  2747  7191 W audio-subMixingFactory: out_get_presentation_position_port(), pts not valid yet
10-14 02:42:54.005  2747  7191 W amlaudioMixer: mixer_get_presentation_position(), port not ready now
10-14 02:42:54.005  2747  7191 W audio-subMixingFactory: out_get_presentation_position_port(), pts not valid yet
10-14 02:42:54.016  2747  7191 W amlaudioMixer: mixer_get_presentation_position(), port not ready now
10-14 02:42:54.016  2747  7191 W audio-subMixingFactory: out_get_presentation_position_port(), pts not valid yet
10-14 02:42:54.027  2747  7191 W amlaudioMixer: mixer_get_presentation_position(), port not ready now
10-14 02:42:54.027  2747  7191 W audio-subMixingFactory: out_get_presentation_position_port(), pts not valid yet
10-14 02:42:54.037  2747  7191 W amlaudioMixer: mixer_get_presentation_position(), port not ready now
10-14 02:42:54.037  2747  7191 W audio-subMixingFactory: out_get_presentation_position_port(), pts not valid yet
10-14 02:42:54.048  2747  7191 W amlaudioMixer: mixer_get_presentation_position(), port not ready now
10-14 02:42:54.048  2747  7191 W audio-subMixingFactory: out_get_presentation_position_port(), pts not valid yet
10-14 02:42:54.059  2747  7191 W amlaudioMixer: mixer_get_presentation_position(), port not ready now
10-14 02:42:54.059  2747  7191 W audio-subMixingFactory: out_get_presentation_position_port(), pts not valid yet
10-14 02:42:54.069  2747  7191 W amlaudioMixer: mixer_get_presentation_position(), port not ready now
10-14 02:42:54.069  2747  7191 W audio-subMixingFactory: out_get_presentation_position_port(), pts not valid yet
10-14 02:42:54.080  2747  7191 W amlaudioMixer: mixer_get_presentation_position(), port not ready now
10-14 02:42:54.080  2747  7191 W audio-subMixingFactory: out_get_presentation_position_port(), pts not valid yet
10-14 02:42:54.091  2747  7191 W amlaudioMixer: mixer_get_presentation_position(), port not ready now
10-14 02:42:54.091  2747  7191 W audio-subMixingFactory: out_get_presentation_position_port(), pts not valid yet
10-14 02:42:54.102  2747  7191 W amlaudioMixer: mixer_get_presentation_position(), port not ready now
10-14 02:42:54.102  2747  7191 W audio-subMixingFactory: out_get_presentation_position_port(), pts not valid yet
10-14 02:42:54.112  2747  7191 W amlaudioMixer: mixer_get_presentation_position(), port not ready now
10-14 02:42:54.112  2747  7191 W audio-subMixingFactory: out_get_presentation_position_port(), pts not valid yet
10-14 02:42:54.123  2747  7191 W amlaudioMixer: mixer_get_presentation_position(), port not ready now
10-14 02:42:54.123  2747  7191 W audio-subMixingFactory: out_get_presentation_position_port(), pts not valid yet
10-14 02:42:54.134  2747  7191 W amlaudioMixer: mixer_get_presentation_position(), port not ready now
10-14 02:42:54.134  2747  7191 W audio-subMixingFactory: out_get_presentation_position_port(), pts not valid yet
10-14 02:42:54.145  2747  7191 W amlaudioMixer: mixer_get_presentation_position(), port not ready now
10-14 02:42:54.145  2747  7191 W audio-subMixingFactory: out_get_presentation_position_port(), pts not valid yet
10-14 02:42:54.156  2747  7191 W amlaudioMixer: mixer_get_presentation_position(), port not ready now
10-14 02:42:54.156  2747  7191 W audio-subMixingFactory: out_get_presentation_position_port(), pts not valid yet
10-14 02:42:54.166  2747  7191 W amlaudioMixer: mixer_get_presentation_position(), port not ready now
10-14 02:42:54.167  2747  7191 W audio-subMixingFactory: out_get_presentation_position_port(), pts not valid yet
10-14 02:42:54.177  2747  7191 W amlaudioMixer: mixer_get_presentation_position(), port not ready now
10-14 02:42:54.177  2747  7191 W audio-subMixingFactory: out_get_presentation_position_port(), pts not valid yet
10-14 02:42:54.188  2747  7191 W amlaudioMixer: mixer_get_presentation_position(), port not ready now
10-14 02:42:54.188  2747  7191 W audio-subMixingFactory: out_get_presentation_position_port(), pts not valid yet
10-14 02:42:54.199  2747  7191 W amlaudioMixer: mixer_get_presentation_position(), port not ready now
10-14 02:42:54.199  2747  7191 W audio-subMixingFactory: out_get_presentation_position_port(), pts not valid yet
10-14 02:42:54.210  2747  7191 W amlaudioMixer: mixer_get_presentation_position(), port not ready now
10-14 02:42:54.210  2747  7191 W audio-subMixingFactory: out_get_presentation_position_port(), pts not valid yet
10-14 02:42:54.220  2747  7191 W amlaudioMixer: mixer_get_presentation_position(), port not ready now
10-14 02:42:54.220  2747  7191 W audio-subMixingFactory: out_get_presentation_position_port(), pts not valid yet
10-14 02:42:54.231  2747  7191 W amlaudioMixer: mixer_get_presentation_position(), port not ready now
10-14 02:42:54.231  2747  7191 W audio-subMixingFactory: out_get_presentation_position_port(), pts not valid yet
10-14 02:42:54.242  2747  7191 W amlaudioMixer: mixer_get_presentation_position(), port not ready now
10-14 02:42:54.242  2747  7191 W audio-subMixingFactory: out_get_presentation_position_port(), pts not valid yet
10-14 02:42:54.252  2747  7191 W amlaudioMixer: mixer_get_presentation_position(), port not ready now
10-14 02:42:54.253  2747  7191 W audio-subMixingFactory: out_get_presentation_position_port(), pts not valid yet
10-14 02:42:54.263  2747  7191 W amlaudioMixer: mixer_get_presentation_position(), port not ready now
10-14 02:42:54.263  2747  7191 W audio-subMixingFactory: out_get_presentation_position_port(), pts not valid yet
10-14 02:42:54.274  2747  7191 W amlaudioMixer: mixer_get_presentation_position(), port not ready now
10-14 02:42:54.274  2747  7191 W audio-subMixingFactory: out_get_presentation_position_port(), pts not valid yet
10-14 02:42:54.285  2747  7191 W amlaudioMixer: mixer_get_presentation_position(), port not ready now
10-14 02:42:54.285  2747  7191 W audio-subMixingFactory: out_get_presentation_position_port(), pts not valid yet
10-14 02:42:54.296  2747  7191 W amlaudioMixer: mixer_get_presentation_position(), port not ready now
10-14 02:42:54.296  2747  7191 W audio-subMixingFactory: out_get_presentation_position_port(), pts not valid yet
10-14 02:42:54.306  2747  7191 W amlaudioMixer: mixer_get_presentation_position(), port not ready now
10-14 02:42:54.306  2747  7191 W audio-subMixingFactory: out_get_presentation_position_port(), pts not valid yet
10-14 02:42:54.317  2747  7191 W amlaudioMixer: mixer_get_presentation_position(), port not ready now
10-14 02:42:54.317  2747  7191 W audio-subMixingFactory: out_get_presentation_position_port(), pts not valid yet
10-14 02:42:54.328  2747  7191 W amlaudioMixer: mixer_get_presentation_position(), port not ready now
10-14 02:42:54.328  2747  7191 W audio-subMixingFactory: out_get_presentation_position_port(), pts not valid yet
10-14 02:42:54.339  2747  7191 W amlaudioMixer: mixer_get_presentation_position(), port not ready now
10-14 02:42:54.339  2747  7191 W audio-subMixingFactory: out_get_presentation_position_port(), pts not valid yet
10-14 02:42:54.349  2747  7191 W amlaudioMixer: mixer_get_presentation_position(), port not ready now
10-14 02:42:54.349  2747  7191 W audio-subMixingFactory: out_get_presentation_position_port(), pts not valid yet
10-14 02:42:54.360  2747  7191 W amlaudioMixer: mixer_get_presentation_position(), port not ready now
10-14 02:42:54.360  2747  7191 W audio-subMixingFactory: out_get_presentation_position_port(), pts not valid yet
10-14 02:42:54.371  2747  7191 W amlaudioMixer: mixer_get_presentation_position(), port not ready now
10-14 02:42:54.371  2747  7191 W audio-subMixingFactory: out_get_presentation_position_port(), pts not valid yet
10-14 02:42:54.381  2747  7191 W amlaudioMixer: mixer_get_presentation_position(), port not ready now
10-14 02:42:54.381  2747  7191 W audio-subMixingFactory: out_get_presentation_position_port(), pts not valid yet
10-14 02:42:54.392  2747  7191 W amlaudioMixer: mixer_get_presentation_position(), port not ready now
10-14 02:42:54.392  2747  7191 W audio-subMixingFactory: out_get_presentation_position_port(), pts not valid yet
10-14 02:42:54.403  2747  7191 W amlaudioMixer: mixer_get_presentation_position(), port not ready now
10-14 02:42:54.403  2747  7191 W audio-subMixingFactory: out_get_presentation_position_port(), pts not valid yet
10-14 02:42:54.414  2747  7191 W amlaudioMixer: mixer_get_presentation_position(), port not ready now
10-14 02:42:54.414  2747  7191 W audio-subMixingFactory: out_get_presentation_position_port(), pts not valid yet
10-14 02:42:54.425  2747  7191 W amlaudioMixer: mixer_get_presentation_position(), port not ready now
10-14 02:42:54.425  2747  7191 W audio-subMixingFactory: out_get_presentation_position_port(), pts not valid yet
10-14 02:42:54.436  2747  7191 W amlaudioMixer: mixer_get_presentation_position(), port not ready now
10-14 02:42:54.436  2747  7191 W audio-subMixingFactory: out_get_presentation_position_port(), pts not valid yet
10-14 02:42:54.446  2747  7191 W amlaudioMixer: mixer_get_presentation_position(), port not ready now
10-14 02:42:54.446  2747  7191 W audio-subMixingFactory: out_get_presentation_position_port(), pts not valid yet
10-14 02:42:54.457  2747  7191 W amlaudioMixer: mixer_get_presentation_position(), port not ready now
10-14 02:42:54.457  2747  7191 W audio-subMixingFactory: out_get_presentation_position_port(), pts not valid yet
10-14 02:42:54.468  2747  7191 W amlaudioMixer: mixer_get_presentation_position(), port not ready now
10-14 02:42:54.468  2747  7191 W audio-subMixingFactory: out_get_presentation_position_port(), pts not valid yet
10-14 02:42:54.478  2747  7191 W amlaudioMixer: mixer_get_presentation_position(), port not ready now
10-14 02:42:54.478  2747  7191 W audio-subMixingFactory: out_get_presentation_position_port(), pts not valid yet
10-14 02:42:54.489  2747  7191 W amlaudioMixer: mixer_get_presentation_position(), port not ready now
10-14 02:42:54.489  2747  7191 W audio-subMixingFactory: out_get_presentation_position_port(), pts not valid yet
10-14 02:42:54.500  2747  7191 W amlaudioMixer: mixer_get_presentation_position(), port not ready now
10-14 02:42:54.500  2747  7191 W audio-subMixingFactory: out_get_presentation_position_port(), pts not valid yet
10-14 02:42:54.511  2747  7191 W amlaudioMixer: mixer_get_presentation_position(), port not ready now
10-14 02:42:54.511  2747  7191 W audio-subMixingFactory: out_get_presentation_position_port(), pts not valid yet
10-14 02:42:54.521  2747  7191 W amlaudioMixer: mixer_get_presentation_position(), port not ready now
10-14 02:42:54.521  2747  7191 W audio-subMixingFactory: out_get_presentation_position_port(), pts not valid yet
10-14 02:42:54.532  2747  7191 W amlaudioMixer: mixer_get_presentation_position(), port not ready now
10-14 02:42:54.532  2747  7191 W audio-subMixingFactory: out_get_presentation_position_port(), pts not valid yet
10-14 02:42:54.543  2747  7191 W amlaudioMixer: mixer_get_presentation_position(), port not ready now
10-14 02:42:54.543  2747  7191 W audio-subMixingFactory: out_get_presentation_position_port(), pts not valid yet
10-14 02:42:54.553  2747  7191 W amlaudioMixer: mixer_get_presentation_position(), port not ready now
10-14 02:42:54.553  2747  7191 W audio-subMixingFactory: out_get_presentation_position_port(), pts not valid yet
10-14 02:42:54.564  2747  7191 W amlaudioMixer: mixer_get_presentation_position(), port not ready now
10-14 02:42:54.564  2747  7191 W audio-subMixingFactory: out_get_presentation_position_port(), pts not valid yet
10-14 02:42:54.575  2747  7191 W amlaudioMixer: mixer_get_presentation_position(), port not ready now
10-14 02:42:54.575  2747  7191 W audio-subMixingFactory: out_get_presentation_position_port(), pts not valid yet
10-14 02:42:54.585  2747  7191 W amlaudioMixer: mixer_get_presentation_position(), port not ready now
10-14 02:42:54.586  2747  7191 W audio-subMixingFactory: out_get_presentation_position_port(), pts not valid yet
10-14 02:42:54.596  2747  7191 W amlaudioMixer: mixer_get_presentation_position(), port not ready now
10-14 02:42:54.596  2747  7191 W audio-subMixingFactory: out_get_presentation_position_port(), pts not valid yet
10-14 02:42:54.607  2747  7191 W amlaudioMixer: mixer_get_presentation_position(), port not ready now
10-14 02:42:54.607  2747  7191 W audio-subMixingFactory: out_get_presentation_position_port(), pts not valid yet
10-14 02:42:54.618  2747  7191 W amlaudioMixer: mixer_get_presentation_position(), port not ready now
10-14 02:42:54.618  2747  7191 W audio-subMixingFactory: out_get_presentation_position_port(), pts not valid yet
10-14 02:42:54.628  2747  7191 W amlaudioMixer: mixer_get_presentation_position(), port not ready now
10-14 02:42:54.628  2747  7191 W audio-subMixingFactory: out_get_presentation_position_port(), pts not valid yet
10-14 02:42:54.639  2747  7191 W amlaudioMixer: mixer_get_presentation_position(), port not ready now
10-14 02:42:54.639  2747  7191 W audio-subMixingFactory: out_get_presentation_position_port(), pts not valid yet
10-14 02:42:54.650  2747  7191 W amlaudioMixer: mixer_get_presentation_position(), port not ready now
10-14 02:42:54.650  2747  7191 W audio-subMixingFactory: out_get_presentation_position_port(), pts not valid yet
10-14 02:42:54.661  2747  7191 W amlaudioMixer: mixer_get_presentation_position(), port not ready now
10-14 02:42:54.661  2747  7191 W audio-subMixingFactory: out_get_presentation_position_port(), pts not valid yet
10-14 02:42:54.671  2747  7191 W amlaudioMixer: mixer_get_presentation_position(), port not ready now
10-14 02:42:54.672  2747  7191 W audio-subMixingFactory: out_get_presentation_position_port(), pts not valid yet
10-14 02:42:54.682  2747  7191 W amlaudioMixer: mixer_get_presentation_position(), port not ready now
10-14 02:42:54.682  2747  7191 W audio-subMixingFactory: out_get_presentation_position_port(), pts not valid yet
10-14 02:42:54.693  2747  7191 W amlaudioMixer: mixer_get_presentation_position(), port not ready now
10-14 02:42:54.693  2747  7191 W audio-subMixingFactory: out_get_presentation_position_port(), pts not valid yet
10-14 02:42:54.704  2747  7191 W amlaudioMixer: mixer_get_presentation_position(), port not ready now
10-14 02:42:54.704  2747  7191 W audio-subMixingFactory: out_get_presentation_position_port(), pts not valid yet
10-14 02:42:54.714  2747  7191 W amlaudioMixer: mixer_get_presentation_position(), port not ready now
10-14 02:42:54.714  2747  7191 W audio-subMixingFactory: out_get_presentation_position_port(), pts not valid yet
10-14 02:42:54.725  2747  7191 W amlaudioMixer: mixer_get_presentation_position(), port not ready now
10-14 02:42:54.725  2747  7191 W audio-subMixingFactory: out_get_presentation_position_port(), pts not valid yet
10-14 02:42:54.736  2747  7191 W amlaudioMixer: mixer_get_presentation_position(), port not ready now
10-14 02:42:54.736  2747  7191 W audio-subMixingFactory: out_get_presentation_position_port(), pts not valid yet
10-14 02:42:54.746  2747  7191 W amlaudioMixer: mixer_get_presentation_position(), port not ready now
10-14 02:42:54.746  2747  7191 W audio-subMixingFactory: out_get_presentation_position_port(), pts not valid yet
10-14 02:42:54.757  2747  7191 W amlaudioMixer: mixer_get_presentation_position(), port not ready now
10-14 02:42:54.757  2747  7191 W audio-subMixingFactory: out_get_presentation_position_port(), pts not valid yet
10-14 02:42:54.768  2747  7191 W amlaudioMixer: mixer_get_presentation_position(), port not ready now
10-14 02:42:54.768  2747  7191 W audio-subMixingFactory: out_get_presentation_position_port(), pts not valid yet
10-14 02:42:54.779  2747  7191 W amlaudioMixer: mixer_get_presentation_position(), port not ready now
10-14 02:42:54.779  2747  7191 W audio-subMixingFactory: out_get_presentation_position_port(), pts not valid yet
10-14 02:42:54.789  2747  7191 W amlaudioMixer: mixer_get_presentation_position(), port not ready now
10-14 02:42:54.789  2747  7191 W audio-subMixingFactory: out_get_presentation_position_port(), pts not valid yet
10-14 02:42:54.800  2747  7191 W amlaudioMixer: mixer_get_presentation_position(), port not ready now
10-14 02:42:54.800  2747  7191 W audio-subMixingFactory: out_get_presentation_position_port(), pts not valid yet
10-14 02:42:54.811  2747  7191 W amlaudioMixer: mixer_get_presentation_position(), port not ready now
10-14 02:42:54.811  2747  7191 W audio-subMixingFactory: out_get_presentation_position_port(), pts not valid yet
10-14 02:42:54.821  2747  7191 W amlaudioMixer: mixer_get_presentation_position(), port not ready now
10-14 02:42:54.821  2747  7191 W audio-subMixingFactory: out_get_presentation_position_port(), pts not valid yet
10-14 02:42:54.832  2747  7191 W amlaudioMixer: mixer_get_presentation_position(), port not ready now
10-14 02:42:54.832  2747  7191 W audio-subMixingFactory: out_get_presentation_position_port(), pts not valid yet
10-14 02:42:54.843  2747  7191 W amlaudioMixer: mixer_get_presentation_position(), port not ready now
10-14 02:42:54.843  2747  7191 W audio-subMixingFactory: out_get_presentation_position_port(), pts not valid yet
10-14 02:42:54.853  2747  7191 W amlaudioMixer: mixer_get_presentation_position(), port not ready now
10-14 02:42:54.854  2747  7191 W audio-subMixingFactory: out_get_presentation_position_port(), pts not valid yet
10-14 02:42:54.864  2747  7191 W amlaudioMixer: mixer_get_presentation_position(), port not ready now
10-14 02:42:54.864  2747  7191 W audio-subMixingFactory: out_get_presentation_position_port(), pts not valid yet
10-14 02:42:54.875  2747  7191 W amlaudioMixer: mixer_get_presentation_position(), port not ready now
10-14 02:42:54.875  2747  7191 W audio-subMixingFactory: out_get_presentation_position_port(), pts not valid yet
10-14 02:42:54.886  2747  7191 W amlaudioMixer: mixer_get_presentation_position(), port not ready now
10-14 02:42:54.886  2747  7191 W audio-subMixingFactory: out_get_presentation_position_port(), pts not valid yet
10-14 02:42:54.897  2747  7191 W amlaudioMixer: mixer_get_presentation_position(), port not ready now
10-14 02:42:54.897  2747  7191 W audio-subMixingFactory: out_get_presentation_position_port(), pts not valid yet
10-14 02:42:54.907  2747  7191 W amlaudioMixer: mixer_get_presentation_position(), port not ready now
10-14 02:42:54.907  2747  7191 W audio-subMixingFactory: out_get_presentation_position_port(), pts not valid yet
10-14 02:42:54.918  2747  7191 W amlaudioMixer: mixer_get_presentation_position(), port not ready now
10-14 02:42:54.918  2747  7191 W audio-subMixingFactory: out_get_presentation_position_port(), pts not valid yet
10-14 02:42:54.929  2747  7191 W amlaudioMixer: mixer_get_presentation_position(), port not ready now
10-14 02:42:54.929  2747  7191 W audio-subMixingFactory: out_get_presentation_position_port(), pts not valid yet
10-14 02:42:54.939  2747  7191 W amlaudioMixer: mixer_get_presentation_position(), port not ready now
10-14 02:42:54.939  2747  7191 W audio-subMixingFactory: out_get_presentation_position_port(), pts not valid yet
10-14 02:42:54.950  2747  7191 W amlaudioMixer: mixer_get_presentation_position(), port not ready now
10-14 02:42:54.950  2747  7191 W audio-subMixingFactory: out_get_presentation_position_port(), pts not valid yet
10-14 02:42:54.961  2747  7191 W amlaudioMixer: mixer_get_presentation_position(), port not ready now
10-14 02:42:54.961  2747  7191 W audio-subMixingFactory: out_get_presentation_position_port(), pts not valid yet
10-14 02:42:54.972  2747  7191 W amlaudioMixer: mixer_get_presentation_position(), port not ready now
10-14 02:42:54.972  2747  7191 W audio-subMixingFactory: out_get_presentation_position_port(), pts not valid yet
10-14 02:42:54.982  2747  7191 W amlaudioMixer: mixer_get_presentation_position(), port not ready now
10-14 02:42:54.982  2747  7191 W audio-subMixingFactory: out_get_presentation_position_port(), pts not valid yet
10-14 02:42:54.993  2747  7191 W amlaudioMixer: mixer_get_presentation_position(), port not ready now
10-14 02:42:54.993  2747  7191 W audio-subMixingFactory: out_get_presentation_position_port(), pts not valid yet
10-14 02:42:55.004  2747  7191 W amlaudioMixer: mixer_get_presentation_position(), port not ready now
10-14 02:42:55.004  2747  7191 W audio-subMixingFactory: out_get_presentation_position_port(), pts not valid yet
10-14 02:42:55.014  2747  7191 W amlaudioMixer: mixer_get_presentation_position(), port not ready now
10-14 02:42:55.015  2747  7191 W audio-subMixingFactory: out_get_presentation_position_port(), pts not valid yet
10-14 02:42:55.025  2747  7191 W amlaudioMixer: mixer_get_presentation_position(), port not ready now
10-14 02:42:55.025  2747  7191 W audio-subMixingFactory: out_get_presentation_position_port(), pts not valid yet
10-14 02:42:55.036  2747  7191 W amlaudioMixer: mixer_get_presentation_position(), port not ready now
10-14 02:42:55.036  2747  7191 W audio-subMixingFactory: out_get_presentation_position_port(), pts not valid yet
10-14 02:42:55.047  2747  7191 W amlaudioMixer: mixer_get_presentation_position(), port not ready now
10-14 02:42:55.047  2747  7191 W audio-subMixingFactory: out_get_presentation_position_port(), pts not valid yet
10-14 02:42:55.057  2747  7191 W amlaudioMixer: mixer_get_presentation_position(), port not ready now
10-14 02:42:55.057  2747  7191 W audio-subMixingFactory: out_get_presentation_position_port(), pts not valid yet
10-14 02:42:55.068  2747  7191 W amlaudioMixer: mixer_get_presentation_position(), port not ready now
10-14 02:42:55.068  2747  7191 W audio-subMixingFactory: out_get_presentation_position_port(), pts not valid yet
10-14 02:42:55.079  2747  7191 W amlaudioMixer: mixer_get_presentation_position(), port not ready now
10-14 02:42:55.079  2747  7191 W audio-subMixingFactory: out_get_presentation_position_port(), pts not valid yet
10-14 02:42:55.089  2747  7191 W amlaudioMixer: mixer_get_presentation_position(), port not ready now
10-14 02:42:55.089  2747  7191 W audio-subMixingFactory: out_get_presentation_position_port(), pts not valid yet
10-14 02:42:55.100  2747  7191 W amlaudioMixer: mixer_get_presentation_position(), port not ready now
10-14 02:42:55.100  2747  7191 W audio-subMixingFactory: out_get_presentation_position_port(), pts not valid yet
10-14 02:42:55.111  2747  7191 W amlaudioMixer: mixer_get_presentation_position(), port not ready now
10-14 02:42:55.111  2747  7191 W audio-subMixingFactory: out_get_presentation_position_port(), pts not valid yet
10-14 02:42:55.122  2747  7191 W amlaudioMixer: mixer_get_presentation_position(), port not ready now
10-14 02:42:55.122  2747  7191 W audio-subMixingFactory: out_get_presentation_position_port(), pts not valid yet
10-14 02:42:55.133  2747  7191 W amlaudioMixer: mixer_get_presentation_position(), port not ready now
10-14 02:42:55.133  2747  7191 W audio-subMixingFactory: out_get_presentation_position_port(), pts not valid yet
10-14 02:42:55.144  2747  7191 W amlaudioMixer: mixer_get_presentation_position(), port not ready now
10-14 02:42:55.144  2747  7191 W audio-subMixingFactory: out_get_presentation_position_port(), pts not valid yet
10-14 02:42:55.154  2747  7191 W amlaudioMixer: mixer_get_presentation_position(), port not ready now
10-14 02:42:55.154  2747  7191 W audio-subMixingFactory: out_get_presentation_position_port(), pts not valid yet
10-14 02:42:55.165  2747  7191 W amlaudioMixer: mixer_get_presentation_position(), port not ready now
10-14 02:42:55.165  2747  7191 W audio-subMixingFactory: out_get_presentation_position_port(), pts not valid yet
10-14 02:42:55.176  2747  7191 W amlaudioMixer: mixer_get_presentation_position(), port not ready now
10-14 02:42:55.176  2747  7191 W audio-subMixingFactory: out_get_presentation_position_port(), pts not valid yet
10-14 02:42:55.187  2747  7191 W amlaudioMixer: mixer_get_presentation_position(), port not ready now
10-14 02:42:55.187  2747  7191 W audio-subMixingFactory: out_get_presentation_position_port(), pts not valid yet
10-14 02:42:55.197  2747  7191 W amlaudioMixer: mixer_get_presentation_position(), port not ready now
10-14 02:42:55.197  2747  7191 W audio-subMixingFactory: out_get_presentation_position_port(), pts not valid yet
10-14 02:42:55.208  2747  7191 W amlaudioMixer: mixer_get_presentation_position(), port not ready now
10-14 02:42:55.208  2747  7191 W audio-subMixingFactory: out_get_presentation_position_port(), pts not valid yet
10-14 02:42:55.219  2747  7191 W amlaudioMixer: mixer_get_presentation_position(), port not ready now
10-14 02:42:55.219  2747  7191 W audio-subMixingFactory: out_get_presentation_position_port(), pts not valid yet
10-14 02:42:55.229  2747  7191 W amlaudioMixer: mixer_get_presentation_position(), port not ready now
10-14 02:42:55.229  2747  7191 W audio-subMixingFactory: out_get_presentation_position_port(), pts not valid yet
10-14 02:42:55.241  2747  7191 W amlaudioMixer: mixer_get_presentation_position(), port not ready now
10-14 02:42:55.241  2747  7191 W audio-subMixingFactory: out_get_presentation_position_port(), pts not valid yet
10-14 02:42:55.251  2747  7191 W amlaudioMixer: mixer_get_presentation_position(), port not ready now
10-14 02:42:55.251  2747  7191 W audio-subMixingFactory: out_get_presentation_position_port(), pts not valid yet
10-14 02:42:55.262  2747  7191 W amlaudioMixer: mixer_get_presentation_position(), port not ready now
10-14 02:42:55.262  2747  7191 W audio-subMixingFactory: out_get_presentation_position_port(), pts not valid yet
10-14 02:42:55.273  2747  7191 W amlaudioMixer: mixer_get_presentation_position(), port not ready now
10-14 02:42:55.273  2747  7191 W audio-subMixingFactory: out_get_presentation_position_port(), pts not valid yet
10-14 02:42:55.283  2747  7191 W amlaudioMixer: mixer_get_presentation_position(), port not ready now
10-14 02:42:55.283  2747  7191 W audio-subMixingFactory: out_get_presentation_position_port(), pts not valid yet
10-14 02:42:55.294  2747  7191 W amlaudioMixer: mixer_get_presentation_position(), port not ready now
10-14 02:42:55.294  2747  7191 W audio-subMixingFactory: out_get_presentation_position_port(), pts not valid yet
10-14 02:42:55.305  2747  7191 W amlaudioMixer: mixer_get_presentation_position(), port not ready now
10-14 02:42:55.305  2747  7191 W audio-subMixingFactory: out_get_presentation_position_port(), pts not valid yet
10-14 02:42:55.315  2747  7191 W amlaudioMixer: mixer_get_presentation_position(), port not ready now
10-14 02:42:55.316  2747  7191 W audio-subMixingFactory: out_get_presentation_position_port(), pts not valid yet
10-14 02:42:55.326  2747  7191 W amlaudioMixer: mixer_get_presentation_position(), port not ready now
10-14 02:42:55.326  2747  7191 W audio-subMixingFactory: out_get_presentation_position_port(), pts not valid yet
10-14 02:42:55.337  2747  7191 W amlaudioMixer: mixer_get_presentation_position(), port not ready now
10-14 02:42:55.337  2747  7191 W audio-subMixingFactory: out_get_presentation_position_port(), pts not valid yet
10-14 02:42:55.348  2747  7191 W amlaudioMixer: mixer_get_presentation_position(), port not ready now
10-14 02:42:55.348  2747  7191 W audio-subMixingFactory: out_get_presentation_position_port(), pts not valid yet
10-14 02:42:55.359  2747  7191 W amlaudioMixer: mixer_get_presentation_position(), port not ready now
10-14 02:42:55.359  2747  7191 W audio-subMixingFactory: out_get_presentation_position_port(), pts not valid yet
10-14 02:42:55.369  2747  7191 W amlaudioMixer: mixer_get_presentation_position(), port not ready now
10-14 02:42:55.370  2747  7191 W audio-subMixingFactory: out_get_presentation_position_port(), pts not valid yet
10-14 02:42:55.380  2747  7191 W amlaudioMixer: mixer_get_presentation_position(), port not ready now
10-14 02:42:55.380  2747  7191 W audio-subMixingFactory: out_get_presentation_position_port(), pts not valid yet
10-14 02:42:55.391  2747  7191 W amlaudioMixer: mixer_get_presentation_position(), port not ready now
10-14 02:42:55.391  2747  7191 W audio-subMixingFactory: out_get_presentation_position_port(), pts not valid yet
10-14 02:42:55.402  2747  7191 W amlaudioMixer: mixer_get_presentation_position(), port not ready now
10-14 02:42:55.402  2747  7191 W audio-subMixingFactory: out_get_presentation_position_port(), pts not valid yet
10-14 02:42:55.412  2747  7191 W amlaudioMixer: mixer_get_presentation_position(), port not ready now
10-14 02:42:55.412  2747  7191 W audio-subMixingFactory: out_get_presentation_position_port(), pts not valid yet
10-14 02:42:55.423  2747  7191 W amlaudioMixer: mixer_get_presentation_position(), port not ready now
10-14 02:42:55.423  2747  7191 W audio-subMixingFactory: out_get_presentation_position_port(), pts not valid yet
10-14 02:42:55.434  2747  7191 W amlaudioMixer: mixer_get_presentation_position(), port not ready now
10-14 02:42:55.434  2747  7191 W audio-subMixingFactory: out_get_presentation_position_port(), pts not valid yet
10-14 02:42:55.444  2747  7191 W amlaudioMixer: mixer_get_presentation_position(), port not ready now
10-14 02:42:55.445  2747  7191 W audio-subMixingFactory: out_get_presentation_position_port(), pts not valid yet
10-14 02:42:55.455  2747  7191 W amlaudioMixer: mixer_get_presentation_position(), port not ready now
10-14 02:42:55.455  2747  7191 W audio-subMixingFactory: out_get_presentation_position_port(), pts not valid yet
10-14 02:42:55.466  2747  7191 W amlaudioMixer: mixer_get_presentation_position(), port not ready now
10-14 02:42:55.466  2747  7191 W audio-subMixingFactory: out_get_presentation_position_port(), pts not valid yet
10-14 02:42:55.477  2747  7191 W amlaudioMixer: mixer_get_presentation_position(), port not ready now
10-14 02:42:55.477  2747  7191 W audio-subMixingFactory: out_get_presentation_position_port(), pts not valid yet
10-14 02:42:55.487  2747  7191 W amlaudioMixer: mixer_get_presentation_position(), port not ready now
10-14 02:42:55.487  2747  7191 W audio-subMixingFactory: out_get_presentation_position_port(), pts not valid yet
10-14 02:42:55.498  2747  7191 W amlaudioMixer: mixer_get_presentation_position(), port not ready now
10-14 02:42:55.498  2747  7191 W audio-subMixingFactory: out_get_presentation_position_port(), pts not valid yet
10-14 02:42:55.509  2747  7191 W amlaudioMixer: mixer_get_presentation_position(), port not ready now
10-14 02:42:55.509  2747  7191 W audio-subMixingFactory: out_get_presentation_position_port(), pts not valid yet
10-14 02:42:55.519  2747  7191 W amlaudioMixer: mixer_get_presentation_position(), port not ready now
10-14 02:42:55.519  2747  7191 W audio-subMixingFactory: out_get_presentation_position_port(), pts not valid yet
10-14 02:42:55.530  2747  7191 W amlaudioMixer: mixer_get_presentation_position(), port not ready now
10-14 02:42:55.530  2747  7191 W audio-subMixingFactory: out_get_presentation_position_port(), pts not valid yet
10-14 02:42:55.541  2747  7191 W amlaudioMixer: mixer_get_presentation_position(), port not ready now
10-14 02:42:55.541  2747  7191 W audio-subMixingFactory: out_get_presentation_position_port(), pts not valid yet
10-14 02:42:55.552  2747  7191 W amlaudioMixer: mixer_get_presentation_position(), port not ready now
10-14 02:42:55.552  2747  7191 W audio-subMixingFactory: out_get_presentation_position_port(), pts not valid yet
10-14 02:42:55.562  2747  7191 W amlaudioMixer: mixer_get_presentation_position(), port not ready now
10-14 02:42:55.563  2747  7191 W audio-subMixingFactory: out_get_presentation_position_port(), pts not valid yet
10-14 02:42:55.574  2747  7191 W amlaudioMixer: mixer_get_presentation_position(), port not ready now
10-14 02:42:55.574  2747  7191 W audio-subMixingFactory: out_get_presentation_position_port(), pts not valid yet
10-14 02:42:55.585  2747  7191 W amlaudioMixer: mixer_get_presentation_position(), port not ready now
10-14 02:42:55.585  2747  7191 W audio-subMixingFactory: out_get_presentation_position_port(), pts not valid yet
10-14 02:42:55.595  2747  7191 W amlaudioMixer: mixer_get_presentation_position(), port not ready now
10-14 02:42:55.595  2747  7191 W audio-subMixingFactory: out_get_presentation_position_port(), pts not valid yet
10-14 02:42:55.606  2747  7191 W amlaudioMixer: mixer_get_presentation_position(), port not ready now
10-14 02:42:55.606  2747  7191 W audio-subMixingFactory: out_get_presentation_position_port(), pts not valid yet
10-14 02:42:55.617  2747  7191 W amlaudioMixer: mixer_get_presentation_position(), port not ready now
10-14 02:42:55.617  2747  7191 W audio-subMixingFactory: out_get_presentation_position_port(), pts not valid yet
10-14 02:42:55.627  2747  7191 W amlaudioMixer: mixer_get_presentation_position(), port not ready now
10-14 02:42:55.627  2747  7191 W audio-subMixingFactory: out_get_presentation_position_port(), pts not valid yet
10-14 02:42:55.638  2747  7191 W amlaudioMixer: mixer_get_presentation_position(), port not ready now
10-14 02:42:55.638  2747  7191 W audio-subMixingFactory: out_get_presentation_position_port(), pts not valid yet
10-14 02:42:55.649  2747  7191 W amlaudioMixer: mixer_get_presentation_position(), port not ready now
10-14 02:42:55.649  2747  7191 W audio-subMixingFactory: out_get_presentation_position_port(), pts not valid yet
10-14 02:42:55.660  2747  7191 W amlaudioMixer: mixer_get_presentation_position(), port not ready now
10-14 02:42:55.660  2747  7191 W audio-subMixingFactory: out_get_presentation_position_port(), pts not valid yet
10-14 02:42:55.670  2747  7191 W amlaudioMixer: mixer_get_presentation_position(), port not ready now
10-14 02:42:55.670  2747  7191 W audio-subMixingFactory: out_get_presentation_position_port(), pts not valid yet
10-14 02:42:55.681  2747  7191 W amlaudioMixer: mixer_get_presentation_position(), port not ready now
10-14 02:42:55.681  2747  7191 W audio-subMixingFactory: out_get_presentation_position_port(), pts not valid yet
10-14 02:42:55.692  2747  7191 W amlaudioMixer: mixer_get_presentation_position(), port not ready now
10-14 02:42:55.692  2747  7191 W audio-subMixingFactory: out_get_presentation_position_port(), pts not valid yet
10-14 02:42:55.702  2747  7191 W amlaudioMixer: mixer_get_presentation_position(), port not ready now
10-14 02:42:55.702  2747  7191 W audio-subMixingFactory: out_get_presentation_position_port(), pts not valid yet
10-14 02:42:55.713  2747  7191 W amlaudioMixer: mixer_get_presentation_position(), port not ready now
10-14 02:42:55.713  2747  7191 W audio-subMixingFactory: out_get_presentation_position_port(), pts not valid yet
10-14 02:42:55.724  2747  7191 W amlaudioMixer: mixer_get_presentation_position(), port not ready now
10-14 02:42:55.724  2747  7191 W audio-subMixingFactory: out_get_presentation_position_port(), pts not valid yet
10-14 02:42:55.735  2747  7191 W amlaudioMixer: mixer_get_presentation_position(), port not ready now
10-14 02:42:55.735  2747  7191 W audio-subMixingFactory: out_get_presentation_position_port(), pts not valid yet
10-14 02:42:55.745  2747  7191 W amlaudioMixer: mixer_get_presentation_position(), port not ready now
10-14 02:42:55.745  2747  7191 W audio-subMixingFactory: out_get_presentation_position_port(), pts not valid yet
10-14 02:42:55.756  2747  7191 W amlaudioMixer: mixer_get_presentation_position(), port not ready now
10-14 02:42:55.756  2747  7191 W audio-subMixingFactory: out_get_presentation_position_port(), pts not valid yet
10-14 02:42:55.767  2747  7191 W amlaudioMixer: mixer_get_presentation_position(), port not ready now
10-14 02:42:55.767  2747  7191 W audio-subMixingFactory: out_get_presentation_position_port(), pts not valid yet
10-14 02:42:55.777  2747  7191 W amlaudioMixer: mixer_get_presentation_position(), port not ready now
10-14 02:42:55.777  2747  7191 W audio-subMixingFactory: out_get_presentation_position_port(), pts not valid yet
10-14 02:42:55.788  2747  7191 W amlaudioMixer: mixer_get_presentation_position(), port not ready now
10-14 02:42:55.788  2747  7191 W audio-subMixingFactory: out_get_presentation_position_port(), pts not valid yet
10-14 02:42:55.799  2747  7191 W amlaudioMixer: mixer_get_presentation_position(), port not ready now
10-14 02:42:55.799  2747  7191 W audio-subMixingFactory: out_get_presentation_position_port(), pts not valid yet
10-14 02:42:55.809  2747  7191 W amlaudioMixer: mixer_get_presentation_position(), port not ready now
10-14 02:42:55.810  2747  7191 W audio-subMixingFactory: out_get_presentation_position_port(), pts not valid yet
10-14 02:42:55.820  2747  7191 W amlaudioMixer: mixer_get_presentation_position(), port not ready now
10-14 02:42:55.820  2747  7191 W audio-subMixingFactory: out_get_presentation_position_port(), pts not valid yet
10-14 02:42:55.831  2747  7191 W amlaudioMixer: mixer_get_presentation_position(), port not ready now
