10-14 02:42:55.831  2747  7191 W audio-subMixingFactory: out_get_presentation_position_port(), pts not valid yet
10-14 02:42:55.842  2747  7191 W amlaudioMixer: mixer_get_presentation_position(), port not ready now
10-14 02:42:55.842  2747  7191 W audio-subMixingFactory: out_get_presentation_position_port(), pts not valid yet
10-14 02:42:55.852  2747  7191 W amlaudioMixer: mixer_get_presentation_position(), port not ready now
10-14 02:42:55.852  2747  7191 W audio-subMixingFactory: out_get_presentation_position_port(), pts not valid yet
10-14 02:42:55.863  2747  7191 W amlaudioMixer: mixer_get_presentation_position(), port not ready now
10-14 02:42:55.863  2747  7191 W audio-subMixingFactory: out_get_presentation_position_port(), pts not valid yet
10-14 02:42:55.874  2747  7191 W amlaudioMixer: mixer_get_presentation_position(), port not ready now
10-14 02:42:55.874  2747  7191 W audio-subMixingFactory: out_get_presentation_position_port(), pts not valid yet
10-14 02:42:55.884  2747  7191 W amlaudioMixer: mixer_get_presentation_position(), port not ready now
10-14 02:42:55.885  2747  7191 W audio-subMixingFactory: out_get_presentation_position_port(), pts not valid yet
10-14 02:42:55.896  2747  7191 W amlaudioMixer: mixer_get_presentation_position(), port not ready now
10-14 02:42:55.896  2747  7191 W audio-subMixingFactory: out_get_presentation_position_port(), pts not valid yet
10-14 02:42:55.907  2747  7191 W amlaudioMixer: mixer_get_presentation_position(), port not ready now
10-14 02:42:55.907  2747  7191 W audio-subMixingFactory: out_get_presentation_position_port(), pts not valid yet
10-14 02:42:55.917  2747  7191 W amlaudioMixer: mixer_get_presentation_position(), port not ready now
10-14 02:42:55.917  2747  7191 W audio-subMixingFactory: out_get_presentation_position_port(), pts not valid yet
10-14 02:42:55.928  2747  7191 W amlaudioMixer: mixer_get_presentation_position(), port not ready now
10-14 02:42:55.928  2747  7191 W audio-subMixingFactory: out_get_presentation_position_port(), pts not valid yet
10-14 02:42:55.939  2747  7191 W amlaudioMixer: mixer_get_presentation_position(), port not ready now
10-14 02:42:55.939  2747  7191 W audio-subMixingFactory: out_get_presentation_position_port(), pts not valid yet
10-14 02:42:55.949  2747  7191 W amlaudioMixer: mixer_get_presentation_position(), port not ready now
10-14 02:42:55.950  2747  7191 W audio-subMixingFactory: out_get_presentation_position_port(), pts not valid yet
10-14 02:42:55.960  2747  7191 W amlaudioMixer: mixer_get_presentation_position(), port not ready now
10-14 02:42:55.960  2747  7191 W audio-subMixingFactory: out_get_presentation_position_port(), pts not valid yet
10-14 02:42:55.971  2747  7191 W amlaudioMixer: mixer_get_presentation_position(), port not ready now
10-14 02:42:55.971  2747  7191 W audio-subMixingFactory: out_get_presentation_position_port(), pts not valid yet
10-14 02:42:55.982  2747  7191 W amlaudioMixer: mixer_get_presentation_position(), port not ready now
10-14 02:42:55.982  2747  7191 W audio-subMixingFactory: out_get_presentation_position_port(), pts not valid yet
10-14 02:42:55.992  2747  7191 W amlaudioMixer: mixer_get_presentation_position(), port not ready now
10-14 02:42:55.992  2747  7191 W audio-subMixingFactory: out_get_presentation_position_port(), pts not valid yet
10-14 02:42:56.003  2747  7191 W amlaudioMixer: mixer_get_presentation_position(), port not ready now
10-14 02:42:56.003  2747  7191 W audio-subMixingFactory: out_get_presentation_position_port(), pts not valid yet
10-14 02:42:56.014  2747  7191 W amlaudioMixer: mixer_get_presentation_position(), port not ready now
10-14 02:42:56.014  2747  7191 W audio-subMixingFactory: out_get_presentation_position_port(), pts not valid yet
10-14 02:42:56.024  2747  7191 W amlaudioMixer: mixer_get_presentation_position(), port not ready now
10-14 02:42:56.025  2747  7191 W audio-subMixingFactory: out_get_presentation_position_port(), pts not valid yet
10-14 02:42:56.035  2747  7191 W amlaudioMixer: mixer_get_presentation_position(), port not ready now
10-14 02:42:56.035  2747  7191 W audio-subMixingFactory: out_get_presentation_position_port(), pts not valid yet
10-14 02:42:56.046  2747  7191 W amlaudioMixer: mixer_get_presentation_position(), port not ready now
10-14 02:42:56.046  2747  7191 W audio-subMixingFactory: out_get_presentation_position_port(), pts not valid yet
10-14 02:42:56.057  2747  7191 W amlaudioMixer: mixer_get_presentation_position(), port not ready now
10-14 02:42:56.057  2747  7191 W audio-subMixingFactory: out_get_presentation_position_port(), pts not valid yet
10-14 02:42:56.067  2747  7191 W amlaudioMixer: mixer_get_presentation_position(), port not ready now
10-14 02:42:56.067  2747  7191 W audio-subMixingFactory: out_get_presentation_position_port(), pts not valid yet
10-14 02:42:56.078  2747  7191 W amlaudioMixer: mixer_get_presentation_position(), port not ready now
10-14 02:42:56.078  2747  7191 W audio-subMixingFactory: out_get_presentation_position_port(), pts not valid yet
10-14 02:42:56.089  2747  7191 W amlaudioMixer: mixer_get_presentation_position(), port not ready now
10-14 02:42:56.089  2747  7191 W audio-subMixingFactory: out_get_presentation_position_port(), pts not valid yet
10-14 02:42:56.818 26290 26290 I chatty  : uid=10082(com.frograms.wplay) expire 13 lines
10-14 02:42:56.820  2747  7191 W amlaudioMixer: mixer_get_presentation_position(), port not ready now
10-14 02:42:56.820  2747  7191 W audio-subMixingFactory: out_get_presentation_position_port(), pts not valid yet
10-14 02:42:56.820  2747  7191 I audio-subMixingFactory: ++usecase_change_validate_l_sm: dev usecase masks = 0, out usecase_masks = 0, out usecase STREAM_PCM_NORMAL
10-14 02:42:56.821  2747  7191 I audio-subMixingFactory: ++++usecase_change_validate_l_sm(),continuous_audio_mode 0 dev usecase masks = 0, out usecase_masks = 0, out usecase STREAM_PCM_NORMAL
10-14 02:42:56.821  2747  7191 I audio-subMixingFactory: usecase_change_validate_l_sm(), mixer_aux_buffer_write_sm !
10-14 02:42:56.821  2747  7191 I audio-subMixingFactory: ----usecase_change_validate_l_sm(), continuous_audio_mode 0 dev usecase masks = 0x1, out usecase_masks = 0x1, out usecase STREAM_PCM_NORMAL
10-14 02:42:56.821  2747  7191 I aml_audio_port: get_input_port_index(), samplerate 48000
10-14 02:42:56.821  2747  7191 D aml_audio_port: new_input_port(), index:0, rbuf size:8192, direct_on:0
10-14 02:42:56.821  2747  7191 D aml_audio_port: new_input_port(), fmt 0x1, rate 48000
10-14 02:42:56.821  2747  7191 I amlaudioMixer: ++init_mixer_input_port port index 0, size 512 frames
10-14 02:42:56.821  2747  7191 I amlaudioMixer: init_mixer_input_port(), port->initial_frames: 62102528
10-14 02:42:56.821  2747  7191 I aml_audio_port: get_input_port_index(), samplerate 48000
10-14 02:42:56.821  2747  7191 I audio-subMixingFactory: mixer_aux_buffer_write_sm(), primary 0xee3ca000 port index = 0
10-14 02:42:56.821  2747  7191 I audio-subMixingFactory: padding_bytes 16384
10-14 02:42:56.821  2747  7191 I amlaudioMixer: port index 0 is active now
10-14 02:42:56.821  2747  7191 I audio-subMixingFactory: padding_bytes 14336
10-14 02:42:56.821  2747  7191 I audio-subMixingFactory: padding_bytes 12288
10-14 02:42:56.821  2747  7191 I audio-subMixingFactory: padding_bytes 10240
10-14 02:42:56.821  2747  7191 I audio-subMixingFactory: padding_bytes 8192
10-14 02:42:56.823  2747  7191 I audio-subMixingFactory: padding_bytes 6144
10-14 02:42:56.826  2953  6663 I MediaFocusControl: requestAudioFocus() from uid/pid 10082/26290 clientId=android.media.AudioManager@75c8509com.google.android.exoplayer2.audio.l$b@e3930e callingPack=com.frograms.wplay req=1 flags=0x0 sdk=28
10-14 02:42:56.826  2747  7191 I audio-subMixingFactory: padding_bytes 4096
10-14 02:42:56.826  2953  2953 D MediaSessionService: Media button session is changed to com.frograms.wplay/WatchaMediaPlayback (userId=0)
10-14 02:42:56.827  2747  7191 I audio-subMixingFactory: padding_bytes 2048
10-14 02:42:50.950 26290 26290 I chatty  : uid=10082(com.frograms.wplay) identical 2 lines
10-14 02:42:50.950 26290 26290 W ViewRootImpl[MainActivity]: Cancelling event due to no window focus: MotionEvent { action=ACTION_CANCEL, actionButton=0, id[0]=0, x[0]=915.0126, y[0]=158.48126, toolType[0]=TOOL_TYPE_MOUSE, buttonState=0, metaState=0, flags=0x0, edgeFlags=0x0, pointerCount=1, historySize=0, eventTime=9022815, downTime=9020979, deviceId=4, source=0x2002 }
10-14 02:42:56.827  2953  2953 V SettingsProvider: Notifying for 0: content://settings/secure/media_button_receiver
10-14 02:42:56.837  2747  7191 W amlaudioMixer: mixer_get_presentation_position(), not valid now
10-14 02:42:56.837  2747  7191 W audio-subMixingFactory: out_get_presentation_position_port(), pts not valid yet
10-14 02:42:56.848  2747  7191 W amlaudioMixer: mixer_get_presentation_position(), not valid now
10-14 02:42:56.848  2747  7191 W audio-subMixingFactory: out_get_presentation_position_port(), pts not valid yet
10-14 02:42:56.859  2766  2911 D AudioFlinger: mixer(0xeb583ac0) throttle end: throttle time(6)
10-14 02:42:56.963  2760  2760 I memtrack@1.0-se: type=1400 audit(0.0:2824): avc: denied { read } for name="mem_profile" dev="debugfs" ino=667816 scontext=u:r:hal_memtrack_default:s0 tcontext=u:object_r:debugfs:s0 tclass=file permissive=1
10-14 02:42:56.963  2760  2760 I memtrack@1.0-se: type=1400 audit(0.0:2825): avc: denied { open } for path="/sys/kernel/debug/mali0/ctx/26290_48/mem_profile" dev="debugfs" ino=667816 scontext=u:r:hal_memtrack_default:s0 tcontext=u:object_r:debugfs:s0 tclass=file permissive=1
10-14 02:42:56.963  2760  2760 I memtrack@1.0-se: type=1400 audit(0.0:2826): avc: denied { getattr } for path="/sys/kernel/debug/mali0/ctx/26290_48/mem_profile" dev="debugfs" ino=667816 scontext=u:r:hal_memtrack_default:s0 tcontext=u:object_r:debugfs:s0 tclass=file permissive=1
10-14 02:42:57.099  3483 13406 I chatty  : uid=10064(com.google.android.gms) lowpool[28] expire 2 lines
10-14 02:42:57.150  4078  4078 D skia    : --- Failed to create image decoder with message 'unimplemented'
10-14 02:42:57.159  4078  4078 I tutu.ABenchMark: type=1400 audit(0.0:2827): avc: denied { open } for path="/proc/stat" dev="proc" ino=4026531957 scontext=u:r:untrusted_app_27:s0:c512,c768 tcontext=u:object_r:proc_stat:s0 tclass=file permissive=1
10-14 02:42:57.159  4078  4078 I tutu.ABenchMark: type=1400 audit(0.0:2828): avc: denied { getattr } for path="/proc/stat" dev="proc" ino=4026531957 scontext=u:r:untrusted_app_27:s0:c512,c768 tcontext=u:object_r:proc_stat:s0 tclass=file permissive=1
10-14 02:42:57.177  4078  4078 D skia    : --- Failed to create image decoder with message 'unimplemented'
10-14 02:42:59.061 11266 11310 I Finsky  : [480] ngd.run(36): Stats for Executor: BlockingExecutor nih@90de174[Running, pool size = 0, active threads = 0, queued tasks = 0, completed tasks = 333]
10-14 02:42:59.062 11266 11310 I Finsky  : [480] ngd.run(36): Stats for Executor: LightweightExecutor nih@952869d[Running, pool size = 4, active threads = 0, queued tasks = 0, completed tasks = 497]
10-14 02:42:59.225 11266 11310 I Finsky  : [480] ngd.run(36): Stats for Executor: bgExecutor nih@7955712[Running, pool size = 4, active threads = 0, queued tasks = 0, completed tasks = 842]
10-14 02:43:01.442  2789 29795 I chatty  : uid=1046(mediacodec) omx@1.0-service expire 2 lines
10-14 02:43:01.475  2789 29800 I chatty  : uid=1046(mediacodec) omx@1.0-service expire 2 lines
10-14 02:43:01.486  2679  2679 W hwservicemanager: getTransport: Cannot find entry android.hidl.memory@1.0::IMapper/ in either framework or device manifest.
10-14 02:43:01.488  2753 29336 E libhidlmemory: Could not fetch mapper for  shared memory
10-14 02:43:01.488  2753 29336 E WVCdm   : mapMemory returns nullptr
10-14 02:43:01.489  2753 29336 I WVCdm   : [cdm_engine.cpp(640):QuerySessionStatus] CdmEngine::QuerySessionStatus
10-14 02:43:01.496 26290 29804 I chatty  : uid=10082(com.frograms.wplay) expire 9 lines
10-14 02:43:01.498  2789 16012 I omx_core: OMX_getHandle_num=1
10-14 02:43:01.498  2789 16012 D OmxComponent: mApkName=media.codec
10-14 02:43:01.500 26290 29803 I chatty  : uid=10082(com.frograms.wplay) expire 5 lines
10-14 02:43:01.501  2789 16012 D OmxVideoDecoder: setParameter 887 0x1000017
10-14 02:43:01.501  2789 16012 D OmxVideoDecoder: setInputCoding video_decoder.hevc
10-14 02:43:01.501  2789 16012 D OmxComponent: getExtensionIndex 1121 name="OMX.google.android.index.enableAndroidNativeBuffers"
10-14 02:43:01.501  2789 16012 D OmxVideoDecoder: setParameter 887 0x7f000000
10-14 02:43:01.501  2789 16012 V OmxVideoDecoder: setParameter 1353 EnableNativeBuffers 1
10-14 02:43:01.502  2789 16012 V OmxVideoDecoder: updatePort mUseNativeBuffers 1
10-14 02:43:01.502  2789 16012 D AmlogicVideoDecoderAwesome: get native buffer info NV:w:640,h:480..
10-14 02:43:01.502  2789 16012 V OmxVideoDecoder: updatePort:portDef.format.video.nFrameWidth=640,portDef.format.video.nFrameHeight=480
10-14 02:43:01.502  2789 16012 D OmxComponent: getExtensionIndex 1121 name="OMX.google.android.index.allocateNativeHandle"
10-14 02:43:01.502  2789 16012 D OmxVideoDecoder: setParameter 887 0x7f00000a
10-14 02:43:01.502  2789 16012 E OMXNodeInstance: setParameter(0xe78855b0:amlogic.hevc.decoder.awesome, OMX.google.android.index.allocateNativeHandle(0x7f00000a): Output:1 en=0) ERROR: UnsupportedSetting(0x80001019)
10-14 02:43:01.502  2789 16012 D OmxComponent: getExtensionIndex 1121 name="OMX.google.android.index.storeANWBufferInMetadata"
10-14 02:43:01.502  2789 16012 D OmxComponent: getExtensionIndex 1121 name="OMX.google.android.index.storeMetaDataInBuffers"
10-14 02:43:01.502  2789 16012 D OmxVideoDecoder: setParameter 887 0x7f000002
10-14 02:43:01.502  2789 16012 D OmxVideoDecoder: setParameter 1359 OMX_IndexAndroidStoreMetadataInBuffers
10-14 02:43:01.502  2789 16012 E OMXNodeInstance: setParameter(0xe78855b0:amlogic.hevc.decoder.awesome, OMX.google.android.index.storeMetaDataInBuffers(0x7f000002): Output:1 en=1 type=1) ERROR: BadPortIndex(0x8000101b)
10-14 02:43:01.502  2789 16012 D OmxComponent: getExtensionIndex 1121 name="OMX.google.android.index.prepareForAdaptivePlayback"
10-14 02:43:01.502  2789 16012 D OmxVideoDecoder: setParameter 887 0x7f000004
10-14 02:43:01.502  2789 16012 D OmxVideoDecoder: setParameter 1373 OMX_IndexAndroidPrepareForAdaptivePlayback
10-14 02:43:01.502  2789 16012 D OmxVideoDecoder: AdaptivePlayback: max resolution is 864 * 486
10-14 02:43:01.502  2789 15987 D OmxComponent: getExtensionIndex 1121 name="OMX.google.android.index.allocateNativeHandle"
10-14 02:43:01.502  2789 15987 D OmxVideoDecoder: setParameter 887 0x7f00000a
10-14 02:43:01.502  2789 15987 E OMXNodeInstance: setParameter(0xe78855b0:amlogic.hevc.decoder.awesome, OMX.google.android.index.allocateNativeHandle(0x7f00000a): Output:1 en=0) ERROR: UnsupportedSetting(0x80001019)
10-14 02:43:01.502  2789 15987 D OmxComponent: getExtensionIndex 1121 name="OMX.google.android.index.enableAndroidNativeBuffers"
10-14 02:43:01.502  2789 15987 D OmxVideoDecoder: setParameter 887 0x7f000000
10-14 02:43:01.502  2789 15987 V OmxVideoDecoder: setParameter 1353 EnableNativeBuffers 1
10-14 02:43:01.502  2789 15987 V OmxVideoDecoder: updatePort mUseNativeBuffers 1
10-14 02:43:01.502  2789 15987 D AmlogicVideoDecoderAwesome: get native buffer info NV:w:640,h:480..
10-14 02:43:01.502  2789 15987 V OmxVideoDecoder: updatePort:portDef.format.video.nFrameWidth=640,portDef.format.video.nFrameHeight=480
10-14 02:43:01.502  2789 15987 D OmxComponent: getExtensionIndex 1121 name="OMX.google.android.index.storeANWBufferInMetadata"
10-14 02:43:01.502  2789 15987 D OmxComponent: getExtensionIndex 1121 name="OMX.google.android.index.storeMetaDataInBuffers"
10-14 02:43:01.502  2789 15987 D OmxVideoDecoder: setParameter 887 0x7f000002
10-14 02:43:01.502  2789 15987 D OmxVideoDecoder: setParameter 1359 OMX_IndexAndroidStoreMetadataInBuffers
10-14 02:43:01.502  2789 15987 E OMXNodeInstance: setParameter(0xe78855b0:amlogic.hevc.decoder.awesome, OMX.google.android.index.storeMetaDataInBuffers(0x7f000002): Output:1 en=0 type=1) ERROR: BadPortIndex(0x8000101b)
10-14 02:43:01.502  2789  2789 D OmxVideoDecoder: setParameter 887 0x6000001
10-14 02:43:01.502  2789  2789 D OmxVideoDecoder: setParameter nPortIndex 0 CompFmt 0xb ColorFmt 0
10-14 02:43:01.503  2789  2789 D OmxVideoDecoder: setParameter 887 0x6000001
10-14 02:43:01.503  2789  2789 D OmxVideoDecoder: setParameter nPortIndex 1 CompFmt 0 ColorFmt 0x11
10-14 02:43:01.503  2789 15987 D OmxVideoDecoder: setParameter 887 0x2000001
10-14 02:43:01.503  2789 15987 D OmxVideoDecoder: setParameter nPortIndex 0 nFrameWidth 864 nFrameHeight 486 nSliceHeight 16
10-14 02:43:01.503  2789 15987 V OmxVideoDecoder: updatePort mUseNativeBuffers 1
10-14 02:43:01.503  2789 15987 D AmlogicVideoDecoderAwesome: get native buffer info NV:w:640,h:480..
10-14 02:43:01.503  2789 15987 V OmxVideoDecoder: updatePort:portDef.format.video.nFrameWidth=640,portDef.format.video.nFrameHeight=480
10-14 02:43:01.503  2789  2789 D OmxVideoDecoder: setParameter 887 0x2000001
10-14 02:43:01.503  2789  2789 W OmxVideoDecoder: Can not read property media.omx.display_mode
10-14 02:43:01.503  2789  2789 D OmxVideoDecoder: update mAdaptiveMaxFrameWidth mAdaptiveMaxFrameHeight to 864 x 486
10-14 02:43:01.503  2789  2789 D OmxVideoDecoder: setParameter nPortIndex 1 nFrameWidth 864 nFrameHeight 486 nSliceHeight 486
10-14 02:43:01.503  2789  2789 V OmxVideoDecoder: updatePort mUseNativeBuffers 1
10-14 02:43:01.503  2789  2789 D AmlogicVideoDecoderAwesome: get native buffer info NV:w:864,h:486..
10-14 02:43:01.503  2789  2789 V OmxVideoDecoder: updatePort:portDef.format.video.nFrameWidth=864,portDef.format.video.nFrameHeight=486
10-14 02:43:01.503  2789 16012 D OmxComponent: getExtensionIndex 1121 name="OMX.google.android.index.describeColorAspects"
10-14 02:43:01.503  2789 16012 D OmxComponent: getExtensionIndex 1121 name="OMX.google.android.index.storeMetaDataInBuffers"
10-14 02:43:01.503  2789 16012 D OmxComponent: getExtensionIndex 1121 name="OMX.google.android.index.storeANWBufferInMetadata"
10-14 02:43:01.503  2789 16012 D OmxComponent: getExtensionIndex 1121 name="OMX.google.android.index.prepareForAdaptivePlayback"
10-14 02:43:01.503  2789 16012 D OmxComponent: getExtensionIndex 1121 name="OMX.google.android.index.configureVideoTunnelMode"
10-14 02:43:01.503  2789 16012 D OmxComponent: getExtensionIndex 1121 name="OMX.google.android.index.useAndroidNativeBuffer2"
10-14 02:43:01.503  2789 16012 D OmxComponent: getExtensionIndex 1121 name="OMX.google.android.index.useAndroidNativeBuffer"
10-14 02:43:01.503  2789 16012 D OmxComponent: getExtensionIndex 1121 name="OMX.google.android.index.enableAndroidNativeBuffers"
10-14 02:43:01.503  2789 16012 D OmxComponent: getExtensionIndex 1121 name="OMX.google.android.index.allocateNativeHandle"
10-14 02:43:01.503  2789 16012 D OmxComponent: getExtensionIndex 1121 name="OMX.google.android.index.getAndroidNativeBufferUsage"
10-14 02:43:01.503  2789 16012 D OmxVideoDecoder: setConfig 1803 0x7f00000c
10-14 02:43:01.503  2789 16012 D OmxVideoDecoder: [DSZ] updateFinalColorAspects# final color aspects[P:1; T:3; M:1; R:2]
10-14 02:43:01.503  2789 15987 D OmxComponent: getExtensionIndex 1121 name="OMX.google.android.index.describeHDRStaticInfo"
10-14 02:43:01.504  2789 15987 D OmxVideoDecoder: setConfig 1803 0x7f000009
10-14 02:43:01.504  2789 15987 D OmxVideoDecoder: HDRStaticInfo: R=0 0; G=0 0; B=0 0; W=0 0; MaxDisplayLuminance:0, MinDisplayLuminance=0, mMaxContentLightLevel=0, MaxContentLightLevel=0
10-14 02:43:01.504  2789 15987 D OmxVideoDecoder: HDRStaticInfo: all parmeter is 0, set mHasHDRStaticInfo to false
10-14 02:43:01.504  2789 16012 D OmxVideoDecoder: setConfig 1803 0x6f800002
10-14 02:43:01.504  2789 16012 V OmxVideoDecoder: setConfig 1905 nIndex 0x6f800002
10-14 02:43:01.504  2789 16012 D OmxComponent: setConfig 1114
10-14 02:43:01.504  2789 16012 E OMXNodeInstance: setConfig(0xe78855b0:amlogic.hevc.decoder.awesome, ConfigPriority(0x6f800002)) ERROR: UnsupportedIndex(0x8000101a)
10-14 02:43:01.504  2789 15987 D OmxVideoDecoder: getConfig 1701 0x6f100004
10-14 02:43:01.504  2789 15987 V OmxVideoDecoder: VendorExt: getConfig: index=0 (4k-osd)
10-14 02:43:01.504  2789 16012 D OmxVideoDecoder: getConfig 1701 0x6f100004
10-14 02:43:01.504  2789 16012 V OmxVideoDecoder: VendorExt: getConfig: index=1 (is-mvc)
10-14 02:43:01.504  2789 16012 D OmxVideoDecoder: getConfig 1701 0x6f100004
10-14 02:43:01.504  2789 16012 V OmxVideoDecoder: VendorExt: getConfig: index=2 (is-flv)
10-14 02:43:01.505  2789 15987 D OmxVideoDecoder: getConfig 1701 0x6f100004
10-14 02:43:01.505  2789 15987 V OmxVideoDecoder: VendorExt: getConfig: index=3 (dvconfig-box)
10-14 02:43:01.505  2789 16012 D OmxVideoDecoder: getConfig 1701 0x6f100004
10-14 02:43:01.505  2789 16012 V OmxVideoDecoder: VendorExt: getConfig: index=4 (profile-level)
10-14 02:43:01.505  2789 15987 D OmxVideoDecoder: getConfig 1701 0x6f100004
10-14 02:43:01.505  2789 15987 V OmxVideoDecoder: VendorExt: getConfig: index=4 (profile-level)
10-14 02:43:01.505  2789  2789 D OmxVideoDecoder: getConfig 1701 0x6f100004
10-14 02:43:01.505  2789  2789 V OmxVideoDecoder: VendorExt: getConfig: index=5 (nrdp)
10-14 02:43:01.505  2789 15987 D OmxVideoDecoder: getConfig 1701 0x6f100004
10-14 02:43:01.505  2789 15987 V OmxVideoDecoder: updatePort mUseNativeBuffers 1
10-14 02:43:01.505  2789 15987 D AmlogicVideoDecoderAwesome: get native buffer info NV:w:864,h:486..
10-14 02:43:01.505  2789 15987 V OmxVideoDecoder: updatePort:portDef.format.video.nFrameWidth=864,portDef.format.video.nFrameHeight=486
10-14 02:43:01.505  2789 15987 D OmxVideoDecoder: getConfig 1701 0x700000f
10-14 02:43:01.505  2789 15987 D OmxVideoDecoder: getConfig 1704 nIndex 0x700000f
10-14 02:43:01.505  2789 15987 D OmxVideoDecoder: getConfig OMX_IndexConfigCommonOutputCrop pRect->nWidth=864, pRect->nHeight=486
10-14 02:43:01.505  2789 15987 D OmxVideoDecoder: setConfig 1803 0x7f00000c
10-14 02:43:01.505  2789 15987 D OmxVideoDecoder: getConfig 1701 0x7f00000c
10-14 02:43:01.506  2789 16012 D OmxVideoDecoder: getConfig 1701 0x7f00000c
10-14 02:43:01.506  2789 16012 E OMXNodeInstance: getConfig(0xe78855b0:amlogic.hevc.decoder.awesome, ??(0x7f00000c)) ERROR: UnsupportedSetting(0x80001019)
10-14 02:43:01.506  2789 15987 D OmxVideoDecoder: getConfig 1701 0x7f000009
10-14 02:43:01.506  2789 16012 D OmxVideoDecoder: getConfig 1701 0x6f100004
10-14 02:43:01.506  2789 16012 V OmxVideoDecoder: VendorExt: getConfig: index=0 (4k-osd)
10-14 02:43:01.506  2789 16012 D OmxVideoDecoder: getConfig 1701 0x6f100004
10-14 02:43:01.506  2789 16012 V OmxVideoDecoder: VendorExt: getConfig: index=1 (is-mvc)
10-14 02:43:01.506  2789 15987 D OmxVideoDecoder: getConfig 1701 0x6f100004
10-14 02:43:01.506  2789 15987 V OmxVideoDecoder: VendorExt: getConfig: index=2 (is-flv)
10-14 02:43:01.507  2789 16012 D OmxVideoDecoder: getConfig 1701 0x6f100004
10-14 02:43:01.507  2789 16012 V OmxVideoDecoder: VendorExt: getConfig: index=3 (dvconfig-box)
10-14 02:43:01.507  2789 16012 D OmxVideoDecoder: getConfig 1701 0x6f100004
10-14 02:43:01.507  2789 16012 V OmxVideoDecoder: VendorExt: getConfig: index=4 (profile-level)
10-14 02:43:01.508  2789 16012 D OmxVideoDecoder: getConfig 1701 0x6f100004
10-14 02:43:01.508  2789 16012 V OmxVideoDecoder: VendorExt: getConfig: index=4 (profile-level)
10-14 02:43:01.508  2789 15987 D OmxVideoDecoder: getConfig 1701 0x6f100004
10-14 02:43:01.508  2789 15987 V OmxVideoDecoder: VendorExt: getConfig: index=5 (nrdp)
10-14 02:43:01.508  2789 15987 D OmxVideoDecoder: getConfig 1701 0x6f100004
10-14 02:43:01.509  2789 29805 I OmxComponent: OMX_CommandStateSet 738 Cmd 0 nParam1 0x2
10-14 02:43:01.510  2789 29805 I OmxComponent: STATE_SET:   OMX_StateLoaded => OMX_StateIdle : OMX.amlogic.hevc.decoder.awesome
10-14 02:43:01.510  2789 29805 I OmxComponent: STATE_TRANS: OMX_StateLoaded => OMX_StateIdle : OMX.amlogic.hevc.decoder.awesome
10-14 02:43:01.513  2746  2746 W AshmemAllocator: ashmem_create_region(1048576) returning hidl_memory(0xf1298180, 1048576)
10-14 02:43:01.513  2789 29805 I OmxComponent: STATE_TRANS: OMX_StateLoaded => OMX_StateIdle : OMX.amlogic.hevc.decoder.awesome
10-14 02:43:01.514  2746  2746 W AshmemAllocator: ashmem_create_region(1048576) returning hidl_memory(0xf1298180, 1048576)
10-14 02:43:01.514  2746  2746 W AshmemAllocator: ashmem_create_region(1048576) returning hidl_memory(0xf1298180, 1048576)
10-14 02:43:01.514  2789 29805 I OmxComponent: STATE_TRANS: OMX_StateLoaded => OMX_StateIdle : OMX.amlogic.hevc.decoder.awesome
10-14 02:43:01.516  2789 15987 V OmxVideoDecoder: updatePort mUseNativeBuffers 1
10-14 02:43:01.516  2789 15987 D AmlogicVideoDecoderAwesome: get native buffer info NV:w:864,h:486..
10-14 02:43:01.516  2789 15987 V OmxVideoDecoder: updatePort:portDef.format.video.nFrameWidth=864,portDef.format.video.nFrameHeight=486
10-14 02:43:01.516  2789 15987 V OmxVideoDecoder: updatePort mUseNativeBuffers 1
10-14 02:43:01.516  2789 15987 D AmlogicVideoDecoderAwesome: get native buffer info NV:w:864,h:486..
10-14 02:43:01.516  2789 15987 V OmxVideoDecoder: updatePort:portDef.format.video.nFrameWidth=864,portDef.format.video.nFrameHeight=486
10-14 02:43:01.516  2789 29805 I OmxComponent: STATE_TRANS: OMX_StateLoaded => OMX_StateIdle : OMX.amlogic.hevc.decoder.awesome
10-14 02:43:01.516  2789 15987 D OmxComponent: getExtensionIndex 1121 name="OMX.google.android.index.AndroidNativeBufferConsumerUsage"
10-14 02:43:01.517  2789 15987 D OmxVideoDecoder: setParameter 887 0x7f00000b
10-14 02:43:01.517  2789 15987 D OmxVideoDecoder: OMX_GoogleAndroidIndexAndroidNativeBufferConsumerUsage 0x900
10-14 02:43:01.517  2789 15987 D OmxComponent: getExtensionIndex 1121 name="OMX.google.android.index.getAndroidNativeBufferUsage"
10-14 02:43:01.518  2789 15987 D OmxVideoDecoder: setParameter 887 0x2000001
10-14 02:43:01.518  2789 15987 W OmxVideoDecoder: Can not read property media.omx.display_mode
10-14 02:43:01.518  2789 15987 D OmxVideoDecoder: update mAdaptiveMaxFrameWidth mAdaptiveMaxFrameHeight to 864 x 486
10-14 02:43:01.518  2789 15987 D OmxVideoDecoder: setParameter nPortIndex 1 nFrameWidth 864 nFrameHeight 486 nSliceHeight 486
10-14 02:43:01.518  2789 15987 V OmxVideoDecoder: updatePort mUseNativeBuffers 1
10-14 02:43:01.518  2789 15987 D AmlogicVideoDecoderAwesome: get native buffer info NV:w:864,h:486..
10-14 02:43:01.518  2789 15987 V OmxVideoDecoder: updatePort:portDef.format.video.nFrameWidth=864,portDef.format.video.nFrameHeight=486
10-14 02:43:01.518  2768  2841 W         : buffer descriptor with invalid usage bits 0x2000
10-14 02:43:01.518  2756  2903 I [Gralloc]: framebuffer hal alread move to hwcomposer
10-14 02:43:01.522  2789 15987 D OmxComponent: getExtensionIndex 1121 name="OMX.google.android.index.useAndroidNativeBuffer2"
10-14 02:43:01.522  2789 15987 V OmxVideoDecoder: updatePort mUseNativeBuffers 1
10-14 02:43:01.522  2789 15987 D AmlogicVideoDecoderAwesome: get native buffer info NV:w:864,h:486..
10-14 02:43:01.522  2789 15987 V OmxVideoDecoder: updatePort:portDef.format.video.nFrameWidth=864,portDef.format.video.nFrameHeight=486
10-14 02:43:01.525  2789 29805 I OmxComponent: STATE_TRANS: OMX_StateLoaded => OMX_StateIdle : OMX.amlogic.hevc.decoder.awesome
10-14 02:43:01.527  2768  2841 W         : buffer descriptor with invalid usage bits 0x2000
10-14 02:43:01.536  2756  2903 I [Gralloc]: framebuffer hal alread move to hwcomposer
10-14 02:43:01.539  2789 15987 D OmxComponent: getExtensionIndex 1121 name="OMX.google.android.index.useAndroidNativeBuffer2"
10-14 02:43:01.539  2789 15987 V OmxVideoDecoder: updatePort mUseNativeBuffers 1
10-14 02:43:01.539  2789 15987 D AmlogicVideoDecoderAwesome: get native buffer info NV:w:864,h:486..
10-14 02:43:01.539  2789 15987 V OmxVideoDecoder: updatePort:portDef.format.video.nFrameWidth=864,portDef.format.video.nFrameHeight=486
10-14 02:43:01.539  2789 29805 I OmxComponent: STATE_TRANS: OMX_StateLoaded => OMX_StateIdle : OMX.amlogic.hevc.decoder.awesome
10-14 02:43:01.539  2768  2841 W         : buffer descriptor with invalid usage bits 0x2000
10-14 02:43:01.540  2756  2903 I [Gralloc]: framebuffer hal alread move to hwcomposer
10-14 02:43:01.542  2789 15987 D OmxComponent: getExtensionIndex 1121 name="OMX.google.android.index.useAndroidNativeBuffer2"
10-14 02:43:01.542  2789 15987 V OmxVideoDecoder: updatePort mUseNativeBuffers 1
10-14 02:43:01.542  2789 15987 D AmlogicVideoDecoderAwesome: get native buffer info NV:w:864,h:486..
10-14 02:43:01.542  2789 15987 V OmxVideoDecoder: updatePort:portDef.format.video.nFrameWidth=864,portDef.format.video.nFrameHeight=486
10-14 02:43:01.542  2789 29805 I OmxComponent: STATE_TRANS: OMX_StateLoaded => OMX_StateIdle : OMX.amlogic.hevc.decoder.awesome
10-14 02:43:01.542  2768  2841 W         : buffer descriptor with invalid usage bits 0x2000
10-14 02:43:01.543  2756  2903 I [Gralloc]: framebuffer hal alread move to hwcomposer
10-14 02:43:01.545  2789 15987 D OmxComponent: getExtensionIndex 1121 name="OMX.google.android.index.useAndroidNativeBuffer2"
10-14 02:43:01.545  2789 15987 V OmxVideoDecoder: updatePort mUseNativeBuffers 1
10-14 02:43:01.545  2789 15987 D AmlogicVideoDecoderAwesome: get native buffer info NV:w:864,h:486..
10-14 02:43:01.545  2789 15987 V OmxVideoDecoder: updatePort:portDef.format.video.nFrameWidth=864,portDef.format.video.nFrameHeight=486
10-14 02:43:01.545  2789 29805 I OmxComponent: STATE_TRANS: OMX_StateLoaded => OMX_StateIdle : OMX.amlogic.hevc.decoder.awesome
10-14 02:43:01.545  2768  2841 W         : buffer descriptor with invalid usage bits 0x2000
10-14 02:43:01.545  2756  2903 I [Gralloc]: framebuffer hal alread move to hwcomposer
10-14 02:43:01.548  2789 15987 D OmxComponent: getExtensionIndex 1121 name="OMX.google.android.index.useAndroidNativeBuffer2"
10-14 02:43:01.548  2789 15987 V OmxVideoDecoder: updatePort mUseNativeBuffers 1
10-14 02:43:01.548  2789 15987 D AmlogicVideoDecoderAwesome: get native buffer info NV:w:864,h:486..
10-14 02:43:01.548  2789 15987 V OmxVideoDecoder: updatePort:portDef.format.video.nFrameWidth=864,portDef.format.video.nFrameHeight=486
10-14 02:43:01.548  2789 29805 I OmxComponent: STATE_TRANS: OMX_StateLoaded => OMX_StateIdle : OMX.amlogic.hevc.decoder.awesome
10-14 02:43:01.548  2768  3557 W         : buffer descriptor with invalid usage bits 0x2000
10-14 02:43:01.548  2756  2903 I [Gralloc]: framebuffer hal alread move to hwcomposer
10-14 02:43:01.550  2789 15987 D OmxComponent: getExtensionIndex 1121 name="OMX.google.android.index.useAndroidNativeBuffer2"
10-14 02:43:01.550  2789 15987 V OmxVideoDecoder: updatePort mUseNativeBuffers 1
10-14 02:43:01.550  2789 15987 D AmlogicVideoDecoderAwesome: get native buffer info NV:w:864,h:486..
10-14 02:43:01.550  2789 15987 V OmxVideoDecoder: updatePort:portDef.format.video.nFrameWidth=864,portDef.format.video.nFrameHeight=486
10-14 02:43:01.550  2789 29805 I OmxComponent: STATE_TRANS: OMX_StateLoaded => OMX_StateIdle : OMX.amlogic.hevc.decoder.awesome
10-14 02:43:01.550  2768  2841 W         : buffer descriptor with invalid usage bits 0x2000
10-14 02:43:01.550  2756  2903 I [Gralloc]: framebuffer hal alread move to hwcomposer
10-14 02:43:01.553  2789 15987 D OmxComponent: getExtensionIndex 1121 name="OMX.google.android.index.useAndroidNativeBuffer2"
10-14 02:43:01.553  2789 15987 V OmxVideoDecoder: updatePort mUseNativeBuffers 1
10-14 02:43:01.553  2789 15987 D AmlogicVideoDecoderAwesome: get native buffer info NV:w:864,h:486..
10-14 02:43:01.553  2789 15987 V OmxVideoDecoder: updatePort:portDef.format.video.nFrameWidth=864,portDef.format.video.nFrameHeight=486
10-14 02:43:01.554  2789 29805 I OmxComponent: STATE_TRANS: OMX_StateLoaded => OMX_StateIdle : OMX.amlogic.hevc.decoder.awesome
10-14 02:43:01.554  2768  2841 W         : buffer descriptor with invalid usage bits 0x2000
10-14 02:43:01.554  2756  2903 I [Gralloc]: framebuffer hal alread move to hwcomposer
10-14 02:43:01.557  2789 15987 D OmxComponent: getExtensionIndex 1121 name="OMX.google.android.index.useAndroidNativeBuffer2"
10-14 02:43:01.557  2789 15987 V OmxVideoDecoder: updatePort mUseNativeBuffers 1
10-14 02:43:01.557  2789 15987 D AmlogicVideoDecoderAwesome: get native buffer info NV:w:864,h:486..
10-14 02:43:01.557  2789 15987 V OmxVideoDecoder: updatePort:portDef.format.video.nFrameWidth=864,portDef.format.video.nFrameHeight=486
10-14 02:43:01.557  2789 29805 I OmxComponent: STATE_TRANS: OMX_StateLoaded => OMX_StateIdle : OMX.amlogic.hevc.decoder.awesome
10-14 02:43:01.557  2789 29805 V AmlogicVideoDecoderAwesome: acquireResources:360 >
10-14 02:43:01.557  2789 29805 D AmlogicVideoDecoderAwesome: setUp mVideoDisplay =0, mDisplayMode=0
10-14 02:43:01.557  2789 29805 D AmlogicVideoDecoderAwesome: mMaxFrameWidth 864, mMaxFrameHeight 486
10-14 02:43:01.557  2789 29805 I AmlogicVideoDecoderAwesome: video layer mKeepLastFrame 1
10-14 02:43:01.557  2789 29805 V AmlogicVideoDecoderAwesome: enable osd or video ...-410496000
10-14 02:43:01.557  2789 29805 V AmlogicVideoDecoderAwesome: media.omx.buffermargin is not set used def=0
10-14 02:43:01.557  2789 29805 D AmlogicVideoDecoderAwesome: mDoubleWriteMode 16
10-14 02:43:01.558  2789 29805 V debugSetup: media.omx.dumpRecv is disabled
10-14 02:43:01.558  2789 29805 V debugSetup: media.omx.dumpCodec is disabled
10-14 02:43:01.558  2789 29805 V AmlogicVideoDecoderAwesome: *Input Frame Rate is 3200..
10-14 02:43:01.558  2789 29805 V AmlogicVideoDecoderAwesome: videoDefine.xFramerate:1e0000  
10-14 02:43:01.558  2789 29805 V AmlogicVideoDecoderAwesome: mVideoType:11
10-14 02:43:01.558  2789 29805 D AmlogicVideoDecoderAwesome: decoder_type = 1
10-14 02:43:01.558  2789 29805 D AmlogicVideoDecoderAwesome: AmlogicVideoDecoder::setUp, mUseFrameMode 1, video_path 0
10-14 02:43:01.558  2789 29805 D AmlogicVideoDecoderAwesome: alloc ION Video device instance ID:0
10-14 02:43:01.558  2789 29805 D AmlogicVideoDecoderAwesome: mAmlCodecParam->config=hevc_buf_width:1920;hevc_buf_height:1088;hevc_buf_margin:0;hevc_double_write_mode:16;save_buffer_mode:0;
10-14 02:43:01.558  2789 29805 D AmlogicVideoDecoderAwesome: mAmlCodecParam->config_len=105
10-14 02:43:01.558  2789 29805 D AmlogicVideoDecoderAwesome: codecInit
10-14 02:43:01.566  2789 29805 D AmlogicVideoDecoderAwesome: codecInit done
10-14 02:43:01.566  2789 29805 D AmlogicVideoDecoderAwesome: media.omx.videopeek 0
10-14 02:43:01.566  2789 29805 I AmlogicVideoDecoderAwesome: video layer sync version is 3
10-14 02:43:01.566  2789 29805 V AmlogicVideoDecoderAwesome: mFlvFlag=0
10-14 02:43:01.566  2789 29805 V AmlogicVideoDecoderAwesome: mOutBufferCount =8
10-14 02:43:01.566  2789 29805 V AmlogicVideoDecoderAwesome: mIsNativeBuffers =1
10-14 02:43:01.566  2789 29805 D AmlogicVideoDecoderAwesome: mAmvideoDev->use_frame_mode=0
10-14 02:43:01.566  2789 29805 D AmlogicVideoDecoderAwesome: mAmvideoDev->use_frame_mode=1, mUseFrameMode=1
10-14 02:43:01.566  2789 29805 I amvdec  : amvideo_init ret=0
10-14 02:43:01.566  2789 29805 D AmlogicVideoDecoderAwesome: output buffer:mWidth:864, mHeight:486, mVideoDevId:0
10-14 02:43:01.567  2766 16427 W AudioFlinger: createTrack_l(): mismatch between requested flags (00000008) and output flags (00000002)
10-14 02:43:01.567  2766 16427 D AudioFlinger: Client defaulted notificationFrames to 6000 for frameCount 12000
10-14 02:43:01.572  2789 29805 I OmxComponent: STATE_DONE:  OMX_StateLoaded => OMX_StateIdle : OMX.amlogic.hevc.decoder.awesome
10-14 02:43:01.572  2789 29805 I OmxComponent: OMX_CommandStateSet 738 Cmd 0 nParam1 0x3
10-14 02:43:01.572  2789 29805 I OmxComponent: STATE_SET:   OMX_StateIdle => OMX_StateExecuting : OMX.amlogic.hevc.decoder.awesome
10-14 02:43:01.572  2789 29805 V AmlogicVideoDecoderAwesome: prepare:281 >
10-14 02:43:01.572  2789 29805 D AmlogicVideoDecoderAwesome: mVideo mDisplayTread start
10-14 02:43:01.572  2789 29805 D AmlogicVideoDecoderAwesome: mDTaskStatus=0
10-14 02:43:01.572  2789 29805 V AmlogicVideoDecoderAwesome: start:294 >
10-14 02:43:01.573  2789 29805 D AmlogicVideoDecoderAwesome: mVideo start
10-14 02:43:01.573  2789 29805 I OmxComponent: STATE_TRANS: OMX_StateIdle => OMX_StateExecuting : OMX.amlogic.hevc.decoder.awesome
10-14 02:43:01.573  2789 29805 I OmxComponent: STATE_DONE:  OMX_StateIdle => OMX_StateExecuting : OMX.amlogic.hevc.decoder.awesome
10-14 02:43:01.573  2789 29815 V OMX_WorkerPeer: hardware/amlogic/omx/omx_framework/WorkerPeer.cpp:runWorkerStatic:152 --------------------
10-14 02:43:01.573  2789 29815 V OMX_WorkerPeer: hardware/amlogic/omx/omx_framework/WorkerPeer.cpp:runWorker:158 --------------------
10-14 02:43:01.573  2789 16012 D AmlogicVideoDecoderAwesome: memset outputbuffer index=0, size 629856
10-14 02:43:01.574  2789  2789 D AmlogicVideoDecoderAwesome: memset outputbuffer index=1, size 629856
10-14 02:43:01.575  2789  3349 D AmlogicVideoDecoderAwesome: memset outputbuffer index=2, size 629856
10-14 02:43:01.575  2789 16012 D AmlogicVideoDecoderAwesome: memset outputbuffer index=3, size 629856
10-14 02:43:01.578  2789 29815 V AmlogicVideoDecoderAwesome: doCodecSpec csd_len=99
10-14 02:43:01.578  2789 29815 E AmlogicVideoDecoderAwesome: SPS: Main10 profile bitstream
10-14 02:43:01.578  2789 29815 E AmlogicVideoDecoderAwesome: SPS: bit_depth=8,8
10-14 02:43:01.579  2789 29815 V AmlogicVideoDecoderAwesome: hevc csd size = 99, [864:512],bitdepth=8
10-14 02:43:01.515  2768  2768 I Binder:2768_1: type=1400 audit(0.0:2832): avc: denied { read } for name="gralloc.odroidn2.so" dev="mmcblk0p12" ino=705 scontext=u:r:surfaceflinger:s0 tcontext=u:object_r:vendor_file:s0 tclass=file permissive=1
10-14 02:43:01.515  2768  2768 I Binder:2768_1: type=1400 audit(0.0:2833): avc: denied { open } for path="/vendor/lib/hw/gralloc.odroidn2.so" dev="mmcblk0p12" ino=705 scontext=u:r:surfaceflinger:s0 tcontext=u:object_r:vendor_file:s0 tclass=file permissive=1
10-14 02:43:01.638  2789 29815 D AmlogicVideoDecoderAwesome: =11, =864, =486, =864, =486, =41666000, =41700000, =41733000, =57404, =1913, =2800
10-14 02:43:01.648  2789 29814 D AmlogicVideoDecoderAwesome: mFirstInputTime = 9033488, mFirstOutputTime=9033515, delay= 27ms
10-14 02:43:01.649  2789 16012 V OmxVideoDecoder: updatePort mUseNativeBuffers 1
10-14 02:43:01.649  2789 16012 D AmlogicVideoDecoderAwesome: get native buffer info NV:w:864,h:486..
10-14 02:43:01.649  2789 16012 V OmxVideoDecoder: updatePort:portDef.format.video.nFrameWidth=864,portDef.format.video.nFrameHeight=486
10-14 02:43:01.650  2789 16012 D OmxVideoDecoder: getConfig 1701 0x700000f
10-14 02:43:01.650  2789 16012 D OmxVideoDecoder: getConfig 1704 nIndex 0x700000f
10-14 02:43:01.650  2789 16012 D OmxVideoDecoder: getConfig OMX_IndexConfigCommonOutputCrop pRect->nWidth=864, pRect->nHeight=486
10-14 02:43:01.650  2789 16012 D OmxVideoDecoder: setConfig 1803 0x7f00000c
10-14 02:43:01.650  2789 15987 D OmxVideoDecoder: getConfig 1701 0x7f00000c
10-14 02:43:01.650  2789 15987 D OmxVideoDecoder: getConfig 1701 0x7f00000c
10-14 02:43:01.650  2789 15987 E OMXNodeInstance: getConfig(0xe78855b0:amlogic.hevc.decoder.awesome, ??(0x7f00000c)) ERROR: UnsupportedSetting(0x80001019)
10-14 02:43:01.650  2789 15987 D OmxVideoDecoder: getConfig 1701 0x7f000009
10-14 02:43:01.650  2789 15987 D OmxVideoDecoder: getConfig 1701 0x6f100004
10-14 02:43:01.650  2789 15987 V OmxVideoDecoder: VendorExt: getConfig: index=0 (4k-osd)
10-14 02:43:01.650  2789 16012 D OmxVideoDecoder: getConfig 1701 0x6f100004
10-14 02:43:01.651  2789 16012 V OmxVideoDecoder: VendorExt: getConfig: index=1 (is-mvc)
10-14 02:43:01.651  2789 16012 D OmxVideoDecoder: getConfig 1701 0x6f100004
10-14 02:43:01.651  2789 16012 V OmxVideoDecoder: VendorExt: getConfig: index=2 (is-flv)
10-14 02:43:01.651  2789 15987 D OmxVideoDecoder: getConfig 1701 0x6f100004
10-14 02:43:01.651  2789 15987 V OmxVideoDecoder: VendorExt: getConfig: index=3 (dvconfig-box)
10-14 02:43:01.651  2789 15987 D OmxVideoDecoder: getConfig 1701 0x6f100004
10-14 02:43:01.651  2789 15987 V OmxVideoDecoder: VendorExt: getConfig: index=4 (profile-level)
10-14 02:43:01.651  2789 15987 D OmxVideoDecoder: getConfig 1701 0x6f100004
10-14 02:43:01.651  2789 15987 V OmxVideoDecoder: VendorExt: getConfig: index=4 (profile-level)
10-14 02:43:01.651  2789 15987 D OmxVideoDecoder: getConfig 1701 0x6f100004
10-14 02:43:01.651  2789 15987 V OmxVideoDecoder: VendorExt: getConfig: index=5 (nrdp)
10-14 02:43:01.651  2789 15987 D OmxVideoDecoder: getConfig 1701 0x6f100004
10-14 02:43:01.661  3483  4496 I chatty  : uid=10064 com.google.android.gms.persistent expire 2 lines
10-14 02:43:01.515  2768  2768 I Binder:2768_1: type=1400 audit(0.0:2834): avc: denied { getattr } for path="/vendor/lib/hw/gralloc.odroidn2.so" dev="mmcblk0p12" ino=705 scontext=u:r:surfaceflinger:s0 tcontext=u:object_r:vendor_file:s0 tclass=file permissive=1
10-14 02:43:02.033  2789 15987 D AmlogicVideoDecoderAwesome: memset outputbuffer index=4, size 629856
10-14 02:43:02.036  2789 16012 D AmlogicVideoDecoderAwesome: memset outputbuffer index=5, size 629856
10-14 02:43:02.068  2789 16012 D AmlogicVideoDecoderAwesome: memset outputbuffer index=6, size 629856
10-14 02:43:02.129  3483 13406 I chatty  : uid=10064(com.google.android.gms) lowpool[28] expire 2 lines
10-14 02:43:02.173  2789 15987 D AmlogicVideoDecoderAwesome: memset outputbuffer index=7, size 629856
10-14 02:43:02.185  3483 11033 I chatty  : uid=10064(com.google.android.gms) lowpool[20] expire 1 line
10-14 02:43:02.371  4971  4971 I ABenchMark:push: type=1400 audit(0.0:2835): avc: denied { open } for path="/proc/vmstat" dev="proc" ino=4026531993 scontext=u:r:untrusted_app_27:s0:c512,c768 tcontext=u:object_r:proc_vmstat:s0 tclass=file permissive=1
10-14 02:43:02.371  4971  4971 I ABenchMark:push: type=1400 audit(0.0:2836): avc: denied { getattr } for path="/proc/vmstat" dev="proc" ino=4026531993 scontext=u:r:untrusted_app_27:s0:c512,c768 tcontext=u:object_r:proc_vmstat:s0 tclass=file permissive=1
10-14 02:43:07.190  4078  4078 D skia    : --- Failed to create image decoder with message 'unimplemented'
10-14 02:43:07.208  4078  4078 D skia    : --- Failed to create image decoder with message 'unimplemented'
10-14 02:43:07.199  4078  4078 I tutu.ABenchMark: type=1400 audit(0.0:2837): avc: denied { open } for path="/proc/stat" dev="proc" ino=4026531957 scontext=u:r:untrusted_app_27:s0:c512,c768 tcontext=u:object_r:proc_stat:s0 tclass=file permissive=1
10-14 02:43:07.252  2766  2911 D AudioFlinger: mixer(0xeb583ac0) throttle end: throttle time(10)
10-14 02:43:07.199  4078  4078 I tutu.ABenchMark: type=1400 audit(0.0:2838): avc: denied { getattr } for path="/proc/stat" dev="proc" ino=4026531957 scontext=u:r:untrusted_app_27:s0:c512,c768 tcontext=u:object_r:proc_stat:s0 tclass=file permissive=1
10-14 02:43:07.203  4078  4078 I tutu.ABenchMark: type=1400 audit(0.0:2839): avc: denied { read } for name="temp" dev="sysfs" ino=8951 scontext=u:r:untrusted_app_27:s0:c512,c768 tcontext=u:object_r:sysfs:s0 tclass=file permissive=1
10-14 02:43:07.337  2766  2911 D AudioFlinger: mixer(0xeb583ac0) throttle end: throttle time(9)
10-14 02:43:07.203  4078  4078 I tutu.ABenchMark: type=1400 audit(0.0:2840): avc: denied { open } for path="/sys/devices/virtual/thermal/thermal_zone0/temp" dev="sysfs" ino=8951 scontext=u:r:untrusted_app_27:s0:c512,c768 tcontext=u:object_r:sysfs:s0 tclass=file permissive=1
10-14 02:43:07.203  4078  4078 I tutu.ABenchMark: type=1400 audit(0.0:2841): avc: denied { getattr } for path="/sys/devices/virtual/thermal/thermal_zone0/temp" dev="sysfs" ino=8951 scontext=u:r:untrusted_app_27:s0:c512,c768 tcontext=u:object_r:sysfs:s0 tclass=file permissive=1
10-14 02:43:07.495  2766  2911 D AudioFlinger: mixer(0xeb583ac0) throttle end: throttle time(30)
10-14 02:43:08.679  2756  2903 I [Gralloc]: framebuffer hal alread move to hwcomposer
10-14 02:43:08.681  2756  2903 I [Gralloc]: framebuffer hal alread move to hwcomposer
10-14 02:43:08.682  2756  2902 I [Gralloc]: framebuffer hal alread move to hwcomposer
10-14 02:43:08.690  2756  2902 I [Gralloc]: framebuffer hal alread move to hwcomposer
10-14 02:43:08.792  2768  2950 E BufferQueueProducer: [#0] disconnect: not connected (req=1)
10-14 02:43:08.795  2768  2768 D SurfaceFlinger: duplicate layer name: changing Surface(name=a0707c2 )/@0x1691c09 - animation-leash to Surface(name=a0707c2 )/@0x1691c09 - animation-leash#1
10-14 02:43:08.861 26290 30085 I chatty  : uid=10082(com.frograms.wplay) expire 60 lines
10-14 02:43:08.961  2768  3557 W SurfaceFlinger: Attempting to set client state on removed layer: #0
10-14 02:43:08.961  2768  3557 W SurfaceFlinger: Attempting to destroy on removed layer: #0
10-14 02:43:17.218  4078  4078 D skia    : --- Failed to create image decoder with message 'unimplemented'
10-14 02:43:26.340  2953  4945 W WindowManager: Ignoring move of always-on-top stack=com.android.server.wm.DisplayContent$TaskStackContainers@aa47008 to bottom
10-14 02:43:17.230  4078  4078 D skia    : --- Failed to create image decoder with message 'unimplemented'
10-14 02:43:26.377 26290 26290 I chatty  : uid=10082(com.frograms.wplay) expire 13 lines
10-14 02:43:26.400  2756  2902 I [Gralloc]: framebuffer hal alread move to hwcomposer
10-14 02:43:26.409  2756  2902 I chatty  : uid=1000(system) HwBinder:2756_1 identical 10 lines
10-14 02:43:26.416  2756  2902 I [Gralloc]: framebuffer hal alread move to hwcomposer
10-14 02:43:26.470  2756  2902 I [Gralloc]: framebuffer hal alread move to hwcomposer
10-14 02:43:26.531  2756  2902 I [Gralloc]: framebuffer hal alread move to hwcomposer
10-14 02:43:26.507  2768  2768 I Binder:2768_5: type=1400 audit(0.0:2845): avc: denied { read } for name="gralloc.odroidn2.so" dev="mmcblk0p12" ino=705 scontext=u:r:surfaceflinger:s0 tcontext=u:object_r:vendor_file:s0 tclass=file permissive=1
10-14 02:43:26.507  2768  2768 I Binder:2768_5: type=1400 audit(0.0:2846): avc: denied { open } for path="/vendor/lib/hw/gralloc.odroidn2.so" dev="mmcblk0p12" ino=705 scontext=u:r:surfaceflinger:s0 tcontext=u:object_r:vendor_file:s0 tclass=file permissive=1
10-14 02:43:26.507  2768  2768 I Binder:2768_5: type=1400 audit(0.0:2847): avc: denied { getattr } for path="/vendor/lib/hw/gralloc.odroidn2.so" dev="mmcblk0p12" ino=705 scontext=u:r:surfaceflinger:s0 tcontext=u:object_r:vendor_file:s0 tclass=file permissive=1
10-14 02:43:26.647  3483 13406 I chatty  : uid=10064(com.google.android.gms) lowpool[28] expire 3 lines
10-14 02:43:26.697  3483 24587 I chatty  : uid=10064(com.google.android.gms) lowpool[29] expire 2 lines
10-14 02:43:26.882  2756  2902 I [Gralloc]: framebuffer hal alread move to hwcomposer
10-14 02:43:26.883  2756  2902 I [Gralloc]: framebuffer hal alread move to hwcomposer
10-14 02:43:26.344  2953  4945 W WindowManager: Ignoring move of always-on-top stack=com.android.server.wm.DisplayContent$TaskStackContainers@aa47008 to bottom
10-14 02:43:26.957  2953 27918 I ActivityManager: START u0 {cmp=com.android.systemui/.pip.phone.PipMenuActivity (has extras)} from uid 10018
10-14 02:43:26.965  2953 27918 W ActivityManager: startActivity called from non-Activity context; forcing Intent.FLAG_ACTIVITY_NEW_TASK for: Intent { flg=0x800000 cmp=com.android.systemui/.pip.phone.PipMenuActivity (has extras) }
10-14 02:43:26.983  2953 27918 W WindowManager: Ignoring move of always-on-top stack=com.android.server.wm.DisplayContent$TaskStackContainers@aa47008 to bottom
10-14 02:43:26.890  2756  2902 I [Gralloc]: framebuffer hal alread move to hwcomposer
10-14 02:43:26.985  2768  3557 E BufferQueueProducer: [com.frograms.wplay/com.frograms.wplay.activity.PlayerActivity#0] disconnect: not connected (req=1)
10-14 02:43:27.001  2756  2902 I [Gralloc]: framebuffer hal alread move to hwcomposer
10-14 02:43:27.019  2756  2902 I [Gralloc]: framebuffer hal alread move to hwcomposer
10-14 02:43:27.027  3106  3106 W ActivityThread: handleWindowVisibility: no activity for token android.os.BinderProxy@f59707a
10-14 02:43:27.073  2756  2902 I [Gralloc]: framebuffer hal alread move to hwcomposer
10-14 02:43:27.110  2756  2902 I [Gralloc]: framebuffer hal alread move to hwcomposer
10-14 02:43:27.112  3106  3352 D mali_winsys: EGLint new_window_surface(egl_winsys_display *, void *, EGLSurface, EGLConfig, egl_winsys_surface **, EGLBoolean) returns 0x3000
10-14 02:43:27.117  2756  2902 I [Gralloc]: framebuffer hal alread move to hwcomposer
10-14 02:43:27.136  2953  2977 I ActivityManager: Displayed com.android.systemui/.pip.phone.PipMenuActivity: +101ms
10-14 02:43:27.142  2756  2902 I [Gralloc]: framebuffer hal alread move to hwcomposer
10-14 02:43:27.152  2756  2902 I [Gralloc]: framebuffer hal alread move to hwcomposer
10-14 02:43:27.115  3106  3106 I RenderThread: type=1400 audit(0.0:2848): avc: denied { read } for name="gralloc.odroidn2.so" dev="mmcblk0p12" ino=705 scontext=u:r:platform_app:s0:c512,c768 tcontext=u:object_r:vendor_file:s0 tclass=file permissive=1
10-14 02:43:27.217  2766  2911 D AudioFlinger: mixer(0xeb583ac0) throttle end: throttle time(10)
10-14 02:43:27.115  3106  3106 I RenderThread: type=1400 audit(0.0:2849): avc: denied { open } for path="/vendor/lib/hw/gralloc.odroidn2.so" dev="mmcblk0p12" ino=705 scontext=u:r:platform_app:s0:c512,c768 tcontext=u:object_r:vendor_file:s0 tclass=file permissive=1
10-14 02:43:27.242  4078  4078 D skia    : --- Failed to create image decoder with message 'unimplemented'
10-14 02:43:27.258  4078  4078 D skia    : --- Failed to create image decoder with message 'unimplemented'
10-14 02:43:29.081  3483 13406 I chatty  : uid=10064(com.google.android.gms) lowpool[28] expire 3 lines
10-14 02:43:29.632  2756  2902 I [Gralloc]: framebuffer hal alread move to hwcomposer
10-14 02:43:29.631  2953  2953 I android.display: type=1400 audit(0.0:2851): avc: denied { read } for name="gralloc.odroidn2.so" dev="mmcblk0p12" ino=705 scontext=u:r:system_server:s0 tcontext=u:object_r:vendor_file:s0 tclass=file permissive=1
