10-14 02:44:32.523  2760  2760 I memtrack@1.0-se: type=1400 audit(0.0:2913): avc: denied { read } for name="mem_profile" dev="debugfs" ino=667816 scontext=u:r:hal_memtrack_default:s0 tcontext=u:object_r:debugfs:s0 tclass=file permissive=1
10-14 02:44:32.587  3483 13406 W NetworkScheduler: Error inserting period=6469000 preferred_charging_state=1 preferred_network_type=1 target_class=com.google.android.gms.measurement.PackageMeasurementTaskService required_network_type=0 runtime=1602611072584 required_idleness_state=0 source=16 service_kind=0 target_package=com.google.android.gms persistence_level=1 source_version=203615000 last_runtime=0 user_id=0 job_id=-1 requires_charging=0 tag=Measurement.PackageMeasurementTaskService.UPLOAD_TASK_TAG flex_time=3234000 task_type=0 retry_strategy={"maximum_backoff_seconds":{"3600":0},"initial_backoff_seconds":{"30":0},"retry_policy":{"0":0}}, error message: UNIQUE constraint failed: pending_ops.tag, pending_ops.target_class, pending_ops.target_package, pending_ops.user_id (code 2067 SQLITE_CONSTRAINT_UNIQUE) [CONTEXT service_id=218 ]
10-14 02:44:32.523  2760  2760 I memtrack@1.0-se: type=1400 audit(0.0:2914): avc: denied { open } for path="/sys/kernel/debug/mali0/ctx/26290_48/mem_profile" dev="debugfs" ino=667816 scontext=u:r:hal_memtrack_default:s0 tcontext=u:object_r:debugfs:s0 tclass=file permissive=1
10-14 02:44:32.523  2760  2760 I memtrack@1.0-se: type=1400 audit(0.0:2915): avc: denied { getattr } for path="/sys/kernel/debug/mali0/ctx/26290_48/mem_profile" dev="debugfs" ino=667816 scontext=u:r:hal_memtrack_default:s0 tcontext=u:object_r:debugfs:s0 tclass=file permissive=1
10-14 02:44:33.287  2789 31332 I chatty  : uid=1046(mediacodec) omx@1.0-service expire 17 lines
10-14 02:44:33.313  2789 31562 I chatty  : uid=1046(mediacodec) omx@1.0-service expire 2 lines
10-14 02:44:33.313  2789 31332 I chatty  : uid=1046(mediacodec) omx@1.0-service expire 23 lines
10-14 02:44:33.320 26290 31329 D SurfaceUtils: disconnecting from surface 0xc1f4d008, reason disconnectFromSurface
10-14 02:44:33.321  2789  2789 I chatty  : uid=1046(mediacodec) omx@1.0-service expire 68 lines
10-14 02:44:33.324  2679  2679 W hwservicemanager: getTransport: Cannot find entry android.hidl.memory@1.0::IMapper/ in either framework or device manifest.
10-14 02:44:33.325  2753  2753 E libhidlmemory: Could not fetch mapper for  shared memory
10-14 02:44:33.325  2753  2753 E WVCdm   : mapMemory returns nullptr
10-14 02:44:33.327  2753  2753 I WVCdm   : [cdm_engine.cpp(640):QuerySessionStatus] CdmEngine::QuerySessionStatus
10-14 02:44:33.328 26290 31566 I OMXClient: IOmx service obtained
10-14 02:44:33.331 26290 31292 I VideoTrackRenderer: Media Format use to configure codec: {max-height=486, max-width=864, mime=video/hevc, width=864, priority=0, frame-rate=30.0, rotation-degrees=0, max-input-size=157464, height=486, csd-0=java.nio.HeapByteBuffer[pos=0 lim=99 cap=99]}
10-14 02:44:33.332 26290 31565 D SurfaceUtils: connecting to surface 0xc1f4d008, reason connectToSurface
10-14 02:44:33.332 26290 31565 I MediaCodec: [OMX.amlogic.hevc.decoder.awesome] setting surface generation to 26920964
10-14 02:44:33.332 26290 31565 D SurfaceUtils: disconnecting from surface 0xc1f4d008, reason connectToSurface(reconnect)
10-14 02:44:33.332 26290 31565 D SurfaceUtils: connecting to surface 0xc1f4d008, reason connectToSurface(reconnect)
10-14 02:44:33.332 26290 31566 I AmAVUtils: AmAVUtils::getComponentRole isEncoder :0 mime:video/hevc 
10-14 02:44:33.332 26290 31566 V AVUtils : AVUtils::getComponentRole
10-14 02:44:33.333 26290 31566 E ACodec  : [OMX.amlogic.hevc.decoder.awesome] setPortMode on output to DynamicANWBuffer failed w/ err -2147483648
10-14 02:44:33.333  2789  2789 D OmxVideoDecoder: setParameter 1359 OMX_IndexAndroidStoreMetadataInBuffers
10-14 02:44:33.333  2789  2789 E OMXNodeInstance: setParameter(0xe78855b0:amlogic.hevc.decoder.awesome, OMX.google.android.index.storeMetaDataInBuffers(0x7f000002): Output:1 en=0 type=1) ERROR: BadPortIndex(0x8000101b)
10-14 02:44:33.334  2789 15987 D OmxVideoDecoder: setParameter 887 0x6000001
10-14 02:44:33.334  2789 15987 D OmxVideoDecoder: setParameter nPortIndex 0 CompFmt 0xb ColorFmt 0
10-14 02:44:33.334  2789 15987 D OmxVideoDecoder: setParameter 887 0x6000001
10-14 02:44:33.334  2789 15987 D OmxVideoDecoder: setParameter nPortIndex 1 CompFmt 0 ColorFmt 0x11
10-14 02:44:33.334  2789 15987 D OmxVideoDecoder: setParameter 887 0x2000001
10-14 02:44:33.334  2789 15987 D OmxVideoDecoder: setParameter nPortIndex 0 nFrameWidth 864 nFrameHeight 486 nSliceHeight 16
10-14 02:44:33.334  2789 15987 V OmxVideoDecoder: updatePort mUseNativeBuffers 1
10-14 02:44:33.334  2789 15987 D AmlogicVideoDecoderAwesome: get native buffer info NV:w:640,h:480..
10-14 02:44:33.334  2789 15987 V OmxVideoDecoder: updatePort:portDef.format.video.nFrameWidth=640,portDef.format.video.nFrameHeight=480
10-14 02:44:33.334  2789 15987 D OmxVideoDecoder: setParameter 887 0x2000001
10-14 02:44:33.334  2789 15987 W OmxVideoDecoder: Can not read property media.omx.display_mode
10-14 02:44:33.334  2789 15987 D OmxVideoDecoder: update mAdaptiveMaxFrameWidth mAdaptiveMaxFrameHeight to 864 x 486
10-14 02:44:33.334  2789 15987 D OmxVideoDecoder: setParameter nPortIndex 1 nFrameWidth 864 nFrameHeight 486 nSliceHeight 486
10-14 02:44:33.334  2789 15987 V OmxVideoDecoder: updatePort mUseNativeBuffers 1
10-14 02:44:33.334  2789 15987 D AmlogicVideoDecoderAwesome: get native buffer info NV:w:864,h:486..
10-14 02:44:33.334  2789 15987 V OmxVideoDecoder: updatePort:portDef.format.video.nFrameWidth=864,portDef.format.video.nFrameHeight=486
10-14 02:44:33.334  2789 15987 D OmxComponent: getExtensionIndex 1121 name="OMX.google.android.index.describeColorAspects"
10-14 02:44:33.334  2789  2789 D OmxComponent: getExtensionIndex 1121 name="OMX.google.android.index.storeMetaDataInBuffers"
10-14 02:44:33.334  2789  2789 D OmxComponent: getExtensionIndex 1121 name="OMX.google.android.index.storeANWBufferInMetadata"
10-14 02:44:33.334  2789  2789 D OmxComponent: getExtensionIndex 1121 name="OMX.google.android.index.prepareForAdaptivePlayback"
10-14 02:44:33.334  2789  2789 D OmxComponent: getExtensionIndex 1121 name="OMX.google.android.index.configureVideoTunnelMode"
10-14 02:44:33.334  2789  2789 D OmxComponent: getExtensionIndex 1121 name="OMX.google.android.index.useAndroidNativeBuffer2"
10-14 02:44:33.334  2789  2789 D OmxComponent: getExtensionIndex 1121 name="OMX.google.android.index.useAndroidNativeBuffer"
10-14 02:44:33.334  2789  2789 D OmxComponent: getExtensionIndex 1121 name="OMX.google.android.index.enableAndroidNativeBuffers"
10-14 02:44:33.334  2789  2789 D OmxComponent: getExtensionIndex 1121 name="OMX.google.android.index.allocateNativeHandle"
10-14 02:44:33.334  2789  2789 D OmxComponent: getExtensionIndex 1121 name="OMX.google.android.index.getAndroidNativeBufferUsage"
10-14 02:44:33.334  2789  2789 D OmxVideoDecoder: setConfig 1803 0x7f00000c
10-14 02:44:33.335  2789  2789 D OmxVideoDecoder: [DSZ] updateFinalColorAspects# final color aspects[P:1; T:3; M:1; R:2]
10-14 02:44:33.335  2789  2789 D OmxComponent: getExtensionIndex 1121 name="OMX.google.android.index.describeHDRStaticInfo"
10-14 02:44:33.335  2789 15987 D OmxVideoDecoder: setConfig 1803 0x7f000009
10-14 02:44:33.335  2789 15987 D OmxVideoDecoder: HDRStaticInfo: R=0 0; G=0 0; B=0 0; W=0 0; MaxDisplayLuminance:0, MinDisplayLuminance=0, mMaxContentLightLevel=0, MaxContentLightLevel=0
10-14 02:44:33.335  2789 15987 D OmxVideoDecoder: HDRStaticInfo: all parmeter is 0, set mHasHDRStaticInfo to false
10-14 02:44:33.335 26290 31566 I AmAVUtils: AmAVUtils::isAudioExtendFormat input = video/hevc
10-14 02:44:33.335  2789 15987 D OmxVideoDecoder: setConfig 1803 0x6f800002
10-14 02:44:33.335  2789 15987 V OmxVideoDecoder: setConfig 1905 nIndex 0x6f800002
10-14 02:44:33.335  2789 15987 D OmxComponent: setConfig 1114
10-14 02:44:33.335  2789 15987 E OMXNodeInstance: setConfig(0xe78855b0:amlogic.hevc.decoder.awesome, ConfigPriority(0x6f800002)) ERROR: UnsupportedIndex(0x8000101a)
10-14 02:44:33.335 26290 31566 I ACodec  : codec does not support config priority (err -1010)
10-14 02:44:33.335  2789 15987 D OmxVideoDecoder: getConfig 1701 0x6f100004
10-14 02:44:33.335  2789 15987 V OmxVideoDecoder: VendorExt: getConfig: index=0 (4k-osd)
10-14 02:44:33.335  2789 15987 D OmxVideoDecoder: getConfig 1701 0x6f100004
10-14 02:44:33.335  2789 15987 V OmxVideoDecoder: VendorExt: getConfig: index=1 (is-mvc)
10-14 02:44:33.335  2789 15987 D OmxVideoDecoder: getConfig 1701 0x6f100004
10-14 02:44:33.335  2789 15987 V OmxVideoDecoder: VendorExt: getConfig: index=2 (is-flv)
10-14 02:44:33.335  2789 15987 D OmxVideoDecoder: getConfig 1701 0x6f100004
10-14 02:44:33.335  2789 15987 V OmxVideoDecoder: VendorExt: getConfig: index=3 (dvconfig-box)
10-14 02:44:33.335  2789  2789 D OmxVideoDecoder: getConfig 1701 0x6f100004
10-14 02:44:33.335  2789  2789 V OmxVideoDecoder: VendorExt: getConfig: index=4 (profile-level)
10-14 02:44:33.336  2789  2789 D OmxVideoDecoder: getConfig 1701 0x6f100004
10-14 02:44:33.336  2789  2789 V OmxVideoDecoder: VendorExt: getConfig: index=4 (profile-level)
10-14 02:44:33.336  2789  2789 D OmxVideoDecoder: getConfig 1701 0x6f100004
10-14 02:44:33.336  2789  2789 V OmxVideoDecoder: VendorExt: getConfig: index=5 (nrdp)
10-14 02:44:33.336  2789 15987 D OmxVideoDecoder: getConfig 1701 0x6f100004
10-14 02:44:33.336  2789 15987 V OmxVideoDecoder: updatePort mUseNativeBuffers 1
10-14 02:44:33.336  2789 15987 D AmlogicVideoDecoderAwesome: get native buffer info NV:w:864,h:486..
10-14 02:44:33.336  2789 15987 V OmxVideoDecoder: updatePort:portDef.format.video.nFrameWidth=864,portDef.format.video.nFrameHeight=486
10-14 02:44:33.336  2789 15987 D OmxVideoDecoder: getConfig 1701 0x700000f
10-14 02:44:33.336  2789 15987 D OmxVideoDecoder: getConfig 1704 nIndex 0x700000f
10-14 02:44:33.336  2789 15987 D OmxVideoDecoder: getConfig OMX_IndexConfigCommonOutputCrop pRect->nWidth=864, pRect->nHeight=486
10-14 02:44:33.336  2789 15987 D OmxVideoDecoder: setConfig 1803 0x7f00000c
10-14 02:44:33.336  2789 15987 D OmxVideoDecoder: getConfig 1701 0x7f00000c
10-14 02:44:33.336  2789  2789 D OmxVideoDecoder: getConfig 1701 0x7f00000c
10-14 02:44:33.336  2789  2789 E OMXNodeInstance: getConfig(0xe78855b0:amlogic.hevc.decoder.awesome, ??(0x7f00000c)) ERROR: UnsupportedSetting(0x80001019)
10-14 02:44:33.336  2789  2789 D OmxVideoDecoder: getConfig 1701 0x7f000009
10-14 02:44:33.336  2789 15987 D OmxVideoDecoder: getConfig 1701 0x6f100004
10-14 02:44:33.336  2789 15987 V OmxVideoDecoder: VendorExt: getConfig: index=0 (4k-osd)
10-14 02:44:33.336  2789  2789 D OmxVideoDecoder: getConfig 1701 0x6f100004
10-14 02:44:33.336  2789  2789 V OmxVideoDecoder: VendorExt: getConfig: index=1 (is-mvc)
10-14 02:44:33.337  2789  2789 D OmxVideoDecoder: getConfig 1701 0x6f100004
10-14 02:44:33.337  2789  2789 V OmxVideoDecoder: VendorExt: getConfig: index=2 (is-flv)
10-14 02:44:33.337  2789 15987 D OmxVideoDecoder: getConfig 1701 0x6f100004
10-14 02:44:33.337  2789 15987 V OmxVideoDecoder: VendorExt: getConfig: index=3 (dvconfig-box)
10-14 02:44:33.337  2789 15987 D OmxVideoDecoder: getConfig 1701 0x6f100004
10-14 02:44:33.337  2789 15987 V OmxVideoDecoder: VendorExt: getConfig: index=4 (profile-level)
10-14 02:44:33.337  2789 15987 D OmxVideoDecoder: getConfig 1701 0x6f100004
10-14 02:44:33.337  2789 15987 V OmxVideoDecoder: VendorExt: getConfig: index=4 (profile-level)
10-14 02:44:33.337  2789 15987 D OmxVideoDecoder: getConfig 1701 0x6f100004
10-14 02:44:33.337  2789 15987 V OmxVideoDecoder: VendorExt: getConfig: index=5 (nrdp)
10-14 02:44:33.337  2789  2789 D OmxVideoDecoder: getConfig 1701 0x6f100004
10-14 02:44:33.338  2789 31567 I OmxComponent: OMX_CommandStateSet 738 Cmd 0 nParam1 0x2
10-14 02:44:33.338  2789 31567 I OmxComponent: STATE_SET:   OMX_StateLoaded => OMX_StateIdle : OMX.amlogic.hevc.decoder.awesome
10-14 02:44:33.338  2789 31567 I OmxComponent: STATE_TRANS: OMX_StateLoaded => OMX_StateIdle : OMX.amlogic.hevc.decoder.awesome
10-14 02:44:33.338  2746  2746 W AshmemAllocator: ashmem_create_region(1048576) returning hidl_memory(0xf1298180, 1048576)
10-14 02:44:33.339  2789 31567 I OmxComponent: STATE_TRANS: OMX_StateLoaded => OMX_StateIdle : OMX.amlogic.hevc.decoder.awesome
10-14 02:44:33.339  2746  2746 W AshmemAllocator: ashmem_create_region(1048576) returning hidl_memory(0xf1298180, 1048576)
10-14 02:44:33.339  2789 31567 I OmxComponent: STATE_TRANS: OMX_StateLoaded => OMX_StateIdle : OMX.amlogic.hevc.decoder.awesome
10-14 02:44:33.339  2746  2746 W AshmemAllocator: ashmem_create_region(1048576) returning hidl_memory(0xf1298180, 1048576)
10-14 02:44:33.339  2789 31567 I OmxComponent: STATE_TRANS: OMX_StateLoaded => OMX_StateIdle : OMX.amlogic.hevc.decoder.awesome
10-14 02:44:33.340  2789  2789 V OmxVideoDecoder: updatePort mUseNativeBuffers 1
10-14 02:44:33.340  2789  2789 D AmlogicVideoDecoderAwesome: get native buffer info NV:w:864,h:486..
10-14 02:44:33.340  2789  2789 V OmxVideoDecoder: updatePort:portDef.format.video.nFrameWidth=864,portDef.format.video.nFrameHeight=486
10-14 02:44:33.340  2789  2789 V OmxVideoDecoder: updatePort mUseNativeBuffers 1
10-14 02:44:33.340  2789  2789 D AmlogicVideoDecoderAwesome: get native buffer info NV:w:864,h:486..
10-14 02:44:33.340  2789  2789 V OmxVideoDecoder: updatePort:portDef.format.video.nFrameWidth=864,portDef.format.video.nFrameHeight=486
10-14 02:44:33.340  2789  2789 D OmxComponent: getExtensionIndex 1121 name="OMX.google.android.index.AndroidNativeBufferConsumerUsage"
10-14 02:44:33.340  2789  2789 D OmxVideoDecoder: setParameter 887 0x7f00000b
10-14 02:44:33.340  2789  2789 D OmxVideoDecoder: OMX_GoogleAndroidIndexAndroidNativeBufferConsumerUsage 0x900
10-14 02:44:33.340  2789 15987 D OmxComponent: getExtensionIndex 1121 name="OMX.google.android.index.getAndroidNativeBufferUsage"
10-14 02:44:33.340 26290 31566 D SurfaceUtils: disconnecting from surface 0xc1f4d008, reason setNativeWindowSizeFormatAndUsage
10-14 02:44:33.341 26290 31566 D SurfaceUtils: connecting to surface 0xc1f4d008, reason setNativeWindowSizeFormatAndUsage
10-14 02:44:33.341 26290 31566 D SurfaceUtils: set up nativeWindow 0xc1f4d008 for 864x486, color 0x11, rotation 0, usage 0x402b00
10-14 02:44:33.341  2789 15987 D OmxVideoDecoder: setParameter 887 0x2000001
10-14 02:44:33.341  2789 15987 W OmxVideoDecoder: Can not read property media.omx.display_mode
10-14 02:44:33.341  2789 15987 D OmxVideoDecoder: update mAdaptiveMaxFrameWidth mAdaptiveMaxFrameHeight to 864 x 486
10-14 02:44:33.341  2789 15987 D OmxVideoDecoder: setParameter nPortIndex 1 nFrameWidth 864 nFrameHeight 486 nSliceHeight 486
10-14 02:44:33.341  2789 15987 V OmxVideoDecoder: updatePort mUseNativeBuffers 1
10-14 02:44:33.341  2789 15987 D AmlogicVideoDecoderAwesome: get native buffer info NV:w:864,h:486..
10-14 02:44:33.341  2789 15987 V OmxVideoDecoder: updatePort:portDef.format.video.nFrameWidth=864,portDef.format.video.nFrameHeight=486
10-14 02:44:33.341  2768  2950 W         : buffer descriptor with invalid usage bits 0x2000
10-14 02:44:33.341  2756  8190 I [Gralloc]: framebuffer hal alread move to hwcomposer
10-14 02:44:33.349  2789 15987 D OmxComponent: getExtensionIndex 1121 name="OMX.google.android.index.useAndroidNativeBuffer2"
10-14 02:44:33.349  2789 15987 V OmxVideoDecoder: updatePort mUseNativeBuffers 1
10-14 02:44:33.349  2789 15987 D AmlogicVideoDecoderAwesome: get native buffer info NV:w:864,h:486..
10-14 02:44:33.349  2789 15987 V OmxVideoDecoder: updatePort:portDef.format.video.nFrameWidth=864,portDef.format.video.nFrameHeight=486
10-14 02:44:33.349  2789 31567 I OmxComponent: STATE_TRANS: OMX_StateLoaded => OMX_StateIdle : OMX.amlogic.hevc.decoder.awesome
10-14 02:44:33.349  2768  3293 W         : buffer descriptor with invalid usage bits 0x2000
10-14 02:44:33.349  2756  8190 I [Gralloc]: framebuffer hal alread move to hwcomposer
10-14 02:44:33.352  2789 15987 D OmxComponent: getExtensionIndex 1121 name="OMX.google.android.index.useAndroidNativeBuffer2"
10-14 02:44:33.352  2789 15987 V OmxVideoDecoder: updatePort mUseNativeBuffers 1
10-14 02:44:33.352  2789 15987 D AmlogicVideoDecoderAwesome: get native buffer info NV:w:864,h:486..
10-14 02:44:33.352  2789 15987 V OmxVideoDecoder: updatePort:portDef.format.video.nFrameWidth=864,portDef.format.video.nFrameHeight=486
10-14 02:44:33.352  2789 31567 I OmxComponent: STATE_TRANS: OMX_StateLoaded => OMX_StateIdle : OMX.amlogic.hevc.decoder.awesome
10-14 02:44:33.352  2768  2950 W         : buffer descriptor with invalid usage bits 0x2000
10-14 02:44:33.352  2756  8190 I [Gralloc]: framebuffer hal alread move to hwcomposer
10-14 02:44:33.355  2789 15987 D OmxComponent: getExtensionIndex 1121 name="OMX.google.android.index.useAndroidNativeBuffer2"
10-14 02:44:33.355  2789 15987 V OmxVideoDecoder: updatePort mUseNativeBuffers 1
10-14 02:44:33.355  2789 15987 D AmlogicVideoDecoderAwesome: get native buffer info NV:w:864,h:486..
10-14 02:44:33.355  2789 15987 V OmxVideoDecoder: updatePort:portDef.format.video.nFrameWidth=864,portDef.format.video.nFrameHeight=486
10-14 02:44:33.355  2789 31567 I OmxComponent: STATE_TRANS: OMX_StateLoaded => OMX_StateIdle : OMX.amlogic.hevc.decoder.awesome
10-14 02:44:33.355  2768  3293 W         : buffer descriptor with invalid usage bits 0x2000
10-14 02:44:33.355  2756  8190 I [Gralloc]: framebuffer hal alread move to hwcomposer
10-14 02:44:33.357  2789 15987 D OmxComponent: getExtensionIndex 1121 name="OMX.google.android.index.useAndroidNativeBuffer2"
10-14 02:44:33.357  2789 15987 V OmxVideoDecoder: updatePort mUseNativeBuffers 1
10-14 02:44:33.357  2789 15987 D AmlogicVideoDecoderAwesome: get native buffer info NV:w:864,h:486..
10-14 02:44:33.357  2789 15987 V OmxVideoDecoder: updatePort:portDef.format.video.nFrameWidth=864,portDef.format.video.nFrameHeight=486
10-14 02:44:33.357  2789 31567 I OmxComponent: STATE_TRANS: OMX_StateLoaded => OMX_StateIdle : OMX.amlogic.hevc.decoder.awesome
10-14 02:44:33.357  2768  2950 W         : buffer descriptor with invalid usage bits 0x2000
10-14 02:44:33.357  2756  8190 I [Gralloc]: framebuffer hal alread move to hwcomposer
10-14 02:44:33.359  2789 15987 D OmxComponent: getExtensionIndex 1121 name="OMX.google.android.index.useAndroidNativeBuffer2"
10-14 02:44:33.359  2789 15987 V OmxVideoDecoder: updatePort mUseNativeBuffers 1
10-14 02:44:33.359  2789 15987 D AmlogicVideoDecoderAwesome: get native buffer info NV:w:864,h:486..
10-14 02:44:33.359  2789 15987 V OmxVideoDecoder: updatePort:portDef.format.video.nFrameWidth=864,portDef.format.video.nFrameHeight=486
10-14 02:44:33.359  2789 31567 I OmxComponent: STATE_TRANS: OMX_StateLoaded => OMX_StateIdle : OMX.amlogic.hevc.decoder.awesome
10-14 02:44:33.359  2768  2950 W         : buffer descriptor with invalid usage bits 0x2000
10-14 02:44:33.360  2756  8190 I [Gralloc]: framebuffer hal alread move to hwcomposer
10-14 02:44:33.362  2789 15987 D OmxComponent: getExtensionIndex 1121 name="OMX.google.android.index.useAndroidNativeBuffer2"
10-14 02:44:33.362  2789 15987 V OmxVideoDecoder: updatePort mUseNativeBuffers 1
10-14 02:44:33.362  2789 15987 D AmlogicVideoDecoderAwesome: get native buffer info NV:w:864,h:486..
10-14 02:44:33.362  2789 15987 V OmxVideoDecoder: updatePort:portDef.format.video.nFrameWidth=864,portDef.format.video.nFrameHeight=486
10-14 02:44:33.362  2789 31567 I OmxComponent: STATE_TRANS: OMX_StateLoaded => OMX_StateIdle : OMX.amlogic.hevc.decoder.awesome
10-14 02:44:33.362  2768  2950 W         : buffer descriptor with invalid usage bits 0x2000
10-14 02:44:33.362  2756  8190 I [Gralloc]: framebuffer hal alread move to hwcomposer
10-14 02:44:33.364  2789 15987 D OmxComponent: getExtensionIndex 1121 name="OMX.google.android.index.useAndroidNativeBuffer2"
10-14 02:44:33.364  2789 15987 V OmxVideoDecoder: updatePort mUseNativeBuffers 1
10-14 02:44:33.364  2789 15987 D AmlogicVideoDecoderAwesome: get native buffer info NV:w:864,h:486..
10-14 02:44:33.364  2789 15987 V OmxVideoDecoder: updatePort:portDef.format.video.nFrameWidth=864,portDef.format.video.nFrameHeight=486
10-14 02:44:33.364  2789 31567 I OmxComponent: STATE_TRANS: OMX_StateLoaded => OMX_StateIdle : OMX.amlogic.hevc.decoder.awesome
10-14 02:44:33.364  2768  2950 W         : buffer descriptor with invalid usage bits 0x2000
10-14 02:44:33.364  2756  8190 I [Gralloc]: framebuffer hal alread move to hwcomposer
10-14 02:44:33.366  2789 15987 D OmxComponent: getExtensionIndex 1121 name="OMX.google.android.index.useAndroidNativeBuffer2"
10-14 02:44:33.366  2789 15987 V OmxVideoDecoder: updatePort mUseNativeBuffers 1
10-14 02:44:33.366  2789 15987 D AmlogicVideoDecoderAwesome: get native buffer info NV:w:864,h:486..
10-14 02:44:33.366  2789 15987 V OmxVideoDecoder: updatePort:portDef.format.video.nFrameWidth=864,portDef.format.video.nFrameHeight=486
10-14 02:44:33.366  2789 31567 I OmxComponent: STATE_TRANS: OMX_StateLoaded => OMX_StateIdle : OMX.amlogic.hevc.decoder.awesome
10-14 02:44:33.366  2789 31567 V AmlogicVideoDecoderAwesome: acquireResources:360 >
10-14 02:44:33.366  2789 31567 D AmlogicVideoDecoderAwesome: setUp mVideoDisplay =0, mDisplayMode=0
10-14 02:44:33.366  2789 31567 D AmlogicVideoDecoderAwesome: mMaxFrameWidth 864, mMaxFrameHeight 486
10-14 02:44:33.366  2789 31567 I AmlogicVideoDecoderAwesome: video layer mKeepLastFrame 1
10-14 02:44:33.366  2789 31567 V AmlogicVideoDecoderAwesome: enable osd or video ...-410496000
10-14 02:44:33.366  2789 31567 V AmlogicVideoDecoderAwesome: media.omx.buffermargin is not set used def=0
10-14 02:44:33.366  2789 31567 D AmlogicVideoDecoderAwesome: mDoubleWriteMode 16
10-14 02:44:33.366  2789 31567 V debugSetup: media.omx.dumpRecv is disabled
10-14 02:44:33.366  2789 31567 V debugSetup: media.omx.dumpCodec is disabled
10-14 02:44:33.366  2789 31567 V AmlogicVideoDecoderAwesome: *Input Frame Rate is 3200..
10-14 02:44:33.366  2789 31567 V AmlogicVideoDecoderAwesome: videoDefine.xFramerate:1e0000  
10-14 02:44:33.366  2789 31567 V AmlogicVideoDecoderAwesome: mVideoType:11
10-14 02:44:33.366  2789 31567 D AmlogicVideoDecoderAwesome: decoder_type = 1
10-14 02:44:33.366  2789 31567 D AmlogicVideoDecoderAwesome: AmlogicVideoDecoder::setUp, mUseFrameMode 1, video_path 0
10-14 02:44:33.366  2789 31567 D AmlogicVideoDecoderAwesome: alloc ION Video device instance ID:0
10-14 02:44:33.366  2789 31567 D AmlogicVideoDecoderAwesome: mAmlCodecParam->config=hevc_buf_width:1920;hevc_buf_height:1088;hevc_buf_margin:0;hevc_double_write_mode:16;save_buffer_mode:0;
10-14 02:44:33.366  2789 31567 D AmlogicVideoDecoderAwesome: mAmlCodecParam->config_len=105
10-14 02:44:33.366  2789 31567 D AmlogicVideoDecoderAwesome: codecInit
10-14 02:44:33.368  2789 31567 D AmlogicVideoDecoderAwesome: codecInit done
10-14 02:44:33.369  2789 31567 D AmlogicVideoDecoderAwesome: media.omx.videopeek 0
10-14 02:44:33.369  2789 31567 I AmlogicVideoDecoderAwesome: video layer sync version is 3
10-14 02:44:33.369  2789 31567 V AmlogicVideoDecoderAwesome: mFlvFlag=0
10-14 02:44:33.369  2789 31567 V AmlogicVideoDecoderAwesome: mOutBufferCount =8
10-14 02:44:33.369  2789 31567 V AmlogicVideoDecoderAwesome: mIsNativeBuffers =1
10-14 02:44:33.369  2789 31567 D AmlogicVideoDecoderAwesome: mAmvideoDev->use_frame_mode=0
10-14 02:44:33.369  2789 31567 D AmlogicVideoDecoderAwesome: mAmvideoDev->use_frame_mode=1, mUseFrameMode=1
10-14 02:44:33.369  2789 31567 I amvdec  : amvideo_init ret=0
10-14 02:44:33.369  2789 31567 D AmlogicVideoDecoderAwesome: output buffer:mWidth:864, mHeight:486, mVideoDevId:0
10-14 02:44:33.371  2789 31567 I OmxComponent: STATE_DONE:  OMX_StateLoaded => OMX_StateIdle : OMX.amlogic.hevc.decoder.awesome
10-14 02:44:33.372  2789 31567 I OmxComponent: OMX_CommandStateSet 738 Cmd 0 nParam1 0x3
10-14 02:44:33.372  2789 31567 I OmxComponent: STATE_SET:   OMX_StateIdle => OMX_StateExecuting : OMX.amlogic.hevc.decoder.awesome
10-14 02:44:33.372  2789 31567 V AmlogicVideoDecoderAwesome: prepare:281 >
10-14 02:44:33.372  2789 31567 D AmlogicVideoDecoderAwesome: mVideo mDisplayTread start
10-14 02:44:33.372  2789 31567 D AmlogicVideoDecoderAwesome: mDTaskStatus=0
10-14 02:44:33.372  2789 31567 V AmlogicVideoDecoderAwesome: start:294 >
10-14 02:44:33.372  2789 31567 D AmlogicVideoDecoderAwesome: mVideo start
10-14 02:44:33.372  2789 31567 I OmxComponent: STATE_TRANS: OMX_StateIdle => OMX_StateExecuting : OMX.amlogic.hevc.decoder.awesome
10-14 02:44:33.372  2789 31567 I OmxComponent: STATE_DONE:  OMX_StateIdle => OMX_StateExecuting : OMX.amlogic.hevc.decoder.awesome
10-14 02:44:33.373  2789 31572 V OMX_WorkerPeer: hardware/amlogic/omx/omx_framework/WorkerPeer.cpp:runWorkerStatic:152 --------------------
10-14 02:44:33.373  2789 31572 V OMX_WorkerPeer: hardware/amlogic/omx/omx_framework/WorkerPeer.cpp:runWorker:158 --------------------
10-14 02:44:33.373  2789 15987 D AmlogicVideoDecoderAwesome: memset outputbuffer index=0, size 629856
10-14 02:44:33.373  2789  2789 D AmlogicVideoDecoderAwesome: memset outputbuffer index=1, size 629856
10-14 02:44:33.374  2789 15987 D AmlogicVideoDecoderAwesome: memset outputbuffer index=2, size 629856
10-14 02:44:33.374  2789  2789 D AmlogicVideoDecoderAwesome: memset outputbuffer index=3, size 629856
10-14 02:44:33.375  2789 31572 V AmlogicVideoDecoderAwesome: doCodecSpec csd_len=99
10-14 02:44:33.375  2789 31572 E AmlogicVideoDecoderAwesome: SPS: Main10 profile bitstream
10-14 02:44:33.375  2789 31572 E AmlogicVideoDecoderAwesome: SPS: bit_depth=8,8
10-14 02:44:33.375  2789 31572 V AmlogicVideoDecoderAwesome: hevc csd size = 99, [864:512],bitdepth=8
10-14 02:44:33.390  2789 31572 D AmlogicVideoDecoderAwesome: =11, =864, =486, =864, =486, =16666000, =16700000, =16733000, =16001, =736, =558
10-14 02:44:33.400  2789 31571 D AmlogicVideoDecoderAwesome: mFirstInputTime = 9125251, mFirstOutputTime=9125267, delay= 16ms
10-14 02:44:33.401  2789  2789 V OmxVideoDecoder: updatePort mUseNativeBuffers 1
10-14 02:44:33.401  2789  2789 D AmlogicVideoDecoderAwesome: get native buffer info NV:w:864,h:486..
10-14 02:44:33.401  2789  2789 V OmxVideoDecoder: updatePort:portDef.format.video.nFrameWidth=864,portDef.format.video.nFrameHeight=486
10-14 02:44:33.401  2789 15987 D OmxVideoDecoder: getConfig 1701 0x700000f
10-14 02:44:33.401  2789 15987 D OmxVideoDecoder: getConfig 1704 nIndex 0x700000f
10-14 02:44:33.401  2789 15987 D OmxVideoDecoder: getConfig OMX_IndexConfigCommonOutputCrop pRect->nWidth=864, pRect->nHeight=486
10-14 02:44:33.401  2789  2789 D OmxVideoDecoder: setConfig 1803 0x7f00000c
10-14 02:44:33.401  2789  2789 D OmxVideoDecoder: getConfig 1701 0x7f00000c
10-14 02:44:33.401  2789  2789 D OmxVideoDecoder: getConfig 1701 0x7f00000c
10-14 02:44:33.401  2789  2789 E OMXNodeInstance: getConfig(0xe78855b0:amlogic.hevc.decoder.awesome, ??(0x7f00000c)) ERROR: UnsupportedSetting(0x80001019)
10-14 02:44:33.401  2789  2789 D OmxVideoDecoder: getConfig 1701 0x7f000009
10-14 02:44:33.401  2789 15987 D OmxVideoDecoder: getConfig 1701 0x6f100004
10-14 02:44:33.401  2789 15987 V OmxVideoDecoder: VendorExt: getConfig: index=0 (4k-osd)
10-14 02:44:33.401  2789 15987 D OmxVideoDecoder: getConfig 1701 0x6f100004
10-14 02:44:33.401  2789 15987 V OmxVideoDecoder: VendorExt: getConfig: index=1 (is-mvc)
10-14 02:44:33.401  2789 15987 D OmxVideoDecoder: getConfig 1701 0x6f100004
10-14 02:44:33.401  2789 15987 V OmxVideoDecoder: VendorExt: getConfig: index=2 (is-flv)
10-14 02:44:33.402  2789 15987 D OmxVideoDecoder: getConfig 1701 0x6f100004
10-14 02:44:33.402  2789 15987 V OmxVideoDecoder: VendorExt: getConfig: index=3 (dvconfig-box)
10-14 02:44:33.402  2789  2789 D OmxVideoDecoder: getConfig 1701 0x6f100004
10-14 02:44:33.402  2789  2789 V OmxVideoDecoder: VendorExt: getConfig: index=4 (profile-level)
10-14 02:44:33.402  2789  2789 D OmxVideoDecoder: getConfig 1701 0x6f100004
10-14 02:44:33.402  2789  2789 V OmxVideoDecoder: VendorExt: getConfig: index=4 (profile-level)
10-14 02:44:33.402  2789  2789 D OmxVideoDecoder: getConfig 1701 0x6f100004
10-14 02:44:33.402  2789  2789 V OmxVideoDecoder: VendorExt: getConfig: index=5 (nrdp)
10-14 02:44:33.402  2789 15987 D OmxVideoDecoder: getConfig 1701 0x6f100004
10-14 02:44:33.339  2768  2768 I Binder:2768_3: type=1400 audit(0.0:2916): avc: denied { read } for name="gralloc.odroidn2.so" dev="mmcblk0p12" ino=705 scontext=u:r:surfaceflinger:s0 tcontext=u:object_r:vendor_file:s0 tclass=file permissive=1
10-14 02:44:33.456  2789  2789 D AmlogicVideoDecoderAwesome: memset outputbuffer index=4, size 629856
10-14 02:44:33.339  2768  2768 I Binder:2768_3: type=1400 audit(0.0:2917): avc: denied { open } for path="/vendor/lib/hw/gralloc.odroidn2.so" dev="mmcblk0p12" ino=705 scontext=u:r:surfaceflinger:s0 tcontext=u:object_r:vendor_file:s0 tclass=file permissive=1
10-14 02:44:33.468  2789 15987 D AmlogicVideoDecoderAwesome: memset outputbuffer index=5, size 629856
10-14 02:44:33.473  2789 15987 D AmlogicVideoDecoderAwesome: memset outputbuffer index=6, size 629856
10-14 02:44:33.474  2789 15987 D AmlogicVideoDecoderAwesome: memset outputbuffer index=7, size 629856
10-14 02:44:36.011  2756  8190 I [Gralloc]: framebuffer hal alread move to hwcomposer
10-14 02:44:36.011  2953  2953 I android.display: type=1400 audit(0.0:2919): avc: denied { read } for name="gralloc.odroidn2.so" dev="mmcblk0p12" ino=705 scontext=u:r:system_server:s0 tcontext=u:object_r:vendor_file:s0 tclass=file permissive=1
10-14 02:44:36.011  2953  2953 I android.display: type=1400 audit(0.0:2920): avc: denied { open } for path="/vendor/lib/hw/gralloc.odroidn2.so" dev="mmcblk0p12" ino=705 scontext=u:r:system_server:s0 tcontext=u:object_r:vendor_file:s0 tclass=file permissive=1
10-14 02:44:36.011  2953  2953 I android.display: type=1400 audit(0.0:2921): avc: denied { getattr } for path="/vendor/lib/hw/gralloc.odroidn2.so" dev="mmcblk0p12" ino=705 scontext=u:r:system_server:s0 tcontext=u:object_r:vendor_file:s0 tclass=file permissive=1
10-14 02:44:36.028  2768  2768 E SurfaceFlinger: [Sprite#0] rejecting buffer: bufWidth=32, bufHeight=32, front.active.{w=28, h=36}
10-14 02:44:36.030  2756  8190 I [Gralloc]: framebuffer hal alread move to hwcomposer
10-14 02:44:36.402 26290 26290 I PlayerController: Pause
10-14 02:44:36.402 26290 26290 D PlayerController: Playback state changed. Last: Playing New: Pausing
10-14 02:44:36.449 26290 26332 W FA      : Value is too long; discarded. Value kind, name, value length: param, ping_payload, 1128
10-14 02:44:36.461  3483 13406 W NetworkScheduler: Error inserting period=6462000 preferred_charging_state=1 preferred_network_type=1 target_class=com.google.android.gms.measurement.PackageMeasurementTaskService required_network_type=0 runtime=1602611076459 required_idleness_state=0 source=16 service_kind=0 target_package=com.google.android.gms persistence_level=1 source_version=203615000 last_runtime=0 user_id=0 job_id=-1 requires_charging=0 tag=Measurement.PackageMeasurementTaskService.UPLOAD_TASK_TAG flex_time=3230000 task_type=0 retry_strategy={"maximum_backoff_seconds":{"3600":0},"initial_backoff_seconds":{"30":0},"retry_policy":{"0":0}}, error message: UNIQUE constraint failed: pending_ops.tag, pending_ops.target_class, pending_ops.target_package, pending_ops.user_id (code 2067 SQLITE_CONSTRAINT_UNIQUE) [CONTEXT service_id=218 ]
10-14 02:44:36.492 26290 26332 W FA      : Value is too long; discarded. Value kind, name, value length: param, ping_payload, 1128
10-14 02:44:36.504  3483 13406 W NetworkScheduler: Error inserting period=6461000 preferred_charging_state=1 preferred_network_type=1 target_class=com.google.android.gms.measurement.PackageMeasurementTaskService required_network_type=0 runtime=1602611076502 required_idleness_state=0 source=16 service_kind=0 target_package=com.google.android.gms persistence_level=1 source_version=203615000 last_runtime=0 user_id=0 job_id=-1 requires_charging=0 tag=Measurement.PackageMeasurementTaskService.UPLOAD_TASK_TAG flex_time=3230000 task_type=0 retry_strategy={"maximum_backoff_seconds":{"3600":0},"initial_backoff_seconds":{"30":0},"retry_policy":{"0":0}}, error message: UNIQUE constraint failed: pending_ops.tag, pending_ops.target_class, pending_ops.target_package, pending_ops.user_id (code 2067 SQLITE_CONSTRAINT_UNIQUE) [CONTEXT service_id=218 ]
10-14 02:44:36.549  3483 31090 W NetworkScheduler: Error inserting period=6461000 preferred_charging_state=1 preferred_network_type=1 target_class=com.google.android.gms.measurement.PackageMeasurementTaskService required_network_type=0 runtime=1602611076547 required_idleness_state=0 source=16 service_kind=0 target_package=com.google.android.gms persistence_level=1 source_version=203615000 last_runtime=0 user_id=0 job_id=-1 requires_charging=0 tag=Measurement.PackageMeasurementTaskService.UPLOAD_TASK_TAG flex_time=3230000 task_type=0 retry_strategy={"maximum_backoff_seconds":{"3600":0},"initial_backoff_seconds":{"30":0},"retry_policy":{"0":0}}, error message: UNIQUE constraint failed: pending_ops.tag, pending_ops.target_class, pending_ops.target_package, pending_ops.user_id (code 2067 SQLITE_CONSTRAINT_UNIQUE) [CONTEXT service_id=218 ]
10-14 02:44:37.433  4078  4078 D skia    : --- Failed to create image decoder with message 'unimplemented'
10-14 02:44:37.439  4078  4078 I tutu.ABenchMark: type=1400 audit(0.0:2922): avc: denied { open } for path="/proc/stat" dev="proc" ino=4026531957 scontext=u:r:untrusted_app_27:s0:c512,c768 tcontext=u:object_r:proc_stat:s0 tclass=file permissive=1
10-14 02:44:37.439  4078  4078 I tutu.ABenchMark: type=1400 audit(0.0:2923): avc: denied { getattr } for path="/proc/stat" dev="proc" ino=4026531957 scontext=u:r:untrusted_app_27:s0:c512,c768 tcontext=u:object_r:proc_stat:s0 tclass=file permissive=1
10-14 02:44:37.443  4078  4078 I tutu.ABenchMark: type=1400 audit(0.0:2924): avc: denied { read } for name="temp" dev="sysfs" ino=8951 scontext=u:r:untrusted_app_27:s0:c512,c768 tcontext=u:object_r:sysfs:s0 tclass=file permissive=1
10-14 02:44:37.443  4078  4078 I tutu.ABenchMark: type=1400 audit(0.0:2925): avc: denied { open } for path="/sys/devices/virtual/thermal/thermal_zone0/temp" dev="sysfs" ino=8951 scontext=u:r:untrusted_app_27:s0:c512,c768 tcontext=u:object_r:sysfs:s0 tclass=file permissive=1
10-14 02:44:37.443  4078  4078 I tutu.ABenchMark: type=1400 audit(0.0:2926): avc: denied { getattr } for path="/sys/devices/virtual/thermal/thermal_zone0/temp" dev="sysfs" ino=8951 scontext=u:r:untrusted_app_27:s0:c512,c768 tcontext=u:object_r:sysfs:s0 tclass=file permissive=1
10-14 02:44:37.447  4078  4078 D skia    : --- Failed to create image decoder with message 'unimplemented'
10-14 02:44:39.502  2747  2888 D audio-subMixingFactory: out_standby_subMixingPCM: out_stream(0xee3ca000) usecase: STREAM_PCM_NORMAL
10-14 02:44:39.502  2747  2888 I audio-subMixingFactory: ++usecase_change_validate_l_sm(), dev usecase masks = 0x1, is_standby = 1, out usecase STREAM_PCM_NORMAL
10-14 02:44:39.502  2747  2888 I audio-subMixingFactory: --usecase_change_validate_l_sm(), dev usecase masks = 0, is_standby = 1, out usecase STREAM_PCM_NORMAL
10-14 02:44:39.502  2747  2888 I amlaudioMixer: ++delete_mixer_input_port port ID: 0
10-14 02:44:39.502  2747  2907 E amlaudioMixer: mixer_do_mixing_16bit(), sys or direct pcm must exist!!!
10-14 02:44:41.623 25583 25583 I com.kakao.talk: type=1400 audit(0.0:2927): avc: denied { open } for path="/proc/vmstat" dev="proc" ino=4026531993 scontext=u:r:untrusted_app:s0:c80,c256,c512,c768 tcontext=u:object_r:proc_vmstat:s0 tclass=file permissive=1
10-14 02:44:41.623 25583 25583 I com.kakao.talk: type=1400 audit(0.0:2928): avc: denied { getattr } for path="/proc/vmstat" dev="proc" ino=4026531993 scontext=u:r:untrusted_app:s0:c80,c256,c512,c768 tcontext=u:object_r:proc_vmstat:s0 tclass=file permissive=1
10-14 02:44:15.653 26290 26290 I chatty  : uid=10082(com.frograms.wplay) identical 2 lines
10-14 02:44:15.654 26290 26290 W ViewRootImpl[MainActivity]: Cancelling event due to no window focus: MotionEvent { action=ACTION_CANCEL, actionButton=0, id[0]=0, x[0]=661.24634, y[0]=401.04446, toolType[0]=TOOL_TYPE_MOUSE, buttonState=0, metaState=0, flags=0x0, edgeFlags=0x0, pointerCount=1, historySize=0, eventTime=9107519, downTime=9101867, deviceId=4, source=0x2002 }
10-14 02:44:46.166  2787  2821 E storaged: getDiskStats failed with result NOT_SUPPORTED and size 0
10-14 02:44:47.456  4078  4078 D skia    : --- Failed to create image decoder with message 'unimplemented'
10-14 02:44:47.468  4078  4078 D skia    : --- Failed to create image decoder with message 'unimplemented'
10-14 02:44:52.847  4078  4078 I tutu.ABenchMark: type=1400 audit(0.0:2929): avc: denied { open } for path="/proc/vmstat" dev="proc" ino=4026531993 scontext=u:r:untrusted_app_27:s0:c512,c768 tcontext=u:object_r:proc_vmstat:s0 tclass=file permissive=1
10-14 02:44:52.847  4078  4078 I tutu.ABenchMark: type=1400 audit(0.0:2930): avc: denied { getattr } for path="/proc/vmstat" dev="proc" ino=4026531993 scontext=u:r:untrusted_app_27:s0:c512,c768 tcontext=u:object_r:proc_vmstat:s0 tclass=file permissive=1
10-14 02:44:55.163  2756  8190 I [Gralloc]: framebuffer hal alread move to hwcomposer
10-14 02:44:56.303  2747  7191 W amlaudioMixer: mixer_get_presentation_position(), port not ready now
10-14 02:44:56.303  2747  7191 W audio-subMixingFactory: out_get_presentation_position_port(), pts not valid yet
10-14 02:44:56.304  2747  7191 I audio-subMixingFactory: ++usecase_change_validate_l_sm: dev usecase masks = 0, out usecase_masks = 0, out usecase STREAM_PCM_NORMAL
10-14 02:44:56.304  2747  7191 I audio-subMixingFactory: ++++usecase_change_validate_l_sm(),continuous_audio_mode 0 dev usecase masks = 0, out usecase_masks = 0, out usecase STREAM_PCM_NORMAL
10-14 02:44:56.304  2747  7191 I audio-subMixingFactory: usecase_change_validate_l_sm(), mixer_aux_buffer_write_sm !
10-14 02:44:56.304  2747  7191 I audio-subMixingFactory: ----usecase_change_validate_l_sm(), continuous_audio_mode 0 dev usecase masks = 0x1, out usecase_masks = 0x1, out usecase STREAM_PCM_NORMAL
10-14 02:44:56.304  2747  7191 I aml_audio_port: get_input_port_index(), samplerate 48000
10-14 02:44:56.304  2747  7191 D aml_audio_port: new_input_port(), index:0, rbuf size:8192, direct_on:0
10-14 02:44:56.304  2747  7191 D aml_audio_port: new_input_port(), fmt 0x1, rate 48000
10-14 02:44:56.304  2747  7191 I amlaudioMixer: ++init_mixer_input_port port index 0, size 512 frames
10-14 02:44:56.304  2747  7191 I amlaudioMixer: init_mixer_input_port(), port->initial_frames: 66876416
10-14 02:44:56.304  2747  7191 I aml_audio_port: get_input_port_index(), samplerate 48000
10-14 02:44:56.304  2747  7191 I audio-subMixingFactory: mixer_aux_buffer_write_sm(), primary 0xee3ca000 port index = 0
10-14 02:44:56.304  2747  7191 I audio-subMixingFactory: padding_bytes 16384
10-14 02:44:56.304  2747  7191 I amlaudioMixer: port index 0 is active now
10-14 02:44:56.304  2747  7191 I audio-subMixingFactory: padding_bytes 14336
10-14 02:44:56.304  2747  7191 I audio-subMixingFactory: padding_bytes 12288
10-14 02:44:56.304  2747  7191 I audio-subMixingFactory: padding_bytes 10240
10-14 02:44:56.304  2747  7191 I audio-subMixingFactory: padding_bytes 8192
10-14 02:44:56.304  2747  7191 I audio-subMixingFactory: padding_bytes 6144
10-14 02:44:56.308  2747  7191 I audio-subMixingFactory: padding_bytes 4096
10-14 02:44:56.311  2747  7191 I audio-subMixingFactory: padding_bytes 2048
10-14 02:44:56.316 26290 26290 I PlayerController: Play
10-14 02:44:56.316 26290 26290 D PlayerController: Playback state changed. Last: Pausing New: Playing
10-14 02:44:56.317 26290 31296 D AudioTrack: correcting timestamp time for pause, currentTimeNanos: 9128412770934 < limitNs: 9148141570110 < mStartNs: 9148183570110
10-14 02:44:56.318  2747  7191 W amlaudioMixer: mixer_get_presentation_position(), not valid now
10-14 02:44:56.318  2747  7191 W audio-subMixingFactory: out_get_presentation_position_port(), pts not valid yet
10-14 02:44:56.323 26290 31296 W AudioTrack: getTimestamp() location moved from kernel to server
10-14 02:44:56.324 26290 26290 V MediaRouter: onRestoreRoute() : route=RouteInfo{ name=HDMI, description=null, status=null, category=RouteCategory{ name= types=ROUTE_TYPE_LIVE_AUDIO ROUTE_TYPE_LIVE_VIDEO  groupable=false }, supportedTypes=ROUTE_TYPE_LIVE_AUDIO ROUTE_TYPE_LIVE_VIDEO , presentationDisplay=null }
10-14 02:44:56.325 26290 26290 V MediaRouter: Selecting route: RouteInfo{ name=HDMI, description=null, status=null, category=RouteCategory{ name= types=ROUTE_TYPE_LIVE_AUDIO ROUTE_TYPE_LIVE_VIDEO  groupable=false }, supportedTypes=ROUTE_TYPE_LIVE_AUDIO ROUTE_TYPE_LIVE_VIDEO , presentationDisplay=null }
10-14 02:44:56.329  2747  7191 W amlaudioMixer: mixer_get_presentation_position(), not valid now
10-14 02:44:56.329  2747  7191 W audio-subMixingFactory: out_get_presentation_position_port(), pts not valid yet
10-14 02:44:56.346  2766  2911 D AudioFlinger: mixer(0xeb583ac0) throttle end: throttle time(4)
10-14 02:44:56.352 26290 31296 W AudioTrack: retrograde timestamp position corrected, -1024 = 958464 - 959488
10-14 02:44:56.354 26290 26332 W FA      : Value is too long; discarded. Value kind, name, value length: param, ping_payload, 1128
10-14 02:44:56.380 26290 26332 W FA      : Value is too long; discarded. Value kind, name, value length: param, ping_payload, 1128
10-14 02:44:56.454  3483 31090 W NetworkScheduler: Error inserting period=6422000 preferred_charging_state=1 preferred_network_type=1 target_class=com.google.android.gms.measurement.PackageMeasurementTaskService required_network_type=0 runtime=1602611096447 required_idleness_state=0 source=16 service_kind=0 target_package=com.google.android.gms persistence_level=1 source_version=203615000 last_runtime=0 user_id=0 job_id=-1 requires_charging=0 tag=Measurement.PackageMeasurementTaskService.UPLOAD_TASK_TAG flex_time=3210000 task_type=0 retry_strategy={"maximum_backoff_seconds":{"3600":0},"initial_backoff_seconds":{"30":0},"retry_policy":{"0":0}}, error message: UNIQUE constraint failed: pending_ops.tag, pending_ops.target_class, pending_ops.target_package, pending_ops.user_id (code 2067 SQLITE_CONSTRAINT_UNIQUE) [CONTEXT service_id=218 ]
10-14 02:44:56.467  3483 13406 W NetworkScheduler: Error inserting period=6422000 preferred_charging_state=1 preferred_network_type=1 target_class=com.google.android.gms.measurement.PackageMeasurementTaskService required_network_type=0 runtime=1602611096464 required_idleness_state=0 source=16 service_kind=0 target_package=com.google.android.gms persistence_level=1 source_version=203615000 last_runtime=0 user_id=0 job_id=-1 requires_charging=0 tag=Measurement.PackageMeasurementTaskService.UPLOAD_TASK_TAG flex_time=3210000 task_type=0 retry_strategy={"maximum_backoff_seconds":{"3600":0},"initial_backoff_seconds":{"30":0},"retry_policy":{"0":0}}, error message: UNIQUE constraint failed: pending_ops.tag, pending_ops.target_class, pending_ops.target_package, pending_ops.user_id (code 2067 SQLITE_CONSTRAINT_UNIQUE) [CONTEXT service_id=218 ]
10-14 02:44:56.478  3483 31090 W NetworkScheduler: Error inserting period=6422000 preferred_charging_state=1 preferred_network_type=1 target_class=com.google.android.gms.measurement.PackageMeasurementTaskService required_network_type=0 runtime=1602611096476 required_idleness_state=0 source=16 service_kind=0 target_package=com.google.android.gms persistence_level=1 source_version=203615000 last_runtime=0 user_id=0 job_id=-1 requires_charging=0 tag=Measurement.PackageMeasurementTaskService.UPLOAD_TASK_TAG flex_time=3210000 task_type=0 retry_strategy={"maximum_backoff_seconds":{"3600":0},"initial_backoff_seconds":{"30":0},"retry_policy":{"0":0}}, error message: UNIQUE constraint failed: pending_ops.tag, pending_ops.target_class, pending_ops.target_package, pending_ops.user_id (code 2067 SQLITE_CONSTRAINT_UNIQUE) [CONTEXT service_id=218 ]
10-14 02:44:56.856  2756  8190 I [Gralloc]: framebuffer hal alread move to hwcomposer
10-14 02:44:57.475  4078  4078 D skia    : --- Failed to create image decoder with message 'unimplemented'
10-14 02:45:07.502  4078  4078 I chatty  : uid=10079(com.antutu.ABenchMark) identical 2 lines
10-14 02:45:07.519  4078  4078 D skia    : --- Failed to create image decoder with message 'unimplemented'
10-14 02:45:08.279  2760  2760 I memtrack@1.0-se: type=1400 audit(0.0:2931): avc: denied { read } for name="mem_profile" dev="debugfs" ino=2850 scontext=u:r:hal_memtrack_default:s0 tcontext=u:object_r:debugfs:s0 tclass=file permissive=1
10-14 02:45:08.279  2760  2760 I memtrack@1.0-se: type=1400 audit(0.0:2932): avc: denied { open } for path="/sys/kernel/debug/mali0/ctx/3106_3/mem_profile" dev="debugfs" ino=2850 scontext=u:r:hal_memtrack_default:s0 tcontext=u:object_r:debugfs:s0 tclass=file permissive=1
10-14 02:45:08.279  2760  2760 I memtrack@1.0-se: type=1400 audit(0.0:2933): avc: denied { getattr } for path="/sys/kernel/debug/mali0/ctx/3106_3/mem_profile" dev="debugfs" ino=2850 scontext=u:r:hal_memtrack_default:s0 tcontext=u:object_r:debugfs:s0 tclass=file permissive=1
10-14 02:45:17.533  4078  4078 D skia    : --- Failed to create image decoder with message 'unimplemented'
10-14 02:45:17.547  4078  4078 D skia    : --- Failed to create image decoder with message 'unimplemented'
10-14 02:45:21.189 26290 26290 I PlayerController: Seek to position 3963285001
10-14 02:45:21.190 26290 26290 W PlayerController: Analytics plugin registered, but not meta-data specified! Unable to initialize Analytics session!
10-14 02:45:21.195  2789 31567 I OmxComponent: OMX_CommandFlush 738 Cmd 0x1 nParam1 0xffffffff
10-14 02:45:21.195  2789 31567 I OmxComponent: OMX.amlogic.hevc.decoder.awesome: flush input
10-14 02:45:21.195  2789 31567 V AmlogicVideoDecoderAwesome: flushInput:894 >
10-14 02:45:21.195  2789 31567 V OMX_WorkerPeer: hardware/amlogic/omx/omx_framework/WorkerPeer.cpp:flushInput:56 --------------------
10-14 02:45:21.195  2789 31567 V AmlogicVideoDecoderAwesome: pause:286 >
10-14 02:45:21.198 26290 26332 W FA      : Value is too long; discarded. Value kind, name, value length: param, ping_payload, 1128
10-14 02:45:21.198  2789 31567 V AmlogicVideoDecoderAwesome: reset:332 >
10-14 02:45:21.198  2789 31567 D AmlogicVideoDecoderAwesome: reset_1
10-14 02:45:21.198  2789 31567 I amcodec : AMSTREAM_SET_OMX_RUNNING ret=0
10-14 02:45:21.230 26290 26332 W FA      : Value is too long; discarded. Value kind, name, value length: param, ping_payload, 1128
10-14 02:45:21.240  2789 31567 I amcodec : [codec_reset:1127]ret=0
10-14 02:45:21.241  2789 31567 D AmlogicVideoDecoderAwesome: reset_2
10-14 02:45:21.241  2789 31567 D AmlogicVideoDecoderAwesome: mDTaskStatus=1
10-14 02:45:21.241  2789 31567 V AmlogicVideoDecoderAwesome: start:294 >
10-14 02:45:21.241  2789 31567 E ThreadWorker: pthread on exit wait clean
10-14 02:45:21.241  2789 31567 D AmlogicVideoDecoderAwesome: mVideo start
10-14 02:45:21.241  2789 31567 V AmlogicVideoDecoderAwesome: flushInput:919 >
10-14 02:45:21.241  2789 31567 I OmxComponent: OMX.amlogic.hevc.decoder.awesome: flush output
10-14 02:45:21.241  2789 31567 V AmlogicVideoDecoderAwesome: flushOutput:922 >
10-14 02:45:21.241  2789 31567 V AmlogicVideoDecoderAwesome: flushOutput:976 >
10-14 02:45:21.242  2789 32064 V OMX_WorkerPeer: hardware/amlogic/omx/omx_framework/WorkerPeer.cpp:runWorkerStatic:152 --------------------
10-14 02:45:21.242  2789 32064 V OMX_WorkerPeer: hardware/amlogic/omx/omx_framework/WorkerPeer.cpp:runWorker:158 --------------------
10-14 02:45:21.244 26290 31296 D LoadControl: Loading state changed to 'fill'. C:00:00 Low:00:15 High:01:00
10-14 02:45:21.245 26290 31296 I VideoTrackSelection: Track selection [T: Adaptive (Bandwidth Based)] [BT: C:00:00|Min:00:15|Max:01:00] [BM: 0.00% C:0 bytes|T:16 MB] [BE: 71.4 Mbps (Effective: 57.2 Mbps Fraction: 0.75)] [SB: 00:10/00:25] [I: 0/2] [F: 864x486 @ 1.0 Mbps hev1.2.4.L90.00 30.00 fps]
10-14 02:45:21.246 26290 26290 D PlayerController: Playback state changed. Last: Playing New: Buffering
10-14 02:45:21.293  2789 32064 V AmlogicVideoDecoderAwesome: csdsize=99
10-14 02:45:21.294 26290 26332 W FA      : Value is too long; discarded. Value kind, name, value length: param, ping_payload, 1128
10-14 02:45:21.294  2766  3526 W AudioFlinger: createTrack_l(): mismatch between requested flags (00000008) and output flags (00000002)
10-14 02:45:21.295  2766  3526 D AudioFlinger: Client defaulted notificationFrames to 6000 for frameCount 12000
10-14 02:45:21.301  2789 32064 D AmlogicVideoDecoderAwesome: =11, =864, =486, =864, =486, =3958333000, =3958366000, =3958400000, =30089, =4443, =1202
10-14 02:45:21.339  3483 13406 W NetworkScheduler: Error inserting period=6372000 preferred_charging_state=1 preferred_network_type=1 target_class=com.google.android.gms.measurement.PackageMeasurementTaskService required_network_type=0 runtime=1602611121330 required_idleness_state=0 source=16 service_kind=0 target_package=com.google.android.gms persistence_level=1 source_version=203615000 last_runtime=0 user_id=0 job_id=-1 requires_charging=0 tag=Measurement.PackageMeasurementTaskService.UPLOAD_TASK_TAG flex_time=3185000 task_type=0 retry_strategy={"maximum_backoff_seconds":{"3600":0},"initial_backoff_seconds":{"30":0},"retry_policy":{"0":0}}, error message: UNIQUE constraint failed: pending_ops.tag, pending_ops.target_class, pending_ops.target_package, pending_ops.user_id (code 2067 SQLITE_CONSTRAINT_UNIQUE) [CONTEXT service_id=218 ]
10-14 02:45:21.353 26290 31302 W FirebaseRemoteConfig: No value of type 'FirebaseRemoteConfigValue' exists for parameter key 'fpr_session_max_duration_min'.
10-14 02:45:21.355 26290 32069 D FirebasePerformance: Fetched value: 'true' for key: 'fpr_enabled' from Firebase Remote Config.
