--------- beginning of system
10-12 16:34:41.275  2965  3745 D ConnectivityService: requestNetwork for uid/pid:10023/5742 NetworkRequest [ TRACK_DEFAULT id=198, [ Capabilities: INTERNET&NOT_RESTRICTED&TRUSTED Unwanted:  Uid: 10023] ]
10-12 16:34:41.283  2965  3055 D ConnectivityService: releasing NetworkRequest [ TRACK_DEFAULT id=198, [ Capabilities: INTERNET&NOT_RESTRICTED&TRUSTED Unwanted:  Uid: 10023] ] (release request)
10-12 16:34:41.283  2965  2980 E NotificationService: Suppressing notification from package by user request.
10-12 16:34:53.577  2798  2829 E storaged: getDiskStats failed with result NOT_SUPPORTED and size 0
10-12 16:35:11.296  2965  4723 D ConnectivityService: requestNetwork for uid/pid:10023/5742 NetworkRequest [ TRACK_DEFAULT id=199, [ Capabilities: INTERNET&NOT_RESTRICTED&TRUSTED Unwanted:  Uid: 10023] ]
10-12 16:35:11.305  2965  2980 E NotificationService: Suppressing notification from package by user request.
10-12 16:35:11.307  2965  3055 D ConnectivityService: releasing NetworkRequest [ TRACK_DEFAULT id=199, [ Capabilities: INTERNET&NOT_RESTRICTED&TRUSTED Unwanted:  Uid: 10023] ] (release request)
10-12 16:35:41.316  2965  4723 D ConnectivityService: requestNetwork for uid/pid:10023/5742 NetworkRequest [ TRACK_DEFAULT id=200, [ Capabilities: INTERNET&NOT_RESTRICTED&TRUSTED Unwanted:  Uid: 10023] ]
10-12 16:35:41.349  2965  2980 E NotificationService: Suppressing notification from package by user request.
10-12 16:35:41.350  2965  2980 E NotificationService: Suppressing notification from package by user request.
10-12 16:35:41.352  2965  3055 D ConnectivityService: releasing NetworkRequest [ TRACK_DEFAULT id=200, [ Capabilities: INTERNET&NOT_RESTRICTED&TRUSTED Unwanted:  Uid: 10023] ] (release request)
10-12 16:35:53.578  2798  2829 E storaged: getDiskStats failed with result NOT_SUPPORTED and size 0
--------- beginning of main
10-12 16:36:11.290  3923  3923 I chatty  : uid=10079(com.antutu.ABenchMark) expire 10 lines
10-12 16:36:11.317  3923  3923 D skia    : --- Failed to create image decoder with message 'unimplemented'
10-12 16:36:11.309  3923  3923 I tutu.ABenchMark: type=1400 audit(0.0:1077): avc: denied { read } for name="temp" dev="sysfs" ino=8951 scontext=u:r:untrusted_app_27:s0:c512,c768 tcontext=u:object_r:sysfs:s0 tclass=file permissive=1
10-12 16:36:11.392  2965  3023 D ConnectivityService: requestNetwork for uid/pid:10023/5742 NetworkRequest [ TRACK_DEFAULT id=201, [ Capabilities: INTERNET&NOT_RESTRICTED&TRUSTED Unwanted:  Uid: 10023] ]
10-12 16:36:11.393  3184  3184 D PhoneSwitcherNetworkRequstListener: got request NetworkRequest [ TRACK_DEFAULT id=201, [ Capabilities: INTERNET&NOT_RESTRICTED&TRUSTED Unwanted:  Uid: 10023] ] with score 70
10-12 16:36:11.309  3923  3923 I tutu.ABenchMark: type=1400 audit(0.0:1078): avc: denied { open } for path="/sys/devices/virtual/thermal/thermal_zone0/temp" dev="sysfs" ino=8951 scontext=u:r:untrusted_app_27:s0:c512,c768 tcontext=u:object_r:sysfs:s0 tclass=file permissive=1
10-12 16:36:11.400  2965  2980 E NotificationService: Suppressing notification from package by user request.
10-12 16:36:11.402  2965  3055 D ConnectivityService: releasing NetworkRequest [ TRACK_DEFAULT id=201, [ Capabilities: INTERNET&NOT_RESTRICTED&TRUSTED Unwanted:  Uid: 10023] ] (release request)
10-12 16:36:11.309  3923  3923 I tutu.ABenchMark: type=1400 audit(0.0:1079): avc: denied { getattr } for path="/sys/devices/virtual/thermal/thermal_zone0/temp" dev="sysfs" ino=8951 scontext=u:r:untrusted_app_27:s0:c512,c768 tcontext=u:object_r:sysfs:s0 tclass=file permissive=1
10-12 16:36:16.921  2965  3445 I ActivityManager: START u0 {act=android.intent.action.MAIN cat=[android.intent.category.LAUNCHER] flg=0x10200000 cmp=com.google.android.youtube/.app.honeycomb.Shell$HomeActivity bnds=[856,31][1057,162]} from uid 10024
10-12 16:36:16.921  2753  6139 W amlaudioMixer: mixer_get_presentation_position(), port not ready now
10-12 16:36:16.921  2753  6139 W audio-subMixingFactory: out_get_presentation_position_port(), pts not valid yet
10-12 16:36:16.921  2753  6139 I audio-subMixingFactory: ++usecase_change_validate_l_sm: dev usecase masks = 0, out usecase_masks = 0, out usecase STREAM_PCM_NORMAL
10-12 16:36:16.922  2753  6139 I audio-subMixingFactory: ++++usecase_change_validate_l_sm(),continuous_audio_mode 0 dev usecase masks = 0, out usecase_masks = 0, out usecase STREAM_PCM_NORMAL
10-12 16:36:16.922  2753  6139 I audio-subMixingFactory: usecase_change_validate_l_sm(), mixer_aux_buffer_write_sm !
10-12 16:36:16.922  2753  6139 I audio-subMixingFactory: ----usecase_change_validate_l_sm(), continuous_audio_mode 0 dev usecase masks = 0x1, out usecase_masks = 0x1, out usecase STREAM_PCM_NORMAL
10-12 16:36:16.922  2753  6139 I aml_audio_port: get_input_port_index(), samplerate 48000
10-12 16:36:16.922  2753  6139 D aml_audio_port: new_input_port(), index:0, rbuf size:8192, direct_on:0
10-12 16:36:16.922  2753  6139 D aml_audio_port: new_input_port(), fmt 0x1, rate 48000
10-12 16:36:16.922  2753  6139 I amlaudioMixer: ++init_mixer_input_port port index 0, size 512 frames
10-12 16:36:16.922  2753  6139 I amlaudioMixer: init_mixer_input_port(), port->initial_frames: 11550720
10-12 16:36:16.922  2753  6139 I aml_audio_port: get_input_port_index(), samplerate 48000
10-12 16:36:16.922  2753  6139 I audio-subMixingFactory: mixer_aux_buffer_write_sm(), primary 0xec74aa00 port index = 0
10-12 16:36:16.922  2753  6139 I audio-subMixingFactory: padding_bytes 16384
10-12 16:36:16.922  2753  6139 I amlaudioMixer: port index 0 is active now
10-12 16:36:16.922  2753  6139 I audio-subMixingFactory: padding_bytes 14336
10-12 16:36:16.922  2753  6139 I audio-subMixingFactory: padding_bytes 12288
10-12 16:36:16.922  2753  6139 I audio-subMixingFactory: padding_bytes 10240
10-12 16:36:16.922  2753  6139 I audio-subMixingFactory: padding_bytes 8192
10-12 16:36:16.925  2753  6139 I audio-subMixingFactory: padding_bytes 6144
10-12 16:36:16.929  2753  6139 I audio-subMixingFactory: padding_bytes 4096
10-12 16:36:16.929  2753  6139 I audio-subMixingFactory: padding_bytes 2048
10-12 16:36:16.936  5742  5742 I chatty  : uid=10023(com.google.android.youtube) expire 24 lines
10-12 16:36:16.950  2753  6139 W amlaudioMixer: mixer_get_presentation_position(), not valid now
10-12 16:36:16.950  2753  6139 W audio-subMixingFactory: out_get_presentation_position_port(), pts not valid yet
10-12 16:36:16.968  2965  3023 I ActivityManager: START u0 {act=android.intent.action.MAIN cat=[android.intent.category.LAUNCHER] flg=0x4000000 cmp=com.google.android.youtube/com.google.android.apps.youtube.app.WatchWhileActivity bnds=[856,31][1057,162] (has extras)} from uid 10023
10-12 16:36:16.970  2763  2911 I [Gralloc]: framebuffer hal alread move to hwcomposer
10-12 16:36:16.985  2773  2923 D AudioFlinger: mixer(0xef603280) throttle end: throttle time(15)
10-12 16:36:16.977  2775  2775 I chatty  : uid=1000(system) /system/bin/surfaceflinger expire 10 lines
10-12 16:36:16.977  2965  2965 I chatty  : uid=1000 system_server expire 10 lines
10-12 16:36:17.336  5742 15808 I chatty  : uid=10023(com.google.android.youtube) RenderThread expire 1 line
10-12 16:36:17.369  3612  3612 W CastMediaRouteProvider: Not a Cast compatible category: MDX_MEDIA_ROUTE_CONTROL_CATEGORY_cl
10-12 16:36:17.370  3612  3612 W CastMediaRouteProvider: Not a Cast compatible category: android.media.intent.category.LIVE_AUDIO
10-12 16:36:17.370  3612  3612 W DiscoveryManager: BroadcastReceiver is already registered
10-12 16:36:17.371  3612  8090 I DiscoveryManager: Filter criteria(233637DE) scannerFlags(0)
10-12 16:36:17.377  3612  8090 E DeviceScanner: [BLE] Failed to start scan because the Bluetooth is disabled.
10-12 16:36:17.411  2763  2911 I [Gralloc]: framebuffer hal alread move to hwcomposer
10-12 16:36:17.443  2965  2988 I chatty  : uid=1000(system) android.display expire 4 lines
10-12 16:36:17.447  2763  2911 I [Gralloc]: framebuffer hal alread move to hwcomposer
10-12 16:36:17.447  2763  2911 E gralloc : ioctl c0144900 failed with code -1: Operation not permitted
10-12 16:36:17.452  3612  3612 W CastMediaRouteProvider: Not a Cast compatible category: MDX_MEDIA_ROUTE_CONTROL_CATEGORY_cl
10-12 16:36:17.452  3612  3612 W CastMediaRouteProvider: Not a Cast compatible category: android.media.intent.category.LIVE_AUDIO
10-12 16:36:17.452  3612  3612 W DiscoveryManager: BroadcastReceiver is already registered
10-12 16:36:17.452  3612  8090 I DiscoveryManager: Filter criteria(233637DE) scannerFlags(0)
10-12 16:36:17.457  3612  8090 E DeviceScanner: [BLE] Failed to start scan because the Bluetooth is disabled.
10-12 16:36:17.462  2763  2911 I [Gralloc]: framebuffer hal alread move to hwcomposer
10-12 16:36:17.462  2763  2911 E gralloc : ioctl c0144900 failed with code -1: Operation not permitted
10-12 16:36:17.511  3544  3544 W LauncherTransition: Failed to animate, surface got destroyed.
10-12 16:36:17.530  2775  3467 I chatty  : uid=1000(system) Binder:2775_5 expire 6 lines
10-12 16:36:17.531  3544  3734 W libEGL  : EGLNativeWindowType 0xcf329008 disconnect failed
10-12 16:36:17.539  3502  3834 W Conscrypt: Could not set socket write timeout: java.net.SocketException: Socket closed
10-12 16:36:17.539  3502  3834 W Conscrypt: 	at com.google.android.gms.org.conscrypt.Platform.setSocketWriteTimeout(:com.google.android.gms@203615025@20.36.15 (100304-333172415):2)
10-12 16:36:17.539  3502  3834 W Conscrypt: 	at com.google.android.gms.org.conscrypt.ConscryptFileDescriptorSocket.setSoWriteTimeout(:com.google.android.gms@203615025@20.36.15 (100304-333172415):0)
10-12 16:36:17.597  2775  2962 I chatty  : uid=1000(system) Binder:2775_3 expire 13 lines
10-12 16:36:17.616  3502  3834 W Conscrypt: Could not set socket write timeout: java.net.SocketException: Socket closed
10-12 16:36:17.616  3502  3834 W Conscrypt: 	at com.google.android.gms.org.conscrypt.Platform.setSocketWriteTimeout(:com.google.android.gms@203615025@20.36.15 (100304-333172415):2)
10-12 16:36:17.616  3502  3834 W Conscrypt: 	at com.google.android.gms.org.conscrypt.ConscryptFileDescriptorSocket.setSoWriteTimeout(:com.google.android.gms@203615025@20.36.15 (100304-333172415):0)
10-12 16:36:17.769  5742  5817 I chatty  : uid=10023(com.google.android.youtube) cronet11-1 expire 1 line
10-12 16:36:18.824  5742  5753 I chatty  : uid=10023(com.google.android.youtube) HeapTaskDaemon expire 2 lines
10-12 16:36:19.496  3544  3544 W ViewRootImpl[Launcher]: Cancelling event due to no window focus: MotionEvent { action=ACTION_CANCEL, actionButton=0, id[0]=0, x[0]=935.70935, y[0]=67.885994, toolType[0]=TOOL_TYPE_MOUSE, buttonState=0, metaState=0, flags=0x0, edgeFlags=0x0, pointerCount=1, historySize=0, eventTime=3581472, downTime=3578820, deviceId=4, source=0x2002 }
10-12 16:36:19.993  2753  2924 D audio-subMixingFactory: out_standby_subMixingPCM: out_stream(0xec74aa00) usecase: STREAM_PCM_NORMAL
10-12 16:36:19.993  2753  2924 I audio-subMixingFactory: ++usecase_change_validate_l_sm(), dev usecase masks = 0x1, is_standby = 1, out usecase STREAM_PCM_NORMAL
10-12 16:36:19.993  2753  2924 I audio-subMixingFactory: --usecase_change_validate_l_sm(), dev usecase masks = 0, is_standby = 1, out usecase STREAM_PCM_NORMAL
10-12 16:36:19.993  2753  2924 I amlaudioMixer: ++delete_mixer_input_port port ID: 0
10-12 16:36:19.993  2753  2917 E amlaudioMixer: mixer_do_mixing_16bit(), sys or direct pcm must exist!!!
10-12 16:36:20.458  3612 18565 W AdaptiveDiscoveryWorker: Exiting Adaptive Discovery. Current HOTSPOT_BSSID is NULL.
10-12 16:36:20.963  2744 18973 W DnsTlsSocket: SSL_connect error 5, errno=110
10-12 16:36:20.963  2744 18974 W DnsTlsSocket: SSL_connect error 5, errno=110
10-12 16:36:21.333  3923  3923 D skia    : --- Failed to create image decoder with message 'unimplemented'
10-12 16:36:21.344  3923  3923 D skia    : --- Failed to create image decoder with message 'unimplemented'
10-12 16:36:23.286  2753  6139 W amlaudioMixer: mixer_get_presentation_position(), port not ready now
10-12 16:36:23.286  2753  6139 W audio-subMixingFactory: out_get_presentation_position_port(), pts not valid yet
10-12 16:36:23.287  2753  6139 I audio-subMixingFactory: ++usecase_change_validate_l_sm: dev usecase masks = 0, out usecase_masks = 0, out usecase STREAM_PCM_NORMAL
10-12 16:36:23.287  2753  6139 I audio-subMixingFactory: ++++usecase_change_validate_l_sm(),continuous_audio_mode 0 dev usecase masks = 0, out usecase_masks = 0, out usecase STREAM_PCM_NORMAL
10-12 16:36:23.287  2753  6139 I audio-subMixingFactory: usecase_change_validate_l_sm(), mixer_aux_buffer_write_sm !
10-12 16:36:23.287  2753  6139 I audio-subMixingFactory: ----usecase_change_validate_l_sm(), continuous_audio_mode 0 dev usecase masks = 0x1, out usecase_masks = 0x1, out usecase STREAM_PCM_NORMAL
10-12 16:36:23.287  2753  6139 I aml_audio_port: get_input_port_index(), samplerate 48000
10-12 16:36:23.287  2753  6139 D aml_audio_port: new_input_port(), index:0, rbuf size:8192, direct_on:0
10-12 16:36:23.287  2753  6139 D aml_audio_port: new_input_port(), fmt 0x1, rate 48000
10-12 16:36:23.287  2753  6139 I amlaudioMixer: ++init_mixer_input_port port index 0, size 512 frames
10-12 16:36:23.287  2753  6139 I amlaudioMixer: init_mixer_input_port(), port->initial_frames: 11699200
10-12 16:36:23.287  2753  6139 I aml_audio_port: get_input_port_index(), samplerate 48000
10-12 16:36:23.287  2753  6139 I audio-subMixingFactory: mixer_aux_buffer_write_sm(), primary 0xec74aa00 port index = 0
10-12 16:36:23.287  2753  6139 I audio-subMixingFactory: padding_bytes 16384
10-12 16:36:23.287  2753  6139 I amlaudioMixer: port index 0 is active now
10-12 16:36:23.287  2753  6139 I audio-subMixingFactory: padding_bytes 14336
10-12 16:36:23.287  2753  6139 I audio-subMixingFactory: padding_bytes 12288
10-12 16:36:23.287  2753  6139 I audio-subMixingFactory: padding_bytes 10240
10-12 16:36:23.287  2753  6139 I audio-subMixingFactory: padding_bytes 8192
10-12 16:36:23.289  2753  6139 I audio-subMixingFactory: padding_bytes 6144
10-12 16:36:23.294  2753  6139 I audio-subMixingFactory: padding_bytes 4096
10-12 16:36:23.297  2753  6139 I audio-subMixingFactory: padding_bytes 2048
10-12 16:36:23.307  2753  6139 W amlaudioMixer: mixer_get_presentation_position(), not valid now
10-12 16:36:23.307  2753  6139 W audio-subMixingFactory: out_get_presentation_position_port(), pts not valid yet
10-12 16:36:23.317  2753  6139 W amlaudioMixer: mixer_get_presentation_position(), not valid now
10-12 16:36:23.318  2753  6139 W audio-subMixingFactory: out_get_presentation_position_port(), pts not valid yet
10-12 16:36:23.332  2773  2923 D AudioFlinger: mixer(0xef603280) throttle end: throttle time(7)
10-12 16:36:23.448  5742 25747 I chatty  : uid=10023(com.google.android.youtube) expire 9 lines
10-12 16:36:23.448  2800  2874 I chatty  : uid=1046(mediacodec) HwBinder:2800_1 expire 205 lines
10-12 16:36:23.456  5742 25746 I chatty  : uid=10023(com.google.android.youtube) expire 5 lines
10-12 16:36:23.467  2800 25748 I chatty  : uid=1046(mediacodec) omx@1.0-service expire 52 lines
10-12 16:36:23.469  2752  2752 W AshmemAllocator: ashmem_create_region(1048576) returning hidl_memory(0xf3718180, 1048576)
10-12 16:36:23.470  2752  2752 W AshmemAllocator: ashmem_create_region(1048576) returning hidl_memory(0xf3718180, 1048576)
10-12 16:36:23.470  2752  2752 W AshmemAllocator: ashmem_create_region(1048576) returning hidl_memory(0xf3718180, 1048576)
10-12 16:36:23.470  2800  2800 I chatty  : uid=1046(mediacodec) omx@1.0-service expire 21 lines
10-12 16:36:23.478  2763  2911 I [Gralloc]: framebuffer hal alread move to hwcomposer
10-12 16:36:23.484  2763  2911 I [Gralloc]: framebuffer hal alread move to hwcomposer
10-12 16:36:23.569  2763  2911 I [Gralloc]: framebuffer hal alread move to hwcomposer
10-12 16:36:23.573  2763  2911 I [Gralloc]: framebuffer hal alread move to hwcomposer
10-12 16:36:23.577  2763  2911 I [Gralloc]: framebuffer hal alread move to hwcomposer
10-12 16:36:23.582  2775  2817 I chatty  : uid=1000(system) Binder:2775_2 expire 4 lines
10-12 16:36:23.582  2763  2911 I [Gralloc]: framebuffer hal alread move to hwcomposer
10-12 16:36:23.587  2763  2911 I [Gralloc]: framebuffer hal alread move to hwcomposer
10-12 16:36:23.598  2763  2911 I [Gralloc]: framebuffer hal alread move to hwcomposer
10-12 16:36:23.631  5742  5926 I chatty  : uid=10023(com.google.android.youtube) ExoPlayer:Playb expire 5 lines
10-12 16:36:23.638  2773  6371 W AudioFlinger: createTrack_l(): mismatch between requested flags (00000008) and output flags (00000002)
10-12 16:36:23.638  2773  6371 D AudioFlinger: Client defaulted notificationFrames to 6000 for frameCount 12000
10-12 16:36:23.707  2800 25755 I chatty  : uid=1046(mediacodec) omx@1.0-service expire 7 lines
10-12 16:36:23.720  3612  3802 I Icing   : IndexChimeraService.getServiceInterface callingPackage=com.google.android.gms componentName=null serviceId=30
10-12 16:36:23.722  2800 25754 I chatty  : uid=1046(mediacodec) omx@1.0-service expire 48 lines
10-12 16:36:23.723  3502  5410 W Icing   : isOptedInForAppHistory: empty Account Name encountered
10-12 16:36:23.724  2800  2875 I chatty  : uid=1046(mediacodec) HwBinder:2800_2 expire 135 lines
10-12 16:36:23.753  3502  5410 W Icing   : isOptedInForAppHistory: empty Account Name encountered
10-12 16:36:23.773  3502  8840 W Icing   : isOptedInForAppHistory: empty Account Name encountered
10-12 16:36:23.773  3612 18565 W Icing   : No valid account for uploading user actions
10-12 16:36:24.087  3612 18565 I Icing   : Usage reports ok 5, Failed Usage reports 0, indexed 3, rejected 0
10-12 16:36:27.829 16067 16067 I Binder:16067_1: type=1400 audit(0.0:1089): avc: denied { open } for path="/sys/devices/virtual/android_usb/android0/state" dev="sysfs" ino=21483 scontext=u:r:priv_app:s0:c512,c768 tcontext=u:object_r:sysfs_android_usb:s0 tclass=file permissive=1
10-12 16:36:28.711  5742  5742 I chatty  : uid=10023(com.google.android.youtube) expire 20 lines
10-12 16:36:29.054  5742  5797 I chatty  : uid=10023(com.google.android.youtube) yt-background1- expire 1 line
10-12 16:36:31.356  3923  3923 D skia    : --- Failed to create image decoder with message 'unimplemented'
10-12 16:36:31.372  3923  3923 D skia    : --- Failed to create image decoder with message 'unimplemented'
10-12 16:36:31.365  3923  3923 I tutu.ABenchMark: type=1400 audit(0.0:1090): avc: denied { open } for path="/proc/stat" dev="proc" ino=4026531957 scontext=u:r:untrusted_app_27:s0:c512,c768 tcontext=u:object_r:proc_stat:s0 tclass=file permissive=1
10-12 16:36:31.365  3923  3923 I tutu.ABenchMark: type=1400 audit(0.0:1091): avc: denied { getattr } for path="/proc/stat" dev="proc" ino=4026531957 scontext=u:r:untrusted_app_27:s0:c512,c768 tcontext=u:object_r:proc_stat:s0 tclass=file permissive=1
10-12 16:36:31.365  3923  3923 I tutu.ABenchMark: type=1400 audit(0.0:1092): avc: denied { read } for name="temp" dev="sysfs" ino=8951 scontext=u:r:untrusted_app_27:s0:c512,c768 tcontext=u:object_r:sysfs:s0 tclass=file permissive=1
10-12 16:36:31.365  3923  3923 I tutu.ABenchMark: type=1400 audit(0.0:1093): avc: denied { open } for path="/sys/devices/virtual/thermal/thermal_zone0/temp" dev="sysfs" ino=8951 scontext=u:r:untrusted_app_27:s0:c512,c768 tcontext=u:object_r:sysfs:s0 tclass=file permissive=1
10-12 16:36:31.365  3923  3923 I tutu.ABenchMark: type=1400 audit(0.0:1094): avc: denied { getattr } for path="/sys/devices/virtual/thermal/thermal_zone0/temp" dev="sysfs" ino=8951 scontext=u:r:untrusted_app_27:s0:c512,c768 tcontext=u:object_r:sysfs:s0 tclass=file permissive=1
10-12 16:36:19.496  3544  3544 I chatty  : uid=10024(com.android.launcher3) identical 2 lines
10-12 16:36:19.496  3544  3544 W ViewRootImpl[Launcher]: Cancelling event due to no window focus: MotionEvent { action=ACTION_CANCEL, actionButton=0, id[0]=0, x[0]=935.70935, y[0]=67.885994, toolType[0]=TOOL_TYPE_MOUSE, buttonState=0, metaState=0, flags=0x0, edgeFlags=0x0, pointerCount=1, historySize=0, eventTime=3581472, downTime=3578820, deviceId=4, source=0x2002 }
10-12 16:36:38.049  2965  2984 E BatteryExternalStatsWorker: no controller energy info supplied for wifi
10-12 16:36:38.049  2965  2984 E BatteryExternalStatsWorker: no controller energy info supplied for bluetooth
10-12 16:36:38.049  3184  3184 E PhoneInterfaceManager: [PhoneIntfMgr] queryModemActivityInfo: Empty response
10-12 16:36:38.053  2768  2768 I PowerHAL: geNumberOfPlatformModes
10-12 16:36:38.053  2965  2984 W BatteryExternalStatsWorker: modem info is invalid: ModemActivityInfo{ mTimestamp=0 mSleepTimeMs=0 mIdleTimeMs=0 mTxTimeMs[]=[0, 0, 0, 0, 0] mRxTimeMs=0 mEnergyUsed=0}
10-12 16:36:41.226  5742  5926 W YT.mediacache: Unable to sniff ChunkIndex extractor [CONTEXT ratelimit_period="5000 MILLISECONDS [skipped: 6]" ]
10-12 16:36:41.384  3923  3923 D skia    : --- Failed to create image decoder with message 'unimplemented'
10-12 16:36:41.411  2965  3745 D ConnectivityService: requestNetwork for uid/pid:10023/5742 NetworkRequest [ TRACK_DEFAULT id=202, [ Capabilities: INTERNET&NOT_RESTRICTED&TRUSTED Unwanted:  Uid: 10023] ]
10-12 16:36:41.396  3923  3923 D skia    : --- Failed to create image decoder with message 'unimplemented'
10-12 16:36:41.416  3184  3184 D PhoneSwitcherNetworkRequstListener: got request NetworkRequest [ TRACK_DEFAULT id=202, [ Capabilities: INTERNET&NOT_RESTRICTED&TRUSTED Unwanted:  Uid: 10023] ] with score 70
10-12 16:36:41.423  2965  2980 E NotificationService: Suppressing notification from package by user request.
10-12 16:36:41.427  2965  3055 D ConnectivityService: releasing NetworkRequest [ TRACK_DEFAULT id=202, [ Capabilities: INTERNET&NOT_RESTRICTED&TRUSTED Unwanted:  Uid: 10023] ] (release request)
10-12 16:36:41.389  3923  3923 I tutu.ABenchMark: type=1400 audit(0.0:1095): avc: denied { open } for path="/proc/stat" dev="proc" ino=4026531957 scontext=u:r:untrusted_app_27:s0:c512,c768 tcontext=u:object_r:proc_stat:s0 tclass=file permissive=1
10-12 16:36:41.389  3923  3923 I tutu.ABenchMark: type=1400 audit(0.0:1096): avc: denied { getattr } for path="/proc/stat" dev="proc" ino=4026531957 scontext=u:r:untrusted_app_27:s0:c512,c768 tcontext=u:object_r:proc_stat:s0 tclass=file permissive=1
10-12 16:36:41.389  3923  3923 I tutu.ABenchMark: type=1400 audit(0.0:1097): avc: denied { read } for name="temp" dev="sysfs" ino=8951 scontext=u:r:untrusted_app_27:s0:c512,c768 tcontext=u:object_r:sysfs:s0 tclass=file permissive=1
10-12 16:36:41.389  3923  3923 I tutu.ABenchMark: type=1400 audit(0.0:1098): avc: denied { open } for path="/sys/devices/virtual/thermal/thermal_zone0/temp" dev="sysfs" ino=8951 scontext=u:r:untrusted_app_27:s0:c512,c768 tcontext=u:object_r:sysfs:s0 tclass=file permissive=1
10-12 16:36:41.389  3923  3923 I tutu.ABenchMark: type=1400 audit(0.0:1099): avc: denied { getattr } for path="/sys/devices/virtual/thermal/thermal_zone0/temp" dev="sysfs" ino=8951 scontext=u:r:untrusted_app_27:s0:c512,c768 tcontext=u:object_r:sysfs:s0 tclass=file permissive=1
10-12 16:36:42.829  5742  5742 W View    : requestLayout() improperly called by fff{653f1f VFED..... ......ID 20,719-1340,768} during layout: running second layout pass
10-12 16:36:42.937  2767  2767 I memtrack@1.0-se: type=1400 audit(0.0:1100): avc: denied { read } for name="mem_profile" dev="debugfs" ino=143558 scontext=u:r:hal_memtrack_default:s0 tcontext=u:object_r:debugfs:s0 tclass=file permissive=1
10-12 16:36:42.937  2767  2767 I memtrack@1.0-se: type=1400 audit(0.0:1101): avc: denied { open } for path="/sys/kernel/debug/mali0/ctx/14739_24/mem_profile" dev="debugfs" ino=143558 scontext=u:r:hal_memtrack_default:s0 tcontext=u:object_r:debugfs:s0 tclass=file permissive=1
10-12 16:36:42.937  2767  2767 I memtrack@1.0-se: type=1400 audit(0.0:1102): avc: denied { getattr } for path="/sys/kernel/debug/mali0/ctx/14739_24/mem_profile" dev="debugfs" ino=143558 scontext=u:r:hal_memtrack_default:s0 tcontext=u:object_r:debugfs:s0 tclass=file permissive=1
10-12 16:36:43.811  5742  5742 W View    : requestLayout() improperly called by fff{653f1f VFED..... ......ID 20,719-1340,768} during layout: running second layout pass
10-12 16:36:47.168  5742  5808 I chatty  : uid=10023(com.google.android.youtube) yt-background1- expire 1 line
10-12 16:36:49.741  5742  5751 I chatty  : uid=10023(com.google.android.youtube) FinalizerDaemon expire 2 lines
10-12 16:36:51.409  3923  3923 D skia    : --- Failed to create image decoder with message 'unimplemented'
10-12 16:36:51.422  3923  3923 D skia    : --- Failed to create image decoder with message 'unimplemented'
10-12 16:36:52.248  5742  5780 I chatty  : uid=10023(com.google.android.youtube) yt-background1- expire 1 line
10-12 16:36:53.519  2800 25748 I chatty  : uid=1046(mediacodec) omx@1.0-service expire 36 lines
10-12 16:36:53.565  2800 26145 I chatty  : uid=1046(mediacodec) omx@1.0-service expire 2 lines
10-12 16:36:53.580  2798  2829 E storaged: getDiskStats failed with result NOT_SUPPORTED and size 0
10-12 16:36:53.583  5742 26151 I chatty  : uid=10023(com.google.android.youtube) expire 9 lines
10-12 16:36:53.583  2800  2800 I chatty  : uid=1046(mediacodec) omx@1.0-service expire 256 lines
10-12 16:36:53.586  5742 26149 I chatty  : uid=10023(com.google.android.youtube) expire 5 lines
10-12 16:36:53.595  2752  2752 W AshmemAllocator: ashmem_create_region(1048576) returning hidl_memory(0xf3718180, 1048576)
10-12 16:36:53.595  2800 26155 I chatty  : uid=1046(mediacodec) omx@1.0-service expire 110 lines
10-12 16:36:53.595  2752  2752 W AshmemAllocator: ashmem_create_region(1048576) returning hidl_memory(0xf3718180, 1048576)
10-12 16:36:53.596  2752  2752 W AshmemAllocator: ashmem_create_region(1048576) returning hidl_memory(0xf3718180, 1048576)
10-12 16:36:53.598  2775  2815 I chatty  : uid=1000(system) Binder:2775_1 expire 10 lines
10-12 16:36:53.598  2763  2911 I [Gralloc]: framebuffer hal alread move to hwcomposer
10-12 16:36:53.605  2763  2911 I [Gralloc]: framebuffer hal alread move to hwcomposer
10-12 16:36:53.609  2763  2911 I [Gralloc]: framebuffer hal alread move to hwcomposer
10-12 16:36:53.614  2763  2911 I [Gralloc]: framebuffer hal alread move to hwcomposer
10-12 16:36:53.617  2763  2911 I [Gralloc]: framebuffer hal alread move to hwcomposer
10-12 16:36:53.621  2763  2911 I [Gralloc]: framebuffer hal alread move to hwcomposer
10-12 16:36:53.644  2763  2911 I [Gralloc]: framebuffer hal alread move to hwcomposer
10-12 16:36:53.648  2763  2911 I [Gralloc]: framebuffer hal alread move to hwcomposer
10-12 16:36:53.669  2773  2923 D AudioFlinger: mixer(0xef603280) throttle end: throttle time(10)
10-12 16:36:53.772  2773  2923 D AudioFlinger: mixer(0xef603280) throttle end: throttle time(15)
10-12 16:36:53.785  2800 26164 I chatty  : uid=1046(mediacodec) omx@1.0-service expire 3 lines
10-12 16:36:53.787  2800  2874 I chatty  : uid=1046(mediacodec) HwBinder:2800_1 expire 76 lines
10-12 16:36:53.807  2800 26163 I chatty  : uid=1046(mediacodec) omx@1.0-service expire 1 line
10-12 16:36:54.377  5742  5786 I chatty  : uid=10023(com.google.android.youtube) yt-background1- expire 1 line
10-12 16:36:54.418  2800 26167 I chatty  : uid=1046(mediacodec) omx@1.0-service expire 2 lines
10-12 16:36:54.465  2800 26172 I chatty  : uid=1046(mediacodec) omx@1.0-service expire 2 lines
10-12 16:36:54.526  5742 26178 I chatty  : uid=10023(com.google.android.youtube) expire 9 lines
10-12 16:36:54.536  5742 26177 I chatty  : uid=10023(com.google.android.youtube) expire 4 lines
10-12 16:36:54.553  2800 26179 I chatty  : uid=1046(mediacodec) omx@1.0-service expire 52 lines
10-12 16:36:54.555  2752  2752 W AshmemAllocator: ashmem_create_region(1048576) returning hidl_memory(0xf3718180, 1048576)
10-12 16:36:54.556  2752  2752 W AshmemAllocator: ashmem_create_region(1048576) returning hidl_memory(0xf3718180, 1048576)
10-12 16:36:54.557  2752  2752 W AshmemAllocator: ashmem_create_region(1048576) returning hidl_memory(0xf3718180, 1048576)
10-12 16:36:54.561  2775  3039 I chatty  : uid=1000(system) Binder:2775_4 expire 5 lines
10-12 16:36:54.562  2763  2911 I [Gralloc]: framebuffer hal alread move to hwcomposer
10-12 16:36:54.571  2763  2911 I [Gralloc]: framebuffer hal alread move to hwcomposer
10-12 16:36:54.609  2763  2911 I [Gralloc]: framebuffer hal alread move to hwcomposer
10-12 16:36:54.613  3502  5410 W Icing   : isOptedInForAppHistory: empty Account Name encountered
10-12 16:36:54.633  3502  5410 W Icing   : isOptedInForAppHistory: empty Account Name encountered
10-12 16:36:54.636  2763  2911 I [Gralloc]: framebuffer hal alread move to hwcomposer
10-12 16:36:54.640  2763  2911 I [Gralloc]: framebuffer hal alread move to hwcomposer
10-12 16:36:54.642  3502  8840 W Icing   : isOptedInForAppHistory: empty Account Name encountered
10-12 16:36:54.648  2763  2911 I [Gralloc]: framebuffer hal alread move to hwcomposer
10-12 16:36:54.652  2763  2911 I [Gralloc]: framebuffer hal alread move to hwcomposer
10-12 16:36:54.565  2775  2775 I chatty  : uid=1000(system) /system/bin/surfaceflinger expire 9 lines
10-12 16:36:54.658  2763  2911 I [Gralloc]: framebuffer hal alread move to hwcomposer
10-12 16:36:54.690  2773  8194 W AudioFlinger: createTrack_l(): mismatch between requested flags (00000008) and output flags (00000002)
10-12 16:36:54.690  2773  8194 D AudioFlinger: Client defaulted notificationFrames to 6000 for frameCount 12000
10-12 16:36:54.715  2800 26186 I chatty  : uid=1046(mediacodec) omx@1.0-service expire 3 lines
10-12 16:36:54.730  2800 26185 I chatty  : uid=1046(mediacodec) omx@1.0-service expire 2 lines
10-12 16:36:57.913 16067 16067 I Binder:16067_3: type=1400 audit(0.0:1109): avc: denied { open } for path="/sys/devices/virtual/android_usb/android0/state" dev="sysfs" ino=21483 scontext=u:r:priv_app:s0:c512,c768 tcontext=u:object_r:sysfs_android_usb:s0 tclass=file permissive=1
10-12 16:37:01.432  3923  3923 D skia    : --- Failed to create image decoder with message 'unimplemented'
10-12 16:37:01.445  3923  3923 D skia    : --- Failed to create image decoder with message 'unimplemented'
10-12 16:37:01.437  3923  3923 I tutu.ABenchMark: type=1400 audit(0.0:1110): avc: denied { open } for path="/proc/stat" dev="proc" ino=4026531957 scontext=u:r:untrusted_app_27:s0:c512,c768 tcontext=u:object_r:proc_stat:s0 tclass=file permissive=1
10-12 16:37:01.519  2773  2923 D AudioFlinger: mixer(0xef603280) throttle end: throttle time(17)
10-12 16:37:01.437  3923  3923 I tutu.ABenchMark: type=1400 audit(0.0:1111): avc: denied { getattr } for path="/proc/stat" dev="proc" ino=4026531957 scontext=u:r:untrusted_app_27:s0:c512,c768 tcontext=u:object_r:proc_stat:s0 tclass=file permissive=1
10-12 16:37:01.441  3923  3923 I tutu.ABenchMark: type=1400 audit(0.0:1112): avc: denied { read } for name="temp" dev="sysfs" ino=8951 scontext=u:r:untrusted_app_27:s0:c512,c768 tcontext=u:object_r:sysfs:s0 tclass=file permissive=1
10-12 16:37:01.441  3923  3923 I tutu.ABenchMark: type=1400 audit(0.0:1113): avc: denied { open } for path="/sys/devices/virtual/thermal/thermal_zone0/temp" dev="sysfs" ino=8951 scontext=u:r:untrusted_app_27:s0:c512,c768 tcontext=u:object_r:sysfs:s0 tclass=file permissive=1
10-12 16:37:01.441  3923  3923 I tutu.ABenchMark: type=1400 audit(0.0:1114): avc: denied { getattr } for path="/sys/devices/virtual/thermal/thermal_zone0/temp" dev="sysfs" ino=8951 scontext=u:r:untrusted_app_27:s0:c512,c768 tcontext=u:object_r:sysfs:s0 tclass=file permissive=1
10-12 16:37:01.477  3923  3923 I tutu.ABenchMark: type=1400 audit(0.0:1115): avc: denied { open } for path="/proc/vmstat" dev="proc" ino=4026531993 scontext=u:r:untrusted_app_27:s0:c512,c768 tcontext=u:object_r:proc_vmstat:s0 tclass=file permissive=1
10-12 16:37:01.477  3923  3923 I tutu.ABenchMark: type=1400 audit(0.0:1116): avc: denied { getattr } for path="/proc/vmstat" dev="proc" ino=4026531993 scontext=u:r:untrusted_app_27:s0:c512,c768 tcontext=u:object_r:proc_vmstat:s0 tclass=file permissive=1
10-12 16:37:04.029  2767  2767 I memtrack@1.0-se: type=1400 audit(0.0:1117): avc: denied { read } for name="mem_profile" dev="debugfs" ino=3053 scontext=u:r:hal_memtrack_default:s0 tcontext=u:object_r:debugfs:s0 tclass=file permissive=1
10-12 16:37:04.029  2767  2767 I memtrack@1.0-se: type=1400 audit(0.0:1118): avc: denied { open } for path="/sys/kernel/debug/mali0/ctx/3123_3/mem_profile" dev="debugfs" ino=3053 scontext=u:r:hal_memtrack_default:s0 tcontext=u:object_r:debugfs:s0 tclass=file permissive=1
10-12 16:37:04.029  2767  2767 I memtrack@1.0-se: type=1400 audit(0.0:1119): avc: denied { getattr } for path="/sys/kernel/debug/mali0/ctx/3123_3/mem_profile" dev="debugfs" ino=3053 scontext=u:r:hal_memtrack_default:s0 tcontext=u:object_r:debugfs:s0 tclass=file permissive=1
10-12 16:37:09.803 26386 26386 I Zygote  : seccomp disabled by setenforce 0
10-12 16:37:09.804  2965  2982 I ActivityManager: Start proc 26386:com.google.android.partnersetup/u0a68 for service com.google.android.partnersetup/.InstalledAppJobService
10-12 16:37:09.808 26386 26386 W id.partnersetu: Using default instruction set features for ARM CPU variant (cortex-a9) using conservative defaults
10-12 16:37:09.827  3502 26384 E WorkSourceUtil: Could not find package: com.google.android.gms.westworld
10-12 16:37:09.862 26386 26386 W id.partnersetu: JIT profile information will not be recorded: profile file does not exits.
10-12 16:37:09.867  3502  8840 I NetworkScheduler.Stats: Task com.google.android.gms/com.google.android.gms.icing.service.IcingGcmTaskService started execution. cause:4 exec_start_elapsed_seconds: 3631 [CONTEXT service_id=218 ]
10-12 16:37:09.875  3502  8841 I NetworkScheduler.Stats: Task com.google.android.gms/com.google.android.gms.icing.service.IcingGcmTaskService finished executing. cause:4 result: 1 elapsed_millis: 34 uptime_millis: 34 exec_start_elapsed_seconds: 3631 [CONTEXT service_id=218 ]
10-12 16:37:09.880  3612 18565 I Icing   : Indexing com.google.android.youtube-internal.3p:VideoObject from com.google.android.youtube using seqno 0
10-12 16:37:09.885  3612 18565 I Icing   : Indexing com.google.android.youtube-internal.3p:VideoObject from com.google.android.youtube using seqno 0
10-12 16:37:11.097  5742  5742 I chatty  : uid=10023(com.google.android.youtube) expire 3 lines
10-12 16:37:11.448  3923  3923 D skia    : --- Failed to create image decoder with message 'unimplemented'
10-12 16:37:11.450  2965  4723 D ConnectivityService: requestNetwork for uid/pid:10023/5742 NetworkRequest [ TRACK_DEFAULT id=203, [ Capabilities: INTERNET&NOT_RESTRICTED&TRUSTED Unwanted:  Uid: 10023] ]
10-12 16:37:11.455  3184  3184 D PhoneSwitcherNetworkRequstListener: got request NetworkRequest [ TRACK_DEFAULT id=203, [ Capabilities: INTERNET&NOT_RESTRICTED&TRUSTED Unwanted:  Uid: 10023] ] with score 70
10-12 16:37:11.465  2965  2980 E NotificationService: Suppressing notification from package by user request.
10-12 16:37:11.472  3923  3923 D skia    : --- Failed to create image decoder with message 'unimplemented'
10-12 16:37:11.476  2965  3055 D ConnectivityService: releasing NetworkRequest [ TRACK_DEFAULT id=203, [ Capabilities: INTERNET&NOT_RESTRICTED&TRUSTED Unwanted:  Uid: 10023] ] (release request)
10-12 16:37:11.461  3923  3923 I tutu.ABenchMark: type=1400 audit(0.0:1120): avc: denied { open } for path="/proc/stat" dev="proc" ino=4026531957 scontext=u:r:untrusted_app_27:s0:c512,c768 tcontext=u:object_r:proc_stat:s0 tclass=file permissive=1
10-12 16:37:11.465  3923  3923 I tutu.ABenchMark: type=1400 audit(0.0:1121): avc: denied { getattr } for path="/proc/stat" dev="proc" ino=4026531957 scontext=u:r:untrusted_app_27:s0:c512,c768 tcontext=u:object_r:proc_stat:s0 tclass=file permissive=1
10-12 16:37:13.664  2965  2986 D AutofillManagerService: Close system dialogs
10-12 16:37:13.666  3123  3123 V StatusBar: mStatusBarWindow: com.android.systemui.statusbar.phone.StatusBarWindowView{b0a4d8f V.ED..... ........ 0,0-1360,31} canPanelBeCollapsed(): false
10-12 16:37:13.667  3123  3123 I vol.Events: writeEvent dismiss_dialog volume_controller
10-12 16:37:13.674  2965  3745 I ActivityManager: START u0 {act=android.intent.action.MAIN cat=[android.intent.category.HOME] flg=0x10000000 cmp=com.android.launcher3/.Launcher (has extras)} from uid 10024
10-12 16:37:13.686  2965  3745 W WindowManager: Ignoring move of always-on-top stack=com.android.server.wm.DisplayContent$TaskStackContainers@513dff7 to bottom
10-12 16:37:13.722  2763  2911 I [Gralloc]: framebuffer hal alread move to hwcomposer
10-12 16:37:13.730  2763  2910 I [Gralloc]: framebuffer hal alread move to hwcomposer
10-12 16:37:13.758  2763  2910 I [Gralloc]: framebuffer hal alread move to hwcomposer
10-12 16:37:13.782  3544  3734 D mali_winsys: EGLint new_window_surface(egl_winsys_display *, void *, EGLSurface, EGLConfig, egl_winsys_surface **, EGLBoolean) returns 0x3000
10-12 16:37:13.806  2773  2923 D AudioFlinger: mixer(0xef603280) throttle end: throttle time(12)
10-12 16:37:13.810  2763  2910 I [Gralloc]: framebuffer hal alread move to hwcomposer
10-12 16:37:13.870  2773  2923 D AudioFlinger: mixer(0xef603280) throttle end: throttle time(6)
10-12 16:37:13.813  3544  3544 I RenderThread: type=1400 audit(0.0:1125): avc: denied { read } for name="gralloc.odroidn2.so" dev="mmcblk0p12" ino=705 scontext=u:r:priv_app:s0:c512,c768 tcontext=u:object_r:vendor_file:s0 tclass=file permissive=1
10-12 16:37:13.813  3544  3544 I RenderThread: type=1400 audit(0.0:1126): avc: denied { open } for path="/vendor/lib/hw/gralloc.odroidn2.so" dev="mmcblk0p12" ino=705 scontext=u:r:priv_app:s0:c512,c768 tcontext=u:object_r:vendor_file:s0 tclass=file permissive=1
10-12 16:37:13.689  2965  3745 W WindowManager: Ignoring move of always-on-top stack=com.android.server.wm.DisplayContent$TaskStackContainers@513dff7 to bottom
10-12 16:37:13.993  2965  3745 D ConnectivityService: requestNetwork for uid/pid:10023/5742 NetworkRequest [ TRACK_DEFAULT id=204, [ Capabilities: INTERNET&NOT_RESTRICTED&TRUSTED Unwanted:  Uid: 10023] ]
10-12 16:37:13.993  3184  3184 D PhoneSwitcherNetworkRequstListener: got request NetworkRequest [ TRACK_DEFAULT id=204, [ Capabilities: INTERNET&NOT_RESTRICTED&TRUSTED Unwanted:  Uid: 10023] ] with score 70
10-12 16:37:13.994  2965  3053 I chatty  : uid=1000(system) WifiStateMachin expire 10 lines
10-12 16:37:14.012  2965  3055 D ConnectivityService: releasing NetworkRequest [ TRACK_DEFAULT id=204, [ Capabilities: INTERNET&NOT_RESTRICTED&TRUSTED Unwanted:  Uid: 10023] ] (release request)
10-12 16:37:14.002  5742  5742 W YT.MDX.DiscoveryControl: cancelDiscoveryRequest ignored requester aiah@adf0e5c
10-12 16:37:14.064  2763  2910 I [Gralloc]: framebuffer hal alread move to hwcomposer
10-12 16:37:14.279  2965  3745 I ActivityManager: START u0 {cmp=com.android.systemui/.pip.phone.PipMenuActivity (has extras)} from uid 10018
10-12 16:37:14.280  2965  3745 W ActivityManager: startActivity called from non-Activity context; forcing Intent.FLAG_ACTIVITY_NEW_TASK for: Intent { flg=0x800000 cmp=com.android.systemui/.pip.phone.PipMenuActivity (has extras) }
10-12 16:37:14.282  2965  3745 W WindowManager: Ignoring move of always-on-top stack=com.android.server.wm.DisplayContent$TaskStackContainers@513dff7 to bottom
10-12 16:37:14.292  3123  3123 W ActivityThread: handleWindowVisibility: no activity for token android.os.BinderProxy@cba444b
10-12 16:37:14.337  2763  2910 I [Gralloc]: framebuffer hal alread move to hwcomposer
10-12 16:37:14.342  2763  2910 I chatty  : uid=1000(system) HwBinder:2763_1 identical 10 lines
10-12 16:37:14.345  2763  2910 I [Gralloc]: framebuffer hal alread move to hwcomposer
10-12 16:37:14.349  3123  3407 D mali_winsys: EGLint new_window_surface(egl_winsys_display *, void *, EGLSurface, EGLConfig, egl_winsys_surface **, EGLBoolean) returns 0x3000
10-12 16:37:14.354  2763  2910 I [Gralloc]: framebuffer hal alread move to hwcomposer
10-12 16:37:14.380  2763  2910 I [Gralloc]: framebuffer hal alread move to hwcomposer
10-12 16:37:14.390  2763  2910 I [Gralloc]: framebuffer hal alread move to hwcomposer
10-12 16:37:14.481  5742 15808 W libEGL  : EGLNativeWindowType 0xcb9c4808 disconnect failed
10-12 16:37:14.482  5742 15808 D mali_winsys: EGLint new_window_surface(egl_winsys_display *, void *, EGLSurface, EGLConfig, egl_winsys_surface **, EGLBoolean) returns 0x3000
10-12 16:37:14.492  2763  2910 I [Gralloc]: framebuffer hal alread move to hwcomposer
10-12 16:37:14.509  2763  2910 I [Gralloc]: framebuffer hal alread move to hwcomposer
10-12 16:37:14.516  2965  2975 I chatty  : uid=1000(system) HeapTaskDaemon expire 1 line
10-12 16:37:14.585  5742  5753 I android.youtub: Background concurrent copying GC freed 228842(13MB) AllocSpace objects, 106(4MB) LOS objects, 40% free, 35MB/59MB, paused 610us total 219.876ms
10-12 16:37:14.604  5742  5751 W System  : A resource failed to call end. 
10-12 16:37:14.605  5742  5751 W System  : A resource failed to call end. 
10-12 16:37:15.100  3123  3123 D InputEventConsistencyVerifier: GenericMotionEvent: Action button for ACTION_BUTTON_PRESS event is 1, but it has already been pressed and has yet to be released.
10-12 16:37:15.100  3123  3123 D InputEventConsistencyVerifier:   in com.android.systemui.statusbar.policy.KeyButtonView{6efdf6e VFED..CL. ...P..ID 567,0-774,61 #7f0a015a app:id/home}
10-12 16:37:15.100  3123  3123 D InputEventConsistencyVerifier:   0: sent at 3637072122000, MotionEvent { action=ACTION_BUTTON_PRESS, actionButton=BUTTON_PRIMARY, id[0]=0, x[0]=44.30481, y[0]=54.25934, toolType[0]=TOOL_TYPE_MOUSE, buttonState=BUTTON_PRIMARY, metaState=0, flags=0x0, edgeFlags=0x0, pointerCount=1, historySize=0, eventTime=3637072, downTime=3637072, deviceId=4, source=0x2002 }
10-12 16:37:15.100  3123  3123 D InputEventConsistencyVerifier:   -- recent events --
10-12 16:37:15.100  3123  3123 D InputEventConsistencyVerifier:   1: sent at 3637072122000, MotionEvent { action=ACTION_DOWN, actionButton=0, id[0]=0, x[0]=44.30481, y[0]=54.25934, toolType[0]=TOOL_TYPE_MOUSE, buttonState=BUTTON_PRIMARY, metaState=0, flags=0x0, edgeFlags=0x0, pointerCount=1, historySize=0, eventTime=3637072, downTime=3637072, deviceId=4, source=0x2002 }
10-12 16:37:15.100  3123  3123 D InputEventConsistencyVerifier:   2: sent at 3637072122000, (unhandled) MotionEvent { action=ACTION_HOVER_EXIT, actionButton=0, id[0]=0, x[0]=44.30481, y[0]=54.25934, toolType[0]=TOOL_TYPE_MOUSE, buttonState=BUTTON_PRIMARY, metaState=0, flags=0x0, edgeFlags=0x0, pointerCount=1, historySize=0, eventTime=3637072, downTime=3637072, deviceId=4, source=0x2002 }
10-12 16:37:15.100  3123  3123 D InputEventConsistencyVerifier:   3: sent at 3637064129000, (unhandled) MotionEvent { action=ACTION_HOVER_MOVE, actionButton=0, id[0]=0, x[0]=44.30481, y[0]=54.25934, toolType[0]=TOOL_TYPE_MOUSE, buttonState=0, metaState=0, flags=0x0, edgeFlags=0x0, pointerCount=1, historySize=1, eventTime=3637064, downTime=3635524, deviceId=4, source=0x2002 }
10-12 16:37:15.100  3123  3123 D InputEventConsistencyVerifier:   4: sent at 3637048119000, (unhandled) MotionEvent { action=ACTION_HOVER_MOVE, actionButton=0, id[0]=0, x[0]=47.30481, y[0]=53.25934, toolType[0]=TOOL_TYPE_MOUSE, buttonState=0, metaState=0, flags=0x0, edgeFlags=0x0, pointerCount=1, historySize=1, eventTime=3637048, downTime=3635524, deviceId=4, source=0x2002 }
10-12 16:37:15.100  3123  3123 D InputEventConsistencyVerifier:   5: sent at 3637032120000, (unhandled) MotionEvent { action=ACTION_HOVER_MOVE, actionButton=0, id[0]=0, x[0]=52.30481, y[0]=50.25934, toolType[0]=TOOL_TYPE_MOUSE, buttonState=0, metaState=0, flags=0x0, edgeFlags=0x0, pointerCount=1, historySize=1, eventTime=3637032, downTime=3635524, deviceId=4, source=0x2002 }
10-12 16:37:14.284  2965  3745 W WindowManager: Ignoring move of always-on-top stack=com.android.server.wm.DisplayContent$TaskStackContainers@513dff7 to bottom
10-12 16:37:15.213  2965  2986 D AutofillManagerService: Close system dialogs
10-12 16:37:15.215  2965  3041 I ActivityManager: START u0 {act=android.intent.action.MAIN cat=[android.intent.category.HOME] flg=0x10200000 cmp=com.android.launcher3/.Launcher (has extras)} from uid 1000
10-12 16:37:15.221  3123  3123 I vol.Events: writeEvent dismiss_dialog volume_controller
10-12 16:37:15.221  3123  3123 V StatusBar: mStatusBarWindow: com.android.systemui.statusbar.phone.StatusBarWindowView{b0a4d8f V.ED..... ........ 0,0-1360,31} canPanelBeCollapsed(): false
10-12 16:37:15.243  2763  2910 I [Gralloc]: framebuffer hal alread move to hwcomposer
10-12 16:37:15.324  2965  3071 W HdmiCecController: Failed to send <Text View On> src: 4, dst: 0 with errorCode=1
10-12 16:37:15.399  3123  3407 W libEGL  : EGLNativeWindowType 0xcbb2f808 disconnect failed
10-12 16:37:15.572  2965  3071 W HdmiCecController: Failed to send <Give Device Power Status> src: 4, dst: 0 with errorCode=1
10-12 16:37:16.884  5742  5926 W YT.mediacache: Unable to sniff ChunkIndex extractor [CONTEXT ratelimit_period="5000 MILLISECONDS [skipped: 9]" ]
10-12 16:37:17.216  2965  3745 D ConnectivityService: requestNetwork for uid/pid:10023/5742 NetworkRequest [ TRACK_DEFAULT id=205, [ Capabilities: INTERNET&NOT_RESTRICTED&TRUSTED Unwanted:  Uid: 10023] ]
10-12 16:37:17.217  3184  3184 D PhoneSwitcherNetworkRequstListener: got request NetworkRequest [ TRACK_DEFAULT id=205, [ Capabilities: INTERNET&NOT_RESTRICTED&TRUSTED Unwanted:  Uid: 10023] ] with score 70
10-12 16:37:17.275  2965  3055 D ConnectivityService: releasing NetworkRequest [ TRACK_DEFAULT id=205, [ Capabilities: INTERNET&NOT_RESTRICTED&TRUSTED Unwanted:  Uid: 10023] ] (release request)
10-12 16:37:17.324  2965  3071 W HdmiCecController: Failed to send <Give Device Power Status> src: 4, dst: 0 with errorCode=1
10-12 16:37:21.484  3923  3923 D skia    : --- Failed to create image decoder with message 'unimplemented'
10-12 16:37:21.499  3923  3923 D skia    : --- Failed to create image decoder with message 'unimplemented'
10-12 16:37:21.493  3923  3923 I tutu.ABenchMark: type=1400 audit(0.0:1134): avc: denied { read } for name="temp" dev="sysfs" ino=8951 scontext=u:r:untrusted_app_27:s0:c512,c768 tcontext=u:object_r:sysfs:s0 tclass=file permissive=1
10-12 16:37:21.493  3923  3923 I tutu.ABenchMark: type=1400 audit(0.0:1135): avc: denied { open } for path="/sys/devices/virtual/thermal/thermal_zone0/temp" dev="sysfs" ino=8951 scontext=u:r:untrusted_app_27:s0:c512,c768 tcontext=u:object_r:sysfs:s0 tclass=file permissive=1
10-12 16:37:21.493  3923  3923 I tutu.ABenchMark: type=1400 audit(0.0:1136): avc: denied { getattr } for path="/sys/devices/virtual/thermal/thermal_zone0/temp" dev="sysfs" ino=8951 scontext=u:r:untrusted_app_27:s0:c512,c768 tcontext=u:object_r:sysfs:s0 tclass=file permissive=1
10-12 16:37:23.775  5742  5926 W YT.mediacache: Unable to sniff ChunkIndex extractor [CONTEXT ratelimit_period="5000 MILLISECONDS [skipped: 7]" ]
10-12 16:37:28.894  5742  5926 W YT.mediacache: Unable to sniff ChunkIndex extractor [CONTEXT ratelimit_period="5000 MILLISECONDS [skipped: 6]" ]
10-12 16:37:31.508  3923  3923 D skia    : --- Failed to create image decoder with message 'unimplemented'
10-12 16:37:31.521  3923  3923 D skia    : --- Failed to create image decoder with message 'unimplemented'
10-12 16:37:31.556  3123  3139 W InputChannel-JNI: Input channel object 'pip_input_consumer (client)' was finalized without being disposed!
10-12 16:37:34.511  5742  5787 W YT.mediacache: Unable to sniff ChunkIndex extractor [CONTEXT ratelimit_period="5000 MILLISECONDS [skipped: 7]" ]
10-12 16:37:33.332  2965  3071 I chatty  : uid=1000(system) Hdmi Control Io identical 8 lines
10-12 16:37:35.332  2965  3071 W HdmiCecController: Failed to send <Give Device Power Status> src: 4, dst: 0 with errorCode=1
10-12 16:37:35.544  2965  3745 I ActivityManager: START u0 {act=android.intent.action.MAIN cat=[android.intent.category.LAUNCHER] flg=0x10200000 pkg=acr.browser.barebones cmp=acr.browser.barebones/acr.browser.lightning.MainActivity bnds=[1278,415][1360,511]} from uid 10024
10-12 16:37:35.582  2965  2982 I ActivityManager: Start proc 26719:acr.browser.barebones/u0a54 for activity acr.browser.barebones/acr.browser.lightning.MainActivity
10-12 16:37:35.583 26719 26719 I Zygote  : seccomp disabled by setenforce 0
10-12 16:37:35.591 26719 26719 W owser.barebone: Using default instruction set features for ARM CPU variant (cortex-a9) using conservative defaults
10-12 16:37:35.595  2763  2910 I [Gralloc]: framebuffer hal alread move to hwcomposer
10-12 16:37:35.897 26719 26719 D OpenGLRenderer: Skia GL Pipeline
10-12 16:37:36.019 26719 26753 I WebViewFactory: Loading com.android.webview version 66.0.3359.158 (code 336015805)
10-12 16:37:36.058 26719 26753 I cr_LibraryLoader: Time to load native libraries: 2 ms (timestamps 8032-8034)
10-12 16:37:36.059  2763  2910 I [Gralloc]: framebuffer hal alread move to hwcomposer
10-12 16:37:36.065  2763  2910 I [Gralloc]: framebuffer hal alread move to hwcomposer
10-12 16:37:36.065  2763  2910 E gralloc : ioctl c0144900 failed with code -1: Operation not permitted
10-12 16:37:36.068  2763  2910 I [Gralloc]: framebuffer hal alread move to hwcomposer
10-12 16:37:36.073  2763  2910 E gralloc : ioctl c0144900 failed with code -1: Operation not permitted
10-12 16:37:36.076 26719 26754 I ConfigStore: android::hardware::configstore::V1_0::ISurfaceFlingerConfigs::hasWideColorDisplay retrieved: 0
10-12 16:37:36.076 26719 26753 I chromium: [INFO:library_loader_hooks.cc(36)] Chromium logging enabled: level = 0, default verbosity = 0
10-12 16:37:36.076 26719 26754 I ConfigStore: android::hardware::configstore::V1_0::ISurfaceFlingerConfigs::hasHDRDisplay retrieved: 0
10-12 16:37:36.076 26719 26754 I OpenGLRenderer: Initialized EGL, version 1.4
10-12 16:37:36.076 26719 26754 D OpenGLRenderer: Swap behavior 2
10-12 16:37:36.076 26719 26753 I cr_LibraryLoader: Expected native library version number "66.0.3359.158", actual native library version number "66.0.3359.158"
