10-12 16:45:11.288 32258 32347 W VideoCapabilities: Unsupported mime video/avs
10-12 16:45:11.303 32258 32347 W VideoCapabilities: Unrecognized profile 4 for video/hevc
10-12 16:45:11.304 32258 32347 W VideoCapabilities: Unsupported mime video/mjpeg
10-12 16:45:11.306 32258 32347 W VideoCapabilities: Unrecognized profile/level 0/3 for video/mpeg2
10-12 16:45:11.306 32258 32347 I VideoCapabilities: Unsupported profile 2 for video/mpeg2
10-12 16:45:11.306 32258 32347 I VideoCapabilities: Unsupported profile 3 for video/mpeg2
10-12 16:45:11.306 32258 32347 I VideoCapabilities: Unsupported profile 4 for video/mpeg2
10-12 16:45:11.306 32258 32347 I VideoCapabilities: Unsupported profile 5 for video/mpeg2
10-12 16:45:11.307 32244 32244 I Finsky  : [2] adhk.a(1): Connecting InstallListener to SplitInstallService broadcaster...
10-12 16:45:11.307 32258 32347 I VideoCapabilities: Unsupported profile 2 for video/mp4v-es
10-12 16:45:11.307 32258 32347 I VideoCapabilities: Unsupported profile 4 for video/mp4v-es
10-12 16:45:11.307 32258 32347 I VideoCapabilities: Unsupported profile 8 for video/mp4v-es
10-12 16:45:11.307 32258 32347 I VideoCapabilities: Unsupported profile 16 for video/mp4v-es
10-12 16:45:11.307 32258 32347 I VideoCapabilities: Unsupported profile 32 for video/mp4v-es
10-12 16:45:11.307 32258 32347 I VideoCapabilities: Unsupported profile 64 for video/mp4v-es
10-12 16:45:11.307 32258 32347 I VideoCapabilities: Unsupported profile 128 for video/mp4v-es
10-12 16:45:11.307 32258 32347 I VideoCapabilities: Unsupported profile 256 for video/mp4v-es
10-12 16:45:11.307 32258 32347 I VideoCapabilities: Unsupported profile 512 for video/mp4v-es
10-12 16:45:11.307 32258 32347 I VideoCapabilities: Unsupported profile 1024 for video/mp4v-es
10-12 16:45:11.307 32258 32347 I VideoCapabilities: Unsupported profile 2048 for video/mp4v-es
10-12 16:45:11.307 32258 32347 I VideoCapabilities: Unsupported profile 4096 for video/mp4v-es
10-12 16:45:11.307 32258 32347 I VideoCapabilities: Unsupported profile 8192 for video/mp4v-es
10-12 16:45:11.307 32258 32347 I VideoCapabilities: Unsupported profile 16384 for video/mp4v-es
10-12 16:45:11.310 32258 32347 W VideoCapabilities: Unsupported mime video/rm10
10-12 16:45:11.312 32258 32347 W VideoCapabilities: Unsupported mime video/rm20
10-12 16:45:11.314 32244 32244 I Finsky  : [2] qjl.<init>(13): Installer: Setting Parallelism[DEFAULT]
10-12 16:45:11.315 32258 32347 W VideoCapabilities: Unsupported mime video/rm30
10-12 16:45:11.319 32244 32273 I Finsky  : [453] adip.b(1): getSessionStates for package: com.facebook.katana
10-12 16:45:11.320 32258 32347 W VideoCapabilities: Unsupported mime video/rm40
10-12 16:45:11.324 32258 32347 W VideoCapabilities: Unsupported mime video/vc1
10-12 16:45:11.324 32258 32347 W Utils   : could not parse long range '1-'
10-12 16:45:11.328 32244 32244 I Finsky  : [2] qgg.v(2): Installer: Attempting to start installer
10-12 16:45:11.328 32258 32347 W VideoCapabilities: Unrecognized level 16 for video/x-vnd.on2.vp8
10-12 16:45:11.328 32258 32347 W VideoCapabilities: Unrecognized level 32 for video/x-vnd.on2.vp8
10-12 16:45:11.328 32258 32347 W VideoCapabilities: Unrecognized level 64 for video/x-vnd.on2.vp8
10-12 16:45:11.328 32258 32347 W VideoCapabilities: Unrecognized level 128 for video/x-vnd.on2.vp8
10-12 16:45:11.328 32258 32347 W VideoCapabilities: Unrecognized level 256 for video/x-vnd.on2.vp8
10-12 16:45:11.328 32258 32347 W VideoCapabilities: Unrecognized level 512 for video/x-vnd.on2.vp8
10-12 16:45:11.328 32258 32347 W VideoCapabilities: Unrecognized level 1024 for video/x-vnd.on2.vp8
10-12 16:45:11.329 32258 32347 W VideoCapabilities: Unrecognized level 2048 for video/x-vnd.on2.vp8
10-12 16:45:11.329 32258 32347 W VideoCapabilities: Unrecognized level 4096 for video/x-vnd.on2.vp8
10-12 16:45:11.329 32258 32347 W VideoCapabilities: Unrecognized level 8192 for video/x-vnd.on2.vp8
10-12 16:45:11.329 32258 32347 W VideoCapabilities: Unrecognized level 16384 for video/x-vnd.on2.vp8
10-12 16:45:11.329 32258 32347 W VideoCapabilities: Unrecognized level 32768 for video/x-vnd.on2.vp8
10-12 16:45:11.330 32258 32343 W TigonVideoService: TigonVideoService initHybrid
10-12 16:45:11.331 32258 32343 V tigonvideo: TigonVideo/JNI_OnLoad called
10-12 16:45:11.331 32258 32343 W TigonVideoService: TigonVideoService calling initHybrid
10-12 16:45:11.331 32258 32343 V tigonvideo: LigerVid TigonVideoService::initHybrid
10-12 16:45:11.333 32244 32244 I Finsky  : [2] asuk.b(2): registerListener
10-12 16:45:11.334 32258 32343 V tigonliger: tigonapi/JNI_OnLoad called
10-12 16:45:11.335 32258 32343 W TigonVideoService: LigerVid TigonVideoService init
10-12 16:45:11.349 32244 32244 I Finsky  : [2] jpc.onSubscriptionsChanged(1): onSubscriptionsChanged
10-12 16:45:11.351 32258 32347 W VideoCapabilities: Unsupported mime video/wmv3
10-12 16:45:11.351 32244 32244 I Finsky  : [2] qgg.L(1): Installer kick - no action, not running yet
10-12 16:45:11.354 32258 32347 W VideoCapabilities: Unsupported mime video/wmv1
10-12 16:45:11.356 32258 32347 W VideoCapabilities: Unsupported mime video/wmv2
10-12 16:45:11.358 32258 32347 W VideoCapabilities: Unsupported mime video/x-ms-wmv
10-12 16:45:11.360 32258 32347 W VideoCapabilities: Unsupported mime video/wvc1
10-12 16:45:11.360 32258 32347 W Utils   : could not parse long range '1-'
10-12 16:45:11.367 32244 32284 D NetworkSecurityConfig: No Network Security Config specified, using platform default
10-12 16:45:11.369 32258 32347 I VideoCapabilities: Unsupported profile 4 for video/mp4v-es
10-12 16:45:11.508 32244 32370 I Finsky  : [509] mmb.d(1): getDownloads()
10-12 16:45:11.534  7789  7789 I Finsky:download_service: [2] sqa.onCreate(2): IPC-SERVER: Starting gRPC host service...
10-12 16:45:11.545  7789 32375 I Finsky:download_service: [392] mej.c(1): getDownloads().
10-12 16:45:11.560 32244 32368 I Finsky  : [507] qff.run(7): Installer: Installer starting.
10-12 16:45:11.560 32244 32368 I Finsky  : [507] qff.run(20): Installer: Installer started.
10-12 16:45:11.562 32244 32244 I Finsky  : [2] qgg.L(7): Installer: found apps to install. isMultiUserMode=false, apps=[]
10-12 16:45:11.588 32244 32244 I Finsky  : [2] abit.a(26): SCH: Canceling job 3-187
10-12 16:45:11.598 32244 32244 I Finsky  : [2] abhw.f(7): SCH: Cancelling existing jobscheduler jobs: 9009 9010 9000 9011 
10-12 16:45:11.598 32244 32244 I Finsky  : [2] abhw.c(4): SCH: Scheduling immediate wakeup job with id: 9000
10-12 16:45:11.609 32244 32244 I Finsky  : [2] abjk.b(5): SCH: Jobs in database: 1-1337 24-77777777 26-1414141414 29-29 33-125142305 34-23 34-26 34-29 34-30 
10-12 16:45:11.630 32244 32244 I Finsky  : [2] abhw.d(37): SCH: ConstraintMapping: 24-77777777,  -> L: 0ms, D: 72302732ms, C: false, I: true, N: 0
10-12 16:45:11.630 32244 32244 I Finsky  : [2] abhw.d(37): SCH: ConstraintMapping: 1-1337, 34-29,  -> L: 3896621ms, D: 39588717ms, C: false, I: false, N: 1
10-12 16:45:11.632 32244 32244 I Finsky  : [2] abhw.d(37): SCH: ConstraintMapping: 33-125142305,  -> L: 0ms, D: 604799540ms, C: false, I: false, N: 3
10-12 16:45:11.632 32244 32244 I Finsky  : [2] abhw.d(37): SCH: ConstraintMapping: 34-23, 34-26, 34-30,  -> L: 0ms, D: 1285504301ms, C: false, I: true, N: 2
10-12 16:45:11.633 32244 32244 I Finsky  : [2] abhw.d(37): SCH: ConstraintMapping: 34-23, 34-26, 34-30,  -> L: 0ms, D: 1285504301ms, C: true, I: true, N: 2
10-12 16:45:11.633 32244 32244 I Finsky  : [2] abhw.d(37): SCH: ConstraintMapping: 26-1414141414, 29-29,  -> L: 29432ms, D: 59432ms, C: false, I: false, N: 0
10-12 16:45:11.634 32244 32244 I Finsky  : [2] abhw.f(7): SCH: Cancelling existing jobscheduler jobs: 9000 
10-12 16:45:11.635 32244 32244 I Finsky  : [2] abhw.e(23): SCH: Scheduling job Id: 9001, L: 0, D: 72302732, C: false, I: true, N: 0
10-12 16:45:11.636 32244 32244 I Finsky  : [2] abhw.e(23): SCH: Scheduling job Id: 9002, L: 3896621, D: 39588717, C: false, I: false, N: 1
10-12 16:45:11.637 32244 32244 I Finsky  : [2] abhw.e(23): SCH: Scheduling job Id: 9003, L: 0, D: 604799540, C: false, I: false, N: 3
10-12 16:45:11.639 32244 32244 I Finsky  : [2] abhw.e(23): SCH: Scheduling job Id: 9004, L: 0, D: 1285504301, C: false, I: true, N: 2
10-12 16:45:11.640 32244 32244 I Finsky  : [2] abhw.e(23): SCH: Scheduling job Id: 9005, L: 0, D: 1285504301, C: true, I: true, N: 2
10-12 16:45:11.642 32244 32244 I Finsky  : [2] abhw.e(23): SCH: Scheduling job Id: 9006, L: 29432, D: 59432, C: false, I: false, N: 0
10-12 16:45:11.644 32244 32244 I Finsky  : [2] abjk.b(5): SCH: Jobs in database: 1-1337 24-77777777 26-1414141414 29-29 33-125142305 34-23 34-26 34-29 34-30 
10-12 16:45:11.645 32244 32378 I Finsky  : [514] qsy.A(3): IQ: Creating job 188, for (REQ_CHARGING, REQ_DEVICE_IDLE, REQ_GEARHEAD_PROJECTION_OFF, NETWORK=UNMETERED, PROVISIONING_STATE=PROVISIONED)
10-12 16:45:11.657 32244 32244 I Finsky  : [2] abhw.d(37): SCH: ConstraintMapping: 24-77777777,  -> L: 0ms, D: 72302698ms, C: false, I: true, N: 0
10-12 16:45:11.658 32244 32244 I Finsky  : [2] abhw.d(37): SCH: ConstraintMapping: 1-1337, 34-29,  -> L: 3896586ms, D: 39588682ms, C: false, I: false, N: 1
10-12 16:45:11.658 32244 32244 I Finsky  : [2] abhw.d(37): SCH: ConstraintMapping: 33-125142305,  -> L: 0ms, D: 604799510ms, C: false, I: false, N: 3
10-12 16:45:11.658 32244 32244 I Finsky  : [2] abhw.d(37): SCH: ConstraintMapping: 34-23, 34-26, 34-30,  -> L: 0ms, D: 1285504274ms, C: false, I: true, N: 2
10-12 16:45:11.659 32244 32244 I Finsky  : [2] abhw.d(37): SCH: ConstraintMapping: 34-23, 34-26, 34-30,  -> L: 0ms, D: 1285504274ms, C: true, I: true, N: 2
10-12 16:45:11.659 32244 32244 I Finsky  : [2] abhw.d(37): SCH: ConstraintMapping: 26-1414141414, 29-29,  -> L: 29402ms, D: 59402ms, C: false, I: false, N: 0
10-12 16:45:11.665 32244 32244 I Finsky  : [2] abhw.f(7): SCH: Cancelling existing jobscheduler jobs: 9003 9002 9004 9005 9006 9001 
10-12 16:45:11.665 32244 32244 I Finsky  : [2] abhw.e(23): SCH: Scheduling job Id: 9000, L: 0, D: 72302698, C: false, I: true, N: 0
10-12 16:45:11.666 32244 32244 I Finsky  : [2] abhw.e(23): SCH: Scheduling job Id: 9007, L: 3896586, D: 39588682, C: false, I: false, N: 1
10-12 16:45:11.667 32244 32244 I Finsky  : [2] abhw.e(23): SCH: Scheduling job Id: 9008, L: 0, D: 604799510, C: false, I: false, N: 3
10-12 16:45:11.669 32244 32244 I Finsky  : [2] abhw.e(23): SCH: Scheduling job Id: 9009, L: 0, D: 1285504274, C: false, I: true, N: 2
10-12 16:45:11.670 32244 32244 I Finsky  : [2] abhw.e(23): SCH: Scheduling job Id: 9010, L: 0, D: 1285504274, C: true, I: true, N: 2
10-12 16:45:11.671 32244 32244 I Finsky  : [2] abhw.e(23): SCH: Scheduling job Id: 9011, L: 29402, D: 59402, C: false, I: false, N: 0
10-12 16:45:11.679 32244 32244 I Finsky  : [2] ablf.onStartJob(3): SCH: onJobSchedulerWakeup with jobId 9008
10-12 16:45:11.681 32244 32244 I Finsky  : [2] abgo.a(9): SCH: Scheduling fallback job with id: 9034, and delay: 43200000 ms
10-12 16:45:11.683 32244 32244 I Finsky  : [2] abgo.b(9): SCH: Scheduling fallback in 64799999 (absolute: 68913658)
10-12 16:45:11.709 32244 32244 I Finsky  : [2] adhk.a(1): Connecting InstallListener to SplitInstallService broadcaster...
10-12 16:45:11.712 32244 32244 I Finsky  : [2] aizm.a(3): Warm data store was already initialized.
10-12 16:45:11.721 32244 32244 I Finsky  : [2] abgx.handleMessage(8): SCH: DeviceState: DeviceState{currentTime=1602488711719, isCharging=true, isIdle=false, netAny=true, netNotRoaming=true, netUnmetered=true, batteryPercent=42.0}
10-12 16:45:11.726 32244 32301 I Finsky  : [469] abjk.b(5): SCH: Jobs in database: 1-1337 3-188 24-77777777 26-1414141414 29-29 33-125142305 34-23 34-26 34-29 34-30 
10-12 16:45:11.737 32244 32244 I Finsky  : [2] abgy.a(10): SCH: Running job: 33-125142305
10-12 16:45:11.738 32244 32244 I Finsky  : [2] abgx.handleMessage(60): SCH: RunningQueue size: 1, PendingQueue size: 0
10-12 16:45:11.738 32244 32244 I Finsky  : [2] abgx.handleMessage(63): SCH: Running queue: 33-125142305 
10-12 16:45:11.739 32244 32310 I Finsky  : [476] iut.a(27): Job resume_offline_acquisition started num packages 1
10-12 16:45:11.766 32244 32329 I Finsky  : [483] lns.f(2): ApplicationRestrictions: {}
10-12 16:45:11.999  2965  3354 D ConnectivityService: requestNetwork for uid/pid:10023/5742 NetworkRequest [ TRACK_DEFAULT id=231, [ Capabilities: INTERNET&NOT_RESTRICTED&TRUSTED Unwanted:  Uid: 10023] ]
10-12 16:45:12.000  2965  3053 D WIFI    : got request NetworkRequest [ TRACK_DEFAULT id=231, [ Capabilities: INTERNET&NOT_RESTRICTED&TRUSTED Unwanted:  Uid: 10023] ] with score 70
10-12 16:45:12.000  2965  3053 D WIFI_UT : got request NetworkRequest [ TRACK_DEFAULT id=231, [ Capabilities: INTERNET&NOT_RESTRICTED&TRUSTED Unwanted:  Uid: 10023] ] with score 70
10-12 16:45:12.000  2965  3077 D Ethernet: got request NetworkRequest [ TRACK_DEFAULT id=231, [ Capabilities: INTERNET&NOT_RESTRICTED&TRUSTED Unwanted:  Uid: 10023] ] with score 70
10-12 16:45:12.004  3184  3184 D PhoneSwitcherNetworkRequstListener: got request NetworkRequest [ TRACK_DEFAULT id=231, [ Capabilities: INTERNET&NOT_RESTRICTED&TRUSTED Unwanted:  Uid: 10023] ] with score 70
10-12 16:45:12.006  2965  2980 E NotificationService: Suppressing notification from package by user request.
10-12 16:45:12.007  2965  3055 D ConnectivityService: releasing NetworkRequest [ TRACK_DEFAULT id=231, [ Capabilities: INTERNET&NOT_RESTRICTED&TRUSTED Unwanted:  Uid: 10023] ] (release request)
10-12 16:45:12.137 32244 32280 E Finsky  : [457] ety.L(1): Got null for offerType. Please either fix the caller, or add @Nullable in BackgrounEventBuilder if calling with null should be supported.
10-12 16:45:12.137 32244 32280 E Finsky  : com.google.android.flib.log.WhatATerribleException
10-12 16:45:12.137 32244 32280 E Finsky  : 	at alrz.h(PG:2)
10-12 16:45:12.137 32244 32280 E Finsky  : 	at com.google.android.finsky.utils.FinskyLog.g(PG:3)
10-12 16:45:12.137 32244 32280 E Finsky  : 	at ety.L(PG:1)
10-12 16:45:12.137 32244 32280 E Finsky  : 	at ihp.a(PG:3)
10-12 16:45:12.137 32244 32280 E Finsky  : 	at ium.a(Unknown Source:132)
10-12 16:45:12.137 32244 32280 E Finsky  : 	at avyw.f(Unknown Source:2)
10-12 16:45:12.137 32244 32280 E Finsky  : 	at avyy.run(PG:9)
10-12 16:45:12.137 32244 32280 E Finsky  : 	at java.util.concurrent.ThreadPoolExecutor.runWorker(ThreadPoolExecutor.java:1167)
10-12 16:45:12.137 32244 32280 E Finsky  : 	at java.util.concurrent.ThreadPoolExecutor$Worker.run(ThreadPoolExecutor.java:641)
10-12 16:45:12.137 32244 32280 E Finsky  : 	at ngo.run(PG:3)
10-12 16:45:12.137 32244 32280 E Finsky  : 	at java.lang.Thread.run(Thread.java:764)
10-12 16:45:12.139 32244 32280 I Process : Sending signal. PID: 32244 SIG: 9
10-12 16:45:12.142  2965  2980 W BroadcastQueue: Background execution not allowed: receiving Intent { act=android.intent.action.DROPBOX_ENTRY_ADDED flg=0x10 (has extras) } to com.google.android.gms/.stats.service.DropBoxEntryAddedReceiver
10-12 16:45:12.142  2965  2980 W BroadcastQueue: Background execution not allowed: receiving Intent { act=android.intent.action.DROPBOX_ENTRY_ADDED flg=0x10 (has extras) } to com.google.android.gms/.chimera.GmsIntentOperationService$PersistentTrustedReceiver
10-12 16:45:12.184  2965  4803 D ConnectivityService: ConnectivityService NetworkRequestInfo binderDied(NetworkRequest [ TRACK_DEFAULT id=229, [ Capabilities: INTERNET&NOT_RESTRICTED&TRUSTED Unwanted:  Uid: 10063] ], android.os.BinderProxy@89c7e8d)
10-12 16:45:12.184  2965  3791 D ConnectivityService: ConnectivityService NetworkRequestInfo binderDied(NetworkRequest [ LISTEN id=230, [ Capabilities: INTERNET&NOT_RESTRICTED&TRUSTED Unwanted:  Uid: 10063] ], android.os.BinderProxy@73f0842)
10-12 16:45:12.184  2965  4803 I ActivityManager: Process com.android.vending (pid 32244) has died: vis  TRNB
10-12 16:45:12.184  2965  3055 D ConnectivityService: releasing NetworkRequest [ TRACK_DEFAULT id=229, [ Capabilities: INTERNET&NOT_RESTRICTED&TRUSTED Unwanted:  Uid: 10063] ] (release request)
10-12 16:45:12.185  2965  4803 W ActivityManager: Scheduling restart of crashed service com.android.vending/com.google.android.finsky.scheduler.process.mainimpl.PhoneskyJobServiceMain in 1000ms
10-12 16:45:12.185  2965  2983 W libprocessgroup: kill(-32244, 9) failed: No such process
10-12 16:45:12.185  2965  2983 I libprocessgroup: Successfully killed process cgroup uid 10063 pid 32244 in 0ms
10-12 16:45:12.186  2745  2745 I Zygote  : Process 32244 exited due to signal (9)
10-12 16:45:12.186  7789  7789 I Finsky:download_service: [2] sqa.onDestroy(8): IPC-SERVER: Stopping gRPC host service...
10-12 16:45:12.206 32017 32059 E fb4a.AppModuleFallbackLoader: Same class failed twice androidx.webkit.WebViewCompat
10-12 16:45:12.209 32017 32059 W fb4a.AppStateLoggerCore: Failed to get webview version
10-12 16:45:12.209 32017 32059 W fb4a.AppStateLoggerCore: android.content.pm.PackageManager$NameNotFoundException: com.google.android.webview
10-12 16:45:12.209 32017 32059 W fb4a.AppStateLoggerCore: 	at android.app.ApplicationPackageManager.getPackageInfoAsUser(ApplicationPackageManager.java:181)
10-12 16:45:12.209 32017 32059 W fb4a.AppStateLoggerCore: 	at android.app.ApplicationPackageManager.getPackageInfo(ApplicationPackageManager.java:152)
10-12 16:45:12.209 32017 32059 W fb4a.AppStateLoggerCore: 	at X.05L.A07(:39)
10-12 16:45:12.209 32017 32059 W fb4a.AppStateLoggerCore: 	at X.0AS.run(:21082)
10-12 16:45:12.229  2767  2767 I memtrack@1.0-se: type=1400 audit(0.0:1306): avc: denied { search } for name="2587" dev="proc" ino=3320 scontext=u:r:hal_memtrack_default:s0 tcontext=u:r:imageserver:s0 tclass=dir permissive=1
10-12 16:45:12.229  2767  2767 I memtrack@1.0-se: type=1400 audit(0.0:1307): avc: denied { read } for name="status" dev="proc" ino=317 scontext=u:r:hal_memtrack_default:s0 tcontext=u:r:imageserver:s0 tclass=file permissive=1
10-12 16:45:12.229  2767  2767 I memtrack@1.0-se: type=1400 audit(0.0:1308): avc: denied { open } for path="/proc/2587/status" dev="proc" ino=317 scontext=u:r:hal_memtrack_default:s0 tcontext=u:r:imageserver:s0 tclass=file permissive=1
10-12 16:45:12.229  2767  2767 I memtrack@1.0-se: type=1400 audit(0.0:1309): avc: denied { getattr } for path="/proc/2587/status" dev="proc" ino=317 scontext=u:r:hal_memtrack_default:s0 tcontext=u:r:imageserver:s0 tclass=file permissive=1
10-12 16:45:12.277 32017 32067 W fb4a.ProcessAnrErrorMonitor: Starting process monitor checks for process 'com.facebook.katana'
10-12 16:45:12.278 32017 32067 W fb4a.MultiSignalANRDetectorAcra: Started monitoring
10-12 16:45:12.285  2767  2767 I memtrack@1.0-se: type=1400 audit(0.0:1310): avc: denied { search } for name="2749" dev="proc" ino=15395 scontext=u:r:hal_memtrack_default:s0 tcontext=u:r:rc_server:s0 tclass=dir permissive=1
10-12 16:45:12.766  3923  3923 D skia    : --- Failed to create image decoder with message 'unimplemented'
10-12 16:45:12.780  3923  3923 D skia    : --- Failed to create image decoder with message 'unimplemented'
10-12 16:45:13.887  4727  5623 I tnet-jni: 239 - [spdyPingRecvCallback] - 
10-12 16:45:13.887  4727  5623 I tnet-jni: 239 - [SpdySessionCallBack.spdyPingRecvCallback] - org.android.spdy.SpdySession@16cc5fb
10-12 16:45:14.403 32017 32066 W fb4a.MultiSignalANRDetectorAcra: Pausing error state checks
10-12 16:45:14.789  2686  2686 E SELinux : avc:  denied  { find } for interface=android.hardware.memtrack::IMemtrack pid=14739 scontext=u:r:untrusted_app:s0:c52,c256,c512,c768 tcontext=u:object_r:hal_memtrack_hwservice:s0 tclass=hwservice_manager permissive=1
10-12 16:45:14.785 14739 14739 I com.instagram.android: type=1400 audit(0.0:1348): avc: denied { call } for comm=49674578656375746F72202337 scontext=u:r:untrusted_app:s0:c52,c256,c512,c768 tcontext=u:r:hal_memtrack_default:s0 tclass=binder permissive=1
10-12 16:45:14.897 32017 32029 W System  : A resource failed to call close. 
10-12 16:45:14.897 32017 32029 W System  : A resource failed to call close. 
10-12 16:45:15.565  2763  2910 I [Gralloc]: framebuffer hal alread move to hwcomposer
10-12 16:45:15.598  2775  2775 E SurfaceFlinger: [Sprite#0] rejecting buffer: bufWidth=32, bufHeight=32, front.active.{w=28, h=36}
10-12 16:45:15.599  2763  2910 I [Gralloc]: framebuffer hal alread move to hwcomposer
10-12 16:45:15.561  2775  2775 I Binder:2775_2: type=1400 audit(0.0:1349): avc: denied { read } for name="gralloc.odroidn2.so" dev="mmcblk0p12" ino=705 scontext=u:r:surfaceflinger:s0 tcontext=u:object_r:vendor_file:s0 tclass=file permissive=1
10-12 16:45:15.577  2965  2965 I android.display: type=1400 audit(0.0:1352): avc: denied { read } for name="gralloc.odroidn2.so" dev="mmcblk0p12" ino=705 scontext=u:r:system_server:s0 tcontext=u:object_r:vendor_file:s0 tclass=file permissive=1
10-12 16:45:16.777  8644  8658 D OpenGLRenderer: Skia GL Pipeline
10-12 16:45:16.837  8644 32459 I OMXClient: IOmx service obtained
10-12 16:45:16.838  2800  2874 I OMXMaster: makeComponentInstance(OMX.amlogic.avc.decoder.awesome) in omx@1.0-service process
10-12 16:45:16.838  2800  2874 D OmxComponentManagerImpl: support frame mode
10-12 16:45:16.838  2800  2874 D OmxComponentManagerImpl: format support multi-instance
10-12 16:45:16.838  2800  2874 D OmxComponentManagerImpl: getEntryByName_2_num=0, componentName:OMX.amlogic.avc.decoder.awesome
10-12 16:45:16.839  2800  2874 V AmlogicVideoDecoderAwesome: AmlogicVideoDecoder:99 >
10-12 16:45:16.839  2800  2874 V AmlogicVideoDecoderAwesome: initializeState_l:1512 >
10-12 16:45:16.839  2800  2874 V AmlogicVideoDecoderAwesome: media.omx.latency is not set used def=1.000000
10-12 16:45:16.839  2800  2874 D AmlogicVideoDecoderAwesome: AmlogicVideoDecoder, mOmxInstancenum 1, mOmxInstanceID 24
10-12 16:45:16.839  2800  2874 W AmlSysfsUtil: [amsysfs_get_sysfs_str] /sys/module/am_vecm/parameters/dolby_vision_enable failed!
10-12 16:45:16.839  2800  2874 W AmlSysfsUtil: [amsysfs_get_sysfs_str] /sys/module/amdolby_vision/parameters/dolby_vision_enable failed!
10-12 16:45:16.839  2800  2874 D AmlogicVideoDecoderAwesome: mCheckDvesDone = 1
10-12 16:45:16.839  2800  2874 D OmxVideoDecoder: drm use frame_mode
10-12 16:45:16.839  2800  2874 E OmxVideoDecoder: Load libsecmem failed
10-12 16:45:16.840  2800  2874 W OmxLogConf: Can not read property media.omx.log_levels, using 0
10-12 16:45:16.840  2800  2874 V AmlogicVideoDecoderAwesome: media.omx.out_buffer1 is not set used def=4
10-12 16:45:16.840  2800  2874 D OmxVideoDecoder: setInputCoding OMX.amlogic.avc.decoder.awesome
10-12 16:45:16.840  2800  2874 D OmxVideoDecoder: mIsLinux49=1, major=4, minor=9
10-12 16:45:16.840  2800  2874 D OmxVideoDecoder: multi dec exist
10-12 16:45:16.840  2800  2874 D OmxVideoDecoder: Use frame mode for multidec.
10-12 16:45:16.840  2800  2874 D OmxVideoDecoder: Use min out buffer size
10-12 16:45:16.840  2800  2874 D OmxVideoDecoder: mMustOsdDisplay 0
10-12 16:45:16.840  2800  2874 D OMX-VENDOR-EXT: OMX.amlogic.avc.decoder.awesome : Vendor extensions supported (6)
10-12 16:45:16.840  2800  2874 D OMX-VENDOR-EXT:    vendor.4k-osd{{ enable : Int32 },  }
10-12 16:45:16.840  2800  2874 D OMX-VENDOR-EXT:    vendor.is-mvc{{ enable : Int32 },  }
10-12 16:45:16.840  2800  2874 D OMX-VENDOR-EXT:    vendor.is-flv{{ nContainIndex : Int32 },  }
10-12 16:45:16.840  2800  2874 D OMX-VENDOR-EXT:    vendor.dvconfig-box{{ disable : Int32 },  }
10-12 16:45:16.840  2800  2874 D OMX-VENDOR-EXT:    vendor.profile-level{{ n-profile : Int32 },  { n-level : Int32 },  }
10-12 16:45:16.840  2800  2874 D OMX-VENDOR-EXT:    vendor.nrdp{{ video-peek-in-tunnel : Int32 },  }
10-12 16:45:16.840  2800  2874 D OmxComponentManagerImpl: IncreaseEntryNumByName pEntry->mNum=0, pEntry->mMaxNum:9,componentName:OMX.amlogic.avc.decoder.awesome
10-12 16:45:16.840  2800  2874 I omx_core: OMX_getHandle_num=1
10-12 16:45:16.840  2800  2874 D OmxComponent: mApkName=media.codec
10-12 16:45:16.843  8644 32458 D SurfaceUtils: connecting to surface 0xcba31008, reason connectToSurface
10-12 16:45:16.843  8644 32458 I MediaCodec: [OMX.amlogic.avc.decoder.awesome] setting surface generation to 8851457
10-12 16:45:16.843  8644 32458 D SurfaceUtils: disconnecting from surface 0xcba31008, reason connectToSurface(reconnect)
10-12 16:45:16.843  8644 32458 D SurfaceUtils: connecting to surface 0xcba31008, reason connectToSurface(reconnect)
10-12 16:45:16.844  8644 32459 I AmAVUtils: AmAVUtils::getComponentRole isEncoder :0 mime:video/avc 
10-12 16:45:16.844  8644 32459 V AVUtils : AVUtils::getComponentRole
10-12 16:45:16.844  2800  2874 D OmxVideoDecoder: setParameter 887 0x1000017
10-12 16:45:16.844  2800  2874 D OmxVideoDecoder: setInputCoding video_decoder.avc
10-12 16:45:16.844  2800  2874 D OmxComponent: getExtensionIndex 1121 name="OMX.google.android.index.enableAndroidNativeBuffers"
10-12 16:45:16.844  2800  2874 D OmxVideoDecoder: setParameter 887 0x7f000000
10-12 16:45:16.844  2800  2874 V OmxVideoDecoder: setParameter 1353 EnableNativeBuffers 1
10-12 16:45:16.844  2800  2874 V OmxVideoDecoder: updatePort mUseNativeBuffers 1
10-12 16:45:16.844  2800  2874 D AmlogicVideoDecoderAwesome: get native buffer info NV:w:640,h:480..
10-12 16:45:16.844  2800  2874 V OmxVideoDecoder: updatePort:portDef.format.video.nFrameWidth=640,portDef.format.video.nFrameHeight=480
10-12 16:45:16.844  2800  2874 D OmxComponent: getExtensionIndex 1121 name="OMX.google.android.index.allocateNativeHandle"
10-12 16:45:16.844  2800  2874 D OmxVideoDecoder: setParameter 887 0x7f00000a
10-12 16:45:16.844  2800  2874 E OMXNodeInstance: setParameter(0xf4f611b0:amlogic.avc.decoder.awesome, OMX.google.android.index.allocateNativeHandle(0x7f00000a): Output:1 en=0) ERROR: UnsupportedSetting(0x80001019)
10-12 16:45:16.844  2800  2874 D OmxComponent: getExtensionIndex 1121 name="OMX.google.android.index.storeANWBufferInMetadata"
10-12 16:45:16.844  2800  2874 D OmxComponent: getExtensionIndex 1121 name="OMX.google.android.index.storeMetaDataInBuffers"
10-12 16:45:16.844  2800  2874 D OmxVideoDecoder: setParameter 887 0x7f000002
10-12 16:45:16.844  2800  2874 D OmxVideoDecoder: setParameter 1359 OMX_IndexAndroidStoreMetadataInBuffers
10-12 16:45:16.844  2800  2874 E OMXNodeInstance: setParameter(0xf4f611b0:amlogic.avc.decoder.awesome, OMX.google.android.index.storeMetaDataInBuffers(0x7f000002): Output:1 en=1 type=1) ERROR: BadPortIndex(0x8000101b)
10-12 16:45:16.844  8644 32459 E ACodec  : [OMX.amlogic.avc.decoder.awesome] setPortMode on output to DynamicANWBuffer failed w/ err -2147483648
10-12 16:45:16.845  2800  2874 D OmxComponent: getExtensionIndex 1121 name="OMX.google.android.index.prepareForAdaptivePlayback"
10-12 16:45:16.845  2800  2874 D OmxVideoDecoder: setParameter 887 0x7f000004
10-12 16:45:16.845  2800  2874 D OmxVideoDecoder: setParameter 1373 OMX_IndexAndroidPrepareForAdaptivePlayback
10-12 16:45:16.845  2800  2874 D OmxVideoDecoder: AdaptivePlayback: max resolution is 480 * 480
10-12 16:45:16.845  2800  2800 D OmxComponent: getExtensionIndex 1121 name="OMX.google.android.index.allocateNativeHandle"
10-12 16:45:16.845  2800  2800 D OmxVideoDecoder: setParameter 887 0x7f00000a
10-12 16:45:16.845  2800  2800 E OMXNodeInstance: setParameter(0xf4f611b0:amlogic.avc.decoder.awesome, OMX.google.android.index.allocateNativeHandle(0x7f00000a): Output:1 en=0) ERROR: UnsupportedSetting(0x80001019)
10-12 16:45:16.845  2800  2800 D OmxComponent: getExtensionIndex 1121 name="OMX.google.android.index.enableAndroidNativeBuffers"
10-12 16:45:16.845  2800  2800 D OmxVideoDecoder: setParameter 887 0x7f000000
10-12 16:45:16.845  2800  2800 V OmxVideoDecoder: setParameter 1353 EnableNativeBuffers 1
10-12 16:45:16.845  2800  2800 V OmxVideoDecoder: updatePort mUseNativeBuffers 1
10-12 16:45:16.845  2800  2800 D AmlogicVideoDecoderAwesome: get native buffer info NV:w:640,h:480..
10-12 16:45:16.845  2800  2800 V OmxVideoDecoder: updatePort:portDef.format.video.nFrameWidth=640,portDef.format.video.nFrameHeight=480
10-12 16:45:16.845  2800  2800 D OmxComponent: getExtensionIndex 1121 name="OMX.google.android.index.storeANWBufferInMetadata"
10-12 16:45:16.845  2800  2800 D OmxComponent: getExtensionIndex 1121 name="OMX.google.android.index.storeMetaDataInBuffers"
10-12 16:45:16.845  2800  2800 D OmxVideoDecoder: setParameter 887 0x7f000002
10-12 16:45:16.845  2800  2800 D OmxVideoDecoder: setParameter 1359 OMX_IndexAndroidStoreMetadataInBuffers
10-12 16:45:16.845  2800  2800 E OMXNodeInstance: setParameter(0xf4f611b0:amlogic.avc.decoder.awesome, OMX.google.android.index.storeMetaDataInBuffers(0x7f000002): Output:1 en=0 type=1) ERROR: BadPortIndex(0x8000101b)
10-12 16:45:16.845  2800  3304 D OmxVideoDecoder: setParameter 887 0x6000001
10-12 16:45:16.845  2800  3304 D OmxVideoDecoder: setParameter nPortIndex 0 CompFmt 0x7 ColorFmt 0
10-12 16:45:16.845  2800  3304 D OmxVideoDecoder: setParameter 887 0x6000001
10-12 16:45:16.845  2800  3304 D OmxVideoDecoder: setParameter nPortIndex 1 CompFmt 0 ColorFmt 0x11
10-12 16:45:16.845  2800  3304 D OmxVideoDecoder: setParameter 887 0x2000001
10-12 16:45:16.845  2800  3304 D OmxVideoDecoder: setParameter nPortIndex 0 nFrameWidth 480 nFrameHeight 480 nSliceHeight 16
10-12 16:45:16.846  2800  3304 V OmxVideoDecoder: updatePort mUseNativeBuffers 1
10-12 16:45:16.846  2800  3304 D AmlogicVideoDecoderAwesome: get native buffer info NV:w:640,h:480..
10-12 16:45:16.846  2800  3304 V OmxVideoDecoder: updatePort:portDef.format.video.nFrameWidth=640,portDef.format.video.nFrameHeight=480
10-12 16:45:16.846  2800  3304 D OmxVideoDecoder: setParameter 887 0x2000001
10-12 16:45:16.846  2800  3304 W OmxVideoDecoder: Can not read property media.omx.display_mode
10-12 16:45:16.846  2800  3304 D OmxVideoDecoder: update mAdaptiveMaxFrameWidth mAdaptiveMaxFrameHeight to 480 x 480
10-12 16:45:16.846  2800  3304 D OmxVideoDecoder: setParameter nPortIndex 1 nFrameWidth 480 nFrameHeight 480 nSliceHeight 480
10-12 16:45:16.846  2800  3304 V OmxVideoDecoder: updatePort mUseNativeBuffers 1
10-12 16:45:16.846  2800  3304 D AmlogicVideoDecoderAwesome: get native buffer info NV:w:480,h:480..
10-12 16:45:16.846  2800  3304 V OmxVideoDecoder: updatePort:portDef.format.video.nFrameWidth=480,portDef.format.video.nFrameHeight=480
10-12 16:45:16.846  2800  3304 D OmxComponent: getExtensionIndex 1121 name="OMX.google.android.index.describeColorAspects"
10-12 16:45:16.846  2800  3304 D OmxComponent: getExtensionIndex 1121 name="OMX.google.android.index.storeMetaDataInBuffers"
10-12 16:45:16.846  2800  3304 D OmxComponent: getExtensionIndex 1121 name="OMX.google.android.index.storeANWBufferInMetadata"
10-12 16:45:16.846  2800  3304 D OmxComponent: getExtensionIndex 1121 name="OMX.google.android.index.prepareForAdaptivePlayback"
10-12 16:45:16.846  2800  3304 D OmxComponent: getExtensionIndex 1121 name="OMX.google.android.index.configureVideoTunnelMode"
10-12 16:45:16.846  2800  3304 D OmxComponent: getExtensionIndex 1121 name="OMX.google.android.index.useAndroidNativeBuffer2"
10-12 16:45:16.846  2800  3304 D OmxComponent: getExtensionIndex 1121 name="OMX.google.android.index.useAndroidNativeBuffer"
10-12 16:45:16.846  2800  3304 D OmxComponent: getExtensionIndex 1121 name="OMX.google.android.index.enableAndroidNativeBuffers"
10-12 16:45:16.846  2800  3304 D OmxComponent: getExtensionIndex 1121 name="OMX.google.android.index.allocateNativeHandle"
10-12 16:45:16.846  2800  3304 D OmxComponent: getExtensionIndex 1121 name="OMX.google.android.index.getAndroidNativeBufferUsage"
10-12 16:45:16.846  2800  3304 D OmxVideoDecoder: setConfig 1803 0x7f00000c
10-12 16:45:16.846  2800  3304 D OmxVideoDecoder: [DSZ] updateFinalColorAspects# final color aspects[P:4; T:3; M:3; R:2]
10-12 16:45:16.846  2800  3304 D OmxComponent: getExtensionIndex 1121 name="OMX.google.android.index.describeHDRStaticInfo"
10-12 16:45:16.846  2800  2874 D OmxVideoDecoder: setConfig 1803 0x7f000009
10-12 16:45:16.846  2800  2874 D OmxVideoDecoder: HDRStaticInfo: R=0 0; G=0 0; B=0 0; W=0 0; MaxDisplayLuminance:0, MinDisplayLuminance=0, mMaxContentLightLevel=0, MaxContentLightLevel=0
10-12 16:45:16.846  2800  2874 D OmxVideoDecoder: HDRStaticInfo: all parmeter is 0, set mHasHDRStaticInfo to false
10-12 16:45:16.846  8644 32459 I AmAVUtils: AmAVUtils::isAudioExtendFormat input = video/avc
10-12 16:45:16.847  2800  3304 D OmxVideoDecoder: setConfig 1803 0x6f800002
10-12 16:45:16.847  2800  3304 V OmxVideoDecoder: setConfig 1905 nIndex 0x6f800002
10-12 16:45:16.847  2800  3304 D OmxComponent: setConfig 1114
10-12 16:45:16.847  2800  3304 E OMXNodeInstance: setConfig(0xf4f611b0:amlogic.avc.decoder.awesome, ConfigPriority(0x6f800002)) ERROR: UnsupportedIndex(0x8000101a)
10-12 16:45:16.847  8644 32459 I ACodec  : codec does not support config priority (err -1010)
10-12 16:45:16.847  2800  2874 D OmxVideoDecoder: getConfig 1701 0x6f100004
10-12 16:45:16.847  2800  2874 V OmxVideoDecoder: VendorExt: getConfig: index=0 (4k-osd)
10-12 16:45:16.847  2800  2874 D OmxVideoDecoder: getConfig 1701 0x6f100004
10-12 16:45:16.847  2800  2874 V OmxVideoDecoder: VendorExt: getConfig: index=1 (is-mvc)
10-12 16:45:16.847  2800  3304 D OmxVideoDecoder: getConfig 1701 0x6f100004
10-12 16:45:16.847  2800  3304 V OmxVideoDecoder: VendorExt: getConfig: index=2 (is-flv)
10-12 16:45:16.847  2800  3304 D OmxVideoDecoder: getConfig 1701 0x6f100004
10-12 16:45:16.847  2800  3304 V OmxVideoDecoder: VendorExt: getConfig: index=3 (dvconfig-box)
10-12 16:45:16.847  2800  2874 D OmxVideoDecoder: getConfig 1701 0x6f100004
10-12 16:45:16.847  2800  2874 V OmxVideoDecoder: VendorExt: getConfig: index=4 (profile-level)
10-12 16:45:16.847  2800  2874 D OmxVideoDecoder: getConfig 1701 0x6f100004
10-12 16:45:16.847  2800  2874 V OmxVideoDecoder: VendorExt: getConfig: index=4 (profile-level)
10-12 16:45:16.848  2800  3304 D OmxVideoDecoder: getConfig 1701 0x6f100004
10-12 16:45:16.848  2800  3304 V OmxVideoDecoder: VendorExt: getConfig: index=5 (nrdp)
10-12 16:45:16.848  2800  3304 D OmxVideoDecoder: getConfig 1701 0x6f100004
10-12 16:45:16.848  2800  2874 V OmxVideoDecoder: updatePort mUseNativeBuffers 1
10-12 16:45:16.848  2800  2874 D AmlogicVideoDecoderAwesome: get native buffer info NV:w:480,h:480..
10-12 16:45:16.848  2800  2874 V OmxVideoDecoder: updatePort:portDef.format.video.nFrameWidth=480,portDef.format.video.nFrameHeight=480
10-12 16:45:16.848  2800  2874 D OmxVideoDecoder: getConfig 1701 0x700000f
10-12 16:45:16.848  2800  2874 D OmxVideoDecoder: getConfig 1704 nIndex 0x700000f
10-12 16:45:16.848  2800  2874 D OmxVideoDecoder: getConfig OMX_IndexConfigCommonOutputCrop pRect->nWidth=480, pRect->nHeight=480
10-12 16:45:16.848  2800  3304 D OmxVideoDecoder: setConfig 1803 0x7f00000c
10-12 16:45:16.848  2800  3304 D OmxVideoDecoder: getConfig 1701 0x7f00000c
10-12 16:45:16.848  2800  2874 D OmxVideoDecoder: getConfig 1701 0x7f00000c
10-12 16:45:16.848  2800  2874 E OMXNodeInstance: getConfig(0xf4f611b0:amlogic.avc.decoder.awesome, ??(0x7f00000c)) ERROR: UnsupportedSetting(0x80001019)
10-12 16:45:16.848  2800  2874 D OmxVideoDecoder: getConfig 1701 0x7f000009
10-12 16:45:16.848  2800  3304 D OmxVideoDecoder: getConfig 1701 0x6f100004
10-12 16:45:16.848  2800  3304 V OmxVideoDecoder: VendorExt: getConfig: index=0 (4k-osd)
10-12 16:45:16.848  2800  3304 D OmxVideoDecoder: getConfig 1701 0x6f100004
10-12 16:45:16.848  2800  3304 V OmxVideoDecoder: VendorExt: getConfig: index=1 (is-mvc)
10-12 16:45:16.849  2800  2874 D OmxVideoDecoder: getConfig 1701 0x6f100004
10-12 16:45:16.849  2800  2874 V OmxVideoDecoder: VendorExt: getConfig: index=2 (is-flv)
10-12 16:45:16.849  2800  3304 D OmxVideoDecoder: getConfig 1701 0x6f100004
10-12 16:45:16.849  2800  3304 V OmxVideoDecoder: VendorExt: getConfig: index=3 (dvconfig-box)
10-12 16:45:16.849  2800  2874 D OmxVideoDecoder: getConfig 1701 0x6f100004
10-12 16:45:16.849  2800  2874 V OmxVideoDecoder: VendorExt: getConfig: index=4 (profile-level)
10-12 16:45:16.850  2800  2800 D OmxVideoDecoder: getConfig 1701 0x6f100004
10-12 16:45:16.850  2800  2800 V OmxVideoDecoder: VendorExt: getConfig: index=4 (profile-level)
10-12 16:45:16.850  2800  2800 D OmxVideoDecoder: getConfig 1701 0x6f100004
10-12 16:45:16.850  2800  2800 V OmxVideoDecoder: VendorExt: getConfig: index=5 (nrdp)
10-12 16:45:16.850  2800  3304 D OmxVideoDecoder: getConfig 1701 0x6f100004
10-12 16:45:16.851  2800 32461 I OmxComponent: OMX_CommandStateSet 738 Cmd 0 nParam1 0x2
10-12 16:45:16.851  2800 32461 I OmxComponent: STATE_SET:   OMX_StateLoaded => OMX_StateIdle : OMX.amlogic.avc.decoder.awesome
10-12 16:45:16.851  2800 32461 I OmxComponent: STATE_TRANS: OMX_StateLoaded => OMX_StateIdle : OMX.amlogic.avc.decoder.awesome
10-12 16:45:16.854  2752  2752 W AshmemAllocator: ashmem_create_region(1048576) returning hidl_memory(0xf3718180, 1048576)
10-12 16:45:16.871  2752  2752 I chatty  : uid=1000(system) allocator@1.0-s identical 1 line
10-12 16:45:16.872  2752  2752 W AshmemAllocator: ashmem_create_region(1048576) returning hidl_memory(0xf3718180, 1048576)
10-12 16:45:16.872  2800  3304 V OmxVideoDecoder: updatePort mUseNativeBuffers 1
10-12 16:45:16.872  2800  3304 D AmlogicVideoDecoderAwesome: get native buffer info NV:w:480,h:480..
10-12 16:45:16.872  2800  3304 V OmxVideoDecoder: updatePort:portDef.format.video.nFrameWidth=480,portDef.format.video.nFrameHeight=480
10-12 16:45:16.873  2800  3304 V OmxVideoDecoder: updatePort mUseNativeBuffers 1
10-12 16:45:16.873  2800  3304 D AmlogicVideoDecoderAwesome: get native buffer info NV:w:480,h:480..
10-12 16:45:16.873  2800  3304 V OmxVideoDecoder: updatePort:portDef.format.video.nFrameWidth=480,portDef.format.video.nFrameHeight=480
10-12 16:45:16.873  2800  3304 D OmxComponent: getExtensionIndex 1121 name="OMX.google.android.index.AndroidNativeBufferConsumerUsage"
10-12 16:45:16.873  2800  3304 D OmxVideoDecoder: setParameter 887 0x7f00000b
10-12 16:45:16.873  2800  3304 D OmxVideoDecoder: OMX_GoogleAndroidIndexAndroidNativeBufferConsumerUsage 0x100
10-12 16:45:16.873  2800  2800 D OmxComponent: getExtensionIndex 1121 name="OMX.google.android.index.getAndroidNativeBufferUsage"
10-12 16:45:16.873  8644 32459 D SurfaceUtils: disconnecting from surface 0xcba31008, reason setNativeWindowSizeFormatAndUsage
10-12 16:45:16.873  2800 32461 I OmxComponent: STATE_TRANS: OMX_StateLoaded => OMX_StateIdle : OMX.amlogic.avc.decoder.awesome
10-12 16:45:16.873  2800 32461 I chatty  : uid=1046(mediacodec) decoder.awesome identical 1 line
10-12 16:45:16.873  2800 32461 I OmxComponent: STATE_TRANS: OMX_StateLoaded => OMX_StateIdle : OMX.amlogic.avc.decoder.awesome
10-12 16:45:16.873  8644 32459 D SurfaceUtils: connecting to surface 0xcba31008, reason setNativeWindowSizeFormatAndUsage
10-12 16:45:16.873  8644 32459 D SurfaceUtils: set up nativeWindow 0xcba31008 for 480x480, color 0x11, rotation 0, usage 0x402b00
10-12 16:45:16.874  2800  2800 D OmxVideoDecoder: setParameter 887 0x2000001
10-12 16:45:16.874  2800  2800 W OmxVideoDecoder: 4kosd set output error, newBufferCount 9 > 6
10-12 16:45:16.874  2800  2800 E OMXNodeInstance: setParameter(0xf4f611b0:amlogic.avc.decoder.awesome, ParamPortDefinition(0x2000001)) ERROR: UnsupportedSetting(0x80001019)
10-12 16:45:16.874  8644 32459 W ACodec  : [OMX.amlogic.avc.decoder.awesome] setting nBufferCountActual to 9 failed: -1010
10-12 16:45:16.874  2800  2800 D OmxVideoDecoder: setParameter 887 0x2000001
10-12 16:45:16.874  2800  2800 W OmxVideoDecoder: 4kosd set output error, newBufferCount 8 > 6
10-12 16:45:16.874  2800  2800 E OMXNodeInstance: setParameter(0xf4f611b0:amlogic.avc.decoder.awesome, ParamPortDefinition(0x2000001)) ERROR: UnsupportedSetting(0x80001019)
10-12 16:45:16.874  8644 32459 W ACodec  : [OMX.amlogic.avc.decoder.awesome] setting nBufferCountActual to 8 failed: -1010
10-12 16:45:16.874  2800  3304 D OmxVideoDecoder: setParameter 887 0x2000001
10-12 16:45:16.874  2800  3304 W OmxVideoDecoder: 4kosd set output error, newBufferCount 7 > 6
10-12 16:45:16.874  2800  3304 E OMXNodeInstance: setParameter(0xf4f611b0:amlogic.avc.decoder.awesome, ParamPortDefinition(0x2000001)) ERROR: UnsupportedSetting(0x80001019)
10-12 16:45:16.874  8644 32459 W ACodec  : [OMX.amlogic.avc.decoder.awesome] setting nBufferCountActual to 7 failed: -1010
10-12 16:45:16.874  2800  3304 D OmxVideoDecoder: setParameter 887 0x2000001
10-12 16:45:16.874  2800  3304 W OmxVideoDecoder: Can not read property media.omx.display_mode
10-12 16:45:16.874  2800  3304 D OmxVideoDecoder: mMustOsdDisplay is true
10-12 16:45:16.874  2800  3304 D OmxVideoDecoder: update mAdaptiveMaxFrameWidth mAdaptiveMaxFrameHeight to 480 x 480
10-12 16:45:16.874  2800  3304 D OmxVideoDecoder: setParameter nPortIndex 1 nFrameWidth 480 nFrameHeight 480 nSliceHeight 480
10-12 16:45:16.874  2800  3304 V OmxVideoDecoder: updatePort mUseNativeBuffers 1
10-12 16:45:16.874  2800  3304 D AmlogicVideoDecoderAwesome: get native buffer info NV:w:480,h:480..
10-12 16:45:16.874  2800  3304 V OmxVideoDecoder: updatePort:portDef.format.video.nFrameWidth=480,portDef.format.video.nFrameHeight=480
10-12 16:45:16.877 14739 14753 W         : buffer descriptor with invalid usage bits 0x2000
10-12 16:45:16.877  2763  2910 I [Gralloc]: framebuffer hal alread move to hwcomposer
10-12 16:45:16.881  8644  8644 I CodecLooper: type=1400 audit(0.0:1355): avc: denied { execute } for path="/vendor/lib/hw/gralloc.odroidn2.so" dev="mmcblk0p12" ino=705 scontext=u:r:untrusted_app:s0:c52,c256,c512,c768 tcontext=u:object_r:vendor_file:s0 tclass=file permissive=1
10-12 16:45:16.889  2800  3304 D OmxComponent: getExtensionIndex 1121 name="OMX.google.android.index.useAndroidNativeBuffer2"
10-12 16:45:16.889  2800  3304 V OmxVideoDecoder: updatePort mUseNativeBuffers 1
10-12 16:45:16.890  2800  3304 D AmlogicVideoDecoderAwesome: get native buffer info NV:w:480,h:480..
10-12 16:45:16.890  2800  3304 V OmxVideoDecoder: updatePort:portDef.format.video.nFrameWidth=480,portDef.format.video.nFrameHeight=480
10-12 16:45:16.890  2800 32461 I OmxComponent: STATE_TRANS: OMX_StateLoaded => OMX_StateIdle : OMX.amlogic.avc.decoder.awesome
10-12 16:45:16.890 14739 31945 W         : buffer descriptor with invalid usage bits 0x2000
10-12 16:45:16.890  2763  2910 I [Gralloc]: framebuffer hal alread move to hwcomposer
10-12 16:45:16.899  2800  3304 D OmxComponent: getExtensionIndex 1121 name="OMX.google.android.index.useAndroidNativeBuffer2"
10-12 16:45:16.899  2800  3304 V OmxVideoDecoder: updatePort mUseNativeBuffers 1
10-12 16:45:16.899  2800  3304 D AmlogicVideoDecoderAwesome: get native buffer info NV:w:480,h:480..
10-12 16:45:16.899  2800  3304 V OmxVideoDecoder: updatePort:portDef.format.video.nFrameWidth=480,portDef.format.video.nFrameHeight=480
10-12 16:45:16.900  2800 32461 I OmxComponent: STATE_TRANS: OMX_StateLoaded => OMX_StateIdle : OMX.amlogic.avc.decoder.awesome
10-12 16:45:16.900 14739 14753 W         : buffer descriptor with invalid usage bits 0x2000
10-12 16:45:16.900  2763  2910 I [Gralloc]: framebuffer hal alread move to hwcomposer
10-12 16:45:16.904  2800  3304 D OmxComponent: getExtensionIndex 1121 name="OMX.google.android.index.useAndroidNativeBuffer2"
10-12 16:45:16.904  2800  3304 V OmxVideoDecoder: updatePort mUseNativeBuffers 1
10-12 16:45:16.904  2800  3304 D AmlogicVideoDecoderAwesome: get native buffer info NV:w:480,h:480..
10-12 16:45:16.904  2800  3304 V OmxVideoDecoder: updatePort:portDef.format.video.nFrameWidth=480,portDef.format.video.nFrameHeight=480
10-12 16:45:16.904  2800 32461 I OmxComponent: STATE_TRANS: OMX_StateLoaded => OMX_StateIdle : OMX.amlogic.avc.decoder.awesome
10-12 16:45:16.905 14739 14753 W         : buffer descriptor with invalid usage bits 0x2000
10-12 16:45:16.905  2763  2910 I [Gralloc]: framebuffer hal alread move to hwcomposer
10-12 16:45:16.910  2800  3304 D OmxComponent: getExtensionIndex 1121 name="OMX.google.android.index.useAndroidNativeBuffer2"
10-12 16:45:16.910  2800  3304 V OmxVideoDecoder: updatePort mUseNativeBuffers 1
10-12 16:45:16.910  2800  3304 D AmlogicVideoDecoderAwesome: get native buffer info NV:w:480,h:480..
10-12 16:45:16.910  2800  3304 V OmxVideoDecoder: updatePort:portDef.format.video.nFrameWidth=480,portDef.format.video.nFrameHeight=480
10-12 16:45:16.910  2800 32461 I OmxComponent: STATE_TRANS: OMX_StateLoaded => OMX_StateIdle : OMX.amlogic.avc.decoder.awesome
10-12 16:45:16.910 14739 14753 W         : buffer descriptor with invalid usage bits 0x2000
10-12 16:45:16.910  2763  2910 I [Gralloc]: framebuffer hal alread move to hwcomposer
10-12 16:45:16.916  2800  3304 D OmxComponent: getExtensionIndex 1121 name="OMX.google.android.index.useAndroidNativeBuffer2"
10-12 16:45:16.916  2800  3304 V OmxVideoDecoder: updatePort mUseNativeBuffers 1
10-12 16:45:16.916  2800  3304 D AmlogicVideoDecoderAwesome: get native buffer info NV:w:480,h:480..
10-12 16:45:16.916  2800  3304 V OmxVideoDecoder: updatePort:portDef.format.video.nFrameWidth=480,portDef.format.video.nFrameHeight=480
10-12 16:45:16.916  2800 32461 I OmxComponent: STATE_TRANS: OMX_StateLoaded => OMX_StateIdle : OMX.amlogic.avc.decoder.awesome
10-12 16:45:16.916 14739 31945 W         : buffer descriptor with invalid usage bits 0x2000
10-12 16:45:16.916  2763  2910 I [Gralloc]: framebuffer hal alread move to hwcomposer
10-12 16:45:16.926  2800  3304 D OmxComponent: getExtensionIndex 1121 name="OMX.google.android.index.useAndroidNativeBuffer2"
10-12 16:45:16.926  2800  3304 V OmxVideoDecoder: updatePort mUseNativeBuffers 1
10-12 16:45:16.926  2800  3304 D AmlogicVideoDecoderAwesome: get native buffer info NV:w:480,h:480..
10-12 16:45:16.926  2800  3304 V OmxVideoDecoder: updatePort:portDef.format.video.nFrameWidth=480,portDef.format.video.nFrameHeight=480
10-12 16:45:16.926  2800 32461 I OmxComponent: STATE_TRANS: OMX_StateLoaded => OMX_StateIdle : OMX.amlogic.avc.decoder.awesome
10-12 16:45:16.926  2800 32461 V AmlogicVideoDecoderAwesome: acquireResources:360 >
10-12 16:45:16.926  2800 32461 D AmlogicVideoDecoderAwesome: setUp mVideoDisplay =0, mDisplayMode=0
10-12 16:45:16.926  2800 32461 D AmlogicVideoDecoderAwesome: mMaxFrameWidth 480, mMaxFrameHeight 480
10-12 16:45:16.926  2800 32461 I AmlogicVideoDecoderAwesome: video layer mKeepLastFrame 1
10-12 16:45:16.926  2800 32461 V AmlogicVideoDecoderAwesome: enable osd or video ...-185200640
10-12 16:45:16.926  2800 32461 V AmlogicVideoDecoderAwesome: media.omx.buffermargin is not set used def=0
10-12 16:45:16.926  2800 32461 D AmlogicVideoDecoderAwesome: mDoubleWriteMode 16
10-12 16:45:16.926  2800 32461 V debugSetup: media.omx.dumpRecv is disabled
10-12 16:45:16.926  2800 32461 V debugSetup: media.omx.dumpCodec is disabled
10-12 16:45:16.926  2800 32461 V AmlogicVideoDecoderAwesome: *Input Frame Rate is 3203..
10-12 16:45:16.926  2800 32461 V AmlogicVideoDecoderAwesome: videoDefine.xFramerate:1df8eb  
10-12 16:45:16.926  2800 32461 V AmlogicVideoDecoderAwesome: mVideoType:7
10-12 16:45:16.927  2800 32461 D AmlogicVideoDecoderAwesome: decoder_type = 1
10-12 16:45:16.927  2800 32461 D AmlogicVideoDecoderAwesome: AmlogicVideoDecoder::setUp, mUseFrameMode 1, video_path 0
10-12 16:45:16.927  2800 32461 D AmlogicVideoDecoderAwesome: alloc ION Video device instance ID:0
10-12 16:45:16.928  2800 32461 D AmlogicVideoDecoderAwesome: mh264 profile support double write
10-12 16:45:16.928  2800 32461 D AmlogicVideoDecoderAwesome: mAmlCodecParam->config=mh264_double_write_mode:16;
10-12 16:45:16.928  2800 32461 D AmlogicVideoDecoderAwesome: mAmlCodecParam->config_len=28
10-12 16:45:16.928  2800 32461 D AmlogicVideoDecoderAwesome: codecInit
10-12 16:45:16.933  8644 32466 I OMXClient: IOmx service obtained
10-12 16:45:16.934  2800  3304 I OMXMaster: makeComponentInstance(OMX.google.aac.decoder) in omx@1.0-service process
10-12 16:45:16.937  8644 32466 I AmAVUtils: AmAVUtils::getComponentRole isEncoder :0 mime:audio/mp4a-latm 
10-12 16:45:16.937  8644 32466 V AVUtils : AVUtils::getComponentRole
10-12 16:45:16.938  8644 32466 I AmAVUtils: AmAVUtils::isAudioExtendFormat input = audio/mp4a-latm
10-12 16:45:16.938  2800  3304 E OMXNodeInstance: setConfig(0xf4f27300:google.aac.decoder, ConfigPriority(0x6f800002)) ERROR: Undefined(0x80001001)
10-12 16:45:16.938  8644 32466 I ACodec  : codec does not support config priority (err -2147483648)
10-12 16:45:16.939  2800  3304 E OMXNodeInstance: getConfig(0xf4f27300:google.aac.decoder, ConfigAndroidVendorExtension(0x6f100004)) ERROR: Undefined(0x80001001)
10-12 16:45:16.941  2752  2752 W AshmemAllocator: ashmem_create_region(8192) returning hidl_memory(0xf3718180, 8192)
10-12 16:45:16.944  2752  2752 I chatty  : uid=1000(system) allocator@1.0-s identical 2 lines
10-12 16:45:16.946  2752  2752 W AshmemAllocator: ashmem_create_region(8192) returning hidl_memory(0xf3718180, 8192)
10-12 16:45:16.949  2752  2752 W AshmemAllocator: ashmem_create_region(32768) returning hidl_memory(0xf3718180, 32768)
10-12 16:45:16.951  2752  2752 I chatty  : uid=1000(system) allocator@1.0-s identical 2 lines
10-12 16:45:16.952  2752  2752 W AshmemAllocator: ashmem_create_region(32768) returning hidl_memory(0xf3718180, 32768)
10-12 16:45:16.957  2800 32467 I SoftAAC2: Reconfiguring decoder: 0->44100 Hz, 0->2 channels
10-12 16:45:16.963  2800 32461 D AmlogicVideoDecoderAwesome: codecInit done
10-12 16:45:16.963  2800 32461 D AmlogicVideoDecoderAwesome: media.omx.videopeek 0
10-12 16:45:16.963  2800 32461 I AmlogicVideoDecoderAwesome: video layer sync version is 3
10-12 16:45:16.963  2800 32461 V AmlogicVideoDecoderAwesome: mFlvFlag=0
10-12 16:45:16.964  2800 32461 V AmlogicVideoDecoderAwesome: mOutBufferCount =6
10-12 16:45:16.964  2800 32461 V AmlogicVideoDecoderAwesome: mIsNativeBuffers =1
10-12 16:45:16.964  2800 32461 D AmlogicVideoDecoderAwesome: mAmvideoDev->use_frame_mode=0
10-12 16:45:16.964  2800 32461 D AmlogicVideoDecoderAwesome: mAmvideoDev->use_frame_mode=1, mUseFrameMode=1
10-12 16:45:16.964  2800 32461 I amvdec  : amvideo_init ret=0
10-12 16:45:16.964  2800 32461 D AmlogicVideoDecoderAwesome: output buffer:mWidth:480, mHeight:480, mVideoDevId:0
