10-12 16:45:09.641  2775  3039 E BufferQueueProducer: [com.android.systemui.ImageWallpaper#0] disconnect: not connected (req=1)
10-12 16:45:09.641  3123  3407 W libEGL  : EGLNativeWindowType 0xcbb17008 disconnect failed
10-12 16:45:09.660 32017 32097 I CameraManagerGlobal: Connecting to camera service
10-12 16:45:09.692 14739 14739 E fatal   : runForegroundReporters
10-12 16:45:09.715 32017 32094 I mobileconfig: Params map streaming - readbytes: 742181/742181
10-12 16:45:09.716 32017 32094 I mobileconfig: Successfully parsed (sessionless: NO) params_map.txt
10-12 16:45:09.720 32017 32094 I mobileconfig: Read one query hash from asset, it is = ae3d1e0a1296df597e88820dedba5ac3d5905488abf73e77de4a0245365a3874
10-12 16:45:09.733 32017 32094 I mobileconfig: Initialized MobileConfig - directory: /data/user/0/com.facebook.katana/files, appVersion: 291.0.0.44.120, paramHash: 953e04509c3d06a067a851cc376105ca:ce0a7c9f0dd3d580d6afbbf90737dda0, readOnly: false bufferPathPostfix: 
10-12 16:45:09.733 32017 32094 I mobileconfig: Read RN schema map size: 2089
10-12 16:45:09.801 32017 32171 I ConfigStore: android::hardware::configstore::V1_0::ISurfaceFlingerConfigs::hasWideColorDisplay retrieved: 0
10-12 16:45:09.801 32017 32171 I ConfigStore: android::hardware::configstore::V1_0::ISurfaceFlingerConfigs::hasHDRDisplay retrieved: 0
10-12 16:45:09.917 32017 32160 W liger-jni: T76400548 xplat/proxygen/facebook/mqttclient/java/src/cpp/MQTTClientLoad.cpp:65 Liger JNI_OnLoad entered
10-12 16:45:09.928 32017 32092 D relenginterceptor: RELENG rewrite skipped, config is disabled.
10-12 16:45:09.928 32017 32092 D defcontigonrelayernative: DefconTigonDelayer starting
10-12 16:45:09.928 32017 32092 D defcontigonrelayernative: DefconTigonDelayer skipped, config is disabled.
10-12 16:45:09.957 32017 32017 W facebook.katan: JNI RegisterNativeMethods: attempt to register 0 native methods for com.facebook.omnistore.OmnistoreCollectionFrontendHolder
10-12 16:45:10.074 32017 32024 I facebook.katan: Compiler allocated 4MB to compile boolean X.02a.A0B(java.lang.String, java.lang.String, java.lang.String, int, android.os.StrictMode$ThreadPolicy)
10-12 16:45:10.132 32017 32029 W System  : A resource failed to call close. 
10-12 16:45:10.181 32017 32078 D ART_JIT : Suspending All threads
10-12 16:45:10.182 32017 32078 D ART_JIT : Commit code hook succeed. Is Direct jmp: 0 errmsg: 
10-12 16:45:10.183 32017 32078 D ART_JIT : Jit AddSampling hook succeeded
10-12 16:45:10.183 32017 32078 D ART_JIT : Fix up jit bugs was successful
10-12 16:45:10.183 32017 32078 D ART_JIT : Resuming All threads
10-12 16:45:10.183 32017 32078 D JitUtils: Jit was enabled: 1
10-12 16:45:10.183 32017 32078 D JitUtils: Art Jit enabled done: 1
10-12 16:45:10.185 32017 32208 D omnistore_android_logger: AlarmManager::mainLoop calling alarm callbacks. There are total 0 scheduled tasks, and about to trigger 0 tasks (first task is N/A), then sleep for 43199999 ms
10-12 16:45:10.209 32017 32096 D omnistore_android_logger: Last DB vacuum time not set.
10-12 16:45:10.216 32017 32096 I mobileconfig: Initialized MobileConfigOmnistore - sessionId: 100002242142034
10-12 16:45:10.233 32017 32148 W fb4a.2vC: creating VideoPerformanceTracking with event bus
10-12 16:45:10.250 32017 32096 D omnistore_android_logger: DebouncingRateLimiter attempting event SyncProtocol::onConnectionEstablished
10-12 16:45:10.250 32017 32096 D omnistore_android_logger: Event not rate limited: SyncProtocol::onConnectionEstablished
10-12 16:45:10.250 32017 32096 D omnistore_android_logger: SyncProtocol calling onConnectionEstablished callbacks
10-12 16:45:10.250 32017 32096 D omnistore_android_logger: Removing all queue based subscriptions from rewire state
10-12 16:45:10.252 32017 32096 D omnistore_android_logger: SendQueue::onConnectionEstablished: sending 0 transaction(s)
10-12 16:45:10.252 32017 32210 D omnistore_android_logger: SubscriptionManager::onConnectionEstablished is called back
10-12 16:45:10.260 32017 32210 I omnistore_android_logger: Connect message: queueName: facebook_universal_prefs_v2:100002242142034, gvid: 0
10-12 16:45:10.266 32017 32096 D omnistore_android_logger: AlarmManager::clearAlarmTimer for key=IntegrityProcess::facebook_universal_prefs_v2:100002242142034 
10-12 16:45:10.266 32017 32096 D omnistore_android_logger: AlarmManager::startAlarmTimer for key=IntegrityProcess::facebook_universal_prefs_v2:100002242142034, it will wake up main thread to reschedule
10-12 16:45:10.266 32017 32208 D omnistore_android_logger: AlarmManager::mainLoop calling alarm callbacks. There are total 1 scheduled tasks, and about to trigger 0 tasks (first task is N/A), then sleep for 29999 ms
10-12 16:45:10.272 32017 32210 I omnistore_android_logger: Client sent connect message
10-12 16:45:10.274  2965  2980 W BroadcastQueue: Permission Denial: broadcasting Intent { act=android.net.conn.CONNECTIVITY_CHANGE flg=0x4200010 (has extras) } from null (pid=-1, uid=-1) requires com.facebook.permission.prod.FB_APP_COMMUNICATION due to registered receiver BroadcastFilter{208bb0d u0 ReceiverList{361a4 32017 com.facebook.katana/10028/u0 remote:ff2b837}}
10-12 16:45:10.274  2965  2980 W BroadcastQueue: Permission Denial: broadcasting Intent { act=android.net.conn.INET_CONDITION_ACTION flg=0x4000010 (has extras) } from null (pid=-1, uid=-1) requires com.facebook.permission.prod.FB_APP_COMMUNICATION due to registered receiver BroadcastFilter{208bb0d u0 ReceiverList{361a4 32017 com.facebook.katana/10028/u0 remote:ff2b837}}
10-12 16:45:10.278 32017 32121 W facebook.katan: Accessing hidden method Ldalvik/system/VMRuntime;->concurrentGC()V (dark greylist, reflection)
10-12 16:45:10.298 32017 32121 W fb4a.ServiceInfoParser: X.4cW: Service com.facebook.attribution.AttributionIdService is missing meta key com.facebook.common.jobscheduler.compat.jobIds
10-12 16:45:10.298 32017 32121 W fb4a.ServiceInfoParser: X.4cW: Service com.facebook.common.errorreporting.memory.MemoryDumpUploadService is missing meta key com.facebook.common.jobscheduler.compat.jobIds
10-12 16:45:10.299 32017 32121 W fb4a.ServiceInfoParser: X.4cW: Service com.facebook.browser.lite.BrowserLiteIntentService is missing meta key com.facebook.common.jobscheduler.compat.jobIds
10-12 16:45:10.299 32017 32121 W fb4a.ServiceInfoParser: X.4cW: Service com.facebook.browser.lite.BrowserLiteInMainProcessIntentService is missing meta key com.facebook.common.jobscheduler.compat.jobIds
10-12 16:45:10.299 32017 32121 W fb4a.ServiceInfoParser: X.4cW: Service com.facebook.businessintegrity.cloakingdetection.service.CloakingDetectionService is missing meta key com.facebook.common.jobscheduler.compat.jobIds
10-12 16:45:10.299 32017 32121 W fb4a.ServiceInfoParser: X.4cW: Service com.facebook.contacts.service.ContactLocaleChangeService is missing meta key com.facebook.common.jobscheduler.compat.jobIds
10-12 16:45:10.299 32017 32121 W fb4a.ServiceInfoParser: X.4cW: Service androidx.work.impl.background.systemjob.SystemJobService is missing meta key com.facebook.common.jobscheduler.compat.jobIds
10-12 16:45:10.299 32017 32121 W fb4a.ServiceInfoParser: X.4cW: Service com.google.android.gms.analytics.AnalyticsJobService is missing meta key com.facebook.common.jobscheduler.compat.jobIds
10-12 16:45:10.299 32017 32121 W fb4a.ServiceInfoParser: X.4cW: Service com.facebook.account.login.notification.LoginNotificationService is missing meta key com.facebook.common.jobscheduler.compat.jobIds
10-12 16:45:10.299 32017 32121 W fb4a.ServiceInfoParser: X.4cW: Service com.facebook.analytics.appstatelogger.AppStateIntentService is missing meta key com.facebook.common.jobscheduler.compat.jobIds
10-12 16:45:10.299 32017 32121 W fb4a.ServiceInfoParser: X.4cW: Service com.facebook.analytics2.logger.LollipopUploadService is missing meta key com.facebook.common.jobscheduler.compat.jobIds
10-12 16:45:10.299 32017 32121 W fb4a.ServiceInfoParser: X.4cW: Service com.facebook.appcomponentmanager.AppComponentManagerService is missing meta key com.facebook.common.jobscheduler.compat.jobIds
10-12 16:45:10.299 32017 32121 W fb4a.ServiceInfoParser: X.4cW: Service com.facebook.appupdate.DownloadCompleteService is missing meta key com.facebook.common.jobscheduler.compat.jobIds
10-12 16:45:10.299 32017 32121 W fb4a.ServiceInfoParser: X.4cW: Service com.facebook.backgroundlocation.process.BackgroundLocationGatheringService is missing meta key com.facebook.common.jobscheduler.compat.jobIds
10-12 16:45:10.299 32017 32121 W fb4a.ServiceInfoParser: X.4cW: Service com.facebook.backgroundlocation.reporting.periodic.PeriodicSignalCollectorJobService is missing meta key com.facebook.common.jobscheduler.compat.jobIds
10-12 16:45:10.299 32017 32121 W fb4a.ServiceInfoParser: X.4cW: Service com.facebook.battery.monitor.ContinuousBatteryMonitorService is missing meta key com.facebook.common.jobscheduler.compat.jobIds
10-12 16:45:10.300 32017 32121 W fb4a.ServiceInfoParser: X.4cW: Service com.facebook.common.dextricks.DexOptimization$Service is missing meta key com.facebook.common.jobscheduler.compat.jobIds
10-12 16:45:10.300 32017 32121 W fb4a.ServiceInfoParser: X.4cW: Service com.facebook.common.dextricks.DexOptimizationJobService is missing meta key com.facebook.common.jobscheduler.compat.jobIds
10-12 16:45:10.300 32017 32121 W fb4a.ServiceInfoParser: X.4cW: Service com.facebook.compost.service.CompostNotificationService is missing meta key com.facebook.common.jobscheduler.compat.jobIds
10-12 16:45:10.300 32017 32121 W fb4a.ServiceInfoParser: X.4cW: Service com.facebook.conditionalworker.ConditionalWorkerService is missing meta key com.facebook.common.jobscheduler.compat.jobIds
10-12 16:45:10.300 32017 32121 W fb4a.ServiceInfoParser: X.4cW: Service com.facebook.delayedworker.DelayedWorkerService is missing meta key com.facebook.common.jobscheduler.compat.jobIds
10-12 16:45:10.300 32017 32121 W fb4a.ServiceInfoParser: X.4cW: Service com.facebook.displaytimeinvalidation.service.DisplayTimeBlockIntentService is missing meta key com.facebook.common.jobscheduler.compat.jobIds
10-12 16:45:10.301 32017 32121 W fb4a.ServiceInfoParser: X.4cW: Service com.facebook.fbservice.service.BlueServiceJobIntentService is missing meta key com.facebook.common.jobscheduler.compat.jobIds
10-12 16:45:10.301 32017 32121 W fb4a.ServiceInfoParser: X.4cW: Service com.facebook.feed.platformads.AppInstallService is missing meta key com.facebook.common.jobscheduler.compat.jobIds
10-12 16:45:10.301 32017 32121 W fb4a.ServiceInfoParser: X.4cW: Service com.facebook.glc.ScheduledWifiMonitorService is missing meta key com.facebook.common.jobscheduler.compat.jobIds
10-12 16:45:10.301 32017 32121 W fb4a.ServiceInfoParser: X.4cW: Service com.facebook.glc.GLCService is missing meta key com.facebook.common.jobscheduler.compat.jobIds
10-12 16:45:10.301 32017 32121 W fb4a.ServiceInfoParser: X.4cW: Service com.facebook.googleplay.GooglePlayInstallRefererService is missing meta key com.facebook.common.jobscheduler.compat.jobIds
10-12 16:45:10.301 32017 32121 W fb4a.ServiceInfoParser: X.4cW: Service com.facebook.messaging.prefs.notifications.NotificationPrefsSyncService is missing meta key com.facebook.common.jobscheduler.compat.jobIds
10-12 16:45:10.301 32017 32121 W fb4a.ServiceInfoParser: X.4cW: Service com.facebook.orca.notify.MessagesNotificationService is missing meta key com.facebook.common.jobscheduler.compat.jobIds
10-12 16:45:10.301 32017 32121 W fb4a.ServiceInfoParser: X.4cW: Service com.facebook.oxygen.preloads.sdk.firstparty.managedappcache.IsManagedAppCacheJobService is missing meta key com.facebook.common.jobscheduler.compat.jobIds
10-12 16:45:10.301 32017 32121 W fb4a.ServiceInfoParser: X.4cW: Service com.facebook.papaya.fb.fb4a.PapayaFb4aJobService is missing meta key com.facebook.common.jobscheduler.compat.jobIds
10-12 16:45:10.302 32017 32121 W fb4a.ServiceInfoParser: X.4cW: Service com.facebook.push.registration.RegistrarHelperService is missing meta key com.facebook.common.jobscheduler.compat.jobIds
10-12 16:45:10.302 32017 32121 W fb4a.ServiceInfoParser: X.4cW: Service com.facebook.push.crossapp.PackageRemovedReporterService is missing meta key com.facebook.common.jobscheduler.compat.jobIds
10-12 16:45:10.302 32017 32121 W fb4a.ServiceInfoParser: X.4cW: Service com.facebook.push.adm.ADMService is missing meta key com.facebook.common.jobscheduler.compat.jobIds
10-12 16:45:10.302 32017 32121 W fb4a.ServiceInfoParser: X.4cW: Service com.facebook.push.adm.ADMBroadcastReceiverJobBase is missing meta key com.facebook.common.jobscheduler.compat.jobIds
10-12 16:45:10.302 32017 32121 W fb4a.ServiceInfoParser: X.4cW: Service com.facebook.push.adm.ADMJobIntentService is missing meta key com.facebook.common.jobscheduler.compat.jobIds
10-12 16:45:10.302 32017 32121 W fb4a.ServiceInfoParser: X.4cW: Service com.facebook.push.fbpushdata.common.FbPushDataHandlerService is missing meta key com.facebook.common.jobscheduler.compat.jobIds
10-12 16:45:10.303 32017 32121 W fb4a.ServiceInfoParser: X.4cW: Service com.facebook.push.fcm.FcmRegistrarFbJobIntentService is missing meta key com.facebook.common.jobscheduler.compat.jobIds
10-12 16:45:10.303 32017 32121 W fb4a.ServiceInfoParser: X.4cW: Service com.facebook.push.mqtt.service.MqttPushHelperService is missing meta key com.facebook.common.jobscheduler.compat.jobIds
10-12 16:45:10.303 32017 32121 W fb4a.ServiceInfoParser: X.4cW: Service com.facebook.push.negativefeedback.PushNegativeFeedbackFbJobIntentService is missing meta key com.facebook.common.jobscheduler.compat.jobIds
10-12 16:45:10.303 32017 32121 W fb4a.ServiceInfoParser: X.4cW: Service com.facebook.registration.notification.RegistrationNotificationService is missing meta key com.facebook.common.jobscheduler.compat.jobIds
10-12 16:45:10.303 32017 32121 W fb4a.ServiceInfoParser: X.4cW: Service com.facebook.registration.service.NewAccountStateLoggingService is missing meta key com.facebook.common.jobscheduler.compat.jobIds
10-12 16:45:10.303 32017 32121 W fb4a.ServiceInfoParser: X.4cW: Service com.facebook.reportaproblem.base.bugreport.BugReportUploadService is missing meta key com.facebook.common.jobscheduler.compat.jobIds
10-12 16:45:10.303 32017 32121 W fb4a.ServiceInfoParser: X.4cW: Service com.facebook.videolite.api.jobscheduler.UploadJobSchedulerService is missing meta key com.facebook.common.jobscheduler.compat.jobIds
10-12 16:45:10.309  2965  2980 W BroadcastQueue: Permission Denial: broadcasting Intent { act=android.net.conn.CONNECTIVITY_CHANGE flg=0x4200010 (has extras) } from null (pid=-1, uid=-1) requires com.facebook.permission.prod.FB_APP_COMMUNICATION due to registered receiver BroadcastFilter{5e6f410 u0 ReceiverList{230a0d3 32017 com.facebook.katana/10028/u0 remote:fc3cac2}}
10-12 16:45:10.351 32017 32123 D skia    : --- Failed to create image decoder with message 'unimplemented'
10-12 16:45:10.355 32017 32123 I chatty  : uid=10028(com.facebook.katana) CombinedTP12 identical 23 lines
10-12 16:45:10.356 32017 32123 D skia    : --- Failed to create image decoder with message 'unimplemented'
10-12 16:45:10.356 32017 32092 D skia    : --- Failed to create image decoder with message 'unimplemented'
10-12 16:45:10.356 32017 32123 D skia    : --- Failed to create image decoder with message 'unimplemented'
10-12 16:45:10.357 32017 32123 D skia    : --- Failed to create image decoder with message 'unimplemented'
10-12 16:45:10.357 32017 32092 D skia    : --- Failed to create image decoder with message 'unimplemented'
10-12 16:45:10.357 32017 32123 D skia    : --- Failed to create image decoder with message 'unimplemented'
10-12 16:45:10.357 32017 32123 D skia    : --- Failed to create image decoder with message 'unimplemented'
10-12 16:45:10.358 32017 32092 D skia    : --- Failed to create image decoder with message 'unimplemented'
10-12 16:45:10.358 32017 32123 D skia    : --- Failed to create image decoder with message 'unimplemented'
10-12 16:45:10.358 32017 32123 D skia    : --- Failed to create image decoder with message 'unimplemented'
10-12 16:45:10.358 32017 32092 D skia    : --- Failed to create image decoder with message 'unimplemented'
10-12 16:45:10.359 32017 32092 D skia    : --- Failed to create image decoder with message 'unimplemented'
10-12 16:45:10.359 32017 32096 D skia    : --- Failed to create image decoder with message 'unimplemented'
10-12 16:45:10.360 32017 32096 D skia    : --- Failed to create image decoder with message 'unimplemented'
10-12 16:45:10.360 32017 32092 D skia    : --- Failed to create image decoder with message 'unimplemented'
10-12 16:45:10.360 32017 32096 D skia    : --- Failed to create image decoder with message 'unimplemented'
10-12 16:45:10.361 32017 32092 D skia    : --- Failed to create image decoder with message 'unimplemented'
10-12 16:45:10.361 32017 32096 D skia    : --- Failed to create image decoder with message 'unimplemented'
10-12 16:45:10.361 32017 32096 I chatty  : uid=10028(com.facebook.katana) CombinedTP6 identical 1 line
10-12 16:45:10.361 32017 32096 D skia    : --- Failed to create image decoder with message 'unimplemented'
10-12 16:45:10.362 32017 32123 D skia    : --- Failed to create image decoder with message 'unimplemented'
10-12 16:45:10.362 32017 32092 D skia    : --- Failed to create image decoder with message 'unimplemented'
10-12 16:45:10.362 32017 32096 D skia    : --- Failed to create image decoder with message 'unimplemented'
10-12 16:45:10.362 32017 32123 D skia    : --- Failed to create image decoder with message 'unimplemented'
10-12 16:45:10.363 32017 32092 D skia    : --- Failed to create image decoder with message 'unimplemented'
10-12 16:45:10.363 32017 32123 D skia    : --- Failed to create image decoder with message 'unimplemented'
10-12 16:45:10.363 32017 32123 D skia    : --- Failed to create image decoder with message 'unimplemented'
10-12 16:45:10.363 32017 32092 D skia    : --- Failed to create image decoder with message 'unimplemented'
10-12 16:45:10.364 32017 32123 D skia    : --- Failed to create image decoder with message 'unimplemented'
10-12 16:45:10.364 32017 32123 D skia    : --- Failed to create image decoder with message 'unimplemented'
10-12 16:45:10.364 32017 32092 D skia    : --- Failed to create image decoder with message 'unimplemented'
10-12 16:45:10.364 32017 32123 D skia    : --- Failed to create image decoder with message 'unimplemented'
10-12 16:45:10.365 32017 32092 D skia    : --- Failed to create image decoder with message 'unimplemented'
10-12 16:45:10.365 32017 32123 D skia    : --- Failed to create image decoder with message 'unimplemented'
10-12 16:45:10.366 32017 32092 D skia    : --- Failed to create image decoder with message 'unimplemented'
10-12 16:45:10.366 32017 32123 D skia    : --- Failed to create image decoder with message 'unimplemented'
10-12 16:45:10.366 32017 32123 D skia    : --- Failed to create image decoder with message 'unimplemented'
10-12 16:45:10.366 32017 32092 D skia    : --- Failed to create image decoder with message 'unimplemented'
10-12 16:45:10.366 32017 32123 D skia    : --- Failed to create image decoder with message 'unimplemented'
10-12 16:45:10.367 32017 32123 D skia    : --- Failed to create image decoder with message 'unimplemented'
10-12 16:45:10.367 32017 32092 D skia    : --- Failed to create image decoder with message 'unimplemented'
10-12 16:45:10.367 32017 32123 D skia    : --- Failed to create image decoder with message 'unimplemented'
10-12 16:45:10.368 32017 32123 D skia    : --- Failed to create image decoder with message 'unimplemented'
10-12 16:45:10.368 32017 32092 D skia    : --- Failed to create image decoder with message 'unimplemented'
10-12 16:45:10.368 32017 32123 D skia    : --- Failed to create image decoder with message 'unimplemented'
10-12 16:45:10.368 32017 32123 D skia    : --- Failed to create image decoder with message 'unimplemented'
10-12 16:45:10.369 32017 32092 D skia    : --- Failed to create image decoder with message 'unimplemented'
10-12 16:45:10.369 32017 32123 D skia    : --- Failed to create image decoder with message 'unimplemented'
10-12 16:45:10.370 32017 32092 D skia    : --- Failed to create image decoder with message 'unimplemented'
10-12 16:45:10.370 32017 32121 D skia    : --- Failed to create image decoder with message 'unimplemented'
10-12 16:45:10.371 32017 32092 D skia    : --- Failed to create image decoder with message 'unimplemented'
10-12 16:45:10.371 32017 32121 D skia    : --- Failed to create image decoder with message 'unimplemented'
10-12 16:45:10.371 32017 32092 D skia    : --- Failed to create image decoder with message 'unimplemented'
10-12 16:45:10.372 32017 32092 D skia    : --- Failed to create image decoder with message 'unimplemented'
10-12 16:45:10.372 32017 32121 D skia    : --- Failed to create image decoder with message 'unimplemented'
10-12 16:45:10.372 32017 32092 D skia    : --- Failed to create image decoder with message 'unimplemented'
10-12 16:45:10.372 32017 32121 D skia    : --- Failed to create image decoder with message 'unimplemented'
10-12 16:45:10.373 32017 32092 D skia    : --- Failed to create image decoder with message 'unimplemented'
10-12 16:45:10.373 32017 32123 D skia    : --- Failed to create image decoder with message 'unimplemented'
10-12 16:45:10.373 32017 32121 D skia    : --- Failed to create image decoder with message 'unimplemented'
10-12 16:45:10.373 32017 32092 D skia    : --- Failed to create image decoder with message 'unimplemented'
10-12 16:45:10.373 32017 32123 D skia    : --- Failed to create image decoder with message 'unimplemented'
10-12 16:45:10.374 32017 32096 D skia    : --- Failed to create image decoder with message 'unimplemented'
10-12 16:45:10.374 32017 32121 D skia    : --- Failed to create image decoder with message 'unimplemented'
10-12 16:45:10.374 32017 32123 D skia    : --- Failed to create image decoder with message 'unimplemented'
10-12 16:45:10.374 32017 32123 D skia    : --- Failed to create image decoder with message 'unimplemented'
10-12 16:45:10.374 32017 32096 D skia    : --- Failed to create image decoder with message 'unimplemented'
10-12 16:45:10.374 32017 32123 D skia    : --- Failed to create image decoder with message 'unimplemented'
10-12 16:45:10.375 32017 32121 D skia    : --- Failed to create image decoder with message 'unimplemented'
10-12 16:45:10.375 32017 32123 D skia    : --- Failed to create image decoder with message 'unimplemented'
10-12 16:45:10.379 32017 32123 D skia    : --- Failed to create image decoder with message 'unimplemented'
10-12 16:45:10.379 32017 32092 D skia    : --- Failed to create image decoder with message 'unimplemented'
10-12 16:45:10.380 32017 32123 D skia    : --- Failed to create image decoder with message 'unimplemented'
10-12 16:45:10.380 32017 32092 D skia    : --- Failed to create image decoder with message 'unimplemented'
10-12 16:45:10.380 32017 32121 D skia    : --- Failed to create image decoder with message 'unimplemented'
10-12 16:45:10.381 32017 32123 D skia    : --- Failed to create image decoder with message 'unimplemented'
10-12 16:45:10.381 32017 32121 D skia    : --- Failed to create image decoder with message 'unimplemented'
10-12 16:45:10.381 32017 32123 D skia    : --- Failed to create image decoder with message 'unimplemented'
10-12 16:45:10.382 32017 32123 D skia    : --- Failed to create image decoder with message 'unimplemented'
10-12 16:45:10.388 32017 32123 D skia    : --- Failed to create image decoder with message 'unimplemented'
10-12 16:45:10.417 32017 32123 W fb4a.lacrima: FbErrorReportingConfig.earlyInit wasn't called.
10-12 16:45:10.478 32017 32123 D omnistore_android_logger: TransactionResult Received on queue spq_152:_ with 1 transactions starting at global id 0 upto clientVersionId 0
10-12 16:45:10.481 32017 32210 D omnistore_android_logger: TransactionReceiver::processSerializedJobSuccess for queue spq_152:_, status 0, global id 0client version id 0
10-12 16:45:10.481 32017 32210 D omnistore_android_logger: TransactionReceiver::applySuccessfulTransactionResult
10-12 16:45:10.483 32017 32210 D omnistore_android_logger: TransactionReceiver::processTransaction flush callbacks
10-12 16:45:10.593 32017 32059 W fb4a.AppStateLoggerCore: Failed to get webview version
10-12 16:45:10.593 32017 32059 W fb4a.AppStateLoggerCore: android.content.pm.PackageManager$NameNotFoundException: com.google.android.webview
10-12 16:45:10.593 32017 32059 W fb4a.AppStateLoggerCore: 	at android.app.ApplicationPackageManager.getPackageInfoAsUser(ApplicationPackageManager.java:181)
10-12 16:45:10.593 32017 32059 W fb4a.AppStateLoggerCore: 	at android.app.ApplicationPackageManager.getPackageInfo(ApplicationPackageManager.java:152)
10-12 16:45:10.593 32017 32059 W fb4a.AppStateLoggerCore: 	at X.05L.A07(:39)
10-12 16:45:10.593 32017 32059 W fb4a.AppStateLoggerCore: 	at X.0AS.run(:21082)
10-12 16:45:10.623 32017 32167 W fb4a.SyncInitializer: Start regular sync initialization
10-12 16:45:10.664 32017 32167 W fb4a.MainSessionIdGenerator: heroServiceClient is not initialized
10-12 16:45:10.735 32017 32103 W HeroServiceClient: finished mApplicationContext.bindService, bindCount 1
10-12 16:45:10.736 32244 32244 I Zygote  : seccomp disabled by setenforce 0
10-12 16:45:10.737  2965  2982 I ActivityManager: Start proc 32244:com.android.vending/u0a63 for service com.android.vending/com.google.android.finsky.splitinstallservice.SplitInstallService
10-12 16:45:10.741 32244 32244 W android.vendin: Using default instruction set features for ARM CPU variant (cortex-a9) using conservative defaults
10-12 16:45:10.752 32258 32258 I Zygote  : seccomp disabled by setenforce 0
10-12 16:45:10.757  2965  2982 I ActivityManager: Start proc 32258:com.facebook.katana:videoplayer/u0a28 for service com.facebook.katana/com.facebook.video.heroplayer.service.HeroService
10-12 16:45:10.757 32258 32258 W ana:videoplaye: Using default instruction set features for ARM CPU variant (cortex-a9) using conservative defaults
10-12 16:45:10.773 32017 32103 W Profilo/BlackBoxState: Start after config update
10-12 16:45:10.773 32017 32103 W Profilo/BlackBoxApi: TRACE START: success = false; markerID: 30539777
10-12 16:45:10.792 32017 32029 W System  : A resource failed to call close. 
10-12 16:45:10.818 32258 32258 E LoadedApk: Unable to instantiate appComponentFactory
10-12 16:45:10.818 32258 32258 E LoadedApk: java.lang.ClassNotFoundException: Didn't find class "androidx.core.app.CoreComponentFactory" on path: DexPathList[[zip file "/system/framework/org.apache.http.legacy.boot.jar", zip file "/data/app/com.facebook.katana-c5SxMm3s3D0zZdpx5pOxow==/base.apk", zip file "/data/app/com.facebook.katana-c5SxMm3s3D0zZdpx5pOxow==/split_cgnativeplayer.apk", zip file "/data/app/com.facebook.katana-c5SxMm3s3D0zZdpx5pOxow==/split_codegenerator.apk", zip file "/data/app/com.facebook.katana-c5SxMm3s3D0zZdpx5pOxow==/split_rtc.apk", zip file "/data/app/com.facebook.katana-c5SxMm3s3D0zZdpx5pOxow==/split_rtc20.apk"],nativeLibraryDirectories=[/data/app/com.facebook.katana-c5SxMm3s3D0zZdpx5pOxow==/lib/arm, /data/app/com.facebook.katana-c5SxMm3s3D0zZdpx5pOxow==/base.apk!/lib/armeabi-v7a, /data/app/com.facebook.katana-c5SxMm3s3D0zZdpx5pOxow==/split_cgnativeplayer.apk!/lib/armeabi-v7a, /data/app/com.facebook.katana-c5SxMm3s3D0zZdpx5pOxow==/split_codegenerator.apk!/lib/armeabi-v7a, /data/app/com.facebook.katana-c5SxMm3s3D0zZdpx5pOxow==/split_rtc.apk!/lib/armeabi-v7a, /data/app/com.facebook.katana-c5SxMm3s3D0zZdpx5pOxow==/split_rtc20.apk!/lib/armeabi-v7a, /system/lib]]
10-12 16:45:10.818 32258 32258 E LoadedApk: 	at dalvik.system.BaseDexClassLoader.findClass(BaseDexClassLoader.java:134)
10-12 16:45:10.818 32258 32258 E LoadedApk: 	at java.lang.ClassLoader.loadClass(ClassLoader.java:379)
10-12 16:45:10.818 32258 32258 E LoadedApk: 	at java.lang.ClassLoader.loadClass(ClassLoader.java:312)
10-12 16:45:10.818 32258 32258 E LoadedApk: 	at android.app.LoadedApk.createAppFactory(LoadedApk.java:226)
10-12 16:45:10.818 32258 32258 E LoadedApk: 	at android.app.LoadedApk.createOrUpdateClassLoaderLocked(LoadedApk.java:731)
10-12 16:45:10.818 32258 32258 E LoadedApk: 	at android.app.LoadedApk.getClassLoader(LoadedApk.java:810)
10-12 16:45:10.818 32258 32258 E LoadedApk: 	at android.app.LoadedApk.getResources(LoadedApk.java:1032)
10-12 16:45:10.818 32258 32258 E LoadedApk: 	at android.app.ContextImpl.createAppContext(ContextImpl.java:2345)
10-12 16:45:10.818 32258 32258 E LoadedApk: 	at android.app.ActivityThread.handleBindApplication(ActivityThread.java:5749)
10-12 16:45:10.818 32258 32258 E LoadedApk: 	at android.app.ActivityThread.access$1100(ActivityThread.java:199)
10-12 16:45:10.818 32258 32258 E LoadedApk: 	at android.app.ActivityThread$H.handleMessage(ActivityThread.java:1650)
10-12 16:45:10.818 32258 32258 E LoadedApk: 	at android.os.Handler.dispatchMessage(Handler.java:106)
10-12 16:45:10.818 32258 32258 E LoadedApk: 	at android.os.Looper.loop(Looper.java:193)
10-12 16:45:10.818 32258 32258 E LoadedApk: 	at android.app.ActivityThread.main(ActivityThread.java:6669)
10-12 16:45:10.818 32258 32258 E LoadedApk: 	at java.lang.reflect.Method.invoke(Native Method)
10-12 16:45:10.818 32258 32258 E LoadedApk: 	at com.android.internal.os.RuntimeInit$MethodAndArgsCaller.run(RuntimeInit.java:493)
10-12 16:45:10.818 32258 32258 E LoadedApk: 	at com.android.internal.os.ZygoteInit.main(ZygoteInit.java:858)
10-12 16:45:10.818 32258 32258 E LoadedApk: 	Suppressed: java.io.IOException: No original dex files found for dex location /data/app/com.facebook.katana-c5SxMm3s3D0zZdpx5pOxow==/split_cgnativeplayer.apk
10-12 16:45:10.818 32258 32258 E LoadedApk: 		at dalvik.system.DexFile.openDexFileNative(Native Method)
10-12 16:45:10.818 32258 32258 E LoadedApk: 		at dalvik.system.DexFile.openDexFile(DexFile.java:354)
10-12 16:45:10.818 32258 32258 E LoadedApk: 		at dalvik.system.DexFile.<init>(DexFile.java:101)
10-12 16:45:10.818 32258 32258 E LoadedApk: 		at dalvik.system.DexFile.<init>(DexFile.java:75)
10-12 16:45:10.818 32258 32258 E LoadedApk: 		at dalvik.system.DexPathList.loadDexFile(DexPathList.java:394)
10-12 16:45:10.818 32258 32258 E LoadedApk: 		at dalvik.system.DexPathList.makeDexElements(DexPathList.java:354)
10-12 16:45:10.818 32258 32258 E LoadedApk: 		at dalvik.system.DexPathList.<init>(DexPathList.java:164)
10-12 16:45:10.818 32258 32258 E LoadedApk: 		at dalvik.system.BaseDexClassLoader.<init>(BaseDexClassLoader.java:74)
10-12 16:45:10.818 32258 32258 E LoadedApk: 		at dalvik.system.BaseDexClassLoader.<init>(BaseDexClassLoader.java:65)
10-12 16:45:10.818 32258 32258 E LoadedApk: 		at dalvik.system.PathClassLoader.<init>(PathClassLoader.java:64)
10-12 16:45:10.818 32258 32258 E LoadedApk: 		at com.android.internal.os.ClassLoaderFactory.createClassLoader(ClassLoaderFactory.java:73)
10-12 16:45:10.818 32258 32258 E LoadedApk: 		at com.android.internal.os.ClassLoaderFactory.createClassLoader(ClassLoaderFactory.java:88)
10-12 16:45:10.818 32258 32258 E LoadedApk: 		at android.app.ApplicationLoaders.getClassLoader(ApplicationLoaders.java:74)
10-12 16:45:10.818 32258 32258 E LoadedApk: 		at android.app.ApplicationLoaders.getClassLoader(ApplicationLoaders.java:40)
10-12 16:45:10.818 32258 32258 E LoadedApk: 		at android.app.LoadedApk.createOrUpdateClassLoaderLocked(LoadedApk.java:727)
10-12 16:45:10.818 32258 32258 E LoadedApk: 		... 12 more
10-12 16:45:10.818 32258 32258 E LoadedApk: 	Suppressed: java.io.IOException: No original dex files found for dex location /data/app/com.facebook.katana-c5SxMm3s3D0zZdpx5pOxow==/split_codegenerator.apk
10-12 16:45:10.818 32258 32258 E LoadedApk: 		at dalvik.system.DexFile.openDexFileNative(Native Method)
10-12 16:45:10.818 32258 32258 E LoadedApk: 		at dalvik.system.DexFile.openDexFile(DexFile.java:354)
10-12 16:45:10.818 32258 32258 E LoadedApk: 		at dalvik.system.DexFile.<init>(DexFile.java:101)
10-12 16:45:10.818 32258 32258 E LoadedApk: 		at dalvik.system.DexFile.<init>(DexFile.java:75)
10-12 16:45:10.818 32258 32258 E LoadedApk: 		at dalvik.system.DexPathList.loadDexFile(DexPathList.java:394)
10-12 16:45:10.818 32258 32258 E LoadedApk: 		at dalvik.system.DexPathList.makeDexElements(DexPathList.java:354)
10-12 16:45:10.818 32258 32258 E LoadedApk: 		at dalvik.s
10-12 16:45:10.819 32258 32258 W ana:videoplaye: JIT profile information will not be recorded: profile file does not exits.
10-12 16:45:10.819 32258 32258 I chatty  : uid=10028 com.facebook.katana:videoplayer identical 2 lines
10-12 16:45:10.819 32258 32258 W ana:videoplaye: JIT profile information will not be recorded: profile file does not exits.
10-12 16:45:10.819 32244 32244 I Finsky  : [2] fzu.ay(5): Process created at version: 22.2.13-21 [0] [PR] 335073928
10-12 16:45:10.821 32258 32258 W ana:videoplaye: resources.arsc in APK '/data/app/com.facebook.katana-c5SxMm3s3D0zZdpx5pOxow==/base.apk' is compressed.
10-12 16:45:10.854 32258 32258 W AppReliabilityOps: Errorreporting: Legacy
10-12 16:45:10.857 32258 32258 I ana:videoplayer: type=1400 audit(0.0:1299): avc: denied { read } for name="zoneinfo" dev="proc" ino=4026531994 scontext=u:r:untrusted_app:s0:c28,c256,c512,c768 tcontext=u:object_r:proc_zoneinfo:s0 tclass=file permissive=1
10-12 16:45:10.857 32258 32258 I ana:videoplayer: type=1400 audit(0.0:1300): avc: denied { open } for path="/proc/zoneinfo" dev="proc" ino=4026531994 scontext=u:r:untrusted_app:s0:c28,c256,c512,c768 tcontext=u:object_r:proc_zoneinfo:s0 tclass=file permissive=1
10-12 16:45:10.857 32258 32258 I ana:videoplayer: type=1400 audit(0.0:1301): avc: denied { getattr } for path="/proc/zoneinfo" dev="proc" ino=4026531994 scontext=u:r:untrusted_app:s0:c28,c256,c512,c768 tcontext=u:object_r:proc_zoneinfo:s0 tclass=file permissive=1
10-12 16:45:10.881 32258 32258 I AppStateLoggerT: type=1400 audit(0.0:1302): avc: denied { read } for name="osrelease" dev="proc" ino=33021 scontext=u:r:untrusted_app:s0:c28,c256,c512,c768 tcontext=u:object_r:proc:s0 tclass=file permissive=1
10-12 16:45:10.881 32258 32258 I AppStateLoggerT: type=1400 audit(0.0:1303): avc: denied { open } for path="/proc/sys/kernel/osrelease" dev="proc" ino=33021 scontext=u:r:untrusted_app:s0:c28,c256,c512,c768 tcontext=u:object_r:proc:s0 tclass=file permissive=1
10-12 16:45:10.881 32258 32258 I AppStateLoggerT: type=1400 audit(0.0:1304): avc: denied { getattr } for path="/proc/sys/kernel/osrelease" dev="proc" ino=33021 scontext=u:r:untrusted_app:s0:c28,c256,c512,c768 tcontext=u:object_r:proc:s0 tclass=file permissive=1
10-12 16:45:10.899 32258 32287 W AppStateLoggerCore: Failed to get webview version
10-12 16:45:10.899 32258 32287 W AppStateLoggerCore: android.content.pm.PackageManager$NameNotFoundException: com.google.android.webview
10-12 16:45:10.899 32258 32287 W AppStateLoggerCore: 	at android.app.ApplicationPackageManager.getPackageInfoAsUser(ApplicationPackageManager.java:181)
10-12 16:45:10.899 32258 32287 W AppStateLoggerCore: 	at android.app.ApplicationPackageManager.getPackageInfo(ApplicationPackageManager.java:152)
10-12 16:45:10.899 32258 32287 W AppStateLoggerCore: 	at X.05L.A07(:39)
10-12 16:45:10.899 32258 32287 W AppStateLoggerCore: 	at X.0AS.run(:21082)
10-12 16:45:10.905 32258 32258 E ACRA    : Skipping ANR Detector for process: com.facebook.katana:videoplayer
10-12 16:45:10.915 32258 32258 W SoLoader: context.getApplicationContext returned null, holding reference to original context.
10-12 16:45:10.921 32258 32269 W System  : A resource failed to call close. 
10-12 16:45:10.953 32258 32258 I ana:videoplayer: type=1400 audit(0.0:1305): avc: denied { open } for path="/proc/vmstat" dev="proc" ino=4026531993 scontext=u:r:untrusted_app:s0:c28,c256,c512,c768 tcontext=u:object_r:proc_vmstat:s0 tclass=file permissive=1
10-12 16:45:11.003 32244 32284 I Finsky  : [461] ygw.a(2): Started reading experiment flags from file [0tGUNCGIkbk4o6-fQ335kUYSKwVj4lusnHT-A5Dsy08].
10-12 16:45:11.007 32244 32284 I Finsky  : [461] ygw.a(18): Finished reading experiment flags from file [0tGUNCGIkbk4o6-fQ335kUYSKwVj4lusnHT-A5Dsy08].
10-12 16:45:11.025 32244 32284 I Finsky  : [461] ygw.a(2): Started reading experiment flags from file [5lHwWtGM69xOaDUqq2rdH8o4Y-MG0rIvo96DKUGm2aE].
10-12 16:45:11.029 32244 32284 I Finsky  : [461] ygw.a(18): Finished reading experiment flags from file [5lHwWtGM69xOaDUqq2rdH8o4Y-MG0rIvo96DKUGm2aE].
10-12 16:45:11.040 32244 32244 I Finsky  : [2] ygw.a(2): Started reading experiment flags from file [Se-xCc4LzNyh3UrKMIU2sUf-PUKz4oQEbpKZDMuaFno].
10-12 16:45:11.043 32244 32244 I Finsky  : [2] ygw.a(18): Finished reading experiment flags from file [Se-xCc4LzNyh3UrKMIU2sUf-PUKz4oQEbpKZDMuaFno].
10-12 16:45:11.057 32244 32244 I Finsky  : [2] abjk.<init>(5): Resetting scheduler db
10-12 16:45:11.075 32244 32283 I Finsky  : [459] ahoq.a(2): Not a unicorn account
10-12 16:45:11.091 32244 32280 I Finsky  : [457] xre.<init>(3): PackageMonitorReceiverImpl - Registering in memory receiver for android.intent.action.PACKAGE_ADDED and android.intent.action.PACKAGE_REMOVED
10-12 16:45:11.091 32258 32295 W dalvik-internals: sigaction64 succeeded
10-12 16:45:11.092 32258 32295 W dalvik-internals: ignoring failure to find _ZN3art12FaultManager35EnsureArtActionInFrontOfSignalChainEv: could not hook _ZN3art12FaultManager35EnsureArtActionInFrontOfSignalChainEv
10-12 16:45:11.092 32258 32295 V dalvik-internals: hooked signal using trap ()
10-12 16:45:11.094 32258 32295 V dalvik-internals: hooked sysv_signal using trap ()
10-12 16:45:11.095 32258 32295 V dalvik-internals: hooked bsd_signal using trap ()
10-12 16:45:11.095 32258 32295 V dalvik-internals: hooked sigaction using trap ()
10-12 16:45:11.095 32258 32295 I dalvik-internals: installed sigmux crash handler for crash log
10-12 16:45:11.096 32244 32282 I Finsky  : [460] agcb.a(2): Disable SystemUpdateActivity, because Android is lower than Q
10-12 16:45:11.096 32258 32295 V appstatelogger: Registered App State Logger stream with Breakpad
10-12 16:45:11.100 32258 32295 D appstatelogger: Tracking self-SIGKILLs for all of FADv2 rather than just FADv1
10-12 16:45:11.107 32244 32280 W Settings: Setting download_manager_max_bytes_over_mobile has moved from android.provider.Settings.Secure to android.provider.Settings.Global.
10-12 16:45:11.108 32258 32295 W Ditto   : Ditto initialized, state = DittoState{build id=249604803;in QE=false;enable ditto=false;patch name=;override=none;crash mitigation detected=false}; identifier = null
10-12 16:45:11.110 32244 32280 I Finsky  : [457] vok.i(3): SettingNotFoundException, fall through to G.downloadBytesOverMobileMaximum
10-12 16:45:11.111 32244 32280 W Settings: Setting download_manager_recommended_max_bytes_over_mobile has moved from android.provider.Settings.Secure to android.provider.Settings.Global.
10-12 16:45:11.112 32244 32280 I Finsky  : [457] vok.j(3): SettingNotFoundException, fall through to G.downloadBytesOverMobileRecommended
10-12 16:45:11.115 32244 32310 I Finsky  : [476] agca.run(50): Set SystemUpdateActivity enabled state to 2
10-12 16:45:11.123 32258 32314 W FileBasedMultiProcessTracker: videoplayer: Initializing FileBasedMultiProcessTracking using /data/user/0/com.facebook.katana/app_multiprocess_tracking
10-12 16:45:11.123 32258 32314 W FileBasedMultiProcessTracker: videoplayer: Creating file to track 32258
10-12 16:45:11.124 32017 32081 W fb4a.FileBasedMultiProcessTracker: <default>: Observed new PID: 32258
10-12 16:45:11.128 32244 32281 I cr_CronetLibraryLoader: Cronet version: 87.0.4276.2, arch: armv8l
10-12 16:45:11.130 32258 32314 W FileBasedMultiProcessTracker: videoplayer: FileBasedMultiProcessTracker ready!
10-12 16:45:11.133 32258 32309 D         : Function fsync hooked with result=0
10-12 16:45:11.134 32258 32311 V AospBugFixOpts: set AOSP bug fix jboolean EnableAospBugFixes: bugFixOpt -> enable = 0. Given 0
10-12 16:45:11.135 32258 32309 D         : Function fdatasync hooked with result=0
10-12 16:45:11.137 32258 32309 D         : Function msync hooked with result=0
10-12 16:45:11.138 32258 32309 D         : Function sync hooked with result=0
10-12 16:45:11.141  2965  3745 D ConnectivityService: requestNetwork for uid/pid:10063/32244 NetworkRequest [ TRACK_DEFAULT id=229, [ Capabilities: INTERNET&NOT_RESTRICTED&TRUSTED Unwanted:  Uid: 10063] ]
10-12 16:45:11.142  3184  3184 D PhoneSwitcherNetworkRequstListener: got request NetworkRequest [ TRACK_DEFAULT id=229, [ Capabilities: INTERNET&NOT_RESTRICTED&TRUSTED Unwanted:  Uid: 10063] ] with score 70
10-12 16:45:11.143 32258 32295 W DexLibLoader: disabling background optimization
10-12 16:45:11.143  2965  3053 D WIFI    : got request NetworkRequest [ TRACK_DEFAULT id=229, [ Capabilities: INTERNET&NOT_RESTRICTED&TRUSTED Unwanted:  Uid: 10063] ] with score 70
10-12 16:45:11.143  2965  3053 D WIFI_UT : got request NetworkRequest [ TRACK_DEFAULT id=229, [ Capabilities: INTERNET&NOT_RESTRICTED&TRUSTED Unwanted:  Uid: 10063] ] with score 70
10-12 16:45:11.143  2965  3077 D Ethernet: got request NetworkRequest [ TRACK_DEFAULT id=229, [ Capabilities: INTERNET&NOT_RESTRICTED&TRUSTED Unwanted:  Uid: 10063] ] with score 70
10-12 16:45:11.147 32244 32301 I Finsky  : [469] abie.a(67): SCH: Resetting scheduler db stage 2
10-12 16:45:11.149 32244 32280 I Finsky  : [457] asuk.b(2): registerListener
10-12 16:45:11.156 32244 32280 I Finsky  : [457] asuk.b(2): registerListener
10-12 16:45:11.157 32244 32282 I Finsky  : [460] thl.n(5): Enqueuing libraries load for 1153037157
10-12 16:45:11.158 32258 32295 V dalvik-internals: Hooking function _ZN3art15DexFileVerifier6VerifyEPKNS_7DexFileEPKhjPKcbPNSt3__112basic_stringIcNS8_11char_traitsIcEENS8_9allocatorIcEEEE
10-12 16:45:11.158 32258 32295 V dalvik-internals: hooked _ZN3art15DexFileVerifier6VerifyEPKNS_7DexFileEPKhjPKcbPNSt3__112basic_stringIcNS8_11char_traitsIcEENS8_9allocatorIcEEEE using trap (unrecognized instruction)
10-12 16:45:11.158 32258 32295 E dalvik-internals: attempting to hook OatFileManager::HasCollisions
10-12 16:45:11.159 32258 32295 V dalvik-internals: Hooking function _ZNK3art14OatFileManager13HasCollisionsEPKNS_7OatFileEPKNS_18ClassLoaderContextEPNSt3__112basic_stringIcNS7_11char_traitsIcEENS7_9allocatorIcEEEE
10-12 16:45:11.159 32258 32295 V dalvik-internals: hooked _ZNK3art14OatFileManager13HasCollisionsEPKNS_7OatFileEPKNS_18ClassLoaderContextEPNSt3__112basic_stringIcNS7_11char_traitsIcEENS7_9allocatorIcEEEE using jump ()
10-12 16:45:11.159 32258 32295 E dalvik-internals: attempting to hook OatFileAssistant::IsUpToDate
10-12 16:45:11.159 32258 32295 V dalvik-internals: Hooking function _ZN3art16OatFileAssistant10IsUpToDateEv
10-12 16:45:11.159 32258 32295 V dalvik-internals: hooked _ZN3art16OatFileAssistant10IsUpToDateEv using jump ()
10-12 16:45:11.160 32244 32310 I Finsky  : [476] thl.o(1): Starting libraries load for 1153037157
10-12 16:45:11.160 32258 32295 E dalvik-internals: attempting to hook OatFileAssistant::IsUpToDate
10-12 16:45:11.160 32258 32295 E dalvik-internals: could not hook _ZN3art16OatFileAssistant17OatFileIsUpToDateEv
10-12 16:45:11.160 32258 32295 E dalvik-internals: attempting to hook OatFileAssistant::IsUpToDate
10-12 16:45:11.160 32258 32295 E dalvik-internals: could not hook _ZN3art16OatFileAssistant18OdexFileIsUpToDateEv
10-12 16:45:11.160 32258 32295 E dalvik-internals: attempting to hook OatFileAssistant::IsUpToDate
10-12 16:45:11.160 32258 32295 E dalvik-internals: could not hook _ZN3art16OatFileAssistant22GivenOatFileIsUpToDateERKNS_7OatFileE
10-12 16:45:11.164 32244 32280 I Finsky  : [457] jpd.j(5): Subscription detail: N/A
10-12 16:45:11.169 32258 32295 W DexLibLoader: Comparing new 1602478224191 to old 1602419799063
10-12 16:45:11.178 32258 32333 E JitUtils: Should call jit init first
10-12 16:45:11.192 32244 32280 I Finsky  : [457] ajqr.w(2): Setup app restrictions monitor
10-12 16:45:11.198 32244 32280 I Finsky  : [457] ajsn.a(3): Device wide unknown source restriction is changed.
10-12 16:45:11.220 32244 32283 W android.vendin: Accessing hidden field Ljava/util/Collections$SynchronizedCollection;->mutex:Ljava/lang/Object; (dark greylist, reflection)
10-12 16:45:11.221 32244 32283 W android.vendin: Accessing hidden method Ljava/util/Collections$SynchronizedSet;-><init>(Ljava/util/Set;Ljava/lang/Object;)V (dark greylist, reflection)
10-12 16:45:11.222 32244 32283 W android.vendin: Accessing hidden method Ljava/util/Collections$SynchronizedCollection;-><init>(Ljava/util/Collection;Ljava/lang/Object;)V (dark greylist, reflection)
10-12 16:45:11.242 32258 32343 W liger-jni: T76400548 xplat/proxygen/facebook/httpclient/java/src/cpp/jni/LoadHTTPClient.cpp:116 Liger JNI_OnLoad entered
10-12 16:45:11.242 32258 32343 W liger-jni: T76400548 xplat/proxygen/facebook/httpclient/java/src/cpp/jni/LoadHTTPClient.cpp:44 Calling AndroidLogSink::onLoad
10-12 16:45:11.242 32258 32343 W liger-jni: T76400548 xplat/proxygen/facebook/httpclient/java/src/cpp/jni/LoadHTTPClient.cpp:46 Calling EventBase::onLoad
10-12 16:45:11.243 32258 32343 W liger-jni: T76400548 xplat/proxygen/facebook/httpclient/java/src/cpp/jni/LoadHTTPClient.cpp:48 Calling HTTPClient::onLoad
10-12 16:45:11.245 32258 32343 W liger-jni: T76400548 xplat/proxygen/facebook/httpclient/java/src/cpp/jni/LoadHTTPClient.cpp:50 Calling JniSSLKeyMaterialCallback::onLoad
10-12 16:45:11.246 32258 32343 W liger-jni: T76400548 xplat/proxygen/facebook/httpclient/java/src/cpp/jni/LoadHTTPClient.cpp:52 Calling JniExecutorHelper::onLoad
10-12 16:45:11.246 32258 32343 W liger-jni: T76400548 xplat/proxygen/facebook/httpclient/java/src/cpp/jni/LoadHTTPClient.cpp:54 Calling JniHandler::onLoad
10-12 16:45:11.248 32258 32343 W liger-jni: T76400548 xplat/proxygen/facebook/httpclient/java/src/cpp/jni/LoadHTTPClient.cpp:56 Calling JniNativeReadBuffer::onLoad
10-12 16:45:11.248 32258 32343 W liger-jni: T76400548 xplat/proxygen/facebook/httpclient/java/src/cpp/jni/LoadHTTPClient.cpp:59 Calling NetworkStatusMonitor::onLoad
10-12 16:45:11.249 32258 32343 W liger-jni: T76400548 xplat/proxygen/facebook/httpclient/java/src/cpp/jni/LoadHTTPClient.cpp:61 Calling ProxygenRadioMeter::onLoad
10-12 16:45:11.250 32258 32343 W liger-jni: T76400548 xplat/proxygen/facebook/httpclient/java/src/cpp/jni/LoadHTTPClient.cpp:64 Calling Runnable::onLoad
10-12 16:45:11.250 32244 32310 I Finsky  : [476] thl.o(19): Loaded library for account: [-I_Y4eyiA8L4I47UkseJO1Sgl1o-thu0mCoOowP1-zU]
10-12 16:45:11.250 32258 32343 W liger-jni: T76400548 xplat/proxygen/facebook/httpclient/java/src/cpp/jni/LoadHTTPClient.cpp:66 Calling TestingTraceEvent::onLoad
10-12 16:45:11.252 32244 32310 I Finsky  : [476] thl.o(23): Finished loading 1 libraries.
10-12 16:45:11.252 32258 32343 W liger-jni: T76400548 xplat/proxygen/facebook/httpclient/java/src/cpp/jni/LoadHTTPClient.cpp:68 Calling TraceEvent::onLoad
10-12 16:45:11.253 32258 32343 W liger-jni: T76400548 xplat/proxygen/facebook/httpclient/java/src/cpp/jni/LoadHTTPClient.cpp:71 Calling CertificateHelpers::onLoad
10-12 16:45:11.253 32258 32343 W liger-jni: T76400548 xplat/proxygen/facebook/httpclient/java/src/cpp/jni/LoadHTTPClient.cpp:73 Calling FizzSettingsAdaptor::onLoad
10-12 16:45:11.253 32258 32343 W liger-jni: T76400548 xplat/proxygen/facebook/httpclient/java/src/cpp/jni/LoadHTTPClient.cpp:75 Calling HeaderAdaptor::onLoad
10-12 16:45:11.256 32258 32343 W liger-jni: T76400548 xplat/proxygen/facebook/httpclient/java/src/cpp/jni/LoadHTTPClient.cpp:77 Calling HTTPRequestAdaptor::onLoad
10-12 16:45:11.257 32258 32343 W liger-jni: T76400548 xplat/proxygen/facebook/httpclient/java/src/cpp/jni/LoadHTTPClient.cpp:79 Calling PersistentSSLCacheSettings::onLoad
10-12 16:45:11.258 32258 32343 W liger-jni: T76400548 xplat/proxygen/facebook/httpclient/java/src/cpp/jni/LoadHTTPClient.cpp:81 Calling QuicSettingsAdaptor::onLoad
10-12 16:45:11.258 32258 32343 W liger-jni: T76400548 xplat/proxygen/facebook/httpclient/java/src/cpp/jni/LoadHTTPClient.cpp:83 Calling SSLVerificationSettingsAdaptor::onLoad
10-12 16:45:11.258 32258 32343 W liger-jni: T76400548 xplat/proxygen/facebook/httpclient/java/src/cpp/jni/LoadHTTPClient.cpp:87 Calling CircularEventLog::onLoad
10-12 16:45:11.258 32017 32017 W HeroServiceClient: onServiceConnected
10-12 16:45:11.258 32258 32343 W liger-jni: T76400548 xplat/proxygen/facebook/httpclient/java/src/cpp/jni/LoadHTTPClient.cpp:90 Calling GLogHelper::onLoad
10-12 16:45:11.258 32258 32343 W liger-jni: T76400548 xplat/proxygen/facebook/httpclient/java/src/cpp/jni/LoadHTTPClient.cpp:92 Calling GLogWrapper::onLoad
10-12 16:45:11.258 32258 32343 W liger-jni: T76400548 xplat/proxygen/facebook/httpclient/java/src/cpp/jni/LoadHTTPClient.cpp:94 Calling JniAnalyticsLoggerHelper::onLoad
10-12 16:45:11.258 32258 32343 W liger-jni: T76400548 xplat/proxygen/facebook/httpclient/java/src/cpp/jni/LoadHTTPClient.cpp:96 Calling JniHandlerHelper::onLoad
10-12 16:45:11.258 32017 32232 W HeroServiceClient: onServiceConnectedInternal()
10-12 16:45:11.264 32258 32343 W liger-jni: T76400548 xplat/proxygen/facebook/httpclient/java/src/cpp/jni/LoadHTTPClient.cpp:98 Calling JniNativeReadBufferHelper::onLoad
10-12 16:45:11.264 32258 32343 W liger-jni: T76400548 xplat/proxygen/facebook/httpclient/java/src/cpp/jni/LoadHTTPClient.cpp:100 Calling JniTraceEventContextHelper::onLoad
10-12 16:45:11.264 32258 32343 W liger-jni: T76400548 xplat/proxygen/facebook/httpclient/java/src/cpp/jni/LoadHTTPClient.cpp:102 Calling JniTransportCallback::onLoad
10-12 16:45:11.264 32258 32343 W liger-jni: T76400548 xplat/proxygen/facebook/httpclient/java/src/cpp/jni/LoadHTTPClient.cpp:104 Calling NativeHandleHelper::onLoad
10-12 16:45:11.264 32258 32343 W liger-jni: T76400548 xplat/proxygen/facebook/httpclient/java/src/cpp/jni/LoadHTTPClient.cpp:106 Calling JniRootCACallbacks::onLoad
10-12 16:45:11.270 32258 32347 W AudioCapabilities: Unsupported mime audio/dtshd
10-12 16:45:11.271 32258 32347 W AudioCapabilities: Unsupported mime audio/ffmpeg
10-12 16:45:11.280 32258 32347 W VideoCapabilities: Unsupported mime video/x-vnd.on2.vp6a
10-12 16:45:11.282 32258 32347 W VideoCapabilities: Unsupported mime video/x-vnd.on2.vp6f
