10-12 16:37:36.087 26719 26754 D mali_winsys: EGLint new_window_surface(egl_winsys_display *, void *, EGLSurface, EGLConfig, egl_winsys_surface **, EGLBoolean) returns 0x3000
10-12 16:37:36.132  3544  3544 W LauncherTransition: Failed to animate, surface got destroyed.
10-12 16:37:36.144 26719 26776 W cr_ChildProcLH: Create a new ChildConnectionAllocator with package name = com.android.webview, sandboxed = true
10-12 16:37:36.148 26719 26719 I cr_BrowserStartup: Initializing chromium process, singleProcess=false
10-12 16:37:36.150 26719 26719 I cr_base : Android Locale: en_US requires .pak files: []
10-12 16:37:36.152  3544  3734 W libEGL  : EGLNativeWindowType 0xcf329008 disconnect failed
10-12 16:37:36.166 26777 26777 I Zygote  : seccomp disabled by setenforce 0
10-12 16:37:36.170  2965  2982 I ActivityManager: Start proc 26777:com.android.webview:sandboxed_process0/u0i7 for webview_service acr.browser.barebones/org.chromium.content.app.SandboxedProcessService0
10-12 16:37:36.173 26777 26777 W dboxed_process: Using default instruction set features for ARM CPU variant (cortex-a9) using conservative defaults
10-12 16:37:36.198 26777 26777 I LoadedApk: No resource references to update in package com.android.webview
10-12 16:37:36.205 26777 26777 I cr_ChildProcessService: Creating new ChildProcessService pid=26777
10-12 16:37:36.230 26719 26806 E chromium: [ERROR:devtools_http_handler.cc(292)] Cannot start http server for devtools. Stop devtools.
10-12 16:37:36.236 26719 26805 W cr_CrashFileManager: /data/user/0/acr.browser.barebones/cache/WebView/Crash Reports does not exist or is not a directory
10-12 16:37:36.251  2965  4803 D AutofillManagerServiceImpl: Reset component for user 0 ()
10-12 16:37:36.492  2763  2910 I [Gralloc]: framebuffer hal alread move to hwcomposer
10-12 16:37:36.581 26777 26793 I cr_LibraryLoader: Time to load native libraries: 1 ms (timestamps 8557-8558)
10-12 16:37:36.583 26777 26793 I chromium: [INFO:library_loader_hooks.cc(36)] Chromium logging enabled: level = 0, default verbosity = 0
10-12 16:37:36.583 26777 26793 I cr_LibraryLoader: Expected native library version number "66.0.3359.158", actual native library version number "66.0.3359.158"
10-12 16:37:36.583 26719 26800 W cr_media: Requires BLUETOOTH permission
10-12 16:37:36.587 26719 26821 W AudioCapabilities: Unsupported mime audio/dtshd
10-12 16:37:36.587  2763  2910 I [Gralloc]: framebuffer hal alread move to hwcomposer
10-12 16:37:36.587  2763  2910 E gralloc : ioctl c0144900 failed with code -1: Operation not permitted
10-12 16:37:36.596 26719 26821 W AudioCapabilities: Unsupported mime audio/ffmpeg
10-12 16:37:36.616 26719 26821 W VideoCapabilities: Unsupported mime video/x-vnd.on2.vp6a
10-12 16:37:36.618 26719 26821 W VideoCapabilities: Unsupported mime video/x-vnd.on2.vp6f
10-12 16:37:36.632 26719 26821 W VideoCapabilities: Unsupported mime video/avs
10-12 16:37:36.640  2763  2910 I [Gralloc]: framebuffer hal alread move to hwcomposer
10-12 16:37:36.649 26719 26821 W VideoCapabilities: Unrecognized profile 4 for video/hevc
10-12 16:37:36.652 26719 26821 W VideoCapabilities: Unsupported mime video/mjpeg
10-12 16:37:36.655 26719 26821 W VideoCapabilities: Unrecognized profile/level 0/3 for video/mpeg2
10-12 16:37:36.655 26719 26821 I VideoCapabilities: Unsupported profile 2 for video/mpeg2
10-12 16:37:36.656 26719 26821 I VideoCapabilities: Unsupported profile 3 for video/mpeg2
10-12 16:37:36.656 26719 26821 I VideoCapabilities: Unsupported profile 4 for video/mpeg2
10-12 16:37:36.656 26719 26821 I VideoCapabilities: Unsupported profile 5 for video/mpeg2
10-12 16:37:36.658 26719 26821 I VideoCapabilities: Unsupported profile 2 for video/mp4v-es
10-12 16:37:36.658 26719 26821 I VideoCapabilities: Unsupported profile 4 for video/mp4v-es
10-12 16:37:36.658 26719 26821 I VideoCapabilities: Unsupported profile 8 for video/mp4v-es
10-12 16:37:36.659 26719 26821 I VideoCapabilities: Unsupported profile 16 for video/mp4v-es
10-12 16:37:36.659 26719 26821 I VideoCapabilities: Unsupported profile 32 for video/mp4v-es
10-12 16:37:36.659 26719 26821 I VideoCapabilities: Unsupported profile 64 for video/mp4v-es
10-12 16:37:36.659 26719 26821 I VideoCapabilities: Unsupported profile 128 for video/mp4v-es
10-12 16:37:36.659 26719 26821 I VideoCapabilities: Unsupported profile 256 for video/mp4v-es
10-12 16:37:36.659 26719 26821 I VideoCapabilities: Unsupported profile 512 for video/mp4v-es
10-12 16:37:36.659 26719 26821 I VideoCapabilities: Unsupported profile 1024 for video/mp4v-es
10-12 16:37:36.659 26719 26821 I VideoCapabilities: Unsupported profile 2048 for video/mp4v-es
10-12 16:37:36.659 26719 26821 I VideoCapabilities: Unsupported profile 4096 for video/mp4v-es
10-12 16:37:36.659 26719 26821 I VideoCapabilities: Unsupported profile 8192 for video/mp4v-es
10-12 16:37:36.659 26719 26821 I VideoCapabilities: Unsupported profile 16384 for video/mp4v-es
10-12 16:37:36.667 26719 26821 W VideoCapabilities: Unsupported mime video/rm10
10-12 16:37:36.668 26719 26821 W VideoCapabilities: Unsupported mime video/rm20
10-12 16:37:36.670 26719 26821 W VideoCapabilities: Unsupported mime video/rm30
10-12 16:37:36.671 26719 26821 W VideoCapabilities: Unsupported mime video/rm40
10-12 16:37:36.673 26719 26821 W VideoCapabilities: Unsupported mime video/vc1
10-12 16:37:36.673 26719 26821 W Utils   : could not parse long range '1-'
10-12 16:37:36.677 26719 26821 W VideoCapabilities: Unrecognized level 16 for video/x-vnd.on2.vp8
10-12 16:37:36.677 26719 26821 W VideoCapabilities: Unrecognized level 32 for video/x-vnd.on2.vp8
10-12 16:37:36.677 26719 26821 W VideoCapabilities: Unrecognized level 64 for video/x-vnd.on2.vp8
10-12 16:37:36.677 26719 26821 W VideoCapabilities: Unrecognized level 128 for video/x-vnd.on2.vp8
10-12 16:37:36.677 26719 26821 W VideoCapabilities: Unrecognized level 256 for video/x-vnd.on2.vp8
10-12 16:37:36.677 26719 26821 W VideoCapabilities: Unrecognized level 512 for video/x-vnd.on2.vp8
10-12 16:37:36.677 26719 26821 W VideoCapabilities: Unrecognized level 1024 for video/x-vnd.on2.vp8
10-12 16:37:36.677 26719 26821 W VideoCapabilities: Unrecognized level 2048 for video/x-vnd.on2.vp8
10-12 16:37:36.677 26719 26821 W VideoCapabilities: Unrecognized level 4096 for video/x-vnd.on2.vp8
10-12 16:37:36.677 26719 26821 W VideoCapabilities: Unrecognized level 8192 for video/x-vnd.on2.vp8
10-12 16:37:36.677 26719 26821 W VideoCapabilities: Unrecognized level 16384 for video/x-vnd.on2.vp8
10-12 16:37:36.677 26719 26821 W VideoCapabilities: Unrecognized level 32768 for video/x-vnd.on2.vp8
10-12 16:37:36.686 26719 26821 W VideoCapabilities: Unsupported mime video/wmv3
10-12 16:37:36.687 26719 26821 W VideoCapabilities: Unsupported mime video/wmv1
10-12 16:37:36.688 26719 26821 W VideoCapabilities: Unsupported mime video/wmv2
10-12 16:37:36.690 26719 26821 W VideoCapabilities: Unsupported mime video/x-ms-wmv
10-12 16:37:36.693 26719 26821 W VideoCapabilities: Unsupported mime video/wvc1
10-12 16:37:36.694 26719 26821 W Utils   : could not parse long range '1-'
10-12 16:37:36.703 26719 26821 I VideoCapabilities: Unsupported profile 4 for video/mp4v-es
10-12 16:37:36.709 26719 26821 W cr_MediaCodecUtil: HW encoder for video/avc is not available on this device.
10-12 16:37:37.275  2965  2986 D AutofillManagerService: Close system dialogs
10-12 16:37:37.280  2965  4723 I ActivityManager: START u0 {act=android.intent.action.MAIN cat=[android.intent.category.HOME] flg=0x10000000 cmp=com.android.launcher3/.Launcher (has extras)} from uid 10024
10-12 16:37:37.285  3123  3123 V StatusBar: mStatusBarWindow: com.android.systemui.statusbar.phone.StatusBarWindowView{b0a4d8f V.ED..... ........ 0,0-1360,31} canPanelBeCollapsed(): false
10-12 16:37:37.286  3123  3123 I vol.Events: writeEvent dismiss_dialog volume_controller
10-12 16:37:37.310  2763  2910 I [Gralloc]: framebuffer hal alread move to hwcomposer
10-12 16:37:37.320  2965  6148 I chatty  : uid=1000(system) RenderThread expire 4 lines
10-12 16:37:37.325  3544  3544 I Binder:3544_2: type=1400 audit(0.0:1153): avc: denied { read } for name="gralloc.odroidn2.so" dev="mmcblk0p12" ino=705 scontext=u:r:priv_app:s0:c512,c768 tcontext=u:object_r:vendor_file:s0 tclass=file permissive=1
10-12 16:37:37.325  3544  3544 I Binder:3544_2: type=1400 audit(0.0:1154): avc: denied { open } for path="/vendor/lib/hw/gralloc.odroidn2.so" dev="mmcblk0p12" ino=705 scontext=u:r:priv_app:s0:c512,c768 tcontext=u:object_r:vendor_file:s0 tclass=file permissive=1
10-12 16:37:37.363  2763  2910 I [Gralloc]: framebuffer hal alread move to hwcomposer
10-12 16:37:37.372  2763  2910 I [Gralloc]: framebuffer hal alread move to hwcomposer
10-12 16:37:37.373  2763  2910 E gralloc : ioctl c0144900 failed with code -1: Operation not permitted
10-12 16:37:37.376  2775  2815 I chatty  : uid=1000(system) Binder:2775_1 expire 6 lines
10-12 16:37:37.376 26719 26754 W libEGL  : EGLNativeWindowType 0xcf93f008 disconnect failed
10-12 16:37:37.376  2763  2910 I [Gralloc]: framebuffer hal alread move to hwcomposer
10-12 16:37:37.378  2763  2910 E gralloc : ioctl c0144900 failed with code -1: Operation not permitted
10-12 16:37:37.380  3544  3734 D mali_winsys: EGLint new_window_surface(egl_winsys_display *, void *, EGLSurface, EGLConfig, egl_winsys_surface **, EGLBoolean) returns 0x3000
10-12 16:37:37.395  2763  2910 I [Gralloc]: framebuffer hal alread move to hwcomposer
10-12 16:37:37.395  2763  2910 E gralloc : ioctl c0144900 failed with code -1: Operation not permitted
10-12 16:37:37.408  2763  2910 I [Gralloc]: framebuffer hal alread move to hwcomposer
10-12 16:37:37.409  2763  2910 E gralloc : ioctl c0144900 failed with code -1: Operation not permitted
10-12 16:37:37.422  2763  2910 I [Gralloc]: framebuffer hal alread move to hwcomposer
10-12 16:37:37.474  3544  3555 D StrictMode: StrictMode policy violation: android.os.strictmode.LeakedClosableViolation: A resource was acquired at attached stack trace but never released. See java.io.Closeable for information on avoiding resource leaks.
10-12 16:37:37.474  3544  3555 D StrictMode: 	at android.os.StrictMode$AndroidCloseGuardReporter.report(StrictMode.java:1788)
10-12 16:37:37.474  3544  3555 D StrictMode: 	at dalvik.system.CloseGuard.warnIfOpen(CloseGuard.java:264)
10-12 16:37:37.474  3544  3555 D StrictMode: 	at android.view.SurfaceControl.finalize(SurfaceControl.java:667)
10-12 16:37:37.474  3544  3555 D StrictMode: 	at java.lang.Daemons$FinalizerDaemon.doFinalize(Daemons.java:250)
10-12 16:37:37.474  3544  3555 D StrictMode: 	at java.lang.Daemons$FinalizerDaemon.runInternal(Daemons.java:237)
10-12 16:37:37.474  3544  3555 D StrictMode: 	at java.lang.Daemons$Daemon.run(Daemons.java:103)
10-12 16:37:37.474  3544  3555 D StrictMode: 	at java.lang.Thread.run(Thread.java:764)
10-12 16:37:37.474  3544  3555 D StrictMode: Caused by: java.lang.Throwable: Explicit termination method 'release' not called
10-12 16:37:37.474  3544  3555 D StrictMode: 	at dalvik.system.CloseGuard.open(CloseGuard.java:221)
10-12 16:37:37.474  3544  3555 D StrictMode: 	at android.view.SurfaceControl.<init>(SurfaceControl.java:621)
10-12 16:37:37.474  3544  3555 D StrictMode: 	at android.view.SurfaceControl.<init>(SurfaceControl.java:60)
10-12 16:37:37.474  3544  3555 D StrictMode: 	at android.view.SurfaceControl$1.createFromParcel(SurfaceControl.java:655)
10-12 16:37:37.474  3544  3555 D StrictMode: 	at android.view.SurfaceControl$1.createFromParcel(SurfaceControl.java:653)
10-12 16:37:37.474  3544  3555 D StrictMode: 	at android.os.Parcel.readParcelable(Parcel.java:2766)
10-12 16:37:37.474  3544  3555 D StrictMode: 	at android.view.RemoteAnimationTarget.<init>(RemoteAnimationTarget.java:149)
10-12 16:37:37.474  3544  3555 D StrictMode: 	at android.view.RemoteAnimationTarget$1.createFromParcel(RemoteAnimationTarget.java:212)
10-12 16:37:37.474  3544  3555 D StrictMode: 	at android.view.RemoteAnimationTarget$1.createFromParcel(RemoteAnimationTarget.java:210)
10-12 16:37:37.474  3544  3555 D StrictMode: 	at android.os.Parcel.readTypedObject(Parcel.java:2606)
10-12 16:37:37.474  3544  3555 D StrictMode: 	at android.os.Parcel.createTypedArray(Parcel.java:2568)
10-12 16:37:37.474  3544  3555 D StrictMode: 	at android.view.IRemoteAnimationRunner$Stub.onTransact(IRemoteAnimationRunner.java:56)
10-12 16:37:37.474  3544  3555 D StrictMode: 	at android.os.Binder.execTransact(Binder.java:731)
10-12 16:37:37.485  2965  2980 W BroadcastQueue: Background execution not allowed: receiving Intent { act=android.intent.action.DROPBOX_ENTRY_ADDED flg=0x10 (has extras) } to com.google.android.gms/.stats.service.DropBoxEntryAddedReceiver
10-12 16:37:37.486  2965  2980 W BroadcastQueue: Background execution not allowed: receiving Intent { act=android.intent.action.DROPBOX_ENTRY_ADDED flg=0x10 (has extras) } to com.google.android.gms/.chimera.GmsIntentOperationService$PersistentTrustedReceiver
10-12 16:37:37.492  2965  2980 W BroadcastQueue: Background execution not allowed: receiving Intent { act=android.intent.action.DROPBOX_ENTRY_ADDED flg=0x10 (has extras) } to com.google.android.gms/.stats.service.DropBoxEntryAddedReceiver
10-12 16:37:37.492  2965  2980 W BroadcastQueue: Background execution not allowed: receiving Intent { act=android.intent.action.DROPBOX_ENTRY_ADDED flg=0x10 (has extras) } to com.google.android.gms/.chimera.GmsIntentOperationService$PersistentTrustedReceiver
10-12 16:37:37.497  2965  2980 W BroadcastQueue: Background execution not allowed: receiving Intent { act=android.intent.action.DROPBOX_ENTRY_ADDED flg=0x10 (has extras) } to com.google.android.gms/.stats.service.DropBoxEntryAddedReceiver
10-12 16:37:37.498  2965  2980 W BroadcastQueue: Background execution not allowed: receiving Intent { act=android.intent.action.DROPBOX_ENTRY_ADDED flg=0x10 (has extras) } to com.google.android.gms/.chimera.GmsIntentOperationService$PersistentTrustedReceiver
10-12 16:37:37.500  2965  2980 W BroadcastQueue: Background execution not allowed: receiving Intent { act=android.intent.action.DROPBOX_ENTRY_ADDED flg=0x10 (has extras) } to com.google.android.gms/.stats.service.DropBoxEntryAddedReceiver
10-12 16:37:37.501  2965  2980 W BroadcastQueue: Background execution not allowed: receiving Intent { act=android.intent.action.DROPBOX_ENTRY_ADDED flg=0x10 (has extras) } to com.google.android.gms/.chimera.GmsIntentOperationService$PersistentTrustedReceiver
10-12 16:37:37.478  3544  3555 I chatty  : uid=10024(com.android.launcher3) FinalizerDaemon identical 2 lines
10-12 16:37:37.480  3544  3555 D StrictMode: StrictMode policy violation: android.os.strictmode.LeakedClosableViolation: A resource was acquired at attached stack trace but never released. See java.io.Closeable for information on avoiding resource leaks.
10-12 16:37:37.480  3544  3555 D StrictMode: 	at android.os.StrictMode$AndroidCloseGuardReporter.report(StrictMode.java:1788)
10-12 16:37:37.480  3544  3555 D StrictMode: 	at dalvik.system.CloseGuard.warnIfOpen(CloseGuard.java:264)
10-12 16:37:37.480  3544  3555 D StrictMode: 	at android.view.SurfaceControl.finalize(SurfaceControl.java:667)
10-12 16:37:37.480  3544  3555 D StrictMode: 	at java.lang.Daemons$FinalizerDaemon.doFinalize(Daemons.java:250)
10-12 16:37:37.480  3544  3555 D StrictMode: 	at java.lang.Daemons$FinalizerDaemon.runInternal(Daemons.java:237)
10-12 16:37:37.480  3544  3555 D StrictMode: 	at java.lang.Daemons$Daemon.run(Daemons.java:103)
10-12 16:37:37.480  3544  3555 D StrictMode: 	at java.lang.Thread.run(Thread.java:764)
10-12 16:37:37.480  3544  3555 D StrictMode: Caused by: java.lang.Throwable: Explicit termination method 'release' not called
10-12 16:37:37.480  3544  3555 D StrictMode: 	at dalvik.system.CloseGuard.open(CloseGuard.java:221)
10-12 16:37:37.480  3544  3555 D StrictMode: 	at android.view.SurfaceControl.<init>(SurfaceControl.java:621)
10-12 16:37:37.480  3544  3555 D StrictMode: 	at android.view.SurfaceControl.<init>(SurfaceControl.java:60)
10-12 16:37:37.480  3544  3555 D StrictMode: 	at android.view.SurfaceControl$1.createFromParcel(SurfaceControl.java:655)
10-12 16:37:37.480  3544  3555 D StrictMode: 	at android.view.SurfaceControl$1.createFromParcel(SurfaceControl.java:653)
10-12 16:37:37.480  3544  3555 D StrictMode: 	at android.os.Parcel.readParcelable(Parcel.java:2766)
10-12 16:37:37.480  3544  3555 D StrictMode: 	at android.view.RemoteAnimationTarget.<init>(RemoteAnimationTarget.java:149)
10-12 16:37:37.480  3544  3555 D StrictMode: 	at android.view.RemoteAnimationTarget$1.createFromParcel(RemoteAnimationTarget.java:212)
10-12 16:37:37.480  3544  3555 D StrictMode: 	at android.view.RemoteAnimationTarget$1.createFromParcel(RemoteAnimationTarget.java:210)
10-12 16:37:37.480  3544  3555 D StrictMode: 	at android.os.Parcel.readTypedObject(Parcel.java:2606)
10-12 16:37:37.480  3544  3555 D StrictMode: 	at android.os.Parcel.createTypedArray(Parcel.java:2568)
10-12 16:37:37.480  3544  3555 D StrictMode: 	at android.view.IRemoteAnimationRunner$Stub.onTransact(IRemoteAnimationRunner.java:56)
10-12 16:37:37.480  3544  3555 D StrictMode: 	at android.os.Binder.execTransact(Binder.java:731)
10-12 16:37:38.249  3544  3544 D InputEventConsistencyVerifier: GenericMotionEvent: Action button for ACTION_BUTTON_PRESS event is 1, but it has already been pressed and has yet to be released.
10-12 16:37:38.249  3544  3544 D InputEventConsistencyVerifier:   in com.android.launcher3.views.DoubleShadowBubbleTextView{f8cafc VFED..CL. ........ 603,524-804,655 #21}
10-12 16:37:38.249  3544  3544 D InputEventConsistencyVerifier:   0: sent at 3660224121000, MotionEvent { action=ACTION_BUTTON_PRESS, actionButton=BUTTON_PRIMARY, id[0]=0, x[0]=136.8418, y[0]=29.721191, toolType[0]=TOOL_TYPE_MOUSE, buttonState=BUTTON_PRIMARY, metaState=0, flags=0x0, edgeFlags=0x0, pointerCount=1, historySize=0, eventTime=3660224, downTime=3660224, deviceId=4, source=0x2002 }
10-12 16:37:38.249  3544  3544 D InputEventConsistencyVerifier:   -- recent events --
10-12 16:37:38.249  3544  3544 D InputEventConsistencyVerifier:   1: sent at 3656748123000, (unhandled) MotionEvent { action=ACTION_HOVER_EXIT, actionButton=0, id[0]=0, x[0]=201.64954, y[0]=13.472168, toolType[0]=TOOL_TYPE_MOUSE, buttonState=0, metaState=0, flags=0x0, edgeFlags=0x0, pointerCount=1, historySize=0, eventTime=3656748, downTime=3637072, deviceId=4, source=0x2002 }
10-12 16:37:38.249  3544  3544 D InputEventConsistencyVerifier:   2: sent at 3656748123000, (unhandled) MotionEvent { action=ACTION_HOVER_MOVE, actionButton=0, id[0]=0, x[0]=201.64954, y[0]=13.472168, toolType[0]=TOOL_TYPE_MOUSE, buttonState=0, metaState=0, flags=0x4, edgeFlags=0x0, pointerCount=1, historySize=1, eventTime=3656748, downTime=3637072, deviceId=4, source=0x2002 }
10-12 16:37:38.249  3544  3544 D InputEventConsistencyVerifier:   3: sent at 3656732117000, (unhandled) MotionEvent { action=ACTION_HOVER_MOVE, actionButton=0, id[0]=0, x[0]=181.13672, y[0]=43.09668, toolType[0]=TOOL_TYPE_MOUSE, buttonState=0, metaState=0, flags=0x0, edgeFlags=0x0, pointerCount=1, historySize=2, eventTime=3656732, downTime=3637072, deviceId=4, source=0x2002 }
10-12 16:37:38.249  3544  3544 D InputEventConsistencyVerifier:   4: sent at 3653356119000, (unhandled) MotionEvent { action=ACTION_HOVER_MOVE, actionButton=0, id[0]=0, x[0]=172.88, y[0]=59.05609, toolType[0]=TOOL_TYPE_MOUSE, buttonState=0, metaState=0, flags=0x0, edgeFlags=0x0, pointerCount=1, historySize=1, eventTime=3653356, downTime=3637072, deviceId=4, source=0x2002 }
10-12 16:37:38.249  3544  3544 D InputEventConsistencyVerifier:   5: sent at 3653340118000, (unhandled) MotionEvent { action=ACTION_HOVER_MOVE, actionButton=0, id[0]=0, x[0]=176.88, y[0]=61.05609, toolType[0]=TOOL_TYPE_MOUSE, buttonState=0, metaState=0, flags=0x0, edgeFlags=0x0, pointerCount=1, historySize=1, eventTime=3653340, downTime=3637072, deviceId=4, source=0x2002 }
10-12 16:37:38.392  3544  3544 D InputEventConsistencyVerifier: GenericMotionEvent: Action button for ACTION_BUTTON_RELEASE event is 1, but it was either never pressed or has already been released.
10-12 16:37:38.392  3544  3544 D InputEventConsistencyVerifier:   in com.android.launcher3.views.DoubleShadowBubbleTextView{dbb59df VFED..CL. ........ 603,131-804,262 #2c}
10-12 16:37:38.392  3544  3544 D InputEventConsistencyVerifier:   0: sent at 3660368122000, MotionEvent { action=ACTION_BUTTON_RELEASE, actionButton=BUTTON_PRIMARY, id[0]=0, x[0]=142.70251, y[0]=130.20428, toolType[0]=TOOL_TYPE_MOUSE, buttonState=0, metaState=0, flags=0x0, edgeFlags=0x0, pointerCount=1, historySize=0, eventTime=3660368, downTime=3660224, deviceId=4, source=0x2002 }
10-12 16:37:38.392  3544  3544 D InputEventConsistencyVerifier:   -- recent events --
10-12 16:37:38.392  3544  3544 D InputEventConsistencyVerifier:   1: sent at 3578208121000, (unhandled) MotionEvent { action=ACTION_HOVER_EXIT, actionButton=0, id[0]=0, x[0]=127.28003, y[0]=-32.30551, toolType[0]=TOOL_TYPE_MOUSE, buttonState=0, metaState=0, flags=0x0, edgeFlags=0x0, pointerCount=1, historySize=0, eventTime=3578208, downTime=1734536, deviceId=4, source=0x2002 }
10-12 16:37:38.392  3544  3544 D InputEventConsistencyVerifier:   2: sent at 3578208121000, (unhandled) MotionEvent { action=ACTION_HOVER_MOVE, actionButton=0, id[0]=0, x[0]=127.28003, y[0]=-32.30551, toolType[0]=TOOL_TYPE_MOUSE, buttonState=0, metaState=0, flags=0x4, edgeFlags=0x0, pointerCount=1, historySize=1, eventTime=3578208, downTime=1734536, deviceId=4, source=0x2002 }
10-12 16:37:38.392  3544  3544 D InputEventConsistencyVerifier:   3: sent at 3578192121000, (unhandled) MotionEvent { action=ACTION_HOVER_MOVE, actionButton=0, id[0]=0, x[0]=81.973206, y[0]=50.805664, toolType[0]=TOOL_TYPE_MOUSE, buttonState=0, metaState=0, flags=0x0, edgeFlags=0x0, pointerCount=1, historySize=1, eventTime=3578192, downTime=1734536, deviceId=4, source=0x2002 }
10-12 16:37:38.392  3544  3544 D InputEventConsistencyVerifier:   4: sent at 3578176120000, (unhandled) MotionEvent { action=ACTION_HOVER_MOVE, actionButton=0, id[0]=0, x[0]=47.137817, y[0]=115.74045, toolType[0]=TOOL_TYPE_MOUSE, buttonState=0, metaState=0, flags=0x0, edgeFlags=0x0, pointerCount=1, historySize=0, eventTime=3578176, downTime=1734536, deviceId=4, source=0x2002 }
10-12 16:37:38.392  3544  3544 D InputEventConsistencyVerifier:   5: sent at 3578176120000, (unhandled) MotionEvent { action=ACTION_HOVER_ENTER, actionButton=0, id[0]=0, x[0]=47.137817, y[0]=115.74045, toolType[0]=TOOL_TYPE_MOUSE, buttonState=0, metaState=0, flags=0x0, edgeFlags=0x0, pointerCount=1, historySize=0, eventTime=3578176, downTime=1734536, deviceId=4, source=0x2002 }
10-12 16:37:38.768  2965  7945 I ActivityManager: Killing 7763:com.android.vending:instant_app_installer/u0a63 (adj 904): empty for 2194s
10-12 16:37:38.769  2965  2983 I chatty  : uid=1000(system) ActivityManager expire 10 lines
10-12 16:37:38.777  2965  7945 I ActivityManager: Killing 26777:com.android.webview:sandboxed_process0/u0a54i7 (adj 900): remove task
10-12 16:37:38.777 26719 26754 E chromium: [ERROR:gl_context_virtual.cc(39)] Trying to make virtual context current without decoder.
10-12 16:37:38.778  2965  7945 I ActivityManager: Killing 26719:acr.browser.barebones/u0a54 (adj 900): remove task
10-12 16:37:38.812  2745  2745 I Zygote  : Process 7763 exited due to signal (9)
10-12 16:37:38.841  2965  7945 W ActivityManager: Scheduling restart of crashed service acr.browser.barebones/org.chromium.content.app.SandboxedProcessService0 in 1000ms
10-12 16:37:38.844  3131  3131 I Zygote  : Process 26777 exited due to signal (9)
10-12 16:37:38.897  2965  3041 I chatty  : uid=1000(system) InputDispatcher expire 2 lines
10-12 16:37:38.908  2965  2976 D ConnectivityService: ConnectivityService NetworkRequestInfo binderDied(NetworkRequest [ LISTEN id=207, [ Capabilities: INTERNET&NOT_RESTRICTED&TRUSTED Unwanted:  Uid: 10054] ], android.os.BinderProxy@cd205b9)
10-12 16:37:38.908  2965 18543 I WindowManager: WIN DEATH: Window{62628d u0 acr.browser.barebones/acr.browser.lightning.MainActivity}
10-12 16:37:38.908  2965 18543 I chatty  : uid=1000(system) Binder:2965_1A expire 1 line
10-12 16:37:38.912  2745  2745 I Zygote  : Process 26719 exited due to signal (9)
10-12 16:37:38.924  2965  2988 W ActivityManager: setHasOverlayUi called on unknown pid: 26719
10-12 16:37:39.053  3123  3407 D mali_winsys: EGLint new_window_surface(egl_winsys_display *, void *, EGLSurface, EGLConfig, egl_winsys_surface **, EGLBoolean) returns 0x3000
10-12 16:37:39.053  2763  2910 I [Gralloc]: framebuffer hal alread move to hwcomposer
10-12 16:37:39.058  2763  2910 I [Gralloc]: framebuffer hal alread move to hwcomposer
10-12 16:37:39.061  3123  3123 I RenderThread: type=1400 audit(0.0:1158): avc: denied { read } for name="gralloc.odroidn2.so" dev="mmcblk0p12" ino=705 scontext=u:r:platform_app:s0:c512,c768 tcontext=u:object_r:vendor_file:s0 tclass=file permissive=1
10-12 16:37:39.061  3123  3123 I RenderThread: type=1400 audit(0.0:1159): avc: denied { open } for path="/vendor/lib/hw/gralloc.odroidn2.so" dev="mmcblk0p12" ino=705 scontext=u:r:platform_app:s0:c512,c768 tcontext=u:object_r:vendor_file:s0 tclass=file permissive=1
10-12 16:37:39.061  3123  3123 I RenderThread: type=1400 audit(0.0:1160): avc: denied { getattr } for path="/vendor/lib/hw/gralloc.odroidn2.so" dev="mmcblk0p12" ino=705 scontext=u:r:platform_app:s0:c512,c768 tcontext=u:object_r:vendor_file:s0 tclass=file permissive=1
10-12 16:37:39.235  2965  3023 I ActivityManager: START u0 {cmp=com.android.systemui/.pip.phone.PipMenuActivity (has extras)} from uid 10018
10-12 16:37:39.235  2965  3023 W ActivityManager: startActivity called from non-Activity context; forcing Intent.FLAG_ACTIVITY_NEW_TASK for: Intent { flg=0x800000 cmp=com.android.systemui/.pip.phone.PipMenuActivity (has extras) }
10-12 16:37:39.238  2965  3023 W WindowManager: Ignoring move of always-on-top stack=com.android.server.wm.DisplayContent$TaskStackContainers@513dff7 to bottom
10-12 16:37:39.252  3123  3123 W ActivityThread: handleWindowVisibility: no activity for token android.os.BinderProxy@cb87ef
10-12 16:37:39.294  2763  2910 I [Gralloc]: framebuffer hal alread move to hwcomposer
10-12 16:37:39.294  3123  3407 D mali_winsys: EGLint new_window_surface(egl_winsys_display *, void *, EGLSurface, EGLConfig, egl_winsys_surface **, EGLBoolean) returns 0x3000
10-12 16:37:39.296  2763  2910 I [Gralloc]: framebuffer hal alread move to hwcomposer
10-12 16:37:39.307  2763  2910 I [Gralloc]: framebuffer hal alread move to hwcomposer
10-12 16:37:39.342  3123  3407 W libEGL  : EGLNativeWindowType 0xcbb2f808 disconnect failed
10-12 16:37:39.343  3123  3407 D mali_winsys: EGLint new_window_surface(egl_winsys_display *, void *, EGLSurface, EGLConfig, egl_winsys_surface **, EGLBoolean) returns 0x3000
10-12 16:37:39.343  2763  2910 I [Gralloc]: framebuffer hal alread move to hwcomposer
10-12 16:37:39.376  2763  2910 I [Gralloc]: framebuffer hal alread move to hwcomposer
10-12 16:37:39.384  3123  3407 W libEGL  : EGLNativeWindowType 0xcb8cf808 disconnect failed
10-12 16:37:39.390  2775  2817 W SurfaceFlinger: Attempting to destroy on removed layer: 1844475 pip-dismiss-overlay#0
10-12 16:37:39.436  2775  2815 E BufferQueueProducer: [com.google.android.youtube/com.google.android.apps.youtube.app.WatchWhileActivity#0] disconnect: not connected (req=1)
10-12 16:37:39.436  5742 15808 W libEGL  : EGLNativeWindowType 0xcb9c4808 disconnect failed
10-12 16:37:39.437  5742 15808 D mali_winsys: EGLint new_window_surface(egl_winsys_display *, void *, EGLSurface, EGLConfig, egl_winsys_surface **, EGLBoolean) returns 0x3000
10-12 16:37:39.444  2763  2910 I [Gralloc]: framebuffer hal alread move to hwcomposer
10-12 16:37:39.460  2775  2815 E BufferQueueProducer: [com.google.android.youtube/com.google.android.apps.youtube.app.WatchWhileActivity#0] disconnect: not connected (req=1)
10-12 16:37:39.460  5742 15808 W libEGL  : EGLNativeWindowType 0xcb9c4808 disconnect failed
10-12 16:37:39.460  5742 15808 D mali_winsys: EGLint new_window_surface(egl_winsys_display *, void *, EGLSurface, EGLConfig, egl_winsys_surface **, EGLBoolean) returns 0x3000
10-12 16:37:39.461  2763  2910 I [Gralloc]: framebuffer hal alread move to hwcomposer
10-12 16:37:39.473  2775  2817 E BufferQueueProducer: [com.google.android.youtube/com.google.android.apps.youtube.app.WatchWhileActivity#0] disconnect: not connected (req=1)
10-12 16:37:39.473  5742 15808 W libEGL  : EGLNativeWindowType 0xcb9c4808 disconnect failed
10-12 16:37:39.474  5742 15808 D mali_winsys: EGLint new_window_surface(egl_winsys_display *, void *, EGLSurface, EGLConfig, egl_winsys_surface **, EGLBoolean) returns 0x3000
10-12 16:37:39.474  2763  2910 I [Gralloc]: framebuffer hal alread move to hwcomposer
10-12 16:37:39.857  2763  2910 I [Gralloc]: framebuffer hal alread move to hwcomposer
10-12 16:37:39.853  2775  2775 I Binder:2775_1: type=1400 audit(0.0:1161): avc: denied { read } for name="gralloc.odroidn2.so" dev="mmcblk0p12" ino=705 scontext=u:r:surfaceflinger:s0 tcontext=u:object_r:vendor_file:s0 tclass=file permissive=1
10-12 16:37:39.853  2775  2775 I Binder:2775_1: type=1400 audit(0.0:1162): avc: denied { open } for path="/vendor/lib/hw/gralloc.odroidn2.so" dev="mmcblk0p12" ino=705 scontext=u:r:surfaceflinger:s0 tcontext=u:object_r:vendor_file:s0 tclass=file permissive=1
10-12 16:37:39.242  2965  3023 W WindowManager: Ignoring move of always-on-top stack=com.android.server.wm.DisplayContent$TaskStackContainers@513dff7 to bottom
10-12 16:37:40.923  3123  3123 D ViewRootImpl[NavigationBar]: updatePointerIcon called with position out of bounds
10-12 16:37:40.924  3123  3123 D ViewRootImpl[StatusBar]: updatePointerIcon called with position out of bounds
10-12 16:37:41.177  5742  5926 W YT.mediacache: Unable to sniff ChunkIndex extractor [CONTEXT ratelimit_period="5000 MILLISECONDS [skipped: 8]" ]
10-12 16:37:41.204  2965  3791 W ActivityManager: Duplicate finish request for ActivityRecord{9aafc0a u0 com.android.systemui/.pip.phone.PipMenuActivity t28 f}
10-12 16:37:41.258  3123  3123 I ndroid.systemu: Explicit concurrent copying GC freed 17224(919KB) AllocSpace objects, 0(0B) LOS objects, 49% free, 4MB/9MB, paused 66us total 50.028ms
10-12 16:37:41.259  3123  3139 W InputChannel-JNI: Input channel object 'pip_input_consumer (client)' was finalized without being disposed!
10-12 16:37:41.304  3123  3123 I ndroid.systemu: Explicit concurrent copying GC freed 602(72KB) AllocSpace objects, 0(0B) LOS objects, 49% free, 4MB/9MB, paused 69us total 43.876ms
10-12 16:37:41.318  2775  2817 E BufferQueueProducer: [com.android.systemui/com.android.systemui.pip.phone.PipMenuActivity#0] disconnect: not connected (req=1)
10-12 16:37:41.318  3123  3407 W libEGL  : EGLNativeWindowType 0xcbb2f808 disconnect failed
10-12 16:37:41.342  2775  3467 E BufferQueueProducer: [com.google.android.youtube/com.google.android.apps.youtube.app.WatchWhileActivity#0] disconnect: not connected (req=1)
10-12 16:37:41.342  5742 15808 W libEGL  : EGLNativeWindowType 0xcb9c4808 disconnect failed
10-12 16:37:41.342  5742 15808 D mali_winsys: EGLint new_window_surface(egl_winsys_display *, void *, EGLSurface, EGLConfig, egl_winsys_surface **, EGLBoolean) returns 0x3000
10-12 16:37:41.430  2763  2910 I [Gralloc]: framebuffer hal alread move to hwcomposer
10-12 16:37:41.509  2965  2976 D ConnectivityService: requestNetwork for uid/pid:10023/5742 NetworkRequest [ TRACK_DEFAULT id=208, [ Capabilities: INTERNET&NOT_RESTRICTED&TRUSTED Unwanted:  Uid: 10023] ]
10-12 16:37:41.483  2763  2910 I [Gralloc]: framebuffer hal alread move to hwcomposer
10-12 16:37:41.511  3184  3184 D PhoneSwitcherNetworkRequstListener: got request NetworkRequest [ TRACK_DEFAULT id=208, [ Capabilities: INTERNET&NOT_RESTRICTED&TRUSTED Unwanted:  Uid: 10023] ] with score 70
10-12 16:37:41.530  2965  2980 E NotificationService: Suppressing notification from package by user request.
10-12 16:37:41.533  3923  3923 D skia    : --- Failed to create image decoder with message 'unimplemented'
10-12 16:37:41.533  2965  3055 D ConnectivityService: releasing NetworkRequest [ TRACK_DEFAULT id=208, [ Capabilities: INTERNET&NOT_RESTRICTED&TRUSTED Unwanted:  Uid: 10023] ] (release request)
10-12 16:37:41.566  3923  3923 D skia    : --- Failed to create image decoder with message 'unimplemented'
10-12 16:37:41.557  3923  3923 I tutu.ABenchMark: type=1400 audit(0.0:1164): avc: denied { open } for path="/proc/stat" dev="proc" ino=4026531957 scontext=u:r:untrusted_app_27:s0:c512,c768 tcontext=u:object_r:proc_stat:s0 tclass=file permissive=1
10-12 16:37:41.628  2773  2923 D AudioFlinger: mixer(0xef603280) throttle end: throttle time(6)
10-12 16:37:41.557  3923  3923 I tutu.ABenchMark: type=1400 audit(0.0:1165): avc: denied { getattr } for path="/proc/stat" dev="proc" ino=4026531957 scontext=u:r:untrusted_app_27:s0:c512,c768 tcontext=u:object_r:proc_stat:s0 tclass=file permissive=1
10-12 16:37:41.689  2773  2923 D AudioFlinger: mixer(0xef603280) throttle end: throttle time(10)
10-12 16:37:41.557  3923  3923 I tutu.ABenchMark: type=1400 audit(0.0:1166): avc: denied { read } for name="temp" dev="sysfs" ino=8951 scontext=u:r:untrusted_app_27:s0:c512,c768 tcontext=u:object_r:sysfs:s0 tclass=file permissive=1
10-12 16:37:41.557  3923  3923 I tutu.ABenchMark: type=1400 audit(0.0:1167): avc: denied { open } for path="/sys/devices/virtual/thermal/thermal_zone0/temp" dev="sysfs" ino=8951 scontext=u:r:untrusted_app_27:s0:c512,c768 tcontext=u:object_r:sysfs:s0 tclass=file permissive=1
10-12 16:37:41.734  5742  5753 I android.youtub: Background concurrent copying GC freed 321445(19MB) AllocSpace objects, 155(4MB) LOS objects, 40% free, 35MB/59MB, paused 140us total 187.109ms
10-12 16:37:41.557  3923  3923 I tutu.ABenchMark: type=1400 audit(0.0:1168): avc: denied { getattr } for path="/sys/devices/virtual/thermal/thermal_zone0/temp" dev="sysfs" ino=8951 scontext=u:r:untrusted_app_27:s0:c512,c768 tcontext=u:object_r:sysfs:s0 tclass=file permissive=1
10-12 16:37:41.802  2965  2988 W WindowManager: Ignoring move of always-on-top stack=com.android.server.wm.DisplayContent$TaskStackContainers@513dff7 to bottom
10-12 16:37:41.825  2775  2815 E BufferQueueProducer: [com.android.launcher3/com.android.launcher3.Launcher#0] disconnect: not connected (req=1)
10-12 16:37:41.825  3544  3734 W libEGL  : EGLNativeWindowType 0xcf329008 disconnect failed
10-12 16:37:41.837  2775  3467 E BufferQueueProducer: [com.google.android.youtube/com.google.android.apps.youtube.app.WatchWhileActivity#0] disconnect: not connected (req=1)
10-12 16:37:41.837  5742 15808 W libEGL  : EGLNativeWindowType 0xcb9c4808 disconnect failed
10-12 16:37:41.838  5742 15808 D mali_winsys: EGLint new_window_surface(egl_winsys_display *, void *, EGLSurface, EGLConfig, egl_winsys_surface **, EGLBoolean) returns 0x3000
10-12 16:37:41.838  2763  2910 I [Gralloc]: framebuffer hal alread move to hwcomposer
10-12 16:37:41.891  2763  2910 I [Gralloc]: framebuffer hal alread move to hwcomposer
10-12 16:37:46.882  5742  5926 W YT.mediacache: Unable to sniff ChunkIndex extractor [CONTEXT ratelimit_period="5000 MILLISECONDS [skipped: 7]" ]
10-12 16:37:51.612  3923  3923 D skia    : --- Failed to create image decoder with message 'unimplemented'
10-12 16:37:51.625  3923  3923 D skia    : --- Failed to create image decoder with message 'unimplemented'
10-12 16:37:51.617  3923  3923 I tutu.ABenchMark: type=1400 audit(0.0:1169): avc: denied { open } for path="/proc/stat" dev="proc" ino=4026531957 scontext=u:r:untrusted_app_27:s0:c512,c768 tcontext=u:object_r:proc_stat:s0 tclass=file permissive=1
10-12 16:37:51.617  3923  3923 I tutu.ABenchMark: type=1400 audit(0.0:1170): avc: denied { getattr } for path="/proc/stat" dev="proc" ino=4026531957 scontext=u:r:untrusted_app_27:s0:c512,c768 tcontext=u:object_r:proc_stat:s0 tclass=file permissive=1
10-12 16:37:51.709  2773  2923 D AudioFlinger: mixer(0xef603280) throttle end: throttle time(7)
10-12 16:37:51.736  2773  2923 D AudioFlinger: mixer(0xef603280) throttle end: throttle time(5)
10-12 16:37:51.621  3923  3923 I tutu.ABenchMark: type=1400 audit(0.0:1171): avc: denied { read } for name="temp" dev="sysfs" ino=8951 scontext=u:r:untrusted_app_27:s0:c512,c768 tcontext=u:object_r:sysfs:s0 tclass=file permissive=1
10-12 16:37:51.621  3923  3923 I tutu.ABenchMark: type=1400 audit(0.0:1172): avc: denied { open } for path="/sys/devices/virtual/thermal/thermal_zone0/temp" dev="sysfs" ino=8951 scontext=u:r:untrusted_app_27:s0:c512,c768 tcontext=u:object_r:sysfs:s0 tclass=file permissive=1
10-12 16:37:51.621  3923  3923 I tutu.ABenchMark: type=1400 audit(0.0:1173): avc: denied { getattr } for path="/sys/devices/virtual/thermal/thermal_zone0/temp" dev="sysfs" ino=8951 scontext=u:r:untrusted_app_27:s0:c512,c768 tcontext=u:object_r:sysfs:s0 tclass=file permissive=1
10-12 16:37:52.257  5742  5926 W YT.mediacache: Unable to sniff ChunkIndex extractor [CONTEXT ratelimit_period="5000 MILLISECONDS [skipped: 6]" ]
10-12 16:37:41.803  2965  2988 W WindowManager: Ignoring move of always-on-top stack=com.android.server.wm.DisplayContent$TaskStackContainers@513dff7 to bottom
10-12 16:37:54.191  2798  2829 E storaged: getDiskStats failed with result NOT_SUPPORTED and size 0
10-12 16:37:58.895  5742  5926 W YT.mediacache: Unable to sniff ChunkIndex extractor [CONTEXT ratelimit_period="5000 MILLISECONDS [skipped: 7]" ]
10-12 16:37:59.132  5742  5742 E YT.mlplayer: MedialibPlayer.stopVideo()
10-12 16:37:59.132  2800 26179 I chatty  : uid=1046(mediacodec) omx@1.0-service expire 67 lines
10-12 16:37:59.133  5742  5742 E YT.mlplayer: MedialibPlayer.stopVideo()
10-12 16:37:59.138  5742  5742 I chatty  : uid=10023(com.google.android.youtube) identical 3 lines
10-12 16:37:59.141  5742  5742 E YT.mlplayer: MedialibPlayer.stopVideo()
10-12 16:37:59.141  5742  5781 W YouTube : Pinging https://s.youtube.com/api/stats/qoe?cl=335708953&ei=lgeEX-G6ItDO4QKnnazwAw&event=streamingstats&feature=relmfu&fexp=1714257%2C11221210%2C11221414%2C11221563%2C11222259%2C11222303%2C11222458%2C11223146%2C11223215%2C11223265%2C11223318%2C11223554%2C11223655%2C11223794%2C11223795%2C11223800%2C23735348%2C23744176%2C23839597%2C23857949%2C23862346%2C23873394%2C23876172%2C23880043%2C23882502%2C23884386%2C23885572%2C23888716%2C23890965%2C23903525%2C23915654%2C23916820%2C23918597%2C23928508%2C23930220%2C23934970%2C23935848%2C23935985%2C23938047%2C23942338%2C23942435%2C23942517%2C23943838%2C23944101%2C23944779%2C23946123%2C23946421%2C23946754%2C23947698%2C23948841%2C23950219%2C23950597%2C23951136%2C23953146%2C23953234%2C23955388%2C23956802%2C23957646%2C39783783%2C39788273%2C39789494%2C39792462%2C39792823%2C39793172%2C39793530%2C39793627%2C39793746%2C39793768%2C39793776%2C39793931%2C39794070%2C39794100&ns=yt&plid=AAWxdFzJiVxF3XGq&cpn=sevuL5amwSQPYxeG&cplatform=tablet&cbr=com.google.android.youtube&c=android&cmodel=odroidn2&cos=Android&csdk=28&cbrver=15.38.35&cver=15.38.35&cosver=9&cbrand=HardKernel%20Co.%2C%20Ltd.&vis=0.003:0,17.052:1,19.323:7,46.834:0&conn=0.014:1&vfs=0.306:244:244::i,17.054:244:242:244:r,20.056:244:278:244:r,46.941:244:244:244:r&cplayer=ANDROID_EXOPLAYER_V2&bh=17.054:23.43,20.056:30.43,30.394:30.15,46.941:33.55,60.394:39.79,64.757:35.68&cmt=30.394:28.948,60.394:58.946,64.757:63.955&fmt=244&vc=1515052480&afs=0.306:251::i&sur=0.254:3&view=0.306:881:496,17.054:476:267,46.941:882:496&bat=0.009:0.420:0,64.760:0.420:0&rate=0.182:1.0&vps=0.000:N,0.174:B,0.393:PL,64.757:N&bwm=0.393:221704:0.103,30.394:4526312:0.478,60.394:3324054:0.331&ctmp=pmqs:none&user_intent=0.177&seq=1&docid=(scrubbed)&referrer=(scrubbed)
10-12 16:37:59.185  5742  5742 W YouTube : CsiAction [anbr] already ticked ps_s. Ignored.
10-12 16:37:59.186  5742  5742 W YouTube : CsiAction [anbr] already ticked ogpd. Ignored.
10-12 16:37:59.242  2800 27135 I chatty  : uid=1046(mediacodec) omx@1.0-service expire 2 lines
10-12 16:37:59.285  2800 27140 I chatty  : uid=1046(mediacodec) omx@1.0-service expire 2 lines
10-12 16:37:59.288  5742  5742 E YT.mlplayer: MedialibPlayer.loadVideo(cpn=QbnJE1YQsuQIu0Ig playWhenReady=true positionMs=0 playerEvents=[97] videoId=scrubbed mediaView=109428522(0,0,882,496) volume=1.0)
10-12 16:37:59.300  2800  2875 I chatty  : uid=1046(mediacodec) HwBinder:2800_2 expire 80 lines
10-12 16:37:59.301  5742 26177 D SurfaceUtils: disconnecting from surface 0xc0cf4808, reason disconnectFromSurface
10-12 16:37:59.345  5742 27146 I OMXClient: IOmx service obtained
10-12 16:37:59.350  5742 27145 D SurfaceUtils: connecting to surface 0xc0cf4808, reason connectToSurface
10-12 16:37:59.350  5742 27145 I MediaCodec: [OMX.amlogic.vp9.decoder.awesome] setting surface generation to 5879815
10-12 16:37:59.350  5742 27145 D SurfaceUtils: disconnecting from surface 0xc0cf4808, reason connectToSurface(reconnect)
10-12 16:37:59.352  5742 27145 D SurfaceUtils: connecting to surface 0xc0cf4808, reason connectToSurface(reconnect)
10-12 16:37:59.352  5742 27146 I AmAVUtils: AmAVUtils::getComponentRole isEncoder :0 mime:video/x-vnd.on2.vp9 
10-12 16:37:59.352  5742 27146 V AVUtils : AVUtils::getComponentRole
10-12 16:37:59.353  5742 27146 E ACodec  : [OMX.amlogic.vp9.decoder.awesome] setPortMode on output to DynamicANWBuffer failed w/ err -2147483648
10-12 16:37:59.353  5742  5742 W YouTube : CsiAction [anbr] already ticked vmpcdms. Ignored.
10-12 16:37:59.354  5742  5742 W YouTube : CsiAction [anbr] already ticked vmpcdme. Ignored.
10-12 16:37:59.354  2800  2800 I chatty  : uid=1046(mediacodec) omx@1.0-service expire 9 lines
10-12 16:37:59.354  2800  2874 I chatty  : uid=1046(mediacodec) HwBinder:2800_1 expire 53 lines
10-12 16:37:59.354  2800  3304 I chatty  : uid=1046(mediacodec) HwBinder:2800_3 expire 12 lines
10-12 16:37:59.355  2800 16748 I chatty  : uid=1046(mediacodec) HwBinder:2800_5 expire 2 lines
10-12 16:37:59.356  5742 27146 I AmAVUtils: AmAVUtils::isAudioExtendFormat input = video/x-vnd.on2.vp9
10-12 16:37:59.356  5742 27146 I ACodec  : codec does not support config priority (err -1010)
10-12 16:37:59.356  5742 27146 I ACodec  : codec does not support config operating rate (err -1010)
10-12 16:37:59.360  5742  5742 W YouTube : CsiAction [anbr] already ticked mpl_s. Ignored.
10-12 16:37:59.361  3502  3516 W Icing   : isOptedInForAppHistory: empty Account Name encountered
10-12 16:37:59.361  2800 27147 I chatty  : uid=1046(mediacodec) omx@1.0-service expire 11 lines
10-12 16:37:59.363  2752  2752 W AshmemAllocator: ashmem_create_region(1048576) returning hidl_memory(0xf3718180, 1048576)
10-12 16:37:59.364  2752  2752 W AshmemAllocator: ashmem_create_region(1048576) returning hidl_memory(0xf3718180, 1048576)
10-12 16:37:59.366  2752  2752 W AshmemAllocator: ashmem_create_region(1048576) returning hidl_memory(0xf3718180, 1048576)
10-12 16:37:59.368  2800  2874 V OmxVideoDecoder: updatePort:portDef.format.video.nFrameWidth=1280,portDef.format.video.nFrameHeight=720
10-12 16:37:59.368  2800  2875 V OmxVideoDecoder: updatePort mUseNativeBuffers 1
10-12 16:37:59.368  2800  2875 D AmlogicVideoDecoderAwesome: get native buffer info NV:w:1280,h:720..
10-12 16:37:59.368  2800  2875 V OmxVideoDecoder: updatePort:portDef.format.video.nFrameWidth=1280,portDef.format.video.nFrameHeight=720
10-12 16:37:59.368  2800  3304 D OmxComponent: getExtensionIndex 1121 name="OMX.google.android.index.AndroidNativeBufferConsumerUsage"
10-12 16:37:59.368  2800  3304 D OmxVideoDecoder: setParameter 887 0x7f00000b
10-12 16:37:59.368  2800  3304 D OmxVideoDecoder: OMX_GoogleAndroidIndexAndroidNativeBufferConsumerUsage 0x900
10-12 16:37:59.368  2800  3304 D OmxComponent: getExtensionIndex 1121 name="OMX.google.android.index.getAndroidNativeBufferUsage"
10-12 16:37:59.368  5742 27146 D SurfaceUtils: disconnecting from surface 0xc0cf4808, reason setNativeWindowSizeFormatAndUsage
10-12 16:37:59.368  5742 27146 D SurfaceUtils: connecting to surface 0xc0cf4808, reason setNativeWindowSizeFormatAndUsage
10-12 16:37:59.369  5742 27146 D SurfaceUtils: set up nativeWindow 0xc0cf4808 for 1280x720, color 0x11, rotation 0, usage 0x402b00
10-12 16:37:59.369  2800  3304 D OmxVideoDecoder: setParameter 887 0x2000001
10-12 16:37:59.370  2800  3304 W OmxVideoDecoder: Can not read property media.omx.display_mode
10-12 16:37:59.370  2800  3304 D OmxVideoDecoder: update mAdaptiveMaxFrameWidth mAdaptiveMaxFrameHeight to 1280 x 720
10-12 16:37:59.370  2800  3304 D OmxVideoDecoder: setParameter nPortIndex 1 nFrameWidth 1280 nFrameHeight 720 nSliceHeight 720
10-12 16:37:59.370  2800  3304 V OmxVideoDecoder: updatePort mUseNativeBuffers 1
10-12 16:37:59.370  2800  3304 D AmlogicVideoDecoderAwesome: get native buffer info NV:w:1280,h:720..
10-12 16:37:59.370  2800  3304 V OmxVideoDecoder: updatePort:portDef.format.video.nFrameWidth=1280,portDef.format.video.nFrameHeight=720
10-12 16:37:59.370  2775  2817 W         : buffer descriptor with invalid usage bits 0x2000
10-12 16:37:59.370  2763  2910 I [Gralloc]: framebuffer hal alread move to hwcomposer
10-12 16:37:59.377  3502  3516 W Icing   : isOptedInForAppHistory: empty Account Name encountered
10-12 16:37:59.378  2800  3304 D OmxComponent: getExtensionIndex 1121 name="OMX.google.android.index.useAndroidNativeBuffer2"
10-12 16:37:59.378  2800  3304 V OmxVideoDecoder: updatePort mUseNativeBuffers 1
10-12 16:37:59.378  2800  3304 D AmlogicVideoDecoderAwesome: get native buffer info NV:w:1280,h:720..
10-12 16:37:59.378  2800  3304 V OmxVideoDecoder: updatePort:portDef.format.video.nFrameWidth=1280,portDef.format.video.nFrameHeight=720
10-12 16:37:59.378  2800 27147 I OmxComponent: STATE_TRANS: OMX_StateLoaded => OMX_StateIdle : OMX.amlogic.vp9.decoder.awesome
10-12 16:37:59.378  2775  2817 W         : buffer descriptor with invalid usage bits 0x2000
10-12 16:37:59.378  2763  2910 I [Gralloc]: framebuffer hal alread move to hwcomposer
10-12 16:37:59.381  2800  3304 D OmxComponent: getExtensionIndex 1121 name="OMX.google.android.index.useAndroidNativeBuffer2"
10-12 16:37:59.381  2800  3304 V OmxVideoDecoder: updatePort mUseNativeBuffers 1
10-12 16:37:59.381  2800  3304 D AmlogicVideoDecoderAwesome: get native buffer info NV:w:1280,h:720..
10-12 16:37:59.381  2800  3304 V OmxVideoDecoder: updatePort:portDef.format.video.nFrameWidth=1280,portDef.format.video.nFrameHeight=720
10-12 16:37:59.381  2800 27147 I OmxComponent: STATE_TRANS: OMX_StateLoaded => OMX_StateIdle : OMX.amlogic.vp9.decoder.awesome
10-12 16:37:59.381  2775  2962 W         : buffer descriptor with invalid usage bits 0x2000
10-12 16:37:59.382  2763  2910 I [Gralloc]: framebuffer hal alread move to hwcomposer
10-12 16:37:59.384  3502  7867 W Icing   : isOptedInForAppHistory: empty Account Name encountered
10-12 16:37:59.390  2800  3304 D OmxComponent: getExtensionIndex 1121 name="OMX.google.android.index.useAndroidNativeBuffer2"
10-12 16:37:59.390  2800  3304 V OmxVideoDecoder: updatePort mUseNativeBuffers 1
10-12 16:37:59.390  2800  3304 D AmlogicVideoDecoderAwesome: get native buffer info NV:w:1280,h:720..
10-12 16:37:59.390  2800  3304 V OmxVideoDecoder: updatePort:portDef.format.video.nFrameWidth=1280,portDef.format.video.nFrameHeight=720
10-12 16:37:59.390  2800 27147 I OmxComponent: STATE_TRANS: OMX_StateLoaded => OMX_StateIdle : OMX.amlogic.vp9.decoder.awesome
10-12 16:37:59.390  2775  2962 W         : buffer descriptor with invalid usage bits 0x2000
10-12 16:37:59.390  2763  2910 I [Gralloc]: framebuffer hal alread move to hwcomposer
10-12 16:37:59.394  2800  3304 D OmxComponent: getExtensionIndex 1121 name="OMX.google.android.index.useAndroidNativeBuffer2"
10-12 16:37:59.394  2800  3304 V OmxVideoDecoder: updatePort mUseNativeBuffers 1
10-12 16:37:59.394  2800  3304 D AmlogicVideoDecoderAwesome: get native buffer info NV:w:1280,h:720..
10-12 16:37:59.394  2800  3304 V OmxVideoDecoder: updatePort:portDef.format.video.nFrameWidth=1280,portDef.format.video.nFrameHeight=720
10-12 16:37:59.395  2800 27147 I OmxComponent: STATE_TRANS: OMX_StateLoaded => OMX_StateIdle : OMX.amlogic.vp9.decoder.awesome
10-12 16:37:59.395  2775  2815 W         : buffer descriptor with invalid usage bits 0x2000
10-12 16:37:59.395  2763  2910 I [Gralloc]: framebuffer hal alread move to hwcomposer
10-12 16:37:59.398  2800  3304 D OmxComponent: getExtensionIndex 1121 name="OMX.google.android.index.useAndroidNativeBuffer2"
10-12 16:37:59.398  2800  3304 V OmxVideoDecoder: updatePort mUseNativeBuffers 1
10-12 16:37:59.398  2800  3304 D AmlogicVideoDecoderAwesome: get native buffer info NV:w:1280,h:720..
10-12 16:37:59.398  2800  3304 V OmxVideoDecoder: updatePort:portDef.format.video.nFrameWidth=1280,portDef.format.video.nFrameHeight=720
10-12 16:37:59.398  2800 27147 I OmxComponent: STATE_TRANS: OMX_StateLoaded => OMX_StateIdle : OMX.amlogic.vp9.decoder.awesome
10-12 16:37:59.398  2775  2962 W         : buffer descriptor with invalid usage bits 0x2000
10-12 16:37:59.398  2763  2910 I [Gralloc]: framebuffer hal alread move to hwcomposer
10-12 16:37:59.402  2800  3304 D OmxComponent: getExtensionIndex 1121 name="OMX.google.android.index.useAndroidNativeBuffer2"
10-12 16:37:59.402  2800  3304 V OmxVideoDecoder: updatePort mUseNativeBuffers 1
10-12 16:37:59.402  2800  3304 D AmlogicVideoDecoderAwesome: get native buffer info NV:w:1280,h:720..
10-12 16:37:59.402  2800  3304 V OmxVideoDecoder: updatePort:portDef.format.video.nFrameWidth=1280,portDef.format.video.nFrameHeight=720
10-12 16:37:59.402  2800 27147 I OmxComponent: STATE_TRANS: OMX_StateLoaded => OMX_StateIdle : OMX.amlogic.vp9.decoder.awesome
10-12 16:37:59.402  2775  2962 W         : buffer descriptor with invalid usage bits 0x2000
10-12 16:37:59.402  2763  2910 I [Gralloc]: framebuffer hal alread move to hwcomposer
10-12 16:37:59.406  2800  3304 D OmxComponent: getExtensionIndex 1121 name="OMX.google.android.index.useAndroidNativeBuffer2"
10-12 16:37:59.406  2800  3304 V OmxVideoDecoder: updatePort mUseNativeBuffers 1
10-12 16:37:59.406  2800  3304 D AmlogicVideoDecoderAwesome: get native buffer info NV:w:1280,h:720..
