10-14 03:47:11.859 29897 29897 I locnall.KimGiSa: type=1400 audit(0.0:5019): avc: denied { open } for path="/proc/vmstat" dev="proc" ino=4026531993 scontext=u:r:untrusted_app:s0:c98,c256,c512,c768 tcontext=u:object_r:proc_vmstat:s0 tclass=file permissive=1
10-14 03:47:11.859 29897 29897 I locnall.KimGiSa: type=1400 audit(0.0:5020): avc: denied { getattr } for path="/proc/vmstat" dev="proc" ino=4026531993 scontext=u:r:untrusted_app:s0:c98,c256,c512,c768 tcontext=u:object_r:proc_vmstat:s0 tclass=file permissive=1
10-14 03:47:11.880 29897  1169 E chromium: [ERROR:devtools_http_handler.cc(292)] Cannot start http server for devtools. Stop devtools.
10-14 03:47:11.881 29897   490 W cr_CrashFileManager: /data/user/0/com.locnall.KimGiSa/cache/WebView/Crash Reports does not exist or is not a directory
10-14 03:47:11.906  1143  1143 I LoadedApk: No resource references to update in package com.android.webview
10-14 03:47:11.907  1143  1143 I cr_ChildProcessService: Creating new ChildProcessService pid=1143
10-14 03:47:11.914 29897 29897 I KOIN    : +-- 'f.m.a.h.e'
10-14 03:47:11.944 29897  1168 E cr_ApiBridge: Failed to init handler: Attempt to invoke virtual method 'java.lang.reflect.Constructor java.lang.Class.getDeclaredConstructor(java.lang.Class[])' on a null object reference
10-14 03:47:11.955 29897 29897 I KOIN    : +-- 'com.locnall.KimGiSa.analytics.BaseLogger'
10-14 03:47:11.957 29897 29897 D NaviXkakaoI: bindActivity: ComponentInfo{com.locnall.KimGiSa/com.locnall.KimGiSa.activity.WebViewActivity}
10-14 03:47:11.959 29897 29897 D NaviXkakaoI: contentViewState: NONE -> NONE accepted
10-14 03:47:11.960 29897 29897 D NaviXkakaoI: isSessionFinished change: true -> true UNKNOWN / false
10-14 03:47:11.962 29897 29897 I KOIN    : +-- 'com.locnall.KimGiSa.analytics.BaseLogger'
10-14 03:47:11.980 29897  1174 W AudioCapabilities: Unsupported mime audio/dtshd
10-14 03:47:11.980 29897 30032 E         : ApiException(url='https://app.i.kakao.com/api/client/auth/v0/sdk/getUser?check_term=true', code=204, handled=false)
10-14 03:47:11.982 29897  1174 W AudioCapabilities: Unsupported mime audio/ffmpeg
10-14 03:47:11.993 29897  1174 W VideoCapabilities: Unsupported mime video/x-vnd.on2.vp6a
10-14 03:47:11.995 29897  1174 W VideoCapabilities: Unsupported mime video/x-vnd.on2.vp6f
10-14 03:47:12.008 29897 30055 D mali_winsys: EGLint new_window_surface(egl_winsys_display *, void *, EGLSurface, EGLConfig, egl_winsys_surface **, EGLBoolean) returns 0x3000
10-14 03:47:12.008 29897  1174 W VideoCapabilities: Unsupported mime video/avs
10-14 03:47:12.008  2756  2902 I [Gralloc]: framebuffer hal alread move to hwcomposer
10-14 03:47:12.014  2756  2902 I chatty  : uid=1000(system) HwBinder:2756_1 identical 1 line
10-14 03:47:12.022  2756  2902 I [Gralloc]: framebuffer hal alread move to hwcomposer
10-14 03:47:12.025 29897  1174 W VideoCapabilities: Unrecognized profile 4 for video/hevc
10-14 03:47:12.027 29897  1174 W VideoCapabilities: Unsupported mime video/mjpeg
10-14 03:47:12.031 29897  1174 W VideoCapabilities: Unrecognized profile/level 0/3 for video/mpeg2
10-14 03:47:12.031 29897  1174 I VideoCapabilities: Unsupported profile 2 for video/mpeg2
10-14 03:47:12.031 29897  1174 I VideoCapabilities: Unsupported profile 3 for video/mpeg2
10-14 03:47:12.031 29897  1174 I VideoCapabilities: Unsupported profile 4 for video/mpeg2
10-14 03:47:12.031 29897  1174 I VideoCapabilities: Unsupported profile 5 for video/mpeg2
10-14 03:47:12.034 29897  1174 I VideoCapabilities: Unsupported profile 2 for video/mp4v-es
10-14 03:47:12.034 29897  1174 I VideoCapabilities: Unsupported profile 4 for video/mp4v-es
10-14 03:47:12.034 29897  1174 I VideoCapabilities: Unsupported profile 8 for video/mp4v-es
10-14 03:47:12.034 29897  1174 I VideoCapabilities: Unsupported profile 16 for video/mp4v-es
10-14 03:47:12.034 29897  1174 I VideoCapabilities: Unsupported profile 32 for video/mp4v-es
10-14 03:47:12.034 29897  1174 I VideoCapabilities: Unsupported profile 64 for video/mp4v-es
10-14 03:47:12.034 29897  1174 I VideoCapabilities: Unsupported profile 128 for video/mp4v-es
10-14 03:47:12.034 29897  1174 I VideoCapabilities: Unsupported profile 256 for video/mp4v-es
10-14 03:47:12.034 29897  1174 I VideoCapabilities: Unsupported profile 512 for video/mp4v-es
10-14 03:47:12.034 29897  1174 I VideoCapabilities: Unsupported profile 1024 for video/mp4v-es
10-14 03:47:12.034 29897  1174 I VideoCapabilities: Unsupported profile 2048 for video/mp4v-es
10-14 03:47:12.034 29897  1174 I VideoCapabilities: Unsupported profile 4096 for video/mp4v-es
10-14 03:47:12.034 29897  1174 I VideoCapabilities: Unsupported profile 8192 for video/mp4v-es
10-14 03:47:12.034 29897  1174 I VideoCapabilities: Unsupported profile 16384 for video/mp4v-es
10-14 03:47:12.037 29897  1174 W VideoCapabilities: Unsupported mime video/rm10
10-14 03:47:12.039 29897  1174 W VideoCapabilities: Unsupported mime video/rm20
10-14 03:47:12.041 29897  1174 W VideoCapabilities: Unsupported mime video/rm30
10-14 03:47:12.044 29897  1174 W VideoCapabilities: Unsupported mime video/rm40
10-14 03:47:12.045 29897  1174 W VideoCapabilities: Unsupported mime video/vc1
10-14 03:47:12.045 29897  1174 W Utils   : could not parse long range '1-'
10-14 03:47:12.047 29897  1174 W VideoCapabilities: Unrecognized level 16 for video/x-vnd.on2.vp8
10-14 03:47:12.047 29897  1174 W VideoCapabilities: Unrecognized level 32 for video/x-vnd.on2.vp8
10-14 03:47:12.047 29897  1174 W VideoCapabilities: Unrecognized level 64 for video/x-vnd.on2.vp8
10-14 03:47:12.047 29897  1174 W VideoCapabilities: Unrecognized level 128 for video/x-vnd.on2.vp8
10-14 03:47:12.047 29897  1174 W VideoCapabilities: Unrecognized level 256 for video/x-vnd.on2.vp8
10-14 03:47:12.047 29897  1174 W VideoCapabilities: Unrecognized level 512 for video/x-vnd.on2.vp8
10-14 03:47:12.047 29897  1174 W VideoCapabilities: Unrecognized level 1024 for video/x-vnd.on2.vp8
10-14 03:47:12.047 29897  1174 W VideoCapabilities: Unrecognized level 2048 for video/x-vnd.on2.vp8
10-14 03:47:12.048 29897  1174 W VideoCapabilities: Unrecognized level 4096 for video/x-vnd.on2.vp8
10-14 03:47:12.048 29897  1174 W VideoCapabilities: Unrecognized level 8192 for video/x-vnd.on2.vp8
10-14 03:47:12.048 29897  1174 W VideoCapabilities: Unrecognized level 16384 for video/x-vnd.on2.vp8
10-14 03:47:12.048 29897  1174 W VideoCapabilities: Unrecognized level 32768 for video/x-vnd.on2.vp8
10-14 03:47:12.061 29897  1174 W VideoCapabilities: Unsupported mime video/wmv3
10-14 03:47:12.063 29897  1174 W VideoCapabilities: Unsupported mime video/wmv1
10-14 03:47:12.063  2756  2902 I [Gralloc]: framebuffer hal alread move to hwcomposer
10-14 03:47:12.066 29897  1174 W VideoCapabilities: Unsupported mime video/wmv2
10-14 03:47:12.068  1143  1173 I cr_LibraryLoader: Time to load native libraries: 0 ms (timestamps 3914-3914)
10-14 03:47:12.070 29897  1174 W VideoCapabilities: Unsupported mime video/x-ms-wmv
10-14 03:47:12.071  1143  1173 I chromium: [INFO:library_loader_hooks.cc(36)] Chromium logging enabled: level = 0, default verbosity = 0
10-14 03:47:12.071  1143  1173 I cr_LibraryLoader: Expected native library version number "66.0.3359.158", actual native library version number "66.0.3359.158"
10-14 03:47:12.072 29897  1174 W VideoCapabilities: Unsupported mime video/wvc1
10-14 03:47:12.072 29897  1174 W Utils   : could not parse long range '1-'
10-14 03:47:12.076 29897 29897 D NaviXkakaoI: contentViewState: INIT -> NONE accepted
10-14 03:47:12.077 29897 29897 D NaviXkakaoI: isSessionFinished change: false -> true UNKNOWN / false
10-14 03:47:12.078 29897  1174 I VideoCapabilities: Unsupported profile 4 for video/mp4v-es
10-14 03:47:12.082 29897  1174 W cr_MediaCodecUtil: HW encoder for video/avc is not available on this device.
10-14 03:47:12.089  2756  2902 I [Gralloc]: framebuffer hal alread move to hwcomposer
10-14 03:47:12.099  2953  2977 I ActivityManager: Displayed com.locnall.KimGiSa/.activity.WebViewActivity: +331ms
10-14 03:47:12.106  2756  2902 I [Gralloc]: framebuffer hal alread move to hwcomposer
10-14 03:47:12.254  2756  2902 I [Gralloc]: framebuffer hal alread move to hwcomposer
10-14 03:47:12.255  2953  2953 I android.display: type=1400 audit(0.0:5021): avc: denied { read } for name="gralloc.odroidn2.so" dev="mmcblk0p12" ino=705 scontext=u:r:system_server:s0 tcontext=u:object_r:vendor_file:s0 tclass=file permissive=1
10-14 03:47:12.255  2953  2953 I android.display: type=1400 audit(0.0:5022): avc: denied { open } for path="/vendor/lib/hw/gralloc.odroidn2.so" dev="mmcblk0p12" ino=705 scontext=u:r:system_server:s0 tcontext=u:object_r:vendor_file:s0 tclass=file permissive=1
10-14 03:47:12.255  2953  2953 I android.display: type=1400 audit(0.0:5023): avc: denied { getattr } for path="/vendor/lib/hw/gralloc.odroidn2.so" dev="mmcblk0p12" ino=705 scontext=u:r:system_server:s0 tcontext=u:object_r:vendor_file:s0 tclass=file permissive=1
10-14 03:47:12.334 29897 29897 I chromium: [INFO:CONSOLE(4)] "A parser-blocking, cross site (i.e. different eTLD+1) script, https://t1.daumcdn.net/mapjsapi/js/main/4.2.1/v3.js, is invoked via document.write. The network request for this script MAY be blocked by the browser in this or a future page load due to poor network connectivity. If blocked in this page load, it will be confirmed in a subsequent console message. See https://www.chromestatus.com/feature/5718547946799104 for more details.", source: https://ssl.daumcdn.net/dmaps/map_js_init/v3.js (4)
10-14 03:47:12.335 29897 29897 I chromium: [INFO:CONSOLE(4)] "A parser-blocking, cross site (i.e. different eTLD+1) script, https://t1.daumcdn.net/mapjsapi/js/main/4.2.1/v3.js, is invoked via document.write. The network request for this script MAY be blocked by the browser in this or a future page load due to poor network connectivity. If blocked in this page load, it will be confirmed in a subsequent console message. See https://www.chromestatus.com/feature/5718547946799104 for more details.", source: https://ssl.daumcdn.net/dmaps/map_js_init/v3.js (4)
10-14 03:47:12.550  2768  2849 E BufferQueueProducer: [SurfaceView - com.locnall.KimGiSa/com.locnall.KimGiSa.activity.DestinationGuidanceActivity#0] disconnect: not connected (req=1)
10-14 03:47:12.550 29897  1011 W libEGL  : EGLNativeWindowType 0xc8f6f808 disconnect failed
10-14 03:47:12.553  2768  3293 E BufferQueueProducer: [com.locnall.KimGiSa/com.locnall.KimGiSa.activity.DestinationGuidanceActivity#0] disconnect: not connected (req=1)
10-14 03:47:12.553 29897 30055 W libEGL  : EGLNativeWindowType 0xc6a34008 disconnect failed
10-14 03:47:12.561 29897 29897 D NaviXkakaoI: unbindActivity: ComponentInfo{com.locnall.KimGiSa/com.locnall.KimGiSa.activity.DestinationGuidanceActivity}
10-14 03:47:12.562 29897 29897 D NaviXkakaoI: contentViewState: NONE -> NONE accepted
10-14 03:47:12.563 29897 29897 D NaviXkakaoI: isSessionFinished change: true -> true UNKNOWN / false
10-14 03:47:12.882 18890 18890 D skia    : --- Failed to create image decoder with message 'unimplemented'
10-14 03:47:12.891 18890 18890 I tutu.ABenchMark: type=1400 audit(0.0:5024): avc: denied { open } for path="/proc/stat" dev="proc" ino=4026531957 scontext=u:r:untrusted_app_27:s0:c512,c768 tcontext=u:object_r:proc_stat:s0 tclass=file permissive=1
10-14 03:47:12.895 18890 18890 I tutu.ABenchMark: type=1400 audit(0.0:5026): avc: denied { read } for name="temp" dev="sysfs" ino=8951 scontext=u:r:untrusted_app_27:s0:c512,c768 tcontext=u:object_r:sysfs:s0 tclass=file permissive=1
10-14 03:47:12.903 18890 18890 D skia    : --- Failed to create image decoder with message 'unimplemented'
10-14 03:47:14.169  2756  2902 I [Gralloc]: framebuffer hal alread move to hwcomposer
10-14 03:47:14.201  2756  2902 I [Gralloc]: framebuffer hal alread move to hwcomposer
10-14 03:47:14.167  2768  2768 I Binder:2768_1: type=1400 audit(0.0:5029): avc: denied { read } for name="gralloc.odroidn2.so" dev="mmcblk0p12" ino=705 scontext=u:r:surfaceflinger:s0 tcontext=u:object_r:vendor_file:s0 tclass=file permissive=1
10-14 03:47:14.803  2747  2888 D audio-subMixingFactory: out_standby_subMixingPCM: out_stream(0xee3ca000) usecase: STREAM_PCM_NORMAL
10-14 03:47:14.803  2747  2888 I audio-subMixingFactory: ++usecase_change_validate_l_sm(), dev usecase masks = 0x1, is_standby = 1, out usecase STREAM_PCM_NORMAL
10-14 03:47:14.803  2747  2888 I audio-subMixingFactory: --usecase_change_validate_l_sm(), dev usecase masks = 0, is_standby = 1, out usecase STREAM_PCM_NORMAL
10-14 03:47:14.803  2747  2888 I amlaudioMixer: ++delete_mixer_input_port port ID: 0
10-14 03:47:14.804  2747  2907 E amlaudioMixer: mixer_do_mixing_16bit(), sys or direct pcm must exist!!!
10-14 03:47:16.335  2756  2902 I [Gralloc]: framebuffer hal alread move to hwcomposer
10-14 03:47:17.064  2756  2902 I chatty  : uid=1000(system) HwBinder:2756_1 identical 2 lines
10-14 03:47:17.351  2756  2902 I [Gralloc]: framebuffer hal alread move to hwcomposer
10-14 03:47:17.559  2760  2760 I memtrack@1.0-se: type=1400 audit(0.0:5032): avc: denied { read } for name="mem_profile" dev="debugfs" ino=2850 scontext=u:r:hal_memtrack_default:s0 tcontext=u:object_r:debugfs:s0 tclass=file permissive=1
10-14 03:47:18.448  2747  7191 W amlaudioMixer: mixer_get_presentation_position(), port not ready now
10-14 03:47:18.448  2747  7191 W audio-subMixingFactory: out_get_presentation_position_port(), pts not valid yet
10-14 03:47:18.449  2747  7191 I audio-subMixingFactory: ++usecase_change_validate_l_sm: dev usecase masks = 0, out usecase_masks = 0, out usecase STREAM_PCM_NORMAL
10-14 03:47:18.449  2747  7191 I audio-subMixingFactory: ++++usecase_change_validate_l_sm(),continuous_audio_mode 0 dev usecase masks = 0, out usecase_masks = 0, out usecase STREAM_PCM_NORMAL
10-14 03:47:18.449  2747  7191 I audio-subMixingFactory: usecase_change_validate_l_sm(), mixer_aux_buffer_write_sm !
10-14 03:47:18.449  2747  7191 I audio-subMixingFactory: ----usecase_change_validate_l_sm(), continuous_audio_mode 0 dev usecase masks = 0x1, out usecase_masks = 0x1, out usecase STREAM_PCM_NORMAL
10-14 03:47:18.449  2747  7191 I aml_audio_port: get_input_port_index(), samplerate 48000
10-14 03:47:18.449  2747  7191 D aml_audio_port: new_input_port(), index:0, rbuf size:8192, direct_on:0
10-14 03:47:18.449  2747  7191 D aml_audio_port: new_input_port(), fmt 0x1, rate 48000
10-14 03:47:18.449  2747  7191 I amlaudioMixer: ++init_mixer_input_port port index 0, size 512 frames
10-14 03:47:18.449  2747  7191 I amlaudioMixer: init_mixer_input_port(), port->initial_frames: 137828352
10-14 03:47:18.449  2747  7191 I aml_audio_port: get_input_port_index(), samplerate 48000
10-14 03:47:18.449  2747  7191 I audio-subMixingFactory: mixer_aux_buffer_write_sm(), primary 0xee3ca000 port index = 0
10-14 03:47:18.449  2747  7191 I audio-subMixingFactory: padding_bytes 16384
10-14 03:47:18.449  2747  7191 I amlaudioMixer: port index 0 is active now
10-14 03:47:18.449  2747  7191 I audio-subMixingFactory: padding_bytes 14336
10-14 03:47:18.449  2747  7191 I audio-subMixingFactory: padding_bytes 12288
10-14 03:47:18.449  2747  7191 I audio-subMixingFactory: padding_bytes 10240
10-14 03:47:18.449  2747  7191 I audio-subMixingFactory: padding_bytes 8192
10-14 03:47:18.449  2747  7191 I audio-subMixingFactory: padding_bytes 6144
10-14 03:47:18.453  2747  7191 I audio-subMixingFactory: padding_bytes 4096
10-14 03:47:18.453  2747  7191 I audio-subMixingFactory: padding_bytes 2048
10-14 03:47:18.462  2747  7191 W amlaudioMixer: mixer_get_presentation_position(), not valid now
10-14 03:47:18.462  2747  7191 W audio-subMixingFactory: out_get_presentation_position_port(), pts not valid yet
10-14 03:47:18.473  2747  7191 W amlaudioMixer: mixer_get_presentation_position(), not valid now
10-14 03:47:18.473  2747  7191 W audio-subMixingFactory: out_get_presentation_position_port(), pts not valid yet
10-14 03:47:18.487  2766  2911 D AudioFlinger: mixer(0xeb583ac0) throttle end: throttle time(7)
10-14 03:47:18.559  2953  2970 D AutofillManagerService: onBackKeyPressed()
10-14 03:47:18.586 29897 29897 D NaviXkakaoI: bindActivity: ComponentInfo{com.locnall.KimGiSa/com.locnall.KimGiSa.activity.DestinationGuidanceActivity}
10-14 03:47:18.588 29897 29897 D NaviXkakaoI: contentViewState: NONE -> NONE accepted
10-14 03:47:18.588 29897 29897 D NaviXkakaoI: isSessionFinished change: true -> true UNKNOWN / false
10-14 03:47:18.604 29897 29897 D NaviXkakaoI: bindActivity: ComponentInfo{com.locnall.KimGiSa/com.locnall.KimGiSa.activity.DestinationGuidanceActivity}
10-14 03:47:18.610 29897 30538 E         : ApiException(url='https://app.i.kakao.com/api/client/auth/v0/sdk/getUser?check_term=true', code=204, handled=false)
10-14 03:47:18.617 29897 30055 D mali_winsys: EGLint new_window_surface(egl_winsys_display *, void *, EGLSurface, EGLConfig, egl_winsys_surface **, EGLBoolean) returns 0x3000
10-14 03:47:18.619 29897  1011 D mali_winsys: EGLint new_window_surface(egl_winsys_display *, void *, EGLSurface, EGLConfig, egl_winsys_surface **, EGLBoolean) returns 0x3000
10-14 03:47:18.623  2756  2902 I [Gralloc]: framebuffer hal alread move to hwcomposer
10-14 03:47:18.627 29897 30032 E         : ApiException(url='https://app.i.kakao.com/api/client/auth/v0/sdk/getUser?check_term=true', code=204, handled=false)
10-14 03:47:18.635  2768  3293 E BufferQueueProducer: [SurfaceView - com.locnall.KimGiSa/com.locnall.KimGiSa.activity.DestinationGuidanceActivity#0] disconnect: not connected (req=1)
10-14 03:47:18.635 29897  1011 W libEGL  : EGLNativeWindowType 0xbdaee008 disconnect failed
10-14 03:47:18.636 29897  1011 D mali_winsys: EGLint new_window_surface(egl_winsys_display *, void *, EGLSurface, EGLConfig, egl_winsys_surface **, EGLBoolean) returns 0x3000
10-14 03:47:18.639  2756  2902 I [Gralloc]: framebuffer hal alread move to hwcomposer
10-14 03:47:18.649  2756  2902 I chatty  : uid=1000(system) HwBinder:2756_1 identical 1 line
10-14 03:47:18.658  2756  2902 I [Gralloc]: framebuffer hal alread move to hwcomposer
10-14 03:47:18.658  2756  2902 E gralloc : ioctl c0144900 failed with code -1: Operation not permitted
10-14 03:47:18.667  2756  2903 I [Gralloc]: framebuffer hal alread move to hwcomposer
10-14 03:47:18.667  2756  2902 I [Gralloc]: framebuffer hal alread move to hwcomposer
10-14 03:47:18.667  2756  2903 E gralloc : ioctl c0144900 failed with code -1: Operation not permitted
10-14 03:47:18.674  2756  2902 I [Gralloc]: framebuffer hal alread move to hwcomposer
10-14 03:47:18.674  2756  2902 E gralloc : ioctl c0144900 failed with code -1: Operation not permitted
10-14 03:47:19.153  2768  3293 E BufferQueueProducer: [com.locnall.KimGiSa/com.locnall.KimGiSa.activity.WebViewActivity#0] disconnect: not connected (req=1)
10-14 03:47:19.153 29897 30055 W libEGL  : EGLNativeWindowType 0xcca4c808 disconnect failed
10-14 03:47:19.167 29897 29897 D NaviXkakaoI: unbindActivity: ComponentInfo{com.locnall.KimGiSa/com.locnall.KimGiSa.activity.WebViewActivity}
10-14 03:47:19.168 29897 29897 D NaviXkakaoI: contentViewState: NONE -> NONE accepted
10-14 03:47:19.169 29897 29897 D NaviXkakaoI: isSessionFinished change: true -> true UNKNOWN / false
10-14 03:47:19.187 29897 30055 E chromium: [ERROR:gl_context_virtual.cc(39)] Trying to make virtual context current without decoder.
10-14 03:47:19.189 29897 29897 D NaviXkakaoI: unbindActivity: ComponentInfo{com.locnall.KimGiSa/com.locnall.KimGiSa.activity.WebViewActivity}
10-14 03:47:19.189 29897 29897 D NaviXkakaoI: contentViewState: NONE -> NONE accepted
10-14 03:47:19.189 29897 29897 D NaviXkakaoI: isSessionFinished change: true -> true UNKNOWN / false
10-14 03:47:19.211  2953  2966 I ActivityManager: Killing 1143:com.android.webview:sandboxed_process0/u0a98i33 (adj 0): isolated not needed
10-14 03:47:19.211  2953  2972 W libprocessgroup: Failed to open process cgroup uid 99033 pid 1143: No such file or directory
10-14 03:47:19.211  2953  2972 E libprocessgroup: Error encountered killing process cgroup uid 99033 pid 1143: No such file or directory
10-14 03:47:19.235  3121  3121 I Zygote  : Process 1143 exited cleanly (0)
10-14 03:47:20.162  2756  2902 I [Gralloc]: framebuffer hal alread move to hwcomposer
10-14 03:47:21.479  2953  4883 I ActivityManager: START u0 {cmp=com.locnall.KimGiSa/.activity.SearchAroundActivity (has extras)} from uid 10098
10-14 03:47:21.330  2756  2902 I chatty  : uid=1000(system) HwBinder:2756_1 identical 1 line
10-14 03:47:21.483  2756  2902 I [Gralloc]: framebuffer hal alread move to hwcomposer
10-14 03:47:21.503 29897 29897 W ActivityThread: handleWindowVisibility: no activity for token android.os.BinderProxy@56623c
10-14 03:47:21.565 29897 29897 D NaviXkakaoI: contentViewState: NONE -> INIT accepted
10-14 03:47:21.596 29897 29897 I KOIN    : +-- 'f.m.a.x.c.c'
10-14 03:47:21.597 29897 29897 I KOIN    : |	+-- 'f.m.a.x.c.u'
10-14 03:47:21.597 29897 29897 I KOIN    : |	\-- (*) Created
10-14 03:47:21.598 29897 29897 I KOIN    : \-- (*) Created
10-14 03:47:21.671 29897 29897 I KOIN    : +-- 'com.locnall.KimGiSa.analytics.BaseLogger'
10-14 03:47:21.675 29897 29897 D NaviXkakaoI: bindActivity: ComponentInfo{com.locnall.KimGiSa/com.locnall.KimGiSa.activity.SearchAroundActivity}
10-14 03:47:21.677 29897 29897 D NaviXkakaoI: contentViewState: NONE -> NONE accepted
10-14 03:47:21.678 29897 29897 D NaviXkakaoI: isSessionFinished change: true -> true UNKNOWN / false
10-14 03:47:21.699  2756  2902 I [Gralloc]: framebuffer hal alread move to hwcomposer
10-14 03:47:21.699 29897 30032 E         : ApiException(url='https://app.i.kakao.com/api/client/auth/v0/sdk/getUser?check_term=true', code=204, handled=false)
10-14 03:47:21.703  2756  2902 I [Gralloc]: framebuffer hal alread move to hwcomposer
10-14 03:47:21.707  2756  2902 I [Gralloc]: framebuffer hal alread move to hwcomposer
10-14 03:47:21.711 29897 30055 D mali_winsys: EGLint new_window_surface(egl_winsys_display *, void *, EGLSurface, EGLConfig, egl_winsys_surface **, EGLBoolean) returns 0x3000
10-14 03:47:21.782  2768  2768 D SurfaceFlinger: duplicate layer name: changing com.locnall.KimGiSa/com.locnall.KimGiSa.activity.SearchAroundActivity to com.locnall.KimGiSa/com.locnall.KimGiSa.activity.SearchAroundActivity#1
10-14 03:47:21.785 29897 30055 D mali_winsys: EGLint new_window_surface(egl_winsys_display *, void *, EGLSurface, EGLConfig, egl_winsys_surface **, EGLBoolean) returns 0x3000
10-14 03:47:21.786 29897 29897 E RecyclerView: No adapter attached; skipping layout
10-14 03:47:21.786 29897 29897 E RecyclerView: No adapter attached; skipping layout
10-14 03:47:21.792  2768  2849 E BufferQueueProducer: [com.locnall.KimGiSa/com.locnall.KimGiSa.activity.SearchAroundActivity#0] disconnect: not connected (req=1)
10-14 03:47:21.792 29897 30055 W libEGL  : EGLNativeWindowType 0xc7b17808 disconnect failed
10-14 03:47:21.808  2756  2902 I [Gralloc]: framebuffer hal alread move to hwcomposer
10-14 03:47:21.818 29897 29897 D NaviXkakaoI: contentViewState: INIT -> NONE accepted
10-14 03:47:21.819 29897 29897 D NaviXkakaoI: isSessionFinished change: false -> true UNKNOWN / false
10-14 03:47:21.833  2953  2977 I ActivityManager: Displayed com.locnall.KimGiSa/.activity.SearchAroundActivity: +335ms
10-14 03:47:21.881  2756  2902 I [Gralloc]: framebuffer hal alread move to hwcomposer
10-14 03:47:21.899  2756  2902 I chatty  : uid=1000(system) HwBinder:2756_1 identical 1 line
10-14 03:47:21.900  2756  2902 I [Gralloc]: framebuffer hal alread move to hwcomposer
10-14 03:47:21.901  2756  2903 I [Gralloc]: framebuffer hal alread move to hwcomposer
10-14 03:47:21.903 29897 30055 D mali_winsys: EGLint new_window_surface(egl_winsys_display *, void *, EGLSurface, EGLConfig, egl_winsys_surface **, EGLBoolean) returns 0x3000
10-14 03:47:21.906  2756  2903 I [Gralloc]: framebuffer hal alread move to hwcomposer
10-14 03:47:21.929  2756  2903 I chatty  : uid=1000(system) HwBinder:2756_2 identical 1 line
10-14 03:47:22.011  2756  2903 I [Gralloc]: framebuffer hal alread move to hwcomposer
10-14 03:47:22.077  2768  2950 W SurfaceFlinger: Attempting to set client state on removed layer: Surface(name=e748aae com.locnall.KimGiSa/com.locnall.KimGiSa.activity.SearchAroundActivity)/@0x7de926b - animation-leash#0
10-14 03:47:22.077  2768  2950 W SurfaceFlinger: Attempting to set client state on removed layer: Surface(name=Dim Layer for - Task=54)/@0xff08261 - animation-leash#0
10-14 03:47:22.077  2768  2950 W SurfaceFlinger: Attempting to destroy on removed layer: Surface(name=e748aae com.locnall.KimGiSa/com.locnall.KimGiSa.activity.SearchAroundActivity)/@0x7de926b - animation-leash#0
10-14 03:47:22.077  2768  2950 W SurfaceFlinger: Attempting to destroy on removed layer: Surface(name=Dim Layer for - Task=54)/@0xff08261 - animation-leash#0
10-14 03:47:22.102  2768  3557 E BufferQueueProducer: [com.locnall.KimGiSa/com.locnall.KimGiSa.activity.SearchAroundActivity#0] disconnect: not connected (req=1)
10-14 03:47:22.102 29897 30055 W libEGL  : EGLNativeWindowType 0xc7b17808 disconnect failed
10-14 03:47:22.116 29897 29897 I KOIN    : +-- 'com.locnall.KimGiSa.analytics.BaseLogger'
10-14 03:47:22.262 29897 29908 I locnall.KimGiS: Background concurrent copying GC freed 396492(15MB) AllocSpace objects, 84(7MB) LOS objects, 32% free, 50MB/74MB, paused 150us total 195.742ms
10-14 03:47:22.265  2768  2841 W SurfaceFlinger: Attempting to set client state on removed layer: com.locnall.KimGiSa/com.locnall.KimGiSa.activity.SearchAroundActivity#0
10-14 03:47:22.265  2768  2841 W SurfaceFlinger: Attempting to set client state on removed layer: Dim Layer for - Task=54#0
10-14 03:47:22.265  2768  2841 W SurfaceFlinger: Attempting to destroy on removed layer: com.locnall.KimGiSa/com.locnall.KimGiSa.activity.SearchAroundActivity#0
10-14 03:47:22.265  2768  2841 W SurfaceFlinger: Attempting to destroy on removed layer: Dim Layer for - Task=54#0
10-14 03:47:22.286  2768  3557 E BufferQueueProducer: [SurfaceView - com.locnall.KimGiSa/com.locnall.KimGiSa.activity.DestinationGuidanceActivity#0] disconnect: not connected (req=1)
10-14 03:47:22.286 29897  1011 W libEGL  : EGLNativeWindowType 0xbdaee008 disconnect failed
10-14 03:47:22.289  2768  3557 E BufferQueueProducer: [com.locnall.KimGiSa/com.locnall.KimGiSa.activity.DestinationGuidanceActivity#0] disconnect: not connected (req=1)
10-14 03:47:22.289 29897 30055 W libEGL  : EGLNativeWindowType 0xc6a34008 disconnect failed
10-14 03:47:22.294 29897 29897 D NaviXkakaoI: unbindActivity: ComponentInfo{com.locnall.KimGiSa/com.locnall.KimGiSa.activity.DestinationGuidanceActivity}
10-14 03:47:22.294 29897 29897 D NaviXkakaoI: contentViewState: NONE -> NONE accepted
10-14 03:47:22.295 29897 29897 D NaviXkakaoI: isSessionFinished change: true -> true UNKNOWN / false
10-14 03:47:22.753 29897 29897 W ViewRootImpl[DestinationGuidanceActivity]: Cancelling event due to no window focus: MotionEvent { action=ACTION_CANCEL, actionButton=0, id[0]=0, x[0]=314.9701, y[0]=530.0781, toolType[0]=TOOL_TYPE_MOUSE, buttonState=0, metaState=0, flags=0x0, edgeFlags=0x0, pointerCount=1, historySize=0, eventTime=12894619, downTime=12893195, deviceId=4, source=0x2002 }
10-14 03:47:22.770  2756  2903 I [Gralloc]: framebuffer hal alread move to hwcomposer
10-14 03:47:22.767  2953  2953 I android.display: type=1400 audit(0.0:5035): avc: denied { read } for name="gralloc.odroidn2.so" dev="mmcblk0p12" ino=705 scontext=u:r:system_server:s0 tcontext=u:object_r:vendor_file:s0 tclass=file permissive=1
10-14 03:47:22.914 18890 18890 D skia    : --- Failed to create image decoder with message 'unimplemented'
10-14 03:47:22.926 18890 18890 D skia    : --- Failed to create image decoder with message 'unimplemented'
10-14 03:47:22.919 18890 18890 I tutu.ABenchMark: type=1400 audit(0.0:5038): avc: denied { open } for path="/proc/stat" dev="proc" ino=4026531957 scontext=u:r:untrusted_app_27:s0:c512,c768 tcontext=u:object_r:proc_stat:s0 tclass=file permissive=1
10-14 03:47:22.923 18890 18890 I tutu.ABenchMark: type=1400 audit(0.0:5040): avc: denied { read } for name="temp" dev="sysfs" ino=8951 scontext=u:r:untrusted_app_27:s0:c512,c768 tcontext=u:object_r:sysfs:s0 tclass=file permissive=1
10-14 03:47:23.092  2756  2903 I [Gralloc]: framebuffer hal alread move to hwcomposer
10-14 03:47:24.565  2747  2888 D audio-subMixingFactory: out_standby_subMixingPCM: out_stream(0xee3ca000) usecase: STREAM_PCM_NORMAL
10-14 03:47:24.565  2747  2888 I audio-subMixingFactory: ++usecase_change_validate_l_sm(), dev usecase masks = 0x1, is_standby = 1, out usecase STREAM_PCM_NORMAL
10-14 03:47:24.565  2747  2888 I audio-subMixingFactory: --usecase_change_validate_l_sm(), dev usecase masks = 0, is_standby = 1, out usecase STREAM_PCM_NORMAL
10-14 03:47:24.566  2747  2888 I amlaudioMixer: ++delete_mixer_input_port port ID: 0
10-14 03:47:28.116  2747  7191 W amlaudioMixer: mixer_get_presentation_position(), port not ready now
10-14 03:47:28.116  2747  7191 W audio-subMixingFactory: out_get_presentation_position_port(), pts not valid yet
10-14 03:47:28.117  2747  7191 I audio-subMixingFactory: ++usecase_change_validate_l_sm: dev usecase masks = 0, out usecase_masks = 0, out usecase STREAM_PCM_NORMAL
10-14 03:47:28.117  2747  7191 I audio-subMixingFactory: ++++usecase_change_validate_l_sm(),continuous_audio_mode 0 dev usecase masks = 0, out usecase_masks = 0, out usecase STREAM_PCM_NORMAL
10-14 03:47:28.117  2747  7191 I audio-subMixingFactory: usecase_change_validate_l_sm(), mixer_aux_buffer_write_sm !
10-14 03:47:28.117  2747  7191 I audio-subMixingFactory: ----usecase_change_validate_l_sm(), continuous_audio_mode 0 dev usecase masks = 0x1, out usecase_masks = 0x1, out usecase STREAM_PCM_NORMAL
10-14 03:47:22.753 29897 29897 I chatty  : uid=10098(com.locnall.KimGiSa) identical 2 lines
10-14 03:47:22.754 29897 29897 W ViewRootImpl[DestinationGuidanceActivity]: Cancelling event due to no window focus: MotionEvent { action=ACTION_CANCEL, actionButton=0, id[0]=0, x[0]=314.9701, y[0]=530.0781, toolType[0]=TOOL_TYPE_MOUSE, buttonState=0, metaState=0, flags=0x0, edgeFlags=0x0, pointerCount=1, historySize=0, eventTime=12894619, downTime=12893195, deviceId=4, source=0x2002 }
10-14 03:47:28.117  2953  2966 I ActivityManager: START u0 {cmp=com.locnall.KimGiSa/.activity.WebViewActivity (has extras)} from uid 10098
10-14 03:47:28.117  2747  7191 I aml_audio_port: get_input_port_index(), samplerate 48000
10-14 03:47:28.117  2747  7191 D aml_audio_port: new_input_port(), index:0, rbuf size:8192, direct_on:0
10-14 03:47:28.117  2747  7191 D aml_audio_port: new_input_port(), fmt 0x1, rate 48000
10-14 03:47:28.117  2747  7191 I amlaudioMixer: ++init_mixer_input_port port index 0, size 512 frames
10-14 03:47:28.117  2747  7191 I amlaudioMixer: init_mixer_input_port(), port->initial_frames: 138123264
10-14 03:47:28.117  2747  7191 I aml_audio_port: get_input_port_index(), samplerate 48000
10-14 03:47:28.117  2747  7191 I audio-subMixingFactory: mixer_aux_buffer_write_sm(), primary 0xee3ca000 port index = 0
10-14 03:47:28.117  2747  7191 I audio-subMixingFactory: padding_bytes 16384
10-14 03:47:28.117  2747  7191 I amlaudioMixer: port index 0 is active now
10-14 03:47:28.117  2747  7191 I audio-subMixingFactory: padding_bytes 14336
10-14 03:47:28.117  2747  7191 I audio-subMixingFactory: padding_bytes 12288
10-14 03:47:28.117  2747  7191 I audio-subMixingFactory: padding_bytes 10240
10-14 03:47:28.117  2747  7191 I audio-subMixingFactory: padding_bytes 8192
10-14 03:47:28.118  2747  7191 I audio-subMixingFactory: padding_bytes 6144
10-14 03:47:28.122  2747  7191 I audio-subMixingFactory: padding_bytes 4096
10-14 03:47:28.125  2747  7191 I audio-subMixingFactory: padding_bytes 2048
10-14 03:47:28.134 29897 29897 W ActivityThread: handleWindowVisibility: no activity for token android.os.BinderProxy@c35754e
10-14 03:47:28.135  2747  7191 W amlaudioMixer: mixer_get_presentation_position(), not valid now
10-14 03:47:28.135  2747  7191 W audio-subMixingFactory: out_get_presentation_position_port(), pts not valid yet
10-14 03:47:28.146  2747  7191 W amlaudioMixer: mixer_get_presentation_position(), not valid now
10-14 03:47:28.146  2747  7191 W audio-subMixingFactory: out_get_presentation_position_port(), pts not valid yet
10-14 03:47:28.160  2766  2911 D AudioFlinger: mixer(0xeb583ac0) throttle end: throttle time(7)
10-14 03:47:28.174 29897 29897 D NaviXkakaoI: contentViewState: NONE -> INIT accepted
10-14 03:47:28.192 29897 29897 I KOIN    : +-- 'f.m.a.h.e'
10-14 03:47:28.216  2953  2971 I ActivityManager: Start proc 1829:com.android.webview:sandboxed_process1/u0i34 for webview_service com.locnall.KimGiSa/org.chromium.content.app.SandboxedProcessService1
10-14 03:47:28.218 29897 29897 I KOIN    : +-- 'com.locnall.KimGiSa.analytics.BaseLogger'
10-14 03:47:28.219  1829  1829 I Zygote  : seccomp disabled by setenforce 0
10-14 03:47:28.219 29897 29897 D NaviXkakaoI: bindActivity: ComponentInfo{com.locnall.KimGiSa/com.locnall.KimGiSa.activity.WebViewActivity}
10-14 03:47:28.219 29897 29897 D NaviXkakaoI: contentViewState: NONE -> NONE accepted
10-14 03:47:28.220 29897 29897 D NaviXkakaoI: isSessionFinished change: true -> true UNKNOWN / false
10-14 03:47:28.221 29897 29897 I KOIN    : +-- 'com.locnall.KimGiSa.analytics.BaseLogger'
10-14 03:47:28.226  1829  1829 W dboxed_process: Using default instruction set features for ARM CPU variant (cortex-a9) using conservative defaults
10-14 03:47:28.243 29897 30032 E         : ApiException(url='https://app.i.kakao.com/api/client/auth/v0/sdk/getUser?check_term=true', code=204, handled=false)
10-14 03:47:28.264  2756  2903 I [Gralloc]: framebuffer hal alread move to hwcomposer
10-14 03:47:28.270  2756  2903 I [Gralloc]: framebuffer hal alread move to hwcomposer
10-14 03:47:28.272  1829  1829 I LoadedApk: No resource references to update in package com.android.webview
10-14 03:47:28.274  1829  1829 I cr_ChildProcessService: Creating new ChildProcessService pid=1829
10-14 03:47:28.267  2768  2768 I Binder:2768_3: type=1400 audit(0.0:5043): avc: denied { read } for name="gralloc.odroidn2.so" dev="mmcblk0p12" ino=705 scontext=u:r:surfaceflinger:s0 tcontext=u:object_r:vendor_file:s0 tclass=file permissive=1
10-14 03:47:28.314  2756  2903 I [Gralloc]: framebuffer hal alread move to hwcomposer
10-14 03:47:28.314  2756  2903 E gralloc : ioctl c0144900 failed with code -1: Operation not permitted
10-14 03:47:28.315 29897 30055 D mali_winsys: EGLint new_window_surface(egl_winsys_display *, void *, EGLSurface, EGLConfig, egl_winsys_surface **, EGLBoolean) returns 0x3000
10-14 03:47:28.325  2756  2903 I [Gralloc]: framebuffer hal alread move to hwcomposer
10-14 03:47:28.325  2756  2903 E gralloc : ioctl c0144900 failed with code -1: Operation not permitted
10-14 03:47:28.331 29897 29897 D NaviXkakaoI: contentViewState: INIT -> NONE accepted
10-14 03:47:28.332 29897 29897 D NaviXkakaoI: isSessionFinished change: false -> true UNKNOWN / false
10-14 03:47:28.335  2756  2903 I [Gralloc]: framebuffer hal alread move to hwcomposer
10-14 03:47:28.347  1829  1847 I cr_LibraryLoader: Time to load native libraries: 0 ms (timestamps 207-207)
10-14 03:47:28.349  1829  1847 I chromium: [INFO:library_loader_hooks.cc(36)] Chromium logging enabled: level = 0, default verbosity = 0
10-14 03:47:28.349  1829  1847 I cr_LibraryLoader: Expected native library version number "66.0.3359.158", actual native library version number "66.0.3359.158"
10-14 03:47:28.354  2756  2903 I [Gralloc]: framebuffer hal alread move to hwcomposer
10-14 03:47:28.367  2953  2977 I ActivityManager: Displayed com.locnall.KimGiSa/.activity.WebViewActivity: +225ms
10-14 03:47:28.267  2768  2768 I Binder:2768_3: type=1400 audit(0.0:5044): avc: denied { open } for path="/vendor/lib/hw/gralloc.odroidn2.so" dev="mmcblk0p12" ino=705 scontext=u:r:surfaceflinger:s0 tcontext=u:object_r:vendor_file:s0 tclass=file permissive=1
10-14 03:47:28.584 29897 29897 I chromium: [INFO:CONSOLE(4)] "A parser-blocking, cross site (i.e. different eTLD+1) script, https://t1.daumcdn.net/mapjsapi/js/main/4.2.1/v3.js, is invoked via document.write. The network request for this script MAY be blocked by the browser in this or a future page load due to poor network connectivity. If blocked in this page load, it will be confirmed in a subsequent console message. See https://www.chromestatus.com/feature/5718547946799104 for more details.", source: https://ssl.daumcdn.net/dmaps/map_js_init/v3.js (4)
10-14 03:47:28.584 29897 29897 I chromium: [INFO:CONSOLE(4)] "A parser-blocking, cross site (i.e. different eTLD+1) script, https://t1.daumcdn.net/mapjsapi/js/main/4.2.1/v3.js, is invoked via document.write. The network request for this script MAY be blocked by the browser in this or a future page load due to poor network connectivity. If blocked in this page load, it will be confirmed in a subsequent console message. See https://www.chromestatus.com/feature/5718547946799104 for more details.", source: https://ssl.daumcdn.net/dmaps/map_js_init/v3.js (4)
10-14 03:47:28.805  2768  3557 E BufferQueueProducer: [com.locnall.KimGiSa/com.locnall.KimGiSa.activity.SearchAroundActivity#1] disconnect: not connected (req=1)
10-14 03:47:28.806 29897 30055 W libEGL  : EGLNativeWindowType 0xc31d0008 disconnect failed
10-14 03:47:28.811 29897 29897 D NaviXkakaoI: unbindActivity: ComponentInfo{com.locnall.KimGiSa/com.locnall.KimGiSa.activity.SearchAroundActivity}
10-14 03:47:28.811 29897 29897 D NaviXkakaoI: contentViewState: NONE -> NONE accepted
10-14 03:47:28.812 29897 29897 D NaviXkakaoI: isSessionFinished change: true -> true UNKNOWN / false
10-14 03:47:29.340  2756  2903 I [Gralloc]: framebuffer hal alread move to hwcomposer
10-14 03:47:31.070  2953  2970 D AutofillManagerService: onBackKeyPressed()
10-14 03:47:29.543  2756  2903 I [Gralloc]: framebuffer hal alread move to hwcomposer
10-14 03:47:31.090 29897 29897 D NaviXkakaoI: bindActivity: ComponentInfo{com.locnall.KimGiSa/com.locnall.KimGiSa.activity.SearchAroundActivity}
10-14 03:47:31.091 29897 29897 D NaviXkakaoI: contentViewState: NONE -> NONE accepted
10-14 03:47:31.091 29897 29897 D NaviXkakaoI: isSessionFinished change: true -> true UNKNOWN / false
10-14 03:47:31.106 29897 30055 D mali_winsys: EGLint new_window_surface(egl_winsys_display *, void *, EGLSurface, EGLConfig, egl_winsys_surface **, EGLBoolean) returns 0x3000
10-14 03:47:31.112 29897 30538 E         : ApiException(url='https://app.i.kakao.com/api/client/auth/v0/sdk/getUser?check_term=true', code=204, handled=false)
10-14 03:47:31.119  2756  2903 I [Gralloc]: framebuffer hal alread move to hwcomposer
10-14 03:47:31.524  2756  2903 I chatty  : uid=1000(system) HwBinder:2756_2 identical 3 lines
10-14 03:47:31.575  2756  2903 I [Gralloc]: framebuffer hal alread move to hwcomposer
10-14 03:47:31.595  2768  3557 E BufferQueueProducer: [com.locnall.KimGiSa/com.locnall.KimGiSa.activity.WebViewActivity#0] disconnect: not connected (req=1)
10-14 03:47:31.595 29897 30055 W libEGL  : EGLNativeWindowType 0xbdaee008 disconnect failed
10-14 03:47:31.601 29897 29897 D NaviXkakaoI: unbindActivity: ComponentInfo{com.locnall.KimGiSa/com.locnall.KimGiSa.activity.WebViewActivity}
10-14 03:47:31.601 29897 29897 D NaviXkakaoI: contentViewState: NONE -> NONE accepted
10-14 03:47:31.602 29897 29897 D NaviXkakaoI: isSessionFinished change: true -> true UNKNOWN / false
10-14 03:47:31.609 29897 30055 E chromium: [ERROR:gl_context_virtual.cc(39)] Trying to make virtual context current without decoder.
10-14 03:47:31.610 29897 29897 D NaviXkakaoI: unbindActivity: ComponentInfo{com.locnall.KimGiSa/com.locnall.KimGiSa.activity.WebViewActivity}
10-14 03:47:31.611 29897 29897 D NaviXkakaoI: contentViewState: NONE -> NONE accepted
10-14 03:47:31.612 29897 29897 D NaviXkakaoI: isSessionFinished change: true -> true UNKNOWN / false
10-14 03:47:31.635  2953  6046 I ActivityManager: Killing 1829:com.android.webview:sandboxed_process1/u0a98i34 (adj 0): isolated not needed
10-14 03:47:31.635  2953  2972 W libprocessgroup: Failed to open process cgroup uid 99034 pid 1829: No such file or directory
10-14 03:47:31.635  2953  2972 E libprocessgroup: Error encountered killing process cgroup uid 99034 pid 1829: No such file or directory
10-14 03:47:31.660  3121  3121 I Zygote  : Process 1829 exited cleanly (0)
10-14 03:47:32.239  2953  6046 I ActivityManager: START u0 {flg=0x20000000 cmp=com.locnall.KimGiSa/.activity.DestinationGuidanceActivity (has extras)} from uid 10098
10-14 03:47:32.264 29897 29897 W ActivityThread: handleWindowVisibility: no activity for token android.os.BinderProxy@29869
10-14 03:47:32.302 29897 29897 D NaviXkakaoI: contentViewState: NONE -> INIT accepted
10-14 03:47:32.352 29897 29897 W StaticLayout: maxLineHeight should not be -1.  maxLines:2 lineCount:2
10-14 03:47:32.355 29897 29897 I chatty  : uid=10098(com.locnall.KimGiSa) identical 6 lines
10-14 03:47:32.355 29897 29897 W StaticLayout: maxLineHeight should not be -1.  maxLines:2 lineCount:2
10-14 03:47:32.362 29897 29897 I KOIN    : +-- 'com.locnall.KimGiSa.analytics.BaseLogger'
10-14 03:47:32.364 29897 29897 D NaviXkakaoI: bindActivity: ComponentInfo{com.locnall.KimGiSa/com.locnall.KimGiSa.activity.DestinationGuidanceActivity}
10-14 03:47:32.366 29897 29897 D NaviXkakaoI: contentViewState: NONE -> NONE accepted
10-14 03:47:32.366 29897 29897 D NaviXkakaoI: isSessionFinished change: true -> true UNKNOWN / false
10-14 03:47:32.368 29897 29897 D NaviXkakaoI: bindActivity: ComponentInfo{com.locnall.KimGiSa/com.locnall.KimGiSa.activity.DestinationGuidanceActivity}
10-14 03:47:32.385 29897 30032 E         : ApiException(url='https://app.i.kakao.com/api/client/auth/v0/sdk/getUser?check_term=true', code=204, handled=false)
10-14 03:47:32.392 29897 30538 E         : ApiException(url='https://app.i.kakao.com/api/client/auth/v0/sdk/getUser?check_term=true', code=204, handled=false)
10-14 03:47:32.397  2756  2903 I [Gralloc]: framebuffer hal alread move to hwcomposer
10-14 03:47:32.403  2756  2903 I chatty  : uid=1000(system) HwBinder:2756_2 identical 1 line
10-14 03:47:32.407  2756  2903 I [Gralloc]: framebuffer hal alread move to hwcomposer
10-14 03:47:32.407  2756  2903 E gralloc : ioctl c0144900 failed with code -1: Operation not permitted
10-14 03:47:32.408 29897 30055 D mali_winsys: EGLint new_window_surface(egl_winsys_display *, void *, EGLSurface, EGLConfig, egl_winsys_surface **, EGLBoolean) returns 0x3000
10-14 03:47:32.443 29897 29897 D NaviXkakaoI: contentViewState: INIT -> NONE accepted
10-14 03:47:32.444 29897 29897 D NaviXkakaoI: isSessionFinished change: false -> true UNKNOWN / false
10-14 03:47:32.448  2756  2903 I [Gralloc]: framebuffer hal alread move to hwcomposer
10-14 03:47:32.448  2756  2903 E gralloc : ioctl c0144900 failed with code -1: Operation not permitted
10-14 03:47:32.459  2768  2768 D SurfaceFlinger: duplicate layer name: changing com.locnall.KimGiSa/com.locnall.KimGiSa.activity.DestinationGuidanceActivity to com.locnall.KimGiSa/com.locnall.KimGiSa.activity.DestinationGuidanceActivity#1
10-14 03:47:32.462  2756  2903 I [Gralloc]: framebuffer hal alread move to hwcomposer
10-14 03:47:32.464  2756  2903 I chatty  : uid=1000(system) HwBinder:2756_2 identical 1 line
10-14 03:47:32.466  2756  2903 I [Gralloc]: framebuffer hal alread move to hwcomposer
10-14 03:47:32.468 29897 30055 D mali_winsys: EGLint new_window_surface(egl_winsys_display *, void *, EGLSurface, EGLConfig, egl_winsys_surface **, EGLBoolean) returns 0x3000
10-14 03:47:32.474 29897 29897 D kakaoNavi: DestinationGuidanceActiity.getRouteInfo() DRIVE
10-14 03:47:32.475 29897 29897 D kakaoNavi: DestinationGuidanceActiity.getDirections() start = 서울 종로구 종로1.2.3.4가동 end = 성균관대학교자연과학캠퍼스 주차장1 viaList size = 0
10-14 03:47:32.475 29897 29897 D kakaoNavi: DestinationGuidanceActiity.createRouteRequestData() start = 서울 종로구 종로1.2.3.4가동 end = 성균관대학교자연과학캠퍼스 주차장1 viaList size = 0
10-14 03:47:32.476 29897 29897 D kakaoNavi: DestinationGuidanceActiity.requestFullRoute()
10-14 03:47:32.476 29897 29897 I KOIN    : +-- 'f.m.a.m.m.o'
10-14 03:47:32.476 29897 29897 I KOIN    : |	+-- 'f.m.a.m.l.n'
10-14 03:47:32.477 29897 29897 I KOIN    : |	|	+-- 'f.m.b.b.b.b'
10-14 03:47:32.477 29897 29897 I KOIN    : |	|	+-- 'f.m.a.x.c.x'
10-14 03:47:32.477 29897 29897 I KOIN    : |	\-- (*) Created
10-14 03:47:32.477 29897 29897 I KOIN    : \-- (*) Created
10-14 03:47:32.477 29897 29897 D kakaoNavi: NaviRoutePlugin.requestFullRoute() > rgrpContainer = com.kakao.KakaoNaviSDK.Engine.DGuidance.KNRGRPContainer@582fb4a , routeInfo = null, stacktrace = com.locnall.KimGiSa.activity.DestinationGuidanceActivity, a
10-14 03:47:32.480  2756  2903 I [Gralloc]: framebuffer hal alread move to hwcomposer
10-14 03:47:32.494  2756  2903 I chatty  : uid=1000(system) HwBinder:2756_2 identical 2 lines
10-14 03:47:32.503  2756  2903 I [Gralloc]: framebuffer hal alread move to hwcomposer
10-14 03:47:32.514  2953  2977 I ActivityManager: Displayed com.locnall.KimGiSa/.activity.DestinationGuidanceActivity: +250ms
10-14 03:47:32.521 29897 29897 D ViewRootImpl[DestinationGuidanceActivity]: updatePointerIcon called with position out of bounds
10-14 03:47:32.591  2756  2903 I [Gralloc]: framebuffer hal alread move to hwcomposer
10-14 03:47:32.939 18890 18890 D skia    : --- Failed to create image decoder with message 'unimplemented'
10-14 03:47:32.949  2768  3293 E BufferQueueProducer: [com.locnall.KimGiSa/com.locnall.KimGiSa.activity.SearchAroundActivity#0] disconnect: not connected (req=1)
10-14 03:47:32.950 29897 30055 W libEGL  : EGLNativeWindowType 0xc31d0008 disconnect failed
10-14 03:47:32.951 18890 18890 D skia    : --- Failed to create image decoder with message 'unimplemented'
10-14 03:47:32.956 29897 29897 D NaviXkakaoI: unbindActivity: ComponentInfo{com.locnall.KimGiSa/com.locnall.KimGiSa.activity.SearchAroundActivity}
10-14 03:47:32.956 29897 29897 D NaviXkakaoI: contentViewState: NONE -> NONE accepted
10-14 03:47:32.956 29897 29897 D NaviXkakaoI: isSessionFinished change: true -> true UNKNOWN / false
10-14 03:47:32.943 18890 18890 I tutu.ABenchMark: type=1400 audit(0.0:5046): avc: denied { open } for path="/proc/stat" dev="proc" ino=4026531957 scontext=u:r:untrusted_app_27:s0:c512,c768 tcontext=u:object_r:proc_stat:s0 tclass=file permissive=1
10-14 03:47:32.947 18890 18890 I tutu.ABenchMark: type=1400 audit(0.0:5048): avc: denied { read } for name="temp" dev="sysfs" ino=8951 scontext=u:r:untrusted_app_27:s0:c512,c768 tcontext=u:object_r:sysfs:s0 tclass=file permissive=1
10-14 03:47:32.947 18890 18890 I tutu.ABenchMark: type=1400 audit(0.0:5049): avc: denied { open } for path="/sys/devices/virtual/thermal/thermal_zone0/temp" dev="sysfs" ino=8951 scontext=u:r:untrusted_app_27:s0:c512,c768 tcontext=u:object_r:sysfs:s0 tclass=file permissive=1
10-14 03:47:32.947 18890 18890 I tutu.ABenchMark: type=1400 audit(0.0:5050): avc: denied { getattr } for path="/sys/devices/virtual/thermal/thermal_zone0/temp" dev="sysfs" ino=8951 scontext=u:r:untrusted_app_27:s0:c512,c768 tcontext=u:object_r:sysfs:s0 tclass=file permissive=1
10-14 03:47:33.269 29897 29897 D kakaoNavi: NaviRoutePlugin.requestRGRPRoute() > rgrpContainer = com.kakao.KakaoNaviSDK.Engine.DGuidance.KNRGRPContainer@582fb4a , routeInfo = com.kakao.KakaoNaviSDK.Engine.DGuidance.reference.KNRouteInfo@af89cc6, stacktrace = com.kakao.KakaoNaviSDK.Engine.Network.a$1, a
10-14 03:47:33.269 29897 29897 I KOIN    : +-- 'com.locnall.KimGiSa.analytics.BaseLogger'
10-14 03:47:33.284  2768  3293 E BufferQueueProducer: [com.locnall.KimGiSa/com.locnall.KimGiSa.activity.DestinationGuidanceActivity#1] disconnect: not connected (req=1)
10-14 03:47:33.284 29897 30055 W libEGL  : EGLNativeWindowType 0xc2763008 disconnect failed
10-14 03:47:33.457  2768  3557 W SurfaceFlinger: Attempting to set client state on removed layer: com.locnall.KimGiSa/com.locnall.KimGiSa.activity.DestinationGuidanceActivity#1
10-14 03:47:33.458  2768  3557 W SurfaceFlinger: Attempting to set client state on removed layer: Dim Layer for - Task=54#0
10-14 03:47:33.458  2768  3557 W SurfaceFlinger: Attempting to destroy on removed layer: com.locnall.KimGiSa/com.locnall.KimGiSa.activity.DestinationGuidanceActivity#1
10-14 03:47:33.458  2768  3557 W SurfaceFlinger: Attempting to destroy on removed layer: Dim Layer for - Task=54#0
10-14 03:47:33.594 29897  2070 D mali_winsys: EGLint new_window_surface(egl_winsys_display *, void *, EGLSurface, EGLConfig, egl_winsys_surface **, EGLBoolean) returns 0x3000
10-14 03:47:33.657  2756  2903 I [Gralloc]: framebuffer hal alread move to hwcomposer
10-14 03:47:33.683  2756  2903 I [Gralloc]: framebuffer hal alread move to hwcomposer
10-14 03:47:33.659  2768  2768 I Binder:2768_5: type=1400 audit(0.0:5051): avc: denied { read } for name="gralloc.odroidn2.so" dev="mmcblk0p12" ino=705 scontext=u:r:surfaceflinger:s0 tcontext=u:object_r:vendor_file:s0 tclass=file permissive=1
10-14 03:47:33.709  2756  2903 I [Gralloc]: framebuffer hal alread move to hwcomposer
10-14 03:47:33.659  2768  2768 I Binder:2768_5: type=1400 audit(0.0:5052): avc: denied { open } for path="/vendor/lib/hw/gralloc.odroidn2.so" dev="mmcblk0p12" ino=705 scontext=u:r:surfaceflinger:s0 tcontext=u:object_r:vendor_file:s0 tclass=file permissive=1
10-14 03:47:35.326  2747  2888 D audio-subMixingFactory: out_standby_subMixingPCM: out_stream(0xee3ca000) usecase: STREAM_PCM_NORMAL
10-14 03:47:35.326  2747  2888 I audio-subMixingFactory: ++usecase_change_validate_l_sm(), dev usecase masks = 0x1, is_standby = 1, out usecase STREAM_PCM_NORMAL
10-14 03:47:35.326  2747  2888 I audio-subMixingFactory: --usecase_change_validate_l_sm(), dev usecase masks = 0, is_standby = 1, out usecase STREAM_PCM_NORMAL
10-14 03:47:35.326  2747  2888 I amlaudioMixer: ++delete_mixer_input_port port ID: 0
10-14 03:47:36.528  2747  7191 W amlaudioMixer: mixer_get_presentation_position(), port not ready now
10-14 03:47:36.528  2747  7191 W audio-subMixingFactory: out_get_presentation_position_port(), pts not valid yet
