10-14 00:52:35.031  2958  2996 W libEGL  : EGLNativeWindowType 0xcbb25008 disconnect failed
10-14 00:52:35.031  2958  2996 D OpenGLRenderer: endAllActiveAnimators on 0xe090b380 (RippleDrawable) with handle 0xe2683cd0
10-14 00:52:37.576  2958  2996 W libEGL  : EGLNativeWindowType 0xdfa50808 disconnect failed
10-14 00:52:37.577  2958  2996 D OpenGLRenderer: endAllActiveAnimators on 0xe0911900 (RippleDrawable) with handle 0xe86ce100
10-14 00:52:37.749  2768  2849 I chatty  : uid=1000(system) Binder:2768_2 expire 18 lines
10-14 00:52:37.838  3599 11965 I DiscoveryManager: Filter criteria(D109AB2A) scannerFlags(0)
10-14 00:52:37.839  3599 11965 W GuestModeDeviceProber: setFilterCriteria
10-14 00:52:37.844  3599 11965 E DeviceScanner: [BLE] Failed to start scan because the Bluetooth is disabled.
10-14 00:52:37.850  3599 11965 E DeviceScanner: [BLE] Failed to start scan because the Bluetooth is disabled.
10-14 00:52:37.853  2953 16536 I chatty  : uid=1000(system) Binder:2953_1D expire 8 lines
10-14 00:52:38.889  2953  4864 I ActivityManager: START u0 {act=android.content.pm.action.REQUEST_PERMISSIONS pkg=com.google.android.packageinstaller cmp=com.google.android.packageinstaller/com.android.packageinstaller.permission.ui.GrantPermissionsActivity (has extras)} from uid 10106
10-14 00:52:38.905  2958  2958 W ActivityThread: handleWindowVisibility: no activity for token android.os.BinderProxy@8894c2c
10-14 00:52:38.974  2958  2996 D mali_winsys: EGLint new_window_surface(egl_winsys_display *, void *, EGLSurface, EGLConfig, egl_winsys_surface **, EGLBoolean) returns 0x3000
10-14 00:52:39.039  2768  3557 I chatty  : uid=1000(system) Binder:2768_5 expire 15 lines
10-14 00:52:39.039  2958  2996 W libEGL  : EGLNativeWindowType 0xcbb25808 disconnect failed
10-14 00:52:39.040  2958  2996 D mali_winsys: EGLint new_window_surface(egl_winsys_display *, void *, EGLSurface, EGLConfig, egl_winsys_surface **, EGLBoolean) returns 0x3000
10-14 00:52:39.078  4078  4078 D skia    : --- Failed to create image decoder with message 'unimplemented'
10-14 00:52:39.107  4078  4078 D skia    : --- Failed to create image decoder with message 'unimplemented'
10-14 00:52:39.205  2636  2636 W MediaRouter: Ignoring invalid provider descriptor: null
10-14 00:52:39.206  3599  4242 I DiscoveryManager: Filter criteria(null) scannerFlags(0)
10-14 00:52:39.207  3599  4242 W GuestModeDeviceProber: setFilterCriteria
10-14 00:52:39.288  2958  2958 D ViewRootImpl[GrantPermissionsActivity]: updatePointerIcon called with position out of bounds
10-14 00:52:39.420  2636  2636 D EventBus: No subscribers registered for event class com.iloen.melon.eventbus.EventMelonSport$PlayerFinish
10-14 00:52:39.420  2636  2636 D EventBus: No subscribers registered for event class org.greenrobot.eventbus.NoSubscriberEvent
10-14 00:52:39.425  2636  2636 I ExoPlayerImpl: Release be4813 [ExoPlayerLib/2.11.7] [odroidn2, odroidn2, HardKernel Co., Ltd., 28] [goog.exo.core]
10-14 00:52:39.425  2636  2636 D EventBus: No subscribers registered for event class com.iloen.melon.eventbus.EventPlayback$ServiceUnbound
10-14 00:52:39.425  2636  2636 D EventBus: No subscribers registered for event class org.greenrobot.eventbus.NoSubscriberEvent
10-14 00:52:39.525  2958  2958 I chatty  : uid=10072(com.google.android.packageinstaller) identical 8 lines
10-14 00:52:39.542  2958  2958 D ViewRootImpl[GrantPermissionsActivity]: updatePointerIcon called with position out of bounds
10-14 00:52:40.221  2682  2682 D vold    : Remounting 10106 as mode read
10-14 00:52:40.224  2682  2682 D vold    : Found matching PID 2636
10-14 00:52:40.302  2682  2682 D vold    : Remounting 10106 as mode write
10-14 00:52:40.306  2682  2682 D vold    : Found matching PID 2636
10-14 00:52:40.392  2636  2636 D MelOnDRM: 14-Oct-2020 12:52:40 AM DRM Local Server - onDestroy()||Class:com.digicap.melon.service.melonDRMService||Function:null||Line:7
10-14 00:52:40.393  2636  2636 D SKTDRM_JNI_MelonDrm: MelonDRMInterface_DRMDestroy()::DRM_Destroy() In
10-14 00:52:40.393  2636  2636 D SKTDRM_JNI_MelonDrm: ==> start DRM_Destroy
10-14 00:52:40.393  2636  2636 D SKTDRM_JNI_PortingLayer: DHfsClose - freeing structure DH_ClientID
10-14 00:52:40.393  2636  2636 D SKTDRM_JNI_PortingLayer: malloc ptr - free 0xc8b70570
10-14 00:52:40.393  2636  2636 D SKTDRM_JNI_PortingLayer: malloc cnt = 5
10-14 00:52:40.393  2636  2636 D SKTDRM_JNI_PortingLayer: free cnt = 5
10-14 00:52:40.393  2636  2636 D SKTDRM_JNI_MelonDrm: ==> exit DRM_Destroy
10-14 00:52:40.393  2636  2636 D SKTDRM_JNI_MelonDrm: MelonDRMInterface_DRMDestroy()::DRM_Destroy() Out
10-14 00:52:40.393  2636  3139 D MelOnDRM: 14-Oct-2020 12:52:40 AM SocketListener3 true||Class:com.digicap.melon.service.melonDRMService$SocketListener||Function:||Line:2
10-14 00:52:40.395  2636  2636 D SKTDRM_JNI_Interface: DRMInterface_DRMInit()::DRM_Init() In armeabi
10-14 00:52:40.395  2636  2636 D SKTDRM_JNI_Interface_MoD_DRM: ==> start DRM_Init
10-14 00:52:40.395  2636  2636 D SKTDRM_JNI_Interface_MoD_DRM: DRM_Init : DRM_Reference > 0 - 7
10-14 00:52:40.395  2636  2636 D SKTDRM_JNI_Interface: DRMInterface_DRMInit()::DRM_Init()() Out returning 0
10-14 00:52:40.395  2636  2636 D SKTDRM_JNI_Interface: DRMInterface_DRMIsEmbeddedDRM() -libLoaded = 0, isEmbedded = 0, retValue = 0
10-14 00:52:40.400  2636  2636 E EmbeddedDrmWrapper: initialize - EmbeddedDrmWrapper() NOT isEmbeddedDRM
10-14 00:52:40.401  2636  2636 D SKTDRM_JNI_Interface: DRMInterface_DRMInit()::DRM_Init() In armeabi
10-14 00:52:40.401  2636  2636 D SKTDRM_JNI_Interface_MoD_DRM: ==> start DRM_Init
10-14 00:52:40.401  2636  2636 D SKTDRM_JNI_Interface_MoD_DRM: DRM_Init : DRM_Reference > 0 - 8
10-14 00:52:40.401  2636  2636 D SKTDRM_JNI_Interface: DRMInterface_DRMInit()::DRM_Init()() Out returning 0
10-14 00:52:40.401  2636  2636 D SKTDRM_JNI_Interface: DRMInterface_DRMIsEmbeddedDRM() -libLoaded = 0, isEmbedded = 0, retValue = 0
10-14 00:52:40.402  2636  2636 E EmbeddedDrmWrapper: initialize - EmbeddedDrmWrapper() NOT isEmbeddedDRM
10-14 00:52:40.402  2636  2636 D SKTDRM_JNI_Interface: DRMInterface_DRMIsExpandedFilePath() - retValue = 0
10-14 00:52:40.403  2636  2636 D SKTDRM_JNI_Interface: DRMInterface_DRMIsExpandedFilePath() - retValue = 0
10-14 00:52:40.403  2636  2636 I MelOnDRM: MelOn DRM Version 1.0.1.5
10-14 00:52:40.403  2636  2636 D MelOnDRM: 14-Oct-2020 12:52:40 AM Create DRM Agent||Class:com.digicap.melon.service.melonDRMService||Function:null||Line:14
10-14 00:52:40.403  2636  2636 D SKTDRM_JNI_MelonDrm: MelonDRM_DRMInit() In armeabi
10-14 00:52:40.403  2636  2636 D SKTDRM_JNI_MelonDrm: ==> start DRM_Init
10-14 00:52:40.403  2636  2636 D SKTDRM_JNI_MelonDrm: ==> exit DRM_Init
10-14 00:52:40.403  2636  2636 D SKTDRM_JNI_MelonDrm: MelonDRMInterface_DRMInit()::DRM_Init() Out returning 0
10-14 00:52:40.404  2636  2636 D MelOnDRM: 14-Oct-2020 12:52:40 AM Create ServerSocket object - S||Class:com.digicap.melon.service.melonDRMService$SocketListener||Function:||Line:2
10-14 00:52:40.405  2636  2636 D MelOnDRM: 14-Oct-2020 12:52:40 AM Create ServerSocket object - E||Class:com.digicap.melon.service.melonDRMService$SocketListener||Function:||Line:4
10-14 00:52:40.406  2636  2636 D MelOnDRM: 14-Oct-2020 12:52:40 AM Set Client ID(8888888888)||Class:com.digicap.melon.service.melonDRMService||Function:null||Line:50
10-14 00:52:40.406  2636  2636 D SKTDRM_JNI_MelonDrm: MelonDRMInterface_DRMSetClientID() - Length of Client ID = 10
10-14 00:52:40.406  2636  2636 D SKTDRM_JNI_MelonDrm: MelonDRMInterface_DRMSetClientID() - Client ID = 8888888888
10-14 00:52:40.406  2636  2636 D SKTDRM_JNI_PortingLayer: malloc ptr 0xc8f31d50
10-14 00:52:40.406  2636  2636 D SKTDRM_JNI_PortingLayer: DHSetClientID : Start - ClientID = (10)[8888888888]
10-14 00:52:40.406  2636  2636 D SKTDRM_JNI_PortingLayer: DHSetClientID : Size = (10) vs. (10)
10-14 00:52:40.406  2636  2636 D SKTDRM_JNI_PortingLayer: DHSetClientID - ClientID = (10)[8888888888]
10-14 00:52:40.406  2636  2636 D SKTDRM_JNI_MelonDrm: DRM_SetClientID : melonDrm_CID = 8888888888
10-14 00:52:40.406  2636  2636 D SKTDRM_JNI_MelonDrm: MelonDRMInterface_DRMSetClientID() - ret value = 10
10-14 00:52:40.407  2636  3187 D MelOnDRM: 14-Oct-2020 12:52:40 AM SocketListener false||Class:com.digicap.melon.service.melonDRMService$SocketListener||Function:||Line:2
10-14 00:52:40.407  2636  2636 E SQLiteLog: (14) cannot open file at line 36667 of [0c55d17973]
10-14 00:52:40.407  2636  2636 E SQLiteLog: (14) os_unix.c:36667: (2) open(/storage/emulated/0/melon/db/melon.db) - 
10-14 00:52:40.407  2636  3187 D MelOnDRM: 14-Oct-2020 12:52:40 AM Start SocketListener||Class:com.digicap.melon.service.melonDRMService$SocketListener||Function:||Line:6
10-14 00:52:40.407  2636  3187 D MelOnDRM: 14-Oct-2020 12:52:40 AM Create Client Socket object - S||Class:com.digicap.melon.service.melonDRMService$SocketListener||Function:||Line:8
10-14 00:52:40.408  2636  2636 E SQLiteDatabase: Failed to open database '/storage/emulated/0/melon/db/melon.db'.
10-14 00:52:40.408  2636  2636 E SQLiteDatabase: android.database.sqlite.SQLiteCantOpenDatabaseException: unknown error (code 14 SQLITE_CANTOPEN): Could not open database
10-14 00:52:40.408  2636  2636 E SQLiteDatabase: 	at android.database.sqlite.SQLiteConnection.nativeOpen(Native Method)
10-14 00:52:40.408  2636  2636 E SQLiteDatabase: 	at android.database.sqlite.SQLiteConnection.open(SQLiteConnection.java:211)
10-14 00:52:40.408  2636  2636 E SQLiteDatabase: 	at android.database.sqlite.SQLiteConnection.open(SQLiteConnection.java:195)
10-14 00:52:40.408  2636  2636 E SQLiteDatabase: 	at android.database.sqlite.SQLiteConnectionPool.openConnectionLocked(SQLiteConnectionPool.java:503)
10-14 00:52:40.408  2636  2636 E SQLiteDatabase: 	at android.database.sqlite.SQLiteConnectionPool.open(SQLiteConnectionPool.java:204)
10-14 00:52:40.408  2636  2636 E SQLiteDatabase: 	at android.database.sqlite.SQLiteConnectionPool.open(SQLiteConnectionPool.java:196)
10-14 00:52:40.408  2636  2636 E SQLiteDatabase: 	at android.database.sqlite.SQLiteDatabase.openInner(SQLiteDatabase.java:880)
10-14 00:52:40.408  2636  2636 E SQLiteDatabase: 	at android.database.sqlite.SQLiteDatabase.open(SQLiteDatabase.java:865)
10-14 00:52:40.408  2636  2636 E SQLiteDatabase: 	at android.database.sqlite.SQLiteDatabase.openDatabase(SQLiteDatabase.java:766)
10-14 00:52:40.408  2636  2636 E SQLiteDatabase: 	at android.database.sqlite.SQLiteDatabase.openOrCreateDatabase(SQLiteDatabase.java:783)
10-14 00:52:40.408  2636  2636 E SQLiteDatabase: 	at i.d.a.c0.h.getWritableDatabase(Unknown Source:103)
10-14 00:52:40.408  2636  2636 E SQLiteDatabase: 	at i.d.a.c0.h.getReadableDatabase(Unknown Source:21)
10-14 00:52:40.408  2636  2636 E SQLiteDatabase: 	at com.iloen.melon.mediastore.MelonMediaProvider.c(Unknown Source:69)
10-14 00:52:40.408  2636  2636 E SQLiteDatabase: 	at com.iloen.melon.mediastore.MelonMediaProvider.r(Unknown Source:6)
10-14 00:52:40.408  2636  2636 E SQLiteDatabase: 	at com.iloen.melon.MusicBrowserActivity.initDatabaseFile(:2)
10-14 00:52:40.408  2636  2636 E SQLiteDatabase: 	at com.iloen.melon.MusicBrowserActivity.access$500(Unknown Source:0)
10-14 00:52:40.408  2636  2636 E SQLiteDatabase: 	at com.iloen.melon.MusicBrowserActivity$u0.onRequestPermissionsSuccess(Unknown Source:2)
10-14 00:52:40.408  2636  2636 E SQLiteDatabase: 	at com.iloen.melon.activity.PermissionSupportActivity.onRequestPermissionsResult(:3)
10-14 00:52:40.408  2636  2636 E SQLiteDatabase: 	at android.app.Activity.dispatchRequestPermissionsResult(Activity.java:7608)
10-14 00:52:40.408  2636  2636 E SQLiteDatabase: 	at android.app.Activity.dispatchActivityResult(Activity.java:7458)
10-14 00:52:40.408  2636  2636 E SQLiteDatabase: 	at android.app.ActivityThread.deliverResults(ActivityThread.java:4353)
10-14 00:52:40.408  2636  2636 E SQLiteDatabase: 	at android.app.ActivityThread.handleSendResult(ActivityThread.java:4402)
10-14 00:52:40.408  2636  2636 E SQLiteDatabase: 	at android.app.servertransaction.ActivityResultItem.execute(ActivityResultItem.java:49)
10-14 00:52:40.408  2636  2636 E SQLiteDatabase: 	at android.app.servertransaction.TransactionExecutor.executeCallbacks(TransactionExecutor.java:108)
10-14 00:52:40.408  2636  2636 E SQLiteDatabase: 	at android.app.servertransaction.TransactionExecutor.execute(TransactionExecutor.java:68)
10-14 00:52:40.408  2636  2636 E SQLiteDatabase: 	at android.app.ActivityThread$H.handleMessage(ActivityThread.java:1808)
10-14 00:52:40.408  2636  2636 E SQLiteDatabase: 	at android.os.Handler.dispatchMessage(Handler.java:106)
10-14 00:52:40.408  2636  2636 E SQLiteDatabase: 	at android.os.Looper.loop(Looper.java:193)
10-14 00:52:40.408  2636  2636 E SQLiteDatabase: 	at android.app.ActivityThread.main(ActivityThread.java:6669)
10-14 00:52:40.408  2636  2636 E SQLiteDatabase: 	at java.lang.reflect.Method.invoke(Native Method)
10-14 00:52:40.408  2636  2636 E SQLiteDatabase: 	at com.android.internal.os.RuntimeInit$MethodAndArgsCaller.run(RuntimeInit.java:493)
10-14 00:52:40.408  2636  2636 E SQLiteDatabase: 	at com.android.internal.os.ZygoteInit.main(ZygoteInit.java:858)
10-14 00:52:40.409  2636  2636 W System.err: java.lang.UnsupportedOperationException: Deleting the internal volume is not allowed
10-14 00:52:40.409  2636  2636 W System.err: 	at com.iloen.melon.mediastore.MelonMediaProvider.c(Unknown Source:150)
10-14 00:52:40.410  2636  2636 W System.err: 	at com.iloen.melon.mediastore.MelonMediaProvider.r(Unknown Source:20)
10-14 00:52:40.410  2636  2636 W System.err: 	at com.iloen.melon.MusicBrowserActivity.initDatabaseFile(:2)
10-14 00:52:40.410  2636  2636 W System.err: 	at com.iloen.melon.MusicBrowserActivity.access$500(Unknown Source:0)
10-14 00:52:40.410  2636  2636 W System.err: 	at com.iloen.melon.MusicBrowserActivity$u0.onRequestPermissionsSuccess(Unknown Source:2)
10-14 00:52:40.410  2636  2636 W System.err: 	at com.iloen.melon.activity.PermissionSupportActivity.onRequestPermissionsResult(:3)
10-14 00:52:40.410  2636  2636 W System.err: 	at android.app.Activity.dispatchRequestPermissionsResult(Activity.java:7608)
10-14 00:52:40.410  2636  2636 W System.err: 	at android.app.Activity.dispatchActivityResult(Activity.java:7458)
10-14 00:52:40.410  2636  2636 W System.err: 	at android.app.ActivityThread.deliverResults(ActivityThread.java:4353)
10-14 00:52:40.410  2636  2636 W System.err: 	at android.app.ActivityThread.handleSendResult(ActivityThread.java:4402)
10-14 00:52:40.410  2636  2636 W System.err: 	at android.app.servertransaction.ActivityResultItem.execute(ActivityResultItem.java:49)
10-14 00:52:40.410  2636  2636 W System.err: 	at android.app.servertransaction.TransactionExecutor.executeCallbacks(TransactionExecutor.java:108)
10-14 00:52:40.410  2636  2636 W System.err: 	at android.app.servertransaction.TransactionExecutor.execute(TransactionExecutor.java:68)
10-14 00:52:40.410  2636  2636 W System.err: 	at android.app.ActivityThread$H.handleMessage(ActivityThread.java:1808)
10-14 00:52:40.410  2636  2636 W System.err: 	at android.os.Handler.dispatchMessage(Handler.java:106)
10-14 00:52:40.410  2636  2636 W System.err: 	at android.os.Looper.loop(Looper.java:193)
10-14 00:52:40.410  2636  2636 W System.err: 	at android.app.ActivityThread.main(ActivityThread.java:6669)
10-14 00:52:40.410  2636  2636 W System.err: 	at java.lang.reflect.Method.invoke(Native Method)
10-14 00:52:40.410  2636  2636 W System.err: 	at com.android.internal.os.RuntimeInit$MethodAndArgsCaller.run(RuntimeInit.java:493)
10-14 00:52:40.410  2636  2636 W System.err: 	at com.android.internal.os.ZygoteInit.main(ZygoteInit.java:858)
10-14 00:52:40.411  2953  4864 W ActivityManager: Receiver with filter android.content.IntentFilter@af82d3f already registered for pid 2636, callerPackage is com.iloen.melon
10-14 00:52:40.460  3189  3189 I Zygote  : seccomp disabled by setenforce 0
10-14 00:52:40.462  2953  2971 I ActivityManager: Start proc 3189:android.process.media/u0a14 for service com.android.providers.media/.MediaScannerService
10-14 00:52:40.464  3483 11950 I NetworkScheduler.Stats: Task com.google.android.gms/com.google.android.gms.ipa.base.IpaGcmTaskService started execution. cause:9 exec_start_elapsed_seconds: 2412 [CONTEXT service_id=218 ]
10-14 00:52:40.464  3189  3189 W d.process.medi: Using default instruction set features for ARM CPU variant (cortex-a9) using conservative defaults
10-14 00:52:40.470  3483 11033 I NetworkScheduler.Stats: Task com.google.android.gms/com.google.android.gms.ipa.base.IpaGcmTaskService finished executing. cause:9 result: 1 elapsed_millis: 31 uptime_millis: 31 exec_start_elapsed_seconds: 2412 [CONTEXT service_id=218 ]
10-14 00:52:40.503  2953  6046 I ActivityManager: Config changes=20000480 {1.0 ?mcc?mnc [en_US] ldltr sw602dp w1066dp h530dp 204dpi lrg long land -touch -keyb/v/h dpad/v winConfig={ mBounds=Rect(0, 0 - 0, 0) mAppBounds=Rect(0, 0 - 1360, 707) mWindowingMode=fullscreen mActivityType=undefined} s.13}
10-14 00:52:40.521  2953  6046 I ActivityManager: Override config changes=20000480 {1.0 ?mcc?mnc [en_US] ldltr sw602dp w1066dp h530dp 204dpi lrg long land -touch -keyb/v/h dpad/v winConfig={ mBounds=Rect(0, 0 - 768, 1299) mAppBounds=Rect(0, 0 - 1360, 707) mWindowingMode=fullscreen mActivityType=undefined} s.13} for displayId=0
10-14 00:52:40.619  3106  3106 I RenderThread: type=1400 audit(0.0:1779): avc: denied { read } for name="gralloc.odroidn2.so" dev="mmcblk0p12" ino=705 scontext=u:r:platform_app:s0:c512,c768 tcontext=u:object_r:vendor_file:s0 tclass=file permissive=1
10-14 00:52:40.619  3106  3106 I RenderThread: type=1400 audit(0.0:1780): avc: denied { open } for path="/vendor/lib/hw/gralloc.odroidn2.so" dev="mmcblk0p12" ino=705 scontext=u:r:platform_app:s0:c512,c768 tcontext=u:object_r:vendor_file:s0 tclass=file permissive=1
10-14 00:52:40.619  3106  3106 I RenderThread: type=1400 audit(0.0:1781): avc: denied { getattr } for path="/vendor/lib/hw/gralloc.odroidn2.so" dev="mmcblk0p12" ino=705 scontext=u:r:platform_app:s0:c512,c768 tcontext=u:object_r:vendor_file:s0 tclass=file permissive=1
10-14 00:52:40.619  3106  3352 W libEGL  : EGLNativeWindowType 0xdfa50808 disconnect failed
10-14 00:52:40.620  3106  3352 D mali_winsys: EGLint new_window_surface(egl_winsys_display *, void *, EGLSurface, EGLConfig, egl_winsys_surface **, EGLBoolean) returns 0x3000
10-14 00:52:40.637  2636  2636 I ExoPlayerImpl: Init ce50c27 [ExoPlayerLib/2.11.7] [odroidn2, odroidn2, HardKernel Co., Ltd., 28]
10-14 00:52:40.652  2953  2969 W BroadcastQueue: Permission Denial: broadcasting Intent { act=android.net.conn.CONNECTIVITY_CHANGE flg=0x4200010 (has extras) } from null (pid=-1, uid=-1) requires com.iloen.melon.permission.SIG_PERMISSION due to registered receiver BroadcastFilter{9565d79 u0 ReceiverList{dc99a40 2636 com.iloen.melon/10106/u0 remote:5da41c3}}
10-14 00:52:40.667  2958  2996 W libEGL  : EGLNativeWindowType 0xcbb25808 disconnect failed
10-14 00:52:40.676  2953  3738 I chatty  : uid=1000(system) Binder:2953_8 expire 2 lines
10-14 00:52:40.682  3106  3106 D StatusBar: disable<e i a s b h r c s > disable2<q i n >
10-14 00:52:40.702  2636  2636 D AbsTabIndicatorLayout: setViewPager
10-14 00:52:40.773  2636  2636 W Settings: Setting airplane_mode_on has moved from android.provider.Settings.System to android.provider.Settings.Global, returning read-only value.
10-14 00:52:40.785  3106  3352 W libEGL  : EGLNativeWindowType 0xcced7008 disconnect failed
10-14 00:52:40.786  3106  3352 D mali_winsys: EGLint new_window_surface(egl_winsys_display *, void *, EGLSurface, EGLConfig, egl_winsys_surface **, EGLBoolean) returns 0x3000
10-14 00:52:40.823  2636  2718 W libEGL  : EGLNativeWindowType 0xc8afe008 disconnect failed
10-14 00:52:40.824  2636  2718 D mali_winsys: EGLint new_window_surface(egl_winsys_display *, void *, EGLSurface, EGLConfig, egl_winsys_surface **, EGLBoolean) returns 0x3000
10-14 00:52:40.825  2636  2636 W StaticLayout: maxLineHeight should not be -1.  maxLines:1 lineCount:1
10-14 00:52:40.827  2636  2636 W StaticLayout: maxLineHeight should not be -1.  maxLines:1 lineCount:1
10-14 00:52:40.840  2636  2636 W StaticLayout: maxLineHeight should not be -1.  maxLines:1 lineCount:1
10-14 00:52:40.845  2636  2636 W StaticLayout: maxLineHeight should not be -1.  maxLines:1 lineCount:1
10-14 00:52:40.879  3106  3106 W NotificationEntryMgr: removeNotification for unknown key: 0|com.iloen.melon|10001|null|10106
10-14 00:52:40.882  3483 11950 I NetworkScheduler.Stats: Task com.google.android.gms/com.google.android.gms.ipa.base.IpaGcmTaskService started execution. cause:9 exec_start_elapsed_seconds: 2412 [CONTEXT service_id=218 ]
10-14 00:52:40.893  3483 11033 I NetworkScheduler.Stats: Task com.google.android.gms/com.google.android.gms.ipa.base.IpaGcmTaskService finished executing. cause:9 result: 1 elapsed_millis: 39 uptime_millis: 39 exec_start_elapsed_seconds: 2412 [CONTEXT service_id=218 ]
10-14 00:52:41.108  2636  2718 D mali_winsys: EGLint new_window_surface(egl_winsys_display *, void *, EGLSurface, EGLConfig, egl_winsys_surface **, EGLBoolean) returns 0x3000
10-14 00:52:41.177  2756  2903 I chatty  : uid=1000(system) HwBinder:2756_2 expire 10 lines
10-14 00:52:41.180  2636  2718 D mali_winsys: EGLint new_window_surface(egl_winsys_display *, void *, EGLSurface, EGLConfig, egl_winsys_surface **, EGLBoolean) returns 0x3000
10-14 00:52:41.221  2953  3010 I WindowManager: Screen frozen for +745ms due to Window{8bcb0ff u0 com.iloen.melon/com.iloen.melon.MusicBrowserActivity}
10-14 00:52:41.231  3599  4242 I DiscoveryManager: Filter criteria(D109AB2A) scannerFlags(0)
10-14 00:52:41.232  3599  4242 W GuestModeDeviceProber: setFilterCriteria
10-14 00:52:41.237  2953 27918 I chatty  : uid=1000(system) Binder:2953_1F expire 4 lines
10-14 00:52:41.241  3599  4242 E DeviceScanner: [BLE] Failed to start scan because the Bluetooth is disabled.
10-14 00:52:41.248  3599  4242 E DeviceScanner: [BLE] Failed to start scan because the Bluetooth is disabled.
10-14 00:52:41.665  2636  2636 D ViewRootImpl[MusicBrowserActivity]: updatePointerIcon called with position out of bounds
10-14 00:52:41.827  2636  2636 I chatty  : uid=10106(com.iloen.melon) identical 8 lines
10-14 00:52:41.844  2636  2636 D ViewRootImpl[MusicBrowserActivity]: updatePointerIcon called with position out of bounds
10-14 00:52:43.311  2747  2888 D audio-subMixingFactory: out_standby_subMixingPCM: out_stream(0xee3ca000) usecase: STREAM_PCM_NORMAL
10-14 00:52:43.311  2747  2888 I audio-subMixingFactory: ++usecase_change_validate_l_sm(), dev usecase masks = 0x1, is_standby = 1, out usecase STREAM_PCM_NORMAL
10-14 00:52:43.311  2747  2888 I audio-subMixingFactory: --usecase_change_validate_l_sm(), dev usecase masks = 0, is_standby = 1, out usecase STREAM_PCM_NORMAL
10-14 00:52:43.312  2747  2888 I amlaudioMixer: ++delete_mixer_input_port port ID: 0
10-14 00:52:43.312  2747  2907 E amlaudioMixer: mixer_do_mixing_16bit(), sys or direct pcm must exist!!!
10-14 00:52:43.503  2636  2718 W libEGL  : EGLNativeWindowType 0xc6c62008 disconnect failed
10-14 00:52:43.504  2747  7191 W amlaudioMixer: mixer_get_presentation_position(), port not ready now
10-14 00:52:43.504  2747  7191 W audio-subMixingFactory: out_get_presentation_position_port(), pts not valid yet
10-14 00:52:43.506  2747  7191 I audio-subMixingFactory: ++usecase_change_validate_l_sm: dev usecase masks = 0, out usecase_masks = 0, out usecase STREAM_PCM_NORMAL
10-14 00:52:43.506  2747  7191 I audio-subMixingFactory: ++++usecase_change_validate_l_sm(),continuous_audio_mode 0 dev usecase masks = 0, out usecase_masks = 0, out usecase STREAM_PCM_NORMAL
10-14 00:52:43.506  2747  7191 I audio-subMixingFactory: usecase_change_validate_l_sm(), mixer_aux_buffer_write_sm !
10-14 00:52:43.506  2747  7191 I audio-subMixingFactory: ----usecase_change_validate_l_sm(), continuous_audio_mode 0 dev usecase masks = 0x1, out usecase_masks = 0x1, out usecase STREAM_PCM_NORMAL
10-14 00:52:43.506  2747  7191 I aml_audio_port: get_input_port_index(), samplerate 48000
10-14 00:52:43.506  2747  7191 D aml_audio_port: new_input_port(), index:0, rbuf size:8192, direct_on:0
10-14 00:52:43.506  2747  7191 D aml_audio_port: new_input_port(), fmt 0x1, rate 48000
10-14 00:52:43.506  2747  7191 I amlaudioMixer: ++init_mixer_input_port port index 0, size 512 frames
10-14 00:52:43.506  2747  7191 I amlaudioMixer: init_mixer_input_port(), port->initial_frames: 34210816
10-14 00:52:43.506  2747  7191 I aml_audio_port: get_input_port_index(), samplerate 48000
10-14 00:52:43.506  2747  7191 I audio-subMixingFactory: mixer_aux_buffer_write_sm(), primary 0xee3ca000 port index = 0
10-14 00:52:43.506  2747  7191 I audio-subMixingFactory: padding_bytes 16384
10-14 00:52:43.506  2747  7191 I amlaudioMixer: port index 0 is active now
10-14 00:52:43.506  2747  7191 I audio-subMixingFactory: padding_bytes 14336
10-14 00:52:43.506  2747  7191 I audio-subMixingFactory: padding_bytes 12288
10-14 00:52:43.506  2747  7191 I audio-subMixingFactory: padding_bytes 10240
10-14 00:52:43.506  2747  7191 I audio-subMixingFactory: padding_bytes 8192
10-14 00:52:43.506  2747  7191 I audio-subMixingFactory: padding_bytes 6144
10-14 00:52:43.510  2747  7191 I audio-subMixingFactory: padding_bytes 4096
10-14 00:52:43.514  2747  7191 I audio-subMixingFactory: padding_bytes 2048
10-14 00:52:43.524  2747  7191 W amlaudioMixer: mixer_get_presentation_position(), not valid now
10-14 00:52:43.524  2747  7191 W audio-subMixingFactory: out_get_presentation_position_port(), pts not valid yet
10-14 00:52:43.534  2747  7191 W amlaudioMixer: mixer_get_presentation_position(), not valid now
10-14 00:52:43.534  2747  7191 W audio-subMixingFactory: out_get_presentation_position_port(), pts not valid yet
10-14 00:52:43.548  2766  2911 D AudioFlinger: mixer(0xeb583ac0) throttle end: throttle time(7)
10-14 00:52:44.242  3599  4242 W AdaptiveDiscoveryWorker: Exiting Adaptive Discovery. Current HOTSPOT_BSSID is NULL.
10-14 00:52:44.932  2787  2821 E storaged: getDiskStats failed with result NOT_SUPPORTED and size 0
10-14 00:52:45.072  2636  2718 W libEGL  : EGLNativeWindowType 0xc6c76808 disconnect failed
10-14 00:52:45.072  2636  2718 D OpenGLRenderer: endAllActiveAnimators on 0xc3e6f280 (MelonTextView) with handle 0xc7b7c420
10-14 00:52:45.092  2768  2768 I chatty  : uid=1000(system) /system/bin/surfaceflinger expire 16 lines
10-14 00:52:45.098  2756  2902 I chatty  : uid=1000(system) HwBinder:2756_1 expire 11 lines
10-14 00:52:45.106  2636  2718 D mali_winsys: EGLint new_window_surface(egl_winsys_display *, void *, EGLSurface, EGLConfig, egl_winsys_surface **, EGLBoolean) returns 0x3000
10-14 00:52:45.195  2636  2923 D EventBus: No subscribers registered for event class com.iloen.melon.eventbus.EventResponseMessage$successMessage
10-14 00:52:45.195  2636  2923 D EventBus: No subscribers registered for event class org.greenrobot.eventbus.NoSubscriberEvent
10-14 00:52:45.223  2636  2718 D mali_winsys: EGLint new_window_surface(egl_winsys_display *, void *, EGLSurface, EGLConfig, egl_winsys_surface **, EGLBoolean) returns 0x3000
10-14 00:52:45.233  2768  2950 I chatty  : uid=1000(system) Binder:2768_3 expire 11 lines
10-14 00:52:45.369  2636  2636 D ViewRootImpl[MusicBrowserActivity]: updatePointerIcon called with position out of bounds
10-14 00:52:45.519  2636  2636 I chatty  : uid=10106(com.iloen.melon) identical 9 lines
10-14 00:52:45.536  2636  2636 D ViewRootImpl[MusicBrowserActivity]: updatePointerIcon called with position out of bounds
10-14 00:52:46.274  2636  2718 W libEGL  : EGLNativeWindowType 0xc6c76808 disconnect failed
10-14 00:52:46.274  2636  2718 D OpenGLRenderer: endAllActiveAnimators on 0xc30a0b00 (MelonTextView) with handle 0xc8f317d0
10-14 00:52:48.703  2636  2718 W libEGL  : EGLNativeWindowType 0xc6c62008 disconnect failed
10-14 00:52:48.708  2953  2953 I ActivityManager: Killing 9374:com.android.gallery3d/u0a60 (adj 904): empty for 1800s
10-14 00:52:48.709  2953  2953 I ActivityManager: Killing 12115:com.google.android.configupdater/u0a66 (adj 904): empty for 1800s
10-14 00:52:48.718  2953  6046 W NotificationService: Toast already killed. pkg=com.iloen.melon callback=android.app.ITransientNotification$Stub$Proxy@f46f942
10-14 00:52:48.758  2740  2740 I Zygote  : Process 9374 exited due to signal (9)
10-14 00:52:48.762  2740  2740 I Zygote  : Process 12115 exited due to signal (9)
10-14 00:52:49.118  4078  4078 D skia    : --- Failed to create image decoder with message 'unimplemented'
10-14 00:52:49.139  4078  4078 I tutu.ABenchMark: type=1400 audit(0.0:1785): avc: denied { read } for name="temp" dev="sysfs" ino=8951 scontext=u:r:untrusted_app_27:s0:c512,c768 tcontext=u:object_r:sysfs:s0 tclass=file permissive=1
10-14 00:52:49.139  4078  4078 I tutu.ABenchMark: type=1400 audit(0.0:1786): avc: denied { open } for path="/sys/devices/virtual/thermal/thermal_zone0/temp" dev="sysfs" ino=8951 scontext=u:r:untrusted_app_27:s0:c512,c768 tcontext=u:object_r:sysfs:s0 tclass=file permissive=1
10-14 00:52:49.139  4078  4078 I tutu.ABenchMark: type=1400 audit(0.0:1787): avc: denied { getattr } for path="/sys/devices/virtual/thermal/thermal_zone0/temp" dev="sysfs" ino=8951 scontext=u:r:untrusted_app_27:s0:c512,c768 tcontext=u:object_r:sysfs:s0 tclass=file permissive=1
10-14 00:52:49.146  4078  4078 D skia    : --- Failed to create image decoder with message 'unimplemented'
10-14 00:52:49.371  2747  2888 D audio-subMixingFactory: out_standby_subMixingPCM: out_stream(0xee3ca000) usecase: STREAM_PCM_NORMAL
10-14 00:52:49.371  2747  2888 I audio-subMixingFactory: ++usecase_change_validate_l_sm(), dev usecase masks = 0x1, is_standby = 1, out usecase STREAM_PCM_NORMAL
10-14 00:52:49.371  2747  2888 I audio-subMixingFactory: --usecase_change_validate_l_sm(), dev usecase masks = 0, is_standby = 1, out usecase STREAM_PCM_NORMAL
10-14 00:52:49.371  2747  2888 I amlaudioMixer: ++delete_mixer_input_port port ID: 0
10-14 00:52:49.371  2747  2907 E amlaudioMixer: mixer_do_mixing_16bit(), sys or direct pcm must exist!!!
10-14 00:52:51.851  2953 11249 D ConnectivityService: requestNetwork for uid/pid:10023/6841 NetworkRequest [ TRACK_DEFAULT id=188, [ Capabilities: INTERNET&NOT_RESTRICTED&TRUSTED Unwanted:  Uid: 10023] ]
10-14 00:52:51.852  3169  3169 D PhoneSwitcherNetworkRequstListener: got request NetworkRequest [ TRACK_DEFAULT id=188, [ Capabilities: INTERNET&NOT_RESTRICTED&TRUSTED Unwanted:  Uid: 10023] ] with score 70
10-14 00:52:51.876  6841 27923 W MessageQueue: Handler (amra) {1fc0276} sending message to a Handler on a dead thread
10-14 00:52:51.876  6841 27923 W MessageQueue: java.lang.IllegalStateException: Handler (amra) {1fc0276} sending message to a Handler on a dead thread
10-14 00:52:51.876  6841 27923 W MessageQueue: 	at android.os.MessageQueue.enqueueMessage(MessageQueue.java:546)
10-14 00:52:51.876  6841 27923 W MessageQueue: 	at android.os.Handler.enqueueMessage(Handler.java:745)
10-14 00:52:51.876  6841 27923 W MessageQueue: 	at android.os.Handler.sendMessageAtTime(Handler.java:697)
10-14 00:52:51.876  6841 27923 W MessageQueue: 	at android.os.Handler.sendMessageDelayed(Handler.java:667)
10-14 00:52:51.876  6841 27923 W MessageQueue: 	at android.os.Handler.postDelayed(Handler.java:469)
10-14 00:52:51.876  6841 27923 W MessageQueue: 	at amrd.f(PG:53)
10-14 00:52:51.876  6841 27923 W MessageQueue: 	at amra.handleMessage(PG:218)
10-14 00:52:51.876  6841 27923 W MessageQueue: 	at android.os.Handler.dispatchMessage(Handler.java:106)
10-14 00:52:51.876  6841 27923 W MessageQueue: 	at android.os.Looper.loop(Looper.java:193)
10-14 00:52:51.876  6841 27923 W MessageQueue: 	at android.os.HandlerThread.run(HandlerThread.java:65)
10-14 00:52:51.885  2953  2969 E NotificationService: Suppressing notification from package by user request.
10-14 00:52:51.886  2953  2969 E NotificationService: Suppressing notification from package by user request.
10-14 00:52:51.886  2953  3042 D ConnectivityService: releasing NetworkRequest [ TRACK_DEFAULT id=188, [ Capabilities: INTERNET&NOT_RESTRICTED&TRUSTED Unwanted:  Uid: 10023] ] (release request)
10-14 00:52:52.094  6841  3236 W YouTube : Transfer wakelock held for 197 ms
10-14 00:52:52.117  2953  2969 E NotificationService: Suppressing notification from package by user request.
10-14 00:52:52.331  2760  2760 I memtrack@1.0-se: type=1400 audit(0.0:1788): avc: denied { read } for name="mem_profile" dev="debugfs" ino=2850 scontext=u:r:hal_memtrack_default:s0 tcontext=u:object_r:debugfs:s0 tclass=file permissive=1
10-14 00:52:52.331  2760  2760 I memtrack@1.0-se: type=1400 audit(0.0:1789): avc: denied { open } for path="/sys/kernel/debug/mali0/ctx/3106_3/mem_profile" dev="debugfs" ino=2850 scontext=u:r:hal_memtrack_default:s0 tcontext=u:object_r:debugfs:s0 tclass=file permissive=1
10-14 00:52:52.331  2760  2760 I memtrack@1.0-se: type=1400 audit(0.0:1790): avc: denied { getattr } for path="/sys/kernel/debug/mali0/ctx/3106_3/mem_profile" dev="debugfs" ino=2850 scontext=u:r:hal_memtrack_default:s0 tcontext=u:object_r:debugfs:s0 tclass=file permissive=1
10-14 00:52:52.435  4078  4078 I tutu.ABenchMark: type=1400 audit(0.0:1791): avc: denied { open } for path="/proc/vmstat" dev="proc" ino=4026531993 scontext=u:r:untrusted_app_27:s0:c512,c768 tcontext=u:object_r:proc_vmstat:s0 tclass=file permissive=1
10-14 00:52:52.435  4078  4078 I tutu.ABenchMark: type=1400 audit(0.0:1792): avc: denied { getattr } for path="/proc/vmstat" dev="proc" ino=4026531993 scontext=u:r:untrusted_app_27:s0:c512,c768 tcontext=u:object_r:proc_vmstat:s0 tclass=file permissive=1
10-14 00:52:54.071  2747  7191 W amlaudioMixer: mixer_get_presentation_position(), port not ready now
10-14 00:52:54.071  2747  7191 W audio-subMixingFactory: out_get_presentation_position_port(), pts not valid yet
10-14 00:52:54.071  2747  7191 I audio-subMixingFactory: ++usecase_change_validate_l_sm: dev usecase masks = 0, out usecase_masks = 0, out usecase STREAM_PCM_NORMAL
10-14 00:52:54.071  2747  7191 I audio-subMixingFactory: ++++usecase_change_validate_l_sm(),continuous_audio_mode 0 dev usecase masks = 0, out usecase_masks = 0, out usecase STREAM_PCM_NORMAL
10-14 00:52:54.071  2747  7191 I audio-subMixingFactory: usecase_change_validate_l_sm(), mixer_aux_buffer_write_sm !
10-14 00:52:54.071  2747  7191 I audio-subMixingFactory: ----usecase_change_validate_l_sm(), continuous_audio_mode 0 dev usecase masks = 0x1, out usecase_masks = 0x1, out usecase STREAM_PCM_NORMAL
10-14 00:52:54.071  2747  7191 I aml_audio_port: get_input_port_index(), samplerate 48000
10-14 00:52:54.071  2747  7191 D aml_audio_port: new_input_port(), index:0, rbuf size:8192, direct_on:0
10-14 00:52:54.071  2747  7191 D aml_audio_port: new_input_port(), fmt 0x1, rate 48000
10-14 00:52:54.071  2747  7191 I amlaudioMixer: ++init_mixer_input_port port index 0, size 512 frames
10-14 00:52:54.071  2747  7191 I amlaudioMixer: init_mixer_input_port(), port->initial_frames: 34493440
10-14 00:52:54.071  2747  7191 I aml_audio_port: get_input_port_index(), samplerate 48000
10-14 00:52:54.071  2747  7191 I audio-subMixingFactory: mixer_aux_buffer_write_sm(), primary 0xee3ca000 port index = 0
10-14 00:52:54.071  2747  7191 I audio-subMixingFactory: padding_bytes 16384
10-14 00:52:54.071  2747  7191 I amlaudioMixer: port index 0 is active now
10-14 00:52:54.071  2747  7191 I audio-subMixingFactory: padding_bytes 14336
10-14 00:52:54.072  2747  7191 I audio-subMixingFactory: padding_bytes 12288
10-14 00:52:54.072  2747  7191 I audio-subMixingFactory: padding_bytes 10240
10-14 00:52:54.072  2747  7191 I audio-subMixingFactory: padding_bytes 8192
10-14 00:52:54.072  2747  7191 I audio-subMixingFactory: padding_bytes 6144
10-14 00:52:54.076  2747  7191 I audio-subMixingFactory: padding_bytes 4096
10-14 00:52:54.076  2747  7191 I audio-subMixingFactory: padding_bytes 2048
10-14 00:52:54.086  2747  7191 W amlaudioMixer: mixer_get_presentation_position(), not valid now
10-14 00:52:54.086  2747  7191 W audio-subMixingFactory: out_get_presentation_position_port(), pts not valid yet
10-14 00:52:54.096  2747  7191 W amlaudioMixer: mixer_get_presentation_position(), not valid now
10-14 00:52:54.096  2747  7191 W audio-subMixingFactory: out_get_presentation_position_port(), pts not valid yet
10-14 00:52:54.111  2766  2911 D AudioFlinger: mixer(0xeb583ac0) throttle end: throttle time(6)
10-14 00:52:57.143  2953  2975 D AutofillManagerService: Close system dialogs
10-14 00:52:57.144  2953  3738 I ActivityManager: START u0 {act=android.intent.action.MAIN cat=[android.intent.category.HOME] flg=0x10000000 cmp=com.android.launcher3/.Launcher (has extras)} from uid 10024
10-14 00:52:57.154  3106  3106 V StatusBar: mStatusBarWindow: com.android.systemui.statusbar.phone.StatusBarWindowView{530a9c0 V.ED..... ........ 0,0-1360,31} canPanelBeCollapsed(): false
10-14 00:52:57.154  3106  3106 I vol.Events: writeEvent dismiss_dialog volume_controller
10-14 00:52:57.200  2756  2902 I chatty  : uid=1000(system) HwBinder:2756_1 expire 18 lines
10-14 00:52:57.201  3527  3638 D mali_winsys: EGLint new_window_surface(egl_winsys_display *, void *, EGLSurface, EGLConfig, egl_winsys_surface **, EGLBoolean) returns 0x3000
10-14 00:52:57.207  3527  3527 I RenderThread: type=1400 audit(0.0:1796): avc: denied { read } for name="gralloc.odroidn2.so" dev="mmcblk0p12" ino=705 scontext=u:r:priv_app:s0:c512,c768 tcontext=u:object_r:vendor_file:s0 tclass=file permissive=1
10-14 00:52:57.207  3527  3527 I RenderThread: type=1400 audit(0.0:1797): avc: denied { open } for path="/vendor/lib/hw/gralloc.odroidn2.so" dev="mmcblk0p12" ino=705 scontext=u:r:priv_app:s0:c512,c768 tcontext=u:object_r:vendor_file:s0 tclass=file permissive=1
10-14 00:52:57.207  3527  3527 I RenderThread: type=1400 audit(0.0:1798): avc: denied { getattr } for path="/vendor/lib/hw/gralloc.odroidn2.so" dev="mmcblk0p12" ino=705 scontext=u:r:priv_app:s0:c512,c768 tcontext=u:object_r:vendor_file:s0 tclass=file permissive=1
10-14 00:52:57.227  3527  3638 W libEGL  : EGLNativeWindowType 0xe096b808 disconnect failed
10-14 00:52:57.229  3527  3638 D mali_winsys: EGLint new_window_surface(egl_winsys_display *, void *, EGLSurface, EGLConfig, egl_winsys_surface **, EGLBoolean) returns 0x3000
10-14 00:52:57.378  3106  3106 I ImageWallpaper: Redrawing in rect: RectF(0.0, 0.0, 2331.0, 1920.0) with surface size: 2331x1920
10-14 00:52:57.378  3106  3352 D mali_winsys: EGLint new_window_surface(egl_winsys_display *, void *, EGLSurface, EGLConfig, egl_winsys_surface **, EGLBoolean) returns 0x3000
10-14 00:52:57.421  2636  2718 W libEGL  : EGLNativeWindowType 0xc8afe008 disconnect failed
10-14 00:52:57.462  2636  2645 W System  : A resource failed to call close. 
10-14 00:52:57.512  2636  2636 W MediaRouter: Ignoring invalid provider descriptor: null
10-14 00:52:57.513  3599  4242 I DiscoveryManager: Filter criteria(null) scannerFlags(0)
10-14 00:52:57.515  3599  4242 W GuestModeDeviceProber: setFilterCriteria
10-14 00:52:57.711  2953  7801 I chatty  : uid=1000(system) RenderThread expire 15 lines
10-14 00:52:57.757  2636  2636 D EventBus: No subscribers registered for event class com.iloen.melon.eventbus.EventMelonSport$PlayerFinish
10-14 00:52:57.757  2636  2636 D EventBus: No subscribers registered for event class org.greenrobot.eventbus.NoSubscriberEvent
10-14 00:52:57.774  2636  2636 I ExoPlayerImpl: Release ce50c27 [ExoPlayerLib/2.11.7] [odroidn2, odroidn2, HardKernel Co., Ltd., 28] [goog.exo.core]
10-14 00:52:57.774  2636  2636 D EventBus: No subscribers registered for event class com.iloen.melon.eventbus.EventPlayback$ServiceUnbound
10-14 00:52:57.774  2636  2636 D EventBus: No subscribers registered for event class org.greenrobot.eventbus.NoSubscriberEvent
10-14 00:52:58.303  2636  2636 D EventBus: No subscribers registered for event class com.iloen.melon.eventbus.EventActivityState$EventActivityStarted
10-14 00:52:58.304  2636  2636 D EventBus: No subscribers registered for event class org.greenrobot.eventbus.NoSubscriberEvent
10-14 00:52:58.361  2636  2718 D mali_winsys: EGLint new_window_surface(egl_winsys_display *, void *, EGLSurface, EGLConfig, egl_winsys_surface **, EGLBoolean) returns 0x3000
10-14 00:52:58.396  2636  2636 I ExoPlayerImpl: Init 29193c7 [ExoPlayerLib/2.11.7] [odroidn2, odroidn2, HardKernel Co., Ltd., 28]
10-14 00:52:58.399  2953  2969 W BroadcastQueue: Permission Denial: broadcasting Intent { act=android.net.conn.CONNECTIVITY_CHANGE flg=0x4200010 (has extras) } from null (pid=-1, uid=-1) requires com.iloen.melon.permission.SIG_PERMISSION due to registered receiver BroadcastFilter{8a21652 u0 ReceiverList{c29badd 2636 com.iloen.melon/10106/u0 remote:72c3eb4}}
10-14 00:52:58.449  2636  2636 W StaticLayout: maxLineHeight should not be -1.  maxLines:1 lineCount:1
10-14 00:52:58.466  2636  2636 W StaticLayout: maxLineHeight should not be -1.  maxLines:1 lineCount:1
10-14 00:52:58.646  3527  3638 W libEGL  : EGLNativeWindowType 0xe096b808 disconnect failed
10-14 00:52:58.708  3599  4242 I DiscoveryManager: Filter criteria(D109AB2A) scannerFlags(0)
10-14 00:52:58.710  3599  4242 W GuestModeDeviceProber: setFilterCriteria
10-14 00:52:58.714  2953  3039 I chatty  : uid=1000(system) WifiStateMachin expire 9 lines
10-14 00:52:58.714 11266 11310 I Finsky  : [480] ngd.run(36): Stats for Executor: BlockingExecutor nih@90de174[Running, pool size = 0, active threads = 0, queued tasks = 0, completed tasks = 316]
10-14 00:52:58.718  3599  4242 E DeviceScanner: [BLE] Failed to start scan because the Bluetooth is disabled.
10-14 00:52:58.720 11266 11310 I Finsky  : [480] ngd.run(36): Stats for Executor: LightweightExecutor nih@952869d[Running, pool size = 4, active threads = 0, queued tasks = 0, completed tasks = 497]
10-14 00:52:58.724  3599  4242 E DeviceScanner: [BLE] Failed to start scan because the Bluetooth is disabled.
10-14 00:52:58.813  2768  2841 I chatty  : uid=1000(system) Binder:2768_1 expire 10 lines
10-14 00:52:58.857 11266 11310 I Finsky  : [480] ngd.run(36): Stats for Executor: bgExecutor nih@7955712[Running, pool size = 4, active threads = 0, queued tasks = 0, completed tasks = 783]
10-14 00:52:59.151  4078  4078 D skia    : --- Failed to create image decoder with message 'unimplemented'
10-14 00:52:59.171  4078  4078 I tutu.ABenchMark: type=1400 audit(0.0:1799): avc: denied { open } for path="/proc/stat" dev="proc" ino=4026531957 scontext=u:r:untrusted_app_27:s0:c512,c768 tcontext=u:object_r:proc_stat:s0 tclass=file permissive=1
10-14 00:52:59.171  4078  4078 I tutu.ABenchMark: type=1400 audit(0.0:1800): avc: denied { getattr } for path="/proc/stat" dev="proc" ino=4026531957 scontext=u:r:untrusted_app_27:s0:c512,c768 tcontext=u:object_r:proc_stat:s0 tclass=file permissive=1
10-14 00:52:59.175  4078  4078 I tutu.ABenchMark: type=1400 audit(0.0:1801): avc: denied { read } for name="temp" dev="sysfs" ino=8951 scontext=u:r:untrusted_app_27:s0:c512,c768 tcontext=u:object_r:sysfs:s0 tclass=file permissive=1
10-14 00:52:59.175  4078  4078 I tutu.ABenchMark: type=1400 audit(0.0:1802): avc: denied { open } for path="/sys/devices/virtual/thermal/thermal_zone0/temp" dev="sysfs" ino=8951 scontext=u:r:untrusted_app_27:s0:c512,c768 tcontext=u:object_r:sysfs:s0 tclass=file permissive=1
10-14 00:52:59.175  4078  4078 I tutu.ABenchMark: type=1400 audit(0.0:1803): avc: denied { getattr } for path="/sys/devices/virtual/thermal/thermal_zone0/temp" dev="sysfs" ino=8951 scontext=u:r:untrusted_app_27:s0:c512,c768 tcontext=u:object_r:sysfs:s0 tclass=file permissive=1
10-14 00:52:59.180  4078  4078 D skia    : --- Failed to create image decoder with message 'unimplemented'
10-14 00:52:59.708  2953  2953 W WindowManager: removeWindowToken: Attempted to remove non-existing token: android.os.Binder@a67d4a9
10-14 00:53:00.961  2756  2903 I chatty  : uid=1000(system) HwBinder:2756_2 expire 21 lines
10-14 00:53:00.971  2636  2718 D mali_winsys: EGLint new_window_surface(egl_winsys_display *, void *, EGLSurface, EGLConfig, egl_winsys_surface **, EGLBoolean) returns 0x3000
10-14 00:53:01.720  3599  4242 W AdaptiveDiscoveryWorker: Exiting Adaptive Discovery. Current HOTSPOT_BSSID is NULL.
10-14 00:53:02.119  2636  2718 W libEGL  : EGLNativeWindowType 0xc8aec008 disconnect failed
10-14 00:53:02.119  2636  2718 D OpenGLRenderer: endAllActiveAnimators on 0xc3940f80 (AlertController$RecycleListView) with handle 0xc2f85090
10-14 00:53:02.133  2953  3738 I ActivityManager: START u0 {act=com.kakao.talk.intent.action.CAPRI_LOGGED_IN_ACTIVITY cat=[android.intent.category.DEFAULT] flg=0x10000 cmp=com.kakao.talk/com.kakao.sdk.CapriLoggedInActivity (has extras)} from uid 10106
10-14 00:53:02.165  2953  2971 I ActivityManager: Start proc 3264:com.kakao.talk/u0a80 for activity com.kakao.talk/com.kakao.sdk.CapriLoggedInActivity
10-14 00:53:02.171  3264  3264 I Zygote  : seccomp disabled by setenforce 0
10-14 00:53:02.173  2766  2911 D AudioFlinger: mixer(0xeb583ac0) throttle end: throttle time(1)
10-14 00:53:02.175  3264  3264 I chatty  : uid=10080(com.kakao.talk) expire 190 lines
10-14 00:53:02.380  3106  3352 W libEGL  : EGLNativeWindowType 0xcd1da008 disconnect failed
10-14 00:53:02.452  3599  4242 I DiscoveryManager: Filter criteria(null) scannerFlags(0)
10-14 00:53:02.452  2636  2636 W MediaRouter: Ignoring invalid provider descriptor: null
10-14 00:53:02.453  3599  4242 W GuestModeDeviceProber: setFilterCriteria
10-14 00:53:02.633  3264  3321 I chatty  : uid=10080(com.kakao.talk) expire 2 lines
10-14 00:53:02.657  2636  2636 D EventBus: No subscribers registered for event class com.iloen.melon.eventbus.EventMelonSport$PlayerFinish
10-14 00:53:02.657  2636  2636 D EventBus: No subscribers registered for event class org.greenrobot.eventbus.NoSubscriberEvent
10-14 00:53:02.663  2636  2636 I ExoPlayerImpl: Release 29193c7 [ExoPlayerLib/2.11.7] [odroidn2, odroidn2, HardKernel Co., Ltd., 28] [goog.exo.core]
10-14 00:53:02.663  2636  2636 D EventBus: No subscribers registered for event class com.iloen.melon.eventbus.EventPlayback$ServiceUnbound
10-14 00:53:02.663  2636  2636 D EventBus: No subscribers registered for event class org.greenrobot.eventbus.NoSubscriberEvent
10-14 00:53:02.781  3264  3317 I chatty  : uid=10080(com.kakao.talk) expire 15 lines
10-14 00:53:02.851  3264  3335 I chatty  : uid=10080(com.kakao.talk) expire 1 line
10-14 00:53:03.023  3264  3350 I chatty  : uid=10080(com.kakao.talk) expire 2 lines
10-14 00:53:03.046  2953  2969 W BroadcastQueue: Background execution not allowed: receiving Intent { act=android.intent.action.DROPBOX_ENTRY_ADDED flg=0x10 (has extras) } to com.google.android.gms/.stats.service.DropBoxEntryAddedReceiver
10-14 00:53:03.046  2953  2969 W BroadcastQueue: Background execution not allowed: receiving Intent { act=android.intent.action.DROPBOX_ENTRY_ADDED flg=0x10 (has extras) } to com.google.android.gms/.chimera.GmsIntentOperationService$PersistentTrustedReceiver
10-14 00:53:03.069  2953  6834 I ActivityManager: START u0 {cmp=com.kakao.talk/.activity.MustHavePermissionGrantActivity} from uid 10080
10-14 00:53:03.111  2953  6834 W ActivityManager: Duplicate finish request for ActivityRecord{a76436b u0 com.kakao.talk/com.kakao.sdk.CapriLoggedInActivity t17 f}
10-14 00:53:03.197  2953  4992 D BluetoothManagerService: Trying to bind to profile: 1, while Bluetooth was disabled
10-14 00:53:03.209  2783  2783 E AmFFmpegExtractor: codec_ctx->properties0
10-14 00:53:03.210  2783  2855 E AmFFmpegExtractor: codec_ctx->properties0
10-14 00:53:03.220  2783  2855 E exFFmpeg: [wav @ 0xe408e000] EOF Found
10-14 00:53:03.221  2783  2855 E AmFFmpegExtractor: codec_ctx->properties0
10-14 00:53:03.221  2783  2855 E AmFFmpegExtractor: vendor do not support
10-14 00:53:03.221  2783  2783 E exFFmpeg: [wav @ 0xe7568600] EOF Found
10-14 00:53:03.221  2783  2783 E AmFFmpegExtractor: codec_ctx->properties0
10-14 00:53:03.222  2783  2783 E AmFFmpegExtractor: vendor do not support
10-14 00:53:03.222  3264  3372 I chatty  : uid=10080(com.kakao.talk) expire 3 lines
10-14 00:53:03.223  3264  3370 I chatty  : uid=10080(com.kakao.talk) expire 3 lines
10-14 00:53:03.225  3264  3374 I chatty  : uid=10080(com.kakao.talk) expire 4 lines
10-14 00:53:03.225  3264  3373 I chatty  : uid=10080(com.kakao.talk) expire 4 lines
10-14 00:53:03.226  2789 16012 I OMXMaster: makeComponentInstance(OMX.google.raw.decoder) in omx@1.0-service process
10-14 00:53:03.226  2789  2789 I OMXMaster: makeComponentInstance(OMX.google.raw.decoder) in omx@1.0-service process
10-14 00:53:03.227  2789  2857 E OMXNodeInstance: getConfig(0xe78a7cc0:google.raw.decoder, ConfigAndroidVendorExtension(0x6f100004)) ERROR: Undefined(0x80001001)
10-14 00:53:03.227  2789  2789 E OMXNodeInstance: getConfig(0xe78a80e0:google.raw.decoder, ConfigAndroidVendorExtension(0x6f100004)) ERROR: Undefined(0x80001001)
10-14 00:53:03.229  2746  2746 W AshmemAllocator: ashmem_create_region(65536) returning hidl_memory(0xf1298180, 65536)
10-14 00:53:03.237  2746  2746 I chatty  : uid=1000(system) allocator@1.0-s identical 35 lines
10-14 00:53:03.237  2746  2746 W AshmemAllocator: ashmem_create_region(65536) returning hidl_memory(0xf1298180, 65536)
10-14 00:53:03.237  2783  2855 D MediaBufferGroup: creating MemoryDealer
10-14 00:53:03.238  2783  2783 D MediaBufferGroup: creating MemoryDealer
10-14 00:53:03.254  2783  2855 E AmFFmpegExtractor: codec_ctx->properties0
10-14 00:53:03.257  2783  3208 E AmFFmpegExtractor: codec_ctx->properties0
10-14 00:53:03.267  2783  2855 E exFFmpeg: [wav @ 0xe408e000] EOF Found
10-14 00:53:03.268  2783  2855 E AmFFmpegExtractor: codec_ctx->properties0
10-14 00:53:03.268  2783  2855 E AmFFmpegExtractor: vendor do not support
10-14 00:53:03.270  3264  3383 I chatty  : uid=10080(com.kakao.talk) expire 4 lines
10-14 00:53:03.271  2789 16012 I OMXMaster: makeComponentInstance(OMX.google.raw.decoder) in omx@1.0-service process
10-14 00:53:03.271  2783  3208 E exFFmpeg: [wav @ 0xe4093400] EOF Found
10-14 00:53:03.272  2783  3208 E AmFFmpegExtractor: codec_ctx->properties0
