10-14 03:46:36.244 29897 30055 D mali_winsys: EGLint new_window_surface(egl_winsys_display *, void *, EGLSurface, EGLConfig, egl_winsys_surface **, EGLBoolean) returns 0x3000
10-14 03:46:36.268  2756  2903 I [Gralloc]: framebuffer hal alread move to hwcomposer
10-14 03:46:36.268  2756  2903 E gralloc : ioctl c0144900 failed with code -1: Operation not permitted
10-14 03:46:36.280 29897 29897 W ActivityThread: handleWindowVisibility: no activity for token android.os.BinderProxy@81d917c
10-14 03:46:36.295 29897 29897 I KOIN    : +-- 'com.locnall.KimGiSa.drive.viewmodel.NaviViewModel'
10-14 03:46:36.296 29897 29897 I KOIN    : |	+-- 'f.m.a.m.m.m'
10-14 03:46:36.296 29897 29897 I KOIN    : |	|	+-- 'f.m.a.m.l.d'
10-14 03:46:36.297 29897 29897 I KOIN    : |	|	\-- (*) Created
10-14 03:46:36.297 29897 29897 I KOIN    : |	\-- (*) Created
10-14 03:46:36.297 29897 29897 I KOIN    : |	+-- 'f.m.a.x.a.c.d.h'
10-14 03:46:36.297 29897 29897 I KOIN    : |	+-- 'f.m.a.x.a.c.d.n'
10-14 03:46:36.298 29897 29897 I KOIN    : |	+-- 'f.m.a.x.a.c.d.j'
10-14 03:46:36.298 29897 29897 I KOIN    : |	|	+-- 'f.m.a.x.a.a.c.a.d'
10-14 03:46:36.298 29897 29897 I KOIN    : |	|	|	+-- 'f.m.a.x.c.t'
10-14 03:46:36.298 29897 29897 I KOIN    : |	|	\-- (*) Created
10-14 03:46:36.298 29897 29897 I KOIN    : |	\-- (*) Created
10-14 03:46:36.298 29897 29897 I KOIN    : |	+-- 'f.m.a.m.i.c'
10-14 03:46:36.298 29897 29897 I KOIN    : |	\-- (*) Created
10-14 03:46:36.299 29897 29897 I KOIN    : |	+-- 'f.m.a.m.m.g'
10-14 03:46:36.299 29897 29897 I KOIN    : |	|	+-- 'f.m.a.m.l.d'
10-14 03:46:36.299 29897 29897 I KOIN    : |	|	\-- (*) Created
10-14 03:46:36.299 29897 29897 I KOIN    : |	\-- (*) Created
10-14 03:46:36.299 29897 29897 I KOIN    : |	+-- 'f.m.a.m.m.o'
10-14 03:46:36.299 29897 29897 I KOIN    : |	|	+-- 'f.m.a.m.l.n'
10-14 03:46:36.300 29897 29897 I KOIN    : |	|	|	+-- 'f.m.b.b.b.b'
10-14 03:46:36.301 29897 29897 I KOIN    : |	|	|	+-- 'f.m.a.x.c.x'
10-14 03:46:36.301 29897 29897 I KOIN    : |	|	\-- (*) Created
10-14 03:46:36.301 29897 29897 I KOIN    : |	\-- (*) Created
10-14 03:46:36.303 29897 29897 I KOIN    : \-- (*) Created
10-14 03:46:36.560 29897 29897 D NaviXkakaoI: contentViewState: NONE -> INIT accepted
10-14 03:46:36.589 29897 29897 I KOIN    : +-- 'com.locnall.KimGiSa.drive.viewmodel.HighWayViewModel'
10-14 03:46:36.589 29897 29897 I KOIN    : \-- (*) Created
10-14 03:46:36.590  2783  2783 E AmFFmpegExtractor: codec_ctx->properties：0
10-14 03:46:36.591 29897 29897 I KOIN    : +-- 'f.m.a.m.p.q'
10-14 03:46:36.591 29897 29897 I KOIN    : \-- (*) Created
10-14 03:46:36.594 29897 29897 I KOIN    : +-- 'f.m.a.m.p.n'
10-14 03:46:36.595 29897 29897 I KOIN    : \-- (*) Created
10-14 03:46:36.595 29897 29897 I KOIN    : +-- 'f.m.a.m.p.z'
10-14 03:46:36.596 29897 29897 I KOIN    : \-- (*) Created
10-14 03:46:36.598 29897 29897 I KOIN    : +-- 'f.m.a.m.p.P'
10-14 03:46:36.598 29897 29897 I KOIN    : \-- (*) Created
10-14 03:46:36.600 29897 29897 I KOIN    : +-- 'f.m.a.m.p.h'
10-14 03:46:36.601 29897 29897 I KOIN    : \-- (*) Created
10-14 03:46:36.602 29897 29897 I KOIN    : +-- 'f.m.a.m.p.ha'
10-14 03:46:36.603 29897 29897 I KOIN    : \-- (*) Created
10-14 03:46:36.604 29897 29897 I KOIN    : +-- 'com.locnall.KimGiSa.drive.viewmodel.EmergencyViewModel'
10-14 03:46:36.605 29897 29897 I KOIN    : \-- (*) Created
10-14 03:46:36.605  2783  2783 E exFFmpeg: [mp3 @ 0xe7568600] EOF Found
10-14 03:46:36.605  2783  2783 E AmFFmpegExtractor: codec_ctx->properties：0
10-14 03:46:36.605  2783  2783 E AmFFmpegExtractor: vendor do not support
10-14 03:46:36.606 29897 29897 I KOIN    : +-- 'f.m.a.m.p.i'
10-14 03:46:36.606 29897 32079 I AmAVUtils: set profile 1668446539 level:0
10-14 03:46:36.607 29897 29897 I KOIN    : |	+-- 'f.m.a.m.m.b'
10-14 03:46:36.607 29897 29897 I KOIN    : |	|	+-- 'f.m.a.m.l.a.e'
10-14 03:46:36.608 29897 29897 I KOIN    : |	|	\-- (*) Created
10-14 03:46:36.608 29897 29897 I KOIN    : |	\-- (*) Created
10-14 03:46:36.608 29897 32080 I OMXClient: IOmx service obtained
10-14 03:46:36.608  2789  3349 I OMXMaster: makeComponentInstance(OMX.google.mp3.decoder) in omx@1.0-service process
10-14 03:46:36.609 29897 29897 I KOIN    : \-- (*) Created
10-14 03:46:36.611 29897 29897 I KOIN    : +-- 'f.m.a.m.p.E'
10-14 03:46:36.611 29897 29897 I KOIN    : |	+-- 'f.m.a.m.m.p'
10-14 03:46:36.611 29897 32080 I AmAVUtils: AmAVUtils::getComponentRole isEncoder :0 mime:audio/mpeg 
10-14 03:46:36.611 29897 32080 V AVUtils : AVUtils::getComponentRole
10-14 03:46:36.611 29897 29897 I KOIN    : |	\-- (*) Created
10-14 03:46:36.612 29897 29897 I KOIN    : \-- (*) Created
10-14 03:46:36.612 29897 32080 I AmAVUtils: AmAVUtils::isAudioExtendFormat input = audio/mpeg
10-14 03:46:36.612  2789  3349 E OMXNodeInstance: getConfig(0xe78a7d80:google.mp3.decoder, ConfigAndroidVendorExtension(0x6f100004)) ERROR: Undefined(0x80001001)
10-14 03:46:36.614  2746  2746 W AshmemAllocator: ashmem_create_region(8192) returning hidl_memory(0xf1298180, 8192)
10-14 03:46:36.615  2746  2746 I chatty  : uid=1000(system) allocator@1.0-s identical 2 lines
10-14 03:46:36.615  2746  2746 W AshmemAllocator: ashmem_create_region(8192) returning hidl_memory(0xf1298180, 8192)
10-14 03:46:36.616  2746  2746 W AshmemAllocator: ashmem_create_region(9216) returning hidl_memory(0xf1298180, 9216)
10-14 03:46:36.617  2746  2746 I chatty  : uid=1000(system) allocator@1.0-s identical 2 lines
10-14 03:46:36.617  2746  2746 W AshmemAllocator: ashmem_create_region(9216) returning hidl_memory(0xf1298180, 9216)
10-14 03:46:36.619 29897 29897 I KOIN    : +-- 'f.m.a.m.p.Y'
10-14 03:46:36.620 29897 29897 I KOIN    : \-- (*) Created
10-14 03:46:36.621 29897 29897 I KOIN    : +-- 'f.m.a.m.p.da'
10-14 03:46:36.621 29897 29897 I KOIN    : \-- (*) Created
10-14 03:46:36.624 29897 29897 I KOIN    : +-- 'f.m.a.m.p.ba'
10-14 03:46:36.625 29897 29897 I KOIN    : \-- (*) Created
10-14 03:46:36.625 29897 29897 I KOIN    : +-- 'f.m.a.m.p.ca'
10-14 03:46:36.626 29897 29897 I KOIN    : \-- (*) Created
10-14 03:46:36.628 29897 29897 I KOIN    : +-- 'com.locnall.KimGiSa.drive.viewmodel.BottomViewModel'
10-14 03:46:36.628 29897 29897 I KOIN    : \-- (*) Created
10-14 03:46:36.632 29897 29897 I KOIN    : +-- 'com.locnall.KimGiSa.drive.viewmodel.InfoViewModel'
10-14 03:46:36.633 29897 29897 I KOIN    : \-- (*) Created
10-14 03:46:36.635 29897 29897 I KOIN    : +-- 'f.m.a.m.p.m'
10-14 03:46:36.636 29897 29897 I KOIN    : \-- (*) Created
10-14 03:46:36.638 29897 29897 I KOIN    : +-- 'com.locnall.KimGiSa.drive.viewmodel.AroundInfoContainerViewModel'
10-14 03:46:36.639 29897 29897 I KOIN    : \-- (*) Created
10-14 03:46:36.641 29897 29897 I KOIN    : +-- 'f.m.a.m.p.l'
10-14 03:46:36.642 29897 29897 I KOIN    : |	+-- 'f.m.a.x.a.c.d.h'
10-14 03:46:36.642 29897 29897 I KOIN    : \-- (*) Created
10-14 03:46:36.646 29897 29897 I KOIN    : +-- 'f.m.a.m.p.A'
10-14 03:46:36.647 29897 29897 I KOIN    : \-- (*) Created
10-14 03:46:36.648 29897 29897 I KOIN    : +-- 'f.m.a.m.p.s'
10-14 03:46:36.649 29897 29897 I KOIN    : \-- (*) Created
10-14 03:46:36.650 29897 29897 I KOIN    : +-- 'f.m.a.m.p.a'
10-14 03:46:36.650 29897 29897 I KOIN    : |	+-- 'f.m.a.x.a.c.d.n'
10-14 03:46:36.651 29897 29897 I KOIN    : \-- (*) Created
10-14 03:46:36.652 29897 29897 I KOIN    : +-- 'f.m.a.m.p.o'
10-14 03:46:36.652 29897 29897 I KOIN    : \-- (*) Created
10-14 03:46:36.663 29897 29897 I KOIN    : +-- 'f.m.a.m.p.V'
10-14 03:46:36.663 29897 29897 I KOIN    : \-- (*) Created
10-14 03:46:36.665 29897 29897 I KOIN    : +-- 'f.m.a.m.p.X'
10-14 03:46:36.665 29897 29897 I KOIN    : \-- (*) Created
10-14 03:46:36.667 29897 29897 I KOIN    : +-- 'com.locnall.KimGiSa.drive.viewmodel.HudViewModel'
10-14 03:46:36.669 29897 29897 I KOIN    : \-- (*) Created
10-14 03:46:36.670 29897 29897 I KOIN    : +-- 'f.m.a.m.p.ea'
10-14 03:46:36.670 29897 29897 I KOIN    : \-- (*) Created
10-14 03:46:36.671 29897 29897 I KOIN    : +-- 'f.m.a.m.p.B'
10-14 03:46:36.672 29897 29897 I KOIN    : \-- (*) Created
10-14 03:46:36.673 29897 29897 I KOIN    : +-- 'f.m.a.m.p.ia'
10-14 03:46:36.673 29897 29897 I KOIN    : \-- (*) Created
10-14 03:46:36.674 29897 29897 D kakaoNavi: NaviActivity.startGuide() > rgrpContainer = com.kakao.KakaoNaviSDK.Engine.DGuidance.KNRGRPContainer@f58f0ff, routeInfo = com.kakao.KakaoNaviSDK.Engine.DGuidance.reference.KNRouteInfo@eb6b1f9, stacktrace = com.locnall.KimGiSa.drive.activity.NaviActivity, initialize
10-14 03:46:36.675 29897 29897 D kakaoNavi: NaviPlugin.requestStartDriveGuidance() > rgrpContainer = com.kakao.KakaoNaviSDK.Engine.DGuidance.KNRGRPContainer@f58f0ff , rgrpContainer.routeInfo = com.kakao.KakaoNaviSDK.Engine.DGuidance.reference.KNRouteInfo@eb6b1f9 , stacktrace = com.locnall.KimGiSa.drive.viewmodel.NaviViewModel, startDrive
10-14 03:46:36.689  2785  2858 V AmlogicNuPlayerFactoryInit:  create AmNuPlayer
10-14 03:46:36.689  2785  2858 I MessageMonitor: NU-AmNuPlayer MessageMonitor mDebugLevel 255
10-14 03:46:36.689  2785  2858 D NU-AmNuPlayerDriver: AmNuPlayerDriver(0xe593e140) created, clientPid(29897)
10-14 03:46:36.691  2785  2858 I MessageMonitor: NU-GenericSource MessageMonitor mDebugLevel 255
10-14 03:46:36.691  2785  2858 I NU-GenericSource: [resetDataSource 164]
10-14 03:46:36.691  2785  2858 I NU-GenericSource: [resetDataSource 164]
10-14 03:46:36.692  2785 32092 I NU-GenericSource: patch:
10-14 03:46:36.693  2785 32092 D NU-GenericSource: FileSource remote
10-14 03:46:36.694  2785 32092 I NU-GenericSource: >>>[initFromDataSource 236]
10-14 03:46:36.696  2783  2783 E AmFFmpegExtractor: codec_ctx->properties：0
10-14 03:46:36.696  2783  2783 E AmFFmpegExtractor: codec_ctx->properties：0
10-14 03:46:36.696  2783  2783 E AmFFmpegExtractor: vendor do not support
10-14 03:46:36.697  2785 32092 I NU-GenericSource: >>>MediaExtractor::Create [initFromDataSource 272]
10-14 03:46:36.699  2785 32092 I AmAnotherPacketSource: (audio/mpeg)IsUdp:0 mLimitiSize:2097152 mTotalCount:1000 
10-14 03:46:36.699  2785 32092 I NU-GenericSource: notifyPrepared 742
10-14 03:46:36.699  2785 32090 I NU-AmNuPlayer: notifyPrepareCompleted
10-14 03:46:36.699  2785 32090 D NU-AmNuPlayerDriver: notifyListener_l(0xe593e140), (1, 0, 0, -1), loop setting(0, 0)
10-14 03:46:36.701  2785 32090 I AmAVUtils: set profile 1668446539 level:0
10-14 03:46:36.707  2785  2858 V AmlogicNuPlayerFactoryInit:  create AmNuPlayer
10-14 03:46:36.707  2785  2858 I MessageMonitor: NU-AmNuPlayer MessageMonitor mDebugLevel 255
10-14 03:46:36.707  2785  2858 D NU-AmNuPlayerDriver: AmNuPlayerDriver(0xe593e000) created, clientPid(29897)
10-14 03:46:36.708  2785  2858 I MessageMonitor: NU-GenericSource MessageMonitor mDebugLevel 255
10-14 03:46:36.708  2785  2858 I NU-GenericSource: [resetDataSource 164]
10-14 03:46:36.708  2785  2858 I NU-GenericSource: [resetDataSource 164]
10-14 03:46:36.709  2785 32098 I NU-GenericSource: patch:
10-14 03:46:36.710  2785 32098 D NU-GenericSource: FileSource remote
10-14 03:46:36.711  2785 32098 I NU-GenericSource: >>>[initFromDataSource 236]
10-14 03:46:36.712  2783  6427 E AmFFmpegExtractor: codec_ctx->properties：0
10-14 03:46:36.712  2783  6427 E AmFFmpegExtractor: codec_ctx->properties：0
10-14 03:46:36.713  2783  6427 E AmFFmpegExtractor: vendor do not support
10-14 03:46:36.713  2785 32098 I NU-GenericSource: >>>MediaExtractor::Create [initFromDataSource 272]
10-14 03:46:36.714  2785 32098 I AmAnotherPacketSource: (audio/mpeg)IsUdp:0 mLimitiSize:2097152 mTotalCount:1000 
10-14 03:46:36.714  2785 32098 I NU-GenericSource: notifyPrepared 742
10-14 03:46:36.714  2785 32096 I NU-AmNuPlayer: notifyPrepareCompleted
10-14 03:46:36.714  2785 32096 D NU-AmNuPlayerDriver: notifyListener_l(0xe593e000), (1, 0, 0, -1), loop setting(0, 0)
10-14 03:46:36.715  2785 32096 I AmAVUtils: set profile 1668446539 level:0
10-14 03:46:36.719  2785  2785 V AmlogicNuPlayerFactoryInit:  create AmNuPlayer
10-14 03:46:36.719  2785  2785 I MessageMonitor: NU-AmNuPlayer MessageMonitor mDebugLevel 255
10-14 03:46:36.719  2785  2785 D NU-AmNuPlayerDriver: AmNuPlayerDriver(0xe593e640) created, clientPid(29897)
10-14 03:46:36.720  2785  2785 I MessageMonitor: NU-GenericSource MessageMonitor mDebugLevel 255
10-14 03:46:36.720  2785  2785 I NU-GenericSource: [resetDataSource 164]
10-14 03:46:36.720  2785  2785 I NU-GenericSource: [resetDataSource 164]
10-14 03:46:36.721  2785 32104 I NU-GenericSource: patch:
10-14 03:46:36.723  2785 32104 D NU-GenericSource: FileSource remote
10-14 03:46:36.724  2785 32104 I NU-GenericSource: >>>[initFromDataSource 236]
10-14 03:46:36.724  2783  6427 E AmFFmpegExtractor: codec_ctx->properties：0
10-14 03:46:36.725  2783  6427 E exFFmpeg: [mp3 @ 0xe5a78800] EOF Found
10-14 03:46:36.725  2783  6427 E AmFFmpegExtractor: codec_ctx->properties：0
10-14 03:46:36.725  2783  6427 E AmFFmpegExtractor: vendor do not support
10-14 03:46:36.725  2785 32104 I NU-GenericSource: >>>MediaExtractor::Create [initFromDataSource 272]
10-14 03:46:36.725  2785 32104 I AmAnotherPacketSource: (audio/mpeg)IsUdp:0 mLimitiSize:2097152 mTotalCount:1000 
10-14 03:46:36.725  2785 32104 I NU-GenericSource: notifyPrepared 742
10-14 03:46:36.726  2785 32102 I NU-AmNuPlayer: notifyPrepareCompleted
10-14 03:46:36.726  2785 32102 D NU-AmNuPlayerDriver: notifyListener_l(0xe593e640), (1, 0, 0, -1), loop setting(0, 0)
10-14 03:46:36.727  2785 32102 I AmAVUtils: set profile 1668446539 level:0
10-14 03:46:36.728  2785  2785 D NU-AmNuPlayerDriver: start(0xe593e140), state is 4, eos is 0
10-14 03:46:36.728  2785 32090 I NU-GenericSource: start
10-14 03:46:36.728  2785 32090 I AmAVUtils: set profile 1668446539 level:0
10-14 03:46:36.729  2785 32090 I MessageMonitor: NU-NuPlayerRenderer MessageMonitor mDebugLevel 255
10-14 03:46:36.730  2747  2888 I audio_hw_primary: ms12_enable :0
10-14 03:46:36.731  2766 16427 I hash_map_utils: key: 'dolby_ms12_enable' value: ''
10-14 03:46:36.731  2785 32090 I NU-NuPlayerRenderer: dolby_ms12_enable:0 
10-14 03:46:36.732  2785 32090 I AmAVUtils: set profile 1668446539 level:0
10-14 03:46:36.733  2785 32090 I MessageMonitor: NU-NuPlayerDecoder1635083342 MessageMonitor mDebugLevel 255
10-14 03:46:36.739  2785 32112 I OMXClient: IOmx service obtained
10-14 03:46:36.739  2789  3349 I OMXMaster: makeComponentInstance(OMX.google.mp3.decoder) in omx@1.0-service process
10-14 03:46:36.740  2785 32111 I NU-NuPlayerDecoder: sampleRate:44100 
10-14 03:46:36.741  2785 32112 I AmAVUtils: AmAVUtils::getComponentRole isEncoder :0 mime:audio/mpeg 
10-14 03:46:36.741  2785 32112 V AVUtils : AVUtils::getComponentRole
10-14 03:46:36.745  2785 32112 I AmAVUtils: AmAVUtils::isAudioExtendFormat input = audio/mpeg
10-14 03:46:36.745  2789  3349 E OMXNodeInstance: setConfig(0xe78a7fc0:google.mp3.decoder, ConfigPriority(0x6f800002)) ERROR: Undefined(0x80001001)
10-14 03:46:36.746  2785 32112 I ACodec  : codec does not support config priority (err -2147483648)
10-14 03:46:36.746  2789  3349 E OMXNodeInstance: getConfig(0xe78a7fc0:google.mp3.decoder, ConfigAndroidVendorExtension(0x6f100004)) ERROR: Undefined(0x80001001)
10-14 03:46:36.747  2785 32112 I MediaCodec: MediaCodec will operate in async mode
10-14 03:46:36.750  2746  2746 W AshmemAllocator: ashmem_create_region(8192) returning hidl_memory(0xf1298180, 8192)
10-14 03:46:36.751  2746  2746 I chatty  : uid=1000(system) allocator@1.0-s identical 2 lines
10-14 03:46:36.751  2746  2746 W AshmemAllocator: ashmem_create_region(8192) returning hidl_memory(0xf1298180, 8192)
10-14 03:46:36.753  2746  2746 W AshmemAllocator: ashmem_create_region(9216) returning hidl_memory(0xf1298180, 9216)
10-14 03:46:36.754  2746  2746 I chatty  : uid=1000(system) allocator@1.0-s identical 2 lines
10-14 03:46:36.755  2746  2746 W AshmemAllocator: ashmem_create_region(9216) returning hidl_memory(0xf1298180, 9216)
10-14 03:46:36.757  2785 32107 V NU-NuPlayerRenderer: openAudioSink: offloadOnly(0) offloadingAudio(0)
10-14 03:46:36.757  2785 32107 V NU-NuPlayerRenderer: openAudioSink: open AudioSink in NON-offload mode
10-14 03:46:36.758  2766 16427 I hash_map_utils: key: 'hdmi_format' value: ''
10-14 03:46:36.758  2785 32107 I NU-NuPlayerRenderer: digital_format:0
10-14 03:46:36.759  2766 21193 D AudioFlinger: Client defaulted notificationFrames to 7520 for frameCount 22560
10-14 03:46:36.760  2785 32107 I NU-NuPlayerRenderer: PTS: AV sync info:AV SYNCED 
10-14 03:46:36.760  2785 32107 I NU-NuPlayerRenderer: PTS:   SystemTimeStamp:-1
10-14 03:46:36.760  2785 32107 I NU-NuPlayerRenderer: PTS:   Last AudioTimeStamp:-1
10-14 03:46:36.760  2785 32107 I NU-NuPlayerRenderer: PTS:   Last VideoTimeStamp:0
10-14 03:46:36.760  2785 32107 I NU-NuPlayerRenderer: PTS:   AV diff:-1 ,Ajump:0,Vjump:0
10-14 03:46:36.760  2785 32107 I NU-NuPlayerRenderer: PTS:   mAjumpedNum:0, mAudioJumped till now=12848627689
10-14 03:46:36.760  2785 32107 I NU-NuPlayerRenderer: PTS:   mVjumpedNum:0, mVideoJumped till now=12848627689
10-14 03:46:36.760  2785 32107 I NU-NuPlayerRenderer: PTS:   mTotalAudioJumpedTimeUs:0
10-14 03:46:36.760  2785 32107 I NU-NuPlayerRenderer: PTS:   mLastVideoUs:-1
10-14 03:46:36.760  2785 32107 I NU-NuPlayerRenderer: PTS:   mLastAudioUs:-1
10-14 03:46:36.761  2785 32090 D NU-AmNuPlayerDriver: notifyListener_l(0xe593e140), (6, 0, 0, -1), loop setting(0, 0)
10-14 03:46:36.802 29897 29897 I KOIN    : +-- 'f.m.a.m.i.c'
10-14 03:46:36.805 29897 29897 I KOIN    : +-- 'com.locnall.KimGiSa.analytics.BaseLogger'
10-14 03:46:36.826 29897 32119 E locnall.KimGiS: Invalid ID 0x00000000.
10-14 03:46:36.853 29897 32122 E locnall.KimGiS: Invalid ID 0x00000000.
10-14 03:46:36.854 29897 32123 E locnall.KimGiS: Invalid ID 0x00000000.
10-14 03:46:36.855 29897 32124 E locnall.KimGiS: Invalid ID 0x00000000.
10-14 03:46:36.857 29897 32125 E locnall.KimGiS: Invalid ID 0x00000000.
10-14 03:46:36.858 29897 32126 E locnall.KimGiS: Invalid ID 0x00000000.
10-14 03:46:36.859 29897 32127 E locnall.KimGiS: Invalid ID 0x00000000.
10-14 03:46:36.860 29897 32128 E locnall.KimGiS: Invalid ID 0x00000000.
10-14 03:46:36.861 29897 32129 E locnall.KimGiS: Invalid ID 0x00000000.
10-14 03:46:36.862 29897 32130 E locnall.KimGiS: Invalid ID 0x00000000.
10-14 03:46:36.863 29897 32131 E locnall.KimGiS: Invalid ID 0x00000000.
10-14 03:46:36.864 29897 32132 E locnall.KimGiS: Invalid ID 0x00000000.
10-14 03:46:36.866 29897 32133 E locnall.KimGiS: Invalid ID 0x00000000.
10-14 03:46:36.873 29897 29897 I KOIN    : +-- 'f.m.a.m.p.G'
10-14 03:46:36.873 29897 29897 I KOIN    : \-- (*) Created
10-14 03:46:36.942 29897 29897 I KOIN    : +-- 'android.content.Context'
10-14 03:46:36.991 29897 29897 D NaviXkakaoI: bindActivity: ComponentInfo{com.locnall.KimGiSa/com.locnall.KimGiSa.drive.activity.NaviActivity}
10-14 03:46:36.992 29897 29897 D NaviXkakaoI: contentViewState: NONE -> NONE accepted
10-14 03:46:36.993 29897 29897 D NaviXkakaoI: isSessionFinished change: true -> true UNKNOWN / false
10-14 03:46:37.012 29897 29897 D NaviXkakaoI: bindActivity: ComponentInfo{com.locnall.KimGiSa/com.locnall.KimGiSa.drive.activity.NaviActivity}
10-14 03:46:37.015 29897 30538 E         : ApiException(url='https://app.i.kakao.com/api/client/auth/v0/sdk/getUser?check_term=true', code=204, handled=false)
10-14 03:46:37.028  2785 32090 D NU-AmNuPlayerDriver: notifyListener_l(0xe593e140), (211, 0, 0, 20), loop setting(0, 0)
10-14 03:46:37.042 29897 30032 E         : ApiException(url='https://app.i.kakao.com/api/client/auth/v0/sdk/getUser?check_term=true', code=204, handled=false)
10-14 03:46:37.209 29897 30055 D mali_winsys: EGLint new_window_surface(egl_winsys_display *, void *, EGLSurface, EGLConfig, egl_winsys_surface **, EGLBoolean) returns 0x3000
10-14 03:46:37.223 29897 32085 D mali_winsys: EGLint new_window_surface(egl_winsys_display *, void *, EGLSurface, EGLConfig, egl_winsys_surface **, EGLBoolean) returns 0x3000
10-14 03:46:37.224  2785 32090 I AmAVUtils: set profile 1668446539 level:0
10-14 03:46:37.226  2785 32096 I AmAVUtils: set profile 1668446539 level:0
10-14 03:46:37.227  2785 32102 I AmAVUtils: set profile 1668446539 level:0
10-14 03:46:37.236  2756  2903 I [Gralloc]: framebuffer hal alread move to hwcomposer
10-14 03:46:37.274  2756  2903 I [Gralloc]: framebuffer hal alread move to hwcomposer
10-14 03:46:37.274  2756  2903 E gralloc : ioctl c0144900 failed with code -1: Operation not permitted
10-14 03:46:37.235  2953  2953 I android.display: type=1400 audit(0.0:4968): avc: denied { read } for name="gralloc.odroidn2.so" dev="mmcblk0p12" ino=705 scontext=u:r:system_server:s0 tcontext=u:object_r:vendor_file:s0 tclass=file permissive=1
10-14 03:46:37.287  2766  2911 D AudioFlinger: mixer(0xeb583ac0) throttle end: throttle time(3)
10-14 03:46:37.235  2953  2953 I android.display: type=1400 audit(0.0:4969): avc: denied { open } for path="/vendor/lib/hw/gralloc.odroidn2.so" dev="mmcblk0p12" ino=705 scontext=u:r:system_server:s0 tcontext=u:object_r:vendor_file:s0 tclass=file permissive=1
10-14 03:46:37.336  2756  2903 I [Gralloc]: framebuffer hal alread move to hwcomposer
10-14 03:46:37.336  2756  2903 E gralloc : ioctl c0144900 failed with code -1: Operation not permitted
10-14 03:46:37.349 29897 29897 D NaviXkakaoI: contentViewState: INIT -> NONE accepted
10-14 03:46:37.350 29897 29897 D NaviXkakaoI: isSessionFinished change: false -> true UNKNOWN / false
10-14 03:46:37.350  2785  2785 I NU-AmNuPlayer: [getCurrentPosition]
10-14 03:46:37.350  2785  2785 I NU-AmNuPlayer: [getStrCurrentAudioCodec]
10-14 03:46:37.350  2785  2785 I AmAVUtils: set profile 1668446539 level:0
10-14 03:46:37.350  2785  2785 I NU-AmNuPlayer: getcurrent:NOT_DTSHD
10-14 03:46:37.350  2785  2785 I NU-AmNuPlayerDriver: [getCurrentPosition] position : 655 msec
10-14 03:46:37.361  2756  2903 I [Gralloc]: framebuffer hal alread move to hwcomposer
10-14 03:46:37.361  2756  2903 E gralloc : ioctl c0144900 failed with code -1: Operation not permitted
10-14 03:46:37.362  2756  2903 I [Gralloc]: framebuffer hal alread move to hwcomposer
10-14 03:46:37.362  2756  2903 E gralloc : ioctl c0144900 failed with code -1: Operation not permitted
10-14 03:46:37.365 29897 32173 D kakaoNavi: KNNaviForegroundIntentService.onHandleWork() > startForeground()
10-14 03:46:37.370 29897 32173 D kakaoNavi: KNNaviForegroundService.createNotification() START
10-14 03:46:37.370 29897 32173 D kakaoNavi: Intent is not null
10-14 03:46:37.373  2756  2903 I [Gralloc]: framebuffer hal alread move to hwcomposer
10-14 03:46:37.373  2756  2903 E gralloc : ioctl c0144900 failed with code -1: Operation not permitted
10-14 03:46:37.379 29897 32173 D kakaoNavi: KNNaviForegroundService.createNotification() END
10-14 03:46:37.397  2768  2950 E BufferQueueProducer: [com.locnall.KimGiSa/com.locnall.KimGiSa.activity.SearchActivity#0] disconnect: not connected (req=1)
10-14 03:46:37.397 29897 30055 W libEGL  : EGLNativeWindowType 0xc4ce2008 disconnect failed
10-14 03:46:37.399  2953  2977 I ActivityManager: Displayed com.locnall.KimGiSa/.drive.activity.NaviActivity: +1s135ms
10-14 03:46:37.235  2953  2953 I android.display: type=1400 audit(0.0:4970): avc: denied { getattr } for path="/vendor/lib/hw/gralloc.odroidn2.so" dev="mmcblk0p12" ino=705 scontext=u:r:system_server:s0 tcontext=u:object_r:vendor_file:s0 tclass=file permissive=1
10-14 03:46:37.407  2768  2849 E BufferQueueProducer: [com.locnall.KimGiSa/com.locnall.KimGiSa.activity.MainActivity#0] disconnect: not connected (req=1)
10-14 03:46:37.407 29897 30055 W libEGL  : EGLNativeWindowType 0xc7dc6008 disconnect failed
10-14 03:46:37.415 29897 32173 D kakaoNavi: KNNaviForegroundIntentService.onHandleWork() > KNNaviForegroundService.startService()
10-14 03:46:37.431  2768  2950 E BufferQueueProducer: [SurfaceView - com.locnall.KimGiSa/com.locnall.KimGiSa.activity.DestinationGuidanceActivity#0] disconnect: not connected (req=1)
10-14 03:46:37.431 29897 30607 W libEGL  : EGLNativeWindowType 0xc426f808 disconnect failed
10-14 03:46:37.434  2768  3293 E BufferQueueProducer: [com.locnall.KimGiSa/com.locnall.KimGiSa.activity.DestinationGuidanceActivity#0] disconnect: not connected (req=1)
10-14 03:46:37.434 29897 30055 W libEGL  : EGLNativeWindowType 0xcca4c808 disconnect failed
10-14 03:46:37.435  2756  2903 I [Gralloc]: framebuffer hal alread move to hwcomposer
10-14 03:46:37.441 29897 29897 D NaviXkakaoI: unbindActivity: ComponentInfo{com.locnall.KimGiSa/com.locnall.KimGiSa.activity.MainActivity}
10-14 03:46:37.442 29897 29897 D NaviXkakaoI: contentViewState: NONE -> NONE accepted
10-14 03:46:37.444 29897 29897 D NaviXkakaoI: isSessionFinished change: true -> true UNKNOWN / false
10-14 03:46:37.455 29897 29897 D NaviXkakaoI: unbindActivity: ComponentInfo{com.locnall.KimGiSa/com.locnall.KimGiSa.activity.SearchActivity}
10-14 03:46:37.456 29897 29897 D NaviXkakaoI: contentViewState: NONE -> NONE accepted
10-14 03:46:37.457 29897 29897 D NaviXkakaoI: isSessionFinished change: true -> true UNKNOWN / false
10-14 03:46:37.462 29897 29897 D NaviXkakaoI: unbindActivity: ComponentInfo{com.locnall.KimGiSa/com.locnall.KimGiSa.activity.SearchActivity}
10-14 03:46:37.462 29897 29897 D NaviXkakaoI: contentViewState: NONE -> NONE accepted
10-14 03:46:37.463 29897 29897 D NaviXkakaoI: isSessionFinished change: true -> true UNKNOWN / false
10-14 03:46:37.464  3106  3106 W NotificationEntryMgr: removeNotification for unknown key: 0|com.locnall.KimGiSa|1000|null|10098
10-14 03:46:37.473 29897 29897 D NaviXkakaoI: unbindActivity: ComponentInfo{com.locnall.KimGiSa/com.locnall.KimGiSa.activity.DestinationGuidanceActivity}
10-14 03:46:37.473 29897 29897 D NaviXkakaoI: contentViewState: NONE -> NONE accepted
10-14 03:46:37.474 29897 29897 D NaviXkakaoI: isSessionFinished change: true -> true UNKNOWN / false
10-14 03:46:37.482 29897 29897 D NaviXkakaoI: unbindActivity: ComponentInfo{com.locnall.KimGiSa/com.locnall.KimGiSa.activity.DestinationGuidanceActivity}
10-14 03:46:37.482 29897 29897 D NaviXkakaoI: contentViewState: NONE -> NONE accepted
10-14 03:46:37.482 29897 29897 D NaviXkakaoI: isSessionFinished change: true -> true UNKNOWN / false
10-14 03:46:37.558  2783  6427 E MP3Extractor: Unable to resync. Signalling end of stream.
10-14 03:46:37.562 29897 29897 D kakaoNavi: KNNaviForegroundService.onCreate()
10-14 03:46:37.562  2783  6427 E MP3Extractor: Unable to resync. Signalling end of stream.
10-14 03:46:37.562 29897 29897 D kakaoNavi: KNNaviForegroundService.onStartCommand()
10-14 03:46:37.562 29897 29897 D kakaoNavi: KNNaviForegroundService.createNotification() START
10-14 03:46:37.562 29897 29897 D kakaoNavi: Intent is not null
10-14 03:46:37.563  2783  6427 E MP3Extractor: Unable to resync. Signalling end of stream.
10-14 03:46:37.564  2783  6427 I chatty  : uid=1040(mediaex) Binder:2783_4 identical 1 line
10-14 03:46:37.564  2783  6427 E MP3Extractor: Unable to resync. Signalling end of stream.
10-14 03:46:37.573 29897 29897 D kakaoNavi: KNNaviForegroundService.createNotification() END
10-14 03:46:37.818  2783  6427 E MP3Extractor: Unable to resync. Signalling end of stream.
10-14 03:46:37.818  2783  6427 I chatty  : uid=1040(mediaex) Binder:2783_4 identical 2 lines
10-14 03:46:37.819  2783  6427 E MP3Extractor: Unable to resync. Signalling end of stream.
10-14 03:46:37.819  2785 32111 E NU-GenericSource: hasBufferAvailable return -1011
10-14 03:46:37.820  2783  6427 E MP3Extractor: Unable to resync. Signalling end of stream.
10-14 03:46:37.820  2785 32111 E NU-GenericSource: hasBufferAvailable return -1011
10-14 03:46:37.821  2785 32111 I NU-NuPlayerDecoder: [audio] saw output EOS
10-14 03:46:37.821  2785 32107 I NU-NuPlayerRenderer: audio have queued eos, no need to check buffer discontinue
10-14 03:46:37.880 29897 29908 I locnall.KimGiS: Background concurrent copying GC freed 346305(14MB) AllocSpace objects, 85(8MB) LOS objects, 34% free, 45MB/69MB, paused 166us total 236.320ms
10-14 03:46:37.891 29897 29906 W System  : A resource failed to call close. 
10-14 03:46:37.891 29897 29906 I chatty  : uid=10098(com.locnall.KimGiSa) FinalizerDaemon identical 1 line
10-14 03:46:37.891 29897 29906 W System  : A resource failed to call close. 
10-14 03:46:38.076  2785 32090 D NU-AmNuPlayerDriver: notifyListener_l(0xe593e140), (211, 0, 0, 20), loop setting(0, 0)
10-14 03:46:38.077  2785 32090 D NU-AmNuPlayerDriver: notifyListener_l(0xe593e140), (2, 0, 0, -1), loop setting(0, 0)
10-14 03:46:38.077  2785 32090 D AudioSink: Recycling track for gapless playback
10-14 03:46:38.077  2785 32090 D NU-AmNuPlayerDriver: start(0xe593e000), state is 4, eos is 0
10-14 03:46:38.077  2785 32096 I NU-GenericSource: start
10-14 03:46:38.077  2785 32107 I NU-NuPlayerRenderer: now paused audio queue has 0 entries, video has 0 entries
10-14 03:46:38.077  2785 32090 D NU-AmNuPlayerDriver: notifyListener_l(0xe593e140), (211, 0, 0, 20), loop setting(0, 0)
10-14 03:46:38.077  2785 32096 I AmAVUtils: set profile 1668446539 level:0
10-14 03:46:38.077 29897 29910 W MediaPlayerNative: info/warning (2, 0)
10-14 03:46:38.077  2785 32096 I MessageMonitor: NU-NuPlayerRenderer MessageMonitor mDebugLevel 255
10-14 03:46:38.078  2747  2888 I audio_hw_primary: ms12_enable :0
10-14 03:46:38.078  2785  2785 D NU-AmNuPlayerDriver: reset(0xe593e140) at state 6
10-14 03:46:38.078  2766 21193 I hash_map_utils: key: 'dolby_ms12_enable' value: ''
10-14 03:46:38.078  2785  2785 D NU-AmNuPlayerDriver: notifyListener_l(0xe593e140), (8, 0, 0, -1), loop setting(0, 0)
10-14 03:46:38.079  2785 32096 I NU-NuPlayerRenderer: dolby_ms12_enable:0 
10-14 03:46:38.079  2785 32111 I NU-NuPlayerDecoder: [doFlush:791] audio flushing 
10-14 03:46:38.079  2785 32111 I NU-NuPlayerDecoder: [doFlush:798] audio flushing 
10-14 03:46:38.079  2785 32107 I NU-NuPlayerRenderer: clearAnchorTime
10-14 03:46:38.079  2785 32107 I NU-NuPlayerRenderer: misTrickmode 0
10-14 03:46:38.079  2785 32107 I NU-NuPlayerRenderer: flushing audio
10-14 03:46:38.079  2785 32090 D NU-AmNuPlayerDriver: notifyListener_l(0xe593e140), (211, 0, 0, 20), loop setting(0, 0)
10-14 03:46:38.079  2785 32111 I NU-NuPlayerDecoder: [doFlush:804] audio flushing 
10-14 03:46:38.079  2785 32090 I NU-AmNuPlayer: decoder audio flush completed
10-14 03:46:38.080  2785 32096 I AmAVUtils: set profile 1668446539 level:0
10-14 03:46:38.081  2785 32096 I MessageMonitor: NU-NuPlayerDecoder1635083342 MessageMonitor mDebugLevel 255
10-14 03:46:38.083  2785 32090 I NU-AmNuPlayer: audio shutdown completed
10-14 03:46:38.083  2785  2858 D NU-AmNuPlayerDriver: start(0xe593e000), state is 5, eos is 0
10-14 03:46:38.083  2785 32090 I NU-AmNuPlayer: audio setHasNoMedia
10-14 03:46:38.083  2785 32090 I MessageMonitor: NU-NuPlayerDecoder1635083342 MessageMonitor exit
10-14 03:46:38.085  2785 32090 I MessageMonitor: NU-NuPlayerRenderer MessageMonitor exit
10-14 03:46:38.086  2785 32090 I NU-GenericSource: >>>[~GenericSource 524]
10-14 03:46:38.086  2785 32090 I NU-GenericSource: [resetDataSource 164]
10-14 03:46:38.086  2785 32090 I MessageMonitor: NU-GenericSource MessageMonitor exit
10-14 03:46:38.087  2785 32090 D NU-AmNuPlayerDriver: notifyResetComplete(0xe593e140)
10-14 03:46:38.087  2785  2858 D NU-AmNuPlayerDriver: reset(0xe593e140) at state 0
10-14 03:46:38.088  2785  2858 I MessageMonitor: NU-AmNuPlayer MessageMonitor exit
10-14 03:46:38.088  2785  2858 W AMessage: failed to post message as target looper for handler 0 is gone.
10-14 03:46:38.088 29897 29897 V MediaPlayer: resetDrmState:  mDrmInfo=null mDrmProvisioningThread=null mPrepareDrmInProgress=false mActiveDrmScheme=false
10-14 03:46:38.088 29897 29897 V MediaPlayer: cleanDrmObj: mDrmObj=null mDrmSessionId=null
10-14 03:46:38.088  2785 32231 I OMXClient: IOmx service obtained
10-14 03:46:38.089 29897 29897 V MediaPlayer: resetDrmState:  mDrmInfo=null mDrmProvisioningThread=null mPrepareDrmInProgress=false mActiveDrmScheme=false
10-14 03:46:38.089 29897 29897 V MediaPlayer: cleanDrmObj: mDrmObj=null mDrmSessionId=null
10-14 03:46:38.089 29897 29897 V MediaPlayer: resetDrmState:  mDrmInfo=null mDrmProvisioningThread=null mPrepareDrmInProgress=false mActiveDrmScheme=false
10-14 03:46:38.089 29897 29897 V MediaPlayer: cleanDrmObj: mDrmObj=null mDrmSessionId=null
10-14 03:46:38.090  2789  3349 I OMXMaster: makeComponentInstance(OMX.google.mp3.decoder) in omx@1.0-service process
10-14 03:46:38.091  2785 32230 I NU-NuPlayerDecoder: sampleRate:44100 
10-14 03:46:38.091  2785 32231 I AmAVUtils: AmAVUtils::getComponentRole isEncoder :0 mime:audio/mpeg 
10-14 03:46:38.092  2785 32231 V AVUtils : AVUtils::getComponentRole
10-14 03:46:38.092  2785 32231 I AmAVUtils: AmAVUtils::isAudioExtendFormat input = audio/mpeg
10-14 03:46:38.092  2789  3349 E OMXNodeInstance: setConfig(0xe78a7fc0:google.mp3.decoder, ConfigPriority(0x6f800002)) ERROR: Undefined(0x80001001)
10-14 03:46:38.093  2785 32231 I ACodec  : codec does not support config priority (err -2147483648)
10-14 03:46:38.093  2789  3349 E OMXNodeInstance: getConfig(0xe78a7fc0:google.mp3.decoder, ConfigAndroidVendorExtension(0x6f100004)) ERROR: Undefined(0x80001001)
10-14 03:46:38.093  2785 32231 I MediaCodec: MediaCodec will operate in async mode
10-14 03:46:38.095  2746  2746 W AshmemAllocator: ashmem_create_region(8192) returning hidl_memory(0xf1298180, 8192)
10-14 03:46:38.096  2746  2746 I chatty  : uid=1000(system) allocator@1.0-s identical 2 lines
10-14 03:46:38.096  2746  2746 W AshmemAllocator: ashmem_create_region(8192) returning hidl_memory(0xf1298180, 8192)
10-14 03:46:38.098  2746  2746 W AshmemAllocator: ashmem_create_region(9216) returning hidl_memory(0xf1298180, 9216)
10-14 03:46:38.099  2746  2746 I chatty  : uid=1000(system) allocator@1.0-s identical 2 lines
10-14 03:46:38.099  2746  2746 W AshmemAllocator: ashmem_create_region(9216) returning hidl_memory(0xf1298180, 9216)
10-14 03:46:38.105  2785 32229 V NU-NuPlayerRenderer: openAudioSink: offloadOnly(0) offloadingAudio(0)
10-14 03:46:38.105  2785 32229 V NU-NuPlayerRenderer: openAudioSink: open AudioSink in NON-offload mode
10-14 03:46:38.105  2766 21193 I hash_map_utils: key: 'hdmi_format' value: ''
10-14 03:46:38.106  2785 32229 I NU-NuPlayerRenderer: digital_format:0
10-14 03:46:38.106  2766 21193 D AudioFlinger: Client defaulted notificationFrames to 7520 for frameCount 22560
10-14 03:46:38.107  2785 32229 I NU-NuPlayerRenderer: PTS: AV sync info:Video on Header 
10-14 03:46:38.107  2785 32229 I NU-NuPlayerRenderer: PTS:   SystemTimeStamp:-1
10-14 03:46:38.107  2785 32229 I NU-NuPlayerRenderer: PTS:   Last AudioTimeStamp:-1
10-14 03:46:38.107  2785 32229 I NU-NuPlayerRenderer: PTS:   Last VideoTimeStamp:13563799536664832
10-14 03:46:38.107  2785 32229 I NU-NuPlayerRenderer: PTS:   AV diff:-13563799536664833 ,Ajump:0,Vjump:0
10-14 03:46:38.107  2785 32229 I NU-NuPlayerRenderer: PTS:   mAjumpedNum:0, mAudioJumped till now=12849974726
10-14 03:46:38.107  2785 32229 I NU-NuPlayerRenderer: PTS:   mVjumpedNum:0, mVideoJumped till now=12849974726
10-14 03:46:38.107  2785 32229 I NU-NuPlayerRenderer: PTS:   mTotalAudioJumpedTimeUs:0
10-14 03:46:38.107  2785 32229 I NU-NuPlayerRenderer: PTS:   mLastVideoUs:-1
10-14 03:46:38.107  2785 32229 I NU-NuPlayerRenderer: PTS:   mLastAudioUs:-1
10-14 03:46:38.107  2785 32229 W MediaClock: reject anchor time since it is negative.
10-14 03:46:38.108  2785 32096 D NU-AmNuPlayerDriver: notifyListener_l(0xe593e000), (6, 0, 0, -1), loop setting(0, 0)
10-14 03:46:38.108  2785  2858 I NU-AmNuPlayer: [getCurrentPosition]
10-14 03:46:38.108  2785  2858 I NU-AmNuPlayer: [getStrCurrentAudioCodec]
10-14 03:46:38.108  2785  2858 I AmAVUtils: set profile 1668446539 level:0
10-14 03:46:38.108  2785  2858 I NU-AmNuPlayer: getcurrent:NOT_DTSHD
10-14 03:46:38.108  2785  2858 I NU-AmNuPlayerDriver: [getCurrentPosition] position : 0 msec
10-14 03:46:38.369  2785 32096 D NU-AmNuPlayerDriver: notifyListener_l(0xe593e000), (211, 0, 0, 20), loop setting(0, 0)
10-14 03:46:38.629  2785 32096 D NU-AmNuPlayerDriver: notifyListener_l(0xe593e000), (211, 0, 0, 20), loop setting(0, 0)
10-14 03:46:38.895  2783  3208 E MP3Extractor: Unable to resync. Signalling end of stream.
10-14 03:46:39.150  2785 32096 D NU-AmNuPlayerDriver: notifyListener_l(0xe593e000), (211, 0, 0, 20), loop setting(0, 0)
10-14 03:46:39.156  2783  3208 E MP3Extractor: Unable to resync. Signalling end of stream.
10-14 03:46:39.416  2783  3208 I chatty  : uid=1040(mediaex) Binder:2783_3 identical 5 lines
10-14 03:46:39.416  2783  3208 E MP3Extractor: Unable to resync. Signalling end of stream.
10-14 03:46:39.417  2785 32230 E NU-GenericSource: hasBufferAvailable return -1011
10-14 03:46:39.417  2785 32230 E NU-GenericSource: hasBufferAvailable return -1011
10-14 03:46:39.673  2785 32230 I NU-NuPlayerDecoder: [audio] saw output EOS
10-14 03:46:39.673  2785 32229 I NU-NuPlayerRenderer: audio have queued eos, no need to check buffer discontinue
10-14 03:46:39.673  2785 32096 D NU-AmNuPlayerDriver: notifyListener_l(0xe593e000), (2, 0, 0, -1), loop setting(0, 0)
10-14 03:46:39.673  2785 32096 D AudioSink: Recycling track for gapless playback
10-14 03:46:39.673  2785 32096 D NU-AmNuPlayerDriver: start(0xe593e640), state is 4, eos is 0
10-14 03:46:39.673  2785 32102 I NU-GenericSource: start
10-14 03:46:39.673 29897 32226 W MediaPlayerNative: info/warning (2, 0)
10-14 03:46:39.673  2785 32229 I NU-NuPlayerRenderer: now paused audio queue has 0 entries, video has 0 entries
10-14 03:46:39.673  2785 32096 D NU-AmNuPlayerDriver: notifyListener_l(0xe593e000), (211, 0, 0, 20), loop setting(0, 0)
10-14 03:46:39.673  2785 32102 I AmAVUtils: set profile 1668446539 level:0
10-14 03:46:39.674  2785  2858 D NU-AmNuPlayerDriver: reset(0xe593e000) at state 6
10-14 03:46:39.674  2785 32102 I MessageMonitor: NU-NuPlayerRenderer MessageMonitor mDebugLevel 255
10-14 03:46:39.674  2785  2858 D NU-AmNuPlayerDriver: notifyListener_l(0xe593e000), (8, 0, 0, -1), loop setting(0, 0)
10-14 03:46:39.674  2747  2888 I audio_hw_primary: ms12_enable :0
10-14 03:46:39.674  2766  3758 I hash_map_utils: key: 'dolby_ms12_enable' value: ''
10-14 03:46:39.675  2785 32230 I NU-NuPlayerDecoder: [doFlush:791] audio flushing 
10-14 03:46:39.675  2785 32229 I NU-NuPlayerRenderer: clearAnchorTime
10-14 03:46:39.675  2785 32229 I NU-NuPlayerRenderer: misTrickmode 0
10-14 03:46:39.675  2785 32229 I NU-NuPlayerRenderer: flushing audio
10-14 03:46:39.675  2785 32230 I NU-NuPlayerDecoder: [doFlush:798] audio flushing 
10-14 03:46:39.676  2785 32096 D NU-AmNuPlayerDriver: notifyListener_l(0xe593e000), (211, 0, 0, 20), loop setting(0, 0)
10-14 03:46:39.676  2785 32230 I NU-NuPlayerDecoder: [doFlush:804] audio flushing 
10-14 03:46:39.676  2785 32102 I NU-NuPlayerRenderer: dolby_ms12_enable:0 
10-14 03:46:39.676  2785 32096 I NU-AmNuPlayer: decoder audio flush completed
10-14 03:46:39.678  2785 32102 I AmAVUtils: set profile 1668446539 level:0
10-14 03:46:39.679  2785 32102 I MessageMonitor: NU-NuPlayerDecoder1635083342 MessageMonitor mDebugLevel 255
10-14 03:46:39.679  2785 32096 I NU-AmNuPlayer: audio shutdown completed
10-14 03:46:39.679  2785 32096 I NU-AmNuPlayer: audio setHasNoMedia
10-14 03:46:39.680  2785 32096 I MessageMonitor: NU-NuPlayerDecoder1635083342 MessageMonitor exit
10-14 03:46:39.680  2785 32096 I MessageMonitor: NU-NuPlayerRenderer MessageMonitor exit
10-14 03:46:39.680  2785 32096 I NU-GenericSource: >>>[~GenericSource 524]
10-14 03:46:39.681  2785 32096 I NU-GenericSource: [resetDataSource 164]
10-14 03:46:39.681  2785 32096 I MessageMonitor: NU-GenericSource MessageMonitor exit
10-14 03:46:39.681  2785 32096 D NU-AmNuPlayerDriver: notifyResetComplete(0xe593e000)
10-14 03:46:39.682  2785  2785 D NU-AmNuPlayerDriver: reset(0xe593e000) at state 0
10-14 03:46:39.682  2785 32309 I OMXClient: IOmx service obtained
10-14 03:46:39.682  2785  2785 I MessageMonitor: NU-AmNuPlayer MessageMonitor exit
10-14 03:46:39.682  2785  2785 W AMessage: failed to post message as target looper for handler 0 is gone.
10-14 03:46:39.682  2789  2857 I OMXMaster: makeComponentInstance(OMX.google.mp3.decoder) in omx@1.0-service process
10-14 03:46:39.683 29897 29897 V MediaPlayer: resetDrmState:  mDrmInfo=null mDrmProvisioningThread=null mPrepareDrmInProgress=false mActiveDrmScheme=false
10-14 03:46:39.683 29897 29897 V MediaPlayer: cleanDrmObj: mDrmObj=null mDrmSessionId=null
10-14 03:46:39.683 29897 29897 V MediaPlayer: resetDrmState:  mDrmInfo=null mDrmProvisioningThread=null mPrepareDrmInProgress=false mActiveDrmScheme=false
10-14 03:46:39.683 29897 29897 V MediaPlayer: cleanDrmObj: mDrmObj=null mDrmSessionId=null
10-14 03:46:39.684  2785 32308 I NU-NuPlayerDecoder: sampleRate:44100 
10-14 03:46:39.684  2785 32309 I AmAVUtils: AmAVUtils::getComponentRole isEncoder :0 mime:audio/mpeg 
10-14 03:46:39.684  2785 32309 V AVUtils : AVUtils::getComponentRole
10-14 03:46:39.684 29897 29897 V MediaPlayer: resetDrmState:  mDrmInfo=null mDrmProvisioningThread=null mPrepareDrmInProgress=false mActiveDrmScheme=false
10-14 03:46:39.684 29897 29897 V MediaPlayer: cleanDrmObj: mDrmObj=null mDrmSessionId=null
10-14 03:46:39.685  2785 32309 I AmAVUtils: AmAVUtils::isAudioExtendFormat input = audio/mpeg
10-14 03:46:39.685  2789  2857 E OMXNodeInstance: setConfig(0xe78a7fc0:google.mp3.decoder, ConfigPriority(0x6f800002)) ERROR: Undefined(0x80001001)
10-14 03:46:39.685  2785 32309 I ACodec  : codec does not support config priority (err -2147483648)
10-14 03:46:39.685  2789  2857 E OMXNodeInstance: getConfig(0xe78a7fc0:google.mp3.decoder, ConfigAndroidVendorExtension(0x6f100004)) ERROR: Undefined(0x80001001)
10-14 03:46:39.686  2785 32309 I MediaCodec: MediaCodec will operate in async mode
10-14 03:46:39.687  2746  2746 W AshmemAllocator: ashmem_create_region(8192) returning hidl_memory(0xf1298180, 8192)
10-14 03:46:39.688  2746  2746 I chatty  : uid=1000(system) allocator@1.0-s identical 2 lines
10-14 03:46:39.689  2746  2746 W AshmemAllocator: ashmem_create_region(8192) returning hidl_memory(0xf1298180, 8192)
10-14 03:46:39.690  2785  2785 D NU-AmNuPlayerDriver: start(0xe593e640), state is 5, eos is 0
10-14 03:46:39.690  2746  2746 W AshmemAllocator: ashmem_create_region(9216) returning hidl_memory(0xf1298180, 9216)
10-14 03:46:39.693  2746  2746 I chatty  : uid=1000(system) allocator@1.0-s identical 2 lines
10-14 03:46:39.694  2746  2746 W AshmemAllocator: ashmem_create_region(9216) returning hidl_memory(0xf1298180, 9216)
10-14 03:46:39.696  2785 32307 V NU-NuPlayerRenderer: openAudioSink: offloadOnly(0) offloadingAudio(0)
10-14 03:46:39.696  2785 32307 V NU-NuPlayerRenderer: openAudioSink: open AudioSink in NON-offload mode
10-14 03:46:39.696  2766  3758 I hash_map_utils: key: 'hdmi_format' value: ''
10-14 03:46:39.697  2785 32307 I NU-NuPlayerRenderer: digital_format:0
10-14 03:46:39.697  2766  3526 D AudioFlinger: Client defaulted notificationFrames to 7520 for frameCount 22560
10-14 03:46:39.698  2785 32307 I NU-NuPlayerRenderer: PTS: AV sync info:Video on Header 
10-14 03:46:39.698  2785 32307 I NU-NuPlayerRenderer: PTS:   SystemTimeStamp:-1
10-14 03:46:39.698  2785 32307 I NU-NuPlayerRenderer: PTS:   Last AudioTimeStamp:-1
10-14 03:46:39.698  2785 32307 I NU-NuPlayerRenderer: PTS:   Last VideoTimeStamp:7453001576357560576
10-14 03:46:39.698  2785 32307 I NU-NuPlayerRenderer: PTS:   AV diff:-7453001576357560577 ,Ajump:0,Vjump:0
10-14 03:46:39.698  2785 32307 I NU-NuPlayerRenderer: PTS:   mAjumpedNum:0, mAudioJumped till now=12851565800
10-14 03:46:39.698  2785 32307 I NU-NuPlayerRenderer: PTS:   mVjumpedNum:0, mVideoJumped till now=12851565800
10-14 03:46:39.698  2785 32307 I NU-NuPlayerRenderer: PTS:   mTotalAudioJumpedTimeUs:0
10-14 03:46:39.698  2785 32307 I NU-NuPlayerRenderer: PTS:   mLastVideoUs:-1
10-14 03:46:39.698  2785 32307 I NU-NuPlayerRenderer: PTS:   mLastAudioUs:-1
10-14 03:46:39.699  2785 32307 W MediaClock: reject anchor time since it is negative.
10-14 03:46:39.699  2785 32102 D NU-AmNuPlayerDriver: notifyListener_l(0xe593e640), (6, 0, 0, -1), loop setting(0, 0)
10-14 03:46:39.699  2785  2785 I NU-AmNuPlayer: [getCurrentPosition]
10-14 03:46:39.699  2785  2785 I NU-AmNuPlayer: [getStrCurrentAudioCodec]
10-14 03:46:39.699  2785  2785 I AmAVUtils: set profile 1668446539 level:0
10-14 03:46:39.699  2785  2785 I NU-AmNuPlayer: getcurrent:NOT_DTSHD
10-14 03:46:39.699  2785  2785 I NU-AmNuPlayerDriver: [getCurrentPosition] position : 0 msec
10-14 03:46:39.957  2785 32307 W MediaClock: reject anchor time since it is negative.
10-14 03:46:39.960  2785 32308 E NU-GenericSource: hasBufferAvailable return -1011
10-14 03:46:39.960  2785 32308 E NU-GenericSource: hasBufferAvailable return -1011
10-14 03:46:39.961  2785 32308 I NU-NuPlayerDecoder: [audio] saw output EOS
10-14 03:46:39.961  2785 32307 I NU-NuPlayerRenderer: audio have queued eos, no need to check buffer discontinue
10-14 03:46:39.961  2785 32307 D AudioTrack: stop() called with 163584 frames delivered
10-14 03:46:40.417  2785 32102 D NU-AmNuPlayerDriver: notifyListener_l(0xe593e640), (2, 0, 0, -1), loop setting(0, 0)
10-14 03:46:40.417  2785 32307 I NU-NuPlayerRenderer: now paused audio queue has 0 entries, video has 0 entries
10-14 03:46:40.425  2785  2785 D NU-AmNuPlayerDriver: reset(0xe593e640) at state 6
10-14 03:46:40.425  2785  2785 D NU-AmNuPlayerDriver: notifyListener_l(0xe593e640), (8, 0, 0, -1), loop setting(0, 0)
10-14 03:46:40.426  2785 32308 I NU-NuPlayerDecoder: [doFlush:791] audio flushing 
10-14 03:46:40.426  2785 32308 I NU-NuPlayerDecoder: [doFlush:798] audio flushing 
10-14 03:46:40.426  2785 32307 I NU-NuPlayerRenderer: clearAnchorTime
10-14 03:46:40.426  2785 32307 I NU-NuPlayerRenderer: misTrickmode 0
10-14 03:46:40.426  2785 32307 I NU-NuPlayerRenderer: flushing audio
10-14 03:46:40.427  2785 32308 I NU-NuPlayerDecoder: [doFlush:804] audio flushing 
10-14 03:46:40.427  2785 32102 I NU-AmNuPlayer: decoder audio flush completed
10-14 03:46:40.430  2785 32102 I NU-AmNuPlayer: audio shutdown completed
10-14 03:46:40.430  2785 32102 I NU-AmNuPlayer: audio setHasNoMedia
10-14 03:46:40.431  2785 32102 I MessageMonitor: NU-NuPlayerDecoder1635083342 MessageMonitor exit
10-14 03:46:40.431  2785 32102 I MessageMonitor: NU-NuPlayerRenderer MessageMonitor exit
10-14 03:46:40.432  2785 32102 I NU-GenericSource: >>>[~GenericSource 524]
10-14 03:46:40.432  2785 32102 I NU-GenericSource: [resetDataSource 164]
10-14 03:46:40.432  2785 32102 I MessageMonitor: NU-GenericSource MessageMonitor exit
10-14 03:46:40.433  2785 32102 D NU-AmNuPlayerDriver: notifyResetComplete(0xe593e640)
10-14 03:46:40.433  2785  2785 D NU-AmNuPlayerDriver: reset(0xe593e640) at state 0
10-14 03:46:40.433  2785  2785 I MessageMonitor: NU-AmNuPlayer MessageMonitor exit
10-14 03:46:40.434  2785  2785 W AMessage: failed to post message as target looper for handler 0 is gone.
10-14 03:46:40.434 29897 29897 V MediaPlayer: resetDrmState:  mDrmInfo=null mDrmProvisioningThread=null mPrepareDrmInProgress=false mActiveDrmScheme=false
10-14 03:46:40.434 29897 29897 V MediaPlayer: cleanDrmObj: mDrmObj=null mDrmSessionId=null
10-14 03:46:40.435 29897 29897 V MediaPlayer: resetDrmState:  mDrmInfo=null mDrmProvisioningThread=null mPrepareDrmInProgress=false mActiveDrmScheme=false
10-14 03:46:40.435 29897 29897 V MediaPlayer: cleanDrmObj: mDrmObj=null mDrmSessionId=null
10-14 03:46:40.435 29897 29897 V MediaPlayer: resetDrmState:  mDrmInfo=null mDrmProvisioningThread=null mPrepareDrmInProgress=false mActiveDrmScheme=false
10-14 03:46:40.435 29897 29897 V MediaPlayer: cleanDrmObj: mDrmObj=null mDrmSessionId=null
10-14 03:46:40.507 29138 29138 I com.kakao.talk: type=1400 audit(0.0:4971): avc: denied { open } for path="/proc/vmstat" dev="proc" ino=4026531993 scontext=u:r:untrusted_app:s0:c80,c256,c512,c768 tcontext=u:object_r:proc_vmstat:s0 tclass=file permissive=1
10-14 03:46:40.579 29897 29908 I locnall.KimGiS: Background concurrent copying GC freed 764334(26MB) AllocSpace objects, 1(20KB) LOS objects, 35% free, 43MB/67MB, paused 137us total 170.685ms
10-14 03:46:40.507 29138 29138 I com.kakao.talk: type=1400 audit(0.0:4972): avc: denied { getattr } for path="/proc/vmstat" dev="proc" ino=4026531993 scontext=u:r:untrusted_app:s0:c80,c256,c512,c768 tcontext=u:object_r:proc_vmstat:s0 tclass=file permissive=1
10-14 03:46:42.431 29897 29908 I locnall.KimGiS: Background concurrent copying GC freed 704881(23MB) AllocSpace objects, 6(144KB) LOS objects, 34% free, 44MB/68MB, paused 165us total 150.369ms
10-14 03:46:42.713 29897 29897 D InputEventConsistencyVerifier: TouchEvent: ACTION_DOWN but pointers are already down.  Probably missing ACTION_UP from previous gesture.
10-14 03:46:42.713 29897 29897 D InputEventConsistencyVerifier:   in android.view.GestureDetector@b8c9915
10-14 03:46:42.713 29897 29897 D InputEventConsistencyVerifier:   0: sent at 12854579562000, MotionEvent { action=ACTION_DOWN, actionButton=0, id[0]=0, x[0]=824.8844, y[0]=352.39835, toolType[0]=TOOL_TYPE_MOUSE, buttonState=BUTTON_PRIMARY, metaState=0, flags=0x0, edgeFlags=0x0, pointerCount=1, historySize=0, eventTime=12854579, downTime=12854579, deviceId=4, source=0x2002 }
10-14 03:46:42.713 29897 29897 D InputEventConsistencyVerifier:   -- recent events --
10-14 03:46:42.713 29897 29897 D InputEventConsistencyVerifier:   1: sent at 12853155565000, MotionEvent { action=ACTION_DOWN, actionButton=0, id[0]=0, x[0]=1027.7509, y[0]=490.2, toolType[0]=TOOL_TYPE_MOUSE, buttonState=BUTTON_PRIMARY, metaState=0, flags=0x0, edgeFlags=0x0, pointerCount=1, historySize=0, eventTime=12853155, downTime=12853155, deviceId=4, source=0x2002 }
10-14 03:46:42.790 18890 18890 D skia    : --- Failed to create image decoder with message 'unimplemented'
10-14 03:46:42.816 18890 18890 D skia    : --- Failed to create image decoder with message 'unimplemented'
10-14 03:46:42.803 18890 18890 I tutu.ABenchMark: type=1400 audit(0.0:4973): avc: denied { open } for path="/proc/stat" dev="proc" ino=4026531957 scontext=u:r:untrusted_app_27:s0:c512,c768 tcontext=u:object_r:proc_stat:s0 tclass=file permissive=1
