10-14 00:53:03.272  2783  3208 E AmFFmpegExtractor: vendor do not support
10-14 00:53:03.274  2789 16012 E OMXNodeInstance: getConfig(0xe78a80e0:google.raw.decoder, ConfigAndroidVendorExtension(0x6f100004)) ERROR: Undefined(0x80001001)
10-14 00:53:03.275  3264  3387 I chatty  : uid=10080(com.kakao.talk) expire 4 lines
10-14 00:53:03.275  2789  3349 I OMXMaster: makeComponentInstance(OMX.google.raw.decoder) in omx@1.0-service process
10-14 00:53:03.277  2789 16012 E OMXNodeInstance: getConfig(0xe741a000:google.raw.decoder, ConfigAndroidVendorExtension(0x6f100004)) ERROR: Undefined(0x80001001)
10-14 00:53:03.277  2746  2746 W AshmemAllocator: ashmem_create_region(65536) returning hidl_memory(0xf1298180, 65536)
10-14 00:53:03.281  2746  2746 W AshmemAllocator: ashmem_create_region(65536) returning hidl_memory(0xf1298180, 65536)
10-14 00:53:03.282  2783  2855 D MediaBufferGroup: creating MemoryDealer
10-14 00:53:03.282  2746  2746 W AshmemAllocator: ashmem_create_region(65536) returning hidl_memory(0xf1298180, 65536)
10-14 00:53:03.283  2746  2746 W AshmemAllocator: ashmem_create_region(65536) returning hidl_memory(0xf1298180, 65536)
10-14 00:53:03.284  2783  2855 D MediaBufferGroup: creating MemoryDealer
10-14 00:53:03.294  2783  2855 E AmFFmpegExtractor: codec_ctx->properties0
10-14 00:53:03.297  2783  2855 E exFFmpeg: [wav @ 0xe408e000] EOF Found
10-14 00:53:03.297  2783  2855 E AmFFmpegExtractor: codec_ctx->properties0
10-14 00:53:03.297  2783  2855 E AmFFmpegExtractor: vendor do not support
10-14 00:53:03.301  3264  3396 I chatty  : uid=10080(com.kakao.talk) expire 4 lines
10-14 00:53:03.301  2789 16012 I OMXMaster: makeComponentInstance(OMX.google.raw.decoder) in omx@1.0-service process
10-14 00:53:03.303  2789 16012 E OMXNodeInstance: getConfig(0xe741a000:google.raw.decoder, ConfigAndroidVendorExtension(0x6f100004)) ERROR: Undefined(0x80001001)
10-14 00:53:03.303  2783  3208 E AmFFmpegExtractor: codec_ctx->properties0
10-14 00:53:03.304  2746  2746 W AshmemAllocator: ashmem_create_region(65536) returning hidl_memory(0xf1298180, 65536)
10-14 00:53:03.305  2746  2746 W AshmemAllocator: ashmem_create_region(65536) returning hidl_memory(0xf1298180, 65536)
10-14 00:53:03.306  2783  3208 E exFFmpeg: [wav @ 0xe4093400] EOF Found
10-14 00:53:03.306  2783  3208 E AmFFmpegExtractor: codec_ctx->properties0
10-14 00:53:03.306  2783  3208 E AmFFmpegExtractor: vendor do not support
10-14 00:53:03.306  2746  2746 W AshmemAllocator: ashmem_create_region(65536) returning hidl_memory(0xf1298180, 65536)
10-14 00:53:03.307  2746  2746 W AshmemAllocator: ashmem_create_region(65536) returning hidl_memory(0xf1298180, 65536)
10-14 00:53:03.308  2746  2746 W AshmemAllocator: ashmem_create_region(65536) returning hidl_memory(0xf1298180, 65536)
10-14 00:53:03.308  2783  2855 D MediaBufferGroup: creating MemoryDealer
10-14 00:53:03.310  3264  3400 I chatty  : uid=10080(com.kakao.talk) expire 4 lines
10-14 00:53:03.310  2789 16012 I OMXMaster: makeComponentInstance(OMX.google.raw.decoder) in omx@1.0-service process
10-14 00:53:03.311  2789  2789 E OMXNodeInstance: getConfig(0xe78a80e0:google.raw.decoder, ConfigAndroidVendorExtension(0x6f100004)) ERROR: Undefined(0x80001001)
10-14 00:53:03.313  2746  2746 W AshmemAllocator: ashmem_create_region(65536) returning hidl_memory(0xf1298180, 65536)
10-14 00:53:03.316  2746  2746 W AshmemAllocator: ashmem_create_region(65536) returning hidl_memory(0xf1298180, 65536)
10-14 00:53:03.317  2783  2855 D MediaBufferGroup: creating MemoryDealer
10-14 00:53:03.407  3264  3409 I chatty  : uid=10080(com.kakao.talk) expire 10 lines
10-14 00:53:03.599  2953  2977 I chatty  : uid=1000(system) android.display expire 10 lines
10-14 00:53:03.613  2636  2718 W libEGL  : EGLNativeWindowType 0xc6c62008 disconnect failed
10-14 00:53:04.846  3599  3355 I GmscoreIpa: Starting mediastore instant index [CONTEXT service_id=255 ]
10-14 00:53:07.550  2747  2888 D audio-subMixingFactory: out_standby_subMixingPCM: out_stream(0xee3ca000) usecase: STREAM_PCM_NORMAL
10-14 00:53:07.550  2747  2888 I audio-subMixingFactory: ++usecase_change_validate_l_sm(), dev usecase masks = 0x1, is_standby = 1, out usecase STREAM_PCM_NORMAL
10-14 00:53:07.550  2747  2888 I audio-subMixingFactory: --usecase_change_validate_l_sm(), dev usecase masks = 0, is_standby = 1, out usecase STREAM_PCM_NORMAL
10-14 00:53:07.550  2747  2888 I amlaudioMixer: ++delete_mixer_input_port port ID: 0
10-14 00:53:07.915  2747  7191 W amlaudioMixer: mixer_get_presentation_position(), port not ready now
10-14 00:53:07.915  2747  7191 W audio-subMixingFactory: out_get_presentation_position_port(), pts not valid yet
10-14 00:53:07.916  2747  7191 I audio-subMixingFactory: ++usecase_change_validate_l_sm: dev usecase masks = 0, out usecase_masks = 0, out usecase STREAM_PCM_NORMAL
10-14 00:53:07.916  2747  7191 I audio-subMixingFactory: ++++usecase_change_validate_l_sm(),continuous_audio_mode 0 dev usecase masks = 0, out usecase_masks = 0, out usecase STREAM_PCM_NORMAL
10-14 00:53:07.916  2747  7191 I audio-subMixingFactory: usecase_change_validate_l_sm(), mixer_aux_buffer_write_sm !
10-14 00:53:07.916  2747  7191 I audio-subMixingFactory: ----usecase_change_validate_l_sm(), continuous_audio_mode 0 dev usecase masks = 0x1, out usecase_masks = 0x1, out usecase STREAM_PCM_NORMAL
10-14 00:53:07.916  2747  7191 I aml_audio_port: get_input_port_index(), samplerate 48000
10-14 00:53:07.916  2747  7191 D aml_audio_port: new_input_port(), index:0, rbuf size:8192, direct_on:0
10-14 00:53:07.916  2747  7191 D aml_audio_port: new_input_port(), fmt 0x1, rate 48000
10-14 00:53:07.916  2747  7191 I amlaudioMixer: ++init_mixer_input_port port index 0, size 512 frames
10-14 00:53:07.916  2747  7191 I amlaudioMixer: init_mixer_input_port(), port->initial_frames: 35141632
10-14 00:53:07.916  2747  7191 I aml_audio_port: get_input_port_index(), samplerate 48000
10-14 00:53:07.916  2747  7191 I audio-subMixingFactory: mixer_aux_buffer_write_sm(), primary 0xee3ca000 port index = 0
10-14 00:53:07.916  2747  7191 I audio-subMixingFactory: padding_bytes 16384
10-14 00:53:07.916  2747  7191 I amlaudioMixer: port index 0 is active now
10-14 00:53:07.916  2747  7191 I audio-subMixingFactory: padding_bytes 14336
10-14 00:53:07.916  2747  7191 I audio-subMixingFactory: padding_bytes 12288
10-14 00:53:07.916  2747  7191 I audio-subMixingFactory: padding_bytes 10240
10-14 00:53:07.916  2747  7191 I audio-subMixingFactory: padding_bytes 8192
10-14 00:53:07.916  2747  7191 I audio-subMixingFactory: padding_bytes 6144
10-14 00:53:07.920  2747  7191 I audio-subMixingFactory: padding_bytes 4096
10-14 00:53:07.920  2747  7191 I audio-subMixingFactory: padding_bytes 2048
10-14 00:53:07.929  2747  7191 W amlaudioMixer: mixer_get_presentation_position(), not valid now
10-14 00:53:07.929  2747  7191 W audio-subMixingFactory: out_get_presentation_position_port(), pts not valid yet
10-14 00:53:07.941  2747  7191 W amlaudioMixer: mixer_get_presentation_position(), not valid now
10-14 00:53:07.941  2747  7191 W audio-subMixingFactory: out_get_presentation_position_port(), pts not valid yet
10-14 00:53:07.954  2766  2911 D AudioFlinger: mixer(0xeb583ac0) throttle end: throttle time(7)
10-14 00:53:09.195  4078  4078 D skia    : --- Failed to create image decoder with message 'unimplemented'
10-14 00:53:09.211  4078  4078 I tutu.ABenchMark: type=1400 audit(0.0:1811): avc: denied { open } for path="/proc/stat" dev="proc" ino=4026531957 scontext=u:r:untrusted_app_27:s0:c512,c768 tcontext=u:object_r:proc_stat:s0 tclass=file permissive=1
10-14 00:53:09.211  4078  4078 I tutu.ABenchMark: type=1400 audit(0.0:1812): avc: denied { getattr } for path="/proc/stat" dev="proc" ino=4026531957 scontext=u:r:untrusted_app_27:s0:c512,c768 tcontext=u:object_r:proc_stat:s0 tclass=file permissive=1
10-14 00:53:09.215  4078  4078 I tutu.ABenchMark: type=1400 audit(0.0:1813): avc: denied { read } for name="temp" dev="sysfs" ino=8951 scontext=u:r:untrusted_app_27:s0:c512,c768 tcontext=u:object_r:sysfs:s0 tclass=file permissive=1
10-14 00:53:09.215  4078  4078 I tutu.ABenchMark: type=1400 audit(0.0:1814): avc: denied { open } for path="/sys/devices/virtual/thermal/thermal_zone0/temp" dev="sysfs" ino=8951 scontext=u:r:untrusted_app_27:s0:c512,c768 tcontext=u:object_r:sysfs:s0 tclass=file permissive=1
10-14 00:53:09.215  4078  4078 I tutu.ABenchMark: type=1400 audit(0.0:1815): avc: denied { getattr } for path="/sys/devices/virtual/thermal/thermal_zone0/temp" dev="sysfs" ino=8951 scontext=u:r:untrusted_app_27:s0:c512,c768 tcontext=u:object_r:sysfs:s0 tclass=file permissive=1
10-14 00:53:09.219  4078  4078 D skia    : --- Failed to create image decoder with message 'unimplemented'
10-14 00:53:10.873  2953  4992 I ActivityManager: START u0 {act=android.content.pm.action.REQUEST_PERMISSIONS pkg=com.google.android.packageinstaller cmp=com.google.android.packageinstaller/com.android.packageinstaller.permission.ui.GrantPermissionsActivity (has extras)} from uid 10080
10-14 00:53:10.893  2958  2958 W ActivityThread: handleWindowVisibility: no activity for token android.os.BinderProxy@242524
10-14 00:53:11.015  2958  2996 D mali_winsys: EGLint new_window_surface(egl_winsys_display *, void *, EGLSurface, EGLConfig, egl_winsys_surface **, EGLBoolean) returns 0x3000
10-14 00:53:11.018  2756  2903 I chatty  : uid=1000(system) HwBinder:2756_2 expire 32 lines
10-14 00:53:11.019  2958  2958 I RenderThread: type=1400 audit(0.0:1819): avc: denied { read } for name="gralloc.odroidn2.so" dev="mmcblk0p12" ino=705 scontext=u:r:priv_app:s0:c512,c768 tcontext=u:object_r:vendor_file:s0 tclass=file permissive=1
10-14 00:53:11.019  2958  2958 I RenderThread: type=1400 audit(0.0:1820): avc: denied { open } for path="/vendor/lib/hw/gralloc.odroidn2.so" dev="mmcblk0p12" ino=705 scontext=u:r:priv_app:s0:c512,c768 tcontext=u:object_r:vendor_file:s0 tclass=file permissive=1
10-14 00:53:11.019  2958  2958 I RenderThread: type=1400 audit(0.0:1821): avc: denied { getattr } for path="/vendor/lib/hw/gralloc.odroidn2.so" dev="mmcblk0p12" ino=705 scontext=u:r:priv_app:s0:c512,c768 tcontext=u:object_r:vendor_file:s0 tclass=file permissive=1
10-14 00:53:17.543  2760  2760 I memtrack@1.0-se: type=1400 audit(0.0:1822): avc: denied { read } for name="mem_profile" dev="debugfs" ino=402781 scontext=u:r:hal_memtrack_default:s0 tcontext=u:object_r:debugfs:s0 tclass=file permissive=1
10-14 00:53:17.543  2760  2760 I memtrack@1.0-se: type=1400 audit(0.0:1823): avc: denied { open } for path="/sys/kernel/debug/mali0/ctx/3264_36/mem_profile" dev="debugfs" ino=402781 scontext=u:r:hal_memtrack_default:s0 tcontext=u:object_r:debugfs:s0 tclass=file permissive=1
10-14 00:53:17.543  2760  2760 I memtrack@1.0-se: type=1400 audit(0.0:1824): avc: denied { getattr } for path="/sys/kernel/debug/mali0/ctx/3264_36/mem_profile" dev="debugfs" ino=402781 scontext=u:r:hal_memtrack_default:s0 tcontext=u:object_r:debugfs:s0 tclass=file permissive=1
10-14 00:53:18.020  2958  2996 W libEGL  : EGLNativeWindowType 0xdfa7f008 disconnect failed
10-14 00:53:18.020  2958  2996 D OpenGLRenderer: endAllActiveAnimators on 0xe090ef00 (RippleDrawable) with handle 0xe2683db0
10-14 00:53:19.226  4078  4078 D skia    : --- Failed to create image decoder with message 'unimplemented'
10-14 00:53:19.257  4078  4078 D skia    : --- Failed to create image decoder with message 'unimplemented'
10-14 00:53:19.984  2953  2975 D AutofillManagerService: Close system dialogs
10-14 00:53:19.988  2953  4992 I ActivityManager: START u0 {act=android.intent.action.MAIN cat=[android.intent.category.HOME] flg=0x10000000 cmp=com.android.launcher3/.Launcher (has extras)} from uid 10024
10-14 00:53:19.995  3106  3106 V StatusBar: mStatusBarWindow: com.android.systemui.statusbar.phone.StatusBarWindowView{530a9c0 V.ED..... ........ 0,0-1360,31} canPanelBeCollapsed(): false
10-14 00:53:19.996  3106  3106 I vol.Events: writeEvent dismiss_dialog volume_controller
10-14 00:53:20.026  3527  3638 D mali_winsys: EGLint new_window_surface(egl_winsys_display *, void *, EGLSurface, EGLConfig, egl_winsys_surface **, EGLBoolean) returns 0x3000
10-14 00:53:20.034  2756  2902 I chatty  : uid=1000(system) HwBinder:2756_1 expire 2 lines
10-14 00:53:20.071  3106  3106 I Binder:3106_2: type=1400 audit(0.0:1825): avc: denied { read } for name="gralloc.odroidn2.so" dev="mmcblk0p12" ino=705 scontext=u:r:platform_app:s0:c512,c768 tcontext=u:object_r:vendor_file:s0 tclass=file permissive=1
10-14 00:53:20.071  3106  3106 I Binder:3106_2: type=1400 audit(0.0:1826): avc: denied { open } for path="/vendor/lib/hw/gralloc.odroidn2.so" dev="mmcblk0p12" ino=705 scontext=u:r:platform_app:s0:c512,c768 tcontext=u:object_r:vendor_file:s0 tclass=file permissive=1
10-14 00:53:20.071  3106  3106 I Binder:3106_2: type=1400 audit(0.0:1827): avc: denied { getattr } for path="/vendor/lib/hw/gralloc.odroidn2.so" dev="mmcblk0p12" ino=705 scontext=u:r:platform_app:s0:c512,c768 tcontext=u:object_r:vendor_file:s0 tclass=file permissive=1
10-14 00:53:20.122  3527  3541 D StrictMode: StrictMode policy violation: android.os.strictmode.LeakedClosableViolation: A resource was acquired at attached stack trace but never released. See java.io.Closeable for information on avoiding resource leaks.
10-14 00:53:20.122  3527  3541 D StrictMode: 	at android.os.StrictMode$AndroidCloseGuardReporter.report(StrictMode.java:1788)
10-14 00:53:20.122  3527  3541 D StrictMode: 	at dalvik.system.CloseGuard.warnIfOpen(CloseGuard.java:264)
10-14 00:53:20.122  3527  3541 D StrictMode: 	at android.view.SurfaceControl.finalize(SurfaceControl.java:667)
10-14 00:53:20.122  3527  3541 D StrictMode: 	at java.lang.Daemons$FinalizerDaemon.doFinalize(Daemons.java:250)
10-14 00:53:20.122  3527  3541 D StrictMode: 	at java.lang.Daemons$FinalizerDaemon.runInternal(Daemons.java:237)
10-14 00:53:20.122  3527  3541 D StrictMode: 	at java.lang.Daemons$Daemon.run(Daemons.java:103)
10-14 00:53:20.122  3527  3541 D StrictMode: 	at java.lang.Thread.run(Thread.java:764)
10-14 00:53:20.122  3527  3541 D StrictMode: Caused by: java.lang.Throwable: Explicit termination method 'release' not called
10-14 00:53:20.122  3527  3541 D StrictMode: 	at dalvik.system.CloseGuard.open(CloseGuard.java:221)
10-14 00:53:20.122  3527  3541 D StrictMode: 	at android.view.SurfaceControl.<init>(SurfaceControl.java:621)
10-14 00:53:20.122  3527  3541 D StrictMode: 	at android.view.SurfaceControl.<init>(SurfaceControl.java:60)
10-14 00:53:20.122  3527  3541 D StrictMode: 	at android.view.SurfaceControl$1.createFromParcel(SurfaceControl.java:655)
10-14 00:53:20.122  3527  3541 D StrictMode: 	at android.view.SurfaceControl$1.createFromParcel(SurfaceControl.java:653)
10-14 00:53:20.122  3527  3541 D StrictMode: 	at android.os.Parcel.readParcelable(Parcel.java:2766)
10-14 00:53:20.122  3527  3541 D StrictMode: 	at android.view.RemoteAnimationTarget.<init>(RemoteAnimationTarget.java:149)
10-14 00:53:20.122  3527  3541 D StrictMode: 	at android.view.RemoteAnimationTarget$1.createFromParcel(RemoteAnimationTarget.java:212)
10-14 00:53:20.122  3527  3541 D StrictMode: 	at android.view.RemoteAnimationTarget$1.createFromParcel(RemoteAnimationTarget.java:210)
10-14 00:53:20.122  3527  3541 D StrictMode: 	at android.os.Parcel.readTypedObject(Parcel.java:2606)
10-14 00:53:20.122  3527  3541 D StrictMode: 	at android.os.Parcel.createTypedArray(Parcel.java:2568)
10-14 00:53:20.122  3527  3541 D StrictMode: 	at android.view.IRemoteAnimationRunner$Stub.onTransact(IRemoteAnimationRunner.java:56)
10-14 00:53:20.122  3527  3541 D StrictMode: 	at android.os.Binder.execTransact(Binder.java:731)
10-14 00:53:20.138  3527  3541 I chatty  : uid=10024(com.android.launcher3) FinalizerDaemon identical 8 lines
10-14 00:53:20.138  3527  3541 D StrictMode: StrictMode policy violation: android.os.strictmode.LeakedClosableViolation: A resource was acquired at attached stack trace but never released. See java.io.Closeable for information on avoiding resource leaks.
10-14 00:53:20.138  3527  3541 D StrictMode: 	at android.os.StrictMode$AndroidCloseGuardReporter.report(StrictMode.java:1788)
10-14 00:53:20.138  3527  3541 D StrictMode: 	at dalvik.system.CloseGuard.warnIfOpen(CloseGuard.java:264)
10-14 00:53:20.138  3527  3541 D StrictMode: 	at android.view.SurfaceControl.finalize(SurfaceControl.java:667)
10-14 00:53:20.138  3527  3541 D StrictMode: 	at java.lang.Daemons$FinalizerDaemon.doFinalize(Daemons.java:250)
10-14 00:53:20.138  3527  3541 D StrictMode: 	at java.lang.Daemons$FinalizerDaemon.runInternal(Daemons.java:237)
10-14 00:53:20.138  3527  3541 D StrictMode: 	at java.lang.Daemons$Daemon.run(Daemons.java:103)
10-14 00:53:20.138  3527  3541 D StrictMode: 	at java.lang.Thread.run(Thread.java:764)
10-14 00:53:20.138  3527  3541 D StrictMode: Caused by: java.lang.Throwable: Explicit termination method 'release' not called
10-14 00:53:20.138  3527  3541 D StrictMode: 	at dalvik.system.CloseGuard.open(CloseGuard.java:221)
10-14 00:53:20.138  3527  3541 D StrictMode: 	at android.view.SurfaceControl.<init>(SurfaceControl.java:621)
10-14 00:53:20.138  3527  3541 D StrictMode: 	at android.view.SurfaceControl.<init>(SurfaceControl.java:60)
10-14 00:53:20.138  3527  3541 D StrictMode: 	at android.view.SurfaceControl$1.createFromParcel(SurfaceControl.java:655)
10-14 00:53:20.138  3527  3541 D StrictMode: 	at android.view.SurfaceControl$1.createFromParcel(SurfaceControl.java:653)
10-14 00:53:20.138  3527  3541 D StrictMode: 	at android.os.Parcel.readParcelable(Parcel.java:2766)
10-14 00:53:20.138  3527  3541 D StrictMode: 	at android.view.RemoteAnimationTarget.<init>(RemoteAnimationTarget.java:149)
10-14 00:53:20.138  3527  3541 D StrictMode: 	at android.view.RemoteAnimationTarget$1.createFromParcel(RemoteAnimationTarget.java:212)
10-14 00:53:20.138  3527  3541 D StrictMode: 	at android.view.RemoteAnimationTarget$1.createFromParcel(RemoteAnimationTarget.java:210)
10-14 00:53:20.138  3527  3541 D StrictMode: 	at android.os.Parcel.readTypedObject(Parcel.java:2606)
10-14 00:53:20.138  3527  3541 D StrictMode: 	at android.os.Parcel.createTypedArray(Parcel.java:2568)
10-14 00:53:20.138  3527  3541 D StrictMode: 	at android.view.IRemoteAnimationRunner$Stub.onTransact(IRemoteAnimationRunner.java:56)
10-14 00:53:20.138  3527  3541 D StrictMode: 	at android.os.Binder.execTransact(Binder.java:731)
10-14 00:53:20.171  2953  2969 W BroadcastQueue: Background execution not allowed: receiving Intent { act=android.intent.action.DROPBOX_ENTRY_ADDED flg=0x10 (has extras) } to com.google.android.gms/.stats.service.DropBoxEntryAddedReceiver
10-14 00:53:20.171  2953  2969 W BroadcastQueue: Background execution not allowed: receiving Intent { act=android.intent.action.DROPBOX_ENTRY_ADDED flg=0x10 (has extras) } to com.google.android.gms/.chimera.GmsIntentOperationService$PersistentTrustedReceiver
10-14 00:53:20.177  2953  2969 W BroadcastQueue: Background execution not allowed: receiving Intent { act=android.intent.action.DROPBOX_ENTRY_ADDED flg=0x10 (has extras) } to com.google.android.gms/.stats.service.DropBoxEntryAddedReceiver
10-14 00:53:20.177  2953  2969 W BroadcastQueue: Background execution not allowed: receiving Intent { act=android.intent.action.DROPBOX_ENTRY_ADDED flg=0x10 (has extras) } to com.google.android.gms/.chimera.GmsIntentOperationService$PersistentTrustedReceiver
10-14 00:53:20.196  2953  2969 W BroadcastQueue: Background execution not allowed: receiving Intent { act=android.intent.action.DROPBOX_ENTRY_ADDED flg=0x10 (has extras) } to com.google.android.gms/.stats.service.DropBoxEntryAddedReceiver
10-14 00:53:20.197  2953  2969 W BroadcastQueue: Background execution not allowed: receiving Intent { act=android.intent.action.DROPBOX_ENTRY_ADDED flg=0x10 (has extras) } to com.google.android.gms/.chimera.GmsIntentOperationService$PersistentTrustedReceiver
10-14 00:53:20.203  2953  2969 W BroadcastQueue: Background execution not allowed: receiving Intent { act=android.intent.action.DROPBOX_ENTRY_ADDED flg=0x10 (has extras) } to com.google.android.gms/.stats.service.DropBoxEntryAddedReceiver
10-14 00:53:20.207  2953  2969 W BroadcastQueue: Background execution not allowed: receiving Intent { act=android.intent.action.DROPBOX_ENTRY_ADDED flg=0x10 (has extras) } to com.google.android.gms/.chimera.GmsIntentOperationService$PersistentTrustedReceiver
10-14 00:53:20.207  2953  2969 W BroadcastQueue: Background execution not allowed: receiving Intent { act=android.intent.action.DROPBOX_ENTRY_ADDED flg=0x10 (has extras) } to com.google.android.gms/.stats.service.DropBoxEntryAddedReceiver
10-14 00:53:20.207  2953  2969 W BroadcastQueue: Background execution not allowed: receiving Intent { act=android.intent.action.DROPBOX_ENTRY_ADDED flg=0x10 (has extras) } to com.google.android.gms/.chimera.GmsIntentOperationService$PersistentTrustedReceiver
10-14 00:53:20.209  2953  2969 W BroadcastQueue: Background execution not allowed: receiving Intent { act=android.intent.action.DROPBOX_ENTRY_ADDED flg=0x10 (has extras) } to com.google.android.gms/.stats.service.DropBoxEntryAddedReceiver
10-14 00:53:20.210  2953  2969 W BroadcastQueue: Background execution not allowed: receiving Intent { act=android.intent.action.DROPBOX_ENTRY_ADDED flg=0x10 (has extras) } to com.google.android.gms/.chimera.GmsIntentOperationService$PersistentTrustedReceiver
10-14 00:53:20.210  2953  2969 W BroadcastQueue: Background execution not allowed: receiving Intent { act=android.intent.action.DROPBOX_ENTRY_ADDED flg=0x10 (has extras) } to com.google.android.gms/.stats.service.DropBoxEntryAddedReceiver
10-14 00:53:20.210  2953  2969 W BroadcastQueue: Background execution not allowed: receiving Intent { act=android.intent.action.DROPBOX_ENTRY_ADDED flg=0x10 (has extras) } to com.google.android.gms/.chimera.GmsIntentOperationService$PersistentTrustedReceiver
10-14 00:53:20.210  2953  2969 W BroadcastQueue: Background execution not allowed: receiving Intent { act=android.intent.action.DROPBOX_ENTRY_ADDED flg=0x10 (has extras) } to com.google.android.gms/.stats.service.DropBoxEntryAddedReceiver
10-14 00:53:20.210  2953  2969 W BroadcastQueue: Background execution not allowed: receiving Intent { act=android.intent.action.DROPBOX_ENTRY_ADDED flg=0x10 (has extras) } to com.google.android.gms/.chimera.GmsIntentOperationService$PersistentTrustedReceiver
10-14 00:53:20.212  2953  2969 W BroadcastQueue: Background execution not allowed: receiving Intent { act=android.intent.action.DROPBOX_ENTRY_ADDED flg=0x10 (has extras) } to com.google.android.gms/.stats.service.DropBoxEntryAddedReceiver
10-14 00:53:20.213  2953  2969 W BroadcastQueue: Background execution not allowed: receiving Intent { act=android.intent.action.DROPBOX_ENTRY_ADDED flg=0x10 (has extras) } to com.google.android.gms/.chimera.GmsIntentOperationService$PersistentTrustedReceiver
10-14 00:53:20.215  2953  2969 W BroadcastQueue: Background execution not allowed: receiving Intent { act=android.intent.action.DROPBOX_ENTRY_ADDED flg=0x10 (has extras) } to com.google.android.gms/.stats.service.DropBoxEntryAddedReceiver
10-14 00:53:20.215  2953  2969 W BroadcastQueue: Background execution not allowed: receiving Intent { act=android.intent.action.DROPBOX_ENTRY_ADDED flg=0x10 (has extras) } to com.google.android.gms/.chimera.GmsIntentOperationService$PersistentTrustedReceiver
10-14 00:53:22.145  2953  4858 D ConnectivityService: requestNetwork for uid/pid:10023/6841 NetworkRequest [ TRACK_DEFAULT id=189, [ Capabilities: INTERNET&NOT_RESTRICTED&TRUSTED Unwanted:  Uid: 10023] ]
10-14 00:53:22.147  2953  3062 I chatty  : uid=1000(system) EthernetService expire 4 lines
10-14 00:53:22.147  3169  3169 D PhoneSwitcherNetworkRequstListener: got request NetworkRequest [ TRACK_DEFAULT id=189, [ Capabilities: INTERNET&NOT_RESTRICTED&TRUSTED Unwanted:  Uid: 10023] ] with score 70
10-14 00:53:22.155  2953  2969 E NotificationService: Suppressing notification from package by user request.
10-14 00:53:22.157  2953  3042 D ConnectivityService: releasing NetworkRequest [ TRACK_DEFAULT id=189, [ Capabilities: INTERNET&NOT_RESTRICTED&TRUSTED Unwanted:  Uid: 10023] ] (release request)
10-14 00:53:22.813  3527  3527 D InputEventConsistencyVerifier: GenericMotionEvent: Action button for ACTION_BUTTON_RELEASE event is 1, but it was either never pressed or has already been released.
10-14 00:53:22.813  3527  3527 D InputEventConsistencyVerifier:   in com.android.launcher3.CellLayout{b7d3627 V.ED..... ........ 1268,31-2475,697}
10-14 00:53:22.813  3527  3527 D InputEventConsistencyVerifier:   0: sent at 2454679558000, MotionEvent { action=ACTION_BUTTON_RELEASE, actionButton=BUTTON_PRIMARY, id[0]=0, x[0]=948.37897, y[0]=454.2355, toolType[0]=TOOL_TYPE_MOUSE, buttonState=0, metaState=0, flags=0x0, edgeFlags=0x0, pointerCount=1, historySize=0, eventTime=2454679, downTime=2454519, deviceId=4, source=0x2002 }
10-14 00:53:22.813  3527  3527 D InputEventConsistencyVerifier:   -- recent events --
10-14 00:53:22.813  3527  3527 D InputEventConsistencyVerifier:   1: sent at 2429803556000, (unhandled) MotionEvent { action=ACTION_HOVER_EXIT, actionButton=0, id[0]=0, x[0]=833.9784, y[0]=762.3311, toolType[0]=TOOL_TYPE_MOUSE, buttonState=0, metaState=0, flags=0x4, edgeFlags=0x0, pointerCount=1, historySize=0, eventTime=2429803, downTime=2428891, deviceId=4, source=0x2002 }
10-14 00:53:22.813  3527  3527 D InputEventConsistencyVerifier:   2: sent at 2429803556000, (unhandled) MotionEvent { action=ACTION_HOVER_MOVE, actionButton=0, id[0]=0, x[0]=833.9784, y[0]=762.3311, toolType[0]=TOOL_TYPE_MOUSE, buttonState=0, metaState=0, flags=0x4, edgeFlags=0x0, pointerCount=1, historySize=1, eventTime=2429803, downTime=2428891, deviceId=4, source=0x2002 }
10-14 00:53:22.813  3527  3527 D InputEventConsistencyVerifier:   3: sent at 2401007558000, MotionEvent { action=ACTION_HOVER_MOVE, actionButton=0, id[0]=0, x[0]=519.6524, y[0]=483.30627, toolType[0]=TOOL_TYPE_MOUSE, buttonState=0, metaState=0, flags=0x0, edgeFlags=0x0, pointerCount=1, historySize=0, eventTime=2401007, downTime=2400927, deviceId=4, source=0x2002 }
10-14 00:53:22.813  3527  3527 D InputEventConsistencyVerifier:   4: sent at 2401007558000, MotionEvent { action=ACTION_HOVER_ENTER, actionButton=0, id[0]=0, x[0]=519.6524, y[0]=483.30627, toolType[0]=TOOL_TYPE_MOUSE, buttonState=0, metaState=0, flags=0x0, edgeFlags=0x0, pointerCount=1, historySize=0, eventTime=2401007, downTime=2400927, deviceId=4, source=0x2002 }
10-14 00:53:22.813  3527  3527 D InputEventConsistencyVerifier:   5: sent at 2401007558000, MotionEvent { action=ACTION_UP, actionButton=0, id[0]=0, x[0]=519.6524, y[0]=483.30627, toolType[0]=TOOL_TYPE_MOUSE, buttonState=0, metaState=0, flags=0x0, edgeFlags=0x0, pointerCount=1, historySize=0, eventTime=2401007, downTime=2400927, deviceId=4, source=0x2002 }
10-14 00:53:22.942  2747  2888 D audio-subMixingFactory: out_standby_subMixingPCM: out_stream(0xee3ca000) usecase: STREAM_PCM_NORMAL
10-14 00:53:22.942  2747  2888 I audio-subMixingFactory: ++usecase_change_validate_l_sm(), dev usecase masks = 0x1, is_standby = 1, out usecase STREAM_PCM_NORMAL
10-14 00:53:22.942  2747  2888 I audio-subMixingFactory: --usecase_change_validate_l_sm(), dev usecase masks = 0, is_standby = 1, out usecase STREAM_PCM_NORMAL
10-14 00:53:22.942  2747  2888 I amlaudioMixer: ++delete_mixer_input_port port ID: 0
10-14 00:53:23.274  2953  4858 I ActivityManager: Killing 2636:com.iloen.melon/u0a106 (adj 900): remove task
10-14 00:53:23.276  2953  2972 I chatty  : uid=1000(system) ActivityManager expire 22 lines
10-14 00:53:23.406  2953  3028 I chatty  : uid=1000(system) InputDispatcher expire 7 lines
10-14 00:53:23.414  2953  2965 I WindowManager: WIN DEATH: Window{d479e3f u0 com.iloen.melon/com.iloen.melon.MusicBrowserActivity}
10-14 00:53:23.414  2953  2965 I chatty  : uid=1000(system) Binder:2953_1 expire 1 line
10-14 00:53:23.415  2740  2740 I Zygote  : Process 2636 exited due to signal (9)
10-14 00:53:24.213  2953  4883 I ActivityManager: START u0 {act=android.intent.action.MAIN cat=[android.intent.category.LAUNCHER] flg=0x10200000 cmp=com.kakao.talk/.activity.SplashActivity bnds=[52,31][253,162]} from uid 10024
10-14 00:53:24.216  2747  7191 W amlaudioMixer: mixer_get_presentation_position(), port not ready now
10-14 00:53:24.216  2747  7191 W audio-subMixingFactory: out_get_presentation_position_port(), pts not valid yet
10-14 00:53:24.217  2747  7191 I audio-subMixingFactory: ++usecase_change_validate_l_sm: dev usecase masks = 0, out usecase_masks = 0, out usecase STREAM_PCM_NORMAL
10-14 00:53:24.217  2747  7191 I audio-subMixingFactory: ++++usecase_change_validate_l_sm(),continuous_audio_mode 0 dev usecase masks = 0, out usecase_masks = 0, out usecase STREAM_PCM_NORMAL
10-14 00:53:24.217  2747  7191 I audio-subMixingFactory: usecase_change_validate_l_sm(), mixer_aux_buffer_write_sm !
10-14 00:53:24.217  2747  7191 I audio-subMixingFactory: ----usecase_change_validate_l_sm(), continuous_audio_mode 0 dev usecase masks = 0x1, out usecase_masks = 0x1, out usecase STREAM_PCM_NORMAL
10-14 00:53:24.217  2747  7191 I aml_audio_port: get_input_port_index(), samplerate 48000
10-14 00:53:24.217  2747  7191 D aml_audio_port: new_input_port(), index:0, rbuf size:8192, direct_on:0
10-14 00:53:24.217  2747  7191 D aml_audio_port: new_input_port(), fmt 0x1, rate 48000
10-14 00:53:24.217  2747  7191 I amlaudioMixer: ++init_mixer_input_port port index 0, size 512 frames
10-14 00:53:24.217  2747  7191 I amlaudioMixer: init_mixer_input_port(), port->initial_frames: 35863552
10-14 00:53:24.217  2747  7191 I aml_audio_port: get_input_port_index(), samplerate 48000
10-14 00:53:24.217  2747  7191 I audio-subMixingFactory: mixer_aux_buffer_write_sm(), primary 0xee3ca000 port index = 0
10-14 00:53:24.217  2747  7191 I audio-subMixingFactory: padding_bytes 16384
10-14 00:53:24.217  2747  7191 I amlaudioMixer: port index 0 is active now
10-14 00:53:24.217  2747  7191 I audio-subMixingFactory: padding_bytes 14336
10-14 00:53:24.217  2747  7191 I audio-subMixingFactory: padding_bytes 12288
10-14 00:53:24.217  2747  7191 I audio-subMixingFactory: padding_bytes 10240
10-14 00:53:24.217  2747  7191 I audio-subMixingFactory: padding_bytes 8192
10-14 00:53:24.217  2747  7191 I audio-subMixingFactory: padding_bytes 6144
10-14 00:53:24.220  2747  7191 I audio-subMixingFactory: padding_bytes 4096
10-14 00:53:24.220  2747  7191 I audio-subMixingFactory: padding_bytes 2048
10-14 00:53:24.230  2747  7191 W amlaudioMixer: mixer_get_presentation_position(), not valid now
10-14 00:53:24.230  2747  7191 W audio-subMixingFactory: out_get_presentation_position_port(), pts not valid yet
10-14 00:53:24.240  2747  7191 W amlaudioMixer: mixer_get_presentation_position(), not valid now
10-14 00:53:24.241  2747  7191 W audio-subMixingFactory: out_get_presentation_position_port(), pts not valid yet
10-14 00:53:24.255  2953  4883 I ActivityManager: Config changes=20000480 {1.0 ?mcc?mnc [en_US] ldltr sw602dp w602dp h994dp 204dpi lrg long port -touch -keyb/v/h dpad/v winConfig={ mBounds=Rect(0, 0 - 0, 0) mAppBounds=Rect(0, 0 - 768, 1299) mWindowingMode=fullscreen mActivityType=undefined} s.14}
10-14 00:53:24.255  2766  2911 D AudioFlinger: mixer(0xeb583ac0) throttle end: throttle time(6)
10-14 00:53:24.286  2953  4883 I ActivityManager: Override config changes=20000480 {1.0 ?mcc?mnc [en_US] ldltr sw602dp w602dp h994dp 204dpi lrg long port -touch -keyb/v/h dpad/v winConfig={ mBounds=Rect(0, 0 - 1360, 707) mAppBounds=Rect(0, 0 - 768, 1299) mWindowingMode=fullscreen mActivityType=undefined} s.14} for displayId=0
10-14 00:53:24.332  3527  3638 W libEGL  : EGLNativeWindowType 0xe096b808 disconnect failed
10-14 00:53:24.349  2953  3029 I chatty  : uid=1000(system) InputReader expire 4 lines
10-14 00:53:24.354  3106  3352 W libEGL  : EGLNativeWindowType 0xdfa50808 disconnect failed
10-14 00:53:24.355  3106  3352 D mali_winsys: EGLint new_window_surface(egl_winsys_display *, void *, EGLSurface, EGLConfig, egl_winsys_surface **, EGLBoolean) returns 0x3000
10-14 00:53:24.357  2953  4883 I ActivityManager: START u0 {cmp=com.kakao.talk/.activity.MustHavePermissionGrantActivity} from uid 10080
10-14 00:53:24.380  3106  3106 D StatusBar: disable<e i a s b h r c s > disable2<q i n >
10-14 00:53:24.543  3106  3106 I RenderThread: type=1400 audit(0.0:1828): avc: denied { read } for name="gralloc.odroidn2.so" dev="mmcblk0p12" ino=705 scontext=u:r:platform_app:s0:c512,c768 tcontext=u:object_r:vendor_file:s0 tclass=file permissive=1
10-14 00:53:24.543  3106  3106 I RenderThread: type=1400 audit(0.0:1829): avc: denied { open } for path="/vendor/lib/hw/gralloc.odroidn2.so" dev="mmcblk0p12" ino=705 scontext=u:r:platform_app:s0:c512,c768 tcontext=u:object_r:vendor_file:s0 tclass=file permissive=1
10-14 00:53:24.543  3106  3106 I RenderThread: type=1400 audit(0.0:1830): avc: denied { getattr } for path="/vendor/lib/hw/gralloc.odroidn2.so" dev="mmcblk0p12" ino=705 scontext=u:r:platform_app:s0:c512,c768 tcontext=u:object_r:vendor_file:s0 tclass=file permissive=1
10-14 00:53:24.544  3106  3106 I ImageWallpaper: Redrawing in rect: RectF(0.0, 0.0, 2331.0, 1920.0) with surface size: 2331x1920
10-14 00:53:24.544  3106  3352 D mali_winsys: EGLint new_window_surface(egl_winsys_display *, void *, EGLSurface, EGLConfig, egl_winsys_surface **, EGLBoolean) returns 0x3000
10-14 00:53:24.599  3106  3352 W libEGL  : EGLNativeWindowType 0xdfa50808 disconnect failed
10-14 00:53:24.599  3106  3352 D mali_winsys: EGLint new_window_surface(egl_winsys_display *, void *, EGLSurface, EGLConfig, egl_winsys_surface **, EGLBoolean) returns 0x3000
10-14 00:53:24.640  3106  3352 W libEGL  : EGLNativeWindowType 0xcced7008 disconnect failed
10-14 00:53:24.640  3106  3352 D mali_winsys: EGLint new_window_surface(egl_winsys_display *, void *, EGLSurface, EGLConfig, egl_winsys_surface **, EGLBoolean) returns 0x3000
10-14 00:53:24.661  2953  3010 I WindowManager: Screen frozen for +424ms due to Window{d1dc9c2 u0 StatusBar}
10-14 00:53:25.056  3527  3527 W ViewRootImpl[Launcher]: Cancelling event due to no window focus: MotionEvent { action=ACTION_CANCEL, actionButton=0, id[0]=0, x[0]=650.9171, y[0]=196.23068, toolType[0]=TOOL_TYPE_MOUSE, buttonState=0, metaState=0, flags=0x0, edgeFlags=0x0, pointerCount=1, historySize=0, eventTime=2456923, downTime=2455963, deviceId=4, source=0x2002 }
10-14 00:53:25.057  3527  3527 I chatty  : uid=10024(com.android.launcher3) identical 2 lines
10-14 00:53:25.057  3527  3527 W ViewRootImpl[Launcher]: Cancelling event due to no window focus: MotionEvent { action=ACTION_CANCEL, actionButton=0, id[0]=0, x[0]=650.9171, y[0]=196.23068, toolType[0]=TOOL_TYPE_MOUSE, buttonState=0, metaState=0, flags=0x0, edgeFlags=0x0, pointerCount=1, historySize=0, eventTime=2456923, downTime=2455963, deviceId=4, source=0x2002 }
10-14 00:53:27.284  2747  2888 D audio-subMixingFactory: out_standby_subMixingPCM: out_stream(0xee3ca000) usecase: STREAM_PCM_NORMAL
10-14 00:53:27.284  2747  2888 I audio-subMixingFactory: ++usecase_change_validate_l_sm(), dev usecase masks = 0x1, is_standby = 1, out usecase STREAM_PCM_NORMAL
10-14 00:53:27.284  2747  2888 I audio-subMixingFactory: --usecase_change_validate_l_sm(), dev usecase masks = 0, is_standby = 1, out usecase STREAM_PCM_NORMAL
10-14 00:53:27.284  2747  2888 I amlaudioMixer: ++delete_mixer_input_port port ID: 0
10-14 00:53:27.284  2747  2907 E amlaudioMixer: mixer_do_mixing_16bit(), sys or direct pcm must exist!!!
10-14 00:53:27.438  2953  4214 I ActivityManager: Killing 12733:com.instagram.android:mqtt/u0a52 (adj 906): empty for 1801s
10-14 00:53:27.478  2740  2740 I Zygote  : Process 12733 exited due to signal (9)
10-14 00:53:27.534  2747  7191 W amlaudioMixer: mixer_get_presentation_position(), port not ready now
10-14 00:53:27.534  2747  7191 W audio-subMixingFactory: out_get_presentation_position_port(), pts not valid yet
10-14 00:53:27.535  2747  7191 I audio-subMixingFactory: ++usecase_change_validate_l_sm: dev usecase masks = 0, out usecase_masks = 0, out usecase STREAM_PCM_NORMAL
10-14 00:53:27.535  2747  7191 I audio-subMixingFactory: ++++usecase_change_validate_l_sm(),continuous_audio_mode 0 dev usecase masks = 0, out usecase_masks = 0, out usecase STREAM_PCM_NORMAL
10-14 00:53:27.535  2747  7191 I audio-subMixingFactory: usecase_change_validate_l_sm(), mixer_aux_buffer_write_sm !
10-14 00:53:27.535  2747  7191 I audio-subMixingFactory: ----usecase_change_validate_l_sm(), continuous_audio_mode 0 dev usecase masks = 0x1, out usecase_masks = 0x1, out usecase STREAM_PCM_NORMAL
10-14 00:53:27.535  2747  7191 I aml_audio_port: get_input_port_index(), samplerate 48000
10-14 00:53:27.535  2747  7191 D aml_audio_port: new_input_port(), index:0, rbuf size:8192, direct_on:0
10-14 00:53:27.535  2747  7191 D aml_audio_port: new_input_port(), fmt 0x1, rate 48000
10-14 00:53:27.535  2747  7191 I amlaudioMixer: ++init_mixer_input_port port index 0, size 512 frames
10-14 00:53:27.535  2747  7191 I amlaudioMixer: init_mixer_input_port(), port->initial_frames: 36012032
10-14 00:53:27.535  2747  7191 I aml_audio_port: get_input_port_index(), samplerate 48000
10-14 00:53:27.535  2747  7191 I audio-subMixingFactory: mixer_aux_buffer_write_sm(), primary 0xee3ca000 port index = 0
10-14 00:53:27.535  2747  7191 I audio-subMixingFactory: padding_bytes 16384
10-14 00:53:27.535  2747  7191 I amlaudioMixer: port index 0 is active now
10-14 00:53:27.535  2747  7191 I audio-subMixingFactory: padding_bytes 14336
10-14 00:53:27.535  2747  7191 I audio-subMixingFactory: padding_bytes 12288
10-14 00:53:27.535  2747  7191 I audio-subMixingFactory: padding_bytes 10240
10-14 00:53:27.535  2747  7191 I audio-subMixingFactory: padding_bytes 8192
10-14 00:53:27.535  2747  7191 I audio-subMixingFactory: padding_bytes 6144
10-14 00:53:27.539  2747  7191 I audio-subMixingFactory: padding_bytes 4096
10-14 00:53:27.542  2747  7191 I audio-subMixingFactory: padding_bytes 2048
10-14 00:53:27.552  2747  7191 W amlaudioMixer: mixer_get_presentation_position(), not valid now
10-14 00:53:27.552  2747  7191 W audio-subMixingFactory: out_get_presentation_position_port(), pts not valid yet
10-14 00:53:27.563  2747  7191 W amlaudioMixer: mixer_get_presentation_position(), not valid now
10-14 00:53:27.563  2747  7191 W audio-subMixingFactory: out_get_presentation_position_port(), pts not valid yet
10-14 00:53:27.576  2766  2911 D AudioFlinger: mixer(0xeb583ac0) throttle end: throttle time(4)
10-14 00:53:27.589  2756  8190 I chatty  : uid=1000(system) HwBinder:2756_3 expire 22 lines
10-14 00:53:27.597  2756  2903 I chatty  : uid=1000(system) HwBinder:2756_2 expire 25 lines
10-14 00:53:29.206 12577 12712 W FileBasedMultiProcessTracker: <default>: Observed removed PID: 12733
10-14 00:53:29.265  4078  4078 D skia    : --- Failed to create image decoder with message 'unimplemented'
10-14 00:53:29.280  4078  4078 D skia    : --- Failed to create image decoder with message 'unimplemented'
10-14 00:53:29.319  2953  4214 I ActivityManager: START u0 {act=android.content.pm.action.REQUEST_PERMISSIONS pkg=com.google.android.packageinstaller cmp=com.google.android.packageinstaller/com.android.packageinstaller.permission.ui.GrantPermissionsActivity (has extras)} from uid 10080
10-14 00:53:29.334  2958  2958 W ActivityThread: handleWindowVisibility: no activity for token android.os.BinderProxy@17669db
10-14 00:53:29.441  2958  2996 D mali_winsys: EGLint new_window_surface(egl_winsys_display *, void *, EGLSurface, EGLConfig, egl_winsys_surface **, EGLBoolean) returns 0x3000
10-14 00:53:29.451  2958  2958 I RenderThread: type=1400 audit(0.0:1831): avc: denied { read } for name="gralloc.odroidn2.so" dev="mmcblk0p12" ino=705 scontext=u:r:priv_app:s0:c512,c768 tcontext=u:object_r:vendor_file:s0 tclass=file permissive=1
10-14 00:53:29.451  2958  2958 I RenderThread: type=1400 audit(0.0:1832): avc: denied { open } for path="/vendor/lib/hw/gralloc.odroidn2.so" dev="mmcblk0p12" ino=705 scontext=u:r:priv_app:s0:c512,c768 tcontext=u:object_r:vendor_file:s0 tclass=file permissive=1
10-14 00:53:29.451  2958  2958 I RenderThread: type=1400 audit(0.0:1833): avc: denied { getattr } for path="/vendor/lib/hw/gralloc.odroidn2.so" dev="mmcblk0p12" ino=705 scontext=u:r:priv_app:s0:c512,c768 tcontext=u:object_r:vendor_file:s0 tclass=file permissive=1
10-14 00:53:29.546  3106  3352 W libEGL  : EGLNativeWindowType 0xcd1da008 disconnect failed
10-14 00:53:29.587  2958  2996 W libEGL  : EGLNativeWindowType 0xcbb72008 disconnect failed
10-14 00:53:29.587  2958  2996 D mali_winsys: EGLint new_window_surface(egl_winsys_display *, void *, EGLSurface, EGLConfig, egl_winsys_surface **, EGLBoolean) returns 0x3000
10-14 00:53:29.819  2953  2953 I chatty  : uid=1000 system_server expire 10 lines
10-14 00:53:32.268  2747  2888 D audio-subMixingFactory: out_standby_subMixingPCM: out_stream(0xee3ca000) usecase: STREAM_PCM_NORMAL
10-14 00:53:32.268  2747  2888 I audio-subMixingFactory: ++usecase_change_validate_l_sm(), dev usecase masks = 0x1, is_standby = 1, out usecase STREAM_PCM_NORMAL
10-14 00:53:32.268  2747  2888 I audio-subMixingFactory: --usecase_change_validate_l_sm(), dev usecase masks = 0, is_standby = 1, out usecase STREAM_PCM_NORMAL
10-14 00:53:32.268  2747  2888 I amlaudioMixer: ++delete_mixer_input_port port ID: 0
10-14 00:53:33.501  2747  7191 W amlaudioMixer: mixer_get_presentation_position(), port not ready now
10-14 00:53:33.501  2747  7191 W audio-subMixingFactory: out_get_presentation_position_port(), pts not valid yet
10-14 00:53:33.502  2747  7191 I audio-subMixingFactory: ++usecase_change_validate_l_sm: dev usecase masks = 0, out usecase_masks = 0, out usecase STREAM_PCM_NORMAL
10-14 00:53:33.502  2747  7191 I audio-subMixingFactory: ++++usecase_change_validate_l_sm(),continuous_audio_mode 0 dev usecase masks = 0, out usecase_masks = 0, out usecase STREAM_PCM_NORMAL
10-14 00:53:33.502  2747  7191 I audio-subMixingFactory: usecase_change_validate_l_sm(), mixer_aux_buffer_write_sm !
10-14 00:53:33.502  2747  7191 I audio-subMixingFactory: ----usecase_change_validate_l_sm(), continuous_audio_mode 0 dev usecase masks = 0x1, out usecase_masks = 0x1, out usecase STREAM_PCM_NORMAL
10-14 00:53:33.502  2747  7191 I aml_audio_port: get_input_port_index(), samplerate 48000
10-14 00:53:33.502  2747  7191 D aml_audio_port: new_input_port(), index:0, rbuf size:8192, direct_on:0
10-14 00:53:33.502  2747  7191 D aml_audio_port: new_input_port(), fmt 0x1, rate 48000
10-14 00:53:33.502  2747  7191 I amlaudioMixer: ++init_mixer_input_port port index 0, size 512 frames
10-14 00:53:33.502  2747  7191 I amlaudioMixer: init_mixer_input_port(), port->initial_frames: 36240384
10-14 00:53:33.502  2747  7191 I aml_audio_port: get_input_port_index(), samplerate 48000
10-14 00:53:33.502  2747  7191 I audio-subMixingFactory: mixer_aux_buffer_write_sm(), primary 0xee3ca000 port index = 0
10-14 00:53:33.502  2747  7191 I audio-subMixingFactory: padding_bytes 16384
10-14 00:53:33.502  2747  7191 I amlaudioMixer: port index 0 is active now
10-14 00:53:33.502  2747  7191 I audio-subMixingFactory: padding_bytes 14336
10-14 00:53:33.502  2747  7191 I audio-subMixingFactory: padding_bytes 12288
10-14 00:53:33.502  2747  7191 I audio-subMixingFactory: padding_bytes 10240
10-14 00:53:33.502  2747  7191 I audio-subMixingFactory: padding_bytes 8192
10-14 00:53:33.502  2747  7191 I audio-subMixingFactory: padding_bytes 6144
10-14 00:53:33.513  2747  7191 I audio-subMixingFactory: padding_bytes 4096
10-14 00:53:33.513  2747  7191 I audio-subMixingFactory: padding_bytes 2048
10-14 00:53:33.523  2747  7191 W amlaudioMixer: mixer_get_presentation_position(), not valid now
10-14 00:53:33.523  2747  7191 W audio-subMixingFactory: out_get_presentation_position_port(), pts not valid yet
10-14 00:53:33.533  2747  7191 W amlaudioMixer: mixer_get_presentation_position(), not valid now
10-14 00:53:33.533  2747  7191 W audio-subMixingFactory: out_get_presentation_position_port(), pts not valid yet
10-14 00:53:33.547  2766  2911 D AudioFlinger: mixer(0xeb583ac0) throttle end: throttle time(6)
10-14 00:53:34.382  2682  2682 D vold    : Remounting 10080 as mode read
10-14 00:53:34.385  2682  2682 D vold    : Found matching PID 3264
10-14 00:53:34.465  2682  2682 D vold    : Remounting 10080 as mode write
10-14 00:53:34.467  2682  2682 D vold    : Found matching PID 3264
10-14 00:53:36.011  2953  4214 I ActivityManager: START u0 {cmp=com.kakao.talk/.activity.SplashActivity} from uid 10080
10-14 00:53:36.015  2958  2996 W libEGL  : EGLNativeWindowType 0xcbb72008 disconnect failed
10-14 00:53:36.015  2958  2996 D OpenGLRenderer: endAllActiveAnimators on 0xcbb26a80 (RippleDrawable) with handle 0xe2683dd0
10-14 00:53:36.368  2953  7885 I ActivityManager: START u0 {flg=0x24000000 cmp=com.kakao.talk/.activity.authenticator.auth.AuthenticatorActivity} from uid 10080
10-14 00:53:36.447  2953  7885 I ActivityManager: Config changes=20000480 {1.0 ?mcc?mnc [en_US] ldltr sw602dp w1066dp h530dp 204dpi lrg long land -touch -keyb/v/h dpad/v winConfig={ mBounds=Rect(0, 0 - 0, 0) mAppBounds=Rect(0, 0 - 1360, 707) mWindowingMode=fullscreen mActivityType=undefined} s.15}
10-14 00:53:36.473  2953  7885 I ActivityManager: Override config changes=20000480 {1.0 ?mcc?mnc [en_US] ldltr sw602dp w1066dp h530dp 204dpi lrg long land -touch -keyb/v/h dpad/v winConfig={ mBounds=Rect(0, 0 - 768, 1299) mAppBounds=Rect(0, 0 - 1360, 707) mWindowingMode=fullscreen mActivityType=undefined} s.15} for displayId=0
10-14 00:53:36.521  3106  3352 W libEGL  : EGLNativeWindowType 0xdfa50808 disconnect failed
10-14 00:53:36.523  3106  3352 D mali_winsys: EGLint new_window_surface(egl_winsys_display *, void *, EGLSurface, EGLConfig, egl_winsys_surface **, EGLBoolean) returns 0x3000
10-14 00:53:36.579  3106  3106 D StatusBar: disable<e i a s b h r c s > disable2<q i n >
10-14 00:53:36.688  3106  3352 W libEGL  : EGLNativeWindowType 0xdfa50808 disconnect failed
10-14 00:53:36.688  3106  3352 D mali_winsys: EGLint new_window_surface(egl_winsys_display *, void *, EGLSurface, EGLConfig, egl_winsys_surface **, EGLBoolean) returns 0x3000
10-14 00:53:36.735  3106  3352 W libEGL  : EGLNativeWindowType 0xcced7008 disconnect failed
10-14 00:53:36.736  3106  3352 D mali_winsys: EGLint new_window_surface(egl_winsys_display *, void *, EGLSurface, EGLConfig, egl_winsys_surface **, EGLBoolean) returns 0x3000
10-14 00:53:36.739  3264  3409 I chatty  : uid=10080(com.kakao.talk) expire 2 lines
10-14 00:53:36.779  2953  3010 I WindowManager: Screen frozen for +380ms due to Window{d1dc9c2 u0 StatusBar}
10-14 00:53:36.852  3264  3264 W ViewRootImpl[SplashActivity]: Cancelling event due to no window focus: MotionEvent { action=ACTION_CANCEL, actionButton=0, id[0]=0, x[0]=463.55838, y[0]=710.96027, toolType[0]=TOOL_TYPE_MOUSE, buttonState=0, metaState=0, flags=0x0, edgeFlags=0x0, pointerCount=1, historySize=0, eventTime=2468267, downTime=2467739, deviceId=4, source=0x2002 }
10-14 00:53:38.317  3089  3089 W RichInputMethodSubtype: Can't find emoji subtype
10-14 00:53:38.317  3089  3089 W RichInputMethodSubtype: No input method subtype found; returning dummy subtype: Multi-lingual subtype: android.view.inputmethod.InputMethodSubtype@d78b2ed0, zz
10-14 00:53:38.320  3089  3089 I EmojiCategory: Last Emoji category id is 8
10-14 00:53:38.340  3089  3089 W ViewPager: Requested offscreen page limit 0 too small; defaulting to 1
10-14 00:53:38.342  2766 16427 W AudioFlinger: createTrack_l(): mismatch between requested flags (00000004) and output flags (00000002)
10-14 00:53:38.343  2953  3050 I chatty  : uid=1000(system) AudioService expire 7 lines
10-14 00:53:38.345  3089  3089 I LatinIME: Starting input. Cursor position = 0,0
10-14 00:53:38.451  2756  2903 I chatty  : uid=1000(system) HwBinder:2756_2 expire 6 lines
10-14 00:53:38.461  2756  8190 I chatty  : uid=1000(system) HwBinder:2756_3 expire 1 line
10-14 00:53:38.464  3089  7856 D mali_winsys: EGLint new_window_surface(egl_winsys_display *, void *, EGLSurface, EGLConfig, egl_winsys_surface **, EGLBoolean) returns 0x3000
10-14 00:53:38.471  3089  3089 I RenderThread: type=1400 audit(0.0:1840): avc: denied { read } for name="gralloc.odroidn2.so" dev="mmcblk0p12" ino=705 scontext=u:r:untrusted_app_25:s0:c512,c768 tcontext=u:object_r:vendor_file:s0 tclass=file permissive=1
10-14 00:53:38.471  3089  3089 I RenderThread: type=1400 audit(0.0:1841): avc: denied { open } for path="/vendor/lib/hw/gralloc.odroidn2.so" dev="mmcblk0p12" ino=705 scontext=u:r:untrusted_app_25:s0:c512,c768 tcontext=u:object_r:vendor_file:s0 tclass=file permissive=1
10-14 00:53:38.471  3089  3089 I RenderThread: type=1400 audit(0.0:1842): avc: denied { getattr } for path="/vendor/lib/hw/gralloc.odroidn2.so" dev="mmcblk0p12" ino=705 scontext=u:r:untrusted_app_25:s0:c512,c768 tcontext=u:object_r:vendor_file:s0 tclass=file permissive=1
10-14 00:53:38.526  3089  7856 W libEGL  : EGLNativeWindowType 0xcec74008 disconnect failed
10-14 00:53:38.526  3089  7856 D mali_winsys: EGLint new_window_surface(egl_winsys_display *, void *, EGLSurface, EGLConfig, egl_winsys_surface **, EGLBoolean) returns 0x3000
10-14 00:53:38.842  2756  2903 I chatty  : uid=1000(system) HwBinder:2756_2 expire 10 lines
10-14 00:53:39.287  4078  4078 D skia    : --- Failed to create image decoder with message 'unimplemented'
10-14 00:53:39.307  4078  4078 D skia    : --- Failed to create image decoder with message 'unimplemented'
10-14 00:53:42.299  2766 16427 W AudioFlinger: createTrack_l(): mismatch between requested flags (00000004) and output flags (00000002)
10-14 00:53:42.876  2766 16427 W AudioFlinger: createTrack_l(): mismatch between requested flags (00000004) and output flags (00000002)
10-14 00:53:36.852  3264  3264 I chatty  : uid=10080(com.kakao.talk) identical 2 lines
