--------- beginning of system
10-14 00:51:32.459  2953  2975 D AutofillManagerService: Close system dialogs
10-14 00:51:32.460  2953  3184 I ActivityManager: START u0 {act=android.intent.action.MAIN cat=[android.intent.category.HOME] flg=0x10000000 cmp=com.android.launcher3/.Launcher (has extras)} from uid 10024
10-14 00:51:32.595  2953  2969 W BroadcastQueue: Background execution not allowed: receiving Intent { act=android.intent.action.DROPBOX_ENTRY_ADDED flg=0x10 (has extras) } to com.google.android.gms/.stats.service.DropBoxEntryAddedReceiver
10-14 00:51:32.602  2953  2969 W BroadcastQueue: Background execution not allowed: receiving Intent { act=android.intent.action.DROPBOX_ENTRY_ADDED flg=0x10 (has extras) } to com.google.android.gms/.chimera.GmsIntentOperationService$PersistentTrustedReceiver
10-14 00:51:32.611  2953  2969 W BroadcastQueue: Background execution not allowed: receiving Intent { act=android.intent.action.DROPBOX_ENTRY_ADDED flg=0x10 (has extras) } to com.google.android.gms/.stats.service.DropBoxEntryAddedReceiver
10-14 00:51:32.613  2953  2969 W BroadcastQueue: Background execution not allowed: receiving Intent { act=android.intent.action.DROPBOX_ENTRY_ADDED flg=0x10 (has extras) } to com.google.android.gms/.chimera.GmsIntentOperationService$PersistentTrustedReceiver
10-14 00:51:32.619  2953  2969 W BroadcastQueue: Background execution not allowed: receiving Intent { act=android.intent.action.DROPBOX_ENTRY_ADDED flg=0x10 (has extras) } to com.google.android.gms/.stats.service.DropBoxEntryAddedReceiver
10-14 00:51:32.619  2953  2969 W BroadcastQueue: Background execution not allowed: receiving Intent { act=android.intent.action.DROPBOX_ENTRY_ADDED flg=0x10 (has extras) } to com.google.android.gms/.chimera.GmsIntentOperationService$PersistentTrustedReceiver
10-14 00:51:32.634  2953  2969 W BroadcastQueue: Background execution not allowed: receiving Intent { act=android.intent.action.DROPBOX_ENTRY_ADDED flg=0x10 (has extras) } to com.google.android.gms/.stats.service.DropBoxEntryAddedReceiver
10-14 00:51:32.634  2953  2969 W BroadcastQueue: Background execution not allowed: receiving Intent { act=android.intent.action.DROPBOX_ENTRY_ADDED flg=0x10 (has extras) } to com.google.android.gms/.chimera.GmsIntentOperationService$PersistentTrustedReceiver
10-14 00:51:32.649  2953  2969 W BroadcastQueue: Background execution not allowed: receiving Intent { act=android.intent.action.DROPBOX_ENTRY_ADDED flg=0x10 (has extras) } to com.google.android.gms/.stats.service.DropBoxEntryAddedReceiver
10-14 00:51:32.649  2953  2969 W BroadcastQueue: Background execution not allowed: receiving Intent { act=android.intent.action.DROPBOX_ENTRY_ADDED flg=0x10 (has extras) } to com.google.android.gms/.chimera.GmsIntentOperationService$PersistentTrustedReceiver
10-14 00:51:32.658  2953  2969 W BroadcastQueue: Background execution not allowed: receiving Intent { act=android.intent.action.DROPBOX_ENTRY_ADDED flg=0x10 (has extras) } to com.google.android.gms/.stats.service.DropBoxEntryAddedReceiver
10-14 00:51:32.658  2953  2969 W BroadcastQueue: Background execution not allowed: receiving Intent { act=android.intent.action.DROPBOX_ENTRY_ADDED flg=0x10 (has extras) } to com.google.android.gms/.chimera.GmsIntentOperationService$PersistentTrustedReceiver
10-14 00:51:32.661  2953  2969 W BroadcastQueue: Background execution not allowed: receiving Intent { act=android.intent.action.DROPBOX_ENTRY_ADDED flg=0x10 (has extras) } to com.google.android.gms/.stats.service.DropBoxEntryAddedReceiver
10-14 00:51:32.661  2953  2969 W BroadcastQueue: Background execution not allowed: receiving Intent { act=android.intent.action.DROPBOX_ENTRY_ADDED flg=0x10 (has extras) } to com.google.android.gms/.chimera.GmsIntentOperationService$PersistentTrustedReceiver
10-14 00:51:32.679  2953  2969 W BroadcastQueue: Background execution not allowed: receiving Intent { act=android.intent.action.DROPBOX_ENTRY_ADDED flg=0x10 (has extras) } to com.google.android.gms/.stats.service.DropBoxEntryAddedReceiver
10-14 00:51:32.680  2953  2969 W BroadcastQueue: Background execution not allowed: receiving Intent { act=android.intent.action.DROPBOX_ENTRY_ADDED flg=0x10 (has extras) } to com.google.android.gms/.chimera.GmsIntentOperationService$PersistentTrustedReceiver
10-14 00:51:33.791  2953  4945 I ActivityManager: Killing 28027:net.daum.android.map/u0a81 (adj 900): remove task
10-14 00:51:34.008  2953  7885 I WindowManager: WIN DEATH: Window{ae72a74 u0 net.daum.android.map/com.kakao.map.main.view.MainActivity}
10-14 00:51:34.023  2953  2977 W ActivityManager: setHasOverlayUi called on unknown pid: 28027
10-14 00:51:44.931  2787  2821 E storaged: getDiskStats failed with result NOT_SUPPORTED and size 0
10-14 00:51:51.804  2953  4864 D ConnectivityService: requestNetwork for uid/pid:10023/6841 NetworkRequest [ TRACK_DEFAULT id=186, [ Capabilities: INTERNET&NOT_RESTRICTED&TRUSTED Unwanted:  Uid: 10023] ]
10-14 00:51:51.810  2953  2969 E NotificationService: Suppressing notification from package by user request.
10-14 00:51:51.811  2953  3042 D ConnectivityService: releasing NetworkRequest [ TRACK_DEFAULT id=186, [ Capabilities: INTERNET&NOT_RESTRICTED&TRUSTED Unwanted:  Uid: 10023] ] (release request)
10-14 00:52:05.970  2953  3015 I ActivityManager: START u0 {act=android.intent.action.MAIN cat=[android.intent.category.LAUNCHER] flg=0x10200000 cmp=com.iloen.melon/.MusicBrowserActivity bnds=[454,424][655,555]} from uid 10024
10-14 00:52:06.033  2953  2971 I ActivityManager: Start proc 2636:com.iloen.melon/u0a106 for activity com.iloen.melon/.MusicBrowserActivity
10-14 00:52:06.948  2953  3184 I ActivityManager: Config changes=20000480 {1.0 ?mcc?mnc [en_US] ldltr sw602dp w602dp h994dp 204dpi lrg long port -touch -keyb/v/h dpad/v winConfig={ mBounds=Rect(0, 0 - 0, 0) mAppBounds=Rect(0, 0 - 768, 1299) mWindowingMode=fullscreen mActivityType=undefined} s.10}
10-14 00:52:06.973  2953  3184 I ActivityManager: Override config changes=20000480 {1.0 ?mcc?mnc [en_US] ldltr sw602dp w602dp h994dp 204dpi lrg long port -touch -keyb/v/h dpad/v winConfig={ mBounds=Rect(0, 0 - 1360, 707) mAppBounds=Rect(0, 0 - 768, 1299) mWindowingMode=fullscreen mActivityType=undefined} s.10} for displayId=0
10-14 00:52:07.234  2953  3010 I WindowManager: Screen frozen for +307ms due to Window{d1dc9c2 u0 StatusBar}
10-14 00:52:07.835  2953  3015 E NotificationService: Suppressing notification from package by user request.
10-14 00:52:07.909  2953  2969 W BroadcastQueue: Permission Denial: broadcasting Intent { act=android.net.conn.CONNECTIVITY_CHANGE flg=0x4200010 (has extras) } from null (pid=-1, uid=-1) requires com.iloen.melon.permission.SIG_PERMISSION due to registered receiver BroadcastFilter{b8f126f u0 ReceiverList{60cd14e 2636 com.iloen.melon/10106/u0 remote:906d449}}
10-14 00:52:13.390  2953  4864 I ActivityManager: START u0 {act=android.content.pm.action.REQUEST_PERMISSIONS pkg=com.google.android.packageinstaller cmp=com.google.android.packageinstaller/com.android.packageinstaller.permission.ui.GrantPermissionsActivity (has extras)} from uid 10106
10-14 00:52:13.430  2953  2971 I ActivityManager: Start proc 2958:com.google.android.packageinstaller/u0a72 for activity com.google.android.packageinstaller/com.android.packageinstaller.permission.ui.GrantPermissionsActivity
10-14 00:52:15.877  2953  2969 W BroadcastQueue: Permission Denial: broadcasting Intent { act=android.net.conn.CONNECTIVITY_CHANGE flg=0x4200010 (has extras) } from null (pid=-1, uid=-1) requires com.iloen.melon.permission.SIG_PERMISSION due to registered receiver BroadcastFilter{27bf91 u0 ReceiverList{6c955b8 2636 com.iloen.melon/10106/u0 remote:d8e601b}}
10-14 00:52:21.369  2953  4864 I ActivityManager: START u0 {act=android.content.pm.action.REQUEST_PERMISSIONS pkg=com.google.android.packageinstaller cmp=com.google.android.packageinstaller/com.android.packageinstaller.permission.ui.GrantPermissionsActivity (has extras)} from uid 10106
10-14 00:52:21.827  2953  4864 D ConnectivityService: requestNetwork for uid/pid:10023/6841 NetworkRequest [ TRACK_DEFAULT id=187, [ Capabilities: INTERNET&NOT_RESTRICTED&TRUSTED Unwanted:  Uid: 10023] ]
10-14 00:52:21.834  2953  2969 E NotificationService: Suppressing notification from package by user request.
10-14 00:52:21.836  2953  3042 D ConnectivityService: releasing NetworkRequest [ TRACK_DEFAULT id=187, [ Capabilities: INTERNET&NOT_RESTRICTED&TRUSTED Unwanted:  Uid: 10023] ] (release request)
10-14 00:52:25.819  2953  2969 W BroadcastQueue: Permission Denial: broadcasting Intent { act=android.net.conn.CONNECTIVITY_CHANGE flg=0x4200010 (has extras) } from null (pid=-1, uid=-1) requires com.iloen.melon.permission.SIG_PERMISSION due to registered receiver BroadcastFilter{ffa7c4a u0 ReceiverList{7dc9db5 2636 com.iloen.melon/10106/u0 remote:91405ec}}
10-14 00:52:27.159  2953  3307 I ActivityManager: Config changes=20000480 {1.0 ?mcc?mnc [en_US] ldltr sw602dp w1066dp h530dp 204dpi lrg long land -touch -keyb/v/h dpad/v winConfig={ mBounds=Rect(0, 0 - 0, 0) mAppBounds=Rect(0, 0 - 1360, 707) mWindowingMode=fullscreen mActivityType=undefined} s.11}
10-14 00:52:27.177  2953  3307 I ActivityManager: Override config changes=20000480 {1.0 ?mcc?mnc [en_US] ldltr sw602dp w1066dp h530dp 204dpi lrg long land -touch -keyb/v/h dpad/v winConfig={ mBounds=Rect(0, 0 - 768, 1299) mAppBounds=Rect(0, 0 - 1360, 707) mWindowingMode=fullscreen mActivityType=undefined} s.11} for displayId=0
10-14 00:52:27.537  2953  3010 I WindowManager: Screen frozen for +393ms due to Window{ff0ebe7 u0 com.android.systemui.ImageWallpaper}
10-14 00:52:29.148  2953  6663 I ActivityManager: START u0 {act=android.intent.action.MAIN cat=[android.intent.category.LAUNCHER] flg=0x10200000 cmp=com.iloen.melon/.MusicBrowserActivity bnds=[454,424][655,555]} from uid 10024
10-14 00:52:29.327  2953 10983 I ActivityManager: Config changes=20000480 {1.0 ?mcc?mnc [en_US] ldltr sw602dp w602dp h994dp 204dpi lrg long port -touch -keyb/v/h dpad/v winConfig={ mBounds=Rect(0, 0 - 0, 0) mAppBounds=Rect(0, 0 - 768, 1299) mWindowingMode=fullscreen mActivityType=undefined} s.12}
10-14 00:52:29.342  2953 10983 I ActivityManager: Override config changes=20000480 {1.0 ?mcc?mnc [en_US] ldltr sw602dp w602dp h994dp 204dpi lrg long port -touch -keyb/v/h dpad/v winConfig={ mBounds=Rect(0, 0 - 1360, 707) mAppBounds=Rect(0, 0 - 768, 1299) mWindowingMode=fullscreen mActivityType=undefined} s.12} for displayId=0
--------- beginning of main
10-14 00:52:29.703  2636  3096 D SKTDRM_JNI_Interface_MoD_DRM: DRM_Init : DRM_Reference > 0 - 4
10-14 00:52:29.703  2636  3096 D SKTDRM_JNI_Interface: DRMInterface_DRMInit()::DRM_Init()() Out returning 0
10-14 00:52:29.704  2636  3096 D SKTDRM_JNI_Interface: DRMInterface_DRMIsEmbeddedDRM() -libLoaded = 0, isEmbedded = 0, retValue = 0
10-14 00:52:29.709  2636  3096 E EmbeddedDrmWrapper: initialize - EmbeddedDrmWrapper() NOT isEmbeddedDRM
10-14 00:52:29.709  2636  3096 D SKTDRM_JNI_Interface: DRMInterface_DRMIsExpandedFilePath() - retValue = 0
10-14 00:52:29.709  2636  3096 D SKTDRM_JNI_Interface: DRMInterface_DRMIsExpandedFilePath() - retValue = 0
10-14 00:52:29.709  2636  3096 I MelOnDRM: MelOn DRM Version 1.0.1.5
10-14 00:52:29.712  2636  3096 D MelOnDRM: 14-Oct-2020 12:52:29 AM Create DRM Agent||Class:com.digicap.melon.service.melonDRMService||Function:null||Line:14
10-14 00:52:29.712  2636  3096 D SKTDRM_JNI_MelonDrm: MelonDRM_DRMInit() In armeabi
10-14 00:52:29.712  2636  3096 D SKTDRM_JNI_MelonDrm: ==> start DRM_Init
10-14 00:52:29.712  2636  3096 D SKTDRM_JNI_MelonDrm: ==> exit DRM_Init
10-14 00:52:29.712  2636  3096 D SKTDRM_JNI_MelonDrm: MelonDRMInterface_DRMInit()::DRM_Init() Out returning 0
10-14 00:52:29.713  2636  3096 D MelOnDRM: 14-Oct-2020 12:52:29 AM Create ServerSocket object - S||Class:com.digicap.melon.service.melonDRMService$SocketListener||Function:||Line:2
10-14 00:52:29.714  2636  3096 D MelOnDRM: 14-Oct-2020 12:52:29 AM Create ServerSocket object - E||Class:com.digicap.melon.service.melonDRMService$SocketListener||Function:||Line:4
10-14 00:52:29.715  2636  3096 D MelOnDRM: 14-Oct-2020 12:52:29 AM Set Client ID(8888888888)||Class:com.digicap.melon.service.melonDRMService||Function:null||Line:50
10-14 00:52:29.715  2636  3096 D SKTDRM_JNI_MelonDrm: MelonDRMInterface_DRMSetClientID() - Length of Client ID = 10
10-14 00:52:29.715  2636  3096 D SKTDRM_JNI_MelonDrm: MelonDRMInterface_DRMSetClientID() - Client ID = 8888888888
10-14 00:52:29.715  2636  3096 D SKTDRM_JNI_PortingLayer: malloc ptr 0xc3338bf0
10-14 00:52:29.715  2636  3096 D SKTDRM_JNI_PortingLayer: DHSetClientID : Start - ClientID = (10)[8888888888]
10-14 00:52:29.715  2636  3096 D SKTDRM_JNI_PortingLayer: DHSetClientID : Size = (10) vs. (10)
10-14 00:52:29.715  2636  3096 D SKTDRM_JNI_PortingLayer: DHSetClientID - ClientID = (10)[8888888888]
10-14 00:52:29.715  2636  3096 D SKTDRM_JNI_MelonDrm: DRM_SetClientID : melonDrm_CID = 8888888888
10-14 00:52:29.715  2636  3096 D SKTDRM_JNI_MelonDrm: MelonDRMInterface_DRMSetClientID() - ret value = 10
10-14 00:52:29.716  2636  3100 D MelOnDRM: 14-Oct-2020 12:52:29 AM SocketListener false||Class:com.digicap.melon.service.melonDRMService$SocketListener||Function:||Line:2
10-14 00:52:29.716  2636  3100 D MelOnDRM: 14-Oct-2020 12:52:29 AM Start SocketListener||Class:com.digicap.melon.service.melonDRMService$SocketListener||Function:||Line:6
10-14 00:52:29.716  2636  3100 D MelOnDRM: 14-Oct-2020 12:52:29 AM Create Client Socket object - S||Class:com.digicap.melon.service.melonDRMService$SocketListener||Function:||Line:8
10-14 00:52:29.722  2636  2636 I ExoPlayerImpl: Init 598b3de [ExoPlayerLib/2.11.7] [odroidn2, odroidn2, HardKernel Co., Ltd., 28]
10-14 00:52:29.729  2953  2969 W BroadcastQueue: Permission Denial: broadcasting Intent { act=android.net.conn.CONNECTIVITY_CHANGE flg=0x4200010 (has extras) } from null (pid=-1, uid=-1) requires com.iloen.melon.permission.SIG_PERMISSION due to registered receiver BroadcastFilter{c075a10 u0 ReceiverList{9aded3 2636 com.iloen.melon/10106/u0 remote:49840c2}}
10-14 00:52:29.734  2636  2636 E SQLiteLog: (14) cannot open file at line 36667 of [0c55d17973]
10-14 00:52:29.735  2636  2636 E SQLiteLog: (14) os_unix.c:36667: (2) open(/storage/emulated/0/melon/db/meloninternal.db) - 
10-14 00:52:29.735  2636  2636 E SQLiteDatabase: Failed to open database '/storage/emulated/0/melon/db/meloninternal.db'.
10-14 00:52:29.735  2636  2636 E SQLiteDatabase: android.database.sqlite.SQLiteCantOpenDatabaseException: unknown error (code 14 SQLITE_CANTOPEN): Could not open database
10-14 00:52:29.735  2636  2636 E SQLiteDatabase: 	at android.database.sqlite.SQLiteConnection.nativeOpen(Native Method)
10-14 00:52:29.735  2636  2636 E SQLiteDatabase: 	at android.database.sqlite.SQLiteConnection.open(SQLiteConnection.java:211)
10-14 00:52:29.735  2636  2636 E SQLiteDatabase: 	at android.database.sqlite.SQLiteConnection.open(SQLiteConnection.java:195)
10-14 00:52:29.735  2636  2636 E SQLiteDatabase: 	at android.database.sqlite.SQLiteConnectionPool.openConnectionLocked(SQLiteConnectionPool.java:503)
10-14 00:52:29.735  2636  2636 E SQLiteDatabase: 	at android.database.sqlite.SQLiteConnectionPool.open(SQLiteConnectionPool.java:204)
10-14 00:52:29.735  2636  2636 E SQLiteDatabase: 	at android.database.sqlite.SQLiteConnectionPool.open(SQLiteConnectionPool.java:196)
10-14 00:52:29.735  2636  2636 E SQLiteDatabase: 	at android.database.sqlite.SQLiteDatabase.openInner(SQLiteDatabase.java:880)
10-14 00:52:29.735  2636  2636 E SQLiteDatabase: 	at android.database.sqlite.SQLiteDatabase.open(SQLiteDatabase.java:865)
10-14 00:52:29.735  2636  2636 E SQLiteDatabase: 	at android.database.sqlite.SQLiteDatabase.openDatabase(SQLiteDatabase.java:766)
10-14 00:52:29.735  2636  2636 E SQLiteDatabase: 	at android.database.sqlite.SQLiteDatabase.openOrCreateDatabase(SQLiteDatabase.java:783)
10-14 00:52:29.735  2636  2636 E SQLiteDatabase: 	at i.d.a.c0.h.getWritableDatabase(Unknown Source:103)
10-14 00:52:29.735  2636  2636 E SQLiteDatabase: 	at com.iloen.melon.mediastore.MelonMediaProvider.delete(Unknown Source:61)
10-14 00:52:29.735  2636  2636 E SQLiteDatabase: 	at android.content.ContentProvider$Transport.delete(ContentProvider.java:341)
10-14 00:52:29.735  2636  2636 E SQLiteDatabase: 	at android.content.ContentResolver.delete(ContentResolver.java:1684)
10-14 00:52:29.735  2636  2636 E SQLiteDatabase: 	at com.iloen.melon.playback.PlaybackService.onCreate(:2)
10-14 00:52:29.735  2636  2636 E SQLiteDatabase: 	at android.app.ActivityThread.handleCreateService(ActivityThread.java:3532)
10-14 00:52:29.735  2636  2636 E SQLiteDatabase: 	at android.app.ActivityThread.access$1300(ActivityThread.java:199)
10-14 00:52:29.735  2636  2636 E SQLiteDatabase: 	at android.app.ActivityThread$H.handleMessage(ActivityThread.java:1666)
10-14 00:52:29.735  2636  2636 E SQLiteDatabase: 	at android.os.Handler.dispatchMessage(Handler.java:106)
10-14 00:52:29.735  2636  2636 E SQLiteDatabase: 	at android.os.Looper.loop(Looper.java:193)
10-14 00:52:29.735  2636  2636 E SQLiteDatabase: 	at android.app.ActivityThread.main(ActivityThread.java:6669)
10-14 00:52:29.735  2636  2636 E SQLiteDatabase: 	at java.lang.reflect.Method.invoke(Native Method)
10-14 00:52:29.735  2636  2636 E SQLiteDatabase: 	at com.android.internal.os.RuntimeInit$MethodAndArgsCaller.run(RuntimeInit.java:493)
10-14 00:52:29.735  2636  2636 E SQLiteDatabase: 	at com.android.internal.os.ZygoteInit.main(ZygoteInit.java:858)
10-14 00:52:29.736  2953 11249 I chatty  : uid=1000(system) Binder:2953_1C expire 3 lines
10-14 00:52:29.766  2636  2718 W libEGL  : EGLNativeWindowType 0xcad7d008 disconnect failed
10-14 00:52:29.766  2636  2718 D mali_winsys: EGLint new_window_surface(egl_winsys_display *, void *, EGLSurface, EGLConfig, egl_winsys_surface **, EGLBoolean) returns 0x3000
10-14 00:52:29.782  2636  2718 W libEGL  : EGLNativeWindowType 0xc8afe008 disconnect failed
10-14 00:52:29.782  2636  2718 D mali_winsys: EGLint new_window_surface(egl_winsys_display *, void *, EGLSurface, EGLConfig, egl_winsys_surface **, EGLBoolean) returns 0x3000
10-14 00:52:29.825  2953  3010 I WindowManager: Screen frozen for +515ms due to Window{d479e3f u0 com.iloen.melon/com.iloen.melon.MusicBrowserActivity}
10-14 00:52:29.894  3599  3087 I DiscoveryManager: Filter criteria(D109AB2A) scannerFlags(0)
10-14 00:52:29.899  3599  3087 W GuestModeDeviceProber: setFilterCriteria
10-14 00:52:29.903  2953  4992 I chatty  : uid=1000(system) Binder:2953_F expire 3 lines
10-14 00:52:29.912  3599  3087 E DeviceScanner: [BLE] Failed to start scan because the Bluetooth is disabled.
10-14 00:52:29.916  3599  3087 E DeviceScanner: [BLE] Failed to start scan because the Bluetooth is disabled.
10-14 00:52:29.949  2636  2636 W StaticLayout: maxLineHeight should not be -1.  maxLines:1 lineCount:1
10-14 00:52:31.136  3527  3527 W ViewRootImpl[Launcher]: Cancelling event due to no window focus: MotionEvent { action=ACTION_CANCEL, actionButton=0, id[0]=0, x[0]=252.69373, y[0]=571.6524, toolType[0]=TOOL_TYPE_MOUSE, buttonState=0, metaState=0, flags=0x0, edgeFlags=0x0, pointerCount=1, historySize=0, eventTime=2402999, downTime=2400927, deviceId=4, source=0x2002 }
10-14 00:52:31.136  3527  3527 I chatty  : uid=10024(com.android.launcher3) identical 2 lines
10-14 00:52:31.136  3527  3527 W ViewRootImpl[Launcher]: Cancelling event due to no window focus: MotionEvent { action=ACTION_CANCEL, actionButton=0, id[0]=0, x[0]=252.69373, y[0]=571.6524, toolType[0]=TOOL_TYPE_MOUSE, buttonState=0, metaState=0, flags=0x0, edgeFlags=0x0, pointerCount=1, historySize=0, eventTime=2402999, downTime=2400927, deviceId=4, source=0x2002 }
10-14 00:52:32.246  2747  2888 D audio-subMixingFactory: out_standby_subMixingPCM: out_stream(0xee3ca000) usecase: STREAM_PCM_NORMAL
10-14 00:52:32.246  2747  2888 I audio-subMixingFactory: ++usecase_change_validate_l_sm(), dev usecase masks = 0x1, is_standby = 1, out usecase STREAM_PCM_NORMAL
10-14 00:52:32.246  2747  2888 I audio-subMixingFactory: --usecase_change_validate_l_sm(), dev usecase masks = 0, is_standby = 1, out usecase STREAM_PCM_NORMAL
10-14 00:52:32.246  2747  2888 I amlaudioMixer: ++delete_mixer_input_port port ID: 0
10-14 00:52:32.912  3599  4242 W AdaptiveDiscoveryWorker: Exiting Adaptive Discovery. Current HOTSPOT_BSSID is NULL.
10-14 00:52:33.248  2953  4945 I ActivityManager: START u0 {act=android.content.pm.action.REQUEST_PERMISSIONS pkg=com.google.android.packageinstaller cmp=com.google.android.packageinstaller/com.android.packageinstaller.permission.ui.GrantPermissionsActivity (has extras)} from uid 10106
10-14 00:52:33.248  2747  7191 W amlaudioMixer: mixer_get_presentation_position(), port not ready now
10-14 00:52:33.248  2747  7191 W audio-subMixingFactory: out_get_presentation_position_port(), pts not valid yet
10-14 00:52:33.248  2747  7191 I audio-subMixingFactory: ++usecase_change_validate_l_sm: dev usecase masks = 0, out usecase_masks = 0, out usecase STREAM_PCM_NORMAL
10-14 00:52:33.248  2747  7191 I audio-subMixingFactory: ++++usecase_change_validate_l_sm(),continuous_audio_mode 0 dev usecase masks = 0, out usecase_masks = 0, out usecase STREAM_PCM_NORMAL
10-14 00:52:33.248  2747  7191 I audio-subMixingFactory: usecase_change_validate_l_sm(), mixer_aux_buffer_write_sm !
10-14 00:52:33.248  2747  7191 I audio-subMixingFactory: ----usecase_change_validate_l_sm(), continuous_audio_mode 0 dev usecase masks = 0x1, out usecase_masks = 0x1, out usecase STREAM_PCM_NORMAL
10-14 00:52:33.248  2747  7191 I aml_audio_port: get_input_port_index(), samplerate 48000
10-14 00:52:33.248  2747  7191 D aml_audio_port: new_input_port(), index:0, rbuf size:8192, direct_on:0
10-14 00:52:33.248  2747  7191 D aml_audio_port: new_input_port(), fmt 0x1, rate 48000
10-14 00:52:33.248  2747  7191 I amlaudioMixer: ++init_mixer_input_port port index 0, size 512 frames
10-14 00:52:33.248  2747  7191 I amlaudioMixer: init_mixer_input_port(), port->initial_frames: 33726464
10-14 00:52:33.248  2747  7191 I aml_audio_port: get_input_port_index(), samplerate 48000
10-14 00:52:33.248  2747  7191 I audio-subMixingFactory: mixer_aux_buffer_write_sm(), primary 0xee3ca000 port index = 0
10-14 00:52:33.248  2747  7191 I audio-subMixingFactory: padding_bytes 16384
10-14 00:52:33.248  2747  7191 I amlaudioMixer: port index 0 is active now
10-14 00:52:33.248  2747  7191 I audio-subMixingFactory: padding_bytes 14336
10-14 00:52:33.248  2747  7191 I audio-subMixingFactory: padding_bytes 12288
10-14 00:52:33.248  2747  7191 I audio-subMixingFactory: padding_bytes 10240
10-14 00:52:33.248  2747  7191 I audio-subMixingFactory: padding_bytes 8192
10-14 00:52:33.248  2747  7191 I audio-subMixingFactory: padding_bytes 6144
10-14 00:52:33.252  2747  7191 I audio-subMixingFactory: padding_bytes 4096
10-14 00:52:33.252  2747  7191 I audio-subMixingFactory: padding_bytes 2048
10-14 00:52:33.262  2747  7191 W amlaudioMixer: mixer_get_presentation_position(), not valid now
10-14 00:52:33.262  2747  7191 W audio-subMixingFactory: out_get_presentation_position_port(), pts not valid yet
10-14 00:52:33.267  2958  2958 W ActivityThread: handleWindowVisibility: no activity for token android.os.BinderProxy@7d9d7fd
10-14 00:52:33.273  2747  7191 W amlaudioMixer: mixer_get_presentation_position(), not valid now
10-14 00:52:33.273  2747  7191 W audio-subMixingFactory: out_get_presentation_position_port(), pts not valid yet
10-14 00:52:33.287  2766  2911 D AudioFlinger: mixer(0xeb583ac0) throttle end: throttle time(7)
10-14 00:52:33.339  2958  2996 D mali_winsys: EGLint new_window_surface(egl_winsys_display *, void *, EGLSurface, EGLConfig, egl_winsys_surface **, EGLBoolean) returns 0x3000
10-14 00:52:33.399  2958  2996 W libEGL  : EGLNativeWindowType 0xcbb25008 disconnect failed
10-14 00:52:33.399  2958  2996 D mali_winsys: EGLint new_window_surface(egl_winsys_display *, void *, EGLSurface, EGLConfig, egl_winsys_surface **, EGLBoolean) returns 0x3000
10-14 00:52:33.568  3599  4242 I DiscoveryManager: Filter criteria(null) scannerFlags(0)
10-14 00:52:33.569  3599  4242 W GuestModeDeviceProber: setFilterCriteria
10-14 00:52:33.804  2636  3096 I chatty  : uid=10106(com.iloen.melon) expire 9 lines
10-14 00:52:33.805  2636  3100 I chatty  : uid=10106(com.iloen.melon) expire 1 line
10-14 00:52:34.484  3106  3352 W libEGL  : EGLNativeWindowType 0xcd1da008 disconnect failed
10-14 00:52:34.726  2953  2968 I chatty  : uid=1000(system) android.bg expire 8 lines
10-14 00:52:34.745  2636  2636 I chatty  : uid=10106(com.iloen.melon) expire 21 lines
10-14 00:52:34.748  2636  3139 I chatty  : uid=10106(com.iloen.melon) expire 3 lines
10-14 00:52:34.749  2636  2636 E SQLiteLog: (14) cannot open file at line 36667 of [0c55d17973]
10-14 00:52:34.749  2636  2636 E SQLiteLog: (14) os_unix.c:36667: (2) open(/storage/emulated/0/melon/db/melon.db) - 
10-14 00:52:34.753  2636  2636 E SQLiteDatabase: Failed to open database '/storage/emulated/0/melon/db/melon.db'.
10-14 00:52:34.753  2636  2636 E SQLiteDatabase: android.database.sqlite.SQLiteCantOpenDatabaseException: unknown error (code 14 SQLITE_CANTOPEN): Could not open database
10-14 00:52:34.753  2636  2636 E SQLiteDatabase: 	at android.database.sqlite.SQLiteConnection.nativeOpen(Native Method)
10-14 00:52:34.753  2636  2636 E SQLiteDatabase: 	at android.database.sqlite.SQLiteConnection.open(SQLiteConnection.java:211)
10-14 00:52:34.753  2636  2636 E SQLiteDatabase: 	at android.database.sqlite.SQLiteConnection.open(SQLiteConnection.java:195)
10-14 00:52:34.753  2636  2636 E SQLiteDatabase: 	at android.database.sqlite.SQLiteConnectionPool.openConnectionLocked(SQLiteConnectionPool.java:503)
10-14 00:52:34.753  2636  2636 E SQLiteDatabase: 	at android.database.sqlite.SQLiteConnectionPool.open(SQLiteConnectionPool.java:204)
10-14 00:52:34.753  2636  2636 E SQLiteDatabase: 	at android.database.sqlite.SQLiteConnectionPool.open(SQLiteConnectionPool.java:196)
10-14 00:52:34.753  2636  2636 E SQLiteDatabase: 	at android.database.sqlite.SQLiteDatabase.openInner(SQLiteDatabase.java:880)
10-14 00:52:34.753  2636  2636 E SQLiteDatabase: 	at android.database.sqlite.SQLiteDatabase.open(SQLiteDatabase.java:865)
10-14 00:52:34.753  2636  2636 E SQLiteDatabase: 	at android.database.sqlite.SQLiteDatabase.openDatabase(SQLiteDatabase.java:766)
10-14 00:52:34.753  2636  2636 E SQLiteDatabase: 	at android.database.sqlite.SQLiteDatabase.openOrCreateDatabase(SQLiteDatabase.java:783)
10-14 00:52:34.753  2636  2636 E SQLiteDatabase: 	at i.d.a.c0.h.getWritableDatabase(Unknown Source:103)
10-14 00:52:34.753  2636  2636 E SQLiteDatabase: 	at i.d.a.c0.h.getReadableDatabase(Unknown Source:21)
10-14 00:52:34.753  2636  2636 E SQLiteDatabase: 	at com.iloen.melon.mediastore.MelonMediaProvider.c(Unknown Source:69)
10-14 00:52:34.753  2636  2636 E SQLiteDatabase: 	at com.iloen.melon.mediastore.MelonMediaProvider.r(Unknown Source:6)
10-14 00:52:34.753  2636  2636 E SQLiteDatabase: 	at com.iloen.melon.MusicBrowserActivity.initDatabaseFile(:2)
10-14 00:52:34.753  2636  2636 E SQLiteDatabase: 	at com.iloen.melon.MusicBrowserActivity.access$500(Unknown Source:0)
10-14 00:52:34.753  2636  2636 E SQLiteDatabase: 	at com.iloen.melon.MusicBrowserActivity$u0.onRequestPermissionsSuccess(Unknown Source:2)
10-14 00:52:34.753  2636  2636 E SQLiteDatabase: 	at com.iloen.melon.activity.PermissionSupportActivity.onRequestPermissionsResult(:3)
10-14 00:52:34.753  2636  2636 E SQLiteDatabase: 	at android.app.Activity.dispatchRequestPermissionsResult(Activity.java:7608)
10-14 00:52:34.753  2636  2636 E SQLiteDatabase: 	at android.app.Activity.dispatchActivityResult(Activity.java:7458)
10-14 00:52:34.753  2636  2636 E SQLiteDatabase: 	at android.app.ActivityThread.deliverResults(ActivityThread.java:4353)
10-14 00:52:34.753  2636  2636 E SQLiteDatabase: 	at android.app.ActivityThread.handleSendResult(ActivityThread.java:4402)
10-14 00:52:34.753  2636  2636 E SQLiteDatabase: 	at android.app.servertransaction.ActivityResultItem.execute(ActivityResultItem.java:49)
10-14 00:52:34.753  2636  2636 E SQLiteDatabase: 	at android.app.servertransaction.TransactionExecutor.executeCallbacks(TransactionExecutor.java:108)
10-14 00:52:34.753  2636  2636 E SQLiteDatabase: 	at android.app.servertransaction.TransactionExecutor.execute(TransactionExecutor.java:68)
10-14 00:52:34.753  2636  2636 E SQLiteDatabase: 	at android.app.ActivityThread$H.handleMessage(ActivityThread.java:1808)
10-14 00:52:34.753  2636  2636 E SQLiteDatabase: 	at android.os.Handler.dispatchMessage(Handler.java:106)
10-14 00:52:34.753  2636  2636 E SQLiteDatabase: 	at android.os.Looper.loop(Looper.java:193)
10-14 00:52:34.753  2636  2636 E SQLiteDatabase: 	at android.app.ActivityThread.main(ActivityThread.java:6669)
10-14 00:52:34.753  2636  2636 E SQLiteDatabase: 	at java.lang.reflect.Method.invoke(Native Method)
10-14 00:52:34.753  2636  2636 E SQLiteDatabase: 	at com.android.internal.os.RuntimeInit$MethodAndArgsCaller.run(RuntimeInit.java:493)
10-14 00:52:34.753  2636  2636 E SQLiteDatabase: 	at com.android.internal.os.ZygoteInit.main(ZygoteInit.java:858)
10-14 00:52:34.758  2636  2636 W System.err: java.lang.UnsupportedOperationException: Deleting the internal volume is not allowed
10-14 00:52:34.758  2636  2636 W System.err: 	at com.iloen.melon.mediastore.MelonMediaProvider.c(Unknown Source:150)
10-14 00:52:34.758  2636  2636 W System.err: 	at com.iloen.melon.mediastore.MelonMediaProvider.r(Unknown Source:20)
10-14 00:52:34.758  2636  2636 W System.err: 	at com.iloen.melon.MusicBrowserActivity.initDatabaseFile(:2)
10-14 00:52:34.758  2636  2636 W System.err: 	at com.iloen.melon.MusicBrowserActivity.access$500(Unknown Source:0)
10-14 00:52:34.758  2636  2636 W System.err: 	at com.iloen.melon.MusicBrowserActivity$u0.onRequestPermissionsSuccess(Unknown Source:2)
10-14 00:52:34.758  2636  2636 W System.err: 	at com.iloen.melon.activity.PermissionSupportActivity.onRequestPermissionsResult(:3)
10-14 00:52:34.758  2636  2636 W System.err: 	at android.app.Activity.dispatchRequestPermissionsResult(Activity.java:7608)
10-14 00:52:34.758  2636  2636 W System.err: 	at android.app.Activity.dispatchActivityResult(Activity.java:7458)
10-14 00:52:34.758  2636  2636 W System.err: 	at android.app.ActivityThread.deliverResults(ActivityThread.java:4353)
10-14 00:52:34.758  2636  2636 W System.err: 	at android.app.ActivityThread.handleSendResult(ActivityThread.java:4402)
10-14 00:52:34.758  2636  2636 W System.err: 	at android.app.servertransaction.ActivityResultItem.execute(ActivityResultItem.java:49)
10-14 00:52:34.758  2636  2636 W System.err: 	at android.app.servertransaction.TransactionExecutor.executeCallbacks(TransactionExecutor.java:108)
10-14 00:52:34.758  2636  2636 W System.err: 	at android.app.servertransaction.TransactionExecutor.execute(TransactionExecutor.java:68)
10-14 00:52:34.759  2636  2636 W System.err: 	at android.app.ActivityThread$H.handleMessage(ActivityThread.java:1808)
10-14 00:52:34.759  2636  2636 W System.err: 	at android.os.Handler.dispatchMessage(Handler.java:106)
10-14 00:52:34.759  2636  2636 W System.err: 	at android.os.Looper.loop(Looper.java:193)
10-14 00:52:34.759  2636  2636 W System.err: 	at android.app.ActivityThread.main(ActivityThread.java:6669)
10-14 00:52:34.759  2636  2636 W System.err: 	at java.lang.reflect.Method.invoke(Native Method)
10-14 00:52:34.759  2636  2636 W System.err: 	at com.android.internal.os.RuntimeInit$MethodAndArgsCaller.run(RuntimeInit.java:493)
10-14 00:52:34.759  2636  2636 W System.err: 	at com.android.internal.os.ZygoteInit.main(ZygoteInit.java:858)
10-14 00:52:34.760  2953  4864 W ActivityManager: Receiver with filter android.content.IntentFilter@a52b02c already registered for pid 2636, callerPackage is com.iloen.melon
10-14 00:52:34.763  2636  2636 E SQLiteLog: (14) cannot open file at line 36667 of [0c55d17973]
10-14 00:52:34.763  2636  2636 E SQLiteLog: (14) os_unix.c:36667: (2) open(/storage/emulated/0/melon/db/melon.db) - 
10-14 00:52:34.763  2636  2636 E SQLiteDatabase: Failed to open database '/storage/emulated/0/melon/db/melon.db'.
10-14 00:52:34.763  2636  2636 E SQLiteDatabase: android.database.sqlite.SQLiteCantOpenDatabaseException: unknown error (code 14 SQLITE_CANTOPEN): Could not open database
10-14 00:52:34.763  2636  2636 E SQLiteDatabase: 	at android.database.sqlite.SQLiteConnection.nativeOpen(Native Method)
10-14 00:52:34.763  2636  2636 E SQLiteDatabase: 	at android.database.sqlite.SQLiteConnection.open(SQLiteConnection.java:211)
10-14 00:52:34.763  2636  2636 E SQLiteDatabase: 	at android.database.sqlite.SQLiteConnection.open(SQLiteConnection.java:195)
10-14 00:52:34.763  2636  2636 E SQLiteDatabase: 	at android.database.sqlite.SQLiteConnectionPool.openConnectionLocked(SQLiteConnectionPool.java:503)
10-14 00:52:34.763  2636  2636 E SQLiteDatabase: 	at android.database.sqlite.SQLiteConnectionPool.open(SQLiteConnectionPool.java:204)
10-14 00:52:34.763  2636  2636 E SQLiteDatabase: 	at android.database.sqlite.SQLiteConnectionPool.open(SQLiteConnectionPool.java:196)
10-14 00:52:34.763  2636  2636 E SQLiteDatabase: 	at android.database.sqlite.SQLiteDatabase.openInner(SQLiteDatabase.java:880)
10-14 00:52:34.763  2636  2636 E SQLiteDatabase: 	at android.database.sqlite.SQLiteDatabase.open(SQLiteDatabase.java:865)
10-14 00:52:34.763  2636  2636 E SQLiteDatabase: 	at android.database.sqlite.SQLiteDatabase.openDatabase(SQLiteDatabase.java:766)
10-14 00:52:34.763  2636  2636 E SQLiteDatabase: 	at android.database.sqlite.SQLiteDatabase.openOrCreateDatabase(SQLiteDatabase.java:783)
10-14 00:52:34.763  2636  2636 E SQLiteDatabase: 	at i.d.a.c0.h.getWritableDatabase(Unknown Source:103)
10-14 00:52:34.763  2636  2636 E SQLiteDatabase: 	at i.d.a.c0.h.getReadableDatabase(Unknown Source:21)
10-14 00:52:34.763  2636  2636 E SQLiteDatabase: 	at com.iloen.melon.mediastore.MelonMediaProvider.query(Unknown Source:54)
10-14 00:52:34.763  2636  2636 E SQLiteDatabase: 	at com.iloen.melon.mediastore.MelonMediaProvider.b(Unknown Source:181)
10-14 00:52:34.763  2636  2636 E SQLiteDatabase: 	at com.iloen.melon.mediastore.MelonMediaProvider.m(Unknown Source:172)
10-14 00:52:34.763  2636  2636 E SQLiteDatabase: 	at com.iloen.melon.MusicBrowserActivity.initDatabaseFile(:2)
10-14 00:52:34.763  2636  2636 E SQLiteDatabase: 	at com.iloen.melon.MusicBrowserActivity.access$500(Unknown Source:0)
10-14 00:52:34.763  2636  2636 E SQLiteDatabase: 	at com.iloen.melon.MusicBrowserActivity$u0.onRequestPermissionsSuccess(Unknown Source:2)
10-14 00:52:34.763  2636  2636 E SQLiteDatabase: 	at com.iloen.melon.activity.PermissionSupportActivity.onRequestPermissionsResult(:3)
10-14 00:52:34.763  2636  2636 E SQLiteDatabase: 	at android.app.Activity.dispatchRequestPermissionsResult(Activity.java:7608)
10-14 00:52:34.763  2636  2636 E SQLiteDatabase: 	at android.app.Activity.dispatchActivityResult(Activity.java:7458)
10-14 00:52:34.763  2636  2636 E SQLiteDatabase: 	at android.app.ActivityThread.deliverResults(ActivityThread.java:4353)
10-14 00:52:34.763  2636  2636 E SQLiteDatabase: 	at android.app.ActivityThread.handleSendResult(ActivityThread.java:4402)
10-14 00:52:34.763  2636  2636 E SQLiteDatabase: 	at android.app.servertransaction.ActivityResultItem.execute(ActivityResultItem.java:49)
10-14 00:52:34.763  2636  2636 E SQLiteDatabase: 	at android.app.servertransaction.TransactionExecutor.executeCallbacks(TransactionExecutor.java:108)
10-14 00:52:34.763  2636  2636 E SQLiteDatabase: 	at android.app.servertransaction.TransactionExecutor.execute(TransactionExecutor.java:68)
10-14 00:52:34.763  2636  2636 E SQLiteDatabase: 	at android.app.ActivityThread$H.handleMessage(ActivityThread.java:1808)
10-14 00:52:34.763  2636  2636 E SQLiteDatabase: 	at android.os.Handler.dispatchMessage(Handler.java:106)
10-14 00:52:34.763  2636  2636 E SQLiteDatabase: 	at android.os.Looper.loop(Looper.java:193)
10-14 00:52:34.763  2636  2636 E SQLiteDatabase: 	at android.app.ActivityThread.main(ActivityThread.java:6669)
10-14 00:52:34.763  2636  2636 E SQLiteDatabase: 	at java.lang.reflect.Method.invoke(Native Method)
10-14 00:52:34.763  2636  2636 E SQLiteDatabase: 	at com.android.internal.os.RuntimeInit$MethodAndArgsCaller.run(RuntimeInit.java:493)
10-14 00:52:34.763  2636  2636 E SQLiteDatabase: 	at com.android.internal.os.ZygoteInit.main(ZygoteInit.java:858)
10-14 00:52:34.764  2636  2636 W System.err: java.lang.NullPointerException: Attempt to invoke virtual method 'android.database.Cursor android.database.sqlite.SQLiteDatabase.rawQueryWithFactory(android.database.sqlite.SQLiteDatabase$CursorFactory, java.lang.String, java.lang.String[], java.lang.String, android.os.CancellationSignal)' on a null object reference
10-14 00:52:34.764  2636  2636 W System.err: 	at android.database.sqlite.SQLiteQueryBuilder.query(SQLiteQueryBuilder.java:399)
10-14 00:52:34.764  2636  2636 W System.err: 	at android.database.sqlite.SQLiteQueryBuilder.query(SQLiteQueryBuilder.java:333)
10-14 00:52:34.764  2636  2636 W System.err: 	at com.iloen.melon.mediastore.MelonMediaProvider.query(Unknown Source:553)
10-14 00:52:34.764  2636  2636 W System.err: 	at com.iloen.melon.mediastore.MelonMediaProvider.b(Unknown Source:181)
10-14 00:52:34.764  2636  2636 W System.err: 	at com.iloen.melon.mediastore.MelonMediaProvider.m(Unknown Source:172)
10-14 00:52:34.764  2636  2636 W System.err: 	at com.iloen.melon.MusicBrowserActivity.initDatabaseFile(:2)
10-14 00:52:34.764  2636  2636 W System.err: 	at com.iloen.melon.MusicBrowserActivity.access$500(Unknown Source:0)
10-14 00:52:34.764  2636  2636 W System.err: 	at com.iloen.melon.MusicBrowserActivity$u0.onRequestPermissionsSuccess(Unknown Source:2)
10-14 00:52:34.764  2636  2636 W System.err: 	at com.iloen.melon.activity.PermissionSupportActivity.onRequestPermissionsResult(:3)
10-14 00:52:34.764  2636  2636 W System.err: 	at android.app.Activity.dispatchRequestPermissionsResult(Activity.java:7608)
10-14 00:52:34.764  2636  2636 W System.err: 	at android.app.Activity.dispatchActivityResult(Activity.java:7458)
10-14 00:52:34.764  2636  2636 W System.err: 	at android.app.ActivityThread.deliverResults(ActivityThread.java:4353)
10-14 00:52:34.764  2636  2636 W System.err: 	at android.app.ActivityThread.handleSendResult(ActivityThread.java:4402)
10-14 00:52:34.764  2636  2636 W System.err: 	at android.app.servertransaction.ActivityResultItem.execute(ActivityResultItem.java:49)
10-14 00:52:34.764  2636  2636 W System.err: 	at android.app.servertransaction.TransactionExecutor.executeCallbacks(TransactionExecutor.java:108)
10-14 00:52:34.764  2636  2636 W System.err: 	at android.app.servertransaction.TransactionExecutor.execute(TransactionExecutor.java:68)
10-14 00:52:34.764  2636  2636 W System.err: 	at android.app.ActivityThread$H.handleMessage(ActivityThread.java:1808)
10-14 00:52:34.764  2636  2636 W System.err: 	at android.os.Handler.dispatchMessage(Handler.java:106)
10-14 00:52:34.765  2636  2636 W System.err: 	at android.os.Looper.loop(Looper.java:193)
10-14 00:52:34.765  2636  2636 W System.err: 	at android.app.ActivityThread.main(ActivityThread.java:6669)
10-14 00:52:34.765  2636  2636 W System.err: 	at java.lang.reflect.Method.invoke(Native Method)
10-14 00:52:34.765  2636  2636 W System.err: 	at com.android.internal.os.RuntimeInit$MethodAndArgsCaller.run(RuntimeInit.java:493)
10-14 00:52:34.765  2636  2636 W System.err: 	at com.android.internal.os.ZygoteInit.main(ZygoteInit.java:858)
10-14 00:52:34.775  2953  4864 I ActivityManager: START u0 {act=android.content.pm.action.REQUEST_PERMISSIONS pkg=com.google.android.packageinstaller cmp=com.google.android.packageinstaller/com.android.packageinstaller.permission.ui.GrantPermissionsActivity (has extras)} from uid 10106
10-14 00:52:34.806  2958  2958 W ActivityThread: handleWindowVisibility: no activity for token android.os.BinderProxy@63a0c86
10-14 00:52:34.833  3483 11950 I NetworkScheduler.Stats: Task com.google.android.gms/com.google.android.gms.ipa.base.IpaGcmTaskService started execution. cause:9 exec_start_elapsed_seconds: 2406 [CONTEXT service_id=218 ]
10-14 00:52:34.844  2636  2636 I ExoPlayerImpl: Init 36e76ab [ExoPlayerLib/2.11.7] [odroidn2, odroidn2, HardKernel Co., Ltd., 28]
10-14 00:52:34.849  2953  2969 W BroadcastQueue: Permission Denial: broadcasting Intent { act=android.net.conn.CONNECTIVITY_CHANGE flg=0x4200010 (has extras) } from null (pid=-1, uid=-1) requires com.iloen.melon.permission.SIG_PERMISSION due to registered receiver BroadcastFilter{e0ecc92 u0 ReceiverList{f9a621d 2636 com.iloen.melon/10106/u0 remote:965faf4}}
10-14 00:52:34.860  2636  2636 E SQLiteLog: (14) cannot open file at line 36667 of [0c55d17973]
10-14 00:52:34.860  2636  2636 E SQLiteLog: (14) os_unix.c:36667: (2) open(/storage/emulated/0/melon/db/meloninternal.db) - 
10-14 00:52:34.861  2636  2636 E SQLiteDatabase: Failed to open database '/storage/emulated/0/melon/db/meloninternal.db'.
10-14 00:52:34.861  2636  2636 E SQLiteDatabase: android.database.sqlite.SQLiteCantOpenDatabaseException: unknown error (code 14 SQLITE_CANTOPEN): Could not open database
10-14 00:52:34.861  2636  2636 E SQLiteDatabase: 	at android.database.sqlite.SQLiteConnection.nativeOpen(Native Method)
10-14 00:52:34.861  2636  2636 E SQLiteDatabase: 	at android.database.sqlite.SQLiteConnection.open(SQLiteConnection.java:211)
10-14 00:52:34.861  2636  2636 E SQLiteDatabase: 	at android.database.sqlite.SQLiteConnection.open(SQLiteConnection.java:195)
10-14 00:52:34.861  2636  2636 E SQLiteDatabase: 	at android.database.sqlite.SQLiteConnectionPool.openConnectionLocked(SQLiteConnectionPool.java:503)
10-14 00:52:34.861  2636  2636 E SQLiteDatabase: 	at android.database.sqlite.SQLiteConnectionPool.open(SQLiteConnectionPool.java:204)
10-14 00:52:34.861  2636  2636 E SQLiteDatabase: 	at android.database.sqlite.SQLiteConnectionPool.open(SQLiteConnectionPool.java:196)
10-14 00:52:34.861  2636  2636 E SQLiteDatabase: 	at android.database.sqlite.SQLiteDatabase.openInner(SQLiteDatabase.java:880)
10-14 00:52:34.861  2636  2636 E SQLiteDatabase: 	at android.database.sqlite.SQLiteDatabase.open(SQLiteDatabase.java:865)
10-14 00:52:34.861  2636  2636 E SQLiteDatabase: 	at android.database.sqlite.SQLiteDatabase.openDatabase(SQLiteDatabase.java:766)
10-14 00:52:34.861  2636  2636 E SQLiteDatabase: 	at android.database.sqlite.SQLiteDatabase.openOrCreateDatabase(SQLiteDatabase.java:783)
10-14 00:52:34.861  2636  2636 E SQLiteDatabase: 	at i.d.a.c0.h.getWritableDatabase(Unknown Source:103)
10-14 00:52:34.861  2636  2636 E SQLiteDatabase: 	at com.iloen.melon.mediastore.MelonMediaProvider.delete(Unknown Source:61)
10-14 00:52:34.861  2636  2636 E SQLiteDatabase: 	at android.content.ContentProvider$Transport.delete(ContentProvider.java:341)
10-14 00:52:34.861  2636  2636 E SQLiteDatabase: 	at android.content.ContentResolver.delete(ContentResolver.java:1684)
10-14 00:52:34.861  2636  2636 E SQLiteDatabase: 	at com.iloen.melon.playback.PlaybackService.onCreate(:2)
10-14 00:52:34.861  2636  2636 E SQLiteDatabase: 	at android.app.ActivityThread.handleCreateService(ActivityThread.java:3532)
10-14 00:52:34.861  2636  2636 E SQLiteDatabase: 	at android.app.ActivityThread.access$1300(ActivityThread.java:199)
10-14 00:52:34.861  2636  2636 E SQLiteDatabase: 	at android.app.ActivityThread$H.handleMessage(ActivityThread.java:1666)
10-14 00:52:34.861  2636  2636 E SQLiteDatabase: 	at android.os.Handler.dispatchMessage(Handler.java:106)
10-14 00:52:34.861  2636  2636 E SQLiteDatabase: 	at android.os.Looper.loop(Looper.java:193)
10-14 00:52:34.861  2636  2636 E SQLiteDatabase: 	at android.app.ActivityThread.main(ActivityThread.java:6669)
10-14 00:52:34.861  2636  2636 E SQLiteDatabase: 	at java.lang.reflect.Method.invoke(Native Method)
10-14 00:52:34.861  2636  2636 E SQLiteDatabase: 	at com.android.internal.os.RuntimeInit$MethodAndArgsCaller.run(RuntimeInit.java:493)
10-14 00:52:34.861  2636  2636 E SQLiteDatabase: 	at com.android.internal.os.ZygoteInit.main(ZygoteInit.java:858)
10-14 00:52:34.861  2953 18154 I chatty  : uid=1000(system) Binder:2953_1E expire 1 line
10-14 00:52:34.874  3483 11033 I NetworkScheduler.Stats: Task com.google.android.gms/com.google.android.gms.ipa.base.IpaGcmTaskService finished executing. cause:9 result: 1 elapsed_millis: 76 uptime_millis: 76 exec_start_elapsed_seconds: 2406 [CONTEXT service_id=218 ]
10-14 00:52:34.895  3483  3494 W System  : A resource failed to call end. 
10-14 00:52:34.901  2958  2996 D mali_winsys: EGLint new_window_surface(egl_winsys_display *, void *, EGLSurface, EGLConfig, egl_winsys_surface **, EGLBoolean) returns 0x3000
10-14 00:52:34.903  2636  2636 D EventBus: No subscribers registered for event class com.iloen.melon.eventbus.EventMelonSport$PlayerFinish
10-14 00:52:34.903  2636  2636 D EventBus: No subscribers registered for event class org.greenrobot.eventbus.NoSubscriberEvent
10-14 00:52:34.907  2953  6693 I chatty  : uid=1000(system) Binder:2953_13 expire 5 lines
10-14 00:52:34.917  2636  2636 I ExoPlayerImpl: Release 36e76ab [ExoPlayerLib/2.11.7] [odroidn2, odroidn2, HardKernel Co., Ltd., 28] [goog.exo.core]
10-14 00:52:34.918  2636  2636 D EventBus: No subscribers registered for event class com.iloen.melon.eventbus.EventPlayback$ServiceUnbound
10-14 00:52:34.918  2636  2636 D EventBus: No subscribers registered for event class org.greenrobot.eventbus.NoSubscriberEvent
10-14 00:52:34.965  2768  3293 I chatty  : uid=1000(system) Binder:2768_4 expire 24 lines
10-14 00:52:34.965  2958  2996 W libEGL  : EGLNativeWindowType 0xdfa50808 disconnect failed
10-14 00:52:34.965  2958  2996 D mali_winsys: EGLint new_window_surface(egl_winsys_display *, void *, EGLSurface, EGLConfig, egl_winsys_surface **, EGLBoolean) returns 0x3000
10-14 00:52:34.975  2636  2636 I ExoPlayerImpl: Init be4813 [ExoPlayerLib/2.11.7] [odroidn2, odroidn2, HardKernel Co., Ltd., 28]
10-14 00:52:34.979  2953  2969 W BroadcastQueue: Permission Denial: broadcasting Intent { act=android.net.conn.CONNECTIVITY_CHANGE flg=0x4200010 (has extras) } from null (pid=-1, uid=-1) requires com.iloen.melon.permission.SIG_PERMISSION due to registered receiver BroadcastFilter{cd3f731 u0 ReceiverList{6b27d8 2636 com.iloen.melon/10106/u0 remote:f69a6bb}}
10-14 00:52:34.984  2636  2636 E SQLiteLog: (14) cannot open file at line 36667 of [0c55d17973]
10-14 00:52:34.984  2636  2636 E SQLiteLog: (14) os_unix.c:36667: (2) open(/storage/emulated/0/melon/db/meloninternal.db) - 
10-14 00:52:34.984  2636  2636 E SQLiteDatabase: Failed to open database '/storage/emulated/0/melon/db/meloninternal.db'.
10-14 00:52:34.984  2636  2636 E SQLiteDatabase: android.database.sqlite.SQLiteCantOpenDatabaseException: unknown error (code 14 SQLITE_CANTOPEN): Could not open database
10-14 00:52:34.984  2636  2636 E SQLiteDatabase: 	at android.database.sqlite.SQLiteConnection.nativeOpen(Native Method)
10-14 00:52:34.984  2636  2636 E SQLiteDatabase: 	at android.database.sqlite.SQLiteConnection.open(SQLiteConnection.java:211)
10-14 00:52:34.984  2636  2636 E SQLiteDatabase: 	at android.database.sqlite.SQLiteConnection.open(SQLiteConnection.java:195)
10-14 00:52:34.984  2636  2636 E SQLiteDatabase: 	at android.database.sqlite.SQLiteConnectionPool.openConnectionLocked(SQLiteConnectionPool.java:503)
10-14 00:52:34.984  2636  2636 E SQLiteDatabase: 	at android.database.sqlite.SQLiteConnectionPool.open(SQLiteConnectionPool.java:204)
10-14 00:52:34.984  2636  2636 E SQLiteDatabase: 	at android.database.sqlite.SQLiteConnectionPool.open(SQLiteConnectionPool.java:196)
10-14 00:52:34.984  2636  2636 E SQLiteDatabase: 	at android.database.sqlite.SQLiteDatabase.openInner(SQLiteDatabase.java:880)
10-14 00:52:34.984  2636  2636 E SQLiteDatabase: 	at android.database.sqlite.SQLiteDatabase.open(SQLiteDatabase.java:865)
10-14 00:52:34.984  2636  2636 E SQLiteDatabase: 	at android.database.sqlite.SQLiteDatabase.openDatabase(SQLiteDatabase.java:766)
10-14 00:52:34.984  2636  2636 E SQLiteDatabase: 	at android.database.sqlite.SQLiteDatabase.openOrCreateDatabase(SQLiteDatabase.java:783)
10-14 00:52:34.984  2636  2636 E SQLiteDatabase: 	at i.d.a.c0.h.getWritableDatabase(Unknown Source:103)
10-14 00:52:34.984  2636  2636 E SQLiteDatabase: 	at com.iloen.melon.mediastore.MelonMediaProvider.delete(Unknown Source:61)
10-14 00:52:34.984  2636  2636 E SQLiteDatabase: 	at android.content.ContentProvider$Transport.delete(ContentProvider.java:341)
10-14 00:52:34.984  2636  2636 E SQLiteDatabase: 	at android.content.ContentResolver.delete(ContentResolver.java:1684)
10-14 00:52:34.984  2636  2636 E SQLiteDatabase: 	at com.iloen.melon.playback.PlaybackService.onCreate(:2)
10-14 00:52:34.984  2636  2636 E SQLiteDatabase: 	at android.app.ActivityThread.handleCreateService(ActivityThread.java:3532)
10-14 00:52:34.984  2636  2636 E SQLiteDatabase: 	at android.app.ActivityThread.access$1300(ActivityThread.java:199)
10-14 00:52:34.984  2636  2636 E SQLiteDatabase: 	at android.app.ActivityThread$H.handleMessage(ActivityThread.java:1666)
10-14 00:52:34.984  2636  2636 E SQLiteDatabase: 	at android.os.Handler.dispatchMessage(Handler.java:106)
10-14 00:52:34.984  2636  2636 E SQLiteDatabase: 	at android.os.Looper.loop(Looper.java:193)
10-14 00:52:34.984  2636  2636 E SQLiteDatabase: 	at android.app.ActivityThread.main(ActivityThread.java:6669)
10-14 00:52:34.984  2636  2636 E SQLiteDatabase: 	at java.lang.reflect.Method.invoke(Native Method)
10-14 00:52:34.984  2636  2636 E SQLiteDatabase: 	at com.android.internal.os.RuntimeInit$MethodAndArgsCaller.run(RuntimeInit.java:493)
10-14 00:52:34.984  2636  2636 E SQLiteDatabase: 	at com.android.internal.os.ZygoteInit.main(ZygoteInit.java:858)
10-14 00:52:35.002  3106  3106 W NotificationEntryMgr: removeNotification for unknown key: 0|com.iloen.melon|10001|null|10106
10-14 00:52:35.029  3106  3106 W NotificationEntryMgr: removeNotification for unknown key: 0|com.iloen.melon|10001|null|10106
