--------- beginning of system
10-14 03:45:00.002  2953  2953 I ActivityManager: Killing 21350:com.android.calendar/u0a49 (adj 906): empty #17
--------- beginning of main
10-14 03:45:00.003  2953  2972 W libprocessgroup: kill(-21350, 9) failed: No such process
10-14 03:45:00.042  2740  2740 I Zygote  : Process 21350 exited due to signal (9)
10-14 03:45:00.045  2953  2972 W libprocessgroup: kill(-21350, 9) failed: No such process
10-14 03:45:00.045  2953  2972 I libprocessgroup: Successfully killed process cgroup uid 10049 pid 21350 in 42ms
10-14 03:45:02.534 18890 18890 D skia    : --- Failed to create image decoder with message 'unimplemented'
10-14 03:45:02.543 18890 18890 I tutu.ABenchMark: type=1400 audit(0.0:4910): avc: denied { open } for path="/proc/stat" dev="proc" ino=4026531957 scontext=u:r:untrusted_app_27:s0:c512,c768 tcontext=u:object_r:proc_stat:s0 tclass=file permissive=1
10-14 03:45:02.543 18890 18890 I tutu.ABenchMark: type=1400 audit(0.0:4911): avc: denied { getattr } for path="/proc/stat" dev="proc" ino=4026531957 scontext=u:r:untrusted_app_27:s0:c512,c768 tcontext=u:object_r:proc_stat:s0 tclass=file permissive=1
10-14 03:45:02.543 18890 18890 I tutu.ABenchMark: type=1400 audit(0.0:4912): avc: denied { read } for name="temp" dev="sysfs" ino=8951 scontext=u:r:untrusted_app_27:s0:c512,c768 tcontext=u:object_r:sysfs:s0 tclass=file permissive=1
10-14 03:45:02.543 18890 18890 I tutu.ABenchMark: type=1400 audit(0.0:4913): avc: denied { open } for path="/sys/devices/virtual/thermal/thermal_zone0/temp" dev="sysfs" ino=8951 scontext=u:r:untrusted_app_27:s0:c512,c768 tcontext=u:object_r:sysfs:s0 tclass=file permissive=1
10-14 03:45:02.543 18890 18890 I tutu.ABenchMark: type=1400 audit(0.0:4914): avc: denied { getattr } for path="/sys/devices/virtual/thermal/thermal_zone0/temp" dev="sysfs" ino=8951 scontext=u:r:untrusted_app_27:s0:c512,c768 tcontext=u:object_r:sysfs:s0 tclass=file permissive=1
10-14 03:45:02.548 18890 18890 D skia    : --- Failed to create image decoder with message 'unimplemented'
10-14 03:45:05.911  2760  2760 I memtrack@1.0-se: type=1400 audit(0.0:4915): avc: denied { read } for name="mem_profile" dev="debugfs" ino=1059471 scontext=u:r:hal_memtrack_default:s0 tcontext=u:object_r:debugfs:s0 tclass=file permissive=1
10-14 03:45:05.911  2760  2760 I memtrack@1.0-se: type=1400 audit(0.0:4916): avc: denied { open } for path="/sys/kernel/debug/mali0/ctx/29138_87/mem_profile" dev="debugfs" ino=1059471 scontext=u:r:hal_memtrack_default:s0 tcontext=u:object_r:debugfs:s0 tclass=file permissive=1
10-14 03:45:05.911  2760  2760 I memtrack@1.0-se: type=1400 audit(0.0:4917): avc: denied { getattr } for path="/sys/kernel/debug/mali0/ctx/29138_87/mem_profile" dev="debugfs" ino=1059471 scontext=u:r:hal_memtrack_default:s0 tcontext=u:object_r:debugfs:s0 tclass=file permissive=1
10-14 03:45:12.561 18890 18890 D skia    : --- Failed to create image decoder with message 'unimplemented'
10-14 03:45:46.807  2787  2821 E storaged: getDiskStats failed with result NOT_SUPPORTED and size 0
10-14 03:45:42.631 18890 18890 I chatty  : uid=10079(com.antutu.ABenchMark) identical 6 lines
10-14 03:45:42.644 18890 18890 D skia    : --- Failed to create image decoder with message 'unimplemented'
10-14 03:45:48.014  2747  7191 W amlaudioMixer: mixer_get_presentation_position(), port not ready now
10-14 03:45:48.014  2747  7191 W audio-subMixingFactory: out_get_presentation_position_port(), pts not valid yet
10-14 03:45:48.014  2953 27918 I ActivityManager: START u0 {act=android.intent.action.MAIN cat=[android.intent.category.LAUNCHER] flg=0x10200000 cmp=com.locnall.KimGiSa/.activity.IntroActivity bnds=[1057,555][1258,686]} from uid 10024
10-14 03:45:48.015  2747  7191 I audio-subMixingFactory: ++usecase_change_validate_l_sm: dev usecase masks = 0, out usecase_masks = 0, out usecase STREAM_PCM_NORMAL
10-14 03:45:48.015  2747  7191 I audio-subMixingFactory: ++++usecase_change_validate_l_sm(),continuous_audio_mode 0 dev usecase masks = 0, out usecase_masks = 0, out usecase STREAM_PCM_NORMAL
10-14 03:45:48.015  2747  7191 I audio-subMixingFactory: usecase_change_validate_l_sm(), mixer_aux_buffer_write_sm !
10-14 03:45:48.015  2747  7191 I audio-subMixingFactory: ----usecase_change_validate_l_sm(), continuous_audio_mode 0 dev usecase masks = 0x1, out usecase_masks = 0x1, out usecase STREAM_PCM_NORMAL
10-14 03:45:48.015  2747  7191 I aml_audio_port: get_input_port_index(), samplerate 48000
10-14 03:45:48.015  2747  7191 D aml_audio_port: new_input_port(), index:0, rbuf size:8192, direct_on:0
10-14 03:45:48.015  2747  7191 D aml_audio_port: new_input_port(), fmt 0x1, rate 48000
10-14 03:45:48.015  2747  7191 I amlaudioMixer: ++init_mixer_input_port port index 0, size 512 frames
10-14 03:45:48.015  2747  7191 I amlaudioMixer: init_mixer_input_port(), port->initial_frames: 134664192
10-14 03:45:48.015  2747  7191 I aml_audio_port: get_input_port_index(), samplerate 48000
10-14 03:45:48.015  2747  7191 I audio-subMixingFactory: mixer_aux_buffer_write_sm(), primary 0xee3ca000 port index = 0
10-14 03:45:48.015  2747  7191 I audio-subMixingFactory: padding_bytes 16384
10-14 03:45:48.015  2747  7191 I amlaudioMixer: port index 0 is active now
10-14 03:45:48.015  2747  7191 I audio-subMixingFactory: padding_bytes 14336
10-14 03:45:48.015  2747  7191 I audio-subMixingFactory: padding_bytes 12288
10-14 03:45:48.015  2747  7191 I audio-subMixingFactory: padding_bytes 10240
10-14 03:45:48.015  2747  7191 I audio-subMixingFactory: padding_bytes 8192
10-14 03:45:48.016  2747  7191 I audio-subMixingFactory: padding_bytes 6144
10-14 03:45:48.020  2747  7191 I audio-subMixingFactory: padding_bytes 4096
10-14 03:45:48.024  2747  7191 I audio-subMixingFactory: padding_bytes 2048
10-14 03:45:48.028  2747  7191 W amlaudioMixer: mixer_get_presentation_position(), not valid now
10-14 03:45:48.028  2747  7191 W audio-subMixingFactory: out_get_presentation_position_port(), pts not valid yet
10-14 03:45:48.034  2953  2969 I ActivityManager: Killing 22537:com.android.chrome/u0a84 (adj 904): empty #17
10-14 03:45:48.035  2953  2972 W libprocessgroup: kill(-22537, 9) failed: No such process
10-14 03:45:48.039  2747  7191 W amlaudioMixer: mixer_get_presentation_position(), not valid now
10-14 03:45:48.039  2747  7191 W audio-subMixingFactory: out_get_presentation_position_port(), pts not valid yet
10-14 03:45:48.047 29897 29897 I Zygote  : seccomp disabled by setenforce 0
10-14 03:45:48.050  2953  2971 I ActivityManager: Start proc 29897:com.locnall.KimGiSa/u0a98 for activity com.locnall.KimGiSa/.activity.IntroActivity
10-14 03:45:48.052 29897 29897 W locnall.KimGiS: Using default instruction set features for ARM CPU variant (cortex-a9) using conservative defaults
10-14 03:45:48.059  2766  2911 D AudioFlinger: mixer(0xeb583ac0) throttle end: throttle time(2)
10-14 03:45:48.069  2740  2740 I Zygote  : Process 22537 exited due to signal (9)
10-14 03:45:48.082  2953  2972 W libprocessgroup: kill(-22537, 9) failed: No such process
10-14 03:45:48.083  2953  2972 I libprocessgroup: Successfully killed process cgroup uid 10084 pid 22537 in 47ms
10-14 03:45:48.116 29897 29897 I MultiDex: VM with version 2.1.0 has multidex support
10-14 03:45:48.116 29897 29897 I MultiDex: Installing application
10-14 03:45:48.116 29897 29897 I MultiDex: VM has multidex support, MultiDex support library is disabled.
10-14 03:45:48.079  2760  2760 I memtrack@1.0-se: type=1400 audit(0.0:4918): avc: denied { read } for name="mem_profile" dev="debugfs" ino=1059471 scontext=u:r:hal_memtrack_default:s0 tcontext=u:object_r:debugfs:s0 tclass=file permissive=1
10-14 03:45:48.170 29897 29926 I DynamiteModule: Considering local module com.google.android.gms.measurement.dynamite:14 and remote module com.google.android.gms.measurement.dynamite:0
10-14 03:45:48.170 29897 29926 I DynamiteModule: Selected local version of com.google.android.gms.measurement.dynamite
10-14 03:45:48.173 29897 29897 I FirebaseInitProvider: FirebaseApp initialization successful
10-14 03:45:48.079  2760  2760 I memtrack@1.0-se: type=1400 audit(0.0:4919): avc: denied { open } for path="/sys/kernel/debug/mali0/ctx/29138_87/mem_profile" dev="debugfs" ino=1059471 scontext=u:r:hal_memtrack_default:s0 tcontext=u:object_r:debugfs:s0 tclass=file permissive=1
10-14 03:45:48.180 29897 29897 I CrashlyticsInitProvider: CrashlyticsInitProvider skipping initialization
10-14 03:45:48.186 29897 29926 W locnall.KimGiS: Unsupported class loader
10-14 03:45:48.222 29897 29926 W locnall.KimGiS: Skipping duplicate class check due to unsupported classloader
10-14 03:45:48.224 29897 29897 I MarketingInitProvider: Failed to auto initialize the Marketing SDK
10-14 03:45:48.224 29897 29897 I MarketingInitProvider: A valid Facebook app id must be set in the AndroidManifest.xml or set by calling FacebookSdk.setApplicationId before initializing the sdk.
10-14 03:45:48.224 29897 29897 I MarketingInitProvider: 	at f.d.v.sdkInitialize(FacebookSdk.java:30)
10-14 03:45:48.224 29897 29897 I MarketingInitProvider: 	at com.facebook.marketing.internal.MarketingInitProvider.onCreate(MarketingInitProvider.java:2)
10-14 03:45:48.224 29897 29897 I MarketingInitProvider: 	at android.content.ContentProvider.attachInfo(ContentProvider.java:1917)
10-14 03:45:48.224 29897 29897 I MarketingInitProvider: 	at android.content.ContentProvider.attachInfo(ContentProvider.java:1892)
10-14 03:45:48.224 29897 29897 I MarketingInitProvider: 	at android.app.ActivityThread.installProvider(ActivityThread.java:6391)
10-14 03:45:48.224 29897 29897 I MarketingInitProvider: 	at android.app.ActivityThread.installContentProviders(ActivityThread.java:5938)
10-14 03:45:48.224 29897 29897 I MarketingInitProvider: 	at android.app.ActivityThread.handleBindApplication(ActivityThread.java:5853)
10-14 03:45:48.224 29897 29897 I MarketingInitProvider: 	at android.app.ActivityThread.access$1100(ActivityThread.java:199)
10-14 03:45:48.224 29897 29897 I MarketingInitProvider: 	at android.app.ActivityThread$H.handleMessage(ActivityThread.java:1650)
10-14 03:45:48.224 29897 29897 I MarketingInitProvider: 	at android.os.Handler.dispatchMessage(Handler.java:106)
10-14 03:45:48.224 29897 29897 I MarketingInitProvider: 	at android.os.Looper.loop(Looper.java:193)
10-14 03:45:48.224 29897 29897 I MarketingInitProvider: 	at android.app.ActivityThread.main(ActivityThread.java:6669)
10-14 03:45:48.224 29897 29897 I MarketingInitProvider: 	at java.lang.reflect.Method.invoke(Native Method)
10-14 03:45:48.224 29897 29897 I MarketingInitProvider: 	at com.android.internal.os.RuntimeInit$MethodAndArgsCaller.run(RuntimeInit.java:493)
10-14 03:45:48.224 29897 29897 I MarketingInitProvider: 	at com.android.internal.os.ZygoteInit.main(ZygoteInit.java:858)
10-14 03:45:48.079  2760  2760 I memtrack@1.0-se: type=1400 audit(0.0:4920): avc: denied { getattr } for path="/sys/kernel/debug/mali0/ctx/29138_87/mem_profile" dev="debugfs" ino=1059471 scontext=u:r:hal_memtrack_default:s0 tcontext=u:object_r:debugfs:s0 tclass=file permissive=1
10-14 03:45:48.228 29897 29897 I FacebookInitProvider: Failed to auto initialize the Facebook SDK
10-14 03:45:48.228 29897 29897 I FacebookInitProvider: A valid Facebook app id must be set in the AndroidManifest.xml or set by calling FacebookSdk.setApplicationId before initializing the sdk.
10-14 03:45:48.228 29897 29897 I FacebookInitProvider: 	at f.d.v.sdkInitialize(FacebookSdk.java:30)
10-14 03:45:48.228 29897 29897 I FacebookInitProvider: 	at f.d.v.sdkInitialize(FacebookSdk.java:9)
10-14 03:45:48.228 29897 29897 I FacebookInitProvider: 	at com.facebook.internal.FacebookInitProvider.onCreate(FacebookInitProvider.java:1)
10-14 03:45:48.228 29897 29897 I FacebookInitProvider: 	at android.content.ContentProvider.attachInfo(ContentProvider.java:1917)
10-14 03:45:48.228 29897 29897 I FacebookInitProvider: 	at android.content.ContentProvider.attachInfo(ContentProvider.java:1892)
10-14 03:45:48.228 29897 29897 I FacebookInitProvider: 	at android.app.ActivityThread.installProvider(ActivityThread.java:6391)
10-14 03:45:48.228 29897 29897 I FacebookInitProvider: 	at android.app.ActivityThread.installContentProviders(ActivityThread.java:5938)
10-14 03:45:48.228 29897 29897 I FacebookInitProvider: 	at android.app.ActivityThread.handleBindApplication(ActivityThread.java:5853)
10-14 03:45:48.228 29897 29897 I FacebookInitProvider: 	at android.app.ActivityThread.access$1100(ActivityThread.java:199)
10-14 03:45:48.228 29897 29897 I FacebookInitProvider: 	at android.app.ActivityThread$H.handleMessage(ActivityThread.java:1650)
10-14 03:45:48.228 29897 29897 I FacebookInitProvider: 	at android.os.Handler.dispatchMessage(Handler.java:106)
10-14 03:45:48.228 29897 29897 I FacebookInitProvider: 	at android.os.Looper.loop(Looper.java:193)
10-14 03:45:48.228 29897 29897 I FacebookInitProvider: 	at android.app.ActivityThread.main(ActivityThread.java:6669)
10-14 03:45:48.228 29897 29897 I FacebookInitProvider: 	at java.lang.reflect.Method.invoke(Native Method)
10-14 03:45:48.228 29897 29897 I FacebookInitProvider: 	at com.android.internal.os.RuntimeInit$MethodAndArgsCaller.run(RuntimeInit.java:493)
10-14 03:45:48.228 29897 29897 I FacebookInitProvider: 	at com.android.internal.os.ZygoteInit.main(ZygoteInit.java:858)
10-14 03:45:48.243 29897 29897 I KOIN    : [definition] declare Single [name='u',class='f.m.a.x.c.u']
10-14 03:45:48.243 29897 29897 I KOIN    : [definition] declare Single [name='NetworkPlugin',class='f.m.a.x.c.c']
10-14 03:45:48.244 29897 29897 I KOIN    : [definition] declare Single [name='NetworkPluginWebServer',class='f.m.a.x.c.c']
10-14 03:45:48.244 29897 29897 I KOIN    : [definition] declare Single [name='d',class='f.m.a.u.d']
10-14 03:45:48.244 29897 29897 I KOIN    : [definition] declare Single [name='a',class='f.m.a.u.a']
10-14 03:45:48.244 29897 29897 I KOIN    : [definition] declare Single [name='b',class='f.m.a.u.b']
10-14 03:45:48.244 29897 29897 I KOIN    : [definition] declare Single [name='t',class='f.m.a.x.c.t']
10-14 03:45:48.244 29897 29897 I KOIN    : [definition] declare Single [name='c',class='f.m.a.u.c']
10-14 03:45:48.245 29897 29897 I KOIN    : [definition] declare Single [name='KakaoNaviSDK_Private',class='com.kakao.KakaoNaviSDK.KakaoNaviSDK_Private']
10-14 03:45:48.245 29897 29897 I KOIN    : [definition] declare Single [name='m',class='f.m.a.x.c.m']
10-14 03:45:48.245 29897 29897 I KOIN    : [definition] declare Single [name='d',class='f.m.a.x.c.d']
10-14 03:45:48.245 29897 29897 I KOIN    : [definition] declare Single [name='e',class='f.m.a.h.e']
10-14 03:45:48.245 29897 29897 I KOIN    : [definition] declare Single [name='x',class='f.m.a.x.c.x']
10-14 03:45:48.245 29897 29897 I KOIN    : [definition] declare Single [name='b',class='f.m.a.x.c.b']
10-14 03:45:48.248 29897 29897 I KOIN    : [definition] declare Factory [name='b',class='f.m.a.x.a.a.a.b']
10-14 03:45:48.248 29897 29897 I KOIN    : [definition] declare Factory [name='c',class='f.m.a.x.a.a.a.c']
10-14 03:45:48.248 29897 29897 I KOIN    : [definition] declare Factory [name='a',class='f.m.a.x.a.a.b.b.a']
10-14 03:45:48.249 29897 29897 I KOIN    : [definition] declare Factory [name='a',class='f.m.a.x.a.a.d.c.a']
10-14 03:45:48.249 29897 29897 I KOIN    : [definition] declare Factory [name='c',class='f.m.a.x.a.a.c.a.c']
10-14 03:45:48.249 29897 29897 I KOIN    : [definition] declare Factory [name='d',class='f.m.a.x.a.a.c.a.d']
10-14 03:45:48.249 29897 29897 I KOIN    : [definition] declare Factory [name='a',class='f.m.a.x.a.a.c.a.a']
10-14 03:45:48.249 29897 29897 I KOIN    : [definition] declare Factory [name='a',class='f.m.a.x.a.a.b.a.a']
10-14 03:45:48.249 29897 29897 I KOIN    : [definition] declare Single [name='b',class='f.m.a.x.a.a.d.b.b']
10-14 03:45:48.250 29897 29897 I KOIN    : [definition] declare Single [name='a',class='f.m.a.x.a.a.d.b.a']
10-14 03:45:48.250 29897 29897 I KOIN    : [definition] declare Single [name='a',class='f.m.a.k.c.a']
10-14 03:45:48.250 29897 29897 I KOIN    : [definition] declare Single [name='b',class='f.m.a.k.a.b']
10-14 03:45:48.250 29897 29897 I KOIN    : [definition] declare Single [name='a',class='f.m.a.k.a.a']
10-14 03:45:48.251 29897 29897 I KOIN    : [definition] declare Single [name='a',class='f.m.a.k.b.a.a']
10-14 03:45:48.251 29897 29897 I KOIN    : [definition] declare Single [name='b',class='f.m.a.k.b.a.b']
10-14 03:45:48.251 29897 29897 I KOIN    : [definition] declare Single [name='a',class='f.m.a.k.b.a']
10-14 03:45:48.251 29897 29897 I KOIN    : [definition] declare Single [name='b',class='f.m.a.k.b.b']
10-14 03:45:48.252 29897 29897 I KOIN    : [definition] declare Single [name='a',class='f.m.b.b.b.a']
10-14 03:45:48.253 29897 29897 I KOIN    : [definition] declare Single [name='a',class='f.m.a.x.a.a.d.a.a']
10-14 03:45:48.253 29897 29897 I KOIN    : [definition] declare Single [name='e',class='f.m.a.x.a.a.a.e']
10-14 03:45:48.254 29897 29897 I KOIN    : [definition] declare Single [name='b',class='f.m.a.x.a.a.c.a.b']
10-14 03:45:48.254 29897 29897 I KOIN    : [definition] declare Single [name='a',class='f.m.a.x.a.a.a.a']
10-14 03:45:48.257 29897 29897 I KOIN    : [definition] declare Factory [name='b',class='f.m.a.x.a.c.a.b']
10-14 03:45:48.257 29897 29897 I KOIN    : [definition] declare Factory [name='d',class='f.m.a.x.a.c.a.d']
10-14 03:45:48.258 29897 29897 I KOIN    : [definition] declare Factory [name='a',class='f.m.a.x.a.c.c.a']
10-14 03:45:48.258 29897 29897 I KOIN    : [definition] declare Factory [name='b',class='f.m.a.x.a.c.c.b']
10-14 03:45:48.258 29897 29897 I KOIN    : [definition] declare Factory [name='i',class='f.m.a.x.a.c.d.i']
10-14 03:45:48.258 29897 29897 I KOIN    : [definition] declare Factory [name='j',class='f.m.a.x.a.c.d.j']
10-14 03:45:48.259 29897 29897 I KOIN    : [definition] declare Single [name='a',class='f.m.a.x.a.c.d.a']
10-14 03:45:48.259 29897 29897 I KOIN    : [definition] declare Factory [name='b',class='f.m.a.x.a.c.d.b']
10-14 03:45:48.259 29897 29897 I KOIN    : [definition] declare Factory [name='c',class='f.m.a.x.a.c.d.c']
10-14 03:45:48.259 29897 29897 I KOIN    : [definition] declare Single [name='b',class='f.m.a.x.a.c.b.b']
10-14 03:45:48.260 29897 29897 I KOIN    : [definition] declare Single [name='a',class='f.m.a.x.a.c.b.a']
10-14 03:45:48.260 29897 29897 I KOIN    : [definition] declare Single [name='n',class='f.m.a.x.a.c.d.n']
10-14 03:45:48.260 29897 29897 I KOIN    : [definition] declare Single [name='h',class='f.m.a.x.a.c.d.h']
10-14 03:45:48.261 29897 29897 I KOIN    : [definition] declare Single [name='a',class='f.m.a.x.a.c.a']
10-14 03:45:48.261 29897 29897 I KOIN    : [definition] declare Single [name='i',class='f.m.a.x.b.a.d.i']
10-14 03:45:48.261 29897 29897 I KOIN    : [definition] declare Single [name='g',class='f.m.a.x.b.a.d.g']
10-14 03:45:48.261 29897 29897 I KOIN    : [definition] declare Single [name='e',class='f.m.a.x.b.a.d.e']
10-14 03:45:48.261 29897 29897 I KOIN    : [definition] declare Single [name='b',class='f.m.a.x.b.a.d.b']
10-14 03:45:48.261 29897 29897 I KOIN    : [definition] declare Single [name='d',class='f.m.a.x.b.a.d.d']
10-14 03:45:48.262 29897 29897 I KOIN    : [definition] declare Single [name='j',class='f.m.a.x.b.a.d.j']
10-14 03:45:48.262 29897 29897 I KOIN    : [definition] declare Single [name='k',class='f.m.a.x.b.a.d.k']
10-14 03:45:48.262 29897 29897 I KOIN    : [definition] declare Single [name='remote',class='f.m.a.x.a.c.d.o']
10-14 03:45:48.262 29897 29897 I KOIN    : [definition] declare Single [name='local',class='f.m.a.x.a.c.d.o']
10-14 03:45:48.262 29897 29897 I KOIN    : [definition] declare Single [name='c',class='f.m.a.x.a.c.a.c']
10-14 03:45:48.262 29897 29897 I KOIN    : [definition] declare Single [name='a',class='f.m.a.x.a.c.a.a']
10-14 03:45:48.277 29897 29897 I KOIN    : [definition] declare Factory [name='a',class='f.m.a.x.b.a.c.a']
10-14 03:45:48.277 29897 29897 I KOIN    : [definition] declare Factory [name='b',class='f.m.a.x.b.a.c.b']
10-14 03:45:48.277 29897 29897 I KOIN    : [definition] declare Factory [name='a',class='f.m.a.x.b.a.a.a']
10-14 03:45:48.277 29897 29897 I KOIN    : [definition] declare Factory [name='b',class='f.m.a.x.b.a.b.b']
10-14 03:45:48.277 29897 29897 I KOIN    : [definition] declare Factory [name='a',class='f.m.a.x.b.a.b.a']
10-14 03:45:48.277 29897 29897 I KOIN    : [definition] declare Single [name='f',class='f.m.a.x.b.a.d.f']
10-14 03:45:48.277 29897 29897 I KOIN    : [definition] declare Factory [name='k',class='f.m.a.x.b.c.f.k']
10-14 03:45:48.277 29897 29897 I KOIN    : [definition] declare Factory [name='p',class='f.m.a.x.b.c.f.p']
10-14 03:45:48.278 29897 29897 I KOIN    : [definition] declare Factory [name='CheckReportItemUseCase',class='com.locnall.KimGiSa.renewal.domain.usecase.report.CheckReportItemUseCase']
10-14 03:45:48.278 29897 29897 I KOIN    : [definition] declare Factory [name='d',class='f.m.a.x.b.c.f.d']
10-14 03:45:48.278 29897 29897 I KOIN    : [definition] declare Factory [name='m',class='f.m.a.x.b.c.f.m']
10-14 03:45:48.278 29897 29897 I KOIN    : [definition] declare Factory [name='f',class='f.m.a.x.b.c.f.f']
10-14 03:45:48.278 29897 29897 I KOIN    : [definition] declare Factory [name='e',class='f.m.a.x.b.c.f.e']
10-14 03:45:48.278 29897 29897 I KOIN    : [definition] declare Factory [name='o',class='f.m.a.x.b.c.f.o']
10-14 03:45:48.278 29897 29897 I KOIN    : [definition] declare Factory [name='b',class='f.m.a.x.b.c.g.b.b']
10-14 03:45:48.278 29897 29897 I KOIN    : [definition] declare Factory [name='g',class='f.m.a.x.b.c.g.b.g']
10-14 03:45:48.278 29897 29897 I KOIN    : [definition] declare Factory [name='m',class='f.m.a.x.b.c.g.b.m']
10-14 03:45:48.278 29897 29897 I KOIN    : [definition] declare Factory [name='j',class='f.m.a.x.b.c.g.b.j']
10-14 03:45:48.278 29897 29897 I KOIN    : [definition] declare Factory [name='f',class='f.m.a.x.b.c.g.b.f']
10-14 03:45:48.278 29897 29897 I KOIN    : [definition] declare Factory [name='d',class='f.m.a.x.b.c.g.b.d']
10-14 03:45:48.278 29897 29897 I KOIN    : [definition] declare Factory [name='q',class='f.m.a.x.b.c.g.b.q']
10-14 03:45:48.278 29897 29897 I KOIN    : [definition] declare Factory [name='o',class='f.m.a.x.b.c.g.b.o']
10-14 03:45:48.279 29897 29897 I KOIN    : [definition] declare Factory [name='CreateBlackBoxRecordSizeListUseCase',class='com.locnall.KimGiSa.renewal.domain.usecase.setting.blackbox.CreateBlackBoxRecordSizeListUseCase']
10-14 03:45:48.279 29897 29897 I KOIN    : [definition] declare Factory [name='u',class='f.m.a.x.b.c.g.a.u']
10-14 03:45:48.279 29897 29897 I KOIN    : [definition] declare Factory [name='o',class='f.m.a.x.b.c.g.a.o']
10-14 03:45:48.279 29897 29897 I KOIN    : [definition] declare Factory [name='G',class='f.m.a.x.b.c.g.a.G']
10-14 03:45:48.279 29897 29897 I KOIN    : [definition] declare Factory [name='h',class='f.m.a.x.b.c.g.a.h']
10-14 03:45:48.279 29897 29897 I KOIN    : [definition] declare Factory [name='A',class='f.m.a.x.b.c.g.a.A']
10-14 03:45:48.279 29897 29897 I KOIN    : [definition] declare Factory [name='f',class='f.m.a.x.b.c.g.a.f']
10-14 03:45:48.279 29897 29897 I KOIN    : [definition] declare Factory [name='w',class='f.m.a.x.b.c.g.a.w']
10-14 03:45:48.279 29897 29897 I KOIN    : [definition] declare Factory [name='c',class='f.m.a.x.b.c.g.a.c']
10-14 03:45:48.279 29897 29897 I KOIN    : [definition] declare Factory [name='g',class='f.m.a.x.b.c.g.a.g']
10-14 03:45:48.279 29897 29897 I KOIN    : [definition] declare Factory [name='y',class='f.m.a.x.b.c.g.a.y']
10-14 03:45:48.279 29897 29897 I KOIN    : [definition] declare Factory [name='s',class='f.m.a.x.b.c.g.a.s']
10-14 03:45:48.279 29897 29897 I KOIN    : [definition] declare Factory [name='k',class='f.m.a.x.b.c.g.a.k']
10-14 03:45:48.279 29897 29897 I KOIN    : [definition] declare Factory [name='E',class='f.m.a.x.b.c.g.a.E']
10-14 03:45:48.279 29897 29897 I KOIN    : [definition] declare Factory [name='j',class='f.m.a.x.b.c.g.a.j']
10-14 03:45:48.280 29897 29897 I KOIN    : [definition] declare Factory [name='C',class='f.m.a.x.b.c.g.a.C']
10-14 03:45:48.280 29897 29897 I KOIN    : [definition] declare Factory [name='m',class='f.m.a.x.b.c.g.a.m']
10-14 03:45:48.280 29897 29897 I KOIN    : [definition] declare Factory [name='q',class='f.m.a.x.b.c.g.a.q']
10-14 03:45:48.280 29897 29897 I KOIN    : [definition] declare Factory [name='m',class='f.m.a.x.b.c.d.m']
10-14 03:45:48.280 29897 29897 I KOIN    : [definition] declare Factory [name='p',class='f.m.a.x.b.c.d.p']
10-14 03:45:48.280 29897 29897 I KOIN    : [definition] declare Factory [name='q',class='f.m.a.x.b.c.b.q']
10-14 03:45:48.280 29897 29897 I KOIN    : [definition] declare Factory [name='a',class='f.m.a.x.b.c.b.a']
10-14 03:45:48.280 29897 29897 I KOIN    : [definition] declare Factory [name='r',class='f.m.a.x.b.c.b.r']
10-14 03:45:48.280 29897 29897 I KOIN    : [definition] declare Factory [name='g',class='f.m.a.x.b.c.b.g']
10-14 03:45:48.280 29897 29897 I KOIN    : [definition] declare Factory [name='l',class='f.m.a.x.b.c.e.l']
10-14 03:45:48.280 29897 29897 I KOIN    : [definition] declare Factory [name='d',class='f.m.a.x.b.c.e.d']
10-14 03:45:48.280 29897 29897 I KOIN    : [definition] declare Factory [name='o',class='f.m.a.x.b.c.e.o']
10-14 03:45:48.280 29897 29897 I KOIN    : [definition] declare Factory [name='f',class='f.m.a.x.b.c.e.f']
10-14 03:45:48.280 29897 29897 I KOIN    : [definition] declare Factory [name='i',class='f.m.a.x.b.c.e.i']
10-14 03:45:48.281 29897 29897 I KOIN    : [definition] declare Factory [name='a',class='f.m.a.x.b.c.e.a']
10-14 03:45:48.281 29897 29897 I KOIN    : [definition] declare Factory [name='k',class='f.m.a.x.b.c.e.k']
10-14 03:45:48.281 29897 29897 I KOIN    : [definition] declare Factory [name='c',class='f.m.a.x.b.c.e.c']
10-14 03:45:48.281 29897 29897 I KOIN    : [definition] declare Factory [name='j',class='f.m.a.x.b.c.e.j']
10-14 03:45:48.281 29897 29897 I KOIN    : [definition] declare Factory [name='b',class='f.m.a.x.b.c.e.b']
10-14 03:45:48.281 29897 29897 I KOIN    : [definition] declare Factory [name='m',class='f.m.a.x.b.c.e.m']
10-14 03:45:48.281 29897 29897 I KOIN    : [definition] declare Factory [name='e',class='f.m.a.x.b.c.e.e']
10-14 03:45:48.281 29897 29897 I KOIN    : [definition] declare Factory [name='n',class='f.m.a.x.b.c.e.n']
10-14 03:45:48.281 29897 29897 I KOIN    : [definition] declare Factory [name='q',class='f.m.a.x.b.c.e.q']
10-14 03:45:48.281 29897 29897 I KOIN    : [definition] declare Factory [name='h',class='f.m.a.x.b.c.e.h']
10-14 03:45:48.281 29897 29897 I KOIN    : [definition] declare Factory [name='p',class='f.m.a.x.b.c.e.p']
10-14 03:45:48.281 29897 29897 I KOIN    : [definition] declare Factory [name='p',class='f.m.a.x.b.c.b.p']
10-14 03:45:48.281 29897 29897 I KOIN    : [definition] declare Factory [name='o',class='f.m.a.x.b.c.b.o']
10-14 03:45:48.281 29897 29897 I KOIN    : [definition] declare Factory [name='m',class='f.m.a.x.b.c.b.m']
10-14 03:45:48.282 29897 29897 I KOIN    : [definition] declare Factory [name='j',class='f.m.a.x.b.c.b.j']
10-14 03:45:48.282 29897 29897 I KOIN    : [definition] declare Factory [name='l',class='f.m.a.x.b.c.b.l']
10-14 03:45:48.282 29897 29897 I KOIN    : [definition] declare Factory [name='k',class='f.m.a.x.b.c.b.k']
10-14 03:45:48.282 29897 29897 I KOIN    : [definition] declare Factory [name='n',class='f.m.a.x.b.c.b.n']
10-14 03:45:48.282 29897 29897 I KOIN    : [definition] declare Factory [name='i',class='f.m.a.x.b.c.b.i']
10-14 03:45:48.282 29897 29897 I KOIN    : [definition] declare Factory [name='f',class='f.m.a.x.b.c.b.f']
10-14 03:45:48.282 29897 29897 I KOIN    : [definition] declare Factory [name='d',class='f.m.a.x.b.c.b.d']
10-14 03:45:48.282 29897 29897 I KOIN    : [definition] declare Factory [name='t',class='f.m.a.x.b.c.b.t']
10-14 03:45:48.282 29897 29897 I KOIN    : [definition] declare Factory [name='e',class='f.m.a.x.b.c.b.e']
10-14 03:45:48.282 29897 29897 I KOIN    : [definition] declare Factory [name='s',class='f.m.a.x.b.c.b.s']
10-14 03:45:48.282 29897 29897 I KOIN    : [definition] declare Factory [name='u',class='f.m.a.x.b.c.b.u']
10-14 03:45:48.282 29897 29897 I KOIN    : [definition] declare Factory [name='w',class='f.m.a.x.b.c.b.w']
10-14 03:45:48.282 29897 29897 I KOIN    : [definition] declare Factory [name='v',class='f.m.a.x.b.c.b.v']
10-14 03:45:48.282 29897 29897 I KOIN    : [definition] declare Factory [name='c',class='f.m.a.x.b.c.b.c']
10-14 03:45:48.283 29897 29897 I KOIN    : [definition] declare Factory [name='h',class='f.m.a.x.b.c.b.h']
10-14 03:45:48.283 29897 29897 I KOIN    : [definition] declare Factory [name='a',class='f.m.a.x.b.c.c.a']
10-14 03:45:48.283 29897 29897 I KOIN    : [definition] declare Factory [name='c',class='f.m.a.x.b.c.c.c']
10-14 03:45:48.283 29897 29897 I KOIN    : [definition] declare Factory [name='b',class='f.m.a.x.b.c.c.b']
10-14 03:45:48.283 29897 29897 I KOIN    : [definition] declare Factory [name='d',class='f.m.a.x.b.c.c.d']
10-14 03:45:48.283 29897 29897 I KOIN    : [definition] declare Factory [name='d',class='f.m.a.x.b.c.g.d']
10-14 03:45:48.283 29897 29897 I KOIN    : [definition] declare Factory [name='G',class='f.m.a.x.b.c.g.G']
10-14 03:45:48.283 29897 29897 I KOIN    : [definition] declare Factory [name='f',class='f.m.a.x.b.c.g.f']
10-14 03:45:48.283 29897 29897 I KOIN    : [definition] declare Factory [name='h',class='f.m.a.x.b.c.g.h']
10-14 03:45:48.283 29897 29897 I KOIN    : [definition] declare Factory [name='j',class='f.m.a.x.b.c.g.j']
10-14 03:45:48.283 29897 29897 I KOIN    : [definition] declare Factory [name='l',class='f.m.a.x.b.c.g.l']
10-14 03:45:48.283 29897 29897 I KOIN    : [definition] declare Factory [name='p',class='f.m.a.x.b.c.g.p']
10-14 03:45:48.283 29897 29897 I KOIN    : [definition] declare Factory [name='K',class='f.m.a.x.b.c.g.K']
10-14 03:45:48.283 29897 29897 I KOIN    : [definition] declare Factory [name='Z',class='f.m.a.x.b.c.g.Z']
10-14 03:45:48.284 29897 29897 I KOIN    : [definition] declare Factory [name='r',class='f.m.a.x.b.c.g.r']
10-14 03:45:48.284 29897 29897 I KOIN    : [definition] declare Factory [name='t',class='f.m.a.x.b.c.g.t']
10-14 03:45:48.284 29897 29897 I KOIN    : [definition] declare Factory [name='x',class='f.m.a.x.b.c.g.x']
10-14 03:45:48.284 29897 29897 I KOIN    : [definition] declare Factory [name='z',class='f.m.a.x.b.c.g.z']
10-14 03:45:48.284 29897 29897 I KOIN    : [definition] declare Factory [name='n',class='f.m.a.x.b.c.g.n']
10-14 03:45:48.284 29897 29897 I KOIN    : [definition] declare Factory [name='E',class='f.m.a.x.b.c.g.E']
10-14 03:45:48.284 29897 29897 I KOIN    : [definition] declare Factory [name='M',class='f.m.a.x.b.c.g.M']
10-14 03:45:48.284 29897 29897 I KOIN    : [definition] declare Factory [name='Q',class='f.m.a.x.b.c.g.Q']
10-14 03:45:48.284 29897 29897 I KOIN    : [definition] declare Factory [name='I',class='f.m.a.x.b.c.g.I']
10-14 03:45:48.284 29897 29897 I KOIN    : [definition] declare Factory [name='X',class='f.m.a.x.b.c.g.X']
10-14 03:45:48.284 29897 29897 I KOIN    : [definition] declare Factory [name='v',class='f.m.a.x.b.c.g.v']
10-14 03:45:48.284 29897 29897 I KOIN    : [definition] declare Factory [name='V',class='f.m.a.x.b.c.g.V']
10-14 03:45:48.284 29897 29897 I KOIN    : [definition] declare Factory [name='b',class='f.m.a.x.b.c.g.b']
10-14 03:45:48.284 29897 29897 I KOIN    : [definition] declare Factory [name='T',class='f.m.a.x.b.c.g.T']
10-14 03:45:48.285 29897 29897 I KOIN    : [definition] declare Factory [name='f',class='f.m.a.x.b.c.d.f']
10-14 03:45:48.285 29897 29897 I KOIN    : [definition] declare Factory [name='g',class='f.m.a.x.b.c.d.g']
10-14 03:45:48.285 29897 29897 I KOIN    : [definition] declare Factory [name='h',class='f.m.a.x.b.c.d.h']
10-14 03:45:48.285 29897 29897 I KOIN    : [definition] declare Factory [name='i',class='f.m.a.x.b.c.d.i']
10-14 03:45:48.285 29897 29897 I KOIN    : [definition] declare Factory [name='j',class='f.m.a.x.b.c.d.j']
10-14 03:45:48.285 29897 29897 I KOIN    : [definition] declare Factory [name='k',class='f.m.a.x.b.c.d.k']
10-14 03:45:48.285 29897 29897 I KOIN    : [definition] declare Factory [name='d',class='f.m.a.x.b.c.d.d']
10-14 03:45:48.285 29897 29897 I KOIN    : [definition] declare Factory [name='c',class='f.m.a.x.b.c.d.c']
10-14 03:45:48.285 29897 29897 I KOIN    : [definition] declare Factory [name='e',class='f.m.a.x.b.c.d.e']
10-14 03:45:48.285 29897 29897 I KOIN    : [definition] declare Factory [name='b',class='f.m.a.x.b.c.d.b']
10-14 03:45:48.285 29897 29897 I KOIN    : [definition] declare Factory [name='n',class='f.m.a.x.b.c.d.n']
10-14 03:45:48.285 29897 29897 I KOIN    : [definition] declare Factory [name='o',class='f.m.a.x.b.c.d.o']
10-14 03:45:48.285 29897 29897 I KOIN    : [definition] declare Factory [name='a',class='f.m.a.x.b.c.d.a']
10-14 03:45:48.286 29897 29897 I KOIN    : [definition] declare Single [name='aa',class='f.m.a.x.b.c.g.aa']
10-14 03:45:48.286 29897 29897 I KOIN    : [definition] declare Factory [name='a',class='f.m.a.x.b.c.a.a']
10-14 03:45:48.286 29897 29897 I KOIN    : [definition] declare Factory [name='b',class='f.m.a.x.b.c.a.b']
10-14 03:45:48.286 29897 29897 I KOIN    : [definition] declare Factory [name='A',class='f.m.a.x.b.c.g.A']
10-14 03:45:48.286 29897 29897 I KOIN    : [definition] declare Factory [name='C',class='f.m.a.x.b.c.g.C']
10-14 03:45:48.286 29897 29897 I KOIN    : [definition] declare Factory [name='O',class='f.m.a.x.b.c.g.O']
10-14 03:45:48.289 29897 29897 I KOIN    : [definition] declare Factory [name='a',class='f.m.a.x.d.d.c.a']
10-14 03:45:48.289 29897 29897 I KOIN    : [definition] declare Factory [name='e',class='f.m.a.x.d.d.a.e']
10-14 03:45:48.289 29897 29897 I KOIN    : [definition] declare Factory [name='c',class='f.m.a.x.d.d.a.c']
10-14 03:45:48.290 29897 29897 I KOIN    : [definition] declare Factory [name='a',class='f.m.a.x.d.d.a.a']
10-14 03:45:48.290 29897 29897 I KOIN    : [definition] declare Factory [name='b',class='f.m.a.x.d.d.a.b']
10-14 03:45:48.290 29897 29897 I KOIN    : [definition] declare Factory [name='d',class='f.m.a.x.d.d.a.d']
10-14 03:45:48.290 29897 29897 I KOIN    : [definition] declare Factory [name='a',class='f.m.a.x.d.d.b.a.a']
10-14 03:45:48.290 29897 29897 I KOIN    : [definition] declare Factory [name='a',class='f.m.a.x.d.d.d.a']
10-14 03:45:48.290 29897 29897 I KOIN    : [definition] declare Factory [name='x',class='f.m.a.x.d.g.x']
10-14 03:45:48.290 29897 29897 I KOIN    : [definition] declare Factory [name='B',class='f.m.a.x.d.g.B']
10-14 03:45:48.290 29897 29897 I KOIN    : [definition] declare Factory [name='m',class='f.m.a.x.d.g.m']
10-14 03:45:48.290 29897 29897 I KOIN    : [definition] declare Factory [name='q',class='f.m.a.x.d.g.b.q']
10-14 03:45:48.290 29897 29897 I KOIN    : [definition] declare Factory [name='a',class='f.m.a.x.d.g.a.a']
10-14 03:45:48.290 29897 29897 I KOIN    : [definition] declare Factory [name='t',class='f.m.a.x.d.g.t']
10-14 03:45:48.290 29897 29897 I KOIN    : [definition] declare Factory [name='H',class='f.m.a.x.d.g.H']
10-14 03:45:48.290 29897 29897 I KOIN    : [definition] declare Factory [name='l',class='f.m.a.x.d.g.b.l']
10-14 03:45:48.291 29897 29897 I KOIN    : [definition] declare Factory [name='o',class='f.m.a.x.d.g.o']
10-14 03:45:48.291 29897 29897 I KOIN    : [definition] declare Factory [name='a',class='f.m.a.x.d.g.b.a']
10-14 03:45:48.291 29897 29897 I KOIN    : [definition] declare Factory [name='L',class='f.m.a.x.d.g.c.L']
10-14 03:45:48.291 29897 29897 I KOIN    : [definition] declare Factory [name='v',class='f.m.a.x.d.g.c.v']
10-14 03:45:48.291 29897 29897 I KOIN    : [definition] declare Factory [name='p',class='f.m.a.x.d.g.c.p']
10-14 03:45:48.291 29897 29897 I KOIN    : [definition] declare Factory [name='e',class='f.m.a.x.d.g.c.e']
10-14 03:45:48.291 29897 29897 I KOIN    : [definition] declare Factory [name='O',class='f.m.a.x.d.g.c.O']
10-14 03:45:48.291 29897 29897 I KOIN    : [definition] declare Factory [name='G',class='f.m.a.x.d.g.c.G']
10-14 03:45:48.291 29897 29897 I KOIN    : [definition] declare Factory [name='n',class='f.m.a.x.d.g.c.n']
10-14 03:45:48.291 29897 29897 I KOIN    : [definition] declare Factory [name='l',class='f.m.a.x.d.g.c.l']
10-14 03:45:48.291 29897 29897 I KOIN    : [definition] declare Factory [name='h',class='f.m.a.x.d.g.h']
10-14 03:45:48.291 29897 29897 I KOIN    : [definition] declare Factory [name='b',class='f.m.a.x.d.g.b']
10-14 03:45:48.292 29897 29897 I KOIN    : [definition] declare Single [name='BaseLogger',class='com.locnall.KimGiSa.analytics.BaseLogger']
10-14 03:45:48.292 29897 29897 I KOIN    : [definition] declare Single [name='AppsFlyerLogger',class='com.locnall.KimGiSa.analytics.appsflyer.AppsFlyerLogger']
10-14 03:45:48.293 29897 29897 I KOIN    : [definition] declare Factory [name='d',class='f.m.a.m.l.d']
10-14 03:45:48.293 29897 29897 I KOIN    : [definition] declare Single [name='c',class='f.m.a.m.i.c']
10-14 03:45:48.293 29897 29897 I KOIN    : [definition] declare Factory [name='a',class='f.m.a.m.l.a.a']
10-14 03:45:48.293 29897 29897 I KOIN    : [definition] declare Factory [name='e',class='f.m.a.m.l.a.e']
10-14 03:45:48.293 29897 29897 I KOIN    : [definition] declare Single [name='NAVI',class='f.m.b.b.b.b']
10-14 03:45:48.294 29897 29897 I KOIN    : [definition] declare Factory [name='NAVI',class='f.m.a.m.l.n']
10-14 03:45:48.295 29897 29897 I KOIN    : [definition] declare Single [name='m',class='f.m.a.m.m.m']
10-14 03:45:48.295 29897 29897 I KOIN    : [definition] declare Factory [name='p',class='f.m.a.m.m.p']
10-14 03:45:48.295 29897 29897 I KOIN    : [definition] declare Factory [name='a',class='f.m.a.m.m.a']
10-14 03:45:48.295 29897 29897 I KOIN    : [definition] declare Factory [name='a',class='f.m.a.m.k.a']
10-14 03:45:48.295 29897 29897 I KOIN    : [definition] declare Factory [name='b',class='f.m.a.m.m.b']
10-14 03:45:48.295 29897 29897 I KOIN    : [definition] declare Single [name='g',class='f.m.a.m.m.g']
10-14 03:45:48.295 29897 29897 I KOIN    : [definition] declare Factory [name='o',class='f.m.a.m.m.o']
10-14 03:45:48.300 29897 29897 I KOIN    : [definition] declare Factory [name='NaviViewModel',class='com.locnall.KimGiSa.drive.viewmodel.NaviViewModel']
10-14 03:45:48.300 29897 29897 I KOIN    : [definition] declare Factory [name='E',class='f.m.a.m.p.E']
10-14 03:45:48.300 29897 29897 I KOIN    : [definition] declare Factory [name='HighWayViewModel',class='com.locnall.KimGiSa.drive.viewmodel.HighWayViewModel']
10-14 03:45:48.300 29897 29897 I KOIN    : [definition] declare Factory [name='n',class='f.m.a.m.p.n']
10-14 03:45:48.300 29897 29897 I KOIN    : [definition] declare Factory [name='P',class='f.m.a.m.p.P']
10-14 03:45:48.300 29897 29897 I KOIN    : [definition] declare Factory [name='da',class='f.m.a.m.p.da']
10-14 03:45:48.300 29897 29897 I KOIN    : [definition] declare Factory [name='Y',class='f.m.a.m.p.Y']
10-14 03:45:48.300 29897 29897 I KOIN    : [definition] declare Factory [name='ba',class='f.m.a.m.p.ba']
10-14 03:45:48.300 29897 29897 I KOIN    : [definition] declare Factory [name='ca',class='f.m.a.m.p.ca']
10-14 03:45:48.300 29897 29897 I KOIN    : [definition] declare Factory [name='q',class='f.m.a.m.p.q']
10-14 03:45:48.300 29897 29897 I KOIN    : [definition] declare Factory [name='ea',class='f.m.a.m.p.ea']
10-14 03:45:48.300 29897 29897 I KOIN    : [definition] declare Factory [name='i',class='f.m.a.m.p.i']
10-14 03:45:48.301 29897 29897 I KOIN    : [definition] declare Factory [name='BottomViewModel',class='com.locnall.KimGiSa.drive.viewmodel.BottomViewModel']
10-14 03:45:48.301 29897 29897 I KOIN    : [definition] declare Factory [name='InfoViewModel',class='com.locnall.KimGiSa.drive.viewmodel.InfoViewModel']
10-14 03:45:48.301 29897 29897 I KOIN    : [definition] declare Factory [name='RecommendInfoViewModel',class='com.locnall.KimGiSa.drive.viewmodel.RecommendInfoViewModel']
10-14 03:45:48.301 29897 29897 I KOIN    : [definition] declare Factory [name='l',class='f.m.a.m.p.l']
10-14 03:45:48.301 29897 29897 I KOIN    : [definition] declare Factory [name='h',class='f.m.a.m.p.h']
10-14 03:45:48.301 29897 29897 I KOIN    : [definition] declare Factory [name='m',class='f.m.a.m.p.m']
10-14 03:45:48.301 29897 29897 I KOIN    : [definition] declare Factory [name='AroundInfoContainerViewModel',class='com.locnall.KimGiSa.drive.viewmodel.AroundInfoContainerViewModel']
10-14 03:45:48.301 29897 29897 I KOIN    : [definition] declare Factory [name='d',class='f.m.a.m.p.d']
10-14 03:45:48.301 29897 29897 I KOIN    : [definition] declare Factory [name='e',class='f.m.a.m.p.e']
10-14 03:45:48.301 29897 29897 I KOIN    : [definition] declare Factory [name='c',class='f.m.a.m.p.c']
10-14 03:45:48.301 29897 29897 I KOIN    : [definition] declare Factory [name='f',class='f.m.a.m.p.f']
10-14 03:45:48.302 29897 29897 I KOIN    : [definition] declare Factory [name='g',class='f.m.a.m.p.g']
10-14 03:45:48.302 29897 29897 I KOIN    : [definition] declare Factory [name='A',class='f.m.a.m.p.A']
10-14 03:45:48.302 29897 29897 I KOIN    : [definition] declare Factory [name='s',class='f.m.a.m.p.s']
10-14 03:45:48.302 29897 29897 I KOIN    : [definition] declare Factory [name='o',class='f.m.a.m.p.o']
10-14 03:45:48.302 29897 29897 I KOIN    : [definition] declare Factory [name='V',class='f.m.a.m.p.V']
10-14 03:45:48.302 29897 29897 I KOIN    : [definition] declare Factory [name='X',class='f.m.a.m.p.X']
10-14 03:45:48.302 29897 29897 I KOIN    : [definition] declare Factory [name='HudViewModel',class='com.locnall.KimGiSa.drive.viewmodel.HudViewModel']
10-14 03:45:48.302 29897 29897 I KOIN    : [definition] declare Factory [name='a',class='f.m.a.m.p.a']
10-14 03:45:48.302 29897 29897 I KOIN    : [definition] declare Factory [name='B',class='f.m.a.m.p.B']
10-14 03:45:48.302 29897 29897 I KOIN    : [definition] declare Factory [name='ia',class='f.m.a.m.p.ia']
10-14 03:45:48.302 29897 29897 I KOIN    : [definition] declare Factory [name='x',class='f.m.a.m.p.x']
10-14 03:45:48.302 29897 29897 I KOIN    : [definition] declare Factory [name='G',class='f.m.a.m.p.G']
10-14 03:45:48.302 29897 29897 I KOIN    : [definition] declare Factory [name='W',class='f.m.a.m.p.W']
10-14 03:45:48.302 29897 29897 I KOIN    : [definition] declare Factory [name='z',class='f.m.a.m.p.z']
10-14 03:45:48.302 29897 29897 I KOIN    : [definition] declare Factory [name='ha',class='f.m.a.m.p.ha']
10-14 03:45:48.302 29897 29897 I KOIN    : [definition] declare Factory [name='EmergencyViewModel',class='com.locnall.KimGiSa.drive.viewmodel.EmergencyViewModel']
10-14 03:45:48.303 29897 29897 I KOIN    : [definition] declare Factory [name='b',class='f.m.a.y.b']
10-14 03:45:48.303 29897 29897 I KOIN    : [definition] declare Single [name='AA_NAVI',class='f.m.b.b.b.b']
10-14 03:45:48.303 29897 29897 I KOIN    : [definition] declare Factory [name='AA_NAVI',class='f.m.a.m.l.n']
10-14 03:45:48.303 29897 29897 I KOIN    : [definition] declare Single [name='AaLogger',class='com.locnall.KimGiSa.analytics.AaLogger']
10-14 03:45:48.303 29897 29897 I KOIN    : [modules] loaded 273 definitions
10-14 03:45:48.303 29897 29897 I KOIN    : [modules] loaded in 63.415459 ms
10-14 03:45:48.303 29897 29897 I KOIN    : [init] declare Android Context
10-14 03:45:48.304 29897 29897 I KOIN    : [definition] declare Single [class='android.content.Context']
10-14 03:45:48.304 29897 29897 I KOIN    : [definition] declare Single [class='android.app.Application']
10-14 03:45:48.338 29897 29936 I FA      : App measurement initialized, version: 29000
10-14 03:45:48.338 29897 29936 I FA      : To enable debug logging run: adb shell setprop log.tag.FA VERBOSE
10-14 03:45:48.338 29897 29936 I FA      : To enable faster debug mode event logging run:
10-14 03:45:48.338 29897 29936 I FA      :   adb shell setprop debug.firebase.analytics.app com.locnall.KimGiSa
10-14 03:45:48.778 29897 29897 I KOIN    : +-- 'f.m.a.h.e'
10-14 03:45:48.781 29897 29897 I KOIN    : |	+-- 'android.content.Context'
10-14 03:45:48.783 29897 29897 I KOIN    : |	\-- (*) Created
10-14 03:45:48.784 29897 29897 I KOIN    : \-- (*) Created
10-14 03:45:48.902  2953 27918 D BluetoothManagerService: Trying to bind to profile: 1, while Bluetooth was disabled
10-14 03:45:48.936 29897 29897 D LibraryLoader: initializeLibrary() - libName:dialoid-apklib
10-14 03:45:48.939  2783  3208 E AmFFmpegExtractor: codec_ctx->properties：0
10-14 03:45:48.939  2783  2783 E AmFFmpegExtractor: codec_ctx->properties：0
10-14 03:45:48.951  2783  3208 E exFFmpeg: [wav @ 0xe4093400] EOF Found
10-14 03:45:48.951  2783  3208 E AmFFmpegExtractor: codec_ctx->properties：0
10-14 03:45:48.951  2783  3208 E AmFFmpegExtractor: vendor do not support
10-14 03:45:48.954  2783  2783 E exFFmpeg: [wav @ 0xe7568600] EOF Found
10-14 03:45:48.954  2783  2783 E AmFFmpegExtractor: codec_ctx->properties：0
10-14 03:45:48.954  2783  2783 E AmFFmpegExtractor: vendor do not support
10-14 03:45:48.954 29897 29984 I AmAVUtils: set profile 1668446539 level:0
10-14 03:45:48.956 29897 29982 I AmAVUtils: set profile 1668446539 level:0
10-14 03:45:48.958 29897 29986 I OMXClient: IOmx service obtained
10-14 03:45:48.958 29897 29985 I OMXClient: IOmx service obtained
10-14 03:45:48.959  2789  2857 I OMXMaster: makeComponentInstance(OMX.google.raw.decoder) in omx@1.0-service process
10-14 03:45:48.959  2789  3349 I OMXMaster: makeComponentInstance(OMX.google.raw.decoder) in omx@1.0-service process
10-14 03:45:48.961 29897 29986 I AmAVUtils: AmAVUtils::getComponentRole isEncoder :0 mime:audio/raw 
10-14 03:45:48.961 29897 29986 V AVUtils : AVUtils::getComponentRole
10-14 03:45:48.961 29897 29985 I AmAVUtils: AmAVUtils::getComponentRole isEncoder :0 mime:audio/raw 
10-14 03:45:48.961 29897 29985 V AVUtils : AVUtils::getComponentRole
10-14 03:45:48.962 29897 29985 I AmAVUtils: AmAVUtils::isAudioExtendFormat input = audio/raw
10-14 03:45:48.962  2789  3349 E OMXNodeInstance: getConfig(0xe78a7ba0:google.raw.decoder, ConfigAndroidVendorExtension(0x6f100004)) ERROR: Undefined(0x80001001)
10-14 03:45:48.963 29897 29986 I AmAVUtils: AmAVUtils::isAudioExtendFormat input = audio/raw
10-14 03:45:48.963  2789  2789 E OMXNodeInstance: getConfig(0xe741a000:google.raw.decoder, ConfigAndroidVendorExtension(0x6f100004)) ERROR: Undefined(0x80001001)
10-14 03:45:48.964  2746  2746 W AshmemAllocator: ashmem_create_region(65536) returning hidl_memory(0xf1298180, 65536)
10-14 03:45:48.973  2746  2746 I chatty  : uid=1000(system) allocator@1.0-s identical 14 lines
10-14 03:45:48.974  2746  2746 W AshmemAllocator: ashmem_create_region(65536) returning hidl_memory(0xf1298180, 65536)
10-14 03:45:48.975  2783  2783 D MediaBufferGroup: creating MemoryDealer
10-14 03:45:48.975  2783 29289 D MediaBufferGroup: creating MemoryDealer
10-14 03:45:49.001  2783  2783 E AmFFmpegExtractor: codec_ctx->properties：0
10-14 03:45:49.005  2783  6427 E AmFFmpegExtractor: codec_ctx->properties：0
10-14 03:45:49.015  2783  2783 E exFFmpeg: [wav @ 0xe7568600] EOF Found
10-14 03:45:49.015  2783  2783 E AmFFmpegExtractor: codec_ctx->properties：0
10-14 03:45:49.015  2783  2783 E AmFFmpegExtractor: vendor do not support
10-14 03:45:49.017 29897 29984 I AmAVUtils: set profile 1668446539 level:0
10-14 03:45:49.019 29897 30003 I OMXClient: IOmx service obtained
10-14 03:45:49.020  2789  2857 I OMXMaster: makeComponentInstance(OMX.google.raw.decoder) in omx@1.0-service process
10-14 03:45:49.021 29897 30003 I AmAVUtils: AmAVUtils::getComponentRole isEncoder :0 mime:audio/raw 
10-14 03:45:49.021 29897 30003 V AVUtils : AVUtils::getComponentRole
10-14 03:45:49.022  2783  6427 E exFFmpeg: [wav @ 0xe5a78800] EOF Found
10-14 03:45:49.022  2783  6427 E AmFFmpegExtractor: codec_ctx->properties：0
10-14 03:45:49.022  2783  6427 E AmFFmpegExtractor: vendor do not support
10-14 03:45:49.022 29897 30003 I AmAVUtils: AmAVUtils::isAudioExtendFormat input = audio/raw
10-14 03:45:49.022  2789  2857 E OMXNodeInstance: getConfig(0xe78a7ba0:google.raw.decoder, ConfigAndroidVendorExtension(0x6f100004)) ERROR: Undefined(0x80001001)
10-14 03:45:49.029  2746  2746 W AshmemAllocator: ashmem_create_region(65536) returning hidl_memory(0xf1298180, 65536)
10-14 03:45:49.032 29897 29982 I AmAVUtils: set profile 1668446539 level:0
10-14 03:45:49.033  2746  2746 W AshmemAllocator: ashmem_create_region(65536) returning hidl_memory(0xf1298180, 65536)
10-14 03:45:49.036  2746  2746 I chatty  : uid=1000(system) allocator@1.0-s identical 4 lines
10-14 03:45:49.036  2746  2746 W AshmemAllocator: ashmem_create_region(65536) returning hidl_memory(0xf1298180, 65536)
10-14 03:45:49.037 29897 30008 I OMXClient: IOmx service obtained
10-14 03:45:49.037  2746  2746 W AshmemAllocator: ashmem_create_region(65536) returning hidl_memory(0xf1298180, 65536)
10-14 03:45:49.037  2789  2857 I OMXMaster: makeComponentInstance(OMX.google.raw.decoder) in omx@1.0-service process
10-14 03:45:49.038  2783  2783 D MediaBufferGroup: creating MemoryDealer
10-14 03:45:49.038 29897 30008 I AmAVUtils: AmAVUtils::getComponentRole isEncoder :0 mime:audio/raw 
10-14 03:45:49.038 29897 30008 V AVUtils : AVUtils::getComponentRole
10-14 03:45:49.039 29897 30008 I AmAVUtils: AmAVUtils::isAudioExtendFormat input = audio/raw
10-14 03:45:49.039  2789  2857 E OMXNodeInstance: getConfig(0xe78a7e40:google.raw.decoder, ConfigAndroidVendorExtension(0x6f100004)) ERROR: Undefined(0x80001001)
10-14 03:45:49.043  2746  2746 W AshmemAllocator: ashmem_create_region(65536) returning hidl_memory(0xf1298180, 65536)
10-14 03:45:49.052  2746  2746 I chatty  : uid=1000(system) allocator@1.0-s identical 6 lines
10-14 03:45:49.053  2746  2746 W AshmemAllocator: ashmem_create_region(65536) returning hidl_memory(0xf1298180, 65536)
10-14 03:45:49.054  2783  2783 D MediaBufferGroup: creating MemoryDealer
10-14 03:45:49.054 29897 29897 I CrashlyticsCore: Initializing Crashlytics Core 2.7.0.33
10-14 03:45:49.060 29897 30010 W locnall.KimGiS: Unknown chunk type '200'.
