10-14 00:59:22.687  3169  3169 D PhoneSwitcherNetworkRequstListener: got request NetworkRequest [ TRACK_DEFAULT id=203, [ Capabilities: INTERNET&NOT_RESTRICTED&TRUSTED Unwanted:  Uid: 10023] ] with score 70
10-14 00:59:22.691  2953  2969 E NotificationService: Suppressing notification from package by user request.
10-14 00:59:22.693  2953  3042 D ConnectivityService: releasing NetworkRequest [ TRACK_DEFAULT id=203, [ Capabilities: INTERNET&NOT_RESTRICTED&TRUSTED Unwanted:  Uid: 10023] ] (release request)
10-14 00:59:25.879  4971  6218 I tnet-jni: 248 - [spdyPingRecvCallback] - 
10-14 00:59:25.880  4971  6218 I tnet-jni: 248 - [SpdySessionCallBack.spdyPingRecvCallback] - org.android.spdy.SpdySession@4031eff
10-14 00:59:30.203  4078  4078 D skia    : --- Failed to create image decoder with message 'unimplemented'
10-14 00:59:44.936  2787  2821 E storaged: getDiskStats failed with result NOT_SUPPORTED and size 0
10-14 00:59:50.259  4078  4078 I chatty  : uid=10079(com.antutu.ABenchMark) identical 8 lines
10-14 00:59:50.269  4078  4078 D skia    : --- Failed to create image decoder with message 'unimplemented'
10-14 00:59:52.702  2953  9354 D ConnectivityService: requestNetwork for uid/pid:10023/6841 NetworkRequest [ TRACK_DEFAULT id=204, [ Capabilities: INTERNET&NOT_RESTRICTED&TRUSTED Unwanted:  Uid: 10023] ]
10-14 00:59:52.704  2953  3039 I chatty  : uid=1000(system) WifiStateMachin expire 3 lines
10-14 00:59:52.705  3169  3169 D PhoneSwitcherNetworkRequstListener: got request NetworkRequest [ TRACK_DEFAULT id=204, [ Capabilities: INTERNET&NOT_RESTRICTED&TRUSTED Unwanted:  Uid: 10023] ] with score 70
10-14 00:59:52.715  2953  2969 E NotificationService: Suppressing notification from package by user request.
10-14 00:59:52.716  2953  3042 D ConnectivityService: releasing NetworkRequest [ TRACK_DEFAULT id=204, [ Capabilities: INTERNET&NOT_RESTRICTED&TRUSTED Unwanted:  Uid: 10023] ] (release request)
10-14 01:00:00.274  4078  4078 D skia    : --- Failed to create image decoder with message 'unimplemented'
10-14 01:00:20.333  4078  4078 D skia    : --- Failed to create image decoder with message 'unimplemented'
10-14 01:00:22.726  2953  9354 D ConnectivityService: requestNetwork for uid/pid:10023/6841 NetworkRequest [ TRACK_DEFAULT id=205, [ Capabilities: INTERNET&NOT_RESTRICTED&TRUSTED Unwanted:  Uid: 10023] ]
10-14 01:00:22.727  2953  3062 I chatty  : uid=1000(system) EthernetService expire 1 line
10-14 01:00:22.729  3169  3169 D PhoneSwitcherNetworkRequstListener: got request NetworkRequest [ TRACK_DEFAULT id=205, [ Capabilities: INTERNET&NOT_RESTRICTED&TRUSTED Unwanted:  Uid: 10023] ] with score 70
10-14 01:00:22.729  2953  3039 I chatty  : uid=1000(system) WifiStateMachin expire 3 lines
10-14 01:00:22.732  2953  2969 E NotificationService: Suppressing notification from package by user request.
10-14 01:00:22.734  2953  3042 D ConnectivityService: releasing NetworkRequest [ TRACK_DEFAULT id=205, [ Capabilities: INTERNET&NOT_RESTRICTED&TRUSTED Unwanted:  Uid: 10023] ] (release request)
10-14 01:00:30.346  4078  4078 D skia    : --- Failed to create image decoder with message 'unimplemented'
10-14 01:00:44.936  2787  2821 E storaged: getDiskStats failed with result NOT_SUPPORTED and size 0
10-14 01:00:50.388  4078  4078 I chatty  : uid=10079(com.antutu.ABenchMark) identical 4 lines
10-14 01:00:50.398  4078  4078 D skia    : --- Failed to create image decoder with message 'unimplemented'
10-14 01:00:52.741  2953  9354 D ConnectivityService: requestNetwork for uid/pid:10023/6841 NetworkRequest [ TRACK_DEFAULT id=206, [ Capabilities: INTERNET&NOT_RESTRICTED&TRUSTED Unwanted:  Uid: 10023] ]
10-14 01:00:52.745  2953  3062 I chatty  : uid=1000(system) EthernetService expire 1 line
10-14 01:00:52.745  3169  3169 D PhoneSwitcherNetworkRequstListener: got request NetworkRequest [ TRACK_DEFAULT id=206, [ Capabilities: INTERNET&NOT_RESTRICTED&TRUSTED Unwanted:  Uid: 10023] ] with score 70
10-14 01:00:52.748  2953  2969 E NotificationService: Suppressing notification from package by user request.
10-14 01:00:52.749  2953  3042 D ConnectivityService: releasing NetworkRequest [ TRACK_DEFAULT id=206, [ Capabilities: INTERNET&NOT_RESTRICTED&TRUSTED Unwanted:  Uid: 10023] ] (release request)
10-14 01:01:00.409  4078  4078 D skia    : --- Failed to create image decoder with message 'unimplemented'
10-14 01:01:20.478  4078  4078 I chatty  : uid=10079(com.antutu.ABenchMark) identical 4 lines
10-14 01:01:20.488  4078  4078 D skia    : --- Failed to create image decoder with message 'unimplemented'
10-14 01:01:22.761  2953 27918 D ConnectivityService: requestNetwork for uid/pid:10023/6841 NetworkRequest [ TRACK_DEFAULT id=207, [ Capabilities: INTERNET&NOT_RESTRICTED&TRUSTED Unwanted:  Uid: 10023] ]
10-14 01:01:22.762  2953  3039 I chatty  : uid=1000(system) WifiStateMachin expire 2 lines
10-14 01:01:22.762  3169  3169 D PhoneSwitcherNetworkRequstListener: got request NetworkRequest [ TRACK_DEFAULT id=207, [ Capabilities: INTERNET&NOT_RESTRICTED&TRUSTED Unwanted:  Uid: 10023] ] with score 70
10-14 01:01:22.763  2953  3062 I chatty  : uid=1000(system) EthernetService expire 2 lines
10-14 01:01:22.772  6841  4464 W MessageQueue: Handler (amra) {f02c3e1} sending message to a Handler on a dead thread
10-14 01:01:22.772  6841  4464 W MessageQueue: java.lang.IllegalStateException: Handler (amra) {f02c3e1} sending message to a Handler on a dead thread
10-14 01:01:22.772  6841  4464 W MessageQueue: 	at android.os.MessageQueue.enqueueMessage(MessageQueue.java:546)
10-14 01:01:22.772  6841  4464 W MessageQueue: 	at android.os.Handler.enqueueMessage(Handler.java:745)
10-14 01:01:22.772  6841  4464 W MessageQueue: 	at android.os.Handler.sendMessageAtTime(Handler.java:697)
10-14 01:01:22.772  6841  4464 W MessageQueue: 	at android.os.Handler.sendMessageDelayed(Handler.java:667)
10-14 01:01:22.772  6841  4464 W MessageQueue: 	at android.os.Handler.postDelayed(Handler.java:469)
10-14 01:01:22.772  6841  4464 W MessageQueue: 	at amrd.f(PG:53)
10-14 01:01:22.772  6841  4464 W MessageQueue: 	at amra.handleMessage(PG:218)
10-14 01:01:22.772  6841  4464 W MessageQueue: 	at android.os.Handler.dispatchMessage(Handler.java:106)
10-14 01:01:22.772  6841  4464 W MessageQueue: 	at android.os.Looper.loop(Looper.java:193)
10-14 01:01:22.772  6841  4464 W MessageQueue: 	at android.os.HandlerThread.run(HandlerThread.java:65)
10-14 01:01:22.783  2953  2969 E NotificationService: Suppressing notification from package by user request.
10-14 01:01:22.784  2953  2969 E NotificationService: Suppressing notification from package by user request.
10-14 01:01:22.785  2953  3042 D ConnectivityService: releasing NetworkRequest [ TRACK_DEFAULT id=207, [ Capabilities: INTERNET&NOT_RESTRICTED&TRUSTED Unwanted:  Uid: 10023] ] (release request)
10-14 01:01:30.497  4078  4078 D skia    : --- Failed to create image decoder with message 'unimplemented'
10-14 01:01:44.936  2787  2821 E storaged: getDiskStats failed with result NOT_SUPPORTED and size 0
10-14 01:01:50.526  4078  4078 I chatty  : uid=10079(com.antutu.ABenchMark) identical 4 lines
10-14 01:01:50.536  4078  4078 D skia    : --- Failed to create image decoder with message 'unimplemented'
10-14 01:01:52.818  2953  4864 D ConnectivityService: requestNetwork for uid/pid:10023/6841 NetworkRequest [ TRACK_DEFAULT id=208, [ Capabilities: INTERNET&NOT_RESTRICTED&TRUSTED Unwanted:  Uid: 10023] ]
10-14 01:01:52.820  2953  3039 I chatty  : uid=1000(system) WifiStateMachin expire 10 lines
10-14 01:01:52.820  3169  3169 D PhoneSwitcherNetworkRequstListener: got request NetworkRequest [ TRACK_DEFAULT id=208, [ Capabilities: INTERNET&NOT_RESTRICTED&TRUSTED Unwanted:  Uid: 10023] ] with score 70
10-14 01:01:52.828  2953  3042 D ConnectivityService: releasing NetworkRequest [ TRACK_DEFAULT id=208, [ Capabilities: INTERNET&NOT_RESTRICTED&TRUSTED Unwanted:  Uid: 10023] ] (release request)
10-14 01:01:52.834  6841  4471 W MessageQueue: Handler (amra) {154fbd9} sending message to a Handler on a dead thread
10-14 01:01:52.834  6841  4471 W MessageQueue: java.lang.IllegalStateException: Handler (amra) {154fbd9} sending message to a Handler on a dead thread
10-14 01:01:52.834  6841  4471 W MessageQueue: 	at android.os.MessageQueue.enqueueMessage(MessageQueue.java:546)
10-14 01:01:52.834  6841  4471 W MessageQueue: 	at android.os.Handler.enqueueMessage(Handler.java:745)
10-14 01:01:52.834  6841  4471 W MessageQueue: 	at android.os.Handler.sendMessageAtTime(Handler.java:697)
10-14 01:01:52.834  6841  4471 W MessageQueue: 	at android.os.Handler.sendMessageDelayed(Handler.java:667)
10-14 01:01:52.834  6841  4471 W MessageQueue: 	at android.os.Handler.postDelayed(Handler.java:469)
10-14 01:01:52.834  6841  4471 W MessageQueue: 	at amrd.f(PG:53)
10-14 01:01:52.834  6841  4471 W MessageQueue: 	at amra.handleMessage(PG:218)
10-14 01:01:52.834  6841  4471 W MessageQueue: 	at android.os.Handler.dispatchMessage(Handler.java:106)
10-14 01:01:52.834  6841  4471 W MessageQueue: 	at android.os.Looper.loop(Looper.java:193)
10-14 01:01:52.834  6841  4471 W MessageQueue: 	at android.os.HandlerThread.run(HandlerThread.java:65)
10-14 01:01:52.841  2953  3307 I ActivityManager: Killing 10737:com.google.android.gms.unstable/u0a64 (adj 906): empty #17
10-14 01:01:52.842  2953  2972 I chatty  : uid=1000(system) ActivityManager expire 12 lines
10-14 01:01:52.890  2740  2740 I Zygote  : Process 10737 exited due to signal (9)
10-14 01:02:00.546  4078  4078 D skia    : --- Failed to create image decoder with message 'unimplemented'
10-14 01:02:20.640  4078  4078 I chatty  : uid=10079(com.antutu.ABenchMark) identical 10 lines
10-14 01:02:20.651  4078  4078 D skia    : --- Failed to create image decoder with message 'unimplemented'
10-14 01:02:22.880  2953 16536 D ConnectivityService: requestNetwork for uid/pid:10023/6841 NetworkRequest [ TRACK_DEFAULT id=209, [ Capabilities: INTERNET&NOT_RESTRICTED&TRUSTED Unwanted:  Uid: 10023] ]
10-14 01:02:22.881  2953  3062 I chatty  : uid=1000(system) EthernetService expire 10 lines
10-14 01:02:22.882  3169  3169 D PhoneSwitcherNetworkRequstListener: got request NetworkRequest [ TRACK_DEFAULT id=209, [ Capabilities: INTERNET&NOT_RESTRICTED&TRUSTED Unwanted:  Uid: 10023] ] with score 70
10-14 01:02:22.904  2953  2969 E NotificationService: Suppressing notification from package by user request.
10-14 01:02:22.905  2953  2969 E NotificationService: Suppressing notification from package by user request.
10-14 01:02:22.906  2953  3042 D ConnectivityService: releasing NetworkRequest [ TRACK_DEFAULT id=209, [ Capabilities: INTERNET&NOT_RESTRICTED&TRUSTED Unwanted:  Uid: 10023] ] (release request)
10-14 01:02:30.655  4078  4078 D skia    : --- Failed to create image decoder with message 'unimplemented'
10-14 01:02:44.937  2787  2821 E storaged: getDiskStats failed with result NOT_SUPPORTED and size 0
10-14 01:02:52.616  4078  4078 D skia    : --- Failed to create image decoder with message 'unimplemented'
10-14 01:02:52.931  2953  4864 D ConnectivityService: requestNetwork for uid/pid:10023/6841 NetworkRequest [ TRACK_DEFAULT id=210, [ Capabilities: INTERNET&NOT_RESTRICTED&TRUSTED Unwanted:  Uid: 10023] ]
10-14 01:02:52.934  3169  3169 D PhoneSwitcherNetworkRequstListener: got request NetworkRequest [ TRACK_DEFAULT id=210, [ Capabilities: INTERNET&NOT_RESTRICTED&TRUSTED Unwanted:  Uid: 10023] ] with score 70
10-14 01:02:52.940  2953  2969 E NotificationService: Suppressing notification from package by user request.
10-14 01:02:52.947  2953  3042 D ConnectivityService: releasing NetworkRequest [ TRACK_DEFAULT id=210, [ Capabilities: INTERNET&NOT_RESTRICTED&TRUSTED Unwanted:  Uid: 10023] ] (release request)
10-14 01:02:55.987  4971  6218 I tnet-jni: 248 - [spdyPingRecvCallback] - 
10-14 01:02:55.987  4971  6218 I tnet-jni: 248 - [SpdySessionCallBack.spdyPingRecvCallback] - org.android.spdy.SpdySession@4031eff
10-14 01:02:58.715 11266 11310 I Finsky  : [480] ngd.run(36): Stats for Executor: BlockingExecutor nih@90de174[Running, pool size = 0, active threads = 0, queued tasks = 0, completed tasks = 316]
10-14 01:02:58.751 11266 11310 I Finsky  : [480] ngd.run(36): Stats for Executor: LightweightExecutor nih@952869d[Running, pool size = 4, active threads = 0, queued tasks = 0, completed tasks = 497]
10-14 01:02:58.886 11266 11310 I Finsky  : [480] ngd.run(36): Stats for Executor: bgExecutor nih@7955712[Running, pool size = 4, active threads = 0, queued tasks = 0, completed tasks = 785]
10-14 01:03:00.715  4078  4078 D skia    : --- Failed to create image decoder with message 'unimplemented'
10-14 01:03:20.783  4078  4078 I chatty  : uid=10079(com.antutu.ABenchMark) identical 12 lines
10-14 01:03:20.794  4078  4078 D skia    : --- Failed to create image decoder with message 'unimplemented'
10-14 01:03:22.959  2953 16536 D ConnectivityService: requestNetwork for uid/pid:10023/6841 NetworkRequest [ TRACK_DEFAULT id=211, [ Capabilities: INTERNET&NOT_RESTRICTED&TRUSTED Unwanted:  Uid: 10023] ]
10-14 01:03:22.965  3169  3169 D PhoneSwitcherNetworkRequstListener: got request NetworkRequest [ TRACK_DEFAULT id=211, [ Capabilities: INTERNET&NOT_RESTRICTED&TRUSTED Unwanted:  Uid: 10023] ] with score 70
10-14 01:03:22.967  2953  2969 E NotificationService: Suppressing notification from package by user request.
10-14 01:03:22.969  2953  3042 D ConnectivityService: releasing NetworkRequest [ TRACK_DEFAULT id=211, [ Capabilities: INTERNET&NOT_RESTRICTED&TRUSTED Unwanted:  Uid: 10023] ] (release request)
10-14 01:03:30.808  4078  4078 D skia    : --- Failed to create image decoder with message 'unimplemented'
10-14 01:03:44.937  2787  2821 E storaged: getDiskStats failed with result NOT_SUPPORTED and size 0
10-14 01:03:50.895  4078  4078 D skia    : --- Failed to create image decoder with message 'unimplemented'
10-14 01:03:52.982  2953 16536 D ConnectivityService: requestNetwork for uid/pid:10023/6841 NetworkRequest [ TRACK_DEFAULT id=212, [ Capabilities: INTERNET&NOT_RESTRICTED&TRUSTED Unwanted:  Uid: 10023] ]
10-14 01:03:52.982  3169  3169 D PhoneSwitcherNetworkRequstListener: got request NetworkRequest [ TRACK_DEFAULT id=212, [ Capabilities: INTERNET&NOT_RESTRICTED&TRUSTED Unwanted:  Uid: 10023] ] with score 70
10-14 01:03:52.990  2953  2969 E NotificationService: Suppressing notification from package by user request.
10-14 01:03:52.991  2953  3042 D ConnectivityService: releasing NetworkRequest [ TRACK_DEFAULT id=212, [ Capabilities: INTERNET&NOT_RESTRICTED&TRUSTED Unwanted:  Uid: 10023] ] (release request)
10-14 01:04:00.906  4078  4078 D skia    : --- Failed to create image decoder with message 'unimplemented'
10-14 01:04:20.998  4078  4078 D skia    : --- Failed to create image decoder with message 'unimplemented'
10-14 01:04:23.003  2953 16536 D ConnectivityService: requestNetwork for uid/pid:10023/6841 NetworkRequest [ TRACK_DEFAULT id=213, [ Capabilities: INTERNET&NOT_RESTRICTED&TRUSTED Unwanted:  Uid: 10023] ]
10-14 01:04:23.004  2953  3039 I chatty  : uid=1000(system) WifiStateMachin expire 10 lines
10-14 01:04:23.005  3169  3169 D PhoneSwitcherNetworkRequstListener: got request NetworkRequest [ TRACK_DEFAULT id=213, [ Capabilities: INTERNET&NOT_RESTRICTED&TRUSTED Unwanted:  Uid: 10023] ] with score 70
10-14 01:04:23.009  2953  2969 E NotificationService: Suppressing notification from package by user request.
10-14 01:04:23.011  2953  3042 D ConnectivityService: releasing NetworkRequest [ TRACK_DEFAULT id=213, [ Capabilities: INTERNET&NOT_RESTRICTED&TRUSTED Unwanted:  Uid: 10023] ] (release request)
10-14 01:04:25.316  4194  4487 D OpenGLRenderer: Skia GL Pipeline
10-14 01:04:25.444  3089  3089 D StrictMode: StrictMode policy violation; ~duration=1 ms: android.os.strictmode.DiskReadViolation
10-14 01:04:25.444  3089  3089 D StrictMode: 	at android.os.StrictMode$AndroidBlockGuardPolicy.onReadFromDisk(StrictMode.java:1506)
10-14 01:04:25.444  3089  3089 D StrictMode: 	at java.io.UnixFileSystem.checkAccess(UnixFileSystem.java:251)
10-14 01:04:25.444  3089  3089 D StrictMode: 	at java.io.File.exists(File.java:815)
10-14 01:04:25.444  3089  3089 D StrictMode: 	at android.app.ContextImpl.getDataDir(ContextImpl.java:2253)
10-14 01:04:25.444  3089  3089 D StrictMode: 	at android.app.ContextImpl.getPreferencesDir(ContextImpl.java:550)
10-14 01:04:25.444  3089  3089 D StrictMode: 	at android.app.ContextImpl.getSharedPreferencesPath(ContextImpl.java:747)
10-14 01:04:25.444  3089  3089 D StrictMode: 	at android.app.ContextImpl.getSharedPreferences(ContextImpl.java:400)
10-14 01:04:25.444  3089  3089 D StrictMode: 	at android.content.ContextWrapper.getSharedPreferences(ContextWrapper.java:174)
10-14 01:04:25.444  3089  3089 D StrictMode: 	at android.preference.PreferenceManager.getDefaultSharedPreferences(PreferenceManager.java:526)
10-14 01:04:25.444  3089  3089 D StrictMode: 	at com.android.inputmethod.latin.spellcheck.AndroidSpellCheckerService.onCreate(AndroidSpellCheckerService.java:98)
10-14 01:04:25.444  3089  3089 D StrictMode: 	at android.app.ActivityThread.handleCreateService(ActivityThread.java:3532)
10-14 01:04:25.444  3089  3089 D StrictMode: 	at android.app.ActivityThread.access$1300(ActivityThread.java:199)
10-14 01:04:25.444  3089  3089 D StrictMode: 	at android.app.ActivityThread$H.handleMessage(ActivityThread.java:1666)
10-14 01:04:25.444  3089  3089 D StrictMode: 	at android.os.Handler.dispatchMessage(Handler.java:106)
10-14 01:04:25.444  3089  3089 D StrictMode: 	at android.os.Looper.loop(Looper.java:193)
10-14 01:04:25.444  3089  3089 D StrictMode: 	at android.app.ActivityThread.main(ActivityThread.java:6669)
10-14 01:04:25.444  3089  3089 D StrictMode: 	at java.lang.reflect.Method.invoke(Native Method)
10-14 01:04:25.444  3089  3089 D StrictMode: 	at com.android.internal.os.RuntimeInit$MethodAndArgsCaller.run(RuntimeInit.java:493)
10-14 01:04:25.444  3089  3089 D StrictMode: 	at com.android.internal.os.ZygoteInit.main(ZygoteInit.java:858)
10-14 01:04:25.448  3089  3089 D StrictMode: StrictMode policy violation; ~duration=0 ms: android.os.strictmode.DiskReadViolation
10-14 01:04:25.448  3089  3089 D StrictMode: 	at android.os.StrictMode$AndroidBlockGuardPolicy.onReadFromDisk(StrictMode.java:1506)
10-14 01:04:25.448  3089  3089 D StrictMode: 	at java.io.UnixFileSystem.checkAccess(UnixFileSystem.java:251)
10-14 01:04:25.448  3089  3089 D StrictMode: 	at java.io.File.exists(File.java:815)
10-14 01:04:25.448  3089  3089 D StrictMode: 	at android.app.ContextImpl.ensurePrivateDirExists(ContextImpl.java:605)
10-14 01:04:25.448  3089  3089 D StrictMode: 	at android.app.ContextImpl.ensurePrivateDirExists(ContextImpl.java:596)
10-14 01:04:25.448  3089  3089 D StrictMode: 	at android.app.ContextImpl.getPreferencesDir(ContextImpl.java:552)
10-14 01:04:25.448  3089  3089 D StrictMode: 	at android.app.ContextImpl.getSharedPreferencesPath(ContextImpl.java:747)
10-14 01:04:25.448  3089  3089 D StrictMode: 	at android.app.ContextImpl.getSharedPreferences(ContextImpl.java:400)
10-14 01:04:25.448  3089  3089 D StrictMode: 	at android.content.ContextWrapper.getSharedPreferences(ContextWrapper.java:174)
10-14 01:04:25.448  3089  3089 D StrictMode: 	at android.preference.PreferenceManager.getDefaultSharedPreferences(PreferenceManager.java:526)
10-14 01:04:25.448  3089  3089 D StrictMode: 	at com.android.inputmethod.latin.spellcheck.AndroidSpellCheckerService.onCreate(AndroidSpellCheckerService.java:98)
10-14 01:04:25.448  3089  3089 D StrictMode: 	at android.app.ActivityThread.handleCreateService(ActivityThread.java:3532)
10-14 01:04:25.448  3089  3089 D StrictMode: 	at android.app.ActivityThread.access$1300(ActivityThread.java:199)
10-14 01:04:25.448  3089  3089 D StrictMode: 	at android.app.ActivityThread$H.handleMessage(ActivityThread.java:1666)
10-14 01:04:25.448  3089  3089 D StrictMode: 	at android.os.Handler.dispatchMessage(Handler.java:106)
10-14 01:04:25.448  3089  3089 D StrictMode: 	at android.os.Looper.loop(Looper.java:193)
10-14 01:04:25.448  3089  3089 D StrictMode: 	at android.app.ActivityThread.main(ActivityThread.java:6669)
10-14 01:04:25.448  3089  3089 D StrictMode: 	at java.lang.reflect.Method.invoke(Native Method)
10-14 01:04:25.448  3089  3089 D StrictMode: 	at com.android.internal.os.RuntimeInit$MethodAndArgsCaller.run(RuntimeInit.java:493)
10-14 01:04:25.448  3089  3089 D StrictMode: 	at com.android.internal.os.ZygoteInit.main(ZygoteInit.java:858)
10-14 01:04:25.450  2953  2969 W BroadcastQueue: Background execution not allowed: receiving Intent { act=android.intent.action.DROPBOX_ENTRY_ADDED flg=0x10 (has extras) } to com.google.android.gms/.stats.service.DropBoxEntryAddedReceiver
10-14 01:04:25.451  2953  2969 W BroadcastQueue: Background execution not allowed: receiving Intent { act=android.intent.action.DROPBOX_ENTRY_ADDED flg=0x10 (has extras) } to com.google.android.gms/.chimera.GmsIntentOperationService$PersistentTrustedReceiver
10-14 01:04:25.462  2953  2969 W BroadcastQueue: Background execution not allowed: receiving Intent { act=android.intent.action.DROPBOX_ENTRY_ADDED flg=0x10 (has extras) } to com.google.android.gms/.stats.service.DropBoxEntryAddedReceiver
10-14 01:04:25.462  2953  2969 W BroadcastQueue: Background execution not allowed: receiving Intent { act=android.intent.action.DROPBOX_ENTRY_ADDED flg=0x10 (has extras) } to com.google.android.gms/.chimera.GmsIntentOperationService$PersistentTrustedReceiver
10-14 01:04:29.768  3527  3541 D StrictMode: StrictMode policy violation: android.os.strictmode.LeakedClosableViolation: A resource was acquired at attached stack trace but never released. See java.io.Closeable for information on avoiding resource leaks.
10-14 01:04:29.768  3527  3541 D StrictMode: 	at android.os.StrictMode$AndroidCloseGuardReporter.report(StrictMode.java:1788)
10-14 01:04:29.768  3527  3541 D StrictMode: 	at dalvik.system.CloseGuard.warnIfOpen(CloseGuard.java:264)
10-14 01:04:29.768  3527  3541 D StrictMode: 	at android.view.SurfaceControl.finalize(SurfaceControl.java:667)
10-14 01:04:29.768  3527  3541 D StrictMode: 	at java.lang.Daemons$FinalizerDaemon.doFinalize(Daemons.java:250)
10-14 01:04:29.768  3527  3541 D StrictMode: 	at java.lang.Daemons$FinalizerDaemon.runInternal(Daemons.java:237)
10-14 01:04:29.768  3527  3541 D StrictMode: 	at java.lang.Daemons$Daemon.run(Daemons.java:103)
10-14 01:04:29.768  3527  3541 D StrictMode: 	at java.lang.Thread.run(Thread.java:764)
10-14 01:04:29.768  3527  3541 D StrictMode: Caused by: java.lang.Throwable: Explicit termination method 'release' not called
10-14 01:04:29.768  3527  3541 D StrictMode: 	at dalvik.system.CloseGuard.open(CloseGuard.java:221)
10-14 01:04:29.768  3527  3541 D StrictMode: 	at android.view.SurfaceControl.<init>(SurfaceControl.java:621)
10-14 01:04:29.768  3527  3541 D StrictMode: 	at android.view.SurfaceControl.<init>(SurfaceControl.java:60)
10-14 01:04:29.768  3527  3541 D StrictMode: 	at android.view.SurfaceControl$1.createFromParcel(SurfaceControl.java:655)
10-14 01:04:29.768  3527  3541 D StrictMode: 	at android.view.SurfaceControl$1.createFromParcel(SurfaceControl.java:653)
10-14 01:04:29.768  3527  3541 D StrictMode: 	at android.os.Parcel.readParcelable(Parcel.java:2766)
10-14 01:04:29.768  3527  3541 D StrictMode: 	at android.view.RemoteAnimationTarget.<init>(RemoteAnimationTarget.java:149)
10-14 01:04:29.768  3527  3541 D StrictMode: 	at android.view.RemoteAnimationTarget$1.createFromParcel(RemoteAnimationTarget.java:212)
10-14 01:04:29.768  3527  3541 D StrictMode: 	at android.view.RemoteAnimationTarget$1.createFromParcel(RemoteAnimationTarget.java:210)
10-14 01:04:29.768  3527  3541 D StrictMode: 	at android.os.Parcel.readTypedObject(Parcel.java:2606)
10-14 01:04:29.768  3527  3541 D StrictMode: 	at android.os.Parcel.createTypedArray(Parcel.java:2568)
10-14 01:04:29.768  3527  3541 D StrictMode: 	at android.view.IRemoteAnimationRunner$Stub.onTransact(IRemoteAnimationRunner.java:56)
10-14 01:04:29.768  3527  3541 D StrictMode: 	at android.os.Binder.execTransact(Binder.java:731)
10-14 01:04:29.769  3527  3541 I chatty  : uid=10024(com.android.launcher3) FinalizerDaemon identical 2 lines
10-14 01:04:29.769  3527  3541 D StrictMode: StrictMode policy violation: android.os.strictmode.LeakedClosableViolation: A resource was acquired at attached stack trace but never released. See java.io.Closeable for information on avoiding resource leaks.
10-14 01:04:29.769  3527  3541 D StrictMode: 	at android.os.StrictMode$AndroidCloseGuardReporter.report(StrictMode.java:1788)
10-14 01:04:29.769  3527  3541 D StrictMode: 	at dalvik.system.CloseGuard.warnIfOpen(CloseGuard.java:264)
10-14 01:04:29.769  3527  3541 D StrictMode: 	at android.view.SurfaceControl.finalize(SurfaceControl.java:667)
10-14 01:04:29.769  3527  3541 D StrictMode: 	at java.lang.Daemons$FinalizerDaemon.doFinalize(Daemons.java:250)
10-14 01:04:29.769  3527  3541 D StrictMode: 	at java.lang.Daemons$FinalizerDaemon.runInternal(Daemons.java:237)
10-14 01:04:29.769  3527  3541 D StrictMode: 	at java.lang.Daemons$Daemon.run(Daemons.java:103)
10-14 01:04:29.769  3527  3541 D StrictMode: 	at java.lang.Thread.run(Thread.java:764)
10-14 01:04:29.769  3527  3541 D StrictMode: Caused by: java.lang.Throwable: Explicit termination method 'release' not called
10-14 01:04:29.769  3527  3541 D StrictMode: 	at dalvik.system.CloseGuard.open(CloseGuard.java:221)
10-14 01:04:29.769  3527  3541 D StrictMode: 	at android.view.SurfaceControl.<init>(SurfaceControl.java:621)
10-14 01:04:29.769  3527  3541 D StrictMode: 	at android.view.SurfaceControl.<init>(SurfaceControl.java:60)
10-14 01:04:29.769  3527  3541 D StrictMode: 	at android.view.SurfaceControl$1.createFromParcel(SurfaceControl.java:655)
10-14 01:04:29.769  3527  3541 D StrictMode: 	at android.view.SurfaceControl$1.createFromParcel(SurfaceControl.java:653)
10-14 01:04:29.769  3527  3541 D StrictMode: 	at android.os.Parcel.readParcelable(Parcel.java:2766)
10-14 01:04:29.769  3527  3541 D StrictMode: 	at android.view.RemoteAnimationTarget.<init>(RemoteAnimationTarget.java:149)
10-14 01:04:29.769  3527  3541 D StrictMode: 	at android.view.RemoteAnimationTarget$1.createFromParcel(RemoteAnimationTarget.java:212)
10-14 01:04:29.769  3527  3541 D StrictMode: 	at android.view.RemoteAnimationTarget$1.createFromParcel(RemoteAnimationTarget.java:210)
10-14 01:04:29.769  3527  3541 D StrictMode: 	at android.os.Parcel.readTypedObject(Parcel.java:2606)
10-14 01:04:29.769  3527  3541 D StrictMode: 	at android.os.Parcel.createTypedArray(Parcel.java:2568)
10-14 01:04:29.769  3527  3541 D StrictMode: 	at android.view.IRemoteAnimationRunner$Stub.onTransact(IRemoteAnimationRunner.java:56)
10-14 01:04:29.769  3527  3541 D StrictMode: 	at android.os.Binder.execTransact(Binder.java:731)
10-14 01:04:29.780  2953  2969 W BroadcastQueue: Background execution not allowed: receiving Intent { act=android.intent.action.DROPBOX_ENTRY_ADDED flg=0x10 (has extras) } to com.google.android.gms/.stats.service.DropBoxEntryAddedReceiver
10-14 01:04:29.780  2953  2969 W BroadcastQueue: Background execution not allowed: receiving Intent { act=android.intent.action.DROPBOX_ENTRY_ADDED flg=0x10 (has extras) } to com.google.android.gms/.chimera.GmsIntentOperationService$PersistentTrustedReceiver
10-14 01:04:29.784  2953  2969 W BroadcastQueue: Background execution not allowed: receiving Intent { act=android.intent.action.DROPBOX_ENTRY_ADDED flg=0x10 (has extras) } to com.google.android.gms/.stats.service.DropBoxEntryAddedReceiver
10-14 01:04:29.784  2953  2969 W BroadcastQueue: Background execution not allowed: receiving Intent { act=android.intent.action.DROPBOX_ENTRY_ADDED flg=0x10 (has extras) } to com.google.android.gms/.chimera.GmsIntentOperationService$PersistentTrustedReceiver
10-14 01:04:29.788  2953  2969 W BroadcastQueue: Background execution not allowed: receiving Intent { act=android.intent.action.DROPBOX_ENTRY_ADDED flg=0x10 (has extras) } to com.google.android.gms/.stats.service.DropBoxEntryAddedReceiver
10-14 01:04:29.791  2953  2969 W BroadcastQueue: Background execution not allowed: receiving Intent { act=android.intent.action.DROPBOX_ENTRY_ADDED flg=0x10 (has extras) } to com.google.android.gms/.chimera.GmsIntentOperationService$PersistentTrustedReceiver
10-14 01:04:29.791  2953  2969 W BroadcastQueue: Background execution not allowed: receiving Intent { act=android.intent.action.DROPBOX_ENTRY_ADDED flg=0x10 (has extras) } to com.google.android.gms/.stats.service.DropBoxEntryAddedReceiver
10-14 01:04:29.791  2953  2969 W BroadcastQueue: Background execution not allowed: receiving Intent { act=android.intent.action.DROPBOX_ENTRY_ADDED flg=0x10 (has extras) } to com.google.android.gms/.chimera.GmsIntentOperationService$PersistentTrustedReceiver
10-14 01:04:31.011  4078  4078 D skia    : --- Failed to create image decoder with message 'unimplemented'
10-14 01:04:44.938  2787  2821 E storaged: getDiskStats failed with result NOT_SUPPORTED and size 0
10-14 01:04:51.060  4078  4078 I chatty  : uid=10079(com.antutu.ABenchMark) identical 12 lines
10-14 01:04:51.071  4078  4078 D skia    : --- Failed to create image decoder with message 'unimplemented'
10-14 01:04:53.019  2953  3083 D ConnectivityService: requestNetwork for uid/pid:10023/6841 NetworkRequest [ TRACK_DEFAULT id=214, [ Capabilities: INTERNET&NOT_RESTRICTED&TRUSTED Unwanted:  Uid: 10023] ]
10-14 01:04:53.022  3169  3169 D PhoneSwitcherNetworkRequstListener: got request NetworkRequest [ TRACK_DEFAULT id=214, [ Capabilities: INTERNET&NOT_RESTRICTED&TRUSTED Unwanted:  Uid: 10023] ] with score 70
10-14 01:04:53.026  2953  2969 E NotificationService: Suppressing notification from package by user request.
10-14 01:04:53.027  2953  3042 D ConnectivityService: releasing NetworkRequest [ TRACK_DEFAULT id=214, [ Capabilities: INTERNET&NOT_RESTRICTED&TRUSTED Unwanted:  Uid: 10023] ] (release request)
10-14 01:05:01.082  4078  4078 D skia    : --- Failed to create image decoder with message 'unimplemented'
10-14 01:05:21.151  4078  4078 D skia    : --- Failed to create image decoder with message 'unimplemented'
10-14 01:05:23.042  2953  6663 D ConnectivityService: requestNetwork for uid/pid:10023/6841 NetworkRequest [ TRACK_DEFAULT id=215, [ Capabilities: INTERNET&NOT_RESTRICTED&TRUSTED Unwanted:  Uid: 10023] ]
10-14 01:05:23.044  3169  3169 D PhoneSwitcherNetworkRequstListener: got request NetworkRequest [ TRACK_DEFAULT id=215, [ Capabilities: INTERNET&NOT_RESTRICTED&TRUSTED Unwanted:  Uid: 10023] ] with score 70
10-14 01:05:23.055  2953  2969 E NotificationService: Suppressing notification from package by user request.
10-14 01:05:23.056  2953  3042 D ConnectivityService: releasing NetworkRequest [ TRACK_DEFAULT id=215, [ Capabilities: INTERNET&NOT_RESTRICTED&TRUSTED Unwanted:  Uid: 10023] ] (release request)
10-14 01:05:31.153  4078  4078 D skia    : --- Failed to create image decoder with message 'unimplemented'
10-14 01:05:44.938  2787  2821 E storaged: getDiskStats failed with result NOT_SUPPORTED and size 0
10-14 01:05:51.228  4078  4078 D skia    : --- Failed to create image decoder with message 'unimplemented'
10-14 01:05:52.459  4078  4078 I tutu.ABenchMark: type=1400 audit(0.0:1935): avc: denied { open } for path="/proc/vmstat" dev="proc" ino=4026531993 scontext=u:r:untrusted_app_27:s0:c512,c768 tcontext=u:object_r:proc_vmstat:s0 tclass=file permissive=1
10-14 01:05:52.459  4078  4078 I tutu.ABenchMark: type=1400 audit(0.0:1936): avc: denied { getattr } for path="/proc/vmstat" dev="proc" ino=4026531993 scontext=u:r:untrusted_app_27:s0:c512,c768 tcontext=u:object_r:proc_vmstat:s0 tclass=file permissive=1
10-14 01:05:53.062  2953  2953 I ActivityManager: Killing 15048:com.android.musicfx/u0a13 (adj 904): empty for 1809s
10-14 01:05:53.064  2953  6663 D ConnectivityService: requestNetwork for uid/pid:10023/6841 NetworkRequest [ TRACK_DEFAULT id=216, [ Capabilities: INTERNET&NOT_RESTRICTED&TRUSTED Unwanted:  Uid: 10023] ]
10-14 01:05:53.066  3169  3169 D PhoneSwitcherNetworkRequstListener: got request NetworkRequest [ TRACK_DEFAULT id=216, [ Capabilities: INTERNET&NOT_RESTRICTED&TRUSTED Unwanted:  Uid: 10023] ] with score 70
10-14 01:05:53.070  2953  2969 E NotificationService: Suppressing notification from package by user request.
10-14 01:05:53.073  2953  3042 D ConnectivityService: releasing NetworkRequest [ TRACK_DEFAULT id=216, [ Capabilities: INTERNET&NOT_RESTRICTED&TRUSTED Unwanted:  Uid: 10023] ] (release request)
10-14 01:05:53.114  2740  2740 I Zygote  : Process 15048 exited due to signal (9)
10-14 01:06:01.239  4078  4078 D skia    : --- Failed to create image decoder with message 'unimplemented'
10-14 01:06:21.300  4078  4078 I chatty  : uid=10079(com.antutu.ABenchMark) identical 12 lines
10-14 01:06:21.311  4078  4078 D skia    : --- Failed to create image decoder with message 'unimplemented'
10-14 01:06:23.081  2953  3083 D ConnectivityService: requestNetwork for uid/pid:10023/6841 NetworkRequest [ TRACK_DEFAULT id=217, [ Capabilities: INTERNET&NOT_RESTRICTED&TRUSTED Unwanted:  Uid: 10023] ]
10-14 01:06:23.082  3169  3169 D PhoneSwitcherNetworkRequstListener: got request NetworkRequest [ TRACK_DEFAULT id=217, [ Capabilities: INTERNET&NOT_RESTRICTED&TRUSTED Unwanted:  Uid: 10023] ] with score 70
10-14 01:06:23.097  6841  4474 W MessageQueue: Handler (amra) {b27e5cb} sending message to a Handler on a dead thread
10-14 01:06:23.097  6841  4474 W MessageQueue: java.lang.IllegalStateException: Handler (amra) {b27e5cb} sending message to a Handler on a dead thread
10-14 01:06:23.097  6841  4474 W MessageQueue: 	at android.os.MessageQueue.enqueueMessage(MessageQueue.java:546)
10-14 01:06:23.097  6841  4474 W MessageQueue: 	at android.os.Handler.enqueueMessage(Handler.java:745)
10-14 01:06:23.097  6841  4474 W MessageQueue: 	at android.os.Handler.sendMessageAtTime(Handler.java:697)
10-14 01:06:23.097  6841  4474 W MessageQueue: 	at android.os.Handler.sendMessageDelayed(Handler.java:667)
10-14 01:06:23.097  6841  4474 W MessageQueue: 	at android.os.Handler.postDelayed(Handler.java:469)
10-14 01:06:23.097  6841  4474 W MessageQueue: 	at amrd.f(PG:53)
10-14 01:06:23.097  6841  4474 W MessageQueue: 	at amra.handleMessage(PG:218)
10-14 01:06:23.097  6841  4474 W MessageQueue: 	at android.os.Handler.dispatchMessage(Handler.java:106)
10-14 01:06:23.097  6841  4474 W MessageQueue: 	at android.os.Looper.loop(Looper.java:193)
10-14 01:06:23.097  6841  4474 W MessageQueue: 	at android.os.HandlerThread.run(HandlerThread.java:65)
10-14 01:06:23.105  2953  2969 E NotificationService: Suppressing notification from package by user request.
10-14 01:06:23.106  2953  2969 E NotificationService: Suppressing notification from package by user request.
10-14 01:06:23.108  2953  3042 D ConnectivityService: releasing NetworkRequest [ TRACK_DEFAULT id=217, [ Capabilities: INTERNET&NOT_RESTRICTED&TRUSTED Unwanted:  Uid: 10023] ] (release request)
10-14 01:06:26.084  4971  6218 I tnet-jni: 248 - [spdyPingRecvCallback] - 
10-14 01:06:26.084  4971  6218 I tnet-jni: 248 - [SpdySessionCallBack.spdyPingRecvCallback] - org.android.spdy.SpdySession@4031eff
10-14 01:06:31.315  4078  4078 D skia    : --- Failed to create image decoder with message 'unimplemented'
10-14 01:06:44.939  2787  2821 E storaged: getDiskStats failed with result NOT_SUPPORTED and size 0
10-14 01:06:51.365  4078  4078 D skia    : --- Failed to create image decoder with message 'unimplemented'
10-14 01:06:53.127  2953  3024 W ActivityManager: Background start not allowed: service Intent { flg=0x4 cmp=com.kakao.talk/.service.MessengerService (has extras) } to com.kakao.talk/.service.MessengerService from pid=-1 uid=10080 pkg=com.kakao.talk startFg?=false
10-14 01:06:53.128  2953  3083 D ConnectivityService: requestNetwork for uid/pid:10023/6841 NetworkRequest [ TRACK_DEFAULT id=218, [ Capabilities: INTERNET&NOT_RESTRICTED&TRUSTED Unwanted:  Uid: 10023] ]
10-14 01:06:53.129  2953  3039 I chatty  : uid=1000(system) WifiStateMachin expire 10 lines
10-14 01:06:53.131  3169  3169 D PhoneSwitcherNetworkRequstListener: got request NetworkRequest [ TRACK_DEFAULT id=218, [ Capabilities: INTERNET&NOT_RESTRICTED&TRUSTED Unwanted:  Uid: 10023] ] with score 70
10-14 01:06:53.136  2953  2969 E NotificationService: Suppressing notification from package by user request.
10-14 01:06:53.138  2953  3042 D ConnectivityService: releasing NetworkRequest [ TRACK_DEFAULT id=218, [ Capabilities: INTERNET&NOT_RESTRICTED&TRUSTED Unwanted:  Uid: 10023] ] (release request)
10-14 01:07:01.376  4078  4078 D skia    : --- Failed to create image decoder with message 'unimplemented'
10-14 01:07:21.480  4078  4078 D skia    : --- Failed to create image decoder with message 'unimplemented'
10-14 01:07:23.152  2953  4992 D ConnectivityService: requestNetwork for uid/pid:10023/6841 NetworkRequest [ TRACK_DEFAULT id=219, [ Capabilities: INTERNET&NOT_RESTRICTED&TRUSTED Unwanted:  Uid: 10023] ]
10-14 01:07:23.155  3169  3169 D PhoneSwitcherNetworkRequstListener: got request NetworkRequest [ TRACK_DEFAULT id=219, [ Capabilities: INTERNET&NOT_RESTRICTED&TRUSTED Unwanted:  Uid: 10023] ] with score 70
10-14 01:07:23.156  2953  3062 I chatty  : uid=1000(system) EthernetService expire 7 lines
10-14 01:07:23.160  2953  2969 E NotificationService: Suppressing notification from package by user request.
10-14 01:07:23.160  2953  3042 D ConnectivityService: releasing NetworkRequest [ TRACK_DEFAULT id=219, [ Capabilities: INTERNET&NOT_RESTRICTED&TRUSTED Unwanted:  Uid: 10023] ] (release request)
10-14 01:07:31.484  4078  4078 D skia    : --- Failed to create image decoder with message 'unimplemented'
10-14 01:07:44.939  2787  2821 E storaged: getDiskStats failed with result NOT_SUPPORTED and size 0
10-14 01:07:51.526  4078  4078 I chatty  : uid=10079(com.antutu.ABenchMark) identical 12 lines
10-14 01:07:51.540  4078  4078 D skia    : --- Failed to create image decoder with message 'unimplemented'
10-14 01:07:53.168  2953  2953 I ActivityManager: Killing 11469:com.google.android.apps.youtube.music/u0a88 (adj 906): empty for 1807s
10-14 01:07:53.170  2953  4992 D ConnectivityService: requestNetwork for uid/pid:10023/6841 NetworkRequest [ TRACK_DEFAULT id=220, [ Capabilities: INTERNET&NOT_RESTRICTED&TRUSTED Unwanted:  Uid: 10023] ]
10-14 01:07:53.171  3169  3169 D PhoneSwitcherNetworkRequstListener: got request NetworkRequest [ TRACK_DEFAULT id=220, [ Capabilities: INTERNET&NOT_RESTRICTED&TRUSTED Unwanted:  Uid: 10023] ] with score 70
10-14 01:07:53.177  2953  3042 D ConnectivityService: releasing NetworkRequest [ TRACK_DEFAULT id=220, [ Capabilities: INTERNET&NOT_RESTRICTED&TRUSTED Unwanted:  Uid: 10023] ] (release request)
10-14 01:07:53.177  2953  2969 E NotificationService: Suppressing notification from package by user request.
10-14 01:07:53.302  2953 18154 I chatty  : uid=1000(system) Binder:2953_1E expire 1 line
10-14 01:07:53.303  2953  6840 I chatty  : uid=1000(system) Binder:2953_16 expire 1 line
10-14 01:07:53.303  2953  6693 D ConnectivityService: ConnectivityService NetworkRequestInfo binderDied(NetworkRequest [ LISTEN id=110, [ Capabilities: INTERNET&NOT_RESTRICTED&TRUSTED&FOREGROUND Unwanted:  Uid: 10088] ], android.os.BinderProxy@a177436)
10-14 01:07:53.303  2953 27918 D ConnectivityService: ConnectivityService NetworkRequestInfo binderDied(NetworkRequest [ TRACK_DEFAULT id=109, [ Capabilities: INTERNET&NOT_RESTRICTED&TRUSTED Unwanted:  Uid: 10088] ], android.os.BinderProxy@9291f37)
10-14 01:07:53.304  2953  3042 D ConnectivityService: releasing NetworkRequest [ TRACK_DEFAULT id=109, [ Capabilities: INTERNET&NOT_RESTRICTED&TRUSTED Unwanted:  Uid: 10088] ] (release request)
10-14 01:07:53.307  2953  2977 W ActivityManager: setHasOverlayUi called on unknown pid: 11469
10-14 01:07:53.311  2740  2740 I Zygote  : Process 11469 exited due to signal (9)
10-14 01:07:53.345  2953  2972 I chatty  : uid=1000(system) ActivityManager expire 2 lines
10-14 01:07:54.519  2760  2760 I memtrack@1.0-se: type=1400 audit(0.0:1937): avc: denied { read } for name="mem_profile" dev="debugfs" ino=2850 scontext=u:r:hal_memtrack_default:s0 tcontext=u:object_r:debugfs:s0 tclass=file permissive=1
10-14 01:07:54.519  2760  2760 I memtrack@1.0-se: type=1400 audit(0.0:1938): avc: denied { open } for path="/sys/kernel/debug/mali0/ctx/3106_3/mem_profile" dev="debugfs" ino=2850 scontext=u:r:hal_memtrack_default:s0 tcontext=u:object_r:debugfs:s0 tclass=file permissive=1
10-14 01:07:54.519  2760  2760 I memtrack@1.0-se: type=1400 audit(0.0:1939): avc: denied { getattr } for path="/sys/kernel/debug/mali0/ctx/3106_3/mem_profile" dev="debugfs" ino=2850 scontext=u:r:hal_memtrack_default:s0 tcontext=u:object_r:debugfs:s0 tclass=file permissive=1
10-14 01:08:00.494  3483  9152 E WakeLock: GCM_HB_ALARM release without a matched acquire!
10-14 01:08:01.551  4078  4078 D skia    : --- Failed to create image decoder with message 'unimplemented'
10-14 01:08:21.627  4078  4078 D skia    : --- Failed to create image decoder with message 'unimplemented'
10-14 01:08:23.190  2953  4992 D ConnectivityService: requestNetwork for uid/pid:10023/6841 NetworkRequest [ TRACK_DEFAULT id=221, [ Capabilities: INTERNET&NOT_RESTRICTED&TRUSTED Unwanted:  Uid: 10023] ]
10-14 01:08:23.192  3169  3169 D PhoneSwitcherNetworkRequstListener: got request NetworkRequest [ TRACK_DEFAULT id=221, [ Capabilities: INTERNET&NOT_RESTRICTED&TRUSTED Unwanted:  Uid: 10023] ] with score 70
10-14 01:08:23.199  2953  2969 E NotificationService: Suppressing notification from package by user request.
10-14 01:08:23.206  2953  3042 D ConnectivityService: releasing NetworkRequest [ TRACK_DEFAULT id=221, [ Capabilities: INTERNET&NOT_RESTRICTED&TRUSTED Unwanted:  Uid: 10023] ] (release request)
10-14 01:08:23.224  6841  6971 E WM-WorkerWrapper: Didn't find WorkSpec for id 5fd15304-b7f3-40cd-b24c-d68fd12d3bfb
10-14 01:08:31.631  4078  4078 D skia    : --- Failed to create image decoder with message 'unimplemented'
10-14 01:08:44.940  2787  2821 E storaged: getDiskStats failed with result NOT_SUPPORTED and size 0
10-14 01:08:51.687  4078  4078 D skia    : --- Failed to create image decoder with message 'unimplemented'
10-14 01:08:53.211  2953  4992 D ConnectivityService: requestNetwork for uid/pid:10023/6841 NetworkRequest [ TRACK_DEFAULT id=222, [ Capabilities: INTERNET&NOT_RESTRICTED&TRUSTED Unwanted:  Uid: 10023] ]
10-14 01:08:53.214  3169  3169 D PhoneSwitcherNetworkRequstListener: got request NetworkRequest [ TRACK_DEFAULT id=222, [ Capabilities: INTERNET&NOT_RESTRICTED&TRUSTED Unwanted:  Uid: 10023] ] with score 70
10-14 01:08:53.221  2953  2969 E NotificationService: Suppressing notification from package by user request.
10-14 01:08:53.221  2953  3042 D ConnectivityService: releasing NetworkRequest [ TRACK_DEFAULT id=222, [ Capabilities: INTERNET&NOT_RESTRICTED&TRUSTED Unwanted:  Uid: 10023] ] (release request)
10-14 01:09:01.701  4078  4078 D skia    : --- Failed to create image decoder with message 'unimplemented'
10-14 01:09:21.741  4078  4078 I chatty  : uid=10079(com.antutu.ABenchMark) identical 10 lines
10-14 01:09:21.751  4078  4078 D skia    : --- Failed to create image decoder with message 'unimplemented'
10-14 01:09:23.232  2953  6840 D ConnectivityService: requestNetwork for uid/pid:10023/6841 NetworkRequest [ TRACK_DEFAULT id=223, [ Capabilities: INTERNET&NOT_RESTRICTED&TRUSTED Unwanted:  Uid: 10023] ]
10-14 01:09:23.234  2953  3039 I chatty  : uid=1000(system) WifiStateMachin expire 7 lines
10-14 01:09:23.234  3169  3169 D PhoneSwitcherNetworkRequstListener: got request NetworkRequest [ TRACK_DEFAULT id=223, [ Capabilities: INTERNET&NOT_RESTRICTED&TRUSTED Unwanted:  Uid: 10023] ] with score 70
10-14 01:09:23.238  2953  2969 E NotificationService: Suppressing notification from package by user request.
10-14 01:09:23.240  2953  3042 D ConnectivityService: releasing NetworkRequest [ TRACK_DEFAULT id=223, [ Capabilities: INTERNET&NOT_RESTRICTED&TRUSTED Unwanted:  Uid: 10023] ] (release request)
10-14 01:09:31.756  4078  4078 D skia    : --- Failed to create image decoder with message 'unimplemented'
10-14 01:09:44.940  2787  2821 E storaged: getDiskStats failed with result NOT_SUPPORTED and size 0
10-14 01:09:51.829  4078  4078 D skia    : --- Failed to create image decoder with message 'unimplemented'
10-14 01:09:53.251  2953  4864 D ConnectivityService: requestNetwork for uid/pid:10023/6841 NetworkRequest [ TRACK_DEFAULT id=224, [ Capabilities: INTERNET&NOT_RESTRICTED&TRUSTED Unwanted:  Uid: 10023] ]
10-14 01:09:53.254  3169  3169 D PhoneSwitcherNetworkRequstListener: got request NetworkRequest [ TRACK_DEFAULT id=224, [ Capabilities: INTERNET&NOT_RESTRICTED&TRUSTED Unwanted:  Uid: 10023] ] with score 70
10-14 01:09:53.258  2953  2969 E NotificationService: Suppressing notification from package by user request.
10-14 01:09:53.270  2953  3042 D ConnectivityService: releasing NetworkRequest [ TRACK_DEFAULT id=224, [ Capabilities: INTERNET&NOT_RESTRICTED&TRUSTED Unwanted:  Uid: 10023] ] (release request)
10-14 01:09:56.193  4971  6218 I tnet-jni: 248 - [spdyPingRecvCallback] - 
10-14 01:09:56.193  4971  6218 I tnet-jni: 248 - [SpdySessionCallBack.spdyPingRecvCallback] - org.android.spdy.SpdySession@4031eff
10-14 01:10:01.841  4078  4078 D skia    : --- Failed to create image decoder with message 'unimplemented'
10-14 01:10:01.859  4078  4078 I tutu.ABenchMark: type=1400 audit(0.0:1940): avc: denied { open } for path="/proc/stat" dev="proc" ino=4026531957 scontext=u:r:untrusted_app_27:s0:c512,c768 tcontext=u:object_r:proc_stat:s0 tclass=file permissive=1
10-14 01:10:01.859  4078  4078 I tutu.ABenchMark: type=1400 audit(0.0:1941): avc: denied { getattr } for path="/proc/stat" dev="proc" ino=4026531957 scontext=u:r:untrusted_app_27:s0:c512,c768 tcontext=u:object_r:proc_stat:s0 tclass=file permissive=1
10-14 01:10:01.867  4078  4078 D skia    : --- Failed to create image decoder with message 'unimplemented'
10-14 01:10:11.875  4078  4078 D skia    : --- Failed to create image decoder with message 'unimplemented'
10-14 01:10:21.906  4078  4078 D skia    : --- Failed to create image decoder with message 'unimplemented'
10-14 01:10:23.281  2953 27918 D ConnectivityService: requestNetwork for uid/pid:10023/6841 NetworkRequest [ TRACK_DEFAULT id=225, [ Capabilities: INTERNET&NOT_RESTRICTED&TRUSTED Unwanted:  Uid: 10023] ]
10-14 01:10:23.283  3169  3169 D PhoneSwitcherNetworkRequstListener: got request NetworkRequest [ TRACK_DEFAULT id=225, [ Capabilities: INTERNET&NOT_RESTRICTED&TRUSTED Unwanted:  Uid: 10023] ] with score 70
10-14 01:10:23.293  6841  4507 W MessageQueue: Handler (amra) {c475088} sending message to a Handler on a dead thread
10-14 01:10:23.293  6841  4507 W MessageQueue: java.lang.IllegalStateException: Handler (amra) {c475088} sending message to a Handler on a dead thread
10-14 01:10:23.293  6841  4507 W MessageQueue: 	at android.os.MessageQueue.enqueueMessage(MessageQueue.java:546)
10-14 01:10:23.293  6841  4507 W MessageQueue: 	at android.os.Handler.enqueueMessage(Handler.java:745)
10-14 01:10:23.293  6841  4507 W MessageQueue: 	at android.os.Handler.sendMessageAtTime(Handler.java:697)
10-14 01:10:23.293  6841  4507 W MessageQueue: 	at android.os.Handler.sendMessageDelayed(Handler.java:667)
10-14 01:10:23.293  6841  4507 W MessageQueue: 	at android.os.Handler.postDelayed(Handler.java:469)
10-14 01:10:23.293  6841  4507 W MessageQueue: 	at amrd.f(PG:53)
10-14 01:10:23.293  6841  4507 W MessageQueue: 	at amra.handleMessage(PG:218)
10-14 01:10:23.293  6841  4507 W MessageQueue: 	at android.os.Handler.dispatchMessage(Handler.java:106)
10-14 01:10:23.293  6841  4507 W MessageQueue: 	at android.os.Looper.loop(Looper.java:193)
10-14 01:10:23.293  6841  4507 W MessageQueue: 	at android.os.HandlerThread.run(HandlerThread.java:65)
10-14 01:10:23.303  2953  2969 E NotificationService: Suppressing notification from package by user request.
10-14 01:10:23.305  2953  2969 E NotificationService: Suppressing notification from package by user request.
10-14 01:10:23.305  2953  3042 D ConnectivityService: releasing NetworkRequest [ TRACK_DEFAULT id=225, [ Capabilities: INTERNET&NOT_RESTRICTED&TRUSTED Unwanted:  Uid: 10023] ] (release request)
10-14 01:10:23.307  2953  4864 I chatty  : uid=1000(system) Binder:2953_C expire 2 lines
10-14 01:10:23.508  6841  4514 W YouTube : Transfer wakelock held for 200 ms
10-14 01:10:23.534  2953  2969 E NotificationService: Suppressing notification from package by user request.
10-14 01:10:31.915  4078  4078 D skia    : --- Failed to create image decoder with message 'unimplemented'
10-14 01:10:31.923  4078  4078 I tutu.ABenchMark: type=1400 audit(0.0:1942): avc: denied { read } for name="temp" dev="sysfs" ino=8951 scontext=u:r:untrusted_app_27:s0:c512,c768 tcontext=u:object_r:sysfs:s0 tclass=file permissive=1
10-14 01:10:31.923  4078  4078 I tutu.ABenchMark: type=1400 audit(0.0:1943): avc: denied { open } for path="/sys/devices/virtual/thermal/thermal_zone0/temp" dev="sysfs" ino=8951 scontext=u:r:untrusted_app_27:s0:c512,c768 tcontext=u:object_r:sysfs:s0 tclass=file permissive=1
10-14 01:10:31.923  4078  4078 I tutu.ABenchMark: type=1400 audit(0.0:1944): avc: denied { getattr } for path="/sys/devices/virtual/thermal/thermal_zone0/temp" dev="sysfs" ino=8951 scontext=u:r:untrusted_app_27:s0:c512,c768 tcontext=u:object_r:sysfs:s0 tclass=file permissive=1
10-14 01:10:31.928  4078  4078 D skia    : --- Failed to create image decoder with message 'unimplemented'
10-14 01:10:41.943  4078  4078 D skia    : --- Failed to create image decoder with message 'unimplemented'
10-14 01:10:44.940  2787  2821 E storaged: getDiskStats failed with result NOT_SUPPORTED and size 0
10-14 01:10:51.966  4078  4078 I chatty  : uid=10079(com.antutu.ABenchMark) identical 2 lines
10-14 01:10:51.978  4078  4078 D skia    : --- Failed to create image decoder with message 'unimplemented'
