10-14 03:45:49.073 29897 29897 I KOIN    : +-- 'com.locnall.KimGiSa.analytics.BaseLogger'
10-14 03:45:49.073 29897 29897 I KOIN    : |	+-- 'f.m.a.h.e'
10-14 03:45:49.074 29897 29897 I KOIN    : |	+-- 'f.m.a.x.a.c.d.n'
10-14 03:45:49.074 29897 29897 I KOIN    : |	|	+-- 'f.m.a.k.a.b'
10-14 03:45:49.075 29897 29897 I KOIN    : |	|	\-- (*) Created
10-14 03:45:49.075 29897 29897 I KOIN    : |	|	+-- 'f.m.a.k.c.a'
10-14 03:45:49.075 29897 29897 I KOIN    : |	|	|	+-- 'f.m.a.u.d'
10-14 03:45:49.076 29897 29897 I KOIN    : |	|	|	|	+-- 'android.content.Context'
10-14 03:45:49.078 29897 29897 I KOIN    : |	|	|	\-- (*) Created
10-14 03:45:49.078 29897 29897 I KOIN    : |	|	\-- (*) Created
10-14 03:45:49.079 29897 29897 I KOIN    : |	|	+-- 'f.m.a.x.a.a.c.a.b'
10-14 03:45:49.079 29897 29897 I KOIN    : |	|	\-- (*) Created
10-14 03:45:49.079 29897 29897 I KOIN    : |	\-- (*) Created
10-14 03:45:49.080 29897 29897 I KOIN    : \-- (*) Created
10-14 03:45:49.096 29897 29897 I WebViewFactory: Loading com.android.webview version 66.0.3359.158 (code 336015805)
10-14 03:45:49.117 29897 29897 I cr_LibraryLoader: Time to load native libraries: 2 ms (timestamps 982-984)
10-14 03:45:49.121 29897 29897 I chromium: [INFO:library_loader_hooks.cc(36)] Chromium logging enabled: level = 0, default verbosity = 0
10-14 03:45:49.121 29897 29897 I cr_LibraryLoader: Expected native library version number "66.0.3359.158", actual native library version number "66.0.3359.158"
10-14 03:45:49.140 29897 29897 I KOIN    : +-- 'com.locnall.KimGiSa.analytics.appsflyer.AppsFlyerLogger'
10-14 03:45:49.141 29897 29897 I KOIN    : \-- (*) Created
10-14 03:45:49.153 29897 29897 D AppsFlyer_5.0.2: Initializing AppsFlyer SDK: (v5.0.2.284)
10-14 03:45:49.304 29897 29908 I locnall.KimGiS: Background concurrent copying GC freed 82069(6MB) AllocSpace objects, 24(576KB) LOS objects, 50% free, 9MB/19MB, paused 138us total 104.204ms
10-14 03:45:49.343 29897 29897 D NaviXkakaoI: contentViewState: NONE -> INIT accepted
10-14 03:45:49.358 29897 29897 I KOIN    : +-- 'com.locnall.KimGiSa.analytics.BaseLogger'
10-14 03:45:49.395 29897 29936 I FA      : Tag Manager is not found and thus will not be used
10-14 03:45:49.396 29897 30044 D NetworkSecurityConfig: No Network Security Config specified, using platform default
10-14 03:45:49.400  2953 27918 I GnssLocationProvider: WakeLock acquired by sendMessage(SET_REQUEST, 0, com.android.server.location.GnssLocationProvider$GpsRequest@d0f36e7)
10-14 03:45:49.400  2755  2755 D libmbm-gps: odroid_gps_set_position_mode:enter  GPS_POSITION_MODE_MS_BASED min_interval = 1000 pref=0
10-14 03:45:49.400  2755  2755 E libmbm-gps: MS_BASED mode setting SUPL
10-14 03:45:49.400  2755  2755 D libmbm-gps: odroid_gps_set_position_mode: exit 0
10-14 03:45:49.401  2755  2755 E libmbm-gps: Failed to open a GPS device (/dev/ttyACM0)
10-14 03:45:49.401  2953  2968 I GnssLocationProvider: WakeLock released by handleMessage(SET_REQUEST, 0, com.android.server.location.GnssLocationProvider$GpsRequest@d0f36e7)
10-14 03:45:49.402 29897 29897 I KOIN    : +-- 'com.locnall.KimGiSa.analytics.BaseLogger'
10-14 03:45:49.405 29897 29897 D NaviXkakaoI: bindActivity: ComponentInfo{com.locnall.KimGiSa/com.locnall.KimGiSa.activity.IntroActivity}
10-14 03:45:49.409 29897 29897 D OpenGLRenderer: Skia GL Pipeline
10-14 03:45:49.466 18817 18908 W GCoreFlp: No location to return for getLastLocation()
10-14 03:45:49.474 29897 30010 W locnall.KimGiS: Unknown chunk type '200'.
10-14 03:45:49.483  2756  2902 I [Gralloc]: framebuffer hal alread move to hwcomposer
10-14 03:45:49.489 29897 30055 I ConfigStore: android::hardware::configstore::V1_0::ISurfaceFlingerConfigs::hasWideColorDisplay retrieved: 0
10-14 03:45:49.490 29897 30055 I ConfigStore: android::hardware::configstore::V1_0::ISurfaceFlingerConfigs::hasHDRDisplay retrieved: 0
10-14 03:45:49.490 29897 30055 I OpenGLRenderer: Initialized EGL, version 1.4
10-14 03:45:49.490 29897 30055 D OpenGLRenderer: Swap behavior 2
10-14 03:45:49.497  2756  2902 I [Gralloc]: framebuffer hal alread move to hwcomposer
10-14 03:45:49.491  2768  2768 I Binder:2768_3: type=1400 audit(0.0:4921): avc: denied { read } for name="gralloc.odroidn2.so" dev="mmcblk0p12" ino=705 scontext=u:r:surfaceflinger:s0 tcontext=u:object_r:vendor_file:s0 tclass=file permissive=1
10-14 03:45:49.541  2756  2902 I [Gralloc]: framebuffer hal alread move to hwcomposer
10-14 03:45:49.541  2756  2902 E gralloc : ioctl c0144900 failed with code -1: Operation not permitted
10-14 03:45:49.545 29897 30055 D mali_winsys: EGLint new_window_surface(egl_winsys_display *, void *, EGLSurface, EGLConfig, egl_winsys_surface **, EGLBoolean) returns 0x3000
10-14 03:45:49.557  2756  2902 I [Gralloc]: framebuffer hal alread move to hwcomposer
10-14 03:45:49.557  2756  2902 E gralloc : ioctl c0144900 failed with code -1: Operation not permitted
10-14 03:45:49.491  2768  2768 I Binder:2768_3: type=1400 audit(0.0:4922): avc: denied { open } for path="/vendor/lib/hw/gralloc.odroidn2.so" dev="mmcblk0p12" ino=705 scontext=u:r:surfaceflinger:s0 tcontext=u:object_r:vendor_file:s0 tclass=file permissive=1
10-14 03:45:49.535  2768  2768 I Binder:2768_3: type=1400 audit(0.0:4924): avc: denied { read } for name="gralloc.odroidn2.so" dev="mmcblk0p12" ino=705 scontext=u:r:surfaceflinger:s0 tcontext=u:object_r:vendor_file:s0 tclass=file permissive=1
10-14 03:45:49.563 29897 29897 I RenderThread: type=1400 audit(0.0:4926): avc: denied { execute } for path="/vendor/lib/hw/gralloc.odroidn2.so" dev="mmcblk0p12" ino=705 scontext=u:r:untrusted_app:s0:c98,c256,c512,c768 tcontext=u:object_r:vendor_file:s0 tclass=file permissive=1
10-14 03:45:49.581 29897 29897 D NaviXkakaoI: contentViewState: INIT -> NONE accepted
10-14 03:45:49.582 29897 29897 D NaviXkakaoI: isSessionFinished change: false -> true UNKNOWN / false
10-14 03:45:49.597  2953  2977 I ActivityManager: Displayed com.locnall.KimGiSa/.activity.IntroActivity: +1s565ms
10-14 03:45:49.601 29897 29897 D kakaoNavi: ================== ReleseLogger ==================
10-14 03:45:49.608  2756  2902 I [Gralloc]: framebuffer hal alread move to hwcomposer
10-14 03:45:49.621  2756  2902 I [Gralloc]: framebuffer hal alread move to hwcomposer
10-14 03:45:49.633 18817 18908 W GCoreFlp: No location to return for getLastLocation()
10-14 03:45:49.671  2953 10983 I GnssLocationProvider: WakeLock acquired by sendMessage(SET_REQUEST, 0, com.android.server.location.GnssLocationProvider$GpsRequest@3a234c7)
10-14 03:45:49.671  2755  2755 D libmbm-gps: odroid_gps_set_position_mode:enter  GPS_POSITION_MODE_MS_BASED min_interval = 900 pref=0
10-14 03:45:49.671  2755  2755 E libmbm-gps: MS_BASED mode setting SUPL
10-14 03:45:49.671  2755  2755 D libmbm-gps: odroid_gps_set_position_mode: exit 0
10-14 03:45:49.671  2953  2968 I GnssLocationProvider: WakeLock released by handleMessage(SET_REQUEST, 0, com.android.server.location.GnssLocationProvider$GpsRequest@3a234c7)
10-14 03:45:49.870 29897 29897 I KOIN    : +-- 'f.m.a.x.a.c.d.h'
10-14 03:45:49.870 29897 29897 I KOIN    : |	+-- 'f.m.a.k.b.a.b'
10-14 03:45:49.870 29897 29897 I KOIN    : |	|	+-- 'f.m.a.x.c.t'
10-14 03:45:49.871 29897 29897 I KOIN    : |	|	|	+-- 'android.content.Context'
10-14 03:45:49.871 29897 29897 I KOIN    : |	|	|	+-- 'com.kakao.KakaoNaviSDK.KakaoNaviSDK_Private'
10-14 03:45:49.871 29897 29897 I KOIN    : |	|	|	\-- (*) Created
10-14 03:45:49.871 29897 29897 I KOIN    : |	|	\-- (*) Created
10-14 03:45:49.871 29897 29897 I KOIN    : |	\-- (*) Created
10-14 03:45:49.872 29897 29897 I KOIN    : |	+-- 'f.m.a.k.a.a'
10-14 03:45:49.872 29897 29897 I KOIN    : |	\-- (*) Created
10-14 03:45:49.872 29897 29897 I KOIN    : \-- (*) Created
10-14 03:45:49.886 29897 29897 I KOIN    : +-- 'f.m.a.x.d.g.h'
10-14 03:45:49.887 29897 29897 I KOIN    : |	+-- 'f.m.a.x.a.c.d.o'
10-14 03:45:49.888 29897 29897 I KOIN    : |	|	+-- 'f.m.a.k.b.a.b'
10-14 03:45:49.888 29897 29897 I KOIN    : |	|	+-- 'f.m.a.k.c.a'
10-14 03:45:49.889 29897 29897 I KOIN    : |	|	+-- 'f.m.a.x.a.a.c.a.c'
10-14 03:45:49.889 29897 29897 I KOIN    : |	|	|	+-- 'f.m.a.x.c.t'
10-14 03:45:49.890 29897 29897 I KOIN    : |	|	\-- (*) Created
10-14 03:45:49.890 29897 29897 I KOIN    : |	|	+-- 'f.m.a.x.a.a.c.a.d'
10-14 03:45:49.890 29897 29897 I KOIN    : |	|	|	+-- 'f.m.a.x.c.t'
10-14 03:45:49.891 29897 29897 I KOIN    : |	|	\-- (*) Created
10-14 03:45:49.891 29897 29897 I KOIN    : |	|	+-- 'f.m.a.x.b.a.d.f'
10-14 03:45:49.892 29897 29897 I KOIN    : |	|	\-- (*) Created
10-14 03:45:49.892 29897 29897 I KOIN    : |	|	+-- 'f.m.a.x.a.a.c.a.b'
10-14 03:45:49.893 29897 29897 I KOIN    : |	\-- (*) Created
10-14 03:45:49.893 29897 29897 I KOIN    : |	+-- 'f.m.a.x.a.c.d.o'
10-14 03:45:49.894 29897 29897 I KOIN    : |	|	+-- 'f.m.a.x.a.a.d.a.a'
10-14 03:45:49.895 29897 29897 I KOIN    : |	|	|	+-- 'f.m.b.b.b.a'
10-14 03:45:49.895 29897 29897 I KOIN    : |	|	|	|	+-- 'f.m.a.x.c.x'
10-14 03:45:49.897 29897 29897 I KOIN    : |	|	|	|	\-- (*) Created
10-14 03:45:49.897  3169  3446 E PhoneInterfaceManager: [PhoneIntfMgr] getIccId: No UICC
10-14 03:45:49.897 29897 29897 I KOIN    : |	|	|	\-- (*) Created
10-14 03:45:49.897 29897 29897 I KOIN    : |	|	\-- (*) Created
10-14 03:45:49.898 29897 29897 I KOIN    : |	|	+-- 'f.m.a.x.b.a.d.j'
10-14 03:45:49.898 29897 29897 I KOIN    : |	|	|	+-- 'f.m.a.x.b.a.d.i'
10-14 03:45:49.899 29897 29897 I KOIN    : |	|	|	\-- (*) Created
10-14 03:45:49.899 29897 29897 I KOIN    : |	|	|	+-- 'f.m.a.x.b.a.d.g'
10-14 03:45:49.899 29897 29897 I KOIN    : |	|	|	\-- (*) Created
10-14 03:45:49.899 29897 29897 I KOIN    : |	|	|	+-- 'f.m.a.x.b.a.d.e'
10-14 03:45:49.900 29897 29897 I KOIN    : |	|	|	|	+-- 'f.m.a.x.b.a.d.g'
10-14 03:45:49.900 29897 29897 I KOIN    : |	|	|	\-- (*) Created
10-14 03:45:49.900 29897 29897 I KOIN    : |	|	|	+-- 'f.m.a.x.b.a.d.b'
10-14 03:45:49.900 29897 29897 I KOIN    : |	|	|	\-- (*) Created
10-14 03:45:49.901 29897 29897 I KOIN    : |	|	|	+-- 'f.m.a.x.b.a.d.d'
10-14 03:45:49.901 29897 29897 I KOIN    : |	|	|	\-- (*) Created
10-14 03:45:49.901 29897 29897 I KOIN    : |	|	\-- (*) Created
10-14 03:45:49.901 29897 29897 I KOIN    : |	|	+-- 'f.m.a.x.b.a.d.k'
10-14 03:45:49.902 29897 29897 I KOIN    : |	|	|	+-- 'f.m.a.x.b.a.d.i'
10-14 03:45:49.902 29897 29897 I KOIN    : |	|	|	+-- 'f.m.a.x.b.a.d.g'
10-14 03:45:49.902 29897 29897 I KOIN    : |	|	|	+-- 'f.m.a.x.b.a.d.e'
10-14 03:45:49.903 29897 29897 I KOIN    : |	|	|	+-- 'f.m.a.x.b.a.d.b'
10-14 03:45:49.903 29897 29897 I KOIN    : |	|	|	+-- 'f.m.a.x.b.a.d.d'
10-14 03:45:49.903 29897 29897 I KOIN    : |	|	\-- (*) Created
10-14 03:45:49.904 29897 29897 I KOIN    : |	\-- (*) Created
10-14 03:45:49.904 29897 29897 I KOIN    : |	+-- 'f.m.a.x.a.c.d.n'
10-14 03:45:49.904 29897 29897 I KOIN    : |	+-- 'f.m.a.x.a.c.a.c'
10-14 03:45:49.905 29897 29897 I KOIN    : |	|	+-- 'f.m.a.x.a.a.a.e'
10-14 03:45:49.905  3169  3446 E PhoneInterfaceManager: [PhoneIntfMgr] getIccId: No UICC
10-14 03:45:49.905 29897 29897 I KOIN    : |	|	|	+-- 'android.app.Application'
10-14 03:45:49.905 29897 29897 I KOIN    : |	|	|	\-- (*) Created
10-14 03:45:49.905 29897 29897 I KOIN    : |	|	\-- (*) Created
10-14 03:45:49.906 29897 29897 I KOIN    : |	\-- (*) Created
10-14 03:45:49.906 29897 29897 I KOIN    : |	+-- 'f.m.a.x.b.c.a.b'
10-14 03:45:49.906 29897 29897 I KOIN    : |	|	+-- 'f.m.a.x.a.c.a.a'
10-14 03:45:49.907 29897 29897 I KOIN    : |	|	|	+-- 'f.m.a.x.a.a.a.a'
10-14 03:45:49.907 29897 29897 I KOIN    : |	|	|	\-- (*) Created
10-14 03:45:49.907 29897 29897 I KOIN    : |	|	\-- (*) Created
10-14 03:45:49.907 29897 29897 I KOIN    : |	\-- (*) Created
10-14 03:45:49.907 29897 29897 I KOIN    : \-- (*) Created
10-14 03:45:49.914 29897 29897 I KOIN    : +-- 'com.locnall.KimGiSa.analytics.appsflyer.AppsFlyerLogger'
10-14 03:45:50.005 29897 29897 I KOIN    : +-- 'f.m.a.u.c'
10-14 03:45:50.005 29897 29897 I KOIN    : |	+-- 'android.app.Application'
10-14 03:45:50.006 29897 29897 I KOIN    : |	+-- 'f.m.a.x.a.c.d.h'
10-14 03:45:50.006 29897 29897 I KOIN    : \-- (*) Created
10-14 03:45:50.009 29897 29897 E libEGL  : call to OpenGL ES API with no current context (logged once per thread)
10-14 03:45:50.093  3527  3527 W LauncherTransition: Failed to animate, surface got destroyed.
10-14 03:45:50.113  2768  2841 E BufferQueueProducer: [com.android.launcher3/com.android.launcher3.Launcher#0] disconnect: not connected (req=1)
10-14 03:45:50.113  3527  3638 W libEGL  : EGLNativeWindowType 0xe7d7d808 disconnect failed
10-14 03:45:50.372  2953  6693 I ActivityManager: START u0 {flg=0x34000000 cmp=com.locnall.KimGiSa/.activity.MainActivity} from uid 10098
10-14 03:45:50.393 29897 29897 W ActivityThread: handleWindowVisibility: no activity for token android.os.BinderProxy@153097d
10-14 03:45:50.451 29897 29897 D NaviXkakaoI: contentViewState: NONE -> INIT accepted
10-14 03:45:50.461 29897 29897 I KOIN    : +-- 'f.m.a.x.d.g.b'
10-14 03:45:50.462 29897 29897 I KOIN    : |	+-- 'f.m.a.x.b.c.d.a'
10-14 03:45:50.462 29897 29897 I KOIN    : |	|	+-- 'f.m.a.x.a.c.d.h'
10-14 03:45:50.462 29897 29897 I KOIN    : |	\-- (*) Created
10-14 03:45:50.462 29897 29897 I KOIN    : |	+-- 'f.m.a.x.b.c.a.a'
10-14 03:45:50.463 29897 29897 I KOIN    : |	|	+-- 'f.m.a.x.a.c.a.a'
10-14 03:45:50.463 29897 29897 I KOIN    : |	\-- (*) Created
10-14 03:45:50.463 29897 29897 I KOIN    : |	+-- 'f.m.a.x.b.c.g.A'
10-14 03:45:50.463 29897 29897 I KOIN    : |	|	+-- 'f.m.a.x.a.c.d.n'
10-14 03:45:50.463 29897 29897 I KOIN    : |	\-- (*) Created
10-14 03:45:50.463 29897 29897 I KOIN    : |	+-- 'f.m.a.x.b.c.g.aa'
10-14 03:45:50.464 29897 29897 I KOIN    : |	|	+-- 'f.m.a.x.a.c.d.o'
10-14 03:45:50.464 29897 29897 I KOIN    : |	|	+-- 'f.m.a.x.a.c.d.o'
10-14 03:45:50.464 29897 29897 I KOIN    : |	|	+-- 'f.m.a.x.a.c.d.n'
10-14 03:45:50.464 29897 29897 I KOIN    : |	\-- (*) Created
10-14 03:45:50.464 29897 29897 I KOIN    : \-- (*) Created
10-14 03:45:50.543 29897 29897 I KOIN    : +-- 'f.m.a.x.b.c.b.n'
10-14 03:45:50.544 29897 29897 I KOIN    : |	+-- 'f.m.a.x.a.c.d.h'
10-14 03:45:50.544 29897 29897 I KOIN    : |	+-- 'f.m.a.x.a.c.d.n'
10-14 03:45:50.544 29897 29897 I KOIN    : \-- (*) Created
10-14 03:45:50.581 29897 29897 I KOIN    : +-- 'com.locnall.KimGiSa.analytics.BaseLogger'
10-14 03:45:50.582 29897 29897 D NaviXkakaoI: bindActivity: ComponentInfo{com.locnall.KimGiSa/com.locnall.KimGiSa.activity.MainActivity}
10-14 03:45:50.603 29897 29897 W locnall.KimGiS: Accessing hidden method Ljava/net/InetSocketAddress;-><init>()V (dark greylist, reflection)
10-14 03:45:50.639 29897 29897 I KOIN    : +-- 'com.locnall.KimGiSa.analytics.BaseLogger'
10-14 03:45:50.644 29897 29897 I KOIN    : +-- 'f.m.a.x.a.c.d.n'
10-14 03:45:50.647 29897 29897 I KOIN    : +-- 'com.locnall.KimGiSa.analytics.BaseLogger'
10-14 03:45:50.666  2756  2902 I [Gralloc]: framebuffer hal alread move to hwcomposer
10-14 03:45:50.672  2756  2902 I chatty  : uid=1000(system) HwBinder:2756_1 identical 1 line
10-14 03:45:50.675  2756  2902 I [Gralloc]: framebuffer hal alread move to hwcomposer
10-14 03:45:50.679 29897 30055 D mali_winsys: EGLint new_window_surface(egl_winsys_display *, void *, EGLSurface, EGLConfig, egl_winsys_surface **, EGLBoolean) returns 0x3000
10-14 03:45:50.740 29897 30032 E         : ApiException(url='https://app.i.kakao.com/api/client/auth/v0/sdk/getUser?check_term=true', code=204, handled=false)
10-14 03:45:50.831  2768  2768 D SurfaceFlinger: duplicate layer name: changing com.locnall.KimGiSa/com.locnall.KimGiSa.activity.MainActivity to com.locnall.KimGiSa/com.locnall.KimGiSa.activity.MainActivity#1
10-14 03:45:50.834  2756  2902 I [Gralloc]: framebuffer hal alread move to hwcomposer
10-14 03:45:50.834 29897 30055 D mali_winsys: EGLint new_window_surface(egl_winsys_display *, void *, EGLSurface, EGLConfig, egl_winsys_surface **, EGLBoolean) returns 0x3000
10-14 03:45:50.839  2756  2902 I [Gralloc]: framebuffer hal alread move to hwcomposer
10-14 03:45:50.846  2756  2902 I [Gralloc]: framebuffer hal alread move to hwcomposer
10-14 03:45:50.846  2756  2902 E gralloc : ioctl c0144900 failed with code -1: Operation not permitted
10-14 03:45:50.913 29897 29897 D ViewRootImpl[MainActivity]: updatePointerIcon called with position out of bounds
10-14 03:45:50.921  2756  2902 I [Gralloc]: framebuffer hal alread move to hwcomposer
10-14 03:45:50.928  3169  3446 E PhoneInterfaceManager: [PhoneIntfMgr] getIccId: No UICC
10-14 03:45:50.929  2756  2902 I [Gralloc]: framebuffer hal alread move to hwcomposer
10-14 03:45:50.929  2756  2902 E gralloc : ioctl c0144900 failed with code -1: Operation not permitted
10-14 03:45:50.935  3169  3446 E PhoneInterfaceManager: [PhoneIntfMgr] getIccId: No UICC
10-14 03:45:50.944 29897 29897 D NaviXkakaoI: contentViewState: INIT -> NONE accepted
10-14 03:45:50.946 29897 29897 D NaviXkakaoI: isSessionFinished change: false -> true UNKNOWN / false
10-14 03:45:50.950  2756  2902 I [Gralloc]: framebuffer hal alread move to hwcomposer
10-14 03:45:50.960  2756  2902 I [Gralloc]: framebuffer hal alread move to hwcomposer
10-14 03:45:50.967  2953  2977 I ActivityManager: Displayed com.locnall.KimGiSa/.activity.MainActivity: +565ms
10-14 03:45:50.967  2768  2849 E BufferQueueProducer: [com.locnall.KimGiSa/com.locnall.KimGiSa.activity.MainActivity#0] disconnect: not connected (req=1)
10-14 03:45:50.968 29897 30055 W libEGL  : EGLNativeWindowType 0xc93e4808 disconnect failed
10-14 03:45:50.969  2768  2768 D SurfaceFlinger: duplicate layer name: changing Surface(name=372639a com.locnall.KimGiSa/com.locnall.KimGiSa.activity.MainActivity)/@0xb0936bb - animation-leash to Surface(name=372639a com.locnall.KimGiSa/com.locnall.KimGiSa.activity.MainActivity)/@0xb0936bb - animation-leash#1
10-14 03:45:50.976  2756  2902 I [Gralloc]: framebuffer hal alread move to hwcomposer
10-14 03:45:51.035  3169  3446 E PhoneInterfaceManager: [PhoneIntfMgr] getIccId: No UICC
10-14 03:45:51.082  3169  3446 I chatty  : uid=1001(radio) Binder:3169_5 identical 2 lines
10-14 03:45:51.087  3169  3446 E PhoneInterfaceManager: [PhoneIntfMgr] getIccId: No UICC
10-14 03:45:51.089  2747  2888 D audio-subMixingFactory: out_standby_subMixingPCM: out_stream(0xee3ca000) usecase: STREAM_PCM_NORMAL
10-14 03:45:51.089  2747  2888 I audio-subMixingFactory: ++usecase_change_validate_l_sm(), dev usecase masks = 0x1, is_standby = 1, out usecase STREAM_PCM_NORMAL
10-14 03:45:51.089  2747  2888 I audio-subMixingFactory: --usecase_change_validate_l_sm(), dev usecase masks = 0, is_standby = 1, out usecase STREAM_PCM_NORMAL
10-14 03:45:51.089  2747  2888 I amlaudioMixer: ++delete_mixer_input_port port ID: 0
10-14 03:45:51.089  2747  2907 E amlaudioMixer: mixer_do_mixing_16bit(), sys or direct pcm must exist!!!
10-14 03:45:51.128  2768  2950 W SurfaceFlinger: Attempting to set client state on removed layer: com.locnall.KimGiSa/com.locnall.KimGiSa.activity.MainActivity#0
10-14 03:45:51.128  2768  2950 W SurfaceFlinger: Attempting to destroy on removed layer: com.locnall.KimGiSa/com.locnall.KimGiSa.activity.MainActivity#0
10-14 03:45:51.144  2768  2849 W SurfaceFlinger: Attempting to set client state on removed layer: Dim Layer for - Task=54#0
10-14 03:45:51.144  2768  2849 W SurfaceFlinger: Attempting to destroy on removed layer: Dim Layer for - Task=54#0
10-14 03:45:51.399  2768  3557 E BufferQueueProducer: [com.locnall.KimGiSa/com.locnall.KimGiSa.activity.IntroActivity#0] disconnect: not connected (req=1)
10-14 03:45:51.399 29897 30055 W libEGL  : EGLNativeWindowType 0xc93e4008 disconnect failed
10-14 03:45:51.405 29897 29897 D NaviXkakaoI: unbindActivity: ComponentInfo{com.locnall.KimGiSa/com.locnall.KimGiSa.activity.IntroActivity}
10-14 03:45:51.405 29897 29897 D NaviXkakaoI: contentViewState: NONE -> NONE accepted
10-14 03:45:51.407 29897 29897 D NaviXkakaoI: isSessionFinished change: true -> true UNKNOWN / false
10-14 03:45:51.408 29897 29897 D NaviXkakaoI: unbindActivity: ComponentInfo{com.locnall.KimGiSa/com.locnall.KimGiSa.activity.IntroActivity}
10-14 03:45:51.408 29897 29897 D NaviXkakaoI: contentViewState: NONE -> NONE accepted
10-14 03:45:51.409 29897 29897 D NaviXkakaoI: isSessionFinished change: true -> true UNKNOWN / false
10-14 03:45:50.919 29897 29897 D ViewRootImpl[MainActivity]: updatePointerIcon called with position out of bounds
10-14 03:45:52.625  2953  4883 I ActivityManager: START u0 {cmp=com.locnall.KimGiSa/.activity.SearchActivity} from uid 10098
10-14 03:45:52.628  2747  7191 W amlaudioMixer: mixer_get_presentation_position(), port not ready now
10-14 03:45:52.628  2747  7191 W audio-subMixingFactory: out_get_presentation_position_port(), pts not valid yet
10-14 03:45:52.629  2747  7191 I audio-subMixingFactory: ++usecase_change_validate_l_sm: dev usecase masks = 0, out usecase_masks = 0, out usecase STREAM_PCM_NORMAL
10-14 03:45:52.629  2747  7191 I audio-subMixingFactory: ++++usecase_change_validate_l_sm(),continuous_audio_mode 0 dev usecase masks = 0, out usecase_masks = 0, out usecase STREAM_PCM_NORMAL
10-14 03:45:52.629  2747  7191 I audio-subMixingFactory: usecase_change_validate_l_sm(), mixer_aux_buffer_write_sm !
10-14 03:45:52.629  2747  7191 I audio-subMixingFactory: ----usecase_change_validate_l_sm(), continuous_audio_mode 0 dev usecase masks = 0x1, out usecase_masks = 0x1, out usecase STREAM_PCM_NORMAL
10-14 03:45:52.629  2747  7191 I aml_audio_port: get_input_port_index(), samplerate 48000
10-14 03:45:52.629  2747  7191 D aml_audio_port: new_input_port(), index:0, rbuf size:8192, direct_on:0
10-14 03:45:52.629  2747  7191 D aml_audio_port: new_input_port(), fmt 0x1, rate 48000
10-14 03:45:52.629  2747  7191 I amlaudioMixer: ++init_mixer_input_port port index 0, size 512 frames
10-14 03:45:52.629  2747  7191 I amlaudioMixer: init_mixer_input_port(), port->initial_frames: 134812672
10-14 03:45:52.629  2747  7191 I aml_audio_port: get_input_port_index(), samplerate 48000
10-14 03:45:52.629  2747  7191 I audio-subMixingFactory: mixer_aux_buffer_write_sm(), primary 0xee3ca000 port index = 0
10-14 03:45:52.629  2747  7191 I audio-subMixingFactory: padding_bytes 16384
10-14 03:45:52.629  2747  7191 I amlaudioMixer: port index 0 is active now
10-14 03:45:52.629  2747  7191 I audio-subMixingFactory: padding_bytes 14336
10-14 03:45:52.630  2747  7191 I audio-subMixingFactory: padding_bytes 12288
10-14 03:45:52.630  2747  7191 I audio-subMixingFactory: padding_bytes 10240
10-14 03:45:52.630  2747  7191 I audio-subMixingFactory: padding_bytes 8192
10-14 03:45:52.630  2747  7191 I audio-subMixingFactory: padding_bytes 6144
10-14 03:45:52.633  2747  7191 I audio-subMixingFactory: padding_bytes 4096
10-14 03:45:52.636  2747  7191 I audio-subMixingFactory: padding_bytes 2048
10-14 03:45:52.643  2747  7191 W amlaudioMixer: mixer_get_presentation_position(), not valid now
10-14 03:45:52.643  2747  7191 W audio-subMixingFactory: out_get_presentation_position_port(), pts not valid yet
10-14 03:45:52.645 29897 29897 W ActivityThread: handleWindowVisibility: no activity for token android.os.BinderProxy@4f64ee1
10-14 03:45:52.650 18890 18890 D skia    : --- Failed to create image decoder with message 'unimplemented'
10-14 03:45:52.654  2747  7191 W amlaudioMixer: mixer_get_presentation_position(), not valid now
10-14 03:45:52.654  2747  7191 W audio-subMixingFactory: out_get_presentation_position_port(), pts not valid yet
10-14 03:45:52.665 18890 18890 D skia    : --- Failed to create image decoder with message 'unimplemented'
10-14 03:45:52.680  2766  2911 D AudioFlinger: mixer(0xeb583ac0) throttle end: throttle time(5)
10-14 03:45:52.691 29897 29897 D NaviXkakaoI: contentViewState: NONE -> INIT accepted
10-14 03:45:52.659 18890 18890 I tutu.ABenchMark: type=1400 audit(0.0:4927): avc: denied { open } for path="/proc/stat" dev="proc" ino=4026531957 scontext=u:r:untrusted_app_27:s0:c512,c768 tcontext=u:object_r:proc_stat:s0 tclass=file permissive=1
10-14 03:45:52.774 29897 29897 I KOIN    : +-- 'com.locnall.KimGiSa.analytics.BaseLogger'
10-14 03:45:52.775 29897 29897 D NaviXkakaoI: bindActivity: ComponentInfo{com.locnall.KimGiSa/com.locnall.KimGiSa.activity.SearchActivity}
10-14 03:45:52.776 29897 29897 D NaviXkakaoI: contentViewState: NONE -> NONE accepted
10-14 03:45:52.777 29897 29897 D NaviXkakaoI: isSessionFinished change: true -> true UNKNOWN / false
10-14 03:45:52.779 29897 29897 I KOIN    : +-- 'com.locnall.KimGiSa.analytics.BaseLogger'
10-14 03:45:52.659 18890 18890 I tutu.ABenchMark: type=1400 audit(0.0:4929): avc: denied { read } for name="temp" dev="sysfs" ino=8951 scontext=u:r:untrusted_app_27:s0:c512,c768 tcontext=u:object_r:sysfs:s0 tclass=file permissive=1
10-14 03:45:52.799 29897 30032 E         : ApiException(url='https://app.i.kakao.com/api/client/auth/v0/sdk/getUser?check_term=true', code=204, handled=false)
10-14 03:45:52.659 18890 18890 I tutu.ABenchMark: type=1400 audit(0.0:4930): avc: denied { open } for path="/sys/devices/virtual/thermal/thermal_zone0/temp" dev="sysfs" ino=8951 scontext=u:r:untrusted_app_27:s0:c512,c768 tcontext=u:object_r:sysfs:s0 tclass=file permissive=1
10-14 03:45:52.894  2756  2902 I [Gralloc]: framebuffer hal alread move to hwcomposer
10-14 03:45:52.899  2756  2902 I chatty  : uid=1000(system) HwBinder:2756_1 identical 1 line
10-14 03:45:52.906  2756  2902 I [Gralloc]: framebuffer hal alread move to hwcomposer
10-14 03:45:52.906  2756  2902 E gralloc : ioctl c0144900 failed with code -1: Operation not permitted
10-14 03:45:52.910 29897 30055 D mali_winsys: EGLint new_window_surface(egl_winsys_display *, void *, EGLSurface, EGLConfig, egl_winsys_surface **, EGLBoolean) returns 0x3000
10-14 03:45:52.993 29897 29897 D NaviXkakaoI: contentViewState: INIT -> NONE accepted
10-14 03:45:52.994 29897 29897 D NaviXkakaoI: isSessionFinished change: false -> true UNKNOWN / false
10-14 03:45:52.998  2756  2902 I [Gralloc]: framebuffer hal alread move to hwcomposer
10-14 03:45:52.998  2756  2902 E gralloc : ioctl c0144900 failed with code -1: Operation not permitted
10-14 03:45:53.018  2953  2977 I ActivityManager: Displayed com.locnall.KimGiSa/.activity.SearchActivity: +378ms
10-14 03:45:53.019  2756  2902 I [Gralloc]: framebuffer hal alread move to hwcomposer
10-14 03:45:53.025  3089  3089 I LatinIME: Starting input. Cursor position = -1,-1
10-14 03:45:53.029  3089  3089 I InputAttributes: InputType.TYPE_NULL is specified
10-14 03:45:53.047  3089  3089 I LatinIME: Starting input. Cursor position = 0,0
10-14 03:45:53.058  2756  2902 I [Gralloc]: framebuffer hal alread move to hwcomposer
10-14 03:45:53.055  3106  3106 I RenderThread: type=1400 audit(0.0:4932): avc: denied { read } for name="gralloc.odroidn2.so" dev="mmcblk0p12" ino=705 scontext=u:r:platform_app:s0:c512,c768 tcontext=u:object_r:vendor_file:s0 tclass=file permissive=1
10-14 03:45:53.067  2756  2902 I [Gralloc]: framebuffer hal alread move to hwcomposer
10-14 03:45:53.082  2756  2902 I chatty  : uid=1000(system) HwBinder:2756_1 identical 1 line
10-14 03:45:53.097  2756  2902 I [Gralloc]: framebuffer hal alread move to hwcomposer
10-14 03:45:53.097  2756  2902 E gralloc : ioctl c0144900 failed with code -1: Operation not permitted
10-14 03:45:53.098  2756  2902 I [Gralloc]: framebuffer hal alread move to hwcomposer
10-14 03:45:53.102  2756  2902 E gralloc : ioctl c0144900 failed with code -1: Operation not permitted
10-14 03:45:53.103  2756  2902 I [Gralloc]: framebuffer hal alread move to hwcomposer
10-14 03:45:53.108  2756  2902 E gralloc : ioctl c0144900 failed with code -1: Operation not permitted
10-14 03:45:53.110  3089  7856 D mali_winsys: EGLint new_window_surface(egl_winsys_display *, void *, EGLSurface, EGLConfig, egl_winsys_surface **, EGLBoolean) returns 0x3000
10-14 03:45:53.116  2756  2902 I [Gralloc]: framebuffer hal alread move to hwcomposer
10-14 03:45:53.116  2756  2902 E gralloc : ioctl c0144900 failed with code -1: Operation not permitted
10-14 03:45:53.296  2756  2902 I [Gralloc]: framebuffer hal alread move to hwcomposer
10-14 03:45:53.297  2756  2902 E gralloc : ioctl c0144900 failed with code -1: Operation not permitted
10-14 03:45:53.448  2768  3557 W SurfaceFlinger: Attempting to set client state on removed layer: Surface(name=AppWindowToken{bfaa9e token=Token{9e300d9 ActivityRecord{f9f2f20 u0 com.locnall.KimGiSa/.activity.SearchActivity t54}}})/@0x71c406f - animation-leash#0
10-14 03:45:53.448  2768  3557 W SurfaceFlinger: Attempting to set client state on removed layer: Surface(name=AppWindowToken{6981c8d token=Token{955924 ActivityRecord{33bddb7 u0 com.locnall.KimGiSa/.activity.MainActivity t54}}})/@0xcecb53e - animation-leash#0
10-14 03:45:53.448  2768  3557 W SurfaceFlinger: Attempting to destroy on removed layer: Surface(name=AppWindowToken{bfaa9e token=Token{9e300d9 ActivityRecord{f9f2f20 u0 com.locnall.KimGiSa/.activity.SearchActivity t54}}})/@0x71c406f - animation-leash#0
10-14 03:45:53.448  2768  3557 W SurfaceFlinger: Attempting to destroy on removed layer: Surface(name=AppWindowToken{6981c8d token=Token{955924 ActivityRecord{33bddb7 u0 com.locnall.KimGiSa/.activity.MainActivity t54}}})/@0xcecb53e - animation-leash#0
10-14 03:45:53.465  2768  2849 E BufferQueueProducer: [com.locnall.KimGiSa/com.locnall.KimGiSa.activity.MainActivity#1] disconnect: not connected (req=1)
10-14 03:45:53.465 29897 30055 W libEGL  : EGLNativeWindowType 0xcca45008 disconnect failed
10-14 03:45:53.472 29897 29897 D NaviXkakaoI: unbindActivity: ComponentInfo{com.locnall.KimGiSa/com.locnall.KimGiSa.activity.MainActivity}
10-14 03:45:53.472 29897 29897 D NaviXkakaoI: contentViewState: NONE -> NONE accepted
10-14 03:45:53.473 29897 29897 D NaviXkakaoI: isSessionFinished change: true -> true UNKNOWN / false
10-14 03:45:53.479 29897 29897 W ViewRootImpl[MainActivity]: Cancelling event due to no window focus: MotionEvent { action=ACTION_CANCEL, actionButton=0, id[0]=0, x[0]=492.74283, y[0]=89.11742, toolType[0]=TOOL_TYPE_MOUSE, buttonState=0, metaState=0, flags=0x0, edgeFlags=0x0, pointerCount=1, historySize=0, eventTime=12805339, downTime=12804359, deviceId=4, source=0x2002 }
10-14 03:45:53.480  2756  2902 I [Gralloc]: framebuffer hal alread move to hwcomposer
10-14 03:45:53.599  2756  2902 I [Gralloc]: framebuffer hal alread move to hwcomposer
10-14 03:45:55.699  2747  2888 D audio-subMixingFactory: out_standby_subMixingPCM: out_stream(0xee3ca000) usecase: STREAM_PCM_NORMAL
10-14 03:45:55.699  2747  2888 I audio-subMixingFactory: ++usecase_change_validate_l_sm(), dev usecase masks = 0x1, is_standby = 1, out usecase STREAM_PCM_NORMAL
10-14 03:45:55.699  2747  2888 I audio-subMixingFactory: --usecase_change_validate_l_sm(), dev usecase masks = 0, is_standby = 1, out usecase STREAM_PCM_NORMAL
10-14 03:45:55.699  2747  2888 I amlaudioMixer: ++delete_mixer_input_port port ID: 0
10-14 03:45:55.699  2747  2907 E amlaudioMixer: mixer_do_mixing_16bit(), sys or direct pcm must exist!!!
10-14 03:45:57.499  2747  7191 W amlaudioMixer: mixer_get_presentation_position(), port not ready now
10-14 03:45:57.499  2747  7191 W audio-subMixingFactory: out_get_presentation_position_port(), pts not valid yet
10-14 03:45:57.500  2747  7191 I audio-subMixingFactory: ++usecase_change_validate_l_sm: dev usecase masks = 0, out usecase_masks = 0, out usecase STREAM_PCM_NORMAL
10-14 03:45:57.500  2747  7191 I audio-subMixingFactory: ++++usecase_change_validate_l_sm(),continuous_audio_mode 0 dev usecase masks = 0, out usecase_masks = 0, out usecase STREAM_PCM_NORMAL
10-14 03:45:57.500  2747  7191 I audio-subMixingFactory: usecase_change_validate_l_sm(), mixer_aux_buffer_write_sm !
10-14 03:45:57.500  2747  7191 I audio-subMixingFactory: ----usecase_change_validate_l_sm(), continuous_audio_mode 0 dev usecase masks = 0x1, out usecase_masks = 0x1, out usecase STREAM_PCM_NORMAL
10-14 03:45:57.500  2747  7191 I aml_audio_port: get_input_port_index(), samplerate 48000
10-14 03:45:57.500  2747  7191 D aml_audio_port: new_input_port(), index:0, rbuf size:8192, direct_on:0
10-14 03:45:57.500  2747  7191 D aml_audio_port: new_input_port(), fmt 0x1, rate 48000
10-14 03:45:57.500  2747  7191 I amlaudioMixer: ++init_mixer_input_port port index 0, size 512 frames
10-14 03:45:57.500  2747  7191 I amlaudioMixer: init_mixer_input_port(), port->initial_frames: 134961152
10-14 03:45:57.500  2747  7191 I aml_audio_port: get_input_port_index(), samplerate 48000
10-14 03:45:57.500  2747  7191 I audio-subMixingFactory: mixer_aux_buffer_write_sm(), primary 0xee3ca000 port index = 0
10-14 03:45:57.500  2747  7191 I audio-subMixingFactory: padding_bytes 16384
10-14 03:45:57.500  2747  7191 I amlaudioMixer: port index 0 is active now
10-14 03:45:57.500  2747  7191 I audio-subMixingFactory: padding_bytes 14336
10-14 03:45:57.500  2747  7191 I audio-subMixingFactory: padding_bytes 12288
10-14 03:45:57.500  2747  7191 I audio-subMixingFactory: padding_bytes 10240
10-14 03:45:57.500  2747  7191 I audio-subMixingFactory: padding_bytes 8192
10-14 03:45:57.500  2747  7191 I audio-subMixingFactory: padding_bytes 6144
10-14 03:45:57.503  2747  7191 I audio-subMixingFactory: padding_bytes 4096
10-14 03:45:57.506  2747  7191 I audio-subMixingFactory: padding_bytes 2048
10-14 03:45:57.510  2747  7191 W amlaudioMixer: mixer_get_presentation_position(), not valid now
10-14 03:45:57.510  2747  7191 W audio-subMixingFactory: out_get_presentation_position_port(), pts not valid yet
10-14 03:45:57.521  2747  7191 W amlaudioMixer: mixer_get_presentation_position(), not valid now
10-14 03:45:57.521  2747  7191 W audio-subMixingFactory: out_get_presentation_position_port(), pts not valid yet
10-14 03:45:57.541  2766  2911 D AudioFlinger: mixer(0xeb583ac0) throttle end: throttle time(2)
10-14 03:45:57.732  2756  2902 I [Gralloc]: framebuffer hal alread move to hwcomposer
10-14 03:45:57.733  2768  3557 E BufferQueueProducer: [InputMethod#0] disconnect: not connected (req=1)
10-14 03:45:57.734  3089  7856 W libEGL  : EGLNativeWindowType 0xcecf0808 disconnect failed
10-14 03:45:57.739  2756  2902 I [Gralloc]: framebuffer hal alread move to hwcomposer
10-14 03:45:57.758  3089  3089 D StrictMode: StrictMode policy violation; ~duration=0 ms: android.os.strictmode.DiskReadViolation
10-14 03:45:57.758  3089  3089 D StrictMode: 	at android.os.StrictMode$AndroidBlockGuardPolicy.onReadFromDisk(StrictMode.java:1506)
10-14 03:45:57.758  3089  3089 D StrictMode: 	at java.io.UnixFileSystem.checkAccess(UnixFileSystem.java:251)
10-14 03:45:57.758  3089  3089 D StrictMode: 	at java.io.File.exists(File.java:815)
10-14 03:45:57.758  3089  3089 D StrictMode: 	at android.app.ContextImpl.getDataDir(ContextImpl.java:2253)
10-14 03:45:57.758  3089  3089 D StrictMode: 	at android.app.ContextImpl.getPreferencesDir(ContextImpl.java:550)
10-14 03:45:57.758  3089  3089 D StrictMode: 	at android.app.ContextImpl.getSharedPreferencesPath(ContextImpl.java:747)
10-14 03:45:57.758  3089  3089 D StrictMode: 	at android.app.ContextImpl.getSharedPreferences(ContextImpl.java:400)
10-14 03:45:57.758  3089  3089 D StrictMode: 	at android.content.ContextWrapper.getSharedPreferences(ContextWrapper.java:174)
10-14 03:45:57.758  3089  3089 D StrictMode: 	at android.preference.PreferenceManager.getDefaultSharedPreferences(PreferenceManager.java:526)
10-14 03:45:57.758  3089  3089 D StrictMode: 	at com.android.inputmethod.latin.spellcheck.AndroidSpellCheckerService.onCreate(AndroidSpellCheckerService.java:98)
10-14 03:45:57.758  3089  3089 D StrictMode: 	at android.app.ActivityThread.handleCreateService(ActivityThread.java:3532)
10-14 03:45:57.758  3089  3089 D StrictMode: 	at android.app.ActivityThread.access$1300(ActivityThread.java:199)
10-14 03:45:57.758  3089  3089 D StrictMode: 	at android.app.ActivityThread$H.handleMessage(ActivityThread.java:1666)
10-14 03:45:57.758  3089  3089 D StrictMode: 	at android.os.Handler.dispatchMessage(Handler.java:106)
10-14 03:45:57.758  3089  3089 D StrictMode: 	at android.os.Looper.loop(Looper.java:193)
10-14 03:45:57.758  3089  3089 D StrictMode: 	at android.app.ActivityThread.main(ActivityThread.java:6669)
10-14 03:45:57.758  3089  3089 D StrictMode: 	at java.lang.reflect.Method.invoke(Native Method)
10-14 03:45:57.758  3089  3089 D StrictMode: 	at com.android.internal.os.RuntimeInit$MethodAndArgsCaller.run(RuntimeInit.java:493)
10-14 03:45:57.758  3089  3089 D StrictMode: 	at com.android.internal.os.ZygoteInit.main(ZygoteInit.java:858)
10-14 03:45:57.759  2768  2768 D SurfaceFlinger: duplicate layer name: changing com.locnall.KimGiSa/com.locnall.KimGiSa.activity.SearchActivity to com.locnall.KimGiSa/com.locnall.KimGiSa.activity.SearchActivity#1
10-14 03:45:57.762  3089  3089 D StrictMode: StrictMode policy violation; ~duration=0 ms: android.os.strictmode.DiskReadViolation
10-14 03:45:57.762  3089  3089 D StrictMode: 	at android.os.StrictMode$AndroidBlockGuardPolicy.onReadFromDisk(StrictMode.java:1506)
10-14 03:45:57.762  3089  3089 D StrictMode: 	at java.io.UnixFileSystem.checkAccess(UnixFileSystem.java:251)
10-14 03:45:57.762  3089  3089 D StrictMode: 	at java.io.File.exists(File.java:815)
10-14 03:45:57.762  3089  3089 D StrictMode: 	at android.app.ContextImpl.ensurePrivateDirExists(ContextImpl.java:605)
10-14 03:45:57.762  3089  3089 D StrictMode: 	at android.app.ContextImpl.ensurePrivateDirExists(ContextImpl.java:596)
10-14 03:45:57.762  3089  3089 D StrictMode: 	at android.app.ContextImpl.getPreferencesDir(ContextImpl.java:552)
10-14 03:45:57.762  3089  3089 D StrictMode: 	at android.app.ContextImpl.getSharedPreferencesPath(ContextImpl.java:747)
10-14 03:45:57.762  3089  3089 D StrictMode: 	at android.app.ContextImpl.getSharedPreferences(ContextImpl.java:400)
10-14 03:45:57.762  3089  3089 D StrictMode: 	at android.content.ContextWrapper.getSharedPreferences(ContextWrapper.java:174)
10-14 03:45:57.762  3089  3089 D StrictMode: 	at android.preference.PreferenceManager.getDefaultSharedPreferences(PreferenceManager.java:526)
10-14 03:45:57.762  3089  3089 D StrictMode: 	at com.android.inputmethod.latin.spellcheck.AndroidSpellCheckerService.onCreate(AndroidSpellCheckerService.java:98)
10-14 03:45:57.762  3089  3089 D StrictMode: 	at android.app.ActivityThread.handleCreateService(ActivityThread.java:3532)
10-14 03:45:57.762  3089  3089 D StrictMode: 	at android.app.ActivityThread.access$1300(ActivityThread.java:199)
10-14 03:45:57.762  3089  3089 D StrictMode: 	at android.app.ActivityThread$H.handleMessage(ActivityThread.java:1666)
10-14 03:45:57.762  3089  3089 D StrictMode: 	at android.os.Handler.dispatchMessage(Handler.java:106)
10-14 03:45:57.762  3089  3089 D StrictMode: 	at android.os.Looper.loop(Looper.java:193)
10-14 03:45:57.762  3089  3089 D StrictMode: 	at android.app.ActivityThread.main(ActivityThread.java:6669)
10-14 03:45:57.762  3089  3089 D StrictMode: 	at java.lang.reflect.Method.invoke(Native Method)
10-14 03:45:57.762  3089  3089 D StrictMode: 	at com.android.internal.os.RuntimeInit$MethodAndArgsCaller.run(RuntimeInit.java:493)
10-14 03:45:57.762  3089  3089 D StrictMode: 	at com.android.internal.os.ZygoteInit.main(ZygoteInit.java:858)
10-14 03:45:57.763  2756  2902 I [Gralloc]: framebuffer hal alread move to hwcomposer
10-14 03:45:53.479 29897 29897 I chatty  : uid=10098(com.locnall.KimGiSa) identical 2 lines
10-14 03:45:53.479 29897 29897 W ViewRootImpl[MainActivity]: Cancelling event due to no window focus: MotionEvent { action=ACTION_CANCEL, actionButton=0, id[0]=0, x[0]=492.74283, y[0]=89.11742, toolType[0]=TOOL_TYPE_MOUSE, buttonState=0, metaState=0, flags=0x0, edgeFlags=0x0, pointerCount=1, historySize=0, eventTime=12805339, downTime=12804359, deviceId=4, source=0x2002 }
10-14 03:45:57.773  2953  2969 W BroadcastQueue: Background execution not allowed: receiving Intent { act=android.intent.action.DROPBOX_ENTRY_ADDED flg=0x10 (has extras) } to com.google.android.gms/.stats.service.DropBoxEntryAddedReceiver
10-14 03:45:57.773  2953  2969 W BroadcastQueue: Background execution not allowed: receiving Intent { act=android.intent.action.DROPBOX_ENTRY_ADDED flg=0x10 (has extras) } to com.google.android.gms/.chimera.GmsIntentOperationService$PersistentTrustedReceiver
10-14 03:45:57.767  2756  2902 I chatty  : uid=1000(system) HwBinder:2756_1 identical 1 line
10-14 03:45:57.771  2756  2902 I [Gralloc]: framebuffer hal alread move to hwcomposer
10-14 03:45:57.775 29897 30055 D mali_winsys: EGLint new_window_surface(egl_winsys_display *, void *, EGLSurface, EGLConfig, egl_winsys_surface **, EGLBoolean) returns 0x3000
10-14 03:45:57.788 29897 29897 D ViewRootImpl[SearchActivity]: updatePointerIcon called with position out of bounds
10-14 03:45:57.789  2953  2969 W BroadcastQueue: Background execution not allowed: receiving Intent { act=android.intent.action.DROPBOX_ENTRY_ADDED flg=0x10 (has extras) } to com.google.android.gms/.stats.service.DropBoxEntryAddedReceiver
10-14 03:45:57.789  2953  2969 W BroadcastQueue: Background execution not allowed: receiving Intent { act=android.intent.action.DROPBOX_ENTRY_ADDED flg=0x10 (has extras) } to com.google.android.gms/.chimera.GmsIntentOperationService$PersistentTrustedReceiver
10-14 03:45:57.792  2756  2902 I [Gralloc]: framebuffer hal alread move to hwcomposer
10-14 03:45:57.861 29897 29897 D ViewRootImpl[SearchActivity]: updatePointerIcon called with position out of bounds
10-14 03:45:57.884  2756  2902 I chatty  : uid=1000(system) HwBinder:2756_1 identical 1 line
10-14 03:45:57.985  2756  2902 I [Gralloc]: framebuffer hal alread move to hwcomposer
10-14 03:45:57.999 29897 29897 I KOIN    : +-- 'com.locnall.KimGiSa.analytics.appsflyer.AppsFlyerLogger'
10-14 03:45:58.119  2768  3557 E BufferQueueProducer: [com.locnall.KimGiSa/com.locnall.KimGiSa.activity.SearchActivity#1] disconnect: not connected (req=1)
10-14 03:45:58.120 29897 30055 W libEGL  : EGLNativeWindowType 0xcca45008 disconnect failed
10-14 03:45:58.176 29897 29897 I KOIN    : +-- 'android.content.Context'
10-14 03:45:58.167  2760  2760 I memtrack@1.0-se: type=1400 audit(0.0:4944): avc: denied { read } for name="mem_profile" dev="debugfs" ino=1070319 scontext=u:r:hal_memtrack_default:s0 tcontext=u:object_r:debugfs:s0 tclass=file permissive=1
10-14 03:45:58.293  2768  3557 W SurfaceFlinger: Attempting to set client state on removed layer: com.locnall.KimGiSa/com.locnall.KimGiSa.activity.SearchActivity#1
10-14 03:45:58.294  2768  3557 W SurfaceFlinger: Attempting to destroy on removed layer: com.locnall.KimGiSa/com.locnall.KimGiSa.activity.SearchActivity#1
10-14 03:45:58.306  2768  3557 W SurfaceFlinger: Attempting to set client state on removed layer: Dim Layer for - Task=54#0
10-14 03:45:58.307  2768  3557 W SurfaceFlinger: Attempting to destroy on removed layer: Dim Layer for - Task=54#0
10-14 03:45:58.167  2760  2760 I memtrack@1.0-se: type=1400 audit(0.0:4946): avc: denied { getattr } for path="/sys/kernel/debug/mali0/ctx/29897_88/mem_profile" dev="debugfs" ino=1070319 scontext=u:r:hal_memtrack_default:s0 tcontext=u:object_r:debugfs:s0 tclass=file permissive=1
10-14 03:45:58.397 29897 30457 D mali_winsys: EGLint new_window_surface(egl_winsys_display *, void *, EGLSurface, EGLConfig, egl_winsys_surface **, EGLBoolean) returns 0x3000
10-14 03:45:58.495  2756  2902 I [Gralloc]: framebuffer hal alread move to hwcomposer
10-14 03:45:58.576  2756  2902 I chatty  : uid=1000(system) HwBinder:2756_1 identical 2 lines
10-14 03:45:59.052  2756  2902 I [Gralloc]: framebuffer hal alread move to hwcomposer
10-14 03:45:59.158 29897 29908 I locnall.KimGiS: Background concurrent copying GC freed 226268(8MB) AllocSpace objects, 17(500KB) LOS objects, 50% free, 19MB/39MB, paused 156us total 318.087ms
10-14 03:45:59.257  2756  2902 I [Gralloc]: framebuffer hal alread move to hwcomposer
10-14 03:46:00.085  2756  2902 I [Gralloc]: framebuffer hal alread move to hwcomposer
10-14 03:46:00.139 19141 19141 I ABenchMark:push: type=1400 audit(0.0:4947): avc: denied { open } for path="/proc/vmstat" dev="proc" ino=4026531993 scontext=u:r:untrusted_app_27:s0:c512,c768 tcontext=u:object_r:proc_vmstat:s0 tclass=file permissive=1
10-14 03:45:58.086 29897 29897 I chatty  : uid=10098(com.locnall.KimGiSa) identical 1 line
10-14 03:45:58.103 29897 29897 D ViewRootImpl[SearchActivity]: updatePointerIcon called with position out of bounds
10-14 03:46:00.460  2953  6046 I ActivityManager: START u0 {flg=0x20000000 cmp=com.locnall.KimGiSa/.activity.DestinationGuidanceActivity (has extras)} from uid 10098
10-14 03:46:00.484 29897 29897 W ActivityThread: handleWindowVisibility: no activity for token android.os.BinderProxy@ff889ca
10-14 03:46:00.529 29897 29897 D NaviXkakaoI: contentViewState: NONE -> INIT accepted
10-14 03:46:00.595 29897 29897 W StaticLayout: maxLineHeight should not be -1.  maxLines:2 lineCount:2
10-14 03:46:00.598 29897 29897 I chatty  : uid=10098(com.locnall.KimGiSa) identical 6 lines
10-14 03:46:00.598 29897 29897 W StaticLayout: maxLineHeight should not be -1.  maxLines:2 lineCount:2
10-14 03:46:00.604 29897 29897 I KOIN    : +-- 'com.locnall.KimGiSa.analytics.BaseLogger'
10-14 03:46:00.605 29897 29897 D NaviXkakaoI: bindActivity: ComponentInfo{com.locnall.KimGiSa/com.locnall.KimGiSa.activity.DestinationGuidanceActivity}
10-14 03:46:00.606 29897 29897 D NaviXkakaoI: contentViewState: NONE -> NONE accepted
10-14 03:46:00.607 29897 29897 D NaviXkakaoI: isSessionFinished change: true -> true UNKNOWN / false
10-14 03:46:00.609 29897 29897 D NaviXkakaoI: bindActivity: ComponentInfo{com.locnall.KimGiSa/com.locnall.KimGiSa.activity.DestinationGuidanceActivity}
10-14 03:46:00.634 29897 30032 E         : ApiException(url='https://app.i.kakao.com/api/client/auth/v0/sdk/getUser?check_term=true', code=204, handled=false)
10-14 03:46:00.640  2756  2902 I [Gralloc]: framebuffer hal alread move to hwcomposer
10-14 03:46:00.649  2756  2903 I [Gralloc]: framebuffer hal alread move to hwcomposer
10-14 03:46:00.655  2756  2903 I [Gralloc]: framebuffer hal alread move to hwcomposer
10-14 03:46:00.655  2756  2903 E gralloc : ioctl c0144900 failed with code -1: Operation not permitted
10-14 03:46:00.656 29897 30055 D mali_winsys: EGLint new_window_surface(egl_winsys_display *, void *, EGLSurface, EGLConfig, egl_winsys_surface **, EGLBoolean) returns 0x3000
10-14 03:46:00.689 29897 29897 D NaviXkakaoI: contentViewState: INIT -> NONE accepted
10-14 03:46:00.689 29897 29897 D NaviXkakaoI: isSessionFinished change: false -> true UNKNOWN / false
10-14 03:46:00.695  2756  2903 I [Gralloc]: framebuffer hal alread move to hwcomposer
10-14 03:46:00.695  2756  2903 E gralloc : ioctl c0144900 failed with code -1: Operation not permitted
10-14 03:46:00.704 29897 30538 E         : ApiException(url='https://app.i.kakao.com/api/client/auth/v0/sdk/getUser?check_term=true', code=204, handled=false)
10-14 03:46:00.707  2768  2768 D SurfaceFlinger: duplicate layer name: changing com.locnall.KimGiSa/com.locnall.KimGiSa.activity.DestinationGuidanceActivity to com.locnall.KimGiSa/com.locnall.KimGiSa.activity.DestinationGuidanceActivity#1
10-14 03:46:00.710 29897 30055 D mali_winsys: EGLint new_window_surface(egl_winsys_display *, void *, EGLSurface, EGLConfig, egl_winsys_surface **, EGLBoolean) returns 0x3000
10-14 03:46:00.711  2756  2903 I [Gralloc]: framebuffer hal alread move to hwcomposer
10-14 03:46:00.716  2756  2903 I [Gralloc]: framebuffer hal alread move to hwcomposer
10-14 03:46:00.720  2756  2902 I [Gralloc]: framebuffer hal alread move to hwcomposer
10-14 03:46:00.727 29897 29897 D kakaoNavi: DestinationGuidanceActiity.getRouteInfo() DRIVE
10-14 03:46:00.731 29897 29897 D kakaoNavi: DestinationGuidanceActiity.getDirections() start = 현재 위치 end = 천천푸르지오아파트 viaList size = 0
10-14 03:46:00.731 29897 29897 D kakaoNavi: DestinationGuidanceActiity.createRouteRequestData() start = 현재 위치 end = 천천푸르지오아파트 viaList size = 0
10-14 03:46:00.733 29897 29897 D kakaoNavi: DestinationGuidanceActiity.requestFullRoute()
10-14 03:46:00.733 29897 29897 I KOIN    : +-- 'f.m.a.m.m.o'
10-14 03:46:00.733 29897 29897 I KOIN    : |	+-- 'f.m.a.m.l.n'
10-14 03:46:00.737 29897 29897 I KOIN    : |	|	+-- 'f.m.b.b.b.b'
10-14 03:46:00.738 29897 29897 I KOIN    : |	|	|	+-- 'f.m.a.x.c.x'
10-14 03:46:00.739 29897 29897 I KOIN    : |	|	\-- (*) Created
10-14 03:46:00.739 29897 29897 I KOIN    : |	|	+-- 'f.m.a.x.c.x'
10-14 03:46:00.739 29897 29897 I KOIN    : |	\-- (*) Created
10-14 03:46:00.740 29897 29897 I KOIN    : \-- (*) Created
10-14 03:46:00.740 29897 29897 D kakaoNavi: NaviRoutePlugin.requestFullRoute() > rgrpContainer = com.kakao.KakaoNaviSDK.Engine.DGuidance.KNRGRPContainer@f58f0ff , routeInfo = null, stacktrace = com.locnall.KimGiSa.activity.DestinationGuidanceActivity, a
10-14 03:46:00.753  2756  2902 I [Gralloc]: framebuffer hal alread move to hwcomposer
10-14 03:46:00.772  2756  2902 I chatty  : uid=1000(system) HwBinder:2756_1 identical 2 lines
10-14 03:46:00.780  2756  2902 I [Gralloc]: framebuffer hal alread move to hwcomposer
10-14 03:46:00.791  2953  2977 I ActivityManager: Displayed com.locnall.KimGiSa/.activity.DestinationGuidanceActivity: +300ms
10-14 03:46:00.865  2756  2902 I [Gralloc]: framebuffer hal alread move to hwcomposer
10-14 03:46:00.977 29897 29897 D ViewRootImpl[DestinationGuidanceActivity]: updatePointerIcon called with position out of bounds
10-14 03:46:01.231  2768  2849 E BufferQueueProducer: [SurfaceView - com.locnall.KimGiSa/com.locnall.KimGiSa.activity.SearchActivity#0] disconnect: not connected (req=1)
10-14 03:46:01.231 29897 30457 W libEGL  : EGLNativeWindowType 0xc42fb808 disconnect failed
10-14 03:46:01.234  2768  2849 E BufferQueueProducer: [com.locnall.KimGiSa/com.locnall.KimGiSa.activity.SearchActivity#0] disconnect: not connected (req=1)
10-14 03:46:01.234 29897 30055 W libEGL  : EGLNativeWindowType 0xc4ce2008 disconnect failed
10-14 03:46:01.241 29897 29897 D NaviXkakaoI: unbindActivity: ComponentInfo{com.locnall.KimGiSa/com.locnall.KimGiSa.activity.SearchActivity}
10-14 03:46:01.242 29897 29897 D NaviXkakaoI: contentViewState: NONE -> NONE accepted
10-14 03:46:01.242 29897 29897 D NaviXkakaoI: isSessionFinished change: true -> true UNKNOWN / false
