10-14 00:47:25.862  3089  3089 D StrictMode: 	at android.os.Handler.dispatchMessage(Handler.java:106)
10-14 00:47:25.862  3089  3089 D StrictMode: 	at android.os.Looper.loop(Looper.java:193)
10-14 00:47:25.862  3089  3089 D StrictMode: 	at android.app.ActivityThread.main(ActivityThread.java:6669)
10-14 00:47:25.862  3089  3089 D StrictMode: 	at java.lang.reflect.Method.invoke(Native Method)
10-14 00:47:25.862  3089  3089 D StrictMode: 	at com.android.internal.os.RuntimeInit$MethodAndArgsCaller.run(RuntimeInit.java:493)
10-14 00:47:25.862  3089  3089 D StrictMode: 	at com.android.internal.os.ZygoteInit.main(ZygoteInit.java:858)
10-14 00:47:25.865  3089  3089 D StrictMode: StrictMode policy violation; ~duration=1 ms: android.os.strictmode.DiskReadViolation
10-14 00:47:25.865  3089  3089 D StrictMode: 	at android.os.StrictMode$AndroidBlockGuardPolicy.onReadFromDisk(StrictMode.java:1506)
10-14 00:47:25.865  3089  3089 D StrictMode: 	at java.io.UnixFileSystem.checkAccess(UnixFileSystem.java:251)
10-14 00:47:25.865  3089  3089 D StrictMode: 	at java.io.File.exists(File.java:815)
10-14 00:47:25.865  3089  3089 D StrictMode: 	at android.app.ContextImpl.ensurePrivateDirExists(ContextImpl.java:605)
10-14 00:47:25.865  3089  3089 D StrictMode: 	at android.app.ContextImpl.ensurePrivateDirExists(ContextImpl.java:596)
10-14 00:47:25.865  3089  3089 D StrictMode: 	at android.app.ContextImpl.getPreferencesDir(ContextImpl.java:552)
10-14 00:47:25.865  3089  3089 D StrictMode: 	at android.app.ContextImpl.getSharedPreferencesPath(ContextImpl.java:747)
10-14 00:47:25.865  3089  3089 D StrictMode: 	at android.app.ContextImpl.getSharedPreferences(ContextImpl.java:400)
10-14 00:47:25.865  3089  3089 D StrictMode: 	at android.content.ContextWrapper.getSharedPreferences(ContextWrapper.java:174)
10-14 00:47:25.865  3089  3089 D StrictMode: 	at android.preference.PreferenceManager.getDefaultSharedPreferences(PreferenceManager.java:526)
10-14 00:47:25.865  3089  3089 D StrictMode: 	at com.android.inputmethod.latin.spellcheck.AndroidSpellCheckerService.onCreate(AndroidSpellCheckerService.java:98)
10-14 00:47:25.865  3089  3089 D StrictMode: 	at android.app.ActivityThread.handleCreateService(ActivityThread.java:3532)
10-14 00:47:25.865  3089  3089 D StrictMode: 	at android.app.ActivityThread.access$1300(ActivityThread.java:199)
10-14 00:47:25.865  3089  3089 D StrictMode: 	at android.app.ActivityThread$H.handleMessage(ActivityThread.java:1666)
10-14 00:47:25.865  3089  3089 D StrictMode: 	at android.os.Handler.dispatchMessage(Handler.java:106)
10-14 00:47:25.865  3089  3089 D StrictMode: 	at android.os.Looper.loop(Looper.java:193)
10-14 00:47:25.865  3089  3089 D StrictMode: 	at android.app.ActivityThread.main(ActivityThread.java:6669)
10-14 00:47:25.865  3089  3089 D StrictMode: 	at java.lang.reflect.Method.invoke(Native Method)
10-14 00:47:25.865  3089  3089 D StrictMode: 	at com.android.internal.os.RuntimeInit$MethodAndArgsCaller.run(RuntimeInit.java:493)
10-14 00:47:25.865  3089  3089 D StrictMode: 	at com.android.internal.os.ZygoteInit.main(ZygoteInit.java:858)
10-14 00:47:25.874  2953  2969 W BroadcastQueue: Background execution not allowed: receiving Intent { act=android.intent.action.DROPBOX_ENTRY_ADDED flg=0x10 (has extras) } to com.google.android.gms/.stats.service.DropBoxEntryAddedReceiver
10-14 00:47:25.874  2953  2969 W BroadcastQueue: Background execution not allowed: receiving Intent { act=android.intent.action.DROPBOX_ENTRY_ADDED flg=0x10 (has extras) } to com.google.android.gms/.chimera.GmsIntentOperationService$PersistentTrustedReceiver
10-14 00:47:25.875 28027 28027 E RecyclerView: No adapter attached; skipping layout
10-14 00:47:25.880  2953  2969 W BroadcastQueue: Background execution not allowed: receiving Intent { act=android.intent.action.DROPBOX_ENTRY_ADDED flg=0x10 (has extras) } to com.google.android.gms/.stats.service.DropBoxEntryAddedReceiver
10-14 00:47:25.881  2953  2969 W BroadcastQueue: Background execution not allowed: receiving Intent { act=android.intent.action.DROPBOX_ENTRY_ADDED flg=0x10 (has extras) } to com.google.android.gms/.chimera.GmsIntentOperationService$PersistentTrustedReceiver
10-14 00:47:25.889  2756  2903 I [Gralloc]: framebuffer hal alread move to hwcomposer
10-14 00:47:26.091  2756  2903 I [Gralloc]: framebuffer hal alread move to hwcomposer
10-14 00:47:27.830  3089  3089 I LatinIME: Starting input. Cursor position = 0,0
10-14 00:47:27.832  3089  3246 I LatinIME:LogUtils: Dictionary info: dictionary = spellcheck_userunigram.en_US ; version = 1602604047 ; date = ?
10-14 00:47:27.847 29613 29613 I Zygote  : seccomp disabled by setenforce 0
10-14 00:47:27.849  2953  2971 I ActivityManager: Start proc 29613:android.process.acore/u0a10 for content provider com.android.providers.userdictionary/.UserDictionaryProvider
10-14 00:47:27.852 29613 29613 W d.process.acor: Using default instruction set features for ARM CPU variant (cortex-a9) using conservative defaults
10-14 00:47:27.890  2768  2768 D SurfaceFlinger: duplicate layer name: changing net.daum.android.map/com.kakao.map.main.view.MainActivity to net.daum.android.map/com.kakao.map.main.view.MainActivity#1
10-14 00:47:27.894  2756  2903 I [Gralloc]: framebuffer hal alread move to hwcomposer
10-14 00:47:27.894  2756  2903 E gralloc : ioctl c0144900 failed with code -1: Operation not permitted
10-14 00:47:27.895  2756  2903 I [Gralloc]: framebuffer hal alread move to hwcomposer
10-14 00:47:27.899  2756  2903 E gralloc : ioctl c0144900 failed with code -1: Operation not permitted
10-14 00:47:27.900  2756  2903 I [Gralloc]: framebuffer hal alread move to hwcomposer
10-14 00:47:27.905  2756  2903 E gralloc : ioctl c0144900 failed with code -1: Operation not permitted
10-14 00:47:27.906 28027 28135 D mali_winsys: EGLint new_window_surface(egl_winsys_display *, void *, EGLSurface, EGLConfig, egl_winsys_surface **, EGLBoolean) returns 0x3000
10-14 00:47:27.919  2756  2903 I [Gralloc]: framebuffer hal alread move to hwcomposer
10-14 00:47:27.919  2756  2903 E gralloc : ioctl c0144900 failed with code -1: Operation not permitted
10-14 00:47:27.938  2756  2903 I [Gralloc]: framebuffer hal alread move to hwcomposer
10-14 00:47:27.938  2756  2903 E gralloc : ioctl c0144900 failed with code -1: Operation not permitted
10-14 00:47:27.959  2756  2903 I [Gralloc]: framebuffer hal alread move to hwcomposer
10-14 00:47:27.959  2756  2903 E gralloc : ioctl c0144900 failed with code -1: Operation not permitted
10-14 00:47:27.964 29613 29613 I ContactsPerf: VoicemailContentProvider.onCreate start
10-14 00:47:27.903  2768  2768 I Binder:2768_3: type=1400 audit(0.0:1564): avc: denied { read } for name="gralloc.odroidn2.so" dev="mmcblk0p12" ino=705 scontext=u:r:surfaceflinger:s0 tcontext=u:object_r:vendor_file:s0 tclass=file permissive=1
10-14 00:47:27.980  2768  2950 E BufferQueueProducer: [net.daum.android.map/com.kakao.map.main.view.MainActivity#1] disconnect: not connected (req=1)
10-14 00:47:27.980 28027 28135 W libEGL  : EGLNativeWindowType 0xe0c98808 disconnect failed
10-14 00:47:27.981 29613 29613 I ContactsPerf: VoicemailContentProvider.onCreate finish
10-14 00:47:27.981  2768  2768 D SurfaceFlinger: duplicate layer name: changing Surface(name=d8eba68 net.daum.android.map/com.kakao.map.main.view.MainActivity)/@0x7013e81 - animation-leash to Surface(name=d8eba68 net.daum.android.map/com.kakao.map.main.view.MainActivity)/@0x7013e81 - animation-leash#1
10-14 00:47:27.984  2768  2768 D SurfaceFlinger: duplicate layer name: changing Surface(name=Dim Layer for - Task=15)/@0xcabc3b2 - animation-leash to Surface(name=Dim Layer for - Task=15)/@0xcabc3b2 - animation-leash#1
10-14 00:47:27.997  2756  2903 I [Gralloc]: framebuffer hal alread move to hwcomposer
10-14 00:47:27.903  2768  2768 I Binder:2768_3: type=1400 audit(0.0:1565): avc: denied { open } for path="/vendor/lib/hw/gralloc.odroidn2.so" dev="mmcblk0p12" ino=705 scontext=u:r:surfaceflinger:s0 tcontext=u:object_r:vendor_file:s0 tclass=file permissive=1
10-14 00:47:28.026  2756  2903 I [Gralloc]: framebuffer hal alread move to hwcomposer
10-14 00:47:28.048  2768  2950 E BufferQueueProducer: [InputMethod#0] disconnect: not connected (req=1)
10-14 00:47:28.051  3089  7856 W libEGL  : EGLNativeWindowType 0xcec67008 disconnect failed
10-14 00:47:28.052 29613 29632 D ContactsDatabaseHelper: WAL enabled for contacts2.db: true
10-14 00:47:27.903  2768  2768 I Binder:2768_3: type=1400 audit(0.0:1566): avc: denied { getattr } for path="/vendor/lib/hw/gralloc.odroidn2.so" dev="mmcblk0p12" ino=705 scontext=u:r:surfaceflinger:s0 tcontext=u:object_r:vendor_file:s0 tclass=file permissive=1
10-14 00:47:28.072  2756  2903 I [Gralloc]: framebuffer hal alread move to hwcomposer
10-14 00:47:28.019  3089  3089 I RenderThread: type=1400 audit(0.0:1567): avc: denied { read } for name="gralloc.odroidn2.so" dev="mmcblk0p12" ino=705 scontext=u:r:untrusted_app_25:s0:c512,c768 tcontext=u:object_r:vendor_file:s0 tclass=file permissive=1
10-14 00:47:28.167  4078  4078 D skia    : --- Failed to create image decoder with message 'unimplemented'
10-14 00:47:28.019  3089  3089 I RenderThread: type=1400 audit(0.0:1569): avc: denied { getattr } for path="/vendor/lib/hw/gralloc.odroidn2.so" dev="mmcblk0p12" ino=705 scontext=u:r:untrusted_app_25:s0:c512,c768 tcontext=u:object_r:vendor_file:s0 tclass=file permissive=1
10-14 00:47:28.170  2768  3293 W SurfaceFlinger: Attempting to set client state on removed layer: net.daum.android.map/com.kakao.map.main.view.MainActivity#1
10-14 00:47:28.170  2768  3293 W SurfaceFlinger: Attempting to destroy on removed layer: net.daum.android.map/com.kakao.map.main.view.MainActivity#1
10-14 00:47:28.023  3106  3106 I RenderThread: type=1400 audit(0.0:1570): avc: denied { read } for name="gralloc.odroidn2.so" dev="mmcblk0p12" ino=705 scontext=u:r:platform_app:s0:c512,c768 tcontext=u:object_r:vendor_file:s0 tclass=file permissive=1
10-14 00:47:28.175  2768  3293 W SurfaceFlinger: Attempting to set client state on removed layer: Dim Layer for - Task=15#0
10-14 00:47:28.175  2768  3293 W SurfaceFlinger: Attempting to destroy on removed layer: Dim Layer for - Task=15#0
10-14 00:47:28.187  3089  3246 I LatinIME:LogUtils: Dictionary info: dictionary = main:en ; version = 54 ; date = 1414726273
10-14 00:47:28.196  3089  3246 I LatinIME:LogUtils: Dictionary info: dictionary = spellcheck_userunigram.en_US ; version = 1602604048 ; date = ?
10-14 00:47:28.206 29613 29632 I ContactLocale: AddressBook Labels [[en_US]]: [, A, B, C, D, E, F, G, H, I, J, K, L, M, N, O, P, Q, R, S, T, U, V, W, X, Y, Z, , , , , , , , , , , , , , , , , , , , , , , , , , , , , , , , , , , , , , , , , , , , , , , , , , , , , , , , , , , , , , , , , , , , , , , , , , , , , , , , , , , , , , , , , , , , , , , , , , , , , , , , , , , , , , , , , , , , , , , , , , , , , , , , , , , , , , , , , , , , , , , , , , , , , , , , , , , , , , , , , , , , , , , , , , , , , , , , , , , , , , , , , , , #, ]
10-14 00:47:28.240  4078  4078 D skia    : --- Failed to create image decoder with message 'unimplemented'
10-14 00:47:28.248 28027 28027 W IInputConnectionWrapper: getTextAfterCursor on inactive InputConnection
10-14 00:47:28.251 28027 28027 W IInputConnectionWrapper: getTextBeforeCursor on inactive InputConnection
10-14 00:47:28.248  3089  3246 I LatinIME:LogUtils: Dictionary info: dictionary = main:en ; version = 54 ; date = 1414726273
10-14 00:47:28.253 28027 28027 W IInputConnectionWrapper: getTextAfterCursor on inactive InputConnection
10-14 00:47:28.268 29613 29632 D ContactsDatabaseHelper: WAL enabled for profile.db: false
10-14 00:47:32.571  2747  2888 D audio-subMixingFactory: out_standby_subMixingPCM: out_stream(0xee3ca000) usecase: STREAM_PCM_NORMAL
10-14 00:47:32.571  2747  2888 I audio-subMixingFactory: ++usecase_change_validate_l_sm(), dev usecase masks = 0x1, is_standby = 1, out usecase STREAM_PCM_NORMAL
10-14 00:47:32.571  2747  2888 I audio-subMixingFactory: --usecase_change_validate_l_sm(), dev usecase masks = 0, is_standby = 1, out usecase STREAM_PCM_NORMAL
10-14 00:47:32.571  2747  2888 I amlaudioMixer: ++delete_mixer_input_port port ID: 0
10-14 00:47:38.258  4078  4078 D skia    : --- Failed to create image decoder with message 'unimplemented'
10-14 00:47:38.272  4078  4078 D skia    : --- Failed to create image decoder with message 'unimplemented'
10-14 00:47:38.672  2756  2903 I [Gralloc]: framebuffer hal alread move to hwcomposer
10-14 00:47:38.671  2953  2953 I android.display: type=1400 audit(0.0:1578): avc: denied { read } for name="gralloc.odroidn2.so" dev="mmcblk0p12" ino=705 scontext=u:r:system_server:s0 tcontext=u:object_r:vendor_file:s0 tclass=file permissive=1
10-14 00:47:39.400  2756  2903 I [Gralloc]: framebuffer hal alread move to hwcomposer
10-14 00:47:40.957  2756  2903 I chatty  : uid=1000(system) HwBinder:2756_2 identical 2 lines
10-14 00:47:41.177  2756  2903 I [Gralloc]: framebuffer hal alread move to hwcomposer
10-14 00:47:41.194  2768  2768 E SurfaceFlinger: [Sprite#0] rejecting buffer: bufWidth=32, bufHeight=32, front.active.{w=28, h=36}
10-14 00:47:41.194  2756  2903 I [Gralloc]: framebuffer hal alread move to hwcomposer
10-14 00:47:42.498  2768  2768 E SurfaceFlinger: [Sprite#0] rejecting buffer: bufWidth=32, bufHeight=32, front.active.{w=28, h=36}
10-14 00:47:43.396  2768  2768 E SurfaceFlinger: [Sprite#0] rejecting buffer: bufWidth=28, bufHeight=36, front.active.{w=32, h=32}
10-14 00:47:43.396  2756  2903 I [Gralloc]: framebuffer hal alread move to hwcomposer
10-14 00:47:43.500  2747  7191 W amlaudioMixer: mixer_get_presentation_position(), port not ready now
10-14 00:47:43.500  2747  7191 W audio-subMixingFactory: out_get_presentation_position_port(), pts not valid yet
10-14 00:47:43.501  2747  7191 I audio-subMixingFactory: ++usecase_change_validate_l_sm: dev usecase masks = 0, out usecase_masks = 0, out usecase STREAM_PCM_NORMAL
10-14 00:47:43.501  2747  7191 I audio-subMixingFactory: ++++usecase_change_validate_l_sm(),continuous_audio_mode 0 dev usecase masks = 0, out usecase_masks = 0, out usecase STREAM_PCM_NORMAL
10-14 00:47:43.501  2747  7191 I audio-subMixingFactory: usecase_change_validate_l_sm(), mixer_aux_buffer_write_sm !
10-14 00:47:43.501  2747  7191 I audio-subMixingFactory: ----usecase_change_validate_l_sm(), continuous_audio_mode 0 dev usecase masks = 0x1, out usecase_masks = 0x1, out usecase STREAM_PCM_NORMAL
10-14 00:47:43.501  2747  7191 I aml_audio_port: get_input_port_index(), samplerate 48000
10-14 00:47:43.501  2747  7191 D aml_audio_port: new_input_port(), index:0, rbuf size:8192, direct_on:0
10-14 00:47:43.501  2747  7191 D aml_audio_port: new_input_port(), fmt 0x1, rate 48000
10-14 00:47:43.501  2747  7191 I amlaudioMixer: ++init_mixer_input_port port index 0, size 512 frames
10-14 00:47:43.501  2747  7191 I amlaudioMixer: init_mixer_input_port(), port->initial_frames: 28636160
10-14 00:47:43.501  2747  7191 I aml_audio_port: get_input_port_index(), samplerate 48000
10-14 00:47:43.501  2747  7191 I audio-subMixingFactory: mixer_aux_buffer_write_sm(), primary 0xee3ca000 port index = 0
10-14 00:47:43.501  2747  7191 I audio-subMixingFactory: padding_bytes 16384
10-14 00:47:43.501  2747  7191 I amlaudioMixer: port index 0 is active now
10-14 00:47:43.501  2747  7191 I audio-subMixingFactory: padding_bytes 14336
10-14 00:47:43.501  2747  7191 I audio-subMixingFactory: padding_bytes 12288
10-14 00:47:43.501  2747  7191 I audio-subMixingFactory: padding_bytes 10240
10-14 00:47:43.501  2747  7191 I audio-subMixingFactory: padding_bytes 8192
10-14 00:47:43.501  2747  7191 I audio-subMixingFactory: padding_bytes 6144
10-14 00:47:43.506  2747  7191 I audio-subMixingFactory: padding_bytes 4096
10-14 00:47:43.506  2747  7191 I audio-subMixingFactory: padding_bytes 2048
10-14 00:47:43.513  2747  7191 W amlaudioMixer: mixer_get_presentation_position(), not valid now
10-14 00:47:43.513  2747  7191 W audio-subMixingFactory: out_get_presentation_position_port(), pts not valid yet
10-14 00:47:43.524  2747  7191 W amlaudioMixer: mixer_get_presentation_position(), not valid now
10-14 00:47:43.524  2747  7191 W audio-subMixingFactory: out_get_presentation_position_port(), pts not valid yet
10-14 00:47:43.539  2766  2911 D AudioFlinger: mixer(0xeb583ac0) throttle end: throttle time(5)
10-14 00:47:44.163 28027 28027 W aum.android.ma: Attempt to remove non-JNI local reference, dumping thread
10-14 00:47:44.166 28027 28027 W aum.android.ma: Attempt to remove non-JNI local reference, dumping thread
10-14 00:47:44.212 28027 28038 I aum.android.ma: Background concurrent copying GC freed 194751(8MB) AllocSpace objects, 4(208KB) LOS objects, 49% free, 12MB/24MB, paused 122us total 110.121ms
10-14 00:47:44.238 28027 28171 I K3fCore : add a routeShape! route count: 95, point count: 682, time: 2037710030ms
10-14 00:47:44.240 28027 28171 I K3fCore : add a routeShape! route count: 113, point count: 750, time: 2037710030ms
10-14 00:47:44.243 28027 28171 I K3fCore : add a routeShape! route count: 126, point count: 832, time: 2037710030ms
10-14 00:47:44.306 28027 28171 I K3fCore : add a routeShape! route count: 190, point count: 1014, time: 2037710030ms
10-14 00:47:44.929  2787  2821 E storaged: getDiskStats failed with result NOT_SUPPORTED and size 0
10-14 00:47:46.570  2747  2888 D audio-subMixingFactory: out_standby_subMixingPCM: out_stream(0xee3ca000) usecase: STREAM_PCM_NORMAL
10-14 00:47:46.570  2747  2888 I audio-subMixingFactory: ++usecase_change_validate_l_sm(), dev usecase masks = 0x1, is_standby = 1, out usecase STREAM_PCM_NORMAL
10-14 00:47:46.570  2747  2888 I audio-subMixingFactory: --usecase_change_validate_l_sm(), dev usecase masks = 0, is_standby = 1, out usecase STREAM_PCM_NORMAL
10-14 00:47:46.570  2747  2888 I amlaudioMixer: ++delete_mixer_input_port port ID: 0
10-14 00:47:46.570  2747  2907 E amlaudioMixer: mixer_do_mixing_16bit(), sys or direct pcm must exist!!!
10-14 00:47:48.282  4078  4078 D skia    : --- Failed to create image decoder with message 'unimplemented'
10-14 00:47:48.295  4078  4078 D skia    : --- Failed to create image decoder with message 'unimplemented'
10-14 00:47:50.581  2747  7191 W amlaudioMixer: mixer_get_presentation_position(), port not ready now
10-14 00:47:50.581  2747  7191 W audio-subMixingFactory: out_get_presentation_position_port(), pts not valid yet
10-14 00:47:50.581  2747  7191 I audio-subMixingFactory: ++usecase_change_validate_l_sm: dev usecase masks = 0, out usecase_masks = 0, out usecase STREAM_PCM_NORMAL
10-14 00:47:50.581  2747  7191 I audio-subMixingFactory: ++++usecase_change_validate_l_sm(),continuous_audio_mode 0 dev usecase masks = 0, out usecase_masks = 0, out usecase STREAM_PCM_NORMAL
10-14 00:47:50.581  2747  7191 I audio-subMixingFactory: usecase_change_validate_l_sm(), mixer_aux_buffer_write_sm !
10-14 00:47:50.581  2747  7191 I audio-subMixingFactory: ----usecase_change_validate_l_sm(), continuous_audio_mode 0 dev usecase masks = 0x1, out usecase_masks = 0x1, out usecase STREAM_PCM_NORMAL
10-14 00:47:50.581  2747  7191 I aml_audio_port: get_input_port_index(), samplerate 48000
10-14 00:47:50.581  2747  7191 D aml_audio_port: new_input_port(), index:0, rbuf size:8192, direct_on:0
10-14 00:47:50.581  2747  7191 D aml_audio_port: new_input_port(), fmt 0x1, rate 48000
10-14 00:47:50.581  2747  7191 I amlaudioMixer: ++init_mixer_input_port port index 0, size 512 frames
10-14 00:47:50.581  2747  7191 I amlaudioMixer: init_mixer_input_port(), port->initial_frames: 28784640
10-14 00:47:50.582  2747  7191 I aml_audio_port: get_input_port_index(), samplerate 48000
10-14 00:47:50.582  2747  7191 I audio-subMixingFactory: mixer_aux_buffer_write_sm(), primary 0xee3ca000 port index = 0
10-14 00:47:50.582  2747  7191 I audio-subMixingFactory: padding_bytes 16384
10-14 00:47:50.582  2747  7191 I amlaudioMixer: port index 0 is active now
10-14 00:47:50.582  2747  7191 I audio-subMixingFactory: padding_bytes 14336
10-14 00:47:50.582  2747  7191 I audio-subMixingFactory: padding_bytes 12288
10-14 00:47:50.582  2747  7191 I audio-subMixingFactory: padding_bytes 10240
10-14 00:47:50.582  2747  7191 I audio-subMixingFactory: padding_bytes 8192
10-14 00:47:50.582  2747  7191 I audio-subMixingFactory: padding_bytes 6144
10-14 00:47:50.585  2747  7191 I audio-subMixingFactory: padding_bytes 4096
10-14 00:47:50.589  2747  7191 I audio-subMixingFactory: padding_bytes 2048
10-14 00:47:50.598  2747  7191 W amlaudioMixer: mixer_get_presentation_position(), not valid now
10-14 00:47:50.598  2747  7191 W audio-subMixingFactory: out_get_presentation_position_port(), pts not valid yet
10-14 00:47:50.609  2747  7191 W amlaudioMixer: mixer_get_presentation_position(), not valid now
10-14 00:47:50.609  2747  7191 W audio-subMixingFactory: out_get_presentation_position_port(), pts not valid yet
10-14 00:47:50.623  2766  2911 D AudioFlinger: mixer(0xeb583ac0) throttle end: throttle time(7)
10-14 00:47:50.685 28027 28027 W aum.android.ma: Attempt to remove non-JNI local reference, dumping thread
10-14 00:47:50.692 28027 28027 I chatty  : uid=10081(net.daum.android.map) identical 29 lines
10-14 00:47:50.692 28027 28027 W aum.android.ma: Attempt to remove non-JNI local reference, dumping thread
10-14 00:47:50.749 28027 28171 I K3fCore : add a routeShape! route count: 113, point count: 750, time: 2037710030ms
10-14 00:47:50.763  2760  2760 I memtrack@1.0-se: type=1400 audit(0.0:1581): avc: denied { read } for name="mem_profile" dev="debugfs" ino=112882 scontext=u:r:hal_memtrack_default:s0 tcontext=u:object_r:debugfs:s0 tclass=file permissive=1
10-14 00:47:50.848 28027 28027 W aum.android.ma: Attempt to remove non-JNI local reference, dumping thread
10-14 00:47:50.850 28027 28027 W aum.android.ma: Attempt to remove non-JNI local reference, dumping thread
10-14 00:47:50.763  2760  2760 I memtrack@1.0-se: type=1400 audit(0.0:1582): avc: denied { open } for path="/sys/kernel/debug/mali0/ctx/11469_28/mem_profile" dev="debugfs" ino=112882 scontext=u:r:hal_memtrack_default:s0 tcontext=u:object_r:debugfs:s0 tclass=file permissive=1
10-14 00:47:51.597  2953  4945 D ConnectivityService: requestNetwork for uid/pid:10023/6841 NetworkRequest [ TRACK_DEFAULT id=178, [ Capabilities: INTERNET&NOT_RESTRICTED&TRUSTED Unwanted:  Uid: 10023] ]
10-14 00:47:51.598  2953  3062 D Ethernet: got request NetworkRequest [ TRACK_DEFAULT id=178, [ Capabilities: INTERNET&NOT_RESTRICTED&TRUSTED Unwanted:  Uid: 10023] ] with score 70
10-14 00:47:51.598  2953  3039 D WIFI    : got request NetworkRequest [ TRACK_DEFAULT id=178, [ Capabilities: INTERNET&NOT_RESTRICTED&TRUSTED Unwanted:  Uid: 10023] ] with score 70
10-14 00:47:51.598  2953  3039 D WIFI_UT : got request NetworkRequest [ TRACK_DEFAULT id=178, [ Capabilities: INTERNET&NOT_RESTRICTED&TRUSTED Unwanted:  Uid: 10023] ] with score 70
10-14 00:47:51.598  3169  3169 D PhoneSwitcherNetworkRequstListener: got request NetworkRequest [ TRACK_DEFAULT id=178, [ Capabilities: INTERNET&NOT_RESTRICTED&TRUSTED Unwanted:  Uid: 10023] ] with score 70
10-14 00:47:51.612  2953  2969 E NotificationService: Suppressing notification from package by user request.
10-14 00:47:51.614  2953  3042 D ConnectivityService: releasing NetworkRequest [ TRACK_DEFAULT id=178, [ Capabilities: INTERNET&NOT_RESTRICTED&TRUSTED Unwanted:  Uid: 10023] ] (release request)
10-14 00:47:52.423  4078  4078 I tutu.ABenchMark: type=1400 audit(0.0:1584): avc: denied { open } for path="/proc/vmstat" dev="proc" ino=4026531993 scontext=u:r:untrusted_app_27:s0:c512,c768 tcontext=u:object_r:proc_vmstat:s0 tclass=file permissive=1
10-14 00:47:52.567 28027 28027 W aum.android.ma: Attempt to remove non-JNI local reference, dumping thread
10-14 00:47:52.567 28027 28027 W aum.android.ma: Attempt to remove non-JNI local reference, dumping thread
10-14 00:47:52.596 28027 28171 I K3fCore : add a routeShape! route count: 95, point count: 682, time: 2037710030ms
10-14 00:47:52.603 28027 28171 I K3fCore : add a routeShape! route count: 113, point count: 750, time: 2037710030ms
10-14 00:47:52.607  2756  2903 I [Gralloc]: framebuffer hal alread move to hwcomposer
10-14 00:47:52.607  2768  2768 I Binder:2768_5: type=1400 audit(0.0:1586): avc: denied { read } for name="gralloc.odroidn2.so" dev="mmcblk0p12" ino=705 scontext=u:r:surfaceflinger:s0 tcontext=u:object_r:vendor_file:s0 tclass=file permissive=1
10-14 00:47:52.607  2768  2768 I Binder:2768_5: type=1400 audit(0.0:1587): avc: denied { open } for path="/vendor/lib/hw/gralloc.odroidn2.so" dev="mmcblk0p12" ino=705 scontext=u:r:surfaceflinger:s0 tcontext=u:object_r:vendor_file:s0 tclass=file permissive=1
10-14 00:47:52.661 28027 28171 I K3fCore : add a routeShape! route count: 126, point count: 832, time: 2037710030ms
10-14 00:47:52.684 28027 28171 I K3fCore : add a routeShape! route count: 190, point count: 1014, time: 2037710030ms
10-14 00:47:55.551  2747  2888 D audio-subMixingFactory: out_standby_subMixingPCM: out_stream(0xee3ca000) usecase: STREAM_PCM_NORMAL
10-14 00:47:55.552  2747  2888 I audio-subMixingFactory: ++usecase_change_validate_l_sm(), dev usecase masks = 0x1, is_standby = 1, out usecase STREAM_PCM_NORMAL
10-14 00:47:55.552  2747  2888 I audio-subMixingFactory: --usecase_change_validate_l_sm(), dev usecase masks = 0, is_standby = 1, out usecase STREAM_PCM_NORMAL
10-14 00:47:55.552  2747  2888 I amlaudioMixer: ++delete_mixer_input_port port ID: 0
10-14 00:47:55.552  2747  2907 E amlaudioMixer: mixer_do_mixing_16bit(), sys or direct pcm must exist!!!
10-14 00:47:56.597  4078  4078 D skia    : --- Failed to create image decoder with message 'unimplemented'
10-14 00:47:58.298  4078  4078 I chatty  : uid=10079(com.antutu.ABenchMark) identical 2 lines
10-14 00:47:58.316  4078  4078 D skia    : --- Failed to create image decoder with message 'unimplemented'
10-14 00:47:58.303  4078  4078 I tutu.ABenchMark: type=1400 audit(0.0:1592): avc: denied { open } for path="/proc/stat" dev="proc" ino=4026531957 scontext=u:r:untrusted_app_27:s0:c512,c768 tcontext=u:object_r:proc_stat:s0 tclass=file permissive=1
10-14 00:47:58.311  4078  4078 I tutu.ABenchMark: type=1400 audit(0.0:1594): avc: denied { read } for name="temp" dev="sysfs" ino=8951 scontext=u:r:untrusted_app_27:s0:c512,c768 tcontext=u:object_r:sysfs:s0 tclass=file permissive=1
10-14 00:47:59.058  2756  2903 I [Gralloc]: framebuffer hal alread move to hwcomposer
10-14 00:47:59.059  2953  2953 I android.display: type=1400 audit(0.0:1597): avc: denied { read } for name="gralloc.odroidn2.so" dev="mmcblk0p12" ino=705 scontext=u:r:system_server:s0 tcontext=u:object_r:vendor_file:s0 tclass=file permissive=1
10-14 00:47:59.126  2756  2903 I [Gralloc]: framebuffer hal alread move to hwcomposer
10-14 00:47:59.431  2756  2903 I chatty  : uid=1000(system) HwBinder:2756_2 identical 1 line
10-14 00:48:00.007  2756  2903 I [Gralloc]: framebuffer hal alread move to hwcomposer
10-14 00:48:00.023  2768  2768 E SurfaceFlinger: [Sprite#0] rejecting buffer: bufWidth=28, bufHeight=36, front.active.{w=32, h=32}
10-14 00:48:00.024  2756  2903 I [Gralloc]: framebuffer hal alread move to hwcomposer
10-14 00:48:00.260  2768  2768 E SurfaceFlinger: [Sprite#0] rejecting buffer: bufWidth=28, bufHeight=36, front.active.{w=32, h=32}
10-14 00:48:00.349  2747  7191 W amlaudioMixer: mixer_get_presentation_position(), port not ready now
10-14 00:48:00.349  2747  7191 W audio-subMixingFactory: out_get_presentation_position_port(), pts not valid yet
10-14 00:48:00.349  2747  7191 I audio-subMixingFactory: ++usecase_change_validate_l_sm: dev usecase masks = 0, out usecase_masks = 0, out usecase STREAM_PCM_NORMAL
10-14 00:48:00.349  2747  7191 I audio-subMixingFactory: ++++usecase_change_validate_l_sm(),continuous_audio_mode 0 dev usecase masks = 0, out usecase_masks = 0, out usecase STREAM_PCM_NORMAL
10-14 00:48:00.349  2747  7191 I audio-subMixingFactory: usecase_change_validate_l_sm(), mixer_aux_buffer_write_sm !
10-14 00:48:00.349  2747  7191 I audio-subMixingFactory: ----usecase_change_validate_l_sm(), continuous_audio_mode 0 dev usecase masks = 0x1, out usecase_masks = 0x1, out usecase STREAM_PCM_NORMAL
10-14 00:48:00.349  2747  7191 I aml_audio_port: get_input_port_index(), samplerate 48000
10-14 00:48:00.349  2747  7191 D aml_audio_port: new_input_port(), index:0, rbuf size:8192, direct_on:0
10-14 00:48:00.349  2747  7191 D aml_audio_port: new_input_port(), fmt 0x1, rate 48000
10-14 00:48:00.349  2747  7191 I amlaudioMixer: ++init_mixer_input_port port index 0, size 512 frames
10-14 00:48:00.349  2747  7191 I amlaudioMixer: init_mixer_input_port(), port->initial_frames: 29024256
10-14 00:48:00.349  2747  7191 I aml_audio_port: get_input_port_index(), samplerate 48000
10-14 00:48:00.349  2747  7191 I audio-subMixingFactory: mixer_aux_buffer_write_sm(), primary 0xee3ca000 port index = 0
10-14 00:48:00.349  2747  7191 I audio-subMixingFactory: padding_bytes 16384
10-14 00:48:00.349  2747  7191 I amlaudioMixer: port index 0 is active now
10-14 00:48:00.349  2747  7191 I audio-subMixingFactory: padding_bytes 14336
10-14 00:48:00.349  2747  7191 I audio-subMixingFactory: padding_bytes 12288
10-14 00:48:00.349  2747  7191 I audio-subMixingFactory: padding_bytes 10240
10-14 00:48:00.349  2747  7191 I audio-subMixingFactory: padding_bytes 8192
10-14 00:48:00.350  2747  7191 I audio-subMixingFactory: padding_bytes 6144
10-14 00:48:00.353  2747  7191 I audio-subMixingFactory: padding_bytes 4096
10-14 00:48:00.356  2747  7191 I audio-subMixingFactory: padding_bytes 2048
10-14 00:48:00.369  2747  7191 W amlaudioMixer: mixer_get_presentation_position(), not valid now
10-14 00:48:00.369  2747  7191 W audio-subMixingFactory: out_get_presentation_position_port(), pts not valid yet
10-14 00:48:00.390  2766  2911 D AudioFlinger: mixer(0xeb583ac0) throttle end: throttle time(4)
10-14 00:48:01.293 28027 28027 W aum.android.ma: Attempt to remove non-JNI local reference, dumping thread
10-14 00:48:01.294 28027 28027 W aum.android.ma: Attempt to remove non-JNI local reference, dumping thread
10-14 00:48:01.341 28027 28171 I K3fCore : add a routeShape! route count: 15, point count: 1469, time: 2037710030ms
10-14 00:48:01.343 28027 28171 I K3fCore : add a routeShape! route count: 37, point count: 922, time: 2037710030ms
10-14 00:48:01.378 28027 28171 I K3fCore : add a routeShape! route count: 11, point count: 1510, time: 2037710030ms
10-14 00:48:02.719  2953  6838 I ActivityManager: Killing 11391:com.android.vending:download_service/u0a63 (adj 906): empty #17
10-14 00:48:02.719  2953  2972 W libprocessgroup: kill(-11391, 9) failed: No such process
10-14 00:48:02.761  2953 10983 D ConnectivityService: ConnectivityService NetworkRequestInfo binderDied(NetworkRequest [ TRACK_DEFAULT id=108, [ Capabilities: INTERNET&NOT_RESTRICTED&TRUSTED Unwanted:  Uid: 10063] ], android.os.BinderProxy@1390f28)
10-14 00:48:02.761  2953  3042 D ConnectivityService: releasing NetworkRequest [ TRACK_DEFAULT id=108, [ Capabilities: INTERNET&NOT_RESTRICTED&TRUSTED Unwanted:  Uid: 10063] ] (release request)
10-14 00:48:02.762  2740  2740 I Zygote  : Process 11391 exited due to signal (9)
10-14 00:48:02.764  2953  2972 W libprocessgroup: kill(-11391, 9) failed: No such process
10-14 00:48:02.764  2953  2972 I libprocessgroup: Successfully killed process cgroup uid 10063 pid 11391 in 45ms
10-14 00:48:03.418  2747  2888 D audio-subMixingFactory: out_standby_subMixingPCM: out_stream(0xee3ca000) usecase: STREAM_PCM_NORMAL
10-14 00:48:03.418  2747  2888 I audio-subMixingFactory: ++usecase_change_validate_l_sm(), dev usecase masks = 0x1, is_standby = 1, out usecase STREAM_PCM_NORMAL
10-14 00:48:03.418  2747  2888 I audio-subMixingFactory: --usecase_change_validate_l_sm(), dev usecase masks = 0, is_standby = 1, out usecase STREAM_PCM_NORMAL
10-14 00:48:03.418  2747  2888 I amlaudioMixer: ++delete_mixer_input_port port ID: 0
10-14 00:48:03.418  2747  2907 E amlaudioMixer: mixer_do_mixing_16bit(), sys or direct pcm must exist!!!
10-14 00:48:08.304  2756  2903 I [Gralloc]: framebuffer hal alread move to hwcomposer
10-14 00:48:08.323  2768  2768 E SurfaceFlinger: [Sprite#0] rejecting buffer: bufWidth=28, bufHeight=36, front.active.{w=32, h=32}
10-14 00:48:08.324  2756  2903 I [Gralloc]: framebuffer hal alread move to hwcomposer
10-14 00:48:08.330  4078  4078 D skia    : --- Failed to create image decoder with message 'unimplemented'
10-14 00:48:08.303  2768  2768 I Binder:2768_5: type=1400 audit(0.0:1600): avc: denied { read } for name="gralloc.odroidn2.so" dev="mmcblk0p12" ino=705 scontext=u:r:surfaceflinger:s0 tcontext=u:object_r:vendor_file:s0 tclass=file permissive=1
10-14 00:48:08.347  4078  4078 D skia    : --- Failed to create image decoder with message 'unimplemented'
10-14 00:48:08.303  2768  2768 I Binder:2768_5: type=1400 audit(0.0:1601): avc: denied { open } for path="/vendor/lib/hw/gralloc.odroidn2.so" dev="mmcblk0p12" ino=705 scontext=u:r:surfaceflinger:s0 tcontext=u:object_r:vendor_file:s0 tclass=file permissive=1
10-14 00:48:10.166  2768  2768 E SurfaceFlinger: [Sprite#0] rejecting buffer: bufWidth=28, bufHeight=36, front.active.{w=32, h=32}
10-14 00:48:11.205  2747  7191 W amlaudioMixer: mixer_get_presentation_position(), port not ready now
10-14 00:48:11.205  2747  7191 W audio-subMixingFactory: out_get_presentation_position_port(), pts not valid yet
10-14 00:48:11.205  2747  7191 I audio-subMixingFactory: ++usecase_change_validate_l_sm: dev usecase masks = 0, out usecase_masks = 0, out usecase STREAM_PCM_NORMAL
10-14 00:48:11.205  2747  7191 I audio-subMixingFactory: ++++usecase_change_validate_l_sm(),continuous_audio_mode 0 dev usecase masks = 0, out usecase_masks = 0, out usecase STREAM_PCM_NORMAL
10-14 00:48:11.205  2747  7191 I audio-subMixingFactory: usecase_change_validate_l_sm(), mixer_aux_buffer_write_sm !
10-14 00:48:11.205  2747  7191 I audio-subMixingFactory: ----usecase_change_validate_l_sm(), continuous_audio_mode 0 dev usecase masks = 0x1, out usecase_masks = 0x1, out usecase STREAM_PCM_NORMAL
10-14 00:48:11.206  2747  7191 I aml_audio_port: get_input_port_index(), samplerate 48000
10-14 00:48:11.206  2747  7191 D aml_audio_port: new_input_port(), index:0, rbuf size:8192, direct_on:0
10-14 00:48:11.206  2747  7191 D aml_audio_port: new_input_port(), fmt 0x1, rate 48000
10-14 00:48:11.206  2747  7191 I amlaudioMixer: ++init_mixer_input_port port index 0, size 512 frames
10-14 00:48:11.206  2747  7191 I amlaudioMixer: init_mixer_input_port(), port->initial_frames: 29172736
10-14 00:48:11.206  2747  7191 I aml_audio_port: get_input_port_index(), samplerate 48000
10-14 00:48:11.206  2747  7191 I audio-subMixingFactory: mixer_aux_buffer_write_sm(), primary 0xee3ca000 port index = 0
10-14 00:48:11.206  2747  7191 I audio-subMixingFactory: padding_bytes 16384
10-14 00:48:11.206  2747  7191 I amlaudioMixer: port index 0 is active now
10-14 00:48:11.206  2747  7191 I audio-subMixingFactory: padding_bytes 14336
10-14 00:48:11.206  2747  7191 I audio-subMixingFactory: padding_bytes 12288
10-14 00:48:11.206  2747  7191 I audio-subMixingFactory: padding_bytes 10240
10-14 00:48:11.206  2747  7191 I audio-subMixingFactory: padding_bytes 8192
10-14 00:48:11.206  2747  7191 I audio-subMixingFactory: padding_bytes 6144
10-14 00:48:11.210  2747  7191 I audio-subMixingFactory: padding_bytes 4096
10-14 00:48:11.213  2747  7191 I audio-subMixingFactory: padding_bytes 2048
10-14 00:48:11.223  2747  7191 W amlaudioMixer: mixer_get_presentation_position(), not valid now
10-14 00:48:11.223  2747  7191 W audio-subMixingFactory: out_get_presentation_position_port(), pts not valid yet
10-14 00:48:11.234  2747  7191 W amlaudioMixer: mixer_get_presentation_position(), not valid now
10-14 00:48:11.234  2747  7191 W audio-subMixingFactory: out_get_presentation_position_port(), pts not valid yet
10-14 00:48:11.248  2766  2911 D AudioFlinger: mixer(0xeb583ac0) throttle end: throttle time(1)
10-14 00:48:11.318  2756  2903 I [Gralloc]: framebuffer hal alread move to hwcomposer
10-14 00:48:11.552  2953  4864 I GnssLocationProvider: WakeLock acquired by sendMessage(SET_REQUEST, 0, com.android.server.location.GnssLocationProvider$GpsRequest@4ae737d)
10-14 00:48:11.553  2755  2755 D libmbm-gps: odroid_gps_set_position_mode:enter  GPS_POSITION_MODE_MS_BASED min_interval = 500 pref=0
10-14 00:48:11.553  2755  2755 E libmbm-gps: MS_BASED mode setting SUPL
10-14 00:48:11.553  2755  2755 D libmbm-gps: odroid_gps_set_position_mode: exit 0
10-14 00:48:11.553  2755  2755 E libmbm-gps: Failed to open a GPS device (/dev/ttyACM0)
10-14 00:48:11.555  2953  2968 I GnssLocationProvider: WakeLock released by handleMessage(SET_REQUEST, 0, com.android.server.location.GnssLocationProvider$GpsRequest@4ae737d)
10-14 00:48:11.582  3483  3789 W GCoreFlp: No location to return for getLastLocation()
10-14 00:48:11.633  3483  3789 W GCoreFlp: No location to return for getLastLocation()
10-14 00:48:11.678  2953  4858 I GnssLocationProvider: WakeLock acquired by sendMessage(SET_REQUEST, 0, com.android.server.location.GnssLocationProvider$GpsRequest@9455470)
10-14 00:48:11.679  2755  2755 D libmbm-gps: odroid_gps_set_position_mode:enter  GPS_POSITION_MODE_MS_BASED min_interval = 500 pref=0
10-14 00:48:11.679  2755  2755 E libmbm-gps: MS_BASED mode setting SUPL
10-14 00:48:11.679  2755  2755 D libmbm-gps: odroid_gps_set_position_mode: exit 0
10-14 00:48:11.680  2953  2968 I GnssLocationProvider: WakeLock released by handleMessage(SET_REQUEST, 0, com.android.server.location.GnssLocationProvider$GpsRequest@9455470)
10-14 00:48:11.751 28027 28041 I aum.android.ma: Waiting for a blocking GC ProfileSaver
10-14 00:48:11.784 28027 28038 I aum.android.ma: Background concurrent copying GC freed 268499(9MB) AllocSpace objects, 15(680KB) LOS objects, 49% free, 14MB/29MB, paused 92us total 219.214ms
10-14 00:48:11.784 28027 28041 I aum.android.ma: WaitForGcToComplete blocked ProfileSaver on HeapTrim for 32.946ms
10-14 00:48:12.432 28027 28027 D EventBus: No subscribers registered for event class com.kakao.map.s.j0$g
10-14 00:48:12.432 28027 28027 D EventBus: No subscribers registered for event class org.greenrobot.eventbus.h
10-14 00:48:12.472  3089  3089 D StrictMode: StrictMode policy violation; ~duration=1 ms: android.os.strictmode.DiskReadViolation
10-14 00:48:12.472  3089  3089 D StrictMode: 	at android.os.StrictMode$AndroidBlockGuardPolicy.onReadFromDisk(StrictMode.java:1506)
10-14 00:48:12.472  3089  3089 D StrictMode: 	at java.io.UnixFileSystem.checkAccess(UnixFileSystem.java:251)
10-14 00:48:12.472  3089  3089 D StrictMode: 	at java.io.File.exists(File.java:815)
10-14 00:48:12.472  3089  3089 D StrictMode: 	at android.app.ContextImpl.getDataDir(ContextImpl.java:2253)
10-14 00:48:12.472  3089  3089 D StrictMode: 	at android.app.ContextImpl.getPreferencesDir(ContextImpl.java:550)
10-14 00:48:12.472  3089  3089 D StrictMode: 	at android.app.ContextImpl.getSharedPreferencesPath(ContextImpl.java:747)
10-14 00:48:12.472  3089  3089 D StrictMode: 	at android.app.ContextImpl.getSharedPreferences(ContextImpl.java:400)
10-14 00:48:12.472  3089  3089 D StrictMode: 	at android.content.ContextWrapper.getSharedPreferences(ContextWrapper.java:174)
10-14 00:48:12.472  3089  3089 D StrictMode: 	at android.preference.PreferenceManager.getDefaultSharedPreferences(PreferenceManager.java:526)
10-14 00:48:12.472  3089  3089 D StrictMode: 	at com.android.inputmethod.latin.spellcheck.AndroidSpellCheckerService.onCreate(AndroidSpellCheckerService.java:98)
10-14 00:48:12.472  3089  3089 D StrictMode: 	at android.app.ActivityThread.handleCreateService(ActivityThread.java:3532)
10-14 00:48:12.472  3089  3089 D StrictMode: 	at android.app.ActivityThread.access$1300(ActivityThread.java:199)
10-14 00:48:12.472  3089  3089 D StrictMode: 	at android.app.ActivityThread$H.handleMessage(ActivityThread.java:1666)
10-14 00:48:12.472  3089  3089 D StrictMode: 	at android.os.Handler.dispatchMessage(Handler.java:106)
10-14 00:48:12.472  3089  3089 D StrictMode: 	at android.os.Looper.loop(Looper.java:193)
10-14 00:48:12.472  3089  3089 D StrictMode: 	at android.app.ActivityThread.main(ActivityThread.java:6669)
10-14 00:48:12.472  3089  3089 D StrictMode: 	at java.lang.reflect.Method.invoke(Native Method)
10-14 00:48:12.472  3089  3089 D StrictMode: 	at com.android.internal.os.RuntimeInit$MethodAndArgsCaller.run(RuntimeInit.java:493)
10-14 00:48:12.472  3089  3089 D StrictMode: 	at com.android.internal.os.ZygoteInit.main(ZygoteInit.java:858)
10-14 00:48:12.475  3089  3089 D StrictMode: StrictMode policy violation; ~duration=0 ms: android.os.strictmode.DiskReadViolation
10-14 00:48:12.475  3089  3089 D StrictMode: 	at android.os.StrictMode$AndroidBlockGuardPolicy.onReadFromDisk(StrictMode.java:1506)
10-14 00:48:12.475  3089  3089 D StrictMode: 	at java.io.UnixFileSystem.checkAccess(UnixFileSystem.java:251)
10-14 00:48:12.475  3089  3089 D StrictMode: 	at java.io.File.exists(File.java:815)
10-14 00:48:12.475  3089  3089 D StrictMode: 	at android.app.ContextImpl.ensurePrivateDirExists(ContextImpl.java:605)
10-14 00:48:12.475  3089  3089 D StrictMode: 	at android.app.ContextImpl.ensurePrivateDirExists(ContextImpl.java:596)
10-14 00:48:12.475  3089  3089 D StrictMode: 	at android.app.ContextImpl.getPreferencesDir(ContextImpl.java:552)
10-14 00:48:12.475  3089  3089 D StrictMode: 	at android.app.ContextImpl.getSharedPreferencesPath(ContextImpl.java:747)
10-14 00:48:12.475  3089  3089 D StrictMode: 	at android.app.ContextImpl.getSharedPreferences(ContextImpl.java:400)
10-14 00:48:12.475  3089  3089 D StrictMode: 	at android.content.ContextWrapper.getSharedPreferences(ContextWrapper.java:174)
10-14 00:48:12.475  3089  3089 D StrictMode: 	at android.preference.PreferenceManager.getDefaultSharedPreferences(PreferenceManager.java:526)
10-14 00:48:12.475  3089  3089 D StrictMode: 	at com.android.inputmethod.latin.spellcheck.AndroidSpellCheckerService.onCreate(AndroidSpellCheckerService.java:98)
10-14 00:48:12.475  3089  3089 D StrictMode: 	at android.app.ActivityThread.handleCreateService(ActivityThread.java:3532)
10-14 00:48:12.475  3089  3089 D StrictMode: 	at android.app.ActivityThread.access$1300(ActivityThread.java:199)
10-14 00:48:12.475  3089  3089 D StrictMode: 	at android.app.ActivityThread$H.handleMessage(ActivityThread.java:1666)
10-14 00:48:12.475  3089  3089 D StrictMode: 	at android.os.Handler.dispatchMessage(Handler.java:106)
10-14 00:48:12.475  3089  3089 D StrictMode: 	at android.os.Looper.loop(Looper.java:193)
10-14 00:48:12.475  3089  3089 D StrictMode: 	at android.app.ActivityThread.main(ActivityThread.java:6669)
10-14 00:48:12.475  3089  3089 D StrictMode: 	at java.lang.reflect.Method.invoke(Native Method)
10-14 00:48:12.475  3089  3089 D StrictMode: 	at com.android.internal.os.RuntimeInit$MethodAndArgsCaller.run(RuntimeInit.java:493)
10-14 00:48:12.475  3089  3089 D StrictMode: 	at com.android.internal.os.ZygoteInit.main(ZygoteInit.java:858)
10-14 00:48:12.484  2953  2969 W BroadcastQueue: Background execution not allowed: receiving Intent { act=android.intent.action.DROPBOX_ENTRY_ADDED flg=0x10 (has extras) } to com.google.android.gms/.stats.service.DropBoxEntryAddedReceiver
10-14 00:48:12.484  2953  2969 W BroadcastQueue: Background execution not allowed: receiving Intent { act=android.intent.action.DROPBOX_ENTRY_ADDED flg=0x10 (has extras) } to com.google.android.gms/.chimera.GmsIntentOperationService$PersistentTrustedReceiver
10-14 00:48:12.492  2953  2969 W BroadcastQueue: Background execution not allowed: receiving Intent { act=android.intent.action.DROPBOX_ENTRY_ADDED flg=0x10 (has extras) } to com.google.android.gms/.stats.service.DropBoxEntryAddedReceiver
10-14 00:48:12.492  3089  3089 I LatinIME: Starting input. Cursor position = 0,0
10-14 00:48:12.492  2953  2969 W BroadcastQueue: Background execution not allowed: receiving Intent { act=android.intent.action.DROPBOX_ENTRY_ADDED flg=0x10 (has extras) } to com.google.android.gms/.chimera.GmsIntentOperationService$PersistentTrustedReceiver
10-14 00:48:12.523  2760  2760 I memtrack@1.0-se: type=1400 audit(0.0:1603): avc: denied { read } for name="mem_profile" dev="debugfs" ino=318118 scontext=u:r:hal_memtrack_default:s0 tcontext=u:object_r:debugfs:s0 tclass=file permissive=1
10-14 00:48:12.644  2756  2903 I [Gralloc]: framebuffer hal alread move to hwcomposer
10-14 00:48:12.643  3106  3106 I RenderThread: type=1400 audit(0.0:1606): avc: denied { read } for name="gralloc.odroidn2.so" dev="mmcblk0p12" ino=705 scontext=u:r:platform_app:s0:c512,c768 tcontext=u:object_r:vendor_file:s0 tclass=file permissive=1
10-14 00:48:12.643  3106  3106 I RenderThread: type=1400 audit(0.0:1607): avc: denied { open } for path="/vendor/lib/hw/gralloc.odroidn2.so" dev="mmcblk0p12" ino=705 scontext=u:r:platform_app:s0:c512,c768 tcontext=u:object_r:vendor_file:s0 tclass=file permissive=1
10-14 00:48:12.647  2756  2903 I [Gralloc]: framebuffer hal alread move to hwcomposer
10-14 00:48:12.647  3106  3106 I RenderThread: type=1400 audit(0.0:1608): avc: denied { getattr } for path="/vendor/lib/hw/gralloc.odroidn2.so" dev="mmcblk0p12" ino=705 scontext=u:r:platform_app:s0:c512,c768 tcontext=u:object_r:vendor_file:s0 tclass=file permissive=1
10-14 00:48:12.653  2756  2903 I [Gralloc]: framebuffer hal alread move to hwcomposer
10-14 00:48:12.660  2756  2902 I [Gralloc]: framebuffer hal alread move to hwcomposer
10-14 00:48:12.666  2756  2903 I [Gralloc]: framebuffer hal alread move to hwcomposer
10-14 00:48:12.673  3089  7856 D mali_winsys: EGLint new_window_surface(egl_winsys_display *, void *, EGLSurface, EGLConfig, egl_winsys_surface **, EGLBoolean) returns 0x3000
10-14 00:48:12.696  2756  2903 I [Gralloc]: framebuffer hal alread move to hwcomposer
10-14 00:48:12.701 28027 28027 E RecyclerView: No adapter attached; skipping layout
10-14 00:48:12.699  3089  3089 I RenderThread: type=1400 audit(0.0:1609): avc: denied { read } for name="gralloc.odroidn2.so" dev="mmcblk0p12" ino=705 scontext=u:r:untrusted_app_25:s0:c512,c768 tcontext=u:object_r:vendor_file:s0 tclass=file permissive=1
10-14 00:48:12.844  2756  2903 I [Gralloc]: framebuffer hal alread move to hwcomposer
10-14 00:48:12.893  2756  2903 I chatty  : uid=1000(system) HwBinder:2756_2 identical 1 line
10-14 00:48:13.079  2756  2903 I [Gralloc]: framebuffer hal alread move to hwcomposer
10-14 00:48:13.435  2953  9354 I GnssLocationProvider: WakeLock acquired by sendMessage(SET_REQUEST, 0, com.android.server.location.GnssLocationProvider$GpsRequest@9751839)
10-14 00:48:13.435  2755  2755 D libmbm-gps: odroid_gps_set_position_mode:enter  GPS_POSITION_MODE_MS_BASED min_interval = 1000 pref=0
10-14 00:48:13.435  2755  2755 E libmbm-gps: MS_BASED mode setting SUPL
10-14 00:48:13.435  2755  2755 D libmbm-gps: odroid_gps_set_position_mode: exit 0
10-14 00:48:13.436  2953  2968 I GnssLocationProvider: WakeLock released by handleMessage(SET_REQUEST, 0, com.android.server.location.GnssLocationProvider$GpsRequest@9751839)
10-14 00:48:13.444  2953  3184 I GnssLocationProvider: WakeLock acquired by sendMessage(SET_REQUEST, 0, com.android.server.location.GnssLocationProvider$GpsRequest@952de7e)
10-14 00:48:13.445  2953  2968 I GnssLocationProvider: WakeLock released by handleMessage(SET_REQUEST, 0, com.android.server.location.GnssLocationProvider$GpsRequest@952de7e)
10-14 00:48:13.916  3089  3089 I LatinIME: Starting input. Cursor position = 0,0
10-14 00:48:13.941  3089  3246 I LatinIME:LogUtils: Dictionary info: dictionary = spellcheck_userunigram.en_US ; version = 1602604093 ; date = ?
10-14 00:48:13.960  3089  3246 I LatinIME:LogUtils: Dictionary info: dictionary = main:en ; version = 54 ; date = 1414726273
10-14 00:48:13.991  2768  2768 D SurfaceFlinger: duplicate layer name: changing net.daum.android.map/com.kakao.map.main.view.MainActivity to net.daum.android.map/com.kakao.map.main.view.MainActivity#1
10-14 00:48:13.993  2756  2903 I [Gralloc]: framebuffer hal alread move to hwcomposer
10-14 00:48:13.993  2756  2903 E gralloc : ioctl c0144900 failed with code -1: Operation not permitted
10-14 00:48:13.994  2756  2903 I [Gralloc]: framebuffer hal alread move to hwcomposer
10-14 00:48:13.999  2756  2903 E gralloc : ioctl c0144900 failed with code -1: Operation not permitted
10-14 00:48:14.000  2756  2903 I [Gralloc]: framebuffer hal alread move to hwcomposer
10-14 00:48:14.004  2756  2903 E gralloc : ioctl c0144900 failed with code -1: Operation not permitted
10-14 00:48:14.005 28027 28135 D mali_winsys: EGLint new_window_surface(egl_winsys_display *, void *, EGLSurface, EGLConfig, egl_winsys_surface **, EGLBoolean) returns 0x3000
10-14 00:48:14.008  2756  2903 I [Gralloc]: framebuffer hal alread move to hwcomposer
10-14 00:48:14.010  2756  2903 E gralloc : ioctl c0144900 failed with code -1: Operation not permitted
10-14 00:48:14.018  2756  2903 I [Gralloc]: framebuffer hal alread move to hwcomposer
10-14 00:48:14.019  2756  2903 E gralloc : ioctl c0144900 failed with code -1: Operation not permitted
10-14 00:48:14.032  2756  2903 I [Gralloc]: framebuffer hal alread move to hwcomposer
10-14 00:48:14.032  2756  2903 E gralloc : ioctl c0144900 failed with code -1: Operation not permitted
10-14 00:48:14.047  2756  2903 I [Gralloc]: framebuffer hal alread move to hwcomposer
10-14 00:48:14.047  3089  3089 I RenderThread: type=1400 audit(0.0:1612): avc: denied { read } for name="gralloc.odroidn2.so" dev="mmcblk0p12" ino=705 scontext=u:r:untrusted_app_25:s0:c512,c768 tcontext=u:object_r:vendor_file:s0 tclass=file permissive=1
10-14 00:48:14.051  3089  3089 I RenderThread: type=1400 audit(0.0:1613): avc: denied { open } for path="/vendor/lib/hw/gralloc.odroidn2.so" dev="mmcblk0p12" ino=705 scontext=u:r:untrusted_app_25:s0:c512,c768 tcontext=u:object_r:vendor_file:s0 tclass=file permissive=1
10-14 00:48:14.255  2768  2849 E BufferQueueProducer: [net.daum.android.map/com.kakao.map.main.view.MainActivity#1] disconnect: not connected (req=1)
10-14 00:48:14.255 28027 28135 W libEGL  : EGLNativeWindowType 0xe095c808 disconnect failed
