--------- beginning of main
10-14 00:45:27.878  4078  4078 D skia    : --- Failed to create image decoder with message 'unimplemented'
10-14 00:45:37.897  4078  4078 I chatty  : uid=10079(com.antutu.ABenchMark) identical 2 lines
10-14 00:45:37.909  4078  4078 D skia    : --- Failed to create image decoder with message 'unimplemented'
10-14 00:45:37.935  2953  2953 I android.display: type=1400 audit(0.0:1485): avc: denied { read } for name="gralloc.odroidn2.so" dev="mmcblk0p12" ino=705 scontext=u:r:system_server:s0 tcontext=u:object_r:vendor_file:s0 tclass=file permissive=1
10-14 00:45:37.935  2953  2953 I android.display: type=1400 audit(0.0:1486): avc: denied { open } for path="/vendor/lib/hw/gralloc.odroidn2.so" dev="mmcblk0p12" ino=705 scontext=u:r:system_server:s0 tcontext=u:object_r:vendor_file:s0 tclass=file permissive=1
10-14 00:45:37.935  2953  2953 I android.display: type=1400 audit(0.0:1487): avc: denied { getattr } for path="/vendor/lib/hw/gralloc.odroidn2.so" dev="mmcblk0p12" ino=705 scontext=u:r:system_server:s0 tcontext=u:object_r:vendor_file:s0 tclass=file permissive=1
10-14 00:45:37.936  2756  2902 I [Gralloc]: framebuffer hal alread move to hwcomposer
10-14 00:45:37.953  2768  2768 E SurfaceFlinger: [Sprite#0] rejecting buffer: bufWidth=32, bufHeight=32, front.active.{w=28, h=36}
10-14 00:45:37.953  2756  2902 I [Gralloc]: framebuffer hal alread move to hwcomposer
10-14 00:45:38.024  2768  2768 E SurfaceFlinger: [Sprite#0] rejecting buffer: bufWidth=32, bufHeight=32, front.active.{w=28, h=36}
10-14 00:45:38.139  2768  2768 E SurfaceFlinger: [Sprite#0] rejecting buffer: bufWidth=32, bufHeight=32, front.active.{w=28, h=36}
10-14 00:45:38.177  2756  2902 I [Gralloc]: framebuffer hal alread move to hwcomposer
10-14 00:45:38.224  2768  2768 E SurfaceFlinger: [Sprite#0] rejecting buffer: bufWidth=28, bufHeight=36, front.active.{w=32, h=32}
10-14 00:45:38.327  2756  2902 I [Gralloc]: framebuffer hal alread move to hwcomposer
10-14 00:45:39.487  2747  7191 W amlaudioMixer: mixer_get_presentation_position(), port not ready now
10-14 00:45:39.487  2747  7191 W audio-subMixingFactory: out_get_presentation_position_port(), pts not valid yet
10-14 00:45:39.487  2747  7191 I audio-subMixingFactory: ++usecase_change_validate_l_sm: dev usecase masks = 0, out usecase_masks = 0, out usecase STREAM_PCM_NORMAL
10-14 00:45:39.487  2747  7191 I audio-subMixingFactory: ++++usecase_change_validate_l_sm(),continuous_audio_mode 0 dev usecase masks = 0, out usecase_masks = 0, out usecase STREAM_PCM_NORMAL
10-14 00:45:39.487  2747  7191 I audio-subMixingFactory: usecase_change_validate_l_sm(), mixer_aux_buffer_write_sm !
10-14 00:45:39.487  2747  7191 I audio-subMixingFactory: ----usecase_change_validate_l_sm(), continuous_audio_mode 0 dev usecase masks = 0x1, out usecase_masks = 0x1, out usecase STREAM_PCM_NORMAL
10-14 00:45:39.487  2747  7191 I aml_audio_port: get_input_port_index(), samplerate 48000
10-14 00:45:39.487  2747  7191 D aml_audio_port: new_input_port(), index:0, rbuf size:8192, direct_on:0
10-14 00:45:39.488  2747  7191 D aml_audio_port: new_input_port(), fmt 0x1, rate 48000
10-14 00:45:39.488  2747  7191 I amlaudioMixer: ++init_mixer_input_port port index 0, size 512 frames
10-14 00:45:39.488  2747  7191 I amlaudioMixer: init_mixer_input_port(), port->initial_frames: 27018240
10-14 00:45:39.488  2747  7191 I aml_audio_port: get_input_port_index(), samplerate 48000
10-14 00:45:39.488  2747  7191 I audio-subMixingFactory: mixer_aux_buffer_write_sm(), primary 0xee3ca000 port index = 0
10-14 00:45:39.488  2747  7191 I audio-subMixingFactory: padding_bytes 16384
10-14 00:45:39.488  2747  7191 I amlaudioMixer: port index 0 is active now
10-14 00:45:39.488  2747  7191 I audio-subMixingFactory: padding_bytes 14336
10-14 00:45:39.488  2747  7191 I audio-subMixingFactory: padding_bytes 12288
10-14 00:45:39.488  2747  7191 I audio-subMixingFactory: padding_bytes 10240
10-14 00:45:39.488  2747  7191 I audio-subMixingFactory: padding_bytes 8192
10-14 00:45:39.488  2747  7191 I audio-subMixingFactory: padding_bytes 6144
10-14 00:45:39.491  2747  7191 I audio-subMixingFactory: padding_bytes 4096
10-14 00:45:39.491  2747  7191 I audio-subMixingFactory: padding_bytes 2048
10-14 00:45:39.500  2747  7191 W amlaudioMixer: mixer_get_presentation_position(), not valid now
10-14 00:45:39.500  2747  7191 W audio-subMixingFactory: out_get_presentation_position_port(), pts not valid yet
10-14 00:45:39.511  2747  7191 W amlaudioMixer: mixer_get_presentation_position(), not valid now
10-14 00:45:39.511  2747  7191 W audio-subMixingFactory: out_get_presentation_position_port(), pts not valid yet
10-14 00:45:39.526  2766  2911 D AudioFlinger: mixer(0xeb583ac0) throttle end: throttle time(7)
--------- beginning of system
10-14 00:45:39.583  2953  2975 D AutofillManagerService: Close system dialogs
10-14 00:45:39.584  2953  3765 I ActivityManager: START u0 {act=android.intent.action.MAIN cat=[android.intent.category.HOME] flg=0x10000000 cmp=com.android.launcher3/.Launcher (has extras)} from uid 10024
10-14 00:45:39.600  3106  3106 V StatusBar: mStatusBarWindow: com.android.systemui.statusbar.phone.StatusBarWindowView{530a9c0 V.ED..... ........ 0,0-1360,31} canPanelBeCollapsed(): false
10-14 00:45:39.601  3106  3106 I vol.Events: writeEvent dismiss_dialog volume_controller
10-14 00:45:39.639  3527  3527 I Recents-TaskRes: type=1400 audit(0.0:1488): avc: denied { read } for name="gralloc.odroidn2.so" dev="mmcblk0p12" ino=705 scontext=u:r:priv_app:s0:c512,c768 tcontext=u:object_r:vendor_file:s0 tclass=file permissive=1
10-14 00:45:39.639  3527  3527 I Recents-TaskRes: type=1400 audit(0.0:1489): avc: denied { open } for path="/vendor/lib/hw/gralloc.odroidn2.so" dev="mmcblk0p12" ino=705 scontext=u:r:priv_app:s0:c512,c768 tcontext=u:object_r:vendor_file:s0 tclass=file permissive=1
10-14 00:45:39.639  3527  3527 I Recents-TaskRes: type=1400 audit(0.0:1490): avc: denied { getattr } for path="/vendor/lib/hw/gralloc.odroidn2.so" dev="mmcblk0p12" ino=705 scontext=u:r:priv_app:s0:c512,c768 tcontext=u:object_r:vendor_file:s0 tclass=file permissive=1
10-14 00:45:39.639  2756  2902 I [Gralloc]: framebuffer hal alread move to hwcomposer
10-14 00:45:39.643  2768  2768 I Binder:2768_3: type=1400 audit(0.0:1491): avc: denied { read } for name="gralloc.odroidn2.so" dev="mmcblk0p12" ino=705 scontext=u:r:surfaceflinger:s0 tcontext=u:object_r:vendor_file:s0 tclass=file permissive=1
10-14 00:45:39.643  2768  2768 I Binder:2768_3: type=1400 audit(0.0:1492): avc: denied { open } for path="/vendor/lib/hw/gralloc.odroidn2.so" dev="mmcblk0p12" ino=705 scontext=u:r:surfaceflinger:s0 tcontext=u:object_r:vendor_file:s0 tclass=file permissive=1
10-14 00:45:39.643  2768  2768 I Binder:2768_3: type=1400 audit(0.0:1493): avc: denied { getattr } for path="/vendor/lib/hw/gralloc.odroidn2.so" dev="mmcblk0p12" ino=705 scontext=u:r:surfaceflinger:s0 tcontext=u:object_r:vendor_file:s0 tclass=file permissive=1
10-14 00:45:39.647  2756  2902 I chatty  : uid=1000(system) HwBinder:2756_1 expire 1 line
10-14 00:45:39.667  2756  2902 I [Gralloc]: framebuffer hal alread move to hwcomposer
10-14 00:45:39.688  3527  3638 D mali_winsys: EGLint new_window_surface(egl_winsys_display *, void *, EGLSurface, EGLConfig, egl_winsys_surface **, EGLBoolean) returns 0x3000
10-14 00:45:39.705  2768  2950 E BufferQueueProducer: [com.nhn.android.search/com.nhn.android.search.browser.InAppBrowserActivity#0] disconnect: not connected (req=1)
10-14 00:45:39.705 18285 18761 W libEGL  : EGLNativeWindowType 0xb2684008 disconnect failed
10-14 00:45:39.708  2756  2902 I [Gralloc]: framebuffer hal alread move to hwcomposer
10-14 00:45:39.743 18285 18285 D aceClient: saveLastEventTime : 1602603865442
10-14 00:45:39.743  2756  2902 I [Gralloc]: framebuffer hal alread move to hwcomposer
10-14 00:45:39.751  2756  2902 I [Gralloc]: framebuffer hal alread move to hwcomposer
10-14 00:45:39.751 18285 18285 D aceClient: saveLastEventTime : 1602603505997
10-14 00:45:39.759  3106  3106 I Binder:3106_1: type=1400 audit(0.0:1494): avc: denied { read } for name="gralloc.odroidn2.so" dev="mmcblk0p12" ino=705 scontext=u:r:platform_app:s0:c512,c768 tcontext=u:object_r:vendor_file:s0 tclass=file permissive=1
10-14 00:45:39.769  2756  2902 I [Gralloc]: framebuffer hal alread move to hwcomposer
10-14 00:45:39.806  3527  3541 D StrictMode: StrictMode policy violation: android.os.strictmode.LeakedClosableViolation: A resource was acquired at attached stack trace but never released. See java.io.Closeable for information on avoiding resource leaks.
10-14 00:45:39.806  3527  3541 D StrictMode: 	at android.os.StrictMode$AndroidCloseGuardReporter.report(StrictMode.java:1788)
10-14 00:45:39.806  3527  3541 D StrictMode: 	at dalvik.system.CloseGuard.warnIfOpen(CloseGuard.java:264)
10-14 00:45:39.806  3527  3541 D StrictMode: 	at android.view.SurfaceControl.finalize(SurfaceControl.java:667)
10-14 00:45:39.806  3527  3541 D StrictMode: 	at java.lang.Daemons$FinalizerDaemon.doFinalize(Daemons.java:250)
10-14 00:45:39.806  3527  3541 D StrictMode: 	at java.lang.Daemons$FinalizerDaemon.runInternal(Daemons.java:237)
10-14 00:45:39.806  3527  3541 D StrictMode: 	at java.lang.Daemons$Daemon.run(Daemons.java:103)
10-14 00:45:39.806  3527  3541 D StrictMode: 	at java.lang.Thread.run(Thread.java:764)
10-14 00:45:39.806  3527  3541 D StrictMode: Caused by: java.lang.Throwable: Explicit termination method 'release' not called
10-14 00:45:39.806  3527  3541 D StrictMode: 	at dalvik.system.CloseGuard.open(CloseGuard.java:221)
10-14 00:45:39.806  3527  3541 D StrictMode: 	at android.view.SurfaceControl.<init>(SurfaceControl.java:621)
10-14 00:45:39.806  3527  3541 D StrictMode: 	at android.view.SurfaceControl.<init>(SurfaceControl.java:60)
10-14 00:45:39.806  3527  3541 D StrictMode: 	at android.view.SurfaceControl$1.createFromParcel(SurfaceControl.java:655)
10-14 00:45:39.806  3527  3541 D StrictMode: 	at android.view.SurfaceControl$1.createFromParcel(SurfaceControl.java:653)
10-14 00:45:39.806  3527  3541 D StrictMode: 	at android.os.Parcel.readParcelable(Parcel.java:2766)
10-14 00:45:39.806  3527  3541 D StrictMode: 	at android.view.RemoteAnimationTarget.<init>(RemoteAnimationTarget.java:149)
10-14 00:45:39.806  3527  3541 D StrictMode: 	at android.view.RemoteAnimationTarget$1.createFromParcel(RemoteAnimationTarget.java:212)
10-14 00:45:39.806  3527  3541 D StrictMode: 	at android.view.RemoteAnimationTarget$1.createFromParcel(RemoteAnimationTarget.java:210)
10-14 00:45:39.806  3527  3541 D StrictMode: 	at android.os.Parcel.readTypedObject(Parcel.java:2606)
10-14 00:45:39.806  3527  3541 D StrictMode: 	at android.os.Parcel.createTypedArray(Parcel.java:2568)
10-14 00:45:39.806  3527  3541 D StrictMode: 	at android.view.IRemoteAnimationRunner$Stub.onTransact(IRemoteAnimationRunner.java:56)
10-14 00:45:39.806  3527  3541 D StrictMode: 	at android.os.Binder.execTransact(Binder.java:731)
10-14 00:45:39.807  3527  3541 I chatty  : uid=10024(com.android.launcher3) FinalizerDaemon identical 2 lines
10-14 00:45:39.807  3527  3541 D StrictMode: StrictMode policy violation: android.os.strictmode.LeakedClosableViolation: A resource was acquired at attached stack trace but never released. See java.io.Closeable for information on avoiding resource leaks.
10-14 00:45:39.807  3527  3541 D StrictMode: 	at android.os.StrictMode$AndroidCloseGuardReporter.report(StrictMode.java:1788)
10-14 00:45:39.807  3527  3541 D StrictMode: 	at dalvik.system.CloseGuard.warnIfOpen(CloseGuard.java:264)
10-14 00:45:39.807  3527  3541 D StrictMode: 	at android.view.SurfaceControl.finalize(SurfaceControl.java:667)
10-14 00:45:39.807  3527  3541 D StrictMode: 	at java.lang.Daemons$FinalizerDaemon.doFinalize(Daemons.java:250)
10-14 00:45:39.807  3527  3541 D StrictMode: 	at java.lang.Daemons$FinalizerDaemon.runInternal(Daemons.java:237)
10-14 00:45:39.807  3527  3541 D StrictMode: 	at java.lang.Daemons$Daemon.run(Daemons.java:103)
10-14 00:45:39.807  3527  3541 D StrictMode: 	at java.lang.Thread.run(Thread.java:764)
10-14 00:45:39.807  3527  3541 D StrictMode: Caused by: java.lang.Throwable: Explicit termination method 'release' not called
10-14 00:45:39.807  3527  3541 D StrictMode: 	at dalvik.system.CloseGuard.open(CloseGuard.java:221)
10-14 00:45:39.807  3527  3541 D StrictMode: 	at android.view.SurfaceControl.<init>(SurfaceControl.java:621)
10-14 00:45:39.807  3527  3541 D StrictMode: 	at android.view.SurfaceControl.<init>(SurfaceControl.java:60)
10-14 00:45:39.807  3527  3541 D StrictMode: 	at android.view.SurfaceControl$1.createFromParcel(SurfaceControl.java:655)
10-14 00:45:39.807  3527  3541 D StrictMode: 	at android.view.SurfaceControl$1.createFromParcel(SurfaceControl.java:653)
10-14 00:45:39.807  3527  3541 D StrictMode: 	at android.os.Parcel.readParcelable(Parcel.java:2766)
10-14 00:45:39.807  3527  3541 D StrictMode: 	at android.view.RemoteAnimationTarget.<init>(RemoteAnimationTarget.java:149)
10-14 00:45:39.807  3527  3541 D StrictMode: 	at android.view.RemoteAnimationTarget$1.createFromParcel(RemoteAnimationTarget.java:212)
10-14 00:45:39.807  3527  3541 D StrictMode: 	at android.view.RemoteAnimationTarget$1.createFromParcel(RemoteAnimationTarget.java:210)
10-14 00:45:39.807  3527  3541 D StrictMode: 	at android.os.Parcel.readTypedObject(Parcel.java:2606)
10-14 00:45:39.807  3527  3541 D StrictMode: 	at android.os.Parcel.createTypedArray(Parcel.java:2568)
10-14 00:45:39.807  3527  3541 D StrictMode: 	at android.view.IRemoteAnimationRunner$Stub.onTransact(IRemoteAnimationRunner.java:56)
10-14 00:45:39.807  3527  3541 D StrictMode: 	at android.os.Binder.execTransact(Binder.java:731)
10-14 00:45:39.815  2953  2969 W BroadcastQueue: Background execution not allowed: receiving Intent { act=android.intent.action.DROPBOX_ENTRY_ADDED flg=0x10 (has extras) } to com.google.android.gms/.stats.service.DropBoxEntryAddedReceiver
10-14 00:45:39.816  2953  2969 W BroadcastQueue: Background execution not allowed: receiving Intent { act=android.intent.action.DROPBOX_ENTRY_ADDED flg=0x10 (has extras) } to com.google.android.gms/.chimera.GmsIntentOperationService$PersistentTrustedReceiver
10-14 00:45:39.821  2953  2969 W BroadcastQueue: Background execution not allowed: receiving Intent { act=android.intent.action.DROPBOX_ENTRY_ADDED flg=0x10 (has extras) } to com.google.android.gms/.stats.service.DropBoxEntryAddedReceiver
10-14 00:45:39.822  2953  2969 W BroadcastQueue: Background execution not allowed: receiving Intent { act=android.intent.action.DROPBOX_ENTRY_ADDED flg=0x10 (has extras) } to com.google.android.gms/.chimera.GmsIntentOperationService$PersistentTrustedReceiver
10-14 00:45:39.825  2953  2969 W BroadcastQueue: Background execution not allowed: receiving Intent { act=android.intent.action.DROPBOX_ENTRY_ADDED flg=0x10 (has extras) } to com.google.android.gms/.stats.service.DropBoxEntryAddedReceiver
10-14 00:45:39.825  2953  2969 W BroadcastQueue: Background execution not allowed: receiving Intent { act=android.intent.action.DROPBOX_ENTRY_ADDED flg=0x10 (has extras) } to com.google.android.gms/.chimera.GmsIntentOperationService$PersistentTrustedReceiver
10-14 00:45:39.829  2953  2969 W BroadcastQueue: Background execution not allowed: receiving Intent { act=android.intent.action.DROPBOX_ENTRY_ADDED flg=0x10 (has extras) } to com.google.android.gms/.stats.service.DropBoxEntryAddedReceiver
10-14 00:45:39.831  2953  2969 W BroadcastQueue: Background execution not allowed: receiving Intent { act=android.intent.action.DROPBOX_ENTRY_ADDED flg=0x10 (has extras) } to com.google.android.gms/.chimera.GmsIntentOperationService$PersistentTrustedReceiver
10-14 00:45:40.011  2768  3557 W SurfaceFlinger: Attempting to set client state on removed layer: com.nhn.android.search/com.nhn.android.search.browser.InAppBrowserActivity#0
10-14 00:45:40.011  2768  3557 W SurfaceFlinger: Attempting to destroy on removed layer: com.nhn.android.search/com.nhn.android.search.browser.InAppBrowserActivity#0
10-14 00:45:40.012  2768  3557 W SurfaceFlinger: Attempting to set client state on removed layer: com.nhn.android.search/com.nhn.android.search.browser.InAppBrowserActivity#0
10-14 00:45:40.013  2768  3557 W SurfaceFlinger: Attempting to destroy on removed layer: com.nhn.android.search/com.nhn.android.search.browser.InAppBrowserActivity#0
10-14 00:45:40.123  3527  3527 D InputEventConsistencyVerifier: GenericMotionEvent: Action button for ACTION_BUTTON_PRESS event is 1, but it has already been pressed and has yet to be released.
10-14 00:45:40.123  3527  3527 D InputEventConsistencyVerifier:   in com.android.launcher3.views.DoubleShadowBubbleTextView{28072b VFED..CL. ........ 402,524-603,655 #10}
10-14 00:45:40.123  3527  3527 D InputEventConsistencyVerifier:   0: sent at 1991987556000, MotionEvent { action=ACTION_BUTTON_PRESS, actionButton=BUTTON_PRIMARY, id[0]=0, x[0]=172.1579, y[0]=94.82599, toolType[0]=TOOL_TYPE_MOUSE, buttonState=BUTTON_PRIMARY, metaState=0, flags=0x0, edgeFlags=0x0, pointerCount=1, historySize=0, eventTime=1991987, downTime=1991987, deviceId=4, source=0x2002 }
10-14 00:45:40.123  3527  3527 D InputEventConsistencyVerifier:   -- recent events --
10-14 00:45:40.123  3527  3527 D InputEventConsistencyVerifier:   1: sent at 136579541000, (unhandled) MotionEvent { action=ACTION_BUTTON_PRESS, actionButton=BUTTON_PRIMARY, id[0]=0, x[0]=58.047363, y[0]=43.16803, toolType[0]=TOOL_TYPE_MOUSE, buttonState=BUTTON_PRIMARY, metaState=0, flags=0x0, edgeFlags=0x0, pointerCount=1, historySize=0, eventTime=136579, downTime=136579, deviceId=4, source=0x2002 }
10-14 00:45:40.679  2953  7816 I ActivityManager: Killing 3713:com.google.process.gapps/u0a64 (adj 904): empty #17
10-14 00:45:40.680  2953  7816 I ActivityManager: Killing 11948:com.google.android.partnersetup/u0a68 (adj 904): empty #18
10-14 00:45:40.680  2953  2972 W libprocessgroup: kill(-3713, 9) failed: No such process
10-14 00:45:40.687 18285 18443 E BufferQueueProducer: [SurfaceTexture-0-18285-2] disconnect: not connected (req=1)
10-14 00:45:40.687 18285 18443 W libEGL  : EGLNativeWindowType 0xc1b79008 disconnect failed
10-14 00:45:40.693  2953  7816 I ActivityManager: Killing 18460:com.nhn.android.search:sandboxed_process0/u0a85i6 (adj 900): remove task
10-14 00:45:40.693  2953  7816 I ActivityManager: Killing 18543:com.android.webview:sandboxed_process0/u0a85i7 (adj 900): remove task
10-14 00:45:40.694  2953  7816 I ActivityManager: Killing 18285:com.nhn.android.search/u0a85 (adj 900): remove task
10-14 00:45:40.720  2953  3184 W ActivityManager: Scheduling restart of crashed service com.nhn.android.search/org.chromium.content.app.SandboxedProcessService0 in 1000ms
10-14 00:45:40.721  3121  3121 I Zygote  : Process 18543 exited due to signal (9)
10-14 00:45:40.724  2740  2740 I Zygote  : Process 3713 exited due to signal (9)
10-14 00:45:40.725  2953  2972 W libprocessgroup: kill(-3713, 9) failed: No such process
10-14 00:45:40.725  2953  2972 I libprocessgroup: Successfully killed process cgroup uid 10064 pid 3713 in 45ms
10-14 00:45:40.725  2953  2972 W libprocessgroup: kill(-11948, 9) failed: No such process
10-14 00:45:40.727  2740  2740 I Zygote  : Process 11948 exited due to signal (9)
10-14 00:45:40.769  2953  2972 W libprocessgroup: kill(-11948, 9) failed: No such process
10-14 00:45:40.769  2953  2972 I libprocessgroup: Successfully killed process cgroup uid 10068 pid 11948 in 44ms
10-14 00:45:40.769  2953  2972 W libprocessgroup: kill(-18460, 9) failed: No such process
10-14 00:45:40.815  2953  2972 W libprocessgroup: kill(-18460, 9) failed: No such process
10-14 00:45:40.815  2953  3028 W InputDispatcher: channel '68eee54 com.nhn.android.search/com.nhn.android.search.browser.InAppBrowserActivity (server)' ~ Consumer closed input channel or an error occurred.  events=0x9
10-14 00:45:40.815  2953  3028 E InputDispatcher: channel '68eee54 com.nhn.android.search/com.nhn.android.search.browser.InAppBrowserActivity (server)' ~ Channel is unrecoverably broken and will be disposed!
10-14 00:45:40.818  2953  3028 W InputDispatcher: channel '6c0b01f com.nhn.android.search/com.nhn.android.search.proto.MainActivity (server)' ~ Consumer closed input channel or an error occurred.  events=0x9
10-14 00:45:40.818  2953  3028 E InputDispatcher: channel '6c0b01f com.nhn.android.search/com.nhn.android.search.proto.MainActivity (server)' ~ Channel is unrecoverably broken and will be disposed!
10-14 00:45:40.848  2953  6838 W ActivityManager: Scheduling restart of crashed service com.nhn.android.search/org.chromium.content.app.whale.SandboxedProcessService0 in 10872ms
10-14 00:45:40.857  2953  2972 W libprocessgroup: kill(-18460, 9) failed: No such process
10-14 00:45:40.857  2740  2740 I Zygote  : Process 18460 exited due to signal (9)
10-14 00:45:40.884  2953  6663 D ConnectivityService: ConnectivityService NetworkRequestInfo binderDied(NetworkRequest [ LISTEN id=159, [ Capabilities: INTERNET&NOT_RESTRICTED&TRUSTED Unwanted:  Uid: 10085] ], android.os.BinderProxy@b610bbf)
10-14 00:45:40.884  2953  4858 D ConnectivityService: ConnectivityService NetworkRequestInfo binderDied(NetworkRequest [ TRACK_DEFAULT id=158, [ Capabilities: INTERNET&NOT_RESTRICTED&TRUSTED Unwanted:  Uid: 10085] ], android.os.BinderProxy@ea0628c)
10-14 00:45:40.885  2953  6693 D ConnectivityService: ConnectivityService NetworkRequestInfo binderDied(NetworkRequest [ LISTEN id=157, [ Capabilities: INTERNET&NOT_RESTRICTED&TRUSTED Unwanted:  Uid: 10085] ], android.os.BinderProxy@c98cdd5)
10-14 00:45:40.885  2953  3042 D ConnectivityService: releasing NetworkRequest [ TRACK_DEFAULT id=158, [ Capabilities: INTERNET&NOT_RESTRICTED&TRUSTED Unwanted:  Uid: 10085] ] (release request)
10-14 00:45:40.885  2953  6838 I WindowManager: WIN DEATH: Window{68eee54 u0 com.nhn.android.search/com.nhn.android.search.browser.InAppBrowserActivity}
10-14 00:45:40.885  2953  6838 W InputDispatcher: Attempted to unregister already unregistered input channel '68eee54 com.nhn.android.search/com.nhn.android.search.browser.InAppBrowserActivity (server)'
10-14 00:45:40.885  2953  5421 D ConnectivityService: ConnectivityService NetworkRequestInfo binderDied(NetworkRequest [ LISTEN id=156, [ Capabilities: INTERNET&NOT_RESTRICTED&TRUSTED Unwanted:  Uid: 10085] ], android.os.BinderProxy@384b9ea)
10-14 00:45:40.886  2953 18154 D ConnectivityService: ConnectivityService NetworkRequestInfo binderDied(NetworkRequest [ TRACK_DEFAULT id=155, [ Capabilities: INTERNET&NOT_RESTRICTED&TRUSTED Unwanted:  Uid: 10085] ], android.os.BinderProxy@524a4db)
10-14 00:45:40.887  2953  3042 D ConnectivityService: releasing NetworkRequest [ TRACK_DEFAULT id=155, [ Capabilities: INTERNET&NOT_RESTRICTED&TRUSTED Unwanted:  Uid: 10085] ] (release request)
10-14 00:45:40.888  2740  2740 I Zygote  : Process 18285 exited due to signal (9)
10-14 00:45:40.890  2953  7885 I WindowManager: WIN DEATH: Window{6c0b01f u0 com.nhn.android.search/com.nhn.android.search.proto.MainActivity}
10-14 00:45:40.890  2953  7885 W InputDispatcher: Attempted to unregister already unregistered input channel '6c0b01f com.nhn.android.search/com.nhn.android.search.proto.MainActivity (server)'
10-14 00:45:40.897  2768  2950 W SurfaceFlinger: Attempting to destroy on removed layer: AppWindowToken{893e96f token=Token{952a44e ActivityRecord{7441349 u0 com.nhn.android.search/.proto.MainActivity t14}}}#0
10-14 00:45:40.897  2768  2950 W SurfaceFlinger: Attempting to destroy on removed layer: AppWindowToken{f192389 token=Token{1026e90 ActivityRecord{3fb7553 u0 com.nhn.android.search/.browser.InAppBrowserActivity t14}}}#0
10-14 00:45:40.902  2953  2972 W libprocessgroup: kill(-18460, 9) failed: No such process
10-14 00:45:40.902  2953  2972 I libprocessgroup: Successfully killed process cgroup uid 99006 pid 18460 in 133ms
10-14 00:45:40.903  2953  2972 W libprocessgroup: Failed to open process cgroup uid 99007 pid 18543: No such file or directory
10-14 00:45:40.903  2953  2972 E libprocessgroup: Error encountered killing process cgroup uid 99007 pid 18543: No such file or directory
10-14 00:45:40.903  2953  2972 W libprocessgroup: kill(-18285, 9) failed: No such process
10-14 00:45:40.903  2953  2972 I libprocessgroup: Successfully killed process cgroup uid 10085 pid 18285 in 0ms
10-14 00:45:40.905  2953  2977 W ActivityManager: setHasOverlayUi called on unknown pid: 18285
10-14 00:45:42.554  2747  2888 D audio-subMixingFactory: out_standby_subMixingPCM: out_stream(0xee3ca000) usecase: STREAM_PCM_NORMAL
10-14 00:45:42.554  2747  2888 I audio-subMixingFactory: ++usecase_change_validate_l_sm(), dev usecase masks = 0x1, is_standby = 1, out usecase STREAM_PCM_NORMAL
10-14 00:45:42.554  2747  2888 I audio-subMixingFactory: --usecase_change_validate_l_sm(), dev usecase masks = 0, is_standby = 1, out usecase STREAM_PCM_NORMAL
10-14 00:45:42.554  2747  2888 I amlaudioMixer: ++delete_mixer_input_port port ID: 0
10-14 00:45:44.928  2787  2821 E storaged: getDiskStats failed with result NOT_SUPPORTED and size 0
10-14 00:45:47.915  4078  4078 D skia    : --- Failed to create image decoder with message 'unimplemented'
10-14 00:45:47.926  4078  4078 D skia    : --- Failed to create image decoder with message 'unimplemented'
10-14 00:45:51.375  2760  2760 I memtrack@1.0-se: type=1400 audit(0.0:1497): avc: denied { read } for name="mem_profile" dev="debugfs" ino=2850 scontext=u:r:hal_memtrack_default:s0 tcontext=u:object_r:debugfs:s0 tclass=file permissive=1
10-14 00:45:51.375  2760  2760 I memtrack@1.0-se: type=1400 audit(0.0:1498): avc: denied { open } for path="/sys/kernel/debug/mali0/ctx/3106_3/mem_profile" dev="debugfs" ino=2850 scontext=u:r:hal_memtrack_default:s0 tcontext=u:object_r:debugfs:s0 tclass=file permissive=1
10-14 00:45:51.375  2760  2760 I memtrack@1.0-se: type=1400 audit(0.0:1499): avc: denied { getattr } for path="/sys/kernel/debug/mali0/ctx/3106_3/mem_profile" dev="debugfs" ino=2850 scontext=u:r:hal_memtrack_default:s0 tcontext=u:object_r:debugfs:s0 tclass=file permissive=1
10-14 00:45:51.449  2953 27918 D ConnectivityService: requestNetwork for uid/pid:10023/6841 NetworkRequest [ TRACK_DEFAULT id=174, [ Capabilities: INTERNET&NOT_RESTRICTED&TRUSTED Unwanted:  Uid: 10023] ]
10-14 00:45:51.450  2953  3062 D Ethernet: got request NetworkRequest [ TRACK_DEFAULT id=174, [ Capabilities: INTERNET&NOT_RESTRICTED&TRUSTED Unwanted:  Uid: 10023] ] with score 70
10-14 00:45:51.451  2953  3039 D WIFI    : got request NetworkRequest [ TRACK_DEFAULT id=174, [ Capabilities: INTERNET&NOT_RESTRICTED&TRUSTED Unwanted:  Uid: 10023] ] with score 70
10-14 00:45:51.451  2953  3039 D WIFI_UT : got request NetworkRequest [ TRACK_DEFAULT id=174, [ Capabilities: INTERNET&NOT_RESTRICTED&TRUSTED Unwanted:  Uid: 10023] ] with score 70
10-14 00:45:51.452  3169  3169 D PhoneSwitcherNetworkRequstListener: got request NetworkRequest [ TRACK_DEFAULT id=174, [ Capabilities: INTERNET&NOT_RESTRICTED&TRUSTED Unwanted:  Uid: 10023] ] with score 70
10-14 00:45:51.460  2953  2969 E NotificationService: Suppressing notification from package by user request.
10-14 00:45:51.461  2953  3042 D ConnectivityService: releasing NetworkRequest [ TRACK_DEFAULT id=174, [ Capabilities: INTERNET&NOT_RESTRICTED&TRUSTED Unwanted:  Uid: 10023] ] (release request)
10-14 00:45:52.415  4078  4078 I tutu.ABenchMark: type=1400 audit(0.0:1500): avc: denied { open } for path="/proc/vmstat" dev="proc" ino=4026531993 scontext=u:r:untrusted_app_27:s0:c512,c768 tcontext=u:object_r:proc_vmstat:s0 tclass=file permissive=1
10-14 00:45:52.415  4078  4078 I tutu.ABenchMark: type=1400 audit(0.0:1501): avc: denied { getattr } for path="/proc/vmstat" dev="proc" ino=4026531993 scontext=u:r:untrusted_app_27:s0:c512,c768 tcontext=u:object_r:proc_vmstat:s0 tclass=file permissive=1
10-14 00:45:57.936  4078  4078 D skia    : --- Failed to create image decoder with message 'unimplemented'
10-14 00:45:57.959  4078  4078 I tutu.ABenchMark: type=1400 audit(0.0:1502): avc: denied { open } for path="/proc/stat" dev="proc" ino=4026531957 scontext=u:r:untrusted_app_27:s0:c512,c768 tcontext=u:object_r:proc_stat:s0 tclass=file permissive=1
10-14 00:45:57.959  4078  4078 I tutu.ABenchMark: type=1400 audit(0.0:1503): avc: denied { getattr } for path="/proc/stat" dev="proc" ino=4026531957 scontext=u:r:untrusted_app_27:s0:c512,c768 tcontext=u:object_r:proc_stat:s0 tclass=file permissive=1
10-14 00:45:57.959  4078  4078 I tutu.ABenchMark: type=1400 audit(0.0:1504): avc: denied { read } for name="temp" dev="sysfs" ino=8951 scontext=u:r:untrusted_app_27:s0:c512,c768 tcontext=u:object_r:sysfs:s0 tclass=file permissive=1
10-14 00:45:57.959  4078  4078 I tutu.ABenchMark: type=1400 audit(0.0:1505): avc: denied { open } for path="/sys/devices/virtual/thermal/thermal_zone0/temp" dev="sysfs" ino=8951 scontext=u:r:untrusted_app_27:s0:c512,c768 tcontext=u:object_r:sysfs:s0 tclass=file permissive=1
10-14 00:45:57.959  4078  4078 I tutu.ABenchMark: type=1400 audit(0.0:1506): avc: denied { getattr } for path="/sys/devices/virtual/thermal/thermal_zone0/temp" dev="sysfs" ino=8951 scontext=u:r:untrusted_app_27:s0:c512,c768 tcontext=u:object_r:sysfs:s0 tclass=file permissive=1
10-14 00:45:57.966  4078  4078 D skia    : --- Failed to create image decoder with message 'unimplemented'
10-14 00:46:07.979  4078  4078 D skia    : --- Failed to create image decoder with message 'unimplemented'
10-14 00:46:17.995  4078  4078 I chatty  : uid=10079(com.antutu.ABenchMark) identical 2 lines
10-14 00:46:18.006  4078  4078 D skia    : --- Failed to create image decoder with message 'unimplemented'
10-14 00:46:21.476  2953  4858 D ConnectivityService: requestNetwork for uid/pid:10023/6841 NetworkRequest [ TRACK_DEFAULT id=175, [ Capabilities: INTERNET&NOT_RESTRICTED&TRUSTED Unwanted:  Uid: 10023] ]
10-14 00:46:21.478  2953  3062 D Ethernet: got request NetworkRequest [ TRACK_DEFAULT id=175, [ Capabilities: INTERNET&NOT_RESTRICTED&TRUSTED Unwanted:  Uid: 10023] ] with score 70
10-14 00:46:21.478  3169  3169 D PhoneSwitcherNetworkRequstListener: got request NetworkRequest [ TRACK_DEFAULT id=175, [ Capabilities: INTERNET&NOT_RESTRICTED&TRUSTED Unwanted:  Uid: 10023] ] with score 70
10-14 00:46:21.478  2953  3039 D WIFI    : got request NetworkRequest [ TRACK_DEFAULT id=175, [ Capabilities: INTERNET&NOT_RESTRICTED&TRUSTED Unwanted:  Uid: 10023] ] with score 70
10-14 00:46:21.478  2953  3039 D WIFI_UT : got request NetworkRequest [ TRACK_DEFAULT id=175, [ Capabilities: INTERNET&NOT_RESTRICTED&TRUSTED Unwanted:  Uid: 10023] ] with score 70
10-14 00:46:21.481  6841 18163 W MessageQueue: Handler (amra) {8d4c2ed} sending message to a Handler on a dead thread
10-14 00:46:21.481  6841 18163 W MessageQueue: java.lang.IllegalStateException: Handler (amra) {8d4c2ed} sending message to a Handler on a dead thread
10-14 00:46:21.481  6841 18163 W MessageQueue: 	at android.os.MessageQueue.enqueueMessage(MessageQueue.java:546)
10-14 00:46:21.481  6841 18163 W MessageQueue: 	at android.os.Handler.enqueueMessage(Handler.java:745)
10-14 00:46:21.481  6841 18163 W MessageQueue: 	at android.os.Handler.sendMessageAtTime(Handler.java:697)
10-14 00:46:21.481  6841 18163 W MessageQueue: 	at android.os.Handler.sendMessageDelayed(Handler.java:667)
10-14 00:46:21.481  6841 18163 W MessageQueue: 	at android.os.Handler.postDelayed(Handler.java:469)
10-14 00:46:21.481  6841 18163 W MessageQueue: 	at amrd.f(PG:53)
10-14 00:46:21.481  6841 18163 W MessageQueue: 	at amra.handleMessage(PG:218)
10-14 00:46:21.481  6841 18163 W MessageQueue: 	at android.os.Handler.dispatchMessage(Handler.java:106)
10-14 00:46:21.481  6841 18163 W MessageQueue: 	at android.os.Looper.loop(Looper.java:193)
10-14 00:46:21.481  6841 18163 W MessageQueue: 	at android.os.HandlerThread.run(HandlerThread.java:65)
10-14 00:46:21.503  2953  2969 E NotificationService: Suppressing notification from package by user request.
10-14 00:46:21.504  2953  9354 I WifiService: acquireWifiLock uid=10023 lockMode=3
10-14 00:46:21.505  2953  2969 E NotificationService: Suppressing notification from package by user request.
10-14 00:46:21.505  2953  3042 D ConnectivityService: releasing NetworkRequest [ TRACK_DEFAULT id=175, [ Capabilities: INTERNET&NOT_RESTRICTED&TRUSTED Unwanted:  Uid: 10023] ] (release request)
10-14 00:46:21.516  6841 27924 W YouTube : Transfer wakelock held for 2 ms
10-14 00:46:21.520  2953  4858 I WifiService: releaseWifiLock uid=10023
10-14 00:46:28.018  4078  4078 D skia    : --- Failed to create image decoder with message 'unimplemented'
10-14 00:46:44.928  2787  2821 E storaged: getDiskStats failed with result NOT_SUPPORTED and size 0
10-14 00:46:48.050  4078  4078 I chatty  : uid=10079(com.antutu.ABenchMark) identical 4 lines
10-14 00:46:48.061  4078  4078 D skia    : --- Failed to create image decoder with message 'unimplemented'
10-14 00:46:50.085  3483  9152 E WakeLock: GCM_HB_ALARM release without a matched acquire!
10-14 00:46:51.177  2953 18154 I ActivityManager: START u0 {act=android.intent.action.MAIN cat=[android.intent.category.LAUNCHER] flg=0x10200000 cmp=net.daum.android.map/com.kakao.map.main.view.IntroActivity bnds=[454,31][655,162]} from uid 10024
10-14 00:46:51.177  2747  7191 W amlaudioMixer: mixer_get_presentation_position(), port not ready now
10-14 00:46:51.177  2747  7191 W audio-subMixingFactory: out_get_presentation_position_port(), pts not valid yet
10-14 00:46:51.177  2747  7191 I audio-subMixingFactory: ++usecase_change_validate_l_sm: dev usecase masks = 0, out usecase_masks = 0, out usecase STREAM_PCM_NORMAL
10-14 00:46:51.177  2747  7191 I audio-subMixingFactory: ++++usecase_change_validate_l_sm(),continuous_audio_mode 0 dev usecase masks = 0, out usecase_masks = 0, out usecase STREAM_PCM_NORMAL
10-14 00:46:51.177  2747  7191 I audio-subMixingFactory: usecase_change_validate_l_sm(), mixer_aux_buffer_write_sm !
10-14 00:46:51.177  2747  7191 I audio-subMixingFactory: ----usecase_change_validate_l_sm(), continuous_audio_mode 0 dev usecase masks = 0x1, out usecase_masks = 0x1, out usecase STREAM_PCM_NORMAL
10-14 00:46:51.177  2747  7191 I aml_audio_port: get_input_port_index(), samplerate 48000
10-14 00:46:51.177  2747  7191 D aml_audio_port: new_input_port(), index:0, rbuf size:8192, direct_on:0
10-14 00:46:51.177  2747  7191 D aml_audio_port: new_input_port(), fmt 0x1, rate 48000
10-14 00:46:51.177  2747  7191 I amlaudioMixer: ++init_mixer_input_port port index 0, size 512 frames
10-14 00:46:51.177  2747  7191 I amlaudioMixer: init_mixer_input_port(), port->initial_frames: 27166720
10-14 00:46:51.177  2747  7191 I aml_audio_port: get_input_port_index(), samplerate 48000
10-14 00:46:51.177  2747  7191 I audio-subMixingFactory: mixer_aux_buffer_write_sm(), primary 0xee3ca000 port index = 0
10-14 00:46:51.177  2747  7191 I audio-subMixingFactory: padding_bytes 16384
10-14 00:46:51.177  2747  7191 I amlaudioMixer: port index 0 is active now
10-14 00:46:51.177  2747  7191 I audio-subMixingFactory: padding_bytes 14336
10-14 00:46:51.177  2747  7191 I audio-subMixingFactory: padding_bytes 12288
10-14 00:46:51.177  2747  7191 I audio-subMixingFactory: padding_bytes 10240
10-14 00:46:51.177  2747  7191 I audio-subMixingFactory: padding_bytes 8192
10-14 00:46:51.177  2747  7191 I audio-subMixingFactory: padding_bytes 6144
10-14 00:46:51.181  2747  7191 I audio-subMixingFactory: padding_bytes 4096
10-14 00:46:51.184  2747  7191 I audio-subMixingFactory: padding_bytes 2048
10-14 00:46:51.200  2747  7191 W amlaudioMixer: mixer_get_presentation_position(), not valid now
10-14 00:46:51.200  2747  7191 W audio-subMixingFactory: out_get_presentation_position_port(), pts not valid yet
10-14 00:46:51.208 28027 28027 I Zygote  : seccomp disabled by setenforce 0
10-14 00:46:51.214 28027 28027 W aum.android.ma: Using default instruction set features for ARM CPU variant (cortex-a9) using conservative defaults
10-14 00:46:51.217  2953  2971 I ActivityManager: Start proc 28027:net.daum.android.map/u0a81 for activity net.daum.android.map/com.kakao.map.main.view.IntroActivity
10-14 00:46:51.225  2756  2902 I [Gralloc]: framebuffer hal alread move to hwcomposer
10-14 00:46:51.252  2766  2911 D AudioFlinger: mixer(0xeb583ac0) throttle end: throttle time(12)
10-14 00:46:51.227  2768  2768 I Binder:2768_3: type=1400 audit(0.0:1507): avc: denied { read } for name="gralloc.odroidn2.so" dev="mmcblk0p12" ino=705 scontext=u:r:surfaceflinger:s0 tcontext=u:object_r:vendor_file:s0 tclass=file permissive=1
10-14 00:46:51.491 28027 28027 I MultiDex: VM with version 2.1.0 has multidex support
10-14 00:46:51.491 28027 28027 I MultiDex: Installing application
10-14 00:46:51.491 28027 28027 I MultiDex: VM has multidex support, MultiDex support library is disabled.
10-14 00:46:51.542  2953  5421 D ConnectivityService: requestNetwork for uid/pid:10023/6841 NetworkRequest [ TRACK_DEFAULT id=176, [ Capabilities: INTERNET&NOT_RESTRICTED&TRUSTED Unwanted:  Uid: 10023] ]
10-14 00:46:51.543  2953  3062 D Ethernet: got request NetworkRequest [ TRACK_DEFAULT id=176, [ Capabilities: INTERNET&NOT_RESTRICTED&TRUSTED Unwanted:  Uid: 10023] ] with score 70
10-14 00:46:51.543  2953  3039 D WIFI    : got request NetworkRequest [ TRACK_DEFAULT id=176, [ Capabilities: INTERNET&NOT_RESTRICTED&TRUSTED Unwanted:  Uid: 10023] ] with score 70
10-14 00:46:51.543  2953  3039 D WIFI_UT : got request NetworkRequest [ TRACK_DEFAULT id=176, [ Capabilities: INTERNET&NOT_RESTRICTED&TRUSTED Unwanted:  Uid: 10023] ] with score 70
10-14 00:46:51.543  3169  3169 D PhoneSwitcherNetworkRequstListener: got request NetworkRequest [ TRACK_DEFAULT id=176, [ Capabilities: INTERNET&NOT_RESTRICTED&TRUSTED Unwanted:  Uid: 10023] ] with score 70
10-14 00:46:51.557  2953  2969 E NotificationService: Suppressing notification from package by user request.
10-14 00:46:51.560  2953  3042 D ConnectivityService: releasing NetworkRequest [ TRACK_DEFAULT id=176, [ Capabilities: INTERNET&NOT_RESTRICTED&TRUSTED Unwanted:  Uid: 10023] ] (release request)
10-14 00:46:51.578 28027 28043 I DynamiteModule: Considering local module com.google.android.gms.measurement.dynamite:15 and remote module com.google.android.gms.measurement.dynamite:0
10-14 00:46:51.578 28027 28043 I DynamiteModule: Selected local version of com.google.android.gms.measurement.dynamite
10-14 00:46:51.584 28027 28027 I FirebaseInitProvider: FirebaseApp initialization successful
10-14 00:46:51.588 28027 28043 W aum.android.ma: Unsupported class loader
10-14 00:46:51.592 28027 28027 I CrashlyticsInitProvider: CrashlyticsInitProvider skipping initialization
10-14 00:46:51.599 28027 28043 W aum.android.ma: Skipping duplicate class check due to unsupported classloader
10-14 00:46:51.618 28027 28060 D NetworkSecurityConfig: No Network Security Config specified, using platform default
10-14 00:46:51.694 28027 28027 I WebViewFactory: Loading com.android.webview version 66.0.3359.158 (code 336015805)
10-14 00:46:51.709 28027 28061 I FA      : App measurement initialized, version: 31000
10-14 00:46:51.709 28027 28061 I FA      : To enable debug logging run: adb shell setprop log.tag.FA VERBOSE
10-14 00:46:51.709 28027 28061 I FA      : To enable faster debug mode event logging run:
10-14 00:46:51.709 28027 28061 I FA      :   adb shell setprop debug.firebase.analytics.app net.daum.android.map
10-14 00:46:51.728 28027 28027 I cr_LibraryLoader: Time to load native libraries: 1 ms (timestamps 3594-3595)
10-14 00:46:51.735 28027 28027 I chromium: [INFO:library_loader_hooks.cc(36)] Chromium logging enabled: level = 0, default verbosity = 0
10-14 00:46:51.735 28027 28027 I cr_LibraryLoader: Expected native library version number "66.0.3359.158", actual native library version number "66.0.3359.158"
10-14 00:46:51.783  3527  3527 W LauncherTransition: Failed to animate, surface got destroyed.
10-14 00:46:51.803  2768  3293 E BufferQueueProducer: [com.android.launcher3/com.android.launcher3.Launcher#0] disconnect: not connected (req=1)
10-14 00:46:51.803  3527  3638 W libEGL  : EGLNativeWindowType 0xe096b808 disconnect failed
10-14 00:46:51.833 28027 28027 I CrashlyticsCore: Initializing Crashlytics Core 2.7.0.33
10-14 00:46:51.859 28027 28094 W aum.android.ma: Unknown chunk type '200'.
10-14 00:46:51.869  2953  3028 I InputDispatcher: Dropping event because there is no touchable window at (548, 104).
10-14 00:46:51.876  2953  3028 I InputDispatcher: Dropping event because there is no touchable window at (548, 105).
10-14 00:46:51.947 28027 28061 I FA      : Tag Manager is not found and thus will not be used
10-14 00:46:52.012  2953  3028 I InputDispatcher: Dropping event because there is no touchable window at (548, 106).
10-14 00:46:52.060  2953  3028 I InputDispatcher: Dropping event because there is no touchable window at (547, 107).
10-14 00:46:52.110 28027 28027 W ActivityThread: ClassLoader.getResourceAsStream: The class loader returned by Thread.getContextClassLoader() may fail for processes that host multiple applications. You should explicitly specify a context class loader. For example: Thread.setContextClassLoader(getClass().getClassLoader());
10-14 00:46:52.111 28027 28027 D i.b.g.b : Construction of Android Sentry from Android Application.
10-14 00:46:52.113 28027 28027 D i.b.g.b : Sentry init with ctx='com.kakao.map.App@69ce40a'
10-14 00:46:52.119 28027 28027 D i.b.g.b : Using buffer dir: /data/user/0/net.daum.android.map/cache/sentry-buffered-events
10-14 00:46:52.125  2953  3028 I InputDispatcher: Dropping event because there is no touchable window at (547, 108).
10-14 00:46:52.126 28027 28027 D i.b.g.b : ANR is='false'
10-14 00:46:52.157  3483  7782 I FontLog : Received query Noto Color Emoji Compat, URI content://com.google.android.gms.fonts [CONTEXT service_id=132 ]
10-14 00:46:52.157  3483  7782 I FontLog : Query [Noto Color Emoji Compat] resolved to {Noto Color Emoji Compat, wdth 100.0, wght 400, ital 0.0, bestEffort false} [CONTEXT service_id=132 ]
10-14 00:46:52.205  2953  3028 I InputDispatcher: Dropping event because there is no touchable window at (547, 109).
10-14 00:46:52.213  2953  3028 I InputDispatcher: Dropping event because there is no touchable window at (546, 110).
10-14 00:46:52.255  3483  3839 W Conscrypt: Could not set socket write timeout: java.net.SocketException: Socket closed
10-14 00:46:52.255  3483  3839 W Conscrypt: 	at com.google.android.gms.org.conscrypt.Platform.setSocketWriteTimeout(:com.google.android.gms@203615025@20.36.15 (100304-333172415):2)
10-14 00:46:52.255  3483  3839 W Conscrypt: 	at com.google.android.gms.org.conscrypt.ConscryptFileDescriptorSocket.setSoWriteTimeout(:com.google.android.gms@203615025@20.36.15 (100304-333172415):0)
10-14 00:46:52.284  2953  3028 I InputDispatcher: Dropping event because there is no touchable window at (546, 111).
10-14 00:46:52.328  3483  3839 W Conscrypt: Could not set socket write timeout: java.net.SocketException: Socket closed
10-14 00:46:52.332  3483  3839 W Conscrypt: 	at com.google.android.gms.org.conscrypt.Platform.setSocketWriteTimeout(:com.google.android.gms@203615025@20.36.15 (100304-333172415):2)
10-14 00:46:52.332  2953  3028 I InputDispatcher: Dropping event because there is no touchable window at (546, 112).
10-14 00:46:52.332  3483  3839 W Conscrypt: 	at com.google.android.gms.org.conscrypt.ConscryptFileDescriptorSocket.setSoWriteTimeout(:com.google.android.gms@203615025@20.36.15 (100304-333172415):0)
10-14 00:46:52.340 28027 28027 D OpenGLRenderer: Skia GL Pipeline
10-14 00:46:52.364  2953  3028 I InputDispatcher: Dropping event because there is no touchable window at (545, 113).
10-14 00:46:52.376  2756  2902 I [Gralloc]: framebuffer hal alread move to hwcomposer
10-14 00:46:52.383  2756  2902 I chatty  : uid=1000(system) HwBinder:2756_1 identical 1 line
10-14 00:46:52.389  2756  2902 I [Gralloc]: framebuffer hal alread move to hwcomposer
10-14 00:46:52.389  2756  2902 E gralloc : ioctl c0144900 failed with code -1: Operation not permitted
10-14 00:46:52.402 28027 28135 I ConfigStore: android::hardware::configstore::V1_0::ISurfaceFlingerConfigs::hasWideColorDisplay retrieved: 0
10-14 00:46:52.403 28027 28135 I ConfigStore: android::hardware::configstore::V1_0::ISurfaceFlingerConfigs::hasHDRDisplay retrieved: 0
10-14 00:46:52.404 28027 28135 I OpenGLRenderer: Initialized EGL, version 1.4
10-14 00:46:52.404 28027 28135 D OpenGLRenderer: Swap behavior 2
10-14 00:46:52.412 28027 28135 D mali_winsys: EGLint new_window_surface(egl_winsys_display *, void *, EGLSurface, EGLConfig, egl_winsys_surface **, EGLBoolean) returns 0x3000
10-14 00:46:52.415  2756  2902 I [Gralloc]: framebuffer hal alread move to hwcomposer
10-14 00:46:52.416  2756  2902 E gralloc : ioctl c0144900 failed with code -1: Operation not permitted
10-14 00:46:52.461  3483  8663 W Conscrypt: Could not set socket write timeout: java.net.SocketException: Socket closed
10-14 00:46:52.462  3483  8663 W Conscrypt: 	at com.google.android.gms.org.conscrypt.Platform.setSocketWriteTimeout(:com.google.android.gms@203615025@20.36.15 (100304-333172415):2)
10-14 00:46:52.462  3483  8663 W Conscrypt: 	at com.google.android.gms.org.conscrypt.ConscryptFileDescriptorSocket.setSoWriteTimeout(:com.google.android.gms@203615025@20.36.15 (100304-333172415):0)
10-14 00:46:52.415 28027 28027 I RenderThread: type=1400 audit(0.0:1519): avc: denied { execute } for path="/vendor/lib/hw/gralloc.odroidn2.so" dev="mmcblk0p12" ino=705 scontext=u:r:untrusted_app:s0:c81,c256,c512,c768 tcontext=u:object_r:vendor_file:s0 tclass=file permissive=1
10-14 00:46:52.419  4078  4078 I tutu.ABenchMark: type=1400 audit(0.0:1520): avc: denied { open } for path="/proc/vmstat" dev="proc" ino=4026531993 scontext=u:r:untrusted_app_27:s0:c512,c768 tcontext=u:object_r:proc_vmstat:s0 tclass=file permissive=1
10-14 00:46:52.534  3483  8663 W Conscrypt: Could not set socket write timeout: java.net.SocketException: Socket closed
10-14 00:46:52.534  3483  8663 W Conscrypt: 	at com.google.android.gms.org.conscrypt.Platform.setSocketWriteTimeout(:com.google.android.gms@203615025@20.36.15 (100304-333172415):2)
10-14 00:46:52.534  3483  8663 W Conscrypt: 	at com.google.android.gms.org.conscrypt.ConscryptFileDescriptorSocket.setSoWriteTimeout(:com.google.android.gms@203615025@20.36.15 (100304-333172415):0)
10-14 00:46:52.558  2953  2977 I ActivityManager: Displayed net.daum.android.map/com.kakao.map.main.view.IntroActivity: +1s265ms
10-14 00:46:52.419  4078  4078 I tutu.ABenchMark: type=1400 audit(0.0:1521): avc: denied { getattr } for path="/proc/vmstat" dev="proc" ino=4026531993 scontext=u:r:untrusted_app_27:s0:c512,c768 tcontext=u:object_r:proc_vmstat:s0 tclass=file permissive=1
10-14 00:46:52.700  2768  3557 W SurfaceFlinger: Attempting to set client state on removed layer: Splash Screen net.daum.android.map#0
10-14 00:46:52.701  2768  3557 W SurfaceFlinger: Attempting to destroy on removed layer: Splash Screen net.daum.android.map#0
10-14 00:46:52.720  2953  4858 I ActivityManager: START u0 {cmp=net.daum.android.map/com.kakao.map.main.view.MainActivity} from uid 10081
10-14 00:46:52.749 28027 28027 W ActivityThread: handleWindowVisibility: no activity for token android.os.BinderProxy@63a0c86
10-14 00:46:52.817 28027 28038 I aum.android.ma: Background concurrent copying GC freed 27597(1597KB) AllocSpace objects, 13(516KB) LOS objects, 49% free, 2MB/4MB, paused 16.650ms total 50.962ms
10-14 00:46:52.899 28027 28027 I K3fAApi : GLSurfaceView24
10-14 00:46:53.117 28027 28027 W K3fAApi : deleted(1): /data/user/0/net.daum.android.map/cache/config/kakao_map
10-14 00:46:53.117 28027 28027 W K3fAApi : deleted(1): /data/user/0/net.daum.android.map/cache/config/map_url
10-14 00:46:53.170 28027 28027 I K3fAApi : checked config ok(1.8.1-SNAPSHOT-153)
10-14 00:46:53.170 28027 28027 I K3fAApi : 454a3ba, e09fcdaf6
10-14 00:46:53.239  3483  7782 I FontLog : Fetch {Noto Color Emoji Compat, wdth 100.0, wght 400, ital 0.0, bestEffort false} end status Status{statusCode=SUCCESS, resolution=null} [CONTEXT service_id=132 ]
10-14 00:46:53.255  3483  7782 I FontLog : Pulling font file for id = 22, cache size = 7 [CONTEXT service_id=132 ]
10-14 00:46:53.271  3483  7782 I FontLog : Pulling font file for id = 22, cache size = 7 [CONTEXT service_id=132 ]
10-14 00:46:53.395 28027 28043 W FA      : setCurrentScreen cannot be called while no activity active
10-14 00:46:53.439 28027 28027 W Glide   : Failed to find GeneratedAppGlideModule. You should include an annotationProcessor compile dependency on com.github.bumptech.glide:compiler in your application and a @GlideModule annotated AppGlideModule implementation or LibraryGlideModules will be silently ignored
10-14 00:46:53.461 28027 28027 D EventBus: No subscribers registered for event class com.kakao.map.main.view.MainActivity$e
10-14 00:46:53.461 28027 28027 D EventBus: No subscribers registered for event class org.greenrobot.eventbus.h
10-14 00:46:53.470 28027 28027 I Choreographer: Skipped 42 frames!  The application may be doing too much work on its main thread.
10-14 00:46:53.638 28027 28185 W LOTTIE  : Lottie doesn't support layer effects. If you are using them for  fills, strokes, trim paths etc. then try adding them directly as contents  in your shape. Found: [Tint]
10-14 00:46:53.711 28027 28185 W LOTTIE  : Unknown shape type op
10-14 00:46:53.724 28027 28185 W LOTTIE  : Unknown mask mode mode. Defaulting to Add.
10-14 00:46:53.751 28027 28135 D mali_winsys: EGLint new_window_surface(egl_winsys_display *, void *, EGLSurface, EGLConfig, egl_winsys_surface **, EGLBoolean) returns 0x3000
10-14 00:46:53.926 28027 28027 E RecyclerView: No adapter attached; skipping layout
10-14 00:46:53.927 28027 28027 D EventBus: No subscribers registered for event class com.kakao.map.main.view.MainActivity$d
10-14 00:46:53.927 28027 28027 D EventBus: No subscribers registered for event class org.greenrobot.eventbus.h
