10-14 00:48:14.283  2756  2903 I [Gralloc]: framebuffer hal alread move to hwcomposer
10-14 00:48:14.284  2768  2849 E BufferQueueProducer: [InputMethod#0] disconnect: not connected (req=1)
10-14 00:48:14.284  3089  7856 W libEGL  : EGLNativeWindowType 0xcec67008 disconnect failed
10-14 00:48:14.287  2756  2903 I [Gralloc]: framebuffer hal alread move to hwcomposer
10-14 00:48:14.279  3106  3106 I RenderThread: type=1400 audit(0.0:1615): avc: denied { read } for name="gralloc.odroidn2.so" dev="mmcblk0p12" ino=705 scontext=u:r:platform_app:s0:c512,c768 tcontext=u:object_r:vendor_file:s0 tclass=file permissive=1
10-14 00:48:14.423  2768  3293 W SurfaceFlinger: Attempting to set client state on removed layer: net.daum.android.map/com.kakao.map.main.view.MainActivity#1
10-14 00:48:14.423  2768  3293 W SurfaceFlinger: Attempting to destroy on removed layer: net.daum.android.map/com.kakao.map.main.view.MainActivity#1
10-14 00:48:14.427  2768  2849 W SurfaceFlinger: Attempting to set client state on removed layer: Dim Layer for - Task=15#0
10-14 00:48:14.427  2768  2849 W SurfaceFlinger: Attempting to destroy on removed layer: Dim Layer for - Task=15#0
10-14 00:48:17.008  2747  2888 D audio-subMixingFactory: out_standby_subMixingPCM: out_stream(0xee3ca000) usecase: STREAM_PCM_NORMAL
10-14 00:48:17.008  2747  2888 I audio-subMixingFactory: ++usecase_change_validate_l_sm(), dev usecase masks = 0x1, is_standby = 1, out usecase STREAM_PCM_NORMAL
10-14 00:48:17.008  2747  2888 I audio-subMixingFactory: --usecase_change_validate_l_sm(), dev usecase masks = 0, is_standby = 1, out usecase STREAM_PCM_NORMAL
10-14 00:48:17.008  2747  2888 I amlaudioMixer: ++delete_mixer_input_port port ID: 0
10-14 00:48:18.361  4078  4078 D skia    : --- Failed to create image decoder with message 'unimplemented'
10-14 00:48:18.374  4078  4078 D skia    : --- Failed to create image decoder with message 'unimplemented'
10-14 00:48:18.367  4078  4078 I tutu.ABenchMark: type=1400 audit(0.0:1618): avc: denied { open } for path="/proc/stat" dev="proc" ino=4026531957 scontext=u:r:untrusted_app_27:s0:c512,c768 tcontext=u:object_r:proc_stat:s0 tclass=file permissive=1
10-14 00:48:18.367  4078  4078 I tutu.ABenchMark: type=1400 audit(0.0:1619): avc: denied { getattr } for path="/proc/stat" dev="proc" ino=4026531957 scontext=u:r:untrusted_app_27:s0:c512,c768 tcontext=u:object_r:proc_stat:s0 tclass=file permissive=1
10-14 00:48:18.367  4078  4078 I tutu.ABenchMark: type=1400 audit(0.0:1620): avc: denied { read } for name="temp" dev="sysfs" ino=8951 scontext=u:r:untrusted_app_27:s0:c512,c768 tcontext=u:object_r:sysfs:s0 tclass=file permissive=1
10-14 00:48:18.367  4078  4078 I tutu.ABenchMark: type=1400 audit(0.0:1621): avc: denied { open } for path="/sys/devices/virtual/thermal/thermal_zone0/temp" dev="sysfs" ino=8951 scontext=u:r:untrusted_app_27:s0:c512,c768 tcontext=u:object_r:sysfs:s0 tclass=file permissive=1
10-14 00:48:18.367  4078  4078 I tutu.ABenchMark: type=1400 audit(0.0:1622): avc: denied { getattr } for path="/sys/devices/virtual/thermal/thermal_zone0/temp" dev="sysfs" ino=8951 scontext=u:r:untrusted_app_27:s0:c512,c768 tcontext=u:object_r:sysfs:s0 tclass=file permissive=1
10-14 00:48:21.643  2953  4864 D ConnectivityService: requestNetwork for uid/pid:10023/6841 NetworkRequest [ TRACK_DEFAULT id=179, [ Capabilities: INTERNET&NOT_RESTRICTED&TRUSTED Unwanted:  Uid: 10023] ]
10-14 00:48:21.645  2953  3062 D Ethernet: got request NetworkRequest [ TRACK_DEFAULT id=179, [ Capabilities: INTERNET&NOT_RESTRICTED&TRUSTED Unwanted:  Uid: 10023] ] with score 70
10-14 00:48:21.645  2953  3039 D WIFI    : got request NetworkRequest [ TRACK_DEFAULT id=179, [ Capabilities: INTERNET&NOT_RESTRICTED&TRUSTED Unwanted:  Uid: 10023] ] with score 70
10-14 00:48:21.645  2953  3039 D WIFI_UT : got request NetworkRequest [ TRACK_DEFAULT id=179, [ Capabilities: INTERNET&NOT_RESTRICTED&TRUSTED Unwanted:  Uid: 10023] ] with score 70
10-14 00:48:21.647  3169  3169 D PhoneSwitcherNetworkRequstListener: got request NetworkRequest [ TRACK_DEFAULT id=179, [ Capabilities: INTERNET&NOT_RESTRICTED&TRUSTED Unwanted:  Uid: 10023] ] with score 70
10-14 00:48:21.652  2953  2969 E NotificationService: Suppressing notification from package by user request.
10-14 00:48:21.653  2953  3042 D ConnectivityService: releasing NetworkRequest [ TRACK_DEFAULT id=179, [ Capabilities: INTERNET&NOT_RESTRICTED&TRUSTED Unwanted:  Uid: 10023] ] (release request)
10-14 00:48:22.102  2747  7191 W amlaudioMixer: mixer_get_presentation_position(), port not ready now
10-14 00:48:22.102  2747  7191 W audio-subMixingFactory: out_get_presentation_position_port(), pts not valid yet
10-14 00:48:22.103  2747  7191 I audio-subMixingFactory: ++usecase_change_validate_l_sm: dev usecase masks = 0, out usecase_masks = 0, out usecase STREAM_PCM_NORMAL
10-14 00:48:22.103  2747  7191 I audio-subMixingFactory: ++++usecase_change_validate_l_sm(),continuous_audio_mode 0 dev usecase masks = 0, out usecase_masks = 0, out usecase STREAM_PCM_NORMAL
10-14 00:48:22.103  2747  7191 I audio-subMixingFactory: usecase_change_validate_l_sm(), mixer_aux_buffer_write_sm !
10-14 00:48:22.103  2747  7191 I audio-subMixingFactory: ----usecase_change_validate_l_sm(), continuous_audio_mode 0 dev usecase masks = 0x1, out usecase_masks = 0x1, out usecase STREAM_PCM_NORMAL
10-14 00:48:22.103  2747  7191 I aml_audio_port: get_input_port_index(), samplerate 48000
10-14 00:48:22.103  2747  7191 D aml_audio_port: new_input_port(), index:0, rbuf size:8192, direct_on:0
10-14 00:48:22.103  2747  7191 D aml_audio_port: new_input_port(), fmt 0x1, rate 48000
10-14 00:48:22.103  2747  7191 I amlaudioMixer: ++init_mixer_input_port port index 0, size 512 frames
10-14 00:48:22.103  2747  7191 I amlaudioMixer: init_mixer_input_port(), port->initial_frames: 29452288
10-14 00:48:22.103  2747  7191 I aml_audio_port: get_input_port_index(), samplerate 48000
10-14 00:48:22.103  2747  7191 I audio-subMixingFactory: mixer_aux_buffer_write_sm(), primary 0xee3ca000 port index = 0
10-14 00:48:22.103  2747  7191 I audio-subMixingFactory: padding_bytes 16384
10-14 00:48:22.103  2747  7191 I amlaudioMixer: port index 0 is active now
10-14 00:48:22.103  2747  7191 I audio-subMixingFactory: padding_bytes 14336
10-14 00:48:22.103  2747  7191 I audio-subMixingFactory: padding_bytes 12288
10-14 00:48:22.103  2747  7191 I audio-subMixingFactory: padding_bytes 10240
10-14 00:48:22.103  2747  7191 I audio-subMixingFactory: padding_bytes 8192
10-14 00:48:22.103  2747  7191 I audio-subMixingFactory: padding_bytes 6144
10-14 00:48:22.107  2747  7191 I audio-subMixingFactory: padding_bytes 4096
10-14 00:48:22.110  2747  7191 I audio-subMixingFactory: padding_bytes 2048
10-14 00:48:22.120  2747  7191 W amlaudioMixer: mixer_get_presentation_position(), not valid now
10-14 00:48:22.120  2747  7191 W audio-subMixingFactory: out_get_presentation_position_port(), pts not valid yet
10-14 00:48:22.130  2747  7191 W amlaudioMixer: mixer_get_presentation_position(), not valid now
10-14 00:48:22.130  2747  7191 W audio-subMixingFactory: out_get_presentation_position_port(), pts not valid yet
10-14 00:48:22.145  2766  2911 D AudioFlinger: mixer(0xeb583ac0) throttle end: throttle time(7)
10-14 00:48:22.228  2953  2975 D AutofillManagerService: Close system dialogs
10-14 00:48:22.229  2953  3028 I ActivityManager: START u0 {act=android.intent.action.MAIN cat=[android.intent.category.HOME] flg=0x10200000 cmp=com.android.launcher3/.Launcher (has extras)} from uid 1000
10-14 00:48:22.245  3106  3106 V StatusBar: mStatusBarWindow: com.android.systemui.statusbar.phone.StatusBarWindowView{530a9c0 V.ED..... ........ 0,0-1360,31} canPanelBeCollapsed(): false
10-14 00:48:22.246  3106  3106 I vol.Events: writeEvent dismiss_dialog volume_controller
10-14 00:48:22.250 28027 28171 I K3fCore : Engine paused
10-14 00:48:22.253  2768  3293 E BufferQueueProducer: [SurfaceView - net.daum.android.map/com.kakao.map.main.view.MainActivity#0] disconnect: not connected (req=1)
10-14 00:48:22.253 28027 28171 W libEGL  : EGLNativeWindowType 0xcb37f808 disconnect failed
10-14 00:48:22.269  2756  2903 I [Gralloc]: framebuffer hal alread move to hwcomposer
10-14 00:48:22.279  2756  2902 I [Gralloc]: framebuffer hal alread move to hwcomposer
10-14 00:48:22.283  2756  2903 I [Gralloc]: framebuffer hal alread move to hwcomposer
10-14 00:48:22.304  3527  3638 D mali_winsys: EGLint new_window_surface(egl_winsys_display *, void *, EGLSurface, EGLConfig, egl_winsys_surface **, EGLBoolean) returns 0x3000
10-14 00:48:22.275  2768  2768 I Binder:2768_4: type=1400 audit(0.0:1623): avc: denied { read } for name="gralloc.odroidn2.so" dev="mmcblk0p12" ino=705 scontext=u:r:surfaceflinger:s0 tcontext=u:object_r:vendor_file:s0 tclass=file permissive=1
10-14 00:48:22.334  2756  2903 I [Gralloc]: framebuffer hal alread move to hwcomposer
10-14 00:48:22.338  2953  3058 W HdmiCecController: Failed to send <Text View On> src: 4, dst: 0 with errorCode=1
10-14 00:48:22.275  2768  2768 I Binder:2768_4: type=1400 audit(0.0:1624): avc: denied { open } for path="/vendor/lib/hw/gralloc.odroidn2.so" dev="mmcblk0p12" ino=705 scontext=u:r:surfaceflinger:s0 tcontext=u:object_r:vendor_file:s0 tclass=file permissive=1
10-14 00:48:22.375  2756  2903 I [Gralloc]: framebuffer hal alread move to hwcomposer
10-14 00:48:22.392  2768  3293 E BufferQueueProducer: [net.daum.android.map/com.kakao.map.main.view.MainActivity#0] disconnect: not connected (req=1)
10-14 00:48:22.392 28027 28135 W libEGL  : EGLNativeWindowType 0xcb37f008 disconnect failed
10-14 00:48:22.404  2756  2903 I [Gralloc]: framebuffer hal alread move to hwcomposer
10-14 00:48:22.275  2768  2768 I Binder:2768_4: type=1400 audit(0.0:1625): avc: denied { getattr } for path="/vendor/lib/hw/gralloc.odroidn2.so" dev="mmcblk0p12" ino=705 scontext=u:r:surfaceflinger:s0 tcontext=u:object_r:vendor_file:s0 tclass=file permissive=1
10-14 00:48:22.429  2756  2903 I [Gralloc]: framebuffer hal alread move to hwcomposer
10-14 00:48:22.363  3527  3527 I RenderThread: type=1400 audit(0.0:1626): avc: denied { read } for name="gralloc.odroidn2.so" dev="mmcblk0p12" ino=705 scontext=u:r:priv_app:s0:c512,c768 tcontext=u:object_r:vendor_file:s0 tclass=file permissive=1
10-14 00:48:22.529  2953  3184 W system_server: Long monitor contention with owner android.anim (3010) at void com.android.server.wm.WindowSurfacePlacer.lambda$new$0(com.android.server.wm.WindowSurfacePlacer)(WindowSurfacePlacer.java:117) waiters=2 in int com.android.server.wm.WindowManagerService.relayoutWindow(com.android.server.wm.Session, android.view.IWindow, int, android.view.WindowManager$LayoutParams, int, int, int, int, long, android.graphics.Rect, android.graphics.Rect, android.graphics.Rect, android.graphics.Rect, android.graphics.Rect, android.graphics.Rect, android.graphics.Rect, android.view.DisplayCutout$ParcelableWrapper, android.util.MergedConfiguration, android.view.Surface) for 133ms
10-14 00:48:22.535  2953  9354 W system_server: Long monitor contention with owner Binder:2953_C (4864) at void com.android.server.am.ActivityManagerService.activityIdle(android.os.IBinder, android.content.res.Configuration, boolean)(ActivityManagerService.java:7945) waiters=0 in android.app.ActivityManager$TaskSnapshot com.android.server.am.ActivityManagerService.getTaskSnapshot(int, boolean) for 155ms
10-14 00:48:22.582  2953  3058 W HdmiCecController: Failed to send <Give Device Power Status> src: 4, dst: 0 with errorCode=1
10-14 00:48:22.973  2768  3557 W SurfaceFlinger: Attempting to set client state on removed layer: net.daum.android.map/com.kakao.map.main.view.MainActivity#0
10-14 00:48:22.973  2768  3557 W SurfaceFlinger: Attempting to destroy on removed layer: net.daum.android.map/com.kakao.map.main.view.MainActivity#0
10-14 00:48:22.975  2768  2841 W SurfaceFlinger: Attempting to set client state on removed layer: net.daum.android.map/com.kakao.map.main.view.MainActivity#0
10-14 00:48:22.975  2768  2841 W SurfaceFlinger: Attempting to destroy on removed layer: net.daum.android.map/com.kakao.map.main.view.MainActivity#0
10-14 00:48:22.990  2953  7801 I ConfigStore: android::hardware::configstore::V1_0::ISurfaceFlingerConfigs::hasWideColorDisplay retrieved: 0
10-14 00:48:22.991  2953  7801 I ConfigStore: android::hardware::configstore::V1_0::ISurfaceFlingerConfigs::hasHDRDisplay retrieved: 0
10-14 00:48:22.991  2953  7801 I OpenGLRenderer: Initialized EGL, version 1.4
10-14 00:48:22.991  2953  7801 D OpenGLRenderer: Swap behavior 2
10-14 00:48:25.174  2747  2888 D audio-subMixingFactory: out_standby_subMixingPCM: out_stream(0xee3ca000) usecase: STREAM_PCM_NORMAL
10-14 00:48:25.174  2747  2888 I audio-subMixingFactory: ++usecase_change_validate_l_sm(), dev usecase masks = 0x1, is_standby = 1, out usecase STREAM_PCM_NORMAL
10-14 00:48:25.174  2747  2888 I audio-subMixingFactory: --usecase_change_validate_l_sm(), dev usecase masks = 0, is_standby = 1, out usecase STREAM_PCM_NORMAL
10-14 00:48:25.174  2747  2888 I amlaudioMixer: ++delete_mixer_input_port port ID: 0
10-14 00:48:28.386  4078  4078 D skia    : --- Failed to create image decoder with message 'unimplemented'
10-14 00:48:28.401  4078  4078 D skia    : --- Failed to create image decoder with message 'unimplemented'
10-14 00:48:28.391  4078  4078 I tutu.ABenchMark: type=1400 audit(0.0:1632): avc: denied { open } for path="/proc/stat" dev="proc" ino=4026531957 scontext=u:r:untrusted_app_27:s0:c512,c768 tcontext=u:object_r:proc_stat:s0 tclass=file permissive=1
10-14 00:48:28.395  4078  4078 I tutu.ABenchMark: type=1400 audit(0.0:1634): avc: denied { read } for name="temp" dev="sysfs" ino=8951 scontext=u:r:untrusted_app_27:s0:c512,c768 tcontext=u:object_r:sysfs:s0 tclass=file permissive=1
10-14 00:48:38.414  4078  4078 D skia    : --- Failed to create image decoder with message 'unimplemented'
10-14 00:48:38.425  4078  4078 D skia    : --- Failed to create image decoder with message 'unimplemented'
10-14 00:48:44.243  2953  2953 W WindowManager: One touch play failed: 1
10-14 00:48:40.354  2953  3058 I chatty  : uid=1000(system) Hdmi Control Io identical 9 lines
10-14 00:48:42.354  2953  3058 W HdmiCecController: Failed to send <Give Device Power Status> src: 4, dst: 0 with errorCode=1
10-14 00:48:44.929  2787  2821 E storaged: getDiskStats failed with result NOT_SUPPORTED and size 0
10-14 00:48:45.160  2747  7191 W amlaudioMixer: mixer_get_presentation_position(), port not ready now
10-14 00:48:45.160  2747  7191 W audio-subMixingFactory: out_get_presentation_position_port(), pts not valid yet
10-14 00:48:45.160  2747  7191 I audio-subMixingFactory: ++usecase_change_validate_l_sm: dev usecase masks = 0, out usecase_masks = 0, out usecase STREAM_PCM_NORMAL
10-14 00:48:45.160  2747  7191 I audio-subMixingFactory: ++++usecase_change_validate_l_sm(),continuous_audio_mode 0 dev usecase masks = 0, out usecase_masks = 0, out usecase STREAM_PCM_NORMAL
10-14 00:48:45.160  2747  7191 I audio-subMixingFactory: usecase_change_validate_l_sm(), mixer_aux_buffer_write_sm !
10-14 00:48:45.160  2747  7191 I audio-subMixingFactory: ----usecase_change_validate_l_sm(), continuous_audio_mode 0 dev usecase masks = 0x1, out usecase_masks = 0x1, out usecase STREAM_PCM_NORMAL
10-14 00:48:45.160  2747  7191 I aml_audio_port: get_input_port_index(), samplerate 48000
10-14 00:48:45.160  2747  7191 D aml_audio_port: new_input_port(), index:0, rbuf size:8192, direct_on:0
10-14 00:48:45.160  2747  7191 D aml_audio_port: new_input_port(), fmt 0x1, rate 48000
10-14 00:48:45.160  2747  7191 I amlaudioMixer: ++init_mixer_input_port port index 0, size 512 frames
10-14 00:48:45.160  2747  7191 I amlaudioMixer: init_mixer_input_port(), port->initial_frames: 29600768
10-14 00:48:45.160  2747  7191 I aml_audio_port: get_input_port_index(), samplerate 48000
10-14 00:48:45.160  2747  7191 I audio-subMixingFactory: mixer_aux_buffer_write_sm(), primary 0xee3ca000 port index = 0
10-14 00:48:45.160  2747  7191 I audio-subMixingFactory: padding_bytes 16384
10-14 00:48:45.160  2747  7191 I amlaudioMixer: port index 0 is active now
10-14 00:48:45.160  2747  7191 I audio-subMixingFactory: padding_bytes 14336
10-14 00:48:45.160  2747  7191 I audio-subMixingFactory: padding_bytes 12288
10-14 00:48:45.160  2747  7191 I audio-subMixingFactory: padding_bytes 10240
10-14 00:48:45.161  2747  7191 I audio-subMixingFactory: padding_bytes 8192
10-14 00:48:45.161  2747  7191 I audio-subMixingFactory: padding_bytes 6144
10-14 00:48:45.164  2747  7191 I audio-subMixingFactory: padding_bytes 4096
10-14 00:48:45.167  2747  7191 I audio-subMixingFactory: padding_bytes 2048
10-14 00:48:45.174  2747  7191 W amlaudioMixer: mixer_get_presentation_position(), not valid now
10-14 00:48:45.174  2747  7191 W audio-subMixingFactory: out_get_presentation_position_port(), pts not valid yet
10-14 00:48:45.184  2747  7191 W amlaudioMixer: mixer_get_presentation_position(), not valid now
10-14 00:48:45.184  2747  7191 W audio-subMixingFactory: out_get_presentation_position_port(), pts not valid yet
10-14 00:48:45.200  2766  2911 D AudioFlinger: mixer(0xeb583ac0) throttle end: throttle time(5)
10-14 00:48:45.272  2953  2975 D AutofillManagerService: Close system dialogs
10-14 00:48:45.289  3106  3106 V StatusBar: mStatusBarWindow: com.android.systemui.statusbar.phone.StatusBarWindowView{530a9c0 V.ED..... ........ 0,0-1360,31} canPanelBeCollapsed(): false
10-14 00:48:45.290  3106  3106 I vol.Events: writeEvent dismiss_dialog volume_controller
10-14 00:48:45.307  3527  3527 I Recents-TaskRes: type=1400 audit(0.0:1637): avc: denied { read } for name="gralloc.odroidn2.so" dev="mmcblk0p12" ino=705 scontext=u:r:priv_app:s0:c512,c768 tcontext=u:object_r:vendor_file:s0 tclass=file permissive=1
10-14 00:48:47.038 28027 28135 D mali_winsys: EGLint new_window_surface(egl_winsys_display *, void *, EGLSurface, EGLConfig, egl_winsys_surface **, EGLBoolean) returns 0x3000
10-14 00:48:47.040 28027 28171 D mali_winsys: EGLint new_window_surface(egl_winsys_display *, void *, EGLSurface, EGLConfig, egl_winsys_surface **, EGLBoolean) returns 0x3000
10-14 00:48:47.041 28027 28171 I K3fAApi : onEglSurfaceCreated(1360, 707)
10-14 00:48:47.041 28027 28171 I K3fAApi : onEglSurfaceChanged(1360, 707)
10-14 00:48:47.041 28027 28171 I K3fCore : Engine resumed
10-14 00:48:47.041  2756  2903 I [Gralloc]: framebuffer hal alread move to hwcomposer
10-14 00:48:47.057  2756  2903 I [Gralloc]: framebuffer hal alread move to hwcomposer
10-14 00:48:47.065  2768  3557 E BufferQueueProducer: [SurfaceView - net.daum.android.map/com.kakao.map.main.view.MainActivity#0] disconnect: not connected (req=1)
10-14 00:48:47.065 28027 28171 W libEGL  : EGLNativeWindowType 0xe095c808 disconnect failed
10-14 00:48:47.066 28027 28171 D mali_winsys: EGLint new_window_surface(egl_winsys_display *, void *, EGLSurface, EGLConfig, egl_winsys_surface **, EGLBoolean) returns 0x3000
10-14 00:48:47.066 28027 28171 I K3fAApi : onEglSurfaceCreated(1360, 707)
10-14 00:48:47.066 28027 28171 I K3fAApi : onEglSurfaceChanged(1360, 707)
10-14 00:48:47.066  2756  2903 I [Gralloc]: framebuffer hal alread move to hwcomposer
10-14 00:48:47.095  2756  2903 I chatty  : uid=1000(system) HwBinder:2756_2 identical 2 lines
10-14 00:48:47.099  2756  2903 I [Gralloc]: framebuffer hal alread move to hwcomposer
10-14 00:48:47.099  2756  2903 E gralloc : ioctl c0144900 failed with code -1: Operation not permitted
10-14 00:48:47.118  2756  2903 I [Gralloc]: framebuffer hal alread move to hwcomposer
10-14 00:48:47.119  2756  2903 E gralloc : ioctl c0144900 failed with code -1: Operation not permitted
10-14 00:48:47.133  2756  2903 I [Gralloc]: framebuffer hal alread move to hwcomposer
10-14 00:48:47.133  2756  2903 E gralloc : ioctl c0144900 failed with code -1: Operation not permitted
10-14 00:48:47.288  2768  2841 W SurfaceFlinger: Attempting to set client state on removed layer: SnapshotStartingWindow for taskId=15#0
10-14 00:48:47.288  2768  2841 W SurfaceFlinger: Attempting to destroy on removed layer: SnapshotStartingWindow for taskId=15#0
10-14 00:48:47.303  2768  2849 E BufferQueueProducer: [com.android.launcher3/com.android.launcher3.Launcher#0] disconnect: not connected (req=1)
10-14 00:48:47.304  3527  3638 W libEGL  : EGLNativeWindowType 0xe096b808 disconnect failed
10-14 00:48:47.440  3527  3527 W ViewRootImpl[Launcher]: Cancelling event due to no window focus: MotionEvent { action=ACTION_CANCEL, actionButton=0, id[0]=0, x[0]=548.8303, y[0]=429.50333, toolType[0]=TOOL_TYPE_MOUSE, buttonState=0, metaState=0, flags=0x0, edgeFlags=0x0, pointerCount=1, historySize=0, eventTime=2179307, downTime=2178671, deviceId=4, source=0x2002 }
10-14 00:48:48.439  4078  4078 D skia    : --- Failed to create image decoder with message 'unimplemented'
10-14 00:48:48.452  4078  4078 D skia    : --- Failed to create image decoder with message 'unimplemented'
10-14 00:48:48.787 28027 28027 W aum.android.ma: Attempt to remove non-JNI local reference, dumping thread
10-14 00:48:47.441  3527  3527 I chatty  : uid=10024(com.android.launcher3) identical 2 lines
10-14 00:48:47.441  3527  3527 W ViewRootImpl[Launcher]: Cancelling event due to no window focus: MotionEvent { action=ACTION_CANCEL, actionButton=0, id[0]=0, x[0]=548.8303, y[0]=429.50333, toolType[0]=TOOL_TYPE_MOUSE, buttonState=0, metaState=0, flags=0x0, edgeFlags=0x0, pointerCount=1, historySize=0, eventTime=2179307, downTime=2178671, deviceId=4, source=0x2002 }
10-14 00:48:51.667  2953  9354 D ConnectivityService: requestNetwork for uid/pid:10023/6841 NetworkRequest [ TRACK_DEFAULT id=180, [ Capabilities: INTERNET&NOT_RESTRICTED&TRUSTED Unwanted:  Uid: 10023] ]
10-14 00:48:48.791 28027 28027 I chatty  : uid=10081(net.daum.android.map) identical 15 lines
10-14 00:48:48.792 28027 28027 W aum.android.ma: Attempt to remove non-JNI local reference, dumping thread
10-14 00:48:51.668  2953  3039 D WIFI    : got request NetworkRequest [ TRACK_DEFAULT id=180, [ Capabilities: INTERNET&NOT_RESTRICTED&TRUSTED Unwanted:  Uid: 10023] ] with score 70
10-14 00:48:51.668  2953  3039 D WIFI_UT : got request NetworkRequest [ TRACK_DEFAULT id=180, [ Capabilities: INTERNET&NOT_RESTRICTED&TRUSTED Unwanted:  Uid: 10023] ] with score 70
10-14 00:48:51.668  2953  3062 D Ethernet: got request NetworkRequest [ TRACK_DEFAULT id=180, [ Capabilities: INTERNET&NOT_RESTRICTED&TRUSTED Unwanted:  Uid: 10023] ] with score 70
10-14 00:48:51.669  3169  3169 D PhoneSwitcherNetworkRequstListener: got request NetworkRequest [ TRACK_DEFAULT id=180, [ Capabilities: INTERNET&NOT_RESTRICTED&TRUSTED Unwanted:  Uid: 10023] ] with score 70
10-14 00:48:51.674  2953  2969 E NotificationService: Suppressing notification from package by user request.
10-14 00:48:51.675  2953  3042 D ConnectivityService: releasing NetworkRequest [ TRACK_DEFAULT id=180, [ Capabilities: INTERNET&NOT_RESTRICTED&TRUSTED Unwanted:  Uid: 10023] ] (release request)
10-14 00:48:51.879  2747  2888 D audio-subMixingFactory: out_standby_subMixingPCM: out_stream(0xee3ca000) usecase: STREAM_PCM_NORMAL
10-14 00:48:51.879  2747  2888 I audio-subMixingFactory: ++usecase_change_validate_l_sm(), dev usecase masks = 0x1, is_standby = 1, out usecase STREAM_PCM_NORMAL
10-14 00:48:51.879  2747  2888 I audio-subMixingFactory: --usecase_change_validate_l_sm(), dev usecase masks = 0, is_standby = 1, out usecase STREAM_PCM_NORMAL
10-14 00:48:51.879  2747  2888 I amlaudioMixer: ++delete_mixer_input_port port ID: 0
10-14 00:48:51.879  2747  2907 E amlaudioMixer: mixer_do_mixing_16bit(), sys or direct pcm must exist!!!
10-14 00:48:51.855  2760  2760 I memtrack@1.0-se: type=1400 audit(0.0:1640): avc: denied { read } for name="mem_profile" dev="debugfs" ino=2850 scontext=u:r:hal_memtrack_default:s0 tcontext=u:object_r:debugfs:s0 tclass=file permissive=1
10-14 00:48:52.423  4078  4078 I tutu.ABenchMark: type=1400 audit(0.0:1643): avc: denied { open } for path="/proc/vmstat" dev="proc" ino=4026531993 scontext=u:r:untrusted_app_27:s0:c512,c768 tcontext=u:object_r:proc_vmstat:s0 tclass=file permissive=1
10-14 00:48:55.604  4971  6218 I tnet-jni: 248 - [spdyPingRecvCallback] - 
10-14 00:48:55.604  4971  6218 I tnet-jni: 248 - [SpdySessionCallBack.spdyPingRecvCallback] - org.android.spdy.SpdySession@4031eff
10-14 00:48:57.939 28027 28027 W aum.android.ma: Attempt to remove non-JNI local reference, dumping thread
10-14 00:48:57.939 28027 28027 W aum.android.ma: Attempt to remove non-JNI local reference, dumping thread
10-14 00:48:58.460  4078  4078 D skia    : --- Failed to create image decoder with message 'unimplemented'
10-14 00:48:58.476  4078  4078 D skia    : --- Failed to create image decoder with message 'unimplemented'
10-14 00:48:59.192  2747  7191 W amlaudioMixer: mixer_get_presentation_position(), port not ready now
10-14 00:48:59.192  2747  7191 W audio-subMixingFactory: out_get_presentation_position_port(), pts not valid yet
10-14 00:48:59.192  2747  7191 I audio-subMixingFactory: ++usecase_change_validate_l_sm: dev usecase masks = 0, out usecase_masks = 0, out usecase STREAM_PCM_NORMAL
10-14 00:48:59.192  2747  7191 I audio-subMixingFactory: ++++usecase_change_validate_l_sm(),continuous_audio_mode 0 dev usecase masks = 0, out usecase_masks = 0, out usecase STREAM_PCM_NORMAL
10-14 00:48:59.192  2747  7191 I audio-subMixingFactory: usecase_change_validate_l_sm(), mixer_aux_buffer_write_sm !
10-14 00:48:59.192  2747  7191 I audio-subMixingFactory: ----usecase_change_validate_l_sm(), continuous_audio_mode 0 dev usecase masks = 0x1, out usecase_masks = 0x1, out usecase STREAM_PCM_NORMAL
10-14 00:48:59.192  2747  7191 I aml_audio_port: get_input_port_index(), samplerate 48000
10-14 00:48:59.192  2747  7191 D aml_audio_port: new_input_port(), index:0, rbuf size:8192, direct_on:0
10-14 00:48:59.192  2747  7191 D aml_audio_port: new_input_port(), fmt 0x1, rate 48000
10-14 00:48:59.192  2747  7191 I amlaudioMixer: ++init_mixer_input_port port index 0, size 512 frames
10-14 00:48:59.192  2747  7191 I amlaudioMixer: init_mixer_input_port(), port->initial_frames: 29924352
10-14 00:48:59.192  2747  7191 I aml_audio_port: get_input_port_index(), samplerate 48000
10-14 00:48:59.192  2747  7191 I audio-subMixingFactory: mixer_aux_buffer_write_sm(), primary 0xee3ca000 port index = 0
10-14 00:48:59.192  2747  7191 I audio-subMixingFactory: padding_bytes 16384
10-14 00:48:59.192  2747  7191 I amlaudioMixer: port index 0 is active now
10-14 00:48:59.192  2747  7191 I audio-subMixingFactory: padding_bytes 14336
10-14 00:48:59.192  2747  7191 I audio-subMixingFactory: padding_bytes 12288
10-14 00:48:59.192  2747  7191 I audio-subMixingFactory: padding_bytes 10240
10-14 00:48:59.193  2747  7191 I audio-subMixingFactory: padding_bytes 8192
10-14 00:48:59.193  2747  7191 I audio-subMixingFactory: padding_bytes 6144
10-14 00:48:59.200  2747  7191 I audio-subMixingFactory: padding_bytes 4096
10-14 00:48:59.203  2747  7191 I audio-subMixingFactory: padding_bytes 2048
10-14 00:48:59.213  2747  7191 W amlaudioMixer: mixer_get_presentation_position(), not valid now
10-14 00:48:59.213  2747  7191 W audio-subMixingFactory: out_get_presentation_position_port(), pts not valid yet
10-14 00:48:59.224  2747  7191 W amlaudioMixer: mixer_get_presentation_position(), not valid now
10-14 00:48:59.224  2747  7191 W audio-subMixingFactory: out_get_presentation_position_port(), pts not valid yet
10-14 00:48:59.238  2766  2911 D AudioFlinger: mixer(0xeb583ac0) throttle end: throttle time(7)
10-14 00:48:59.425 28027 28038 I aum.android.ma: Background concurrent copying GC freed 103255(4MB) AllocSpace objects, 16(448KB) LOS objects, 50% free, 16MB/33MB, paused 96us total 104.544ms
10-14 00:49:02.266  2747  2888 D audio-subMixingFactory: out_standby_subMixingPCM: out_stream(0xee3ca000) usecase: STREAM_PCM_NORMAL
10-14 00:49:02.266  2747  2888 I audio-subMixingFactory: ++usecase_change_validate_l_sm(), dev usecase masks = 0x1, is_standby = 1, out usecase STREAM_PCM_NORMAL
10-14 00:49:02.266  2747  2888 I audio-subMixingFactory: --usecase_change_validate_l_sm(), dev usecase masks = 0, is_standby = 1, out usecase STREAM_PCM_NORMAL
10-14 00:49:02.266  2747  2888 I amlaudioMixer: ++delete_mixer_input_port port ID: 0
10-14 00:49:02.266  2747  2907 E amlaudioMixer: mixer_do_mixing_16bit(), sys or direct pcm must exist!!!
10-14 00:49:06.278 28027 28027 W StaticLayout: maxLineHeight should not be -1.  maxLines:3 lineCount:3
10-14 00:49:08.488  4078  4078 D skia    : --- Failed to create image decoder with message 'unimplemented'
10-14 00:49:08.500  4078  4078 D skia    : --- Failed to create image decoder with message 'unimplemented'
10-14 00:49:11.431  2756  2903 I [Gralloc]: framebuffer hal alread move to hwcomposer
10-14 00:49:11.431  2768  2768 I Binder:2768_2: type=1400 audit(0.0:1645): avc: denied { read } for name="gralloc.odroidn2.so" dev="mmcblk0p12" ino=705 scontext=u:r:surfaceflinger:s0 tcontext=u:object_r:vendor_file:s0 tclass=file permissive=1
10-14 00:49:11.659  2747  7191 W amlaudioMixer: mixer_get_presentation_position(), port not ready now
10-14 00:49:11.659  2747  7191 W audio-subMixingFactory: out_get_presentation_position_port(), pts not valid yet
10-14 00:49:11.660  2747  7191 I audio-subMixingFactory: ++usecase_change_validate_l_sm: dev usecase masks = 0, out usecase_masks = 0, out usecase STREAM_PCM_NORMAL
10-14 00:49:11.660  2747  7191 I audio-subMixingFactory: ++++usecase_change_validate_l_sm(),continuous_audio_mode 0 dev usecase masks = 0, out usecase_masks = 0, out usecase STREAM_PCM_NORMAL
10-14 00:49:11.660  2747  7191 I audio-subMixingFactory: usecase_change_validate_l_sm(), mixer_aux_buffer_write_sm !
10-14 00:49:11.660  2747  7191 I audio-subMixingFactory: ----usecase_change_validate_l_sm(), continuous_audio_mode 0 dev usecase masks = 0x1, out usecase_masks = 0x1, out usecase STREAM_PCM_NORMAL
10-14 00:49:11.660  2747  7191 I aml_audio_port: get_input_port_index(), samplerate 48000
10-14 00:49:11.660  2747  7191 D aml_audio_port: new_input_port(), index:0, rbuf size:8192, direct_on:0
10-14 00:49:11.660  2747  7191 D aml_audio_port: new_input_port(), fmt 0x1, rate 48000
10-14 00:49:11.660  2747  7191 I amlaudioMixer: ++init_mixer_input_port port index 0, size 512 frames
10-14 00:49:11.660  2747  7191 I amlaudioMixer: init_mixer_input_port(), port->initial_frames: 30072832
10-14 00:49:11.660  2747  7191 I aml_audio_port: get_input_port_index(), samplerate 48000
10-14 00:49:11.660  2747  7191 I audio-subMixingFactory: mixer_aux_buffer_write_sm(), primary 0xee3ca000 port index = 0
10-14 00:49:11.660  2747  7191 I audio-subMixingFactory: padding_bytes 16384
10-14 00:49:11.660  2747  7191 I amlaudioMixer: port index 0 is active now
10-14 00:49:11.660  2747  7191 I audio-subMixingFactory: padding_bytes 14336
10-14 00:49:11.660  2747  7191 I audio-subMixingFactory: padding_bytes 12288
10-14 00:49:11.660  2747  7191 I audio-subMixingFactory: padding_bytes 10240
10-14 00:49:11.660  2747  7191 I audio-subMixingFactory: padding_bytes 8192
10-14 00:49:11.660  2747  7191 I audio-subMixingFactory: padding_bytes 6144
10-14 00:49:11.663  2747  7191 I audio-subMixingFactory: padding_bytes 4096
10-14 00:49:11.666  2747  7191 I audio-subMixingFactory: padding_bytes 2048
10-14 00:49:11.667  2766  2766 W AudioFlinger: createTrack_l(): mismatch between requested flags (00000004) and output flags (00000002)
10-14 00:49:11.668  2953  3050 W AudioTrack: AUDIO_OUTPUT_FLAG_FAST denied by server; frameCount 0 -> 4512
10-14 00:49:11.668  2756  2903 I [Gralloc]: framebuffer hal alread move to hwcomposer
10-14 00:49:11.677  2747  7191 W amlaudioMixer: mixer_get_presentation_position(), not valid now
10-14 00:49:11.677  2747  7191 W audio-subMixingFactory: out_get_presentation_position_port(), pts not valid yet
10-14 00:49:11.688  2747  7191 W amlaudioMixer: mixer_get_presentation_position(), not valid now
10-14 00:49:11.688  2747  7191 W audio-subMixingFactory: out_get_presentation_position_port(), pts not valid yet
10-14 00:49:11.699  2766  2911 D AudioFlinger: mixer(0xeb583ac0) throttle end: throttle time(7)
10-14 00:49:14.751  2747  2888 D audio-subMixingFactory: out_standby_subMixingPCM: out_stream(0xee3ca000) usecase: STREAM_PCM_NORMAL
10-14 00:49:14.751  2747  2888 I audio-subMixingFactory: ++usecase_change_validate_l_sm(), dev usecase masks = 0x1, is_standby = 1, out usecase STREAM_PCM_NORMAL
10-14 00:49:14.751  2747  2888 I audio-subMixingFactory: --usecase_change_validate_l_sm(), dev usecase masks = 0, is_standby = 1, out usecase STREAM_PCM_NORMAL
10-14 00:49:14.751  2747  2888 I amlaudioMixer: ++delete_mixer_input_port port ID: 0
10-14 00:49:14.751  2747  2907 E amlaudioMixer: mixer_do_mixing_16bit(), sys or direct pcm must exist!!!
10-14 00:49:16.331  2747  7191 W amlaudioMixer: mixer_get_presentation_position(), port not ready now
10-14 00:49:16.331  2747  7191 W audio-subMixingFactory: out_get_presentation_position_port(), pts not valid yet
10-14 00:49:16.332  2747  7191 I audio-subMixingFactory: ++usecase_change_validate_l_sm: dev usecase masks = 0, out usecase_masks = 0, out usecase STREAM_PCM_NORMAL
10-14 00:49:16.332  2747  7191 I audio-subMixingFactory: ++++usecase_change_validate_l_sm(),continuous_audio_mode 0 dev usecase masks = 0, out usecase_masks = 0, out usecase STREAM_PCM_NORMAL
10-14 00:49:16.332  2747  7191 I audio-subMixingFactory: usecase_change_validate_l_sm(), mixer_aux_buffer_write_sm !
10-14 00:49:16.332  2747  7191 I audio-subMixingFactory: ----usecase_change_validate_l_sm(), continuous_audio_mode 0 dev usecase masks = 0x1, out usecase_masks = 0x1, out usecase STREAM_PCM_NORMAL
10-14 00:49:16.332  2747  7191 I aml_audio_port: get_input_port_index(), samplerate 48000
10-14 00:49:16.332  2747  7191 D aml_audio_port: new_input_port(), index:0, rbuf size:8192, direct_on:0
10-14 00:49:16.332  2747  7191 D aml_audio_port: new_input_port(), fmt 0x1, rate 48000
10-14 00:49:16.332  2747  7191 I amlaudioMixer: ++init_mixer_input_port port index 0, size 512 frames
10-14 00:49:16.332  2747  7191 I amlaudioMixer: init_mixer_input_port(), port->initial_frames: 30222336
10-14 00:49:16.332  2747  7191 I aml_audio_port: get_input_port_index(), samplerate 48000
10-14 00:49:16.332  2747  7191 I audio-subMixingFactory: mixer_aux_buffer_write_sm(), primary 0xee3ca000 port index = 0
10-14 00:49:16.332  2747  7191 I audio-subMixingFactory: padding_bytes 16384
10-14 00:49:16.332  2747  7191 I amlaudioMixer: port index 0 is active now
10-14 00:49:16.332  2747  7191 I audio-subMixingFactory: padding_bytes 14336
10-14 00:49:16.332  2747  7191 I audio-subMixingFactory: padding_bytes 12288
10-14 00:49:16.332  2747  7191 I audio-subMixingFactory: padding_bytes 10240
10-14 00:49:16.332  2747  7191 I audio-subMixingFactory: padding_bytes 8192
10-14 00:49:16.332  2747  7191 I audio-subMixingFactory: padding_bytes 6144
10-14 00:49:16.335  2747  7191 I audio-subMixingFactory: padding_bytes 4096
10-14 00:49:16.337  2953  4864 I ActivityManager: START u0 {cmp=net.daum.android.map/com.kakao.map.poi.photo.PoiPhotoPagerActivity (has extras)} from uid 10081
10-14 00:49:16.339  2747  7191 I audio-subMixingFactory: padding_bytes 2048
10-14 00:49:16.348 28027 28171 I K3fCore : Engine paused
10-14 00:49:16.348  2747  7191 W amlaudioMixer: mixer_get_presentation_position(), not valid now
10-14 00:49:16.348  2747  7191 W audio-subMixingFactory: out_get_presentation_position_port(), pts not valid yet
10-14 00:49:16.349  2768  2849 E BufferQueueProducer: [SurfaceView - net.daum.android.map/com.kakao.map.main.view.MainActivity#0] disconnect: not connected (req=1)
10-14 00:49:16.349 28027 28171 W libEGL  : EGLNativeWindowType 0xe095c808 disconnect failed
10-14 00:49:16.358 28027 28027 W ActivityThread: handleWindowVisibility: no activity for token android.os.BinderProxy@627a61c
10-14 00:49:16.359  2747  7191 W amlaudioMixer: mixer_get_presentation_position(), not valid now
10-14 00:49:16.359  2747  7191 W audio-subMixingFactory: out_get_presentation_position_port(), pts not valid yet
10-14 00:49:16.373  2766  2911 D AudioFlinger: mixer(0xeb583ac0) throttle end: throttle time(7)
10-14 00:49:16.423  2756  2903 I [Gralloc]: framebuffer hal alread move to hwcomposer
10-14 00:49:16.429  2756  2902 I [Gralloc]: framebuffer hal alread move to hwcomposer
10-14 00:49:16.436  2756  2902 I [Gralloc]: framebuffer hal alread move to hwcomposer
10-14 00:49:16.441 28027 28135 D mali_winsys: EGLint new_window_surface(egl_winsys_display *, void *, EGLSurface, EGLConfig, egl_winsys_surface **, EGLBoolean) returns 0x3000
10-14 00:49:16.454  2756  2902 I [Gralloc]: framebuffer hal alread move to hwcomposer
10-14 00:49:16.508  2953  2977 I ActivityManager: Displayed net.daum.android.map/com.kakao.map.poi.photo.PoiPhotoPagerActivity: +150ms
10-14 00:49:16.510  2756  2902 I [Gralloc]: framebuffer hal alread move to hwcomposer
10-14 00:49:16.521  2756  2902 I [Gralloc]: framebuffer hal alread move to hwcomposer
10-14 00:49:16.956  2768  3293 E BufferQueueProducer: [net.daum.android.map/com.kakao.map.main.view.MainActivity#0] disconnect: not connected (req=1)
10-14 00:49:16.956 28027 28135 W libEGL  : EGLNativeWindowType 0xcb37f808 disconnect failed
10-14 00:49:18.515  4078  4078 D skia    : --- Failed to create image decoder with message 'unimplemented'
10-14 00:49:18.530  4078  4078 D skia    : --- Failed to create image decoder with message 'unimplemented'
10-14 00:49:18.523  4078  4078 I tutu.ABenchMark: type=1400 audit(0.0:1651): avc: denied { open } for path="/proc/stat" dev="proc" ino=4026531957 scontext=u:r:untrusted_app_27:s0:c512,c768 tcontext=u:object_r:proc_stat:s0 tclass=file permissive=1
10-14 00:49:18.781 28027 28027 W ViewRootImpl[MainActivity]: Cancelling event due to no window focus: MotionEvent { action=ACTION_CANCEL, actionButton=0, id[0]=0, x[0]=352.23248, y[0]=319.59607, toolType[0]=TOOL_TYPE_MOUSE, buttonState=0, metaState=0, flags=0x0, edgeFlags=0x0, pointerCount=1, historySize=0, eventTime=2210647, downTime=2208099, deviceId=4, source=0x2002 }
10-14 00:49:19.401  2747  2888 D audio-subMixingFactory: out_standby_subMixingPCM: out_stream(0xee3ca000) usecase: STREAM_PCM_NORMAL
10-14 00:49:19.401  2747  2888 I audio-subMixingFactory: ++usecase_change_validate_l_sm(), dev usecase masks = 0x1, is_standby = 1, out usecase STREAM_PCM_NORMAL
10-14 00:49:19.401  2747  2888 I audio-subMixingFactory: --usecase_change_validate_l_sm(), dev usecase masks = 0, is_standby = 1, out usecase STREAM_PCM_NORMAL
10-14 00:49:19.401  2747  2888 I amlaudioMixer: ++delete_mixer_input_port port ID: 0
10-14 00:49:18.781 28027 28027 I chatty  : uid=10081(net.daum.android.map) identical 2 lines
10-14 00:49:18.781 28027 28027 W ViewRootImpl[MainActivity]: Cancelling event due to no window focus: MotionEvent { action=ACTION_CANCEL, actionButton=0, id[0]=0, x[0]=352.23248, y[0]=319.59607, toolType[0]=TOOL_TYPE_MOUSE, buttonState=0, metaState=0, flags=0x0, edgeFlags=0x0, pointerCount=1, historySize=0, eventTime=2210647, downTime=2208099, deviceId=4, source=0x2002 }
10-14 00:49:21.686  2953  4945 D ConnectivityService: requestNetwork for uid/pid:10023/6841 NetworkRequest [ TRACK_DEFAULT id=181, [ Capabilities: INTERNET&NOT_RESTRICTED&TRUSTED Unwanted:  Uid: 10023] ]
10-14 00:49:21.686  2953  3062 D Ethernet: got request NetworkRequest [ TRACK_DEFAULT id=181, [ Capabilities: INTERNET&NOT_RESTRICTED&TRUSTED Unwanted:  Uid: 10023] ] with score 70
10-14 00:49:21.687  2953  3039 D WIFI    : got request NetworkRequest [ TRACK_DEFAULT id=181, [ Capabilities: INTERNET&NOT_RESTRICTED&TRUSTED Unwanted:  Uid: 10023] ] with score 70
10-14 00:49:21.687  2953  3039 D WIFI_UT : got request NetworkRequest [ TRACK_DEFAULT id=181, [ Capabilities: INTERNET&NOT_RESTRICTED&TRUSTED Unwanted:  Uid: 10023] ] with score 70
10-14 00:49:21.687  3169  3169 D PhoneSwitcherNetworkRequstListener: got request NetworkRequest [ TRACK_DEFAULT id=181, [ Capabilities: INTERNET&NOT_RESTRICTED&TRUSTED Unwanted:  Uid: 10023] ] with score 70
10-14 00:49:21.695  2953  2969 E NotificationService: Suppressing notification from package by user request.
10-14 00:49:21.696  2953  3042 D ConnectivityService: releasing NetworkRequest [ TRACK_DEFAULT id=181, [ Capabilities: INTERNET&NOT_RESTRICTED&TRUSTED Unwanted:  Uid: 10023] ] (release request)
10-14 00:49:25.960  2756  2902 I [Gralloc]: framebuffer hal alread move to hwcomposer
10-14 00:49:26.281  2756  2902 I [Gralloc]: framebuffer hal alread move to hwcomposer
10-14 00:49:26.395  2747  7191 W amlaudioMixer: mixer_get_presentation_position(), port not ready now
10-14 00:49:26.395  2747  7191 W audio-subMixingFactory: out_get_presentation_position_port(), pts not valid yet
10-14 00:49:26.396  2747  7191 I audio-subMixingFactory: ++usecase_change_validate_l_sm: dev usecase masks = 0, out usecase_masks = 0, out usecase STREAM_PCM_NORMAL
10-14 00:49:26.396  2747  7191 I audio-subMixingFactory: ++++usecase_change_validate_l_sm(),continuous_audio_mode 0 dev usecase masks = 0, out usecase_masks = 0, out usecase STREAM_PCM_NORMAL
10-14 00:49:26.396  2747  7191 I audio-subMixingFactory: usecase_change_validate_l_sm(), mixer_aux_buffer_write_sm !
10-14 00:49:26.396  2747  7191 I audio-subMixingFactory: ----usecase_change_validate_l_sm(), continuous_audio_mode 0 dev usecase masks = 0x1, out usecase_masks = 0x1, out usecase STREAM_PCM_NORMAL
10-14 00:49:26.396  2747  7191 I aml_audio_port: get_input_port_index(), samplerate 48000
10-14 00:49:26.396  2747  7191 D aml_audio_port: new_input_port(), index:0, rbuf size:8192, direct_on:0
10-14 00:49:26.396  2747  7191 D aml_audio_port: new_input_port(), fmt 0x1, rate 48000
10-14 00:49:26.396  2747  7191 I amlaudioMixer: ++init_mixer_input_port port index 0, size 512 frames
10-14 00:49:26.396  2747  7191 I amlaudioMixer: init_mixer_input_port(), port->initial_frames: 30370816
10-14 00:49:26.396  2747  7191 I aml_audio_port: get_input_port_index(), samplerate 48000
10-14 00:49:26.396  2747  7191 I audio-subMixingFactory: mixer_aux_buffer_write_sm(), primary 0xee3ca000 port index = 0
10-14 00:49:26.396  2747  7191 I audio-subMixingFactory: padding_bytes 16384
10-14 00:49:26.396  2747  7191 I amlaudioMixer: port index 0 is active now
10-14 00:49:26.396  2747  7191 I audio-subMixingFactory: padding_bytes 14336
10-14 00:49:26.396  2747  7191 I audio-subMixingFactory: padding_bytes 12288
10-14 00:49:26.396  2747  7191 I audio-subMixingFactory: padding_bytes 10240
10-14 00:49:26.396  2747  7191 I audio-subMixingFactory: padding_bytes 8192
10-14 00:49:26.396  2747  7191 I audio-subMixingFactory: padding_bytes 6144
10-14 00:49:26.399  2747  7191 I audio-subMixingFactory: padding_bytes 4096
10-14 00:49:26.401  2756  2902 I [Gralloc]: framebuffer hal alread move to hwcomposer
10-14 00:49:26.403  2747  7191 I audio-subMixingFactory: padding_bytes 2048
10-14 00:49:26.412  2747  7191 W amlaudioMixer: mixer_get_presentation_position(), not valid now
10-14 00:49:26.413  2747  7191 W audio-subMixingFactory: out_get_presentation_position_port(), pts not valid yet
10-14 00:49:26.423  2747  7191 W amlaudioMixer: mixer_get_presentation_position(), not valid now
10-14 00:49:26.423  2747  7191 W audio-subMixingFactory: out_get_presentation_position_port(), pts not valid yet
10-14 00:49:26.439  2766  2911 D AudioFlinger: mixer(0xeb583ac0) throttle end: throttle time(10)
10-14 00:49:26.476 28027 28135 D mali_winsys: EGLint new_window_surface(egl_winsys_display *, void *, EGLSurface, EGLConfig, egl_winsys_surface **, EGLBoolean) returns 0x3000
10-14 00:49:26.477 28027 28171 D mali_winsys: EGLint new_window_surface(egl_winsys_display *, void *, EGLSurface, EGLConfig, egl_winsys_surface **, EGLBoolean) returns 0x3000
10-14 00:49:26.477 28027 28171 I K3fAApi : onEglSurfaceCreated(1360, 707)
10-14 00:49:26.477 28027 28171 I K3fAApi : onEglSurfaceChanged(1360, 707)
10-14 00:49:26.478 28027 28171 I K3fCore : Engine resumed
10-14 00:49:26.478  2756  2902 I [Gralloc]: framebuffer hal alread move to hwcomposer
10-14 00:49:26.494  2756  2902 I [Gralloc]: framebuffer hal alread move to hwcomposer
10-14 00:49:26.508  2768  2950 E BufferQueueProducer: [SurfaceView - net.daum.android.map/com.kakao.map.main.view.MainActivity#0] disconnect: not connected (req=1)
10-14 00:49:26.508 28027 28171 W libEGL  : EGLNativeWindowType 0xe095c808 disconnect failed
10-14 00:49:26.508 28027 28171 D mali_winsys: EGLint new_window_surface(egl_winsys_display *, void *, EGLSurface, EGLConfig, egl_winsys_surface **, EGLBoolean) returns 0x3000
10-14 00:49:26.508 28027 28171 I K3fAApi : onEglSurfaceCreated(1360, 707)
10-14 00:49:26.508 28027 28171 I K3fAApi : onEglSurfaceChanged(1360, 707)
10-14 00:49:26.509  2756  2902 I [Gralloc]: framebuffer hal alread move to hwcomposer
10-14 00:49:26.518  2756  2902 I [Gralloc]: framebuffer hal alread move to hwcomposer
10-14 00:49:26.518  2756  2902 E gralloc : ioctl c0144900 failed with code -1: Operation not permitted
10-14 00:49:26.526  2756  2902 I [Gralloc]: framebuffer hal alread move to hwcomposer
10-14 00:49:26.531  2756  2902 I [Gralloc]: framebuffer hal alread move to hwcomposer
10-14 00:49:26.531  2756  2902 E gralloc : ioctl c0144900 failed with code -1: Operation not permitted
10-14 00:49:26.561  2756  2902 I [Gralloc]: framebuffer hal alread move to hwcomposer
10-14 00:49:26.562  2756  2902 E gralloc : ioctl c0144900 failed with code -1: Operation not permitted
10-14 00:49:26.571  2756  2902 I [Gralloc]: framebuffer hal alread move to hwcomposer
10-14 00:49:26.571  2756  2902 E gralloc : ioctl c0144900 failed with code -1: Operation not permitted
10-14 00:49:26.977  2768  2849 W SurfaceFlinger: Attempting to set client state on removed layer: Surface(name=AppWindowToken{66cb633 token=Token{57759a2 ActivityRecord{5e7b96d u0 net.daum.android.map/com.kakao.map.poi.photo.PoiPhotoPagerActivity t15}}})/@0x74f9223 - animation-leash#0
10-14 00:49:26.977  2768  2849 W SurfaceFlinger: Attempting to set client state on removed layer: Surface(name=AppWindowToken{d364f29 token=Token{3084b0 ActivityRecord{c998ff3 u0 net.daum.android.map/com.kakao.map.main.view.MainActivity t15}}})/@0x7169609 - animation-leash#0
10-14 00:49:26.977  2768  2849 W SurfaceFlinger: Attempting to destroy on removed layer: Surface(name=AppWindowToken{66cb633 token=Token{57759a2 ActivityRecord{5e7b96d u0 net.daum.android.map/com.kakao.map.poi.photo.PoiPhotoPagerActivity t15}}})/@0x74f9223 - animation-leash#0
10-14 00:49:26.977  2768  2849 W SurfaceFlinger: Attempting to destroy on removed layer: Surface(name=AppWindowToken{d364f29 token=Token{3084b0 ActivityRecord{c998ff3 u0 net.daum.android.map/com.kakao.map.main.view.MainActivity t15}}})/@0x7169609 - animation-leash#0
10-14 00:49:26.994  2768  2950 E BufferQueueProducer: [net.daum.android.map/com.kakao.map.poi.photo.PoiPhotoPagerActivity#0] disconnect: not connected (req=1)
10-14 00:49:26.995 28027 28135 W libEGL  : EGLNativeWindowType 0xe0962008 disconnect failed
10-14 00:49:27.399  2756  2902 I [Gralloc]: framebuffer hal alread move to hwcomposer
10-14 00:49:28.111  2756  2902 I [Gralloc]: framebuffer hal alread move to hwcomposer
10-14 00:49:28.542  4078  4078 D skia    : --- Failed to create image decoder with message 'unimplemented'
10-14 00:49:28.556  4078  4078 D skia    : --- Failed to create image decoder with message 'unimplemented'
10-14 00:49:29.381  2756  2902 I [Gralloc]: framebuffer hal alread move to hwcomposer
10-14 00:49:29.379  2953  2953 I android.display: type=1400 audit(0.0:1656): avc: denied { read } for name="gralloc.odroidn2.so" dev="mmcblk0p12" ino=705 scontext=u:r:system_server:s0 tcontext=u:object_r:vendor_file:s0 tclass=file permissive=1
10-14 00:49:29.991  2756  2902 I [Gralloc]: framebuffer hal alread move to hwcomposer
10-14 00:49:30.481  2756  2902 I [Gralloc]: framebuffer hal alread move to hwcomposer
10-14 00:49:31.003  2953  4945 I GnssLocationProvider: WakeLock acquired by sendMessage(SET_REQUEST, 0, com.android.server.location.GnssLocationProvider$GpsRequest@d14b1ba)
10-14 00:49:31.004  2755  2755 D libmbm-gps: odroid_gps_set_position_mode:enter  GPS_POSITION_MODE_MS_BASED min_interval = 500 pref=0
10-14 00:49:31.004  2755  2755 E libmbm-gps: MS_BASED mode setting SUPL
10-14 00:49:31.004  2755  2755 D libmbm-gps: odroid_gps_set_position_mode: exit 0
10-14 00:49:31.004  2755  2755 E libmbm-gps: Failed to open a GPS device (/dev/ttyACM0)
10-14 00:49:31.005  2953  2968 I GnssLocationProvider: WakeLock released by handleMessage(SET_REQUEST, 0, com.android.server.location.GnssLocationProvider$GpsRequest@d14b1ba)
10-14 00:49:31.010  3483  3789 W GCoreFlp: No location to return for getLastLocation()
10-14 00:49:31.048  3483  3789 W GCoreFlp: No location to return for getLastLocation()
10-14 00:49:31.093  2953  3184 I GnssLocationProvider: WakeLock acquired by sendMessage(SET_REQUEST, 0, com.android.server.location.GnssLocationProvider$GpsRequest@f05caf8)
10-14 00:49:31.094  2755  2755 D libmbm-gps: odroid_gps_set_position_mode:enter  GPS_POSITION_MODE_MS_BASED min_interval = 500 pref=0
10-14 00:49:31.094  2755  2755 E libmbm-gps: MS_BASED mode setting SUPL
10-14 00:49:31.094  2755  2755 D libmbm-gps: odroid_gps_set_position_mode: exit 0
10-14 00:49:31.095  2953  2968 I GnssLocationProvider: WakeLock released by handleMessage(SET_REQUEST, 0, com.android.server.location.GnssLocationProvider$GpsRequest@f05caf8)
10-14 00:49:31.498  2756  2902 I [Gralloc]: framebuffer hal alread move to hwcomposer
10-14 00:49:31.532  2756  2902 I [Gralloc]: framebuffer hal alread move to hwcomposer
10-14 00:49:32.932 28027 28027 D EventBus: No subscribers registered for event class com.kakao.map.s.j0$g
10-14 00:49:32.932 28027 28027 D EventBus: No subscribers registered for event class org.greenrobot.eventbus.h
10-14 00:49:33.100 28027 28038 I aum.android.ma: Background concurrent copying GC freed 248110(10MB) AllocSpace objects, 57(2MB) LOS objects, 50% free, 23MB/47MB, paused 117us total 131.707ms
