10-14 00:50:36.535  3106  3106 I RenderThread: type=1400 audit(0.0:1698): avc: denied { read } for name="gralloc.odroidn2.so" dev="mmcblk0p12" ino=705 scontext=u:r:platform_app:s0:c512,c768 tcontext=u:object_r:vendor_file:s0 tclass=file permissive=1
10-14 00:50:36.588  2756  2903 I [Gralloc]: framebuffer hal alread move to hwcomposer
10-14 00:50:36.609  3089  7856 D mali_winsys: EGLint new_window_surface(egl_winsys_display *, void *, EGLSurface, EGLConfig, egl_winsys_surface **, EGLBoolean) returns 0x3000
10-14 00:50:36.613  3089  3089 D StrictMode: StrictMode policy violation; ~duration=0 ms: android.os.strictmode.DiskReadViolation
10-14 00:50:36.613  3089  3089 D StrictMode: 	at android.os.StrictMode$AndroidBlockGuardPolicy.onReadFromDisk(StrictMode.java:1506)
10-14 00:50:36.613  3089  3089 D StrictMode: 	at java.io.UnixFileSystem.checkAccess(UnixFileSystem.java:251)
10-14 00:50:36.613  3089  3089 D StrictMode: 	at java.io.File.exists(File.java:815)
10-14 00:50:36.613  3089  3089 D StrictMode: 	at android.app.ContextImpl.getDataDir(ContextImpl.java:2253)
10-14 00:50:36.613  3089  3089 D StrictMode: 	at android.app.ContextImpl.getPreferencesDir(ContextImpl.java:550)
10-14 00:50:36.613  3089  3089 D StrictMode: 	at android.app.ContextImpl.getSharedPreferencesPath(ContextImpl.java:747)
10-14 00:50:36.613  3089  3089 D StrictMode: 	at android.app.ContextImpl.getSharedPreferences(ContextImpl.java:400)
10-14 00:50:36.613  3089  3089 D StrictMode: 	at android.content.ContextWrapper.getSharedPreferences(ContextWrapper.java:174)
10-14 00:50:36.613  3089  3089 D StrictMode: 	at android.preference.PreferenceManager.getDefaultSharedPreferences(PreferenceManager.java:526)
10-14 00:50:36.613  3089  3089 D StrictMode: 	at com.android.inputmethod.latin.spellcheck.AndroidSpellCheckerService.onCreate(AndroidSpellCheckerService.java:98)
10-14 00:50:36.613  3089  3089 D StrictMode: 	at android.app.ActivityThread.handleCreateService(ActivityThread.java:3532)
10-14 00:50:36.613  3089  3089 D StrictMode: 	at android.app.ActivityThread.access$1300(ActivityThread.java:199)
10-14 00:50:36.613  3089  3089 D StrictMode: 	at android.app.ActivityThread$H.handleMessage(ActivityThread.java:1666)
10-14 00:50:36.613  3089  3089 D StrictMode: 	at android.os.Handler.dispatchMessage(Handler.java:106)
10-14 00:50:36.613  3089  3089 D StrictMode: 	at android.os.Looper.loop(Looper.java:193)
10-14 00:50:36.613  3089  3089 D StrictMode: 	at android.app.ActivityThread.main(ActivityThread.java:6669)
10-14 00:50:36.613  3089  3089 D StrictMode: 	at java.lang.reflect.Method.invoke(Native Method)
10-14 00:50:36.613  3089  3089 D StrictMode: 	at com.android.internal.os.RuntimeInit$MethodAndArgsCaller.run(RuntimeInit.java:493)
10-14 00:50:36.613  3089  3089 D StrictMode: 	at com.android.internal.os.ZygoteInit.main(ZygoteInit.java:858)
10-14 00:50:36.615  3089  3089 D StrictMode: StrictMode policy violation; ~duration=0 ms: android.os.strictmode.DiskReadViolation
10-14 00:50:36.615  3089  3089 D StrictMode: 	at android.os.StrictMode$AndroidBlockGuardPolicy.onReadFromDisk(StrictMode.java:1506)
10-14 00:50:36.615  3089  3089 D StrictMode: 	at java.io.UnixFileSystem.checkAccess(UnixFileSystem.java:251)
10-14 00:50:36.615  3089  3089 D StrictMode: 	at java.io.File.exists(File.java:815)
10-14 00:50:36.615  3089  3089 D StrictMode: 	at android.app.ContextImpl.ensurePrivateDirExists(ContextImpl.java:605)
10-14 00:50:36.615  3089  3089 D StrictMode: 	at android.app.ContextImpl.ensurePrivateDirExists(ContextImpl.java:596)
10-14 00:50:36.615  3089  3089 D StrictMode: 	at android.app.ContextImpl.getPreferencesDir(ContextImpl.java:552)
10-14 00:50:36.615  3089  3089 D StrictMode: 	at android.app.ContextImpl.getSharedPreferencesPath(ContextImpl.java:747)
10-14 00:50:36.615  3089  3089 D StrictMode: 	at android.app.ContextImpl.getSharedPreferences(ContextImpl.java:400)
10-14 00:50:36.615  3089  3089 D StrictMode: 	at android.content.ContextWrapper.getSharedPreferences(ContextWrapper.java:174)
10-14 00:50:36.615  3089  3089 D StrictMode: 	at android.preference.PreferenceManager.getDefaultSharedPreferences(PreferenceManager.java:526)
10-14 00:50:36.615  3089  3089 D StrictMode: 	at com.android.inputmethod.latin.spellcheck.AndroidSpellCheckerService.onCreate(AndroidSpellCheckerService.java:98)
10-14 00:50:36.615  3089  3089 D StrictMode: 	at android.app.ActivityThread.handleCreateService(ActivityThread.java:3532)
10-14 00:50:36.615  3089  3089 D StrictMode: 	at android.app.ActivityThread.access$1300(ActivityThread.java:199)
10-14 00:50:36.615  3089  3089 D StrictMode: 	at android.app.ActivityThread$H.handleMessage(ActivityThread.java:1666)
10-14 00:50:36.615  3089  3089 D StrictMode: 	at android.os.Handler.dispatchMessage(Handler.java:106)
10-14 00:50:36.615  3089  3089 D StrictMode: 	at android.os.Looper.loop(Looper.java:193)
10-14 00:50:36.615  3089  3089 D StrictMode: 	at android.app.ActivityThread.main(ActivityThread.java:6669)
10-14 00:50:36.615  3089  3089 D StrictMode: 	at java.lang.reflect.Method.invoke(Native Method)
10-14 00:50:36.615  3089  3089 D StrictMode: 	at com.android.internal.os.RuntimeInit$MethodAndArgsCaller.run(RuntimeInit.java:493)
10-14 00:50:36.615  3089  3089 D StrictMode: 	at com.android.internal.os.ZygoteInit.main(ZygoteInit.java:858)
10-14 00:50:36.535  3106  3106 I RenderThread: type=1400 audit(0.0:1699): avc: denied { open } for path="/vendor/lib/hw/gralloc.odroidn2.so" dev="mmcblk0p12" ino=705 scontext=u:r:platform_app:s0:c512,c768 tcontext=u:object_r:vendor_file:s0 tclass=file permissive=1
10-14 00:50:36.642 28027 28027 E RecyclerView: No adapter attached; skipping layout
10-14 00:50:36.651  2756  2903 I [Gralloc]: framebuffer hal alread move to hwcomposer
10-14 00:50:36.656  2953  2969 W BroadcastQueue: Background execution not allowed: receiving Intent { act=android.intent.action.DROPBOX_ENTRY_ADDED flg=0x10 (has extras) } to com.google.android.gms/.stats.service.DropBoxEntryAddedReceiver
10-14 00:50:36.656  2953  2969 W BroadcastQueue: Background execution not allowed: receiving Intent { act=android.intent.action.DROPBOX_ENTRY_ADDED flg=0x10 (has extras) } to com.google.android.gms/.chimera.GmsIntentOperationService$PersistentTrustedReceiver
10-14 00:50:36.662  2953  2969 W BroadcastQueue: Background execution not allowed: receiving Intent { act=android.intent.action.DROPBOX_ENTRY_ADDED flg=0x10 (has extras) } to com.google.android.gms/.stats.service.DropBoxEntryAddedReceiver
10-14 00:50:36.662  2953  2969 W BroadcastQueue: Background execution not allowed: receiving Intent { act=android.intent.action.DROPBOX_ENTRY_ADDED flg=0x10 (has extras) } to com.google.android.gms/.chimera.GmsIntentOperationService$PersistentTrustedReceiver
10-14 00:50:36.535  3106  3106 I RenderThread: type=1400 audit(0.0:1700): avc: denied { getattr } for path="/vendor/lib/hw/gralloc.odroidn2.so" dev="mmcblk0p12" ino=705 scontext=u:r:platform_app:s0:c512,c768 tcontext=u:object_r:vendor_file:s0 tclass=file permissive=1
10-14 00:50:36.655  3089  3089 I RenderThread: type=1400 audit(0.0:1701): avc: denied { read } for name="gralloc.odroidn2.so" dev="mmcblk0p12" ino=705 scontext=u:r:untrusted_app_25:s0:c512,c768 tcontext=u:object_r:vendor_file:s0 tclass=file permissive=1
10-14 00:50:36.878  2756  2903 I [Gralloc]: framebuffer hal alread move to hwcomposer
10-14 00:50:36.880  2768  3293 W SurfaceFlinger: Attempting to set client state on removed layer: Surface(name=5ad08a2 InputMethod)/@0x3368d9e - animation-leash#0
10-14 00:50:36.880  2768  3293 W SurfaceFlinger: Attempting to destroy on removed layer: Surface(name=5ad08a2 InputMethod)/@0x3368d9e - animation-leash#0
10-14 00:50:37.422  2953 10983 I GnssLocationProvider: WakeLock acquired by sendMessage(SET_REQUEST, 0, com.android.server.location.GnssLocationProvider$GpsRequest@8ebaab9)
10-14 00:50:37.422  2755  2755 D libmbm-gps: odroid_gps_set_position_mode:enter  GPS_POSITION_MODE_MS_BASED min_interval = 1000 pref=0
10-14 00:50:37.422  2755  2755 E libmbm-gps: MS_BASED mode setting SUPL
10-14 00:50:37.422  2755  2755 D libmbm-gps: odroid_gps_set_position_mode: exit 0
10-14 00:50:37.422  2953  2968 I GnssLocationProvider: WakeLock released by handleMessage(SET_REQUEST, 0, com.android.server.location.GnssLocationProvider$GpsRequest@8ebaab9)
10-14 00:50:37.425  2953  3184 I GnssLocationProvider: WakeLock acquired by sendMessage(SET_REQUEST, 0, com.android.server.location.GnssLocationProvider$GpsRequest@e723efe)
10-14 00:50:37.426  2953  2968 I GnssLocationProvider: WakeLock released by handleMessage(SET_REQUEST, 0, com.android.server.location.GnssLocationProvider$GpsRequest@e723efe)
10-14 00:50:38.013  2768  2849 E BufferQueueProducer: [InputMethod#0] disconnect: not connected (req=1)
10-14 00:50:38.013  3089  7856 W libEGL  : EGLNativeWindowType 0xcec67008 disconnect failed
10-14 00:50:38.013  2756  2903 I [Gralloc]: framebuffer hal alread move to hwcomposer
10-14 00:50:38.017  2756  2903 I chatty  : uid=1000(system) HwBinder:2756_2 identical 1 line
10-14 00:50:38.062  2756  2903 I [Gralloc]: framebuffer hal alread move to hwcomposer
10-14 00:50:38.059  2768  2768 I Binder:2768_2: type=1400 audit(0.0:1704): avc: denied { read } for name="gralloc.odroidn2.so" dev="mmcblk0p12" ino=705 scontext=u:r:surfaceflinger:s0 tcontext=u:object_r:vendor_file:s0 tclass=file permissive=1
10-14 00:50:38.059  2768  2768 I Binder:2768_2: type=1400 audit(0.0:1705): avc: denied { open } for path="/vendor/lib/hw/gralloc.odroidn2.so" dev="mmcblk0p12" ino=705 scontext=u:r:surfaceflinger:s0 tcontext=u:object_r:vendor_file:s0 tclass=file permissive=1
10-14 00:50:38.059  2768  2768 I Binder:2768_2: type=1400 audit(0.0:1706): avc: denied { getattr } for path="/vendor/lib/hw/gralloc.odroidn2.so" dev="mmcblk0p12" ino=705 scontext=u:r:surfaceflinger:s0 tcontext=u:object_r:vendor_file:s0 tclass=file permissive=1
10-14 00:50:38.754  4078  4078 D skia    : --- Failed to create image decoder with message 'unimplemented'
10-14 00:50:38.766  4078  4078 D skia    : --- Failed to create image decoder with message 'unimplemented'
10-14 00:50:40.034 28027 28027 W aum.android.ma: Attempt to remove non-JNI local reference, dumping thread
10-14 00:50:40.034 28027 28027 W aum.android.ma: Attempt to remove non-JNI local reference, dumping thread
10-14 00:50:40.054 28027 28171 I K3fCore : add a routeShape! route count: 15, point count: 1469, time: 2037710030ms
10-14 00:50:40.056 28027 28171 I K3fCore : add a routeShape! route count: 37, point count: 922, time: 2037710030ms
10-14 00:50:40.103 28027 28171 I K3fCore : add a routeShape! route count: 11, point count: 1510, time: 2037710030ms
10-14 00:50:40.721  2756  2903 I [Gralloc]: framebuffer hal alread move to hwcomposer
10-14 00:50:40.958  2756  2903 I [Gralloc]: framebuffer hal alread move to hwcomposer
10-14 00:50:41.927  2747  2888 D audio-subMixingFactory: out_standby_subMixingPCM: out_stream(0xee3ca000) usecase: STREAM_PCM_NORMAL
10-14 00:50:41.927  2747  2888 I audio-subMixingFactory: ++usecase_change_validate_l_sm(), dev usecase masks = 0x1, is_standby = 1, out usecase STREAM_PCM_NORMAL
10-14 00:50:41.927  2747  2888 I audio-subMixingFactory: --usecase_change_validate_l_sm(), dev usecase masks = 0, is_standby = 1, out usecase STREAM_PCM_NORMAL
10-14 00:50:41.927  2747  2888 I amlaudioMixer: ++delete_mixer_input_port port ID: 0
10-14 00:50:43.294  2756  2903 I [Gralloc]: framebuffer hal alread move to hwcomposer
10-14 00:50:43.430  2756  2903 I [Gralloc]: framebuffer hal alread move to hwcomposer
10-14 00:50:43.447  2768  2768 E SurfaceFlinger: [Sprite#0] rejecting buffer: bufWidth=28, bufHeight=36, front.active.{w=32, h=32}
10-14 00:50:43.447  2756  2903 I [Gralloc]: framebuffer hal alread move to hwcomposer
10-14 00:50:44.008  2747  7191 W amlaudioMixer: mixer_get_presentation_position(), port not ready now
10-14 00:50:44.008  2747  7191 W audio-subMixingFactory: out_get_presentation_position_port(), pts not valid yet
10-14 00:50:44.008  2747  7191 I audio-subMixingFactory: ++usecase_change_validate_l_sm: dev usecase masks = 0, out usecase_masks = 0, out usecase STREAM_PCM_NORMAL
10-14 00:50:44.008  2747  7191 I audio-subMixingFactory: ++++usecase_change_validate_l_sm(),continuous_audio_mode 0 dev usecase masks = 0, out usecase_masks = 0, out usecase STREAM_PCM_NORMAL
10-14 00:50:44.008  2747  7191 I audio-subMixingFactory: usecase_change_validate_l_sm(), mixer_aux_buffer_write_sm !
10-14 00:50:44.008  2747  7191 I audio-subMixingFactory: ----usecase_change_validate_l_sm(), continuous_audio_mode 0 dev usecase masks = 0x1, out usecase_masks = 0x1, out usecase STREAM_PCM_NORMAL
10-14 00:50:44.008  2747  7191 I aml_audio_port: get_input_port_index(), samplerate 48000
10-14 00:50:44.008  2747  7191 D aml_audio_port: new_input_port(), index:0, rbuf size:8192, direct_on:0
10-14 00:50:44.008  2747  7191 D aml_audio_port: new_input_port(), fmt 0x1, rate 48000
10-14 00:50:44.008  2747  7191 I amlaudioMixer: ++init_mixer_input_port port index 0, size 512 frames
10-14 00:50:44.009  2747  7191 I amlaudioMixer: init_mixer_input_port(), port->initial_frames: 32195584
10-14 00:50:44.009  2747  7191 I aml_audio_port: get_input_port_index(), samplerate 48000
10-14 00:50:44.009  2747  7191 I audio-subMixingFactory: mixer_aux_buffer_write_sm(), primary 0xee3ca000 port index = 0
10-14 00:50:44.009  2747  7191 I audio-subMixingFactory: padding_bytes 16384
10-14 00:50:44.009  2747  7191 I amlaudioMixer: port index 0 is active now
10-14 00:50:44.009  2747  7191 I audio-subMixingFactory: padding_bytes 14336
10-14 00:50:44.009  2747  7191 I audio-subMixingFactory: padding_bytes 12288
10-14 00:50:44.009  2747  7191 I audio-subMixingFactory: padding_bytes 10240
10-14 00:50:44.009  2747  7191 I audio-subMixingFactory: padding_bytes 8192
10-14 00:50:44.009  2747  7191 I audio-subMixingFactory: padding_bytes 6144
10-14 00:50:44.013  2747  7191 I audio-subMixingFactory: padding_bytes 4096
10-14 00:50:44.013  2747  7191 I audio-subMixingFactory: padding_bytes 2048
10-14 00:50:44.026  2747  7191 W amlaudioMixer: mixer_get_presentation_position(), not valid now
10-14 00:50:44.026  2747  7191 W audio-subMixingFactory: out_get_presentation_position_port(), pts not valid yet
10-14 00:50:44.036  2747  7191 W amlaudioMixer: mixer_get_presentation_position(), not valid now
10-14 00:50:44.036  2747  7191 W audio-subMixingFactory: out_get_presentation_position_port(), pts not valid yet
10-14 00:50:44.047  2766  2911 D AudioFlinger: mixer(0xeb583ac0) throttle end: throttle time(6)
10-14 00:50:44.328  2756  2903 I [Gralloc]: framebuffer hal alread move to hwcomposer
10-14 00:50:44.931  2787  2821 E storaged: getDiskStats failed with result NOT_SUPPORTED and size 0
10-14 00:50:45.842 28027 28041 I aum.android.ma: Waiting for a blocking GC ProfileSaver
10-14 00:50:45.987 28027 28038 I aum.android.ma: Background concurrent copying GC freed 491081(19MB) AllocSpace objects, 40(1372KB) LOS objects, 46% free, 27MB/51MB, paused 167us total 170.213ms
10-14 00:50:45.989 28027 28041 I aum.android.ma: WaitForGcToComplete blocked ProfileSaver on ProfileSaver for 146.736ms
10-14 00:50:46.783  2756  2903 I [Gralloc]: framebuffer hal alread move to hwcomposer
10-14 00:50:47.076  2747  2888 D audio-subMixingFactory: out_standby_subMixingPCM: out_stream(0xee3ca000) usecase: STREAM_PCM_NORMAL
10-14 00:50:47.076  2747  2888 I audio-subMixingFactory: ++usecase_change_validate_l_sm(), dev usecase masks = 0x1, is_standby = 1, out usecase STREAM_PCM_NORMAL
10-14 00:50:47.076  2747  2888 I audio-subMixingFactory: --usecase_change_validate_l_sm(), dev usecase masks = 0, is_standby = 1, out usecase STREAM_PCM_NORMAL
10-14 00:50:47.076  2747  2888 I amlaudioMixer: ++delete_mixer_input_port port ID: 0
10-14 00:50:47.076  2747  2907 E amlaudioMixer: mixer_do_mixing_16bit(), sys or direct pcm must exist!!!
10-14 00:50:48.008  2747  7191 W amlaudioMixer: mixer_get_presentation_position(), port not ready now
10-14 00:50:48.008  2747  7191 W audio-subMixingFactory: out_get_presentation_position_port(), pts not valid yet
10-14 00:50:48.008  2747  7191 I audio-subMixingFactory: ++usecase_change_validate_l_sm: dev usecase masks = 0, out usecase_masks = 0, out usecase STREAM_PCM_NORMAL
10-14 00:50:48.008  2747  7191 I audio-subMixingFactory: ++++usecase_change_validate_l_sm(),continuous_audio_mode 0 dev usecase masks = 0, out usecase_masks = 0, out usecase STREAM_PCM_NORMAL
10-14 00:50:48.008  2747  7191 I audio-subMixingFactory: usecase_change_validate_l_sm(), mixer_aux_buffer_write_sm !
10-14 00:50:48.008  2747  7191 I audio-subMixingFactory: ----usecase_change_validate_l_sm(), continuous_audio_mode 0 dev usecase masks = 0x1, out usecase_masks = 0x1, out usecase STREAM_PCM_NORMAL
10-14 00:50:48.008  2747  7191 I aml_audio_port: get_input_port_index(), samplerate 48000
10-14 00:50:48.008  2747  7191 D aml_audio_port: new_input_port(), index:0, rbuf size:8192, direct_on:0
10-14 00:50:48.008  2747  7191 D aml_audio_port: new_input_port(), fmt 0x1, rate 48000
10-14 00:50:48.008  2747  7191 I amlaudioMixer: ++init_mixer_input_port port index 0, size 512 frames
10-14 00:50:48.008  2747  7191 I amlaudioMixer: init_mixer_input_port(), port->initial_frames: 32344064
10-14 00:50:48.008  2747  7191 I aml_audio_port: get_input_port_index(), samplerate 48000
10-14 00:50:48.008  2747  7191 I audio-subMixingFactory: mixer_aux_buffer_write_sm(), primary 0xee3ca000 port index = 0
10-14 00:50:48.008  2747  7191 I audio-subMixingFactory: padding_bytes 16384
10-14 00:50:48.008  2747  7191 I amlaudioMixer: port index 0 is active now
10-14 00:50:48.008  2747  7191 I audio-subMixingFactory: padding_bytes 14336
10-14 00:50:48.008  2747  7191 I audio-subMixingFactory: padding_bytes 12288
10-14 00:50:48.008  2747  7191 I audio-subMixingFactory: padding_bytes 10240
10-14 00:50:48.008  2747  7191 I audio-subMixingFactory: padding_bytes 8192
10-14 00:50:48.008  2747  7191 I audio-subMixingFactory: padding_bytes 6144
10-14 00:50:48.012  2747  7191 I audio-subMixingFactory: padding_bytes 4096
10-14 00:50:48.012  2747  7191 I audio-subMixingFactory: padding_bytes 2048
10-14 00:50:48.022  2747  7191 W amlaudioMixer: mixer_get_presentation_position(), not valid now
10-14 00:50:48.022  2747  7191 W audio-subMixingFactory: out_get_presentation_position_port(), pts not valid yet
10-14 00:50:48.032  2747  7191 W amlaudioMixer: mixer_get_presentation_position(), not valid now
10-14 00:50:48.032  2747  7191 W audio-subMixingFactory: out_get_presentation_position_port(), pts not valid yet
10-14 00:50:48.047  2766  2911 D AudioFlinger: mixer(0xeb583ac0) throttle end: throttle time(7)
10-14 00:50:48.775  4078  4078 D skia    : --- Failed to create image decoder with message 'unimplemented'
10-14 00:50:48.788  4078  4078 D skia    : --- Failed to create image decoder with message 'unimplemented'
10-14 00:50:48.783  4078  4078 I tutu.ABenchMark: type=1400 audit(0.0:1710): avc: denied { open } for path="/proc/stat" dev="proc" ino=4026531957 scontext=u:r:untrusted_app_27:s0:c512,c768 tcontext=u:object_r:proc_stat:s0 tclass=file permissive=1
10-14 00:50:49.475  2756  2903 I [Gralloc]: framebuffer hal alread move to hwcomposer
10-14 00:50:51.007 28027 28027 W aum.android.ma: Attempt to remove non-JNI local reference, dumping thread
10-14 00:50:51.010 28027 28027 I chatty  : uid=10081(net.daum.android.map) identical 7 lines
10-14 00:50:51.011 28027 28027 W aum.android.ma: Attempt to remove non-JNI local reference, dumping thread
10-14 00:50:51.036 28027 28171 I K3fCore : add a routeShape! route count: 1, point count: 2, time: 2037710030ms
10-14 00:50:51.036 28027 28171 I K3fCore : add a routeShape! route count: 1, point count: 2, time: 2037710030ms
10-14 00:50:51.041 28027 28171 I K3fCore : add a routeShape! route count: 9, point count: 647, time: 2037710030ms
10-14 00:50:51.134 28027 28027 W aum.android.ma: Attempt to remove non-JNI local reference, dumping thread
10-14 00:50:51.134 28027 28027 W aum.android.ma: Attempt to remove non-JNI local reference, dumping thread
10-14 00:50:51.287  2760  2760 I memtrack@1.0-se: type=1400 audit(0.0:1715): avc: denied { read } for name="mem_profile" dev="debugfs" ino=203663 scontext=u:r:hal_memtrack_default:s0 tcontext=u:object_r:debugfs:s0 tclass=file permissive=1
10-14 00:50:51.755  2953  6838 D ConnectivityService: requestNetwork for uid/pid:10023/6841 NetworkRequest [ TRACK_DEFAULT id=184, [ Capabilities: INTERNET&NOT_RESTRICTED&TRUSTED Unwanted:  Uid: 10023] ]
10-14 00:50:51.755  2953  3062 D Ethernet: got request NetworkRequest [ TRACK_DEFAULT id=184, [ Capabilities: INTERNET&NOT_RESTRICTED&TRUSTED Unwanted:  Uid: 10023] ] with score 70
10-14 00:50:51.756  2953  3039 D WIFI    : got request NetworkRequest [ TRACK_DEFAULT id=184, [ Capabilities: INTERNET&NOT_RESTRICTED&TRUSTED Unwanted:  Uid: 10023] ] with score 70
10-14 00:50:51.756  2953  3039 D WIFI_UT : got request NetworkRequest [ TRACK_DEFAULT id=184, [ Capabilities: INTERNET&NOT_RESTRICTED&TRUSTED Unwanted:  Uid: 10023] ] with score 70
10-14 00:50:51.756  3169  3169 D PhoneSwitcherNetworkRequstListener: got request NetworkRequest [ TRACK_DEFAULT id=184, [ Capabilities: INTERNET&NOT_RESTRICTED&TRUSTED Unwanted:  Uid: 10023] ] with score 70
10-14 00:50:51.765  2953  2969 E NotificationService: Suppressing notification from package by user request.
10-14 00:50:51.767  2953  3042 D ConnectivityService: releasing NetworkRequest [ TRACK_DEFAULT id=184, [ Capabilities: INTERNET&NOT_RESTRICTED&TRUSTED Unwanted:  Uid: 10023] ] (release request)
10-14 00:50:52.431  4078  4078 I tutu.ABenchMark: type=1400 audit(0.0:1718): avc: denied { open } for path="/proc/vmstat" dev="proc" ino=4026531993 scontext=u:r:untrusted_app_27:s0:c512,c768 tcontext=u:object_r:proc_vmstat:s0 tclass=file permissive=1
10-14 00:50:54.019  2747  2888 D audio-subMixingFactory: out_standby_subMixingPCM: out_stream(0xee3ca000) usecase: STREAM_PCM_NORMAL
10-14 00:50:54.019  2747  2888 I audio-subMixingFactory: ++usecase_change_validate_l_sm(), dev usecase masks = 0x1, is_standby = 1, out usecase STREAM_PCM_NORMAL
10-14 00:50:54.019  2747  2888 I audio-subMixingFactory: --usecase_change_validate_l_sm(), dev usecase masks = 0, is_standby = 1, out usecase STREAM_PCM_NORMAL
10-14 00:50:54.019  2747  2888 I amlaudioMixer: ++delete_mixer_input_port port ID: 0
10-14 00:50:54.019  2747  2907 E amlaudioMixer: mixer_do_mixing_16bit(), sys or direct pcm must exist!!!
10-14 00:50:58.795  4078  4078 D skia    : --- Failed to create image decoder with message 'unimplemented'
10-14 00:51:21.783  2953  4858 D ConnectivityService: requestNetwork for uid/pid:10023/6841 NetworkRequest [ TRACK_DEFAULT id=185, [ Capabilities: INTERNET&NOT_RESTRICTED&TRUSTED Unwanted:  Uid: 10023] ]
10-14 00:51:18.846  4078  4078 I chatty  : uid=10079(com.antutu.ABenchMark) identical 4 lines
10-14 00:51:18.884  4078  4078 D skia    : --- Failed to create image decoder with message 'unimplemented'
10-14 00:51:21.784  2953  3039 D WIFI    : got request NetworkRequest [ TRACK_DEFAULT id=185, [ Capabilities: INTERNET&NOT_RESTRICTED&TRUSTED Unwanted:  Uid: 10023] ] with score 70
10-14 00:51:21.784  2953  3039 D WIFI_UT : got request NetworkRequest [ TRACK_DEFAULT id=185, [ Capabilities: INTERNET&NOT_RESTRICTED&TRUSTED Unwanted:  Uid: 10023] ] with score 70
10-14 00:51:21.785  3169  3169 D PhoneSwitcherNetworkRequstListener: got request NetworkRequest [ TRACK_DEFAULT id=185, [ Capabilities: INTERNET&NOT_RESTRICTED&TRUSTED Unwanted:  Uid: 10023] ] with score 70
10-14 00:51:21.787  2953  3062 D Ethernet: got request NetworkRequest [ TRACK_DEFAULT id=185, [ Capabilities: INTERNET&NOT_RESTRICTED&TRUSTED Unwanted:  Uid: 10023] ] with score 70
10-14 00:51:21.790  2953  2969 E NotificationService: Suppressing notification from package by user request.
10-14 00:51:21.792  2953  3042 D ConnectivityService: releasing NetworkRequest [ TRACK_DEFAULT id=185, [ Capabilities: INTERNET&NOT_RESTRICTED&TRUSTED Unwanted:  Uid: 10023] ] (release request)
