--------- beginning of main
10-14 03:32:10.755 18890 18890 I chatty  : uid=10079(com.antutu.ABenchMark) expire 2 lines
10-14 03:32:10.766 18890 18890 D skia    : --- Failed to create image decoder with message 'unimplemented'
10-14 03:32:13.165 20355 20381 I Finsky  : [1028] ngd.run(36): Stats for Executor: BlockingExecutor nih@85ac45[Running, pool size = 0, active threads = 0, queued tasks = 0, completed tasks = 12]
10-14 03:32:13.219 20355 20381 I Finsky  : [1028] ngd.run(36): Stats for Executor: LightweightExecutor nih@5c58f9a[Running, pool size = 4, active threads = 0, queued tasks = 0, completed tasks = 72]
10-14 03:32:13.497 20355 20381 I Finsky  : [1028] ngd.run(36): Stats for Executor: bgExecutor nih@1fb40cb[Running, pool size = 4, active threads = 0, queued tasks = 0, completed tasks = 71]
10-14 03:32:20.779 18890 18890 D skia    : --- Failed to create image decoder with message 'unimplemented'
--------- beginning of system
10-14 03:32:46.799  2787  2821 E storaged: getDiskStats failed with result NOT_SUPPORTED and size 0
10-14 03:32:40.826 18890 18890 I chatty  : uid=10079(com.antutu.ABenchMark) identical 4 lines
10-14 03:32:40.837 18890 18890 D skia    : --- Failed to create image decoder with message 'unimplemented'
10-14 03:32:48.459 18890 18890 I tutu.ABenchMark: type=1400 audit(0.0:4606): avc: denied { open } for path="/proc/vmstat" dev="proc" ino=4026531993 scontext=u:r:untrusted_app_27:s0:c512,c768 tcontext=u:object_r:proc_vmstat:s0 tclass=file permissive=1
10-14 03:32:48.463 18890 18890 I tutu.ABenchMark: type=1400 audit(0.0:4607): avc: denied { getattr } for path="/proc/vmstat" dev="proc" ino=4026531993 scontext=u:r:untrusted_app_27:s0:c512,c768 tcontext=u:object_r:proc_vmstat:s0 tclass=file permissive=1
10-14 03:32:50.841 18890 18890 D skia    : --- Failed to create image decoder with message 'unimplemented'
10-14 03:32:50.847 18890 18890 I tutu.ABenchMark: type=1400 audit(0.0:4608): avc: denied { open } for path="/proc/stat" dev="proc" ino=4026531957 scontext=u:r:untrusted_app_27:s0:c512,c768 tcontext=u:object_r:proc_stat:s0 tclass=file permissive=1
10-14 03:32:50.847 18890 18890 I tutu.ABenchMark: type=1400 audit(0.0:4609): avc: denied { getattr } for path="/proc/stat" dev="proc" ino=4026531957 scontext=u:r:untrusted_app_27:s0:c512,c768 tcontext=u:object_r:proc_stat:s0 tclass=file permissive=1
10-14 03:32:50.853 18890 18890 D skia    : --- Failed to create image decoder with message 'unimplemented'
10-14 03:33:00.866 18890 18890 D skia    : --- Failed to create image decoder with message 'unimplemented'
10-14 03:33:10.888 18890 18890 I chatty  : uid=10079(com.antutu.ABenchMark) identical 2 lines
10-14 03:33:10.900 18890 18890 D skia    : --- Failed to create image decoder with message 'unimplemented'
10-14 03:33:15.463  2760  2760 I memtrack@1.0-se: type=1400 audit(0.0:4610): avc: denied { read } for name="mem_profile" dev="debugfs" ino=2850 scontext=u:r:hal_memtrack_default:s0 tcontext=u:object_r:debugfs:s0 tclass=file permissive=1
10-14 03:33:15.463  2760  2760 I memtrack@1.0-se: type=1400 audit(0.0:4611): avc: denied { open } for path="/sys/kernel/debug/mali0/ctx/3106_3/mem_profile" dev="debugfs" ino=2850 scontext=u:r:hal_memtrack_default:s0 tcontext=u:object_r:debugfs:s0 tclass=file permissive=1
10-14 03:33:15.463  2760  2760 I memtrack@1.0-se: type=1400 audit(0.0:4612): avc: denied { getattr } for path="/sys/kernel/debug/mali0/ctx/3106_3/mem_profile" dev="debugfs" ino=2850 scontext=u:r:hal_memtrack_default:s0 tcontext=u:object_r:debugfs:s0 tclass=file permissive=1
10-14 03:33:18.645  2953  2968 I UsageStatsService: User[0] Flushing usage stats to disk
10-14 03:33:20.903 18890 18890 D skia    : --- Failed to create image decoder with message 'unimplemented'
10-14 03:33:20.911 18890 18890 I tutu.ABenchMark: type=1400 audit(0.0:4613): avc: denied { read } for name="temp" dev="sysfs" ino=8951 scontext=u:r:untrusted_app_27:s0:c512,c768 tcontext=u:object_r:sysfs:s0 tclass=file permissive=1
10-14 03:33:20.911 18890 18890 I tutu.ABenchMark: type=1400 audit(0.0:4614): avc: denied { open } for path="/sys/devices/virtual/thermal/thermal_zone0/temp" dev="sysfs" ino=8951 scontext=u:r:untrusted_app_27:s0:c512,c768 tcontext=u:object_r:sysfs:s0 tclass=file permissive=1
10-14 03:33:20.911 18890 18890 I tutu.ABenchMark: type=1400 audit(0.0:4615): avc: denied { getattr } for path="/sys/devices/virtual/thermal/thermal_zone0/temp" dev="sysfs" ino=8951 scontext=u:r:untrusted_app_27:s0:c512,c768 tcontext=u:object_r:sysfs:s0 tclass=file permissive=1
10-14 03:33:20.915 18890 18890 D skia    : --- Failed to create image decoder with message 'unimplemented'
10-14 03:33:30.926 18890 18890 D skia    : --- Failed to create image decoder with message 'unimplemented'
10-14 03:33:46.800  2787  2821 E storaged: getDiskStats failed with result NOT_SUPPORTED and size 0
10-14 03:34:00.985 18890 18890 I chatty  : uid=10079(com.antutu.ABenchMark) identical 6 lines
10-14 03:34:01.000 18890 18890 D skia    : --- Failed to create image decoder with message 'unimplemented'
10-14 03:34:05.163 19141 19269 I tnet-jni: 1013 - [spdyPingRecvCallback] - 
10-14 03:34:05.163 19141 19269 I tnet-jni: 1013 - [SpdySessionCallBack.spdyPingRecvCallback] - org.android.spdy.SpdySession@be97c0c
10-14 03:34:11.012 18890 18890 D skia    : --- Failed to create image decoder with message 'unimplemented'
10-14 03:34:46.802  2787  2821 E storaged: getDiskStats failed with result NOT_SUPPORTED and size 0
10-14 03:35:46.802  2787  2821 E storaged: getDiskStats failed with result NOT_SUPPORTED and size 0
10-14 03:36:11.270 18890 18890 I chatty  : uid=10079(com.antutu.ABenchMark) identical 24 lines
10-14 03:36:11.288 18890 18890 D skia    : --- Failed to create image decoder with message 'unimplemented'
10-14 03:36:14.450 20355 20444 I PlayCommon: [1054] assq.h(22): Preparing logs for uploading
10-14 03:36:14.457 20355 20444 I PlayCommon: [1054] assq.h(166): Connecting to server: https://play.googleapis.com/play/log?format=raw&proto_v2=true
10-14 03:36:14.702 20355 20444 I PlayCommon: [1054] assq.h(198): Successfully uploaded logs.
10-14 03:36:21.300 18890 18890 D skia    : --- Failed to create image decoder with message 'unimplemented'
10-14 03:36:46.802  2787  2821 E storaged: getDiskStats failed with result NOT_SUPPORTED and size 0
10-14 03:37:31.448 18890 18890 I chatty  : uid=10079(com.antutu.ABenchMark) identical 14 lines
10-14 03:37:31.459 18890 18890 D skia    : --- Failed to create image decoder with message 'unimplemented'
10-14 03:37:35.203 19141 19269 I tnet-jni: 1013 - [spdyPingRecvCallback] - 
10-14 03:37:35.203 19141 19269 I tnet-jni: 1013 - [SpdySessionCallBack.spdyPingRecvCallback] - org.android.spdy.SpdySession@be97c0c
10-14 03:37:39.649  2739  9142 W DnsTlsSocket: SSL_connect error 5, errno=110
10-14 03:37:39.649  2739  9143 W DnsTlsSocket: SSL_connect error 5, errno=110
10-14 03:37:41.471 18890 18890 D skia    : --- Failed to create image decoder with message 'unimplemented'
10-14 03:37:46.803  2787  2821 E storaged: getDiskStats failed with result NOT_SUPPORTED and size 0
10-14 03:38:01.875  2953  3307 I ActivityManager: START u0 {act=android.intent.action.MAIN cat=[android.intent.category.LAUNCHER] flg=0x10200000 cmp=com.iloen.melon/.MusicBrowserActivity bnds=[454,424][655,555]} from uid 10024
10-14 03:38:01.518 18890 18890 I chatty  : uid=10079(com.antutu.ABenchMark) identical 4 lines
10-14 03:38:01.530 18890 18890 D skia    : --- Failed to create image decoder with message 'unimplemented'
10-14 03:38:01.878  2747  7191 W amlaudioMixer: mixer_get_presentation_position(), port not ready now
10-14 03:38:01.878  2747  7191 W audio-subMixingFactory: out_get_presentation_position_port(), pts not valid yet
10-14 03:38:01.879  2747  7191 I audio-subMixingFactory: ++usecase_change_validate_l_sm: dev usecase masks = 0, out usecase_masks = 0, out usecase STREAM_PCM_NORMAL
10-14 03:38:01.879  2747  7191 I audio-subMixingFactory: ++++usecase_change_validate_l_sm(),continuous_audio_mode 0 dev usecase masks = 0, out usecase_masks = 0, out usecase STREAM_PCM_NORMAL
10-14 03:38:01.879  2747  7191 I audio-subMixingFactory: usecase_change_validate_l_sm(), mixer_aux_buffer_write_sm !
10-14 03:38:01.879  2747  7191 I audio-subMixingFactory: ----usecase_change_validate_l_sm(), continuous_audio_mode 0 dev usecase masks = 0x1, out usecase_masks = 0x1, out usecase STREAM_PCM_NORMAL
10-14 03:38:01.879  2747  7191 I aml_audio_port: get_input_port_index(), samplerate 48000
10-14 03:38:01.879  2747  7191 D aml_audio_port: new_input_port(), index:0, rbuf size:8192, direct_on:0
10-14 03:38:01.879  2747  7191 D aml_audio_port: new_input_port(), fmt 0x1, rate 48000
10-14 03:38:01.879  2747  7191 I amlaudioMixer: ++init_mixer_input_port port index 0, size 512 frames
10-14 03:38:01.879  2747  7191 I amlaudioMixer: init_mixer_input_port(), port->initial_frames: 118016000
10-14 03:38:01.879  2747  7191 I aml_audio_port: get_input_port_index(), samplerate 48000
10-14 03:38:01.879  2747  7191 I audio-subMixingFactory: mixer_aux_buffer_write_sm(), primary 0xee3ca000 port index = 0
10-14 03:38:01.879  2747  7191 I audio-subMixingFactory: padding_bytes 16384
10-14 03:38:01.879  2747  7191 I amlaudioMixer: port index 0 is active now
10-14 03:38:01.879  2747  7191 I audio-subMixingFactory: padding_bytes 14336
10-14 03:38:01.879  2747  7191 I audio-subMixingFactory: padding_bytes 12288
10-14 03:38:01.879  2747  7191 I audio-subMixingFactory: padding_bytes 10240
10-14 03:38:01.879  2747  7191 I audio-subMixingFactory: padding_bytes 8192
10-14 03:38:01.879  2747  7191 I audio-subMixingFactory: padding_bytes 6144
10-14 03:38:01.883  2747  7191 I audio-subMixingFactory: padding_bytes 4096
10-14 03:38:01.883  2747  7191 I audio-subMixingFactory: padding_bytes 2048
10-14 03:38:01.892  2747  7191 W amlaudioMixer: mixer_get_presentation_position(), not valid now
10-14 03:38:01.893  2747  7191 W audio-subMixingFactory: out_get_presentation_position_port(), pts not valid yet
10-14 03:38:01.903  2747  7191 W amlaudioMixer: mixer_get_presentation_position(), not valid now
10-14 03:38:01.903  2747  7191 W audio-subMixingFactory: out_get_presentation_position_port(), pts not valid yet
10-14 03:38:01.917  2766  2911 D AudioFlinger: mixer(0xeb583ac0) throttle end: throttle time(7)
10-14 03:38:01.928  2953  2971 I ActivityManager: Start proc 22650:com.iloen.melon/u0a106 for activity com.iloen.melon/.MusicBrowserActivity
10-14 03:38:01.930 22650 22650 I Zygote  : seccomp disabled by setenforce 0
10-14 03:38:01.934 22650 22650 W com.iloen.melo: Using default instruction set features for ARM CPU variant (cortex-a9) using conservative defaults
10-14 03:38:01.940  2756  8190 I [Gralloc]: framebuffer hal alread move to hwcomposer
10-14 03:38:01.939  2768  2768 I Binder:2768_4: type=1400 audit(0.0:4616): avc: denied { read } for name="gralloc.odroidn2.so" dev="mmcblk0p12" ino=705 scontext=u:r:surfaceflinger:s0 tcontext=u:object_r:vendor_file:s0 tclass=file permissive=1
10-14 03:38:02.007 22650 22650 I com.iloen.melo: Rejecting re-init on previously-failed class java.lang.Class<io.netty.util.internal.logging.Log4J2Logger>: java.lang.NoClassDefFoundError: Failed resolution of: Lorg/apache/logging/log4j/spi/ExtendedLoggerWrapper;
10-14 03:38:02.007 22650 22650 I com.iloen.melo:   at io.netty.util.internal.logging.InternalLoggerFactory io.netty.util.internal.logging.InternalLoggerFactory.newDefaultFactory(java.lang.String) (:-1)
10-14 03:38:02.007 22650 22650 I com.iloen.melo:   at io.netty.util.internal.logging.InternalLoggerFactory io.netty.util.internal.logging.InternalLoggerFactory.getDefaultFactory() (:-1)
10-14 03:38:02.007 22650 22650 I com.iloen.melo:   at io.netty.util.internal.logging.InternalLogger io.netty.util.internal.logging.InternalLoggerFactory.getInstance(java.lang.String) (:-1)
10-14 03:38:02.007 22650 22650 I com.iloen.melo:   at io.netty.util.internal.logging.InternalLogger io.netty.util.internal.logging.InternalLoggerFactory.getInstance(java.lang.Class) (:-1)
10-14 03:38:02.007 22650 22650 I com.iloen.melo:   at void io.netty.util.internal.SystemPropertyUtil.<clinit>() (:-1)
10-14 03:38:02.007 22650 22650 I com.iloen.melo:   at boolean io.netty.util.internal.SystemPropertyUtil.getBoolean(java.lang.String, boolean) (:-1)
10-14 03:38:02.007 22650 22650 I com.iloen.melo:   at void io.netty.util.NetUtil.<clinit>() (:-1)
10-14 03:38:02.007 22650 22650 I com.iloen.melo:   at void com.iloen.melon.MelonAppBase.<clinit>() (:-1)
10-14 03:38:02.007 22650 22650 I com.iloen.melo:   at java.lang.Object java.lang.Class.newInstance() (Class.java:-2)
10-14 03:38:02.007 22650 22650 I com.iloen.melo:   at android.app.Application android.app.AppComponentFactory.instantiateApplication(java.lang.ClassLoader, java.lang.String) (AppComponentFactory.java:50)
10-14 03:38:02.007 22650 22650 I com.iloen.melo:   at android.app.Application androidx.core.app.CoreComponentFactory.instantiateApplication(java.lang.ClassLoader, java.lang.String) (:-1)
10-14 03:38:02.007 22650 22650 I com.iloen.melo:   at android.app.Application android.app.Instrumentation.newApplication(java.lang.ClassLoader, java.lang.String, android.content.Context) (Instrumentation.java:1120)
10-14 03:38:02.007 22650 22650 I com.iloen.melo:   at android.app.Application android.app.LoadedApk.makeApplication(boolean, android.app.Instrumentation) (LoadedApk.java:1061)
10-14 03:38:02.007 22650 22650 I com.iloen.melo:   at void android.app.ActivityThread.handleBindApplication(android.app.ActivityThread$AppBindData) (ActivityThread.java:5842)
10-14 03:38:02.007 22650 22650 I com.iloen.melo:   at void android.app.ActivityThread.access$1100(android.app.ActivityThread, android.app.ActivityThread$AppBindData) (ActivityThread.java:199)
10-14 03:38:02.007 22650 22650 I com.iloen.melo:   at void android.app.ActivityThread$H.handleMessage(android.os.Message) (ActivityThread.java:1650)
10-14 03:38:02.007 22650 22650 I com.iloen.melo:   at void android.os.Handler.dispatchMessage(android.os.Message) (Handler.java:106)
10-14 03:38:02.007 22650 22650 I com.iloen.melo:   at void android.os.Looper.loop() (Looper.java:193)
10-14 03:38:02.007 22650 22650 I com.iloen.melo:   at void android.app.ActivityThread.main(java.lang.String[]) (ActivityThread.java:6669)
10-14 03:38:02.007 22650 22650 I com.iloen.melo:   at java.lang.Object java.lang.reflect.Method.invoke(java.lang.Object, java.lang.Object[]) (Method.java:-2)
10-14 03:38:02.007 22650 22650 I com.iloen.melo:   at void com.android.internal.os.RuntimeInit$MethodAndArgsCaller.run() (RuntimeInit.java:493)
10-14 03:38:02.007 22650 22650 I com.iloen.melo:   at void com.android.internal.os.ZygoteInit.main(java.lang.String[]) (ZygoteInit.java:858)
10-14 03:38:02.007 22650 22650 I com.iloen.melo: Caused by: java.lang.ClassNotFoundException: Didn't find class "org.apache.logging.log4j.spi.ExtendedLoggerWrapper" on path: DexPathList[[zip file "/system/framework/org.apache.http.legacy.boot.jar", zip file "/data/app/com.iloen.melon-OKFeujrgFR_L6fYoOnSLTQ==/base.apk"],nativeLibraryDirectories=[/data/app/com.iloen.melon-OKFeujrgFR_L6fYoOnSLTQ==/lib/arm, /data/app/com.iloen.melon-OKFeujrgFR_L6fYoOnSLTQ==/base.apk!/lib/armeabi-v7a, /system/lib]]
10-14 03:38:02.007 22650 22650 I com.iloen.melo:   at java.lang.Class dalvik.system.BaseDexClassLoader.findClass(java.lang.String) (BaseDexClassLoader.java:134)
10-14 03:38:02.007 22650 22650 I com.iloen.melo:   at java.lang.Class java.lang.ClassLoader.loadClass(java.lang.String, boolean) (ClassLoader.java:379)
10-14 03:38:02.007 22650 22650 I com.iloen.melo:   at java.lang.Class java.lang.ClassLoader.loadClass(java.lang.String) (ClassLoader.java:312)
10-14 03:38:02.008 22650 22650 I com.iloen.melo:   at io.netty.util.internal.logging.InternalLoggerFactory io.netty.util.internal.logging.InternalLoggerFactory.newDefaultFactory(java.lang.String) (:-1)
10-14 03:38:02.008 22650 22650 I com.iloen.melo:   at io.netty.util.internal.logging.InternalLoggerFactory io.netty.util.internal.logging.InternalLoggerFactory.getDefaultFactory() (:-1)
10-14 03:38:02.008 22650 22650 I com.iloen.melo:   at io.netty.util.internal.logging.InternalLogger io.netty.util.internal.logging.InternalLoggerFactory.getInstance(java.lang.String) (:-1)
10-14 03:38:02.008 22650 22650 I com.iloen.melo:   at io.netty.util.internal.logging.InternalLogger io.netty.util.internal.logging.InternalLoggerFactory.getInstance(java.lang.Class) (:-1)
10-14 03:38:02.008 22650 22650 I com.iloen.melo:   at void io.netty.util.internal.SystemPropertyUtil.<clinit>() (:-1)
10-14 03:38:02.008 22650 22650 I com.iloen.melo:   at boolean io.netty.util.internal.SystemPropertyUtil.getBoolean(java.lang.String, boolean) (:-1)
10-14 03:38:02.008 22650 22650 I com.iloen.melo:   at void io.netty.util.NetUtil.<clinit>() (:-1)
10-14 03:38:02.008 22650 22650 I com.iloen.melo:   at void com.iloen.melon.MelonAppBase.<clinit>() (:-1)
10-14 03:38:02.008 22650 22650 I com.iloen.melo:   at java.lang.Object java.lang.Class.newInstance() (Class.java:-2)
10-14 03:38:02.008 22650 22650 I com.iloen.melo:   at android.app.Application android.app.AppComponentFactory.instantiateApplication(java.lang.ClassLoader, java.lang.String) (AppComponentFactory.java:50)
10-14 03:38:02.008 22650 22650 I com.iloen.melo:   at android.app.Application androidx.core.app.CoreComponentFactory.instantiateApplication(java.lang.ClassLoader, java.lang.String) (:-1)
10-14 03:38:02.008 22650 22650 I com.iloen.melo:   at android.app.Application android.app.Instrumentation.newApplication(java.lang.ClassLoader, java.lang.String, android.content.Context) (Instrumentation.java:1120)
10-14 03:38:02.008 22650 22650 I com.iloen.melo:   at android.app.Application android.app.LoadedApk.makeApplication(boolean, android.app.Instrumentation) (LoadedApk.java:1061)
10-14 03:38:02.008 22650 22650 I com.iloen.melo:   at void android.app.ActivityThread.handleBindApplication(android.app.ActivityThread$AppBindData) (ActivityThread.java:5842)
10-14 03:38:02.008 22650 22650 I com.iloen.melo:   at void android.app.ActivityThread.access$1100(android.app.ActivityThread, android.app.ActivityThread$AppBindData) (ActivityThread.java:199)
10-14 03:38:02.008 22650 22650 I com.iloen.melo:   at void android.app.ActivityThread$H.handleMessage(android.os.Message) (ActivityThread.java:1650)
10-14 03:38:02.008 22650 22650 I com.iloen.melo:   at void android.os.Handler.dispatchMessage(android.os.Message) (Handler.java:106)
10-14 03:38:02.008 22650 22650 I com.iloen.melo:   at void android.os.Looper.loop() (Looper.java:193)
10-14 03:38:02.008 22650 22650 I com.iloen.melo:   at void android.app.ActivityThread.main(java.lang.String[]) (ActivityThread.java:6669)
10-14 03:38:02.008 22650 22650 I com.iloen.melo:   at java.lang.Object java.lang.reflect.Method.invoke(java.lang.Object, java.lang.Object[]) (Method.java:-2)
10-14 03:38:02.008 22650 22650 I com.iloen.melo:   at void com.android.internal.os.RuntimeInit$MethodAndArgsCaller.run() (RuntimeInit.java:493)
10-14 03:38:02.008 22650 22650 I com.iloen.melo:   at void com.android.internal.os.ZygoteInit.main(java.lang.String[]) (ZygoteInit.java:858)
10-14 03:38:02.008 22650 22650 I com.iloen.melo: 
10-14 03:38:02.008 22650 22650 I com.iloen.melo: Rejecting re-init on previously-failed class java.lang.Class<io.netty.util.internal.logging.Log4J2Logger>: java.lang.NoClassDefFoundError: Failed resolution of: Lorg/apache/logging/log4j/spi/ExtendedLoggerWrapper;
10-14 03:38:02.008 22650 22650 I com.iloen.melo:   at io.netty.util.internal.logging.InternalLoggerFactory io.netty.util.internal.logging.InternalLoggerFactory.newDefaultFactory(java.lang.String) (:-1)
10-14 03:38:02.008 22650 22650 I com.iloen.melo:   at io.netty.util.internal.logging.InternalLoggerFactory io.netty.util.internal.logging.InternalLoggerFactory.getDefaultFactory() (:-1)
10-14 03:38:02.008 22650 22650 I com.iloen.melo:   at io.netty.util.internal.logging.InternalLogger io.netty.util.internal.logging.InternalLoggerFactory.getInstance(java.lang.String) (:-1)
10-14 03:38:02.008 22650 22650 I com.iloen.melo:   at io.netty.util.internal.logging.InternalLogger io.netty.util.internal.logging.InternalLoggerFactory.getInstance(java.lang.Class) (:-1)
10-14 03:38:02.008 22650 22650 I com.iloen.melo:   at void io.netty.util.internal.SystemPropertyUtil.<clinit>() (:-1)
10-14 03:38:02.008 22650 22650 I com.iloen.melo:   at boolean io.netty.util.internal.SystemPropertyUtil.getBoolean(java.lang.String, boolean) (:-1)
10-14 03:38:02.008 22650 22650 I com.iloen.melo:   at void io.netty.util.NetUtil.<clinit>() (:-1)
10-14 03:38:02.008 22650 22650 I com.iloen.melo:   at void com.iloen.melon.MelonAppBase.<clinit>() (:-1)
10-14 03:38:02.008 22650 22650 I com.iloen.melo:   at java.lang.Object java.lang.Class.newInstance() (Class.java:-2)
10-14 03:38:02.008 22650 22650 I com.iloen.melo:   at android.app.Application android.app.AppComponentFactory.instantiateApplication(java.lang.ClassLoader, java.lang.String) (AppComponentFactory.java:50)
10-14 03:38:02.009 22650 22650 I com.iloen.melo:   at android.app.Application androidx.core.app.CoreComponentFactory.instantiateApplication(java.lang.ClassLoader, java.lang.String) (:-1)
10-14 03:38:02.009 22650 22650 I com.iloen.melo:   at android.app.Application android.app.Instrumentation.newApplication(java.lang.ClassLoader, java.lang.String, android.content.Context) (Instrumentation.java:1120)
10-14 03:38:02.009 22650 22650 I com.iloen.melo:   at android.app.Application android.app.LoadedApk.makeApplication(boolean, android.app.Instrumentation) (LoadedApk.java:1061)
10-14 03:38:02.009 22650 22650 I com.iloen.melo:   at void android.app.ActivityThread.handleBindApplication(android.app.ActivityThread$AppBindData) (ActivityThread.java:5842)
10-14 03:38:02.009 22650 22650 I com.iloen.melo:   at void android.app.ActivityThread.access$1100(android.app.ActivityThread, android.app.ActivityThread$AppBindData) (ActivityThread.java:199)
10-14 03:38:02.009 22650 22650 I com.iloen.melo:   at void android.app.ActivityThread$H.handleMessage(android.os.Message) (ActivityThread.java:1650)
10-14 03:38:02.009 22650 22650 I com.iloen.melo:   at void android.os.Handler.dispatchMessage(android.os.Message) (Handler.java:106)
10-14 03:38:02.009 22650 22650 I com.iloen.melo:   at void android.os.Looper.loop() (Looper.java:193)
10-14 03:38:02.009 22650 22650 I com.iloen.melo:   at void android.app.ActivityThread.main(java.lang.String[]) (ActivityThread.java:6669)
10-14 03:38:02.009 22650 22650 I com.iloen.melo:   at java.lang.Object java.lang.reflect.Method.invoke(java.lang.Object, java.lang.Object[]) (Method.java:-2)
10-14 03:38:02.009 22650 22650 I com.iloen.melo:   at void com.android.internal.os.RuntimeInit$MethodAndArgsCaller.run() (RuntimeInit.java:493)
10-14 03:38:02.009 22650 22650 I com.iloen.melo:   at void com.android.internal.os.ZygoteInit.main(java.lang.String[]) (ZygoteInit.java:858)
10-14 03:38:02.009 22650 22650 I com.iloen.melo: Caused by: java.lang.ClassNotFoundException: Didn't find class "org.apache.logging.log4j.spi.ExtendedLoggerWrapper" on path: DexPathList[[zip file "/system/framework/org.apache.http.legacy.boot.jar", zip file "/data/app/com.iloen.melon-OKFeujrgFR_L6fYoOnSLTQ==/base.apk"],nativeLibraryDirectories=[/data/app/com.iloen.melon-OKFeujrgFR_L6fYoOnSLTQ==/lib/arm, /data/app/com.iloen.melon-OKFeujrgFR_L6fYoOnSLTQ==/base.apk!/lib/armeabi-v7a, /system/lib]]
10-14 03:38:02.009 22650 22650 I com.iloen.melo:   at java.lang.Class dalvik.system.BaseDexClassLoader.findClass(java.lang.String) (BaseDexClassLoader.java:134)
10-14 03:38:02.009 22650 22650 I com.iloen.melo:   at java.lang.Class java.lang.ClassLoader.loadClass(java.lang.String, boolean) (ClassLoader.java:379)
10-14 03:38:02.009 22650 22650 I com.iloen.melo:   at java.lang.Class java.lang.ClassLoader.loadClass(java.lang.String) (ClassLoader.java:312)
10-14 03:38:02.009 22650 22650 I com.iloen.melo:   at io.netty.util.internal.logging.InternalLoggerFactory io.netty.util.internal.logging.InternalLoggerFactory.newDefaultFactory(java.lang.String) (:-1)
10-14 03:38:02.009 22650 22650 I com.iloen.melo:   at io.netty.util.internal.logging.InternalLoggerFactory io.netty.util.internal.logging.InternalLoggerFactory.getDefaultFactory() (:-1)
10-14 03:38:02.009 22650 22650 I com.iloen.melo:   at io.netty.util.internal.logging.InternalLogger io.netty.util.internal.logging.InternalLoggerFactory.getInstance(java.lang.String) (:-1)
10-14 03:38:02.009 22650 22650 I com.iloen.melo:   at io.netty.util.internal.logging.InternalLogger io.netty.util.internal.logging.InternalLoggerFactory.getInstance(java.lang.Class) (:-1)
10-14 03:38:02.009 22650 22650 I com.iloen.melo:   at void io.netty.util.internal.SystemPropertyUtil.<clinit>() (:-1)
10-14 03:38:02.009 22650 22650 I com.iloen.melo:   at boolean io.netty.util.internal.SystemPropertyUtil.getBoolean(java.lang.String, boolean) (:-1)
10-14 03:38:02.009 22650 22650 I com.iloen.melo:   at void io.netty.util.NetUtil.<clinit>() (:-1)
10-14 03:38:02.009 22650 22650 I com.iloen.melo:   at void com.iloen.melon.MelonAppBase.<clinit>() (:-1)
10-14 03:38:02.009 22650 22650 I com.iloen.melo:   at java.lang.Object java.lang.Class.newInstance() (Class.java:-2)
10-14 03:38:02.009 22650 22650 I com.iloen.melo:   at android.app.Application android.app.AppComponentFactory.instantiateApplication(java.lang.ClassLoader, java.lang.String) (AppComponentFactory.java:50)
10-14 03:38:02.009 22650 22650 I com.iloen.melo:   at android.app.Application androidx.core.app.CoreComponentFactory.instantiateApplication(java.lang.ClassLoader, java.lang.String) (:-1)
10-14 03:38:02.009 22650 22650 I com.iloen.melo:   at android.app.Application android.app.Instrumentation.newApplication(java.lang.ClassLoader, java.lang.String, android.content.Context) (Instrumentation.java:1120)
10-14 03:38:02.009 22650 22650 I com.iloen.melo:   at android.app.Application android.app.LoadedApk.makeApplication(boolean, android.app.Instrumentation) (LoadedApk.java:1061)
10-14 03:38:02.009 22650 22650 I com.iloen.melo:   at void android.app.ActivityThread.handleBindApplication(android.app.ActivityThread$AppBindData) (ActivityThread.java:5842)
10-14 03:38:02.009 22650 22650 I com.iloen.melo:   at void android.app.ActivityThread.access$1100(android.app.ActivityThread, android.app.ActivityThread$AppBindData) (ActivityThread.java:199)
10-14 03:38:02.009 22650 22650 I com.iloen.melo:   at void android.app.ActivityThread$H.handleMessage(android.os.Message) (ActivityThread.java:1650)
10-14 03:38:02.009 22650 22650 I com.iloen.melo:   at void android.os.Handler.dispatchMessage(android.os.Message) (Handler.java:106)
10-14 03:38:02.009 22650 22650 I com.iloen.melo:   at void android.os.Looper.loop() (Looper.java:193)
10-14 03:38:02.009 22650 22650 I com.iloen.melo:   at void android.app.ActivityThread.main(java.lang.String[]) (ActivityThread.java:6669)
10-14 03:38:02.009 22650 22650 I com.iloen.melo:   at java.lang.Object java.lang.reflect.Method.invoke(java.lang.Object, java.lang.Object[]) (Method.java:-2)
10-14 03:38:02.009 22650 22650 I com.iloen.melo:   at void com.android.internal.os.RuntimeInit$MethodAndArgsCaller.run() (RuntimeInit.java:493)
10-14 03:38:02.009 22650 22650 I com.iloen.melo:   at void com.android.internal.os.ZygoteInit.main(java.lang.String[]) (ZygoteInit.java:858)
10-14 03:38:02.009 22650 22650 I com.iloen.melo: 
10-14 03:38:02.009 22650 22650 I com.iloen.melo: Rejecting re-init on previously-failed class java.lang.Class<io.netty.util.internal.logging.Log4J2Logger>: java.lang.NoClassDefFoundError: Failed resolution of: Lorg/apache/logging/log4j/spi/ExtendedLoggerWrapper;
10-14 03:38:02.009 22650 22650 I com.iloen.melo:   at io.netty.util.internal.logging.InternalLoggerFactory io.netty.util.internal.logging.InternalLoggerFactory.newDefaultFactory(java.lang.String) (:-1)
10-14 03:38:02.009 22650 22650 I com.iloen.melo:   at io.netty.util.internal.logging.InternalLoggerFactory io.netty.util.internal.logging.InternalLoggerFactory.getDefaultFactory() (:-1)
10-14 03:38:02.009 22650 22650 I com.iloen.melo:   at io.netty.util.internal.logging.InternalLogger io.netty.util.internal.logging.InternalLoggerFactory.getInstance(java.lang.String) (:-1)
10-14 03:38:02.009 22650 22650 I com.iloen.melo:   at io.netty.util.internal.logging.InternalLogger io.netty.util.internal.logging.InternalLoggerFactory.getInstance(java.lang.Class) (:-1)
10-14 03:38:02.009 22650 22650 I com.iloen.melo:   at void io.netty.util.internal.SystemPropertyUtil.<clinit>() (:-1)
10-14 03:38:02.009 22650 22650 I com.iloen.melo:   at boolean io.netty.util.internal.SystemPropertyUtil.getBoolean(java.lang.String, boolean) (:-1)
10-14 03:38:02.009 22650 22650 I com.iloen.melo:   at void io.netty.util.NetUtil.<clinit>() (:-1)
10-14 03:38:02.009 22650 22650 I com.iloen.melo:   at void com.iloen.melon.MelonAppBase.<clinit>() (:-1)
10-14 03:38:02.010 22650 22650 I com.iloen.melo:   at java.lang.Object java.lang.Class.newInstance() (Class.java:-2)
10-14 03:38:02.010 22650 22650 I com.iloen.melo:   at android.app.Application android.app.AppComponentFactory.instantiateApplication(java.lang.ClassLoader, java.lang.String) (AppComponentFactory.java:50)
10-14 03:38:02.010 22650 22650 I com.iloen.melo:   at android.app.Application androidx.core.app.CoreComponentFactory.instantiateApplication(java.lang.ClassLoader, java.lang.String) (:-1)
10-14 03:38:02.010 22650 22650 I com.iloen.melo:   at android.app.Application android.app.Instrumentation.newApplication(java.lang.ClassLoader, java.lang.String, android.content.Context) (Instrumentation.java:1120)
10-14 03:38:02.010 22650 22650 I com.iloen.melo:   at android.app.Application android.app.LoadedApk.makeApplication(boolean, android.app.Instrumentation) (LoadedApk.java:1061)
10-14 03:38:02.010 22650 22650 I com.iloen.melo:   at void android.app.ActivityThread.handleBindApplication(android.app.ActivityThread$AppBindData) (ActivityThread.java:5842)
10-14 03:38:02.010 22650 22650 I com.iloen.melo:   at void android.app.ActivityThread.access$1100(android.app.ActivityThread, android.app.ActivityThread$AppBindData) (ActivityThread.java:199)
10-14 03:38:02.010 22650 22650 I com.iloen.melo:   at void android.app.ActivityThread$H.handleMessage(android.os.Message) (ActivityThread.java:1650)
10-14 03:38:02.010 22650 22650 I com.iloen.melo:   at void android.os.Handler.dispatchMessage(android.os.Message) (Handler.java:106)
10-14 03:38:02.010 22650 22650 I com.iloen.melo:   at void android.os.Looper.loop() (Looper.java:193)
10-14 03:38:02.010 22650 22650 I com.iloen.melo:   at void android.app.ActivityThread.main(java.lang.String[]) (ActivityThread.java:6669)
10-14 03:38:02.010 22650 22650 I com.iloen.melo:   at java.lang.Object java.lang.reflect.Method.invoke(java.lang.Object, java.lang.Object[]) (Method.java:-2)
10-14 03:38:02.010 22650 22650 I com.iloen.melo:   at void com.android.internal.os.RuntimeInit$MethodAndArgsCaller.run() (RuntimeInit.java:493)
10-14 03:38:02.010 22650 22650 I com.iloen.melo:   at void com.android.internal.os.ZygoteInit.main(java.lang.String[]) (ZygoteInit.java:858)
10-14 03:38:02.010 22650 22650 I com.iloen.melo: Caused by: java.lang.ClassNotFoundException: Didn't find class "org.apache.logging.log4j.spi.ExtendedLoggerWrapper" on path: DexPathList[[zip file "/system/framework/org.apache.http.legacy.boot.jar", zip file "/data/app/com.iloen.melon-OKFeujrgFR_L6fYoOnSLTQ==/base.apk"],nativeLibraryDirectories=[/data/app/com.iloen.melon-OKFeujrgFR_L6fYoOnSLTQ==/lib/arm, /data/app/com.iloen.melon-OKFeujrgFR_L6fYoOnSLTQ==/base.apk!/lib/armeabi-v7a, /system/lib]]
10-14 03:38:02.010 22650 22650 I com.iloen.melo:   at java.lang.Class dalvik.system.BaseDexClassLoader.findClass(java.lang.String) (BaseDexClassLoader.java:134)
10-14 03:38:02.010 22650 22650 I com.iloen.melo:   at java.lang.Class java.lang.ClassLoader.loadClass(java.lang.String, boolean) (ClassLoader.java:379)
10-14 03:38:02.010 22650 22650 I com.iloen.melo:   at java.lang.Class java.lang.ClassLoader.loadClass(java.lang.String) (ClassLoader.java:312)
10-14 03:38:02.010 22650 22650 I com.iloen.melo:   at io.netty.util.internal.logging.InternalLoggerFactory io.netty.util.internal.logging.InternalLoggerFactory.newDefaultFactory(java.lang.String) (:-1)
10-14 03:38:02.010 22650 22650 I com.iloen.melo:   at io.netty.util.internal.logging.InternalLoggerFactory io.netty.util.internal.logging.InternalLoggerFactory.getDefaultFactory() (:-1)
10-14 03:38:02.010 22650 22650 I com.iloen.melo:   at io.netty.util.internal.logging.InternalLogger io.netty.util.internal.logging.InternalLoggerFactory.getInstance(java.lang.String) (:-1)
10-14 03:38:02.010 22650 22650 I com.iloen.melo:   at io.netty.util.internal.logging.InternalLogger io.netty.util.internal.logging.InternalLoggerFactory.getInstance(java.lang.Class) (:-1)
10-14 03:38:02.010 22650 22650 I com.iloen.melo:   at void io.netty.util.internal.SystemPropertyUtil.<clinit>() (:-1)
10-14 03:38:02.010 22650 22650 I com.iloen.melo:   at boolean io.netty.util.internal.SystemPropertyUtil.getBoolean(java.lang.String, boolean) (:-1)
10-14 03:38:02.010 22650 22650 I com.iloen.melo:   at void io.netty.util.NetUtil.<clinit>() (:-1)
10-14 03:38:02.010 22650 22650 I com.iloen.melo:   at void com.iloen.melon.MelonAppBase.<clinit>() (:-1)
10-14 03:38:02.010 22650 22650 I com.iloen.melo:   at java.lang.Object java.lang.Class.newInstance() (Class.java:-2)
10-14 03:38:02.010 22650 22650 I com.iloen.melo:   at android.app.Application android.app.AppComponentFactory.instantiateApplication(java.lang.ClassLoader, java.lang.String) (AppComponentFactory.java:50)
10-14 03:38:02.010 22650 22650 I com.iloen.melo:   at android.app.Application androidx.core.app.CoreComponentFactory.instantiateApplication(java.lang.ClassLoader, java.lang.String) (:-1)
10-14 03:38:02.010 22650 22650 I com.iloen.melo:   at android.app.Application android.app.Instrumentation.newApplication(java.lang.ClassLoader, java.lang.String, android.content.Context) (Instrumentation.java:1120)
10-14 03:38:02.010 22650 22650 I com.iloen.melo:   at android.app.Application android.app.LoadedApk.makeApplication(boolean, android.app.Instrumentation) (LoadedApk.java:1061)
10-14 03:38:02.010 22650 22650 I com.iloen.melo:   at void android.app.ActivityThread.handleBindApplication(android.app.ActivityThread$AppBindData) (ActivityThread.java:5842)
10-14 03:38:02.010 22650 22650 I com.iloen.melo:   at void android.app.ActivityThread.access$1100(android.app.ActivityThread, android.app.ActivityThread$AppBindData) (ActivityThread.java:199)
10-14 03:38:02.010 22650 22650 I com.iloen.melo:   at void android.app.ActivityThread$H.handleMessage(android.os.Message) (ActivityThread.java:1650)
10-14 03:38:02.010 22650 22650 I com.iloen.melo:   at void android.os.Handler.dispatchMessage(android.os.Message) (Handler.java:106)
10-14 03:38:02.010 22650 22650 I com.iloen.melo:   at void android.os.Looper.loop() (Looper.java:193)
10-14 03:38:02.010 22650 22650 I com.iloen.melo:   at void android.app.ActivityThread.main(java.lang.String[]) (ActivityThread.java:6669)
10-14 03:38:02.010 22650 22650 I com.iloen.melo:   at java.lang.Object java.lang.reflect.Method.invoke(java.lang.Object, java.lang.Object[]) (Method.java:-2)
10-14 03:38:02.010 22650 22650 I com.iloen.melo:   at void com.android.internal.os.RuntimeInit$MethodAndArgsCaller.run() (RuntimeInit.java:493)
10-14 03:38:02.010 22650 22650 I com.iloen.melo:   at void com.android.internal.os.ZygoteInit.main(java.lang.String[]) (ZygoteInit.java:858)
10-14 03:38:02.010 22650 22650 I com.iloen.melo: 
10-14 03:38:01.939  2768  2768 I Binder:2768_4: type=1400 audit(0.0:4617): avc: denied { open } for path="/vendor/lib/hw/gralloc.odroidn2.so" dev="mmcblk0p12" ino=705 scontext=u:r:surfaceflinger:s0 tcontext=u:object_r:vendor_file:s0 tclass=file permissive=1
10-14 03:38:02.044 22650 22650 I PlatformDependent: Your platform does not provide complete low-level API for accessing direct buffers reliably. Unless explicitly requested, heap buffer will always be preferred to avoid potential system instability.
10-14 03:38:02.046 22650 22650 I MultiDex: VM with version 2.1.0 has multidex support
10-14 03:38:02.046 22650 22650 I MultiDex: Installing application
10-14 03:38:02.046 22650 22650 I MultiDex: VM has multidex support, MultiDex support library is disabled.
10-14 03:38:02.076 22650 22650 I FirebaseInitProvider: FirebaseApp initialization successful
10-14 03:38:01.943  2768  2768 I Binder:2768_4: type=1400 audit(0.0:4618): avc: denied { getattr } for path="/vendor/lib/hw/gralloc.odroidn2.so" dev="mmcblk0p12" ino=705 scontext=u:r:surfaceflinger:s0 tcontext=u:object_r:vendor_file:s0 tclass=file permissive=1
10-14 03:38:02.087 22650 22669 D TransportRuntime.JobInfoScheduler: Upload for context TransportContext(cct, VERY_LOW, MSRodHRwczovL2ZpcmViYXNlbG9nZ2luZy5nb29nbGVhcGlzLmNvbS92MGNjL2xvZy9iYXRjaD9mb3JtYXQ9anNvbl9wcm90bzNc) is already scheduled. Returning...
10-14 03:38:02.090 22650 22650 W com.facebook.UserSettingsManager: Please set a value for AutoLogAppEventsEnabled. Set the flag to TRUE if you want to collect app install, app launch and in-app purchase events automatically. To request user consent before collecting data, set the flag value to FALSE, then change to TRUE once user consent is received. Learn more: https://developers.facebook.com/docs/app-events/getting-started-app-events-android#disable-auto-events.
10-14 03:38:02.090 22650 22650 W com.facebook.UserSettingsManager: You haven't set a value for AdvertiserIDCollectionEnabled. Set the flag to TRUE if you want to collect Advertiser ID for better advertising and analytics results. To request user consent before collecting data, set the flag value to FALSE, then change to TRUE once user consent is received. Learn more: https://developers.facebook.com/docs/app-events/getting-started-app-events-android#disable-auto-events.
10-14 03:38:02.104 22650 22675 D NetworkSecurityConfig: Using Network Security Config from resource network_security_config debugBuild: false
10-14 03:38:01.943  2953  2953 I android.anim: type=1400 audit(0.0:4619): avc: denied { read } for name="gralloc.odroidn2.so" dev="mmcblk0p12" ino=705 scontext=u:r:system_server:s0 tcontext=u:object_r:vendor_file:s0 tclass=file permissive=1
10-14 03:38:02.171 22650 22650 V MediaRouter: Adding route: RouteInfo{ name=태블릿, description=null, status=null, category=RouteCategory{ name=시스템 types=ROUTE_TYPE_LIVE_AUDIO ROUTE_TYPE_LIVE_VIDEO  groupable=false }, supportedTypes=ROUTE_TYPE_LIVE_AUDIO ROUTE_TYPE_LIVE_VIDEO , presentationDisplay=null }
10-14 03:38:02.172 22650 22650 V MediaRouter: Audio routes updated: AudioRoutesInfo{ type=HDMI }, a2dp=false
10-14 03:38:02.172 22650 22650 V MediaRouter: Selecting route: RouteInfo{ name=HDMI, description=null, status=null, category=RouteCategory{ name=시스템 types=ROUTE_TYPE_LIVE_AUDIO ROUTE_TYPE_LIVE_VIDEO  groupable=false }, supportedTypes=ROUTE_TYPE_LIVE_AUDIO ROUTE_TYPE_LIVE_VIDEO , presentationDisplay=null }
10-14 03:38:02.175 22650 22650 I MediaRouter: Found default route: MediaRouter.RouteInfo{ uniqueId=android/androidx.mediarouter.media.SystemMediaRouteProvider:DEFAULT_ROUTE, name=HDMI, description=null, iconUri=null, enabled=true, connectionState=0, canDisconnect=false, playbackType=0, playbackStream=3, deviceType=0, volumeHandling=1, volume=5, volumeMax=15, presentationDisplayId=-1, extras=null, settingsIntent=null, providerPackageName=android }
10-14 03:38:02.175 22650 22650 I MediaRouter: Unselecting the current route because it is no longer selectable: null
10-14 03:38:02.223 22650 22650 E SQLiteLog: (1) table schema_migrations already exists
10-14 03:38:02.223 22650 22650 E kakao.sdk: Cound not create the database table according to the SQL statement KakaoEmoticons.db
10-14 03:38:02.228 22650 22680 W com.iloen.melo: Unknown chunk type '200'.
10-14 03:38:02.268 22650 22650 I WebViewFactory: Loading com.android.webview version 66.0.3359.158 (code 336015805)
10-14 03:38:02.288 22650 22650 I cr_LibraryLoader: Time to load native libraries: 1 ms (timestamps 4153-4154)
10-14 03:38:02.291 22650 22650 I chromium: [INFO:library_loader_hooks.cc(36)] Chromium logging enabled: level = 0, default verbosity = 0
10-14 03:38:02.292 22650 22650 I cr_LibraryLoader: Expected native library version number "66.0.3359.158", actual native library version number "66.0.3359.158"
10-14 03:38:02.329 22650 22650 D NativeCrashHandler: GetEnv Call
10-14 03:38:02.329 22650 22650 D NativeCrashHandler: FindClass Call
10-14 03:38:02.329 22650 22650 D NativeCrashHandler: FindClass Call
10-14 03:38:02.330 22650 22650 D NativeCrashHandler: NewGlobalRef Call
10-14 03:38:02.330 22650 22650 D NativeCrashHandler: FindClass Call
10-14 03:38:02.330 22650 22650 D NativeCrashHandler: NewGlobalRef Call
10-14 03:38:02.330 22650 22650 I NativeCrashHandler: initializeCrashHandler! [pid: 22650 | tid 22650]
10-14 03:38:02.330 22650 22650 D NativeCrashHandler: GetEnv Call
10-14 03:38:02.330 22650 22650 D NativeCrashHandler: GetCachePath Call true
10-14 03:38:02.330 22650 22650 D NativeCrashHandler: GetEnv Call
10-14 03:38:02.330 22650 22650 D NativeCrashHandler: GetStaticMethodID Call
10-14 03:38:02.330 22650 22650 D NativeCrashHandler: CallStaticObjectMethod Call
10-14 03:38:02.330 22650 22650 D NativeCrashHandler: google_breakpad::ExceptionHandler Call
10-14 03:38:02.330 22650 22650 W google-breakpad: NativeCrashHandler google breakpad InstallHandlersLocked sa.sa_sigaction = SignalHandler, sa.sa_flags = SA_ONSTACK | SA_SIGINFO
10-14 03:38:02.330 22650 22650 I NativeCrashHandler: MOCAIntialize Success
10-14 03:38:02.331 22650 22650 D [MOCA]  : Initialize MOCA library. (OK)
10-14 03:38:02.332 22650 22650 D MobileReportLib: sendCrashReportIfCrashedBefore, there is no the saved crash report
10-14 03:38:02.332 22650 22650 D [MOCA]  : Send pending crash report.
10-14 03:38:02.498  3527  3527 W LauncherTransition: Failed to animate, surface got destroyed.
10-14 03:38:02.517  2768  2841 E BufferQueueProducer: [com.android.launcher3/com.android.launcher3.Launcher#0] disconnect: not connected (req=1)
10-14 03:38:02.517  3527  3638 W libEGL  : EGLNativeWindowType 0xe096b008 disconnect failed
10-14 03:38:02.524  2953  3028 I InputDispatcher: Dropping event because there is no touchable window at (484, 498).
10-14 03:38:02.532  2953  3028 I InputDispatcher: Dropping event because there is no touchable window at (484, 500).
10-14 03:38:02.540  2953  3028 I InputDispatcher: Dropping event because there is no touchable window at (482, 502).
10-14 03:38:02.548  2953  3028 I InputDispatcher: Dropping event because there is no touchable window at (481, 504).
10-14 03:38:02.552 22650 22650 D OpenGLRenderer: Skia GL Pipeline
10-14 03:38:02.556  2953  3028 I InputDispatcher: Dropping event because there is no touchable window at (479, 506).
10-14 03:38:02.566  2756  8190 I [Gralloc]: framebuffer hal alread move to hwcomposer
10-14 03:38:02.567  2768  2768 I Binder:2768_3: type=1400 audit(0.0:4622): avc: denied { read } for name="gralloc.odroidn2.so" dev="mmcblk0p12" ino=705 scontext=u:r:surfaceflinger:s0 tcontext=u:object_r:vendor_file:s0 tclass=file permissive=1
10-14 03:38:02.567  2768  2768 I Binder:2768_3: type=1400 audit(0.0:4623): avc: denied { open } for path="/vendor/lib/hw/gralloc.odroidn2.so" dev="mmcblk0p12" ino=705 scontext=u:r:surfaceflinger:s0 tcontext=u:object_r:vendor_file:s0 tclass=file permissive=1
10-14 03:38:02.569 22650 22675 W com.iloen.melo: Unknown chunk type '200'.
10-14 03:38:02.596  2953  6046 I ActivityManager: Config changes=20000480 {1.0 ?mcc?mnc [ko_KR,en_US] ldltr sw602dp w602dp h994dp 204dpi lrg long port -touch -keyb/v/h dpad/v winConfig={ mBounds=Rect(0, 0 - 0, 0) mAppBounds=Rect(0, 0 - 768, 1299) mWindowingMode=fullscreen mActivityType=undefined} s.80}
10-14 03:38:02.614  2953  6046 I ActivityManager: Override config changes=20000480 {1.0 ?mcc?mnc [ko_KR,en_US] ldltr sw602dp w602dp h994dp 204dpi lrg long port -touch -keyb/v/h dpad/v winConfig={ mBounds=Rect(0, 0 - 1360, 707) mAppBounds=Rect(0, 0 - 768, 1299) mWindowingMode=fullscreen mActivityType=undefined} s.80} for displayId=0
10-14 03:38:02.647 22650 22650 W com.iloen.melo: Unsupported class loader
10-14 03:38:02.648 22650 22650 W com.iloen.melo: Skipping duplicate class check due to unsupported classloader
10-14 03:38:02.650 22650 22650 I DynamiteModule: Considering local module com.google.android.gms.cast.framework.dynamite:0 and remote module com.google.android.gms.cast.framework.dynamite:226
10-14 03:38:02.650 22650 22650 I DynamiteModule: Selected remote version of com.google.android.gms.cast.framework.dynamite, version >= 226
10-14 03:38:02.650 22650 22650 V DynamiteModule: Dynamite loader version >= 2, using loadModule2NoCrashUtils
10-14 03:38:02.654  2756  8190 I [Gralloc]: framebuffer hal alread move to hwcomposer
10-14 03:38:02.654  2953  3029 I InputReader: Reconfiguring input devices.  changes=0x00000004
10-14 03:38:02.663 22650 22650 W com.iloen.melo: Unsupported class loader
10-14 03:38:02.664 22650 22650 W com.iloen.melo: Skipping duplicate class check due to unsupported classloader
10-14 03:38:02.674  2756  8190 I [Gralloc]: framebuffer hal alread move to hwcomposer
10-14 03:38:02.674 22650 22650 I CastDynamiteModuleImpl: rg created by ClassLoader az[DexPathList[[zip file "/data/user_de/0/com.google.android.gms/app_chimera/m/00000022/DynamiteModulesC.apk"],nativeLibraryDirectories=[/data/user_de/0/com.google.android.gms/app_chimera/m/00000022/DynamiteModulesC.apk!/lib/armeabi-v7a, /data/user_de/0/com.google.android.gms/app_chimera/m/00000022/DynamiteModulesC.apk!/lib/armeabi, /system/lib]]].
10-14 03:38:02.696  2768  3293 E BufferQueueProducer: [NavigationBar#0] disconnect: not connected (req=1)
10-14 03:38:02.697  3106  3352 W libEGL  : EGLNativeWindowType 0xdfa50808 disconnect failed
10-14 03:38:02.698  3106  3352 D mali_winsys: EGLint new_window_surface(egl_winsys_display *, void *, EGLSurface, EGLConfig, egl_winsys_surface **, EGLBoolean) returns 0x3000
10-14 03:38:02.699  2756  8190 I [Gralloc]: framebuffer hal alread move to hwcomposer
10-14 03:38:02.721 22650 22650 D EventBus: No subscribers registered for event class com.iloen.melon.eventbus.EventActivityState$EventActivityStarted
10-14 03:38:02.721 22650 22650 D EventBus: No subscribers registered for event class org.greenrobot.eventbus.NoSubscriberEvent
10-14 03:38:02.732  3106  3106 D StatusBar: disable<e i a s b h r c s > disable2<q i n >
10-14 03:38:02.747 22650 22650 D AbsTabIndicatorLayout: setViewPager
10-14 03:38:02.750 18801 19200 I CastDatabase: Opening the database
10-14 03:38:02.792 18801 19200 I SQLiteCastStore: 0 CastNetworkInfo instances loaded, 0 CastDeviceInfo instances loaded, 0 paired guest mode devices loaded.
10-14 03:38:02.826  2756  8190 I [Gralloc]: framebuffer hal alread move to hwcomposer
10-14 03:38:02.850 18801 18801 I CastSocket: 28 >= 18. Adding new CastClientAuthKeyManager. [CONTEXT service_id=161 ]
10-14 03:38:02.857  2953  3209 I WifiService: startScan uid=10064
10-14 03:38:02.858  2953  3039 E WifiScanRequestProxy: Scan failure received. reason: -1,description: not available
10-14 03:38:02.884 18801 18801 I DiscoveryManager: WifiGuestModeDeviceScanner enabled.
10-14 03:38:02.884  2768  3293 E BufferQueueProducer: [StatusBar#0] disconnect: not connected (req=1)
10-14 03:38:02.886  3106  3352 W libEGL  : EGLNativeWindowType 0xcced7008 disconnect failed
10-14 03:38:02.886  3106  3352 D mali_winsys: EGLint new_window_surface(egl_winsys_display *, void *, EGLSurface, EGLConfig, egl_winsys_surface **, EGLBoolean) returns 0x3000
10-14 03:38:02.889  2756  8190 I [Gralloc]: framebuffer hal alread move to hwcomposer
10-14 03:38:02.906 22650 22650 V MediaRouter: Selecting route: RouteInfo{ name=HDMI, description=null, status=null, category=RouteCategory{ name=시스템 types=ROUTE_TYPE_LIVE_AUDIO ROUTE_TYPE_LIVE_VIDEO  groupable=false }, supportedTypes=ROUTE_TYPE_LIVE_AUDIO ROUTE_TYPE_LIVE_VIDEO , presentationDisplay=null }
10-14 03:38:02.922  2953  3028 I InputDispatcher: Dropping event because there is no touchable window at (477, 508).
10-14 03:38:02.922  2953  3028 I InputDispatcher: Dropping event because there is no touchable window at (475, 511).
10-14 03:38:02.922  2953  3028 I InputDispatcher: Dropping event because there is no touchable window at (473, 515).
10-14 03:38:02.922  2953  3028 I InputDispatcher: Dropping event because there is no touchable window at (473, 517).
10-14 03:38:02.922  2953  3028 I InputDispatcher: Dropping event because there is no touchable window at (473, 520).
10-14 03:38:02.922  2953  3028 I InputDispatcher: Dropping event because there is no touchable window at (473, 522).
10-14 03:38:02.922  2953  3028 I InputDispatcher: Dropping event because there is no touchable window at (247, 472).
10-14 03:38:02.923  2953  3028 I InputDispatcher: Dropping event because there is no touchable window at (248, 472).
10-14 03:38:02.923  2953  3028 I InputDispatcher: Dropping event because there is no touchable window at (249, 470).
10-14 03:38:02.923  2953  3028 I InputDispatcher: Dropping event because there is no touchable window at (252, 463).
10-14 03:38:02.923  2953  3028 I InputDispatcher: Dropping event because there is no touchable window at (258, 456).
10-14 03:38:02.923  2953  3028 I InputDispatcher: Dropping event because there is no touchable window at (261, 454).
10-14 03:38:02.923  2953  3010 I WindowManager: Screen frozen for +360ms due to Window{d1dc9c2 u0 StatusBar}
10-14 03:38:02.938  2768  3293 W SurfaceFlinger: Attempting to destroy on removed layer: f455789 DockedStackDivider#0
10-14 03:38:02.942  2756  8190 I [Gralloc]: framebuffer hal alread move to hwcomposer
10-14 03:38:02.944  2756  2902 I [Gralloc]: framebuffer hal alread move to hwcomposer
10-14 03:38:02.946  2756  2902 I [Gralloc]: framebuffer hal alread move to hwcomposer
10-14 03:38:02.947  2756  8190 I [Gralloc]: framebuffer hal alread move to hwcomposer
