10-14 00:38:24.559 18285 18369 V XWhaleResourceRewriter: com.naver.xwhale.R$attr.colorControlActivated is not found.
10-14 00:38:24.559 18285 18369 V XWhaleResourceRewriter: com.naver.xwhale.R$attr.colorControlHighlight is not found.
10-14 00:38:24.559 18285 18369 V XWhaleResourceRewriter: com.naver.xwhale.R$attr.colorControlNormal is not found.
10-14 00:38:24.559 18285 18369 V XWhaleResourceRewriter: com.naver.xwhale.R$attr.colorError is not found.
10-14 00:38:24.559 18285 18369 V XWhaleResourceRewriter: com.naver.xwhale.R$attr.colorPrimary is not found.
10-14 00:38:24.559 18285 18369 V XWhaleResourceRewriter: com.naver.xwhale.R$attr.colorPrimaryDark is not found.
10-14 00:38:24.559 18285 18369 V XWhaleResourceRewriter: com.naver.xwhale.R$attr.colorScheme is not found.
10-14 00:38:24.559 18285 18369 V XWhaleResourceRewriter: com.naver.xwhale.R$attr.colorSwitchThumbNormal is not found.
10-14 00:38:24.559 18285 18369 V XWhaleResourceRewriter: com.naver.xwhale.R$attr.commitIcon is not found.
10-14 00:38:24.560 18285 18369 V XWhaleResourceRewriter: com.naver.xwhale.R$attr.contentDescription is not found.
10-14 00:38:24.560 18285 18369 V XWhaleResourceRewriter: com.naver.xwhale.R$attr.contentInsetEnd is not found.
10-14 00:38:24.560 18285 18369 V XWhaleResourceRewriter: com.naver.xwhale.R$attr.contentInsetEndWithActions is not found.
10-14 00:38:24.560 18285 18369 V XWhaleResourceRewriter: com.naver.xwhale.R$attr.contentInsetLeft is not found.
10-14 00:38:24.560 18285 18369 V XWhaleResourceRewriter: com.naver.xwhale.R$attr.contentInsetRight is not found.
10-14 00:38:24.560 18285 18369 V XWhaleResourceRewriter: com.naver.xwhale.R$attr.contentInsetStart is not found.
10-14 00:38:24.560 18285 18369 V XWhaleResourceRewriter: com.naver.xwhale.R$attr.contentInsetStartWithNavigation is not found.
10-14 00:38:24.560 18285 18369 V XWhaleResourceRewriter: com.naver.xwhale.R$attr.controlBackground is not found.
10-14 00:38:24.560 18285 18369 V XWhaleResourceRewriter: com.naver.xwhale.R$attr.coordinatorLayoutStyle is not found.
10-14 00:38:24.560 18285 18369 V XWhaleResourceRewriter: com.naver.xwhale.R$attr.customNavigationLayout is not found.
10-14 00:38:24.560 18285 18369 V XWhaleResourceRewriter: com.naver.xwhale.R$attr.defaultQueryHint is not found.
10-14 00:38:24.560 18285 18369 V XWhaleResourceRewriter: com.naver.xwhale.R$attr.dialogCornerRadius is not found.
10-14 00:38:24.560 18285 18369 V XWhaleResourceRewriter: com.naver.xwhale.R$attr.dialogPreferredPadding is not found.
10-14 00:38:24.560 18285 18369 V XWhaleResourceRewriter: com.naver.xwhale.R$attr.dialogTheme is not found.
10-14 00:38:24.560 18285 18369 V XWhaleResourceRewriter: com.naver.xwhale.R$attr.displayOptions is not found.
10-14 00:38:24.560 18285 18369 V XWhaleResourceRewriter: com.naver.xwhale.R$attr.divider is not found.
10-14 00:38:24.560 18285 18369 V XWhaleResourceRewriter: com.naver.xwhale.R$attr.dividerHorizontal is not found.
10-14 00:38:24.560 18285 18369 V XWhaleResourceRewriter: com.naver.xwhale.R$attr.dividerPadding is not found.
10-14 00:38:24.560 18285 18369 V XWhaleResourceRewriter: com.naver.xwhale.R$attr.dividerVertical is not found.
10-14 00:38:24.560 18285 18369 V XWhaleResourceRewriter: com.naver.xwhale.R$attr.drawableSize is not found.
10-14 00:38:24.560 18285 18369 V XWhaleResourceRewriter: com.naver.xwhale.R$attr.drawerArrowStyle is not found.
10-14 00:38:24.560 18285 18369 V XWhaleResourceRewriter: com.naver.xwhale.R$attr.dropDownListViewStyle is not found.
10-14 00:38:24.561 18285 18369 V XWhaleResourceRewriter: com.naver.xwhale.R$attr.dropdownListPreferredItemHeight is not found.
10-14 00:38:24.561 18285 18369 V XWhaleResourceRewriter: com.naver.xwhale.R$attr.editTextBackground is not found.
10-14 00:38:24.561 18285 18369 V XWhaleResourceRewriter: com.naver.xwhale.R$attr.editTextColor is not found.
10-14 00:38:24.561 18285 18369 V XWhaleResourceRewriter: com.naver.xwhale.R$attr.editTextStyle is not found.
10-14 00:38:24.561 18285 18369 V XWhaleResourceRewriter: com.naver.xwhale.R$attr.elevation is not found.
10-14 00:38:24.561 18285 18369 V XWhaleResourceRewriter: com.naver.xwhale.R$attr.expandActivityOverflowButtonDrawable is not found.
10-14 00:38:24.561 18285 18369 V XWhaleResourceRewriter: com.naver.xwhale.R$attr.fastScrollEnabled is not found.
10-14 00:38:24.561 18285 18369 V XWhaleResourceRewriter: com.naver.xwhale.R$attr.fastScrollHorizontalThumbDrawable is not found.
10-14 00:38:24.561 18285 18369 V XWhaleResourceRewriter: com.naver.xwhale.R$attr.fastScrollHorizontalTrackDrawable is not found.
10-14 00:38:24.561 18285 18369 V XWhaleResourceRewriter: com.naver.xwhale.R$attr.fastScrollVerticalThumbDrawable is not found.
10-14 00:38:24.561 18285 18369 V XWhaleResourceRewriter: com.naver.xwhale.R$attr.fastScrollVerticalTrackDrawable is not found.
10-14 00:38:24.561 18285 18369 V XWhaleResourceRewriter: com.naver.xwhale.R$attr.firstBaselineToTopHeight is not found.
10-14 00:38:24.561 18285 18369 V XWhaleResourceRewriter: com.naver.xwhale.R$attr.font is not found.
10-14 00:38:24.561 18285 18369 V XWhaleResourceRewriter: com.naver.xwhale.R$attr.fontFamily is not found.
10-14 00:38:24.561 18285 18369 V XWhaleResourceRewriter: com.naver.xwhale.R$attr.fontProviderAuthority is not found.
10-14 00:38:24.561 18285 18369 V XWhaleResourceRewriter: com.naver.xwhale.R$attr.fontProviderCerts is not found.
10-14 00:38:24.561 18285 18369 V XWhaleResourceRewriter: com.naver.xwhale.R$attr.fontProviderFetchStrategy is not found.
10-14 00:38:24.561 18285 18369 V XWhaleResourceRewriter: com.naver.xwhale.R$attr.fontProviderFetchTimeout is not found.
10-14 00:38:24.561 18285 18369 V XWhaleResourceRewriter: com.naver.xwhale.R$attr.fontProviderPackage is not found.
10-14 00:38:24.561 18285 18369 V XWhaleResourceRewriter: com.naver.xwhale.R$attr.fontProviderQuery is not found.
10-14 00:38:24.561 18285 18369 V XWhaleResourceRewriter: com.naver.xwhale.R$attr.fontStyle is not found.
10-14 00:38:24.561 18285 18369 V XWhaleResourceRewriter: com.naver.xwhale.R$attr.fontVariationSettings is not found.
10-14 00:38:24.561 18285 18369 V XWhaleResourceRewriter: com.naver.xwhale.R$attr.fontWeight is not found.
10-14 00:38:24.561 18285 18369 V XWhaleResourceRewriter: com.naver.xwhale.R$attr.gapBetweenBars is not found.
10-14 00:38:24.562 18285 18369 V XWhaleResourceRewriter: com.naver.xwhale.R$attr.goIcon is not found.
10-14 00:38:24.562 18285 18369 V XWhaleResourceRewriter: com.naver.xwhale.R$attr.height is not found.
10-14 00:38:24.562 18285 18369 V XWhaleResourceRewriter: com.naver.xwhale.R$attr.hideOnContentScroll is not found.
10-14 00:38:24.562 18285 18369 V XWhaleResourceRewriter: com.naver.xwhale.R$attr.homeAsUpIndicator is not found.
10-14 00:38:24.562 18285 18369 V XWhaleResourceRewriter: com.naver.xwhale.R$attr.homeLayout is not found.
10-14 00:38:24.562 18285 18369 V XWhaleResourceRewriter: com.naver.xwhale.R$attr.icon is not found.
10-14 00:38:24.562 18285 18369 V XWhaleResourceRewriter: com.naver.xwhale.R$attr.iconTint is not found.
10-14 00:38:24.562 18285 18369 V XWhaleResourceRewriter: com.naver.xwhale.R$attr.iconTintMode is not found.
10-14 00:38:24.562 18285 18369 V XWhaleResourceRewriter: com.naver.xwhale.R$attr.iconifiedByDefault is not found.
10-14 00:38:24.562 18285 18369 V XWhaleResourceRewriter: com.naver.xwhale.R$attr.imageAspectRatio is not found.
10-14 00:38:24.562 18285 18369 V XWhaleResourceRewriter: com.naver.xwhale.R$attr.imageAspectRatioAdjust is not found.
10-14 00:38:24.562 18285 18369 V XWhaleResourceRewriter: com.naver.xwhale.R$attr.imageButtonStyle is not found.
10-14 00:38:24.562 18285 18369 V XWhaleResourceRewriter: com.naver.xwhale.R$attr.indeterminateProgressStyle is not found.
10-14 00:38:24.562 18285 18369 V XWhaleResourceRewriter: com.naver.xwhale.R$attr.initialActivityCount is not found.
10-14 00:38:24.562 18285 18369 V XWhaleResourceRewriter: com.naver.xwhale.R$attr.isLightTheme is not found.
10-14 00:38:24.562 18285 18369 V XWhaleResourceRewriter: com.naver.xwhale.R$attr.itemPadding is not found.
10-14 00:38:24.562 18285 18369 V XWhaleResourceRewriter: com.naver.xwhale.R$attr.keylines is not found.
10-14 00:38:24.562 18285 18369 V XWhaleResourceRewriter: com.naver.xwhale.R$attr.lastBaselineToBottomHeight is not found.
10-14 00:38:24.562 18285 18369 V XWhaleResourceRewriter: com.naver.xwhale.R$attr.layoutManager is not found.
10-14 00:38:24.562 18285 18369 V XWhaleResourceRewriter: com.naver.xwhale.R$attr.layout_anchor is not found.
10-14 00:38:24.562 18285 18369 V XWhaleResourceRewriter: com.naver.xwhale.R$attr.layout_anchorGravity is not found.
10-14 00:38:24.562 18285 18369 V XWhaleResourceRewriter: com.naver.xwhale.R$attr.layout_behavior is not found.
10-14 00:38:24.562 18285 18369 V XWhaleResourceRewriter: com.naver.xwhale.R$attr.layout_dodgeInsetEdges is not found.
10-14 00:38:24.563 18285 18369 V XWhaleResourceRewriter: com.naver.xwhale.R$attr.layout_insetEdge is not found.
10-14 00:38:24.563 18285 18369 V XWhaleResourceRewriter: com.naver.xwhale.R$attr.layout_keyline is not found.
10-14 00:38:24.563 18285 18369 V XWhaleResourceRewriter: com.naver.xwhale.R$attr.lineHeight is not found.
10-14 00:38:24.563 18285 18369 V XWhaleResourceRewriter: com.naver.xwhale.R$attr.listChoiceBackgroundIndicator is not found.
10-14 00:38:24.563 18334 18389 I dalvik-internals: installed sigmux crash handler for crash log
10-14 00:38:24.563 18285 18369 V XWhaleResourceRewriter: com.naver.xwhale.R$attr.listDividerAlertDialog is not found.
10-14 00:38:24.563 18285 18369 V XWhaleResourceRewriter: com.naver.xwhale.R$attr.listItemLayout is not found.
10-14 00:38:24.563 18285 18369 V XWhaleResourceRewriter: com.naver.xwhale.R$attr.listLayout is not found.
10-14 00:38:24.563 18285 18369 V XWhaleResourceRewriter: com.naver.xwhale.R$attr.listMenuViewStyle is not found.
10-14 00:38:24.563 18285 18369 V XWhaleResourceRewriter: com.naver.xwhale.R$attr.listPopupWindowStyle is not found.
10-14 00:38:24.563 18285 18369 V XWhaleResourceRewriter: com.naver.xwhale.R$attr.listPreferredItemHeight is not found.
10-14 00:38:24.563 18285 18369 V XWhaleResourceRewriter: com.naver.xwhale.R$attr.listPreferredItemHeightLarge is not found.
10-14 00:38:24.563 18285 18369 V XWhaleResourceRewriter: com.naver.xwhale.R$attr.listPreferredItemHeightSmall is not found.
10-14 00:38:24.563 18285 18369 V XWhaleResourceRewriter: com.naver.xwhale.R$attr.listPreferredItemPaddingLeft is not found.
10-14 00:38:24.563 18285 18369 V XWhaleResourceRewriter: com.naver.xwhale.R$attr.listPreferredItemPaddingRight is not found.
10-14 00:38:24.563 18285 18369 V XWhaleResourceRewriter: com.naver.xwhale.R$attr.logo is not found.
10-14 00:38:24.563 18285 18369 V XWhaleResourceRewriter: com.naver.xwhale.R$attr.logoDescription is not found.
10-14 00:38:24.563 18285 18369 V XWhaleResourceRewriter: com.naver.xwhale.R$attr.maxButtonHeight is not found.
10-14 00:38:24.563 18285 18369 V XWhaleResourceRewriter: com.naver.xwhale.R$attr.measureWithLargestChild is not found.
10-14 00:38:24.563 18334 18389 V appstatelogger: Registered App State Logger stream with Breakpad
10-14 00:38:24.563 18285 18369 V XWhaleResourceRewriter: com.naver.xwhale.R$attr.multiChoiceItemLayout is not found.
10-14 00:38:24.563 18285 18369 V XWhaleResourceRewriter: com.naver.xwhale.R$attr.navigationContentDescription is not found.
10-14 00:38:24.563 18285 18369 V XWhaleResourceRewriter: com.naver.xwhale.R$attr.navigationIcon is not found.
10-14 00:38:24.563 18285 18369 V XWhaleResourceRewriter: com.naver.xwhale.R$attr.navigationMode is not found.
10-14 00:38:24.563 18285 18369 V XWhaleResourceRewriter: com.naver.xwhale.R$attr.numericModifiers is not found.
10-14 00:38:24.563 18285 18369 V XWhaleResourceRewriter: com.naver.xwhale.R$attr.overlapAnchor is not found.
10-14 00:38:24.563 18285 18369 V XWhaleResourceRewriter: com.naver.xwhale.R$attr.paddingBottomNoButtons is not found.
10-14 00:38:24.564 18285 18369 V XWhaleResourceRewriter: com.naver.xwhale.R$attr.paddingEnd is not found.
10-14 00:38:24.564 18285 18369 V XWhaleResourceRewriter: com.naver.xwhale.R$attr.paddingStart is not found.
10-14 00:38:24.564 18285 18369 V XWhaleResourceRewriter: com.naver.xwhale.R$attr.paddingTopNoTitle is not found.
10-14 00:38:24.564 18285 18369 V XWhaleResourceRewriter: com.naver.xwhale.R$attr.panelBackground is not found.
10-14 00:38:24.564 18285 18369 V XWhaleResourceRewriter: com.naver.xwhale.R$attr.panelMenuListTheme is not found.
10-14 00:38:24.564 18285 18369 V XWhaleResourceRewriter: com.naver.xwhale.R$attr.panelMenuListWidth is not found.
10-14 00:38:24.564 18285 18369 V XWhaleResourceRewriter: com.naver.xwhale.R$attr.popupMenuStyle is not found.
10-14 00:38:24.564 18285 18369 V XWhaleResourceRewriter: com.naver.xwhale.R$attr.popupTheme is not found.
10-14 00:38:24.564 18285 18369 V XWhaleResourceRewriter: com.naver.xwhale.R$attr.popupWindowStyle is not found.
10-14 00:38:24.564 18285 18369 V XWhaleResourceRewriter: com.naver.xwhale.R$attr.preserveIconSpacing is not found.
10-14 00:38:24.564 18285 18369 V XWhaleResourceRewriter: com.naver.xwhale.R$attr.progressBarPadding is not found.
10-14 00:38:24.564 18285 18369 V XWhaleResourceRewriter: com.naver.xwhale.R$attr.progressBarStyle is not found.
10-14 00:38:24.564 18285 18369 V XWhaleResourceRewriter: com.naver.xwhale.R$attr.queryBackground is not found.
10-14 00:38:24.564 18285 18369 V XWhaleResourceRewriter: com.naver.xwhale.R$attr.queryHint is not found.
10-14 00:38:24.564 18285 18369 V XWhaleResourceRewriter: com.naver.xwhale.R$attr.radioButtonStyle is not found.
10-14 00:38:24.564 18285 18369 V XWhaleResourceRewriter: com.naver.xwhale.R$attr.ratingBarStyle is not found.
10-14 00:38:24.564 18285 18369 V XWhaleResourceRewriter: com.naver.xwhale.R$attr.ratingBarStyleIndicator is not found.
10-14 00:38:24.564 18285 18369 V XWhaleResourceRewriter: com.naver.xwhale.R$attr.ratingBarStyleSmall is not found.
10-14 00:38:24.564 18285 18369 V XWhaleResourceRewriter: com.naver.xwhale.R$attr.reverseLayout is not found.
10-14 00:38:24.564 18285 18369 V XWhaleResourceRewriter: com.naver.xwhale.R$attr.scopeUris is not found.
10-14 00:38:24.564 18285 18369 V XWhaleResourceRewriter: com.naver.xwhale.R$attr.searchHintIcon is not found.
10-14 00:38:24.564 18285 18369 V XWhaleResourceRewriter: com.naver.xwhale.R$attr.searchIcon is not found.
10-14 00:38:24.564 18285 18369 V XWhaleResourceRewriter: com.naver.xwhale.R$attr.searchViewStyle is not found.
10-14 00:38:24.565 18285 18369 V XWhaleResourceRewriter: com.naver.xwhale.R$attr.seekBarStyle is not found.
10-14 00:38:24.565 18285 18369 V XWhaleResourceRewriter: com.naver.xwhale.R$attr.selectableItemBackground is not found.
10-14 00:38:24.565 18285 18369 V XWhaleResourceRewriter: com.naver.xwhale.R$attr.selectableItemBackgroundBorderless is not found.
10-14 00:38:24.565 18285 18369 V XWhaleResourceRewriter: com.naver.xwhale.R$attr.showAsAction is not found.
10-14 00:38:24.565 18285 18369 V XWhaleResourceRewriter: com.naver.xwhale.R$attr.showDividers is not found.
10-14 00:38:24.565 18285 18369 V XWhaleResourceRewriter: com.naver.xwhale.R$attr.showText is not found.
10-14 00:38:24.565 18285 18369 V XWhaleResourceRewriter: com.naver.xwhale.R$attr.showTitle is not found.
10-14 00:38:24.565 18285 18369 V XWhaleResourceRewriter: com.naver.xwhale.R$attr.singleChoiceItemLayout is not found.
10-14 00:38:24.565 18285 18369 V XWhaleResourceRewriter: com.naver.xwhale.R$attr.spanCount is not found.
10-14 00:38:24.565 18285 18369 V XWhaleResourceRewriter: com.naver.xwhale.R$attr.spinBars is not found.
10-14 00:38:24.565 18285 18369 V XWhaleResourceRewriter: com.naver.xwhale.R$attr.spinnerDropDownItemStyle is not found.
10-14 00:38:24.565 18285 18369 V XWhaleResourceRewriter: com.naver.xwhale.R$attr.spinnerStyle is not found.
10-14 00:38:24.565 18285 18369 V XWhaleResourceRewriter: com.naver.xwhale.R$attr.splitTrack is not found.
10-14 00:38:24.565 18285 18369 V XWhaleResourceRewriter: com.naver.xwhale.R$attr.srcCompat is not found.
10-14 00:38:24.565 18285 18369 V XWhaleResourceRewriter: com.naver.xwhale.R$attr.stackFromEnd is not found.
10-14 00:38:24.565 18285 18369 V XWhaleResourceRewriter: com.naver.xwhale.R$attr.state_above_anchor is not found.
10-14 00:38:24.565 18285 18369 V XWhaleResourceRewriter: com.naver.xwhale.R$attr.statusBarBackground is not found.
10-14 00:38:24.565 18285 18369 V XWhaleResourceRewriter: com.naver.xwhale.R$attr.subMenuArrow is not found.
10-14 00:38:24.565 18285 18369 V XWhaleResourceRewriter: com.naver.xwhale.R$attr.submitBackground is not found.
10-14 00:38:24.565 18285 18369 V XWhaleResourceRewriter: com.naver.xwhale.R$attr.subtitle is not found.
10-14 00:38:24.565 18285 18369 V XWhaleResourceRewriter: com.naver.xwhale.R$attr.subtitleTextAppearance is not found.
10-14 00:38:24.565 18285 18369 V XWhaleResourceRewriter: com.naver.xwhale.R$attr.subtitleTextColor is not found.
10-14 00:38:24.566 18285 18369 V XWhaleResourceRewriter: com.naver.xwhale.R$attr.subtitleTextStyle is not found.
10-14 00:38:24.566 18285 18369 V XWhaleResourceRewriter: com.naver.xwhale.R$attr.suggestionRowLayout is not found.
10-14 00:38:24.566 18285 18369 V XWhaleResourceRewriter: com.naver.xwhale.R$attr.switchMinWidth is not found.
10-14 00:38:24.566 18285 18369 V XWhaleResourceRewriter: com.naver.xwhale.R$attr.switchPadding is not found.
10-14 00:38:24.566 18285 18369 V XWhaleResourceRewriter: com.naver.xwhale.R$attr.switchStyle is not found.
10-14 00:38:24.566 18285 18369 V XWhaleResourceRewriter: com.naver.xwhale.R$attr.switchTextAppearance is not found.
10-14 00:38:24.566 18285 18369 V XWhaleResourceRewriter: com.naver.xwhale.R$attr.textAllCaps is not found.
10-14 00:38:24.566 18285 18369 V XWhaleResourceRewriter: com.naver.xwhale.R$attr.textAppearanceLargePopupMenu is not found.
10-14 00:38:24.566 18285 18369 V XWhaleResourceRewriter: com.naver.xwhale.R$attr.textAppearanceListItem is not found.
10-14 00:38:24.566 18285 18369 V XWhaleResourceRewriter: com.naver.xwhale.R$attr.textAppearanceListItemSecondary is not found.
10-14 00:38:24.566 18285 18369 V XWhaleResourceRewriter: com.naver.xwhale.R$attr.textAppearanceListItemSmall is not found.
10-14 00:38:24.566 18285 18369 V XWhaleResourceRewriter: com.naver.xwhale.R$attr.textAppearancePopupMenuHeader is not found.
10-14 00:38:24.566 18285 18369 V XWhaleResourceRewriter: com.naver.xwhale.R$attr.textAppearanceSearchResultSubtitle is not found.
10-14 00:38:24.566 18285 18369 V XWhaleResourceRewriter: com.naver.xwhale.R$attr.textAppearanceSearchResultTitle is not found.
10-14 00:38:24.566 18285 18369 V XWhaleResourceRewriter: com.naver.xwhale.R$attr.textAppearanceSmallPopupMenu is not found.
10-14 00:38:24.566 18285 18369 V XWhaleResourceRewriter: com.naver.xwhale.R$attr.textColorAlertDialogListItem is not found.
10-14 00:38:24.566 18285 18369 V XWhaleResourceRewriter: com.naver.xwhale.R$attr.textColorSearchUrl is not found.
10-14 00:38:24.566 18285 18369 V XWhaleResourceRewriter: com.naver.xwhale.R$attr.theme is not found.
10-14 00:38:24.566 18285 18369 V XWhaleResourceRewriter: com.naver.xwhale.R$attr.thickness is not found.
10-14 00:38:24.566 18285 18369 V XWhaleResourceRewriter: com.naver.xwhale.R$attr.thumbTextPadding is not found.
10-14 00:38:24.566 18285 18369 V XWhaleResourceRewriter: com.naver.xwhale.R$attr.thumbTint is not found.
10-14 00:38:24.566 18285 18369 V XWhaleResourceRewriter: com.naver.xwhale.R$attr.thumbTintMode is not found.
10-14 00:38:24.566 18285 18369 V XWhaleResourceRewriter: com.naver.xwhale.R$attr.tickMark is not found.
10-14 00:38:24.566 18285 18369 V XWhaleResourceRewriter: com.naver.xwhale.R$attr.tickMarkTint is not found.
10-14 00:38:24.566 18285 18369 V XWhaleResourceRewriter: com.naver.xwhale.R$attr.tickMarkTintMode is not found.
10-14 00:38:24.567 18285 18369 V XWhaleResourceRewriter: com.naver.xwhale.R$attr.tint is not found.
10-14 00:38:24.567 18285 18369 V XWhaleResourceRewriter: com.naver.xwhale.R$attr.tintMode is not found.
10-14 00:38:24.567 18285 18369 V XWhaleResourceRewriter: com.naver.xwhale.R$attr.title is not found.
10-14 00:38:24.567 18285 18369 V XWhaleResourceRewriter: com.naver.xwhale.R$attr.titleMargin is not found.
10-14 00:38:24.567 18285 18369 V XWhaleResourceRewriter: com.naver.xwhale.R$attr.titleMarginBottom is not found.
10-14 00:38:24.567 18285 18369 V XWhaleResourceRewriter: com.naver.xwhale.R$attr.titleMarginEnd is not found.
10-14 00:38:24.567 18285 18369 V XWhaleResourceRewriter: com.naver.xwhale.R$attr.titleMarginStart is not found.
10-14 00:38:24.567 18285 18369 V XWhaleResourceRewriter: com.naver.xwhale.R$attr.titleMarginTop is not found.
10-14 00:38:24.567 18285 18369 V XWhaleResourceRewriter: com.naver.xwhale.R$attr.titleMargins is not found.
10-14 00:38:24.567 18285 18369 V XWhaleResourceRewriter: com.naver.xwhale.R$attr.titleTextAppearance is not found.
10-14 00:38:24.567 18285 18369 V XWhaleResourceRewriter: com.naver.xwhale.R$attr.titleTextColor is not found.
10-14 00:38:24.567 18285 18369 V XWhaleResourceRewriter: com.naver.xwhale.R$attr.titleTextStyle is not found.
10-14 00:38:24.567 18285 18369 V XWhaleResourceRewriter: com.naver.xwhale.R$attr.toolbarNavigationButtonStyle is not found.
10-14 00:38:24.567 18285 18369 V XWhaleResourceRewriter: com.naver.xwhale.R$attr.toolbarStyle is not found.
10-14 00:38:24.567 18285 18369 V XWhaleResourceRewriter: com.naver.xwhale.R$attr.tooltipForegroundColor is not found.
10-14 00:38:24.567 18285 18369 V XWhaleResourceRewriter: com.naver.xwhale.R$attr.tooltipFrameBackground is not found.
10-14 00:38:24.567 18285 18369 V XWhaleResourceRewriter: com.naver.xwhale.R$attr.tooltipText is not found.
10-14 00:38:24.567 18285 18369 V XWhaleResourceRewriter: com.naver.xwhale.R$attr.track is not found.
10-14 00:38:24.568 18285 18369 V XWhaleResourceRewriter: com.naver.xwhale.R$attr.trackTint is not found.
10-14 00:38:24.568 18285 18369 V XWhaleResourceRewriter: com.naver.xwhale.R$attr.trackTintMode is not found.
10-14 00:38:24.568 18285 18369 V XWhaleResourceRewriter: com.naver.xwhale.R$attr.ttcIndex is not found.
10-14 00:38:24.568 18285 18369 V XWhaleResourceRewriter: com.naver.xwhale.R$attr.viewInflaterClass is not found.
10-14 00:38:24.568 18285 18369 V XWhaleResourceRewriter: com.naver.xwhale.R$attr.voiceIcon is not found.
10-14 00:38:24.568 18285 18369 V XWhaleResourceRewriter: com.naver.xwhale.R$attr.windowActionBar is not found.
10-14 00:38:24.568 18285 18369 V XWhaleResourceRewriter: com.naver.xwhale.R$attr.windowActionBarOverlay is not found.
10-14 00:38:24.568 18285 18369 V XWhaleResourceRewriter: com.naver.xwhale.R$attr.windowActionModeOverlay is not found.
10-14 00:38:24.568 18285 18369 V XWhaleResourceRewriter: com.naver.xwhale.R$attr.windowFixedHeightMajor is not found.
10-14 00:38:24.568 18285 18369 V XWhaleResourceRewriter: com.naver.xwhale.R$attr.windowFixedHeightMinor is not found.
10-14 00:38:24.568 18285 18369 V XWhaleResourceRewriter: com.naver.xwhale.R$attr.windowFixedWidthMajor is not found.
10-14 00:38:24.568 18285 18369 V XWhaleResourceRewriter: com.naver.xwhale.R$attr.windowFixedWidthMinor is not found.
10-14 00:38:24.568 18285 18369 V XWhaleResourceRewriter: com.naver.xwhale.R$attr.windowMinWidthMajor is not found.
10-14 00:38:24.568 18285 18369 V XWhaleResourceRewriter: com.naver.xwhale.R$attr.windowMinWidthMinor is not found.
10-14 00:38:24.568 18285 18369 V XWhaleResourceRewriter: com.naver.xwhale.R$attr.windowNoTitle is not found.
10-14 00:38:24.570 18285 18369 V XWhaleResourceRewriter: com.naver.xwhale.R$arrayis not found.
10-14 00:38:24.571 18285 18369 V XWhaleResourceRewriter: com.naver.xwhale.R$animatoris not found.
10-14 00:38:24.572 18285 18369 V XWhaleResourceRewriter: com.naver.xwhale.R$animis not found.
10-14 00:38:24.573 18334 18389 D appstatelogger: Tracking self-SIGKILLs for all of FADv2 rather than just FADv1
10-14 00:38:24.573 18285 18369 V XWhaleResourceRewriter: com.naver.xwhale.R$xmlis not found.
10-14 00:38:24.574 18285 18369 V XWhaleResourceRewriter: com.naver.xwhale.R$transitionis not found.
10-14 00:38:24.575 18285 18369 V XWhaleResourceRewriter: com.naver.xwhale.R$styleable.ActionBar is not found.
10-14 00:38:24.575 18285 18369 V XWhaleResourceRewriter: com.naver.xwhale.R$styleable.ActionBarLayout is not found.
10-14 00:38:24.575 18285 18369 V XWhaleResourceRewriter: com.naver.xwhale.R$styleable.ActionBarLayout_android_layout_gravity is not found.
10-14 00:38:24.575 18285 18369 V XWhaleResourceRewriter: com.naver.xwhale.R$styleable.ActionBar_background is not found.
10-14 00:38:24.575 18285 18369 V XWhaleResourceRewriter: com.naver.xwhale.R$styleable.ActionBar_backgroundSplit is not found.
10-14 00:38:24.575 18285 18369 V XWhaleResourceRewriter: com.naver.xwhale.R$styleable.ActionBar_backgroundStacked is not found.
10-14 00:38:24.575 18285 18369 V XWhaleResourceRewriter: com.naver.xwhale.R$styleable.ActionBar_contentInsetEnd is not found.
10-14 00:38:24.575 18285 18369 V XWhaleResourceRewriter: com.naver.xwhale.R$styleable.ActionBar_contentInsetEndWithActions is not found.
10-14 00:38:24.575 18285 18369 V XWhaleResourceRewriter: com.naver.xwhale.R$styleable.ActionBar_contentInsetLeft is not found.
10-14 00:38:24.575 18285 18369 V XWhaleResourceRewriter: com.naver.xwhale.R$styleable.ActionBar_contentInsetRight is not found.
10-14 00:38:24.575 18285 18369 V XWhaleResourceRewriter: com.naver.xwhale.R$styleable.ActionBar_contentInsetStart is not found.
10-14 00:38:24.575 18285 18369 V XWhaleResourceRewriter: com.naver.xwhale.R$styleable.ActionBar_contentInsetStartWithNavigation is not found.
10-14 00:38:24.575 18285 18369 V XWhaleResourceRewriter: com.naver.xwhale.R$styleable.ActionBar_customNavigationLayout is not found.
10-14 00:38:24.576 18285 18369 V XWhaleResourceRewriter: com.naver.xwhale.R$styleable.ActionBar_displayOptions is not found.
10-14 00:38:24.576 18285 18369 V XWhaleResourceRewriter: com.naver.xwhale.R$styleable.ActionBar_divider is not found.
10-14 00:38:24.576 18285 18369 V XWhaleResourceRewriter: com.naver.xwhale.R$styleable.ActionBar_elevation is not found.
10-14 00:38:24.576 18285 18369 V XWhaleResourceRewriter: com.naver.xwhale.R$styleable.ActionBar_height is not found.
10-14 00:38:24.576 18285 18369 V XWhaleResourceRewriter: com.naver.xwhale.R$styleable.ActionBar_hideOnContentScroll is not found.
10-14 00:38:24.576 18285 18369 V XWhaleResourceRewriter: com.naver.xwhale.R$styleable.ActionBar_homeAsUpIndicator is not found.
10-14 00:38:24.576 18285 18369 V XWhaleResourceRewriter: com.naver.xwhale.R$styleable.ActionBar_homeLayout is not found.
10-14 00:38:24.576 18285 18369 V XWhaleResourceRewriter: com.naver.xwhale.R$styleable.ActionBar_icon is not found.
10-14 00:38:24.576 18285 18369 V XWhaleResourceRewriter: com.naver.xwhale.R$styleable.ActionBar_indeterminateProgressStyle is not found.
10-14 00:38:24.576 18285 18369 V XWhaleResourceRewriter: com.naver.xwhale.R$styleable.ActionBar_itemPadding is not found.
10-14 00:38:24.576 18285 18369 V XWhaleResourceRewriter: com.naver.xwhale.R$styleable.ActionBar_logo is not found.
10-14 00:38:24.576 18285 18369 V XWhaleResourceRewriter: com.naver.xwhale.R$styleable.ActionBar_navigationMode is not found.
10-14 00:38:24.576 18285 18369 V XWhaleResourceRewriter: com.naver.xwhale.R$styleable.ActionBar_popupTheme is not found.
10-14 00:38:24.576 18285 18369 V XWhaleResourceRewriter: com.naver.xwhale.R$styleable.ActionBar_progressBarPadding is not found.
10-14 00:38:24.576 18285 18369 V XWhaleResourceRewriter: com.naver.xwhale.R$styleable.ActionBar_progressBarStyle is not found.
10-14 00:38:24.576 18285 18369 V XWhaleResourceRewriter: com.naver.xwhale.R$styleable.ActionBar_subtitle is not found.
10-14 00:38:24.576 18285 18369 V XWhaleResourceRewriter: com.naver.xwhale.R$styleable.ActionBar_subtitleTextStyle is not found.
10-14 00:38:24.576 18285 18369 V XWhaleResourceRewriter: com.naver.xwhale.R$styleable.ActionBar_title is not found.
10-14 00:38:24.576 18285 18369 V XWhaleResourceRewriter: com.naver.xwhale.R$styleable.ActionBar_titleTextStyle is not found.
10-14 00:38:24.577 18285 18369 V XWhaleResourceRewriter: com.naver.xwhale.R$styleable.ActionMenuItemView is not found.
10-14 00:38:24.577 18285 18369 V XWhaleResourceRewriter: com.naver.xwhale.R$styleable.ActionMenuItemView_android_minWidth is not found.
10-14 00:38:24.577 18285 18369 V XWhaleResourceRewriter: com.naver.xwhale.R$styleable.ActionMenuView is not found.
10-14 00:38:24.577 18285 18369 V XWhaleResourceRewriter: com.naver.xwhale.R$styleable.ActionMode is not found.
10-14 00:38:24.577 18285 18369 V XWhaleResourceRewriter: com.naver.xwhale.R$styleable.ActionMode_background is not found.
10-14 00:38:24.577 18285 18369 V XWhaleResourceRewriter: com.naver.xwhale.R$styleable.ActionMode_backgroundSplit is not found.
10-14 00:38:24.577 18285 18369 V XWhaleResourceRewriter: com.naver.xwhale.R$styleable.ActionMode_closeItemLayout is not found.
10-14 00:38:24.577 18285 18369 V XWhaleResourceRewriter: com.naver.xwhale.R$styleable.ActionMode_height is not found.
10-14 00:38:24.577 18285 18369 V XWhaleResourceRewriter: com.naver.xwhale.R$styleable.ActionMode_subtitleTextStyle is not found.
10-14 00:38:24.577 18285 18369 V XWhaleResourceRewriter: com.naver.xwhale.R$styleable.ActionMode_titleTextStyle is not found.
10-14 00:38:24.577 18285 18369 V XWhaleResourceRewriter: com.naver.xwhale.R$styleable.ActivityChooserView is not found.
10-14 00:38:24.577 18285 18369 V XWhaleResourceRewriter: com.naver.xwhale.R$styleable.ActivityChooserView_expandActivityOverflowButtonDrawable is not found.
10-14 00:38:24.577 18285 18369 V XWhaleResourceRewriter: com.naver.xwhale.R$styleable.ActivityChooserView_initialActivityCount is not found.
10-14 00:38:24.577 18285 18369 V XWhaleResourceRewriter: com.naver.xwhale.R$styleable.AlertDialog is not found.
10-14 00:38:24.577 18285 18369 V XWhaleResourceRewriter: com.naver.xwhale.R$styleable.AlertDialog_android_layout is not found.
10-14 00:38:24.577 18285 18369 V XWhaleResourceRewriter: com.naver.xwhale.R$styleable.AlertDialog_buttonIconDimen is not found.
10-14 00:38:24.577 18285 18369 V XWhaleResourceRewriter: com.naver.xwhale.R$styleable.AlertDialog_buttonPanelSideLayout is not found.
10-14 00:38:24.577 18285 18369 V XWhaleResourceRewriter: com.naver.xwhale.R$styleable.AlertDialog_listItemLayout is not found.
10-14 00:38:24.577 18285 18369 V XWhaleResourceRewriter: com.naver.xwhale.R$styleable.AlertDialog_listLayout is not found.
10-14 00:38:24.577 18285 18369 V XWhaleResourceRewriter: com.naver.xwhale.R$styleable.AlertDialog_multiChoiceItemLayout is not found.
10-14 00:38:24.577 18285 18369 V XWhaleResourceRewriter: com.naver.xwhale.R$styleable.AlertDialog_showTitle is not found.
10-14 00:38:24.577 18285 18369 V XWhaleResourceRewriter: com.naver.xwhale.R$styleable.AlertDialog_singleChoiceItemLayout is not found.
10-14 00:38:24.578 18285 18369 V XWhaleResourceRewriter: com.naver.xwhale.R$styleable.AnimatedStateListDrawableCompat is not found.
10-14 00:38:24.578 18285 18369 V XWhaleResourceRewriter: com.naver.xwhale.R$styleable.AnimatedStateListDrawableCompat_android_constantSize is not found.
10-14 00:38:24.578 18285 18369 V XWhaleResourceRewriter: com.naver.xwhale.R$styleable.AnimatedStateListDrawableCompat_android_dither is not found.
10-14 00:38:24.578 18285 18369 V XWhaleResourceRewriter: com.naver.xwhale.R$styleable.AnimatedStateListDrawableCompat_android_enterFadeDuration is not found.
10-14 00:38:24.578 18285 18369 V XWhaleResourceRewriter: com.naver.xwhale.R$styleable.AnimatedStateListDrawableCompat_android_exitFadeDuration is not found.
10-14 00:38:24.578 18285 18369 V XWhaleResourceRewriter: com.naver.xwhale.R$styleable.AnimatedStateListDrawableCompat_android_variablePadding is not found.
10-14 00:38:24.578 18285 18369 V XWhaleResourceRewriter: com.naver.xwhale.R$styleable.AnimatedStateListDrawableCompat_android_visible is not found.
10-14 00:38:24.578 18285 18369 V XWhaleResourceRewriter: com.naver.xwhale.R$styleable.AnimatedStateListDrawableItem is not found.
10-14 00:38:24.578 18285 18369 V XWhaleResourceRewriter: com.naver.xwhale.R$styleable.AnimatedStateListDrawableItem_android_drawable is not found.
10-14 00:38:24.578 18285 18369 V XWhaleResourceRewriter: com.naver.xwhale.R$styleable.AnimatedStateListDrawableItem_android_id is not found.
10-14 00:38:24.578 18285 18369 V XWhaleResourceRewriter: com.naver.xwhale.R$styleable.AnimatedStateListDrawableTransition is not found.
10-14 00:38:24.578 18285 18369 V XWhaleResourceRewriter: com.naver.xwhale.R$styleable.AnimatedStateListDrawableTransition_android_drawable is not found.
10-14 00:38:24.578 18285 18369 V XWhaleResourceRewriter: com.naver.xwhale.R$styleable.AnimatedStateListDrawableTransition_android_fromId is not found.
10-14 00:38:24.578 18285 18369 V XWhaleResourceRewriter: com.naver.xwhale.R$styleable.AnimatedStateListDrawableTransition_android_reversible is not found.
10-14 00:38:24.578 18285 18369 V XWhaleResourceRewriter: com.naver.xwhale.R$styleable.AnimatedStateListDrawableTransition_android_toId is not found.
10-14 00:38:24.578 18285 18369 V XWhaleResourceRewriter: com.naver.xwhale.R$styleable.AppCompatImageView is not found.
10-14 00:38:24.578 18285 18369 V XWhaleResourceRewriter: com.naver.xwhale.R$styleable.AppCompatImageView_android_src is not found.
10-14 00:38:24.578 18285 18369 V XWhaleResourceRewriter: com.naver.xwhale.R$styleable.AppCompatImageView_srcCompat is not found.
10-14 00:38:24.578 18285 18369 V XWhaleResourceRewriter: com.naver.xwhale.R$styleable.AppCompatImageView_tint is not found.
10-14 00:38:24.578 18285 18369 V XWhaleResourceRewriter: com.naver.xwhale.R$styleable.AppCompatImageView_tintMode is not found.
10-14 00:38:24.579 18285 18369 V XWhaleResourceRewriter: com.naver.xwhale.R$styleable.AppCompatSeekBar is not found.
10-14 00:38:24.579 18285 18369 V XWhaleResourceRewriter: com.naver.xwhale.R$styleable.AppCompatSeekBar_android_thumb is not found.
10-14 00:38:24.579 18334 18389 W Ditto   : Ditto initialized, state = DittoState{build id=249604803;in QE=false;enable ditto=false;patch name=;override=none;crash mitigation detected=false}; identifier = null
10-14 00:38:24.579 18285 18369 V XWhaleResourceRewriter: com.naver.xwhale.R$styleable.AppCompatSeekBar_tickMark is not found.
10-14 00:38:24.579 18285 18369 V XWhaleResourceRewriter: com.naver.xwhale.R$styleable.AppCompatSeekBar_tickMarkTint is not found.
10-14 00:38:24.579 18285 18369 V XWhaleResourceRewriter: com.naver.xwhale.R$styleable.AppCompatSeekBar_tickMarkTintMode is not found.
10-14 00:38:24.579 18285 18369 V XWhaleResourceRewriter: com.naver.xwhale.R$styleable.AppCompatTextHelper is not found.
10-14 00:38:24.579 18285 18369 V XWhaleResourceRewriter: com.naver.xwhale.R$styleable.AppCompatTextHelper_android_drawableBottom is not found.
10-14 00:38:24.579 18285 18369 V XWhaleResourceRewriter: com.naver.xwhale.R$styleable.AppCompatTextHelper_android_drawableEnd is not found.
10-14 00:38:24.579 18285 18369 V XWhaleResourceRewriter: com.naver.xwhale.R$styleable.AppCompatTextHelper_android_drawableLeft is not found.
10-14 00:38:24.579 18285 18369 V XWhaleResourceRewriter: com.naver.xwhale.R$styleable.AppCompatTextHelper_android_drawableRight is not found.
10-14 00:38:24.579 18285 18369 V XWhaleResourceRewriter: com.naver.xwhale.R$styleable.AppCompatTextHelper_android_drawableStart is not found.
10-14 00:38:24.579 18285 18369 V XWhaleResourceRewriter: com.naver.xwhale.R$styleable.AppCompatTextHelper_android_drawableTop is not found.
10-14 00:38:24.579 18285 18369 V XWhaleResourceRewriter: com.naver.xwhale.R$styleable.AppCompatTextHelper_android_textAppearance is not found.
10-14 00:38:24.579 18285 18369 V XWhaleResourceRewriter: com.naver.xwhale.R$styleable.AppCompatTextView is not found.
10-14 00:38:24.579 18285 18369 V XWhaleResourceRewriter: com.naver.xwhale.R$styleable.AppCompatTextView_android_textAppearance is not found.
10-14 00:38:24.579 18285 18369 V XWhaleResourceRewriter: com.naver.xwhale.R$styleable.AppCompatTextView_autoSizeMaxTextSize is not found.
10-14 00:38:24.579 18285 18369 V XWhaleResourceRewriter: com.naver.xwhale.R$styleable.AppCompatTextView_autoSizeMinTextSize is not found.
10-14 00:38:24.579 18285 18369 V XWhaleResourceRewriter: com.naver.xwhale.R$styleable.AppCompatTextView_autoSizePresetSizes is not found.
10-14 00:38:24.579 18285 18369 V XWhaleResourceRewriter: com.naver.xwhale.R$styleable.AppCompatTextView_autoSizeStepGranularity is not found.
10-14 00:38:24.579 18285 18369 V XWhaleResourceRewriter: com.naver.xwhale.R$styleable.AppCompatTextView_autoSizeTextType is not found.
10-14 00:38:24.580 18285 18369 V XWhaleResourceRewriter: com.naver.xwhale.R$styleable.AppCompatTextView_firstBaselineToTopHeight is not found.
10-14 00:38:24.580 18285 18369 V XWhaleResourceRewriter: com.naver.xwhale.R$styleable.AppCompatTextView_fontFamily is not found.
10-14 00:38:24.580 18285 18369 V XWhaleResourceRewriter: com.naver.xwhale.R$styleable.AppCompatTextView_lastBaselineToBottomHeight is not found.
10-14 00:38:24.580 18285 18369 V XWhaleResourceRewriter: com.naver.xwhale.R$styleable.AppCompatTextView_lineHeight is not found.
10-14 00:38:24.580 18285 18369 V XWhaleResourceRewriter: com.naver.xwhale.R$styleable.AppCompatTextView_textAllCaps is not found.
10-14 00:38:24.580 18285 18369 V XWhaleResourceRewriter: com.naver.xwhale.R$styleable.AppCompatTheme is not found.
10-14 00:38:24.580 18285 18369 V XWhaleResourceRewriter: com.naver.xwhale.R$styleable.AppCompatTheme_actionBarDivider is not found.
10-14 00:38:24.580 18285 18369 V XWhaleResourceRewriter: com.naver.xwhale.R$styleable.AppCompatTheme_actionBarItemBackground is not found.
10-14 00:38:24.580 18285 18369 V XWhaleResourceRewriter: com.naver.xwhale.R$styleable.AppCompatTheme_actionBarPopupTheme is not found.
10-14 00:38:24.580 18285 18369 V XWhaleResourceRewriter: com.naver.xwhale.R$styleable.AppCompatTheme_actionBarSize is not found.
10-14 00:38:24.580 18285 18369 V XWhaleResourceRewriter: com.naver.xwhale.R$styleable.AppCompatTheme_actionBarSplitStyle is not found.
10-14 00:38:24.580 18285 18369 V XWhaleResourceRewriter: com.naver.xwhale.R$styleable.AppCompatTheme_actionBarStyle is not found.
10-14 00:38:24.580 18285 18369 V XWhaleResourceRewriter: com.naver.xwhale.R$styleable.AppCompatTheme_actionBarTabBarStyle is not found.
10-14 00:38:24.580 18285 18369 V XWhaleResourceRewriter: com.naver.xwhale.R$styleable.AppCompatTheme_actionBarTabStyle is not found.
10-14 00:38:24.580 18285 18369 V XWhaleResourceRewriter: com.naver.xwhale.R$styleable.AppCompatTheme_actionBarTabTextStyle is not found.
10-14 00:38:24.580 18285 18369 V XWhaleResourceRewriter: com.naver.xwhale.R$styleable.AppCompatTheme_actionBarTheme is not found.
10-14 00:38:24.580 18285 18369 V XWhaleResourceRewriter: com.naver.xwhale.R$styleable.AppCompatTheme_actionBarWidgetTheme is not found.
10-14 00:38:24.580 18285 18369 V XWhaleResourceRewriter: com.naver.xwhale.R$styleable.AppCompatTheme_actionButtonStyle is not found.
10-14 00:38:24.580 18285 18369 V XWhaleResourceRewriter: com.naver.xwhale.R$styleable.AppCompatTheme_actionDropDownStyle is not found.
10-14 00:38:24.581 18285 18369 V XWhaleResourceRewriter: com.naver.xwhale.R$styleable.AppCompatTheme_actionMenuTextAppearance is not found.
10-14 00:38:24.581 18285 18369 V XWhaleResourceRewriter: com.naver.xwhale.R$styleable.AppCompatTheme_actionMenuTextColor is not found.
10-14 00:38:24.581 18285 18369 V XWhaleResourceRewriter: com.naver.xwhale.R$styleable.AppCompatTheme_actionModeBackground is not found.
10-14 00:38:24.581 18285 18369 V XWhaleResourceRewriter: com.naver.xwhale.R$styleable.AppCompatTheme_actionModeCloseButtonStyle is not found.
10-14 00:38:24.581 18285 18369 V XWhaleResourceRewriter: com.naver.xwhale.R$styleable.AppCompatTheme_actionModeCloseDrawable is not found.
10-14 00:38:24.581 18285 18369 V XWhaleResourceRewriter: com.naver.xwhale.R$styleable.AppCompatTheme_actionModeCopyDrawable is not found.
10-14 00:38:24.581 18285 18369 V XWhaleResourceRewriter: com.naver.xwhale.R$styleable.AppCompatTheme_actionModeCutDrawable is not found.
10-14 00:38:24.581 18285 18369 V XWhaleResourceRewriter: com.naver.xwhale.R$styleable.AppCompatTheme_actionModeFindDrawable is not found.
10-14 00:38:24.581 18285 18369 V XWhaleResourceRewriter: com.naver.xwhale.R$styleable.AppCompatTheme_actionModePasteDrawable is not found.
10-14 00:38:24.581 18285 18369 V XWhaleResourceRewriter: com.naver.xwhale.R$styleable.AppCompatTheme_actionModePopupWindowStyle is not found.
10-14 00:38:24.581 18285 18369 V XWhaleResourceRewriter: com.naver.xwhale.R$styleable.AppCompatTheme_actionModeSelectAllDrawable is not found.
10-14 00:38:24.581 18285 18369 V XWhaleResourceRewriter: com.naver.xwhale.R$styleable.AppCompatTheme_actionModeShareDrawable is not found.
10-14 00:38:24.581 18285 18369 V XWhaleResourceRewriter: com.naver.xwhale.R$styleable.AppCompatTheme_actionModeSplitBackground is not found.
10-14 00:38:24.581 18285 18369 V XWhaleResourceRewriter: com.naver.xwhale.R$styleable.AppCompatTheme_actionModeStyle is not found.
10-14 00:38:24.581 18285 18369 V XWhaleResourceRewriter: com.naver.xwhale.R$styleable.AppCompatTheme_actionModeWebSearchDrawable is not found.
10-14 00:38:24.581 18285 18369 V XWhaleResourceRewriter: com.naver.xwhale.R$styleable.AppCompatTheme_actionOverflowButtonStyle is not found.
10-14 00:38:24.581 18285 18369 V XWhaleResourceRewriter: com.naver.xwhale.R$styleable.AppCompatTheme_actionOverflowMenuStyle is not found.
10-14 00:38:24.581 18285 18369 V XWhaleResourceRewriter: com.naver.xwhale.R$styleable.AppCompatTheme_activityChooserViewStyle is not found.
10-14 00:38:24.581 18285 18369 V XWhaleResourceRewriter: com.naver.xwhale.R$styleable.AppCompatTheme_alertDialogButtonGroupStyle is not found.
10-14 00:38:24.581 18285 18369 V XWhaleResourceRewriter: com.naver.xwhale.R$styleable.AppCompatTheme_alertDialogCenterButtons is not found.
10-14 00:38:24.582 18285 18369 V XWhaleResourceRewriter: com.naver.xwhale.R$styleable.AppCompatTheme_alertDialogStyle is not found.
10-14 00:38:24.582 18285 18369 V XWhaleResourceRewriter: com.naver.xwhale.R$styleable.AppCompatTheme_alertDialogTheme is not found.
10-14 00:38:24.582 18285 18369 V XWhaleResourceRewriter: com.naver.xwhale.R$styleable.AppCompatTheme_android_windowAnimationStyle is not found.
10-14 00:38:24.582 18285 18369 V XWhaleResourceRewriter: com.naver.xwhale.R$styleable.AppCompatTheme_android_windowIsFloating is not found.
10-14 00:38:24.582 18285 18369 V XWhaleResourceRewriter: com.naver.xwhale.R$styleable.AppCompatTheme_autoCompleteTextViewStyle is not found.
10-14 00:38:24.582 18285 18369 V XWhaleResourceRewriter: com.naver.xwhale.R$styleable.AppCompatTheme_borderlessButtonStyle is not found.
10-14 00:38:24.582 18285 18369 V XWhaleResourceRewriter: com.naver.xwhale.R$styleable.AppCompatTheme_buttonBarButtonStyle is not found.
10-14 00:38:24.582 18285 18369 V XWhaleResourceRewriter: com.naver.xwhale.R$styleable.AppCompatTheme_buttonBarNegativeButtonStyle is not found.
10-14 00:38:24.582 18285 18369 V XWhaleResourceRewriter: com.naver.xwhale.R$styleable.AppCompatTheme_buttonBarNeutralButtonStyle is not found.
10-14 00:38:24.582 18285 18369 V XWhaleResourceRewriter: com.naver.xwhale.R$styleable.AppCompatTheme_buttonBarPositiveButtonStyle is not found.
10-14 00:38:24.582 18285 18369 V XWhaleResourceRewriter: com.naver.xwhale.R$styleable.AppCompatTheme_buttonBarStyle is not found.
10-14 00:38:24.582 18285 18369 V XWhaleResourceRewriter: com.naver.xwhale.R$styleable.AppCompatTheme_buttonStyle is not found.
10-14 00:38:24.582 18334 18397 W FileBasedMultiProcessTracker: <default>: Initializing FileBasedMultiProcessTracking using /data/user/0/com.facebook.katana/app_multiprocess_tracking
10-14 00:38:24.582 18285 18369 V XWhaleResourceRewriter: com.naver.xwhale.R$styleable.AppCompatTheme_buttonStyleSmall is not found.
10-14 00:38:24.582 18285 18369 V XWhaleResourceRewriter: com.naver.xwhale.R$styleable.AppCompatTheme_checkboxStyle is not found.
10-14 00:38:24.582 18334 18397 W FileBasedMultiProcessTracker: <default>: Creating file to track 18334
10-14 00:38:24.582 18285 18369 V XWhaleResourceRewriter: com.naver.xwhale.R$styleable.AppCompatTheme_checkedTextViewStyle is not found.
10-14 00:38:24.582 18285 18369 V XWhaleResourceRewriter: com.naver.xwhale.R$styleable.AppCompatTheme_colorAccent is not found.
10-14 00:38:24.582 18285 18369 V XWhaleResourceRewriter: com.naver.xwhale.R$styleable.AppCompatTheme_colorBackgroundFloating is not found.
10-14 00:38:24.582 18285 18369 V XWhaleResourceRewriter: com.naver.xwhale.R$styleable.AppCompatTheme_colorButtonNormal is not found.
10-14 00:38:24.582 18285 18369 V XWhaleResourceRewriter: com.naver.xwhale.R$styleable.AppCompatTheme_colorControlActivated is not found.
10-14 00:38:24.582 18285 18369 V XWhaleResourceRewriter: com.naver.xwhale.R$styleable.AppCompatTheme_colorControlHighlight is not found.
10-14 00:38:24.585 18285 18369 V XWhaleResourceRewriter: com.naver.xwhale.R$styleable.AppCompatTheme_colorControlNormal is not found.
10-14 00:38:24.586 18285 18369 V XWhaleResourceRewriter: com.naver.xwhale.R$styleable.AppCompatTheme_colorError is not found.
10-14 00:38:24.586 18285 18369 V XWhaleResourceRewriter: com.naver.xwhale.R$styleable.AppCompatTheme_colorPrimary is not found.
10-14 00:38:24.586 18285 18369 V XWhaleResourceRewriter: com.naver.xwhale.R$styleable.AppCompatTheme_colorPrimaryDark is not found.
10-14 00:38:24.586 18285 18369 V XWhaleResourceRewriter: com.naver.xwhale.R$styleable.AppCompatTheme_colorSwitchThumbNormal is not found.
10-14 00:38:24.586 18285 18369 V XWhaleResourceRewriter: com.naver.xwhale.R$styleable.AppCompatTheme_controlBackground is not found.
10-14 00:38:24.586 18285 18369 V XWhaleResourceRewriter: com.naver.xwhale.R$styleable.AppCompatTheme_dialogCornerRadius is not found.
10-14 00:38:24.586 18285 18369 V XWhaleResourceRewriter: com.naver.xwhale.R$styleable.AppCompatTheme_dialogPreferredPadding is not found.
10-14 00:38:24.586 18285 18369 V XWhaleResourceRewriter: com.naver.xwhale.R$styleable.AppCompatTheme_dialogTheme is not found.
10-14 00:38:24.586 18285 18369 V XWhaleResourceRewriter: com.naver.xwhale.R$styleable.AppCompatTheme_dividerHorizontal is not found.
10-14 00:38:24.586 18285 18369 V XWhaleResourceRewriter: com.naver.xwhale.R$styleable.AppCompatTheme_dividerVertical is not found.
10-14 00:38:24.586 18285 18369 V XWhaleResourceRewriter: com.naver.xwhale.R$styleable.AppCompatTheme_dropDownListViewStyle is not found.
10-14 00:38:24.586 18285 18369 V XWhaleResourceRewriter: com.naver.xwhale.R$styleable.AppCompatTheme_dropdownListPreferredItemHeight is not found.
10-14 00:38:24.586 18285 18369 V XWhaleResourceRewriter: com.naver.xwhale.R$styleable.AppCompatTheme_editTextBackground is not found.
10-14 00:38:24.586 18285 18369 V XWhaleResourceRewriter: com.naver.xwhale.R$styleable.AppCompatTheme_editTextColor is not found.
10-14 00:38:24.586 18285 18369 V XWhaleResourceRewriter: com.naver.xwhale.R$styleable.AppCompatTheme_editTextStyle is not found.
10-14 00:38:24.586 18285 18369 V XWhaleResourceRewriter: com.naver.xwhale.R$styleable.AppCompatTheme_homeAsUpIndicator is not found.
10-14 00:38:24.586 18285 18369 V XWhaleResourceRewriter: com.naver.xwhale.R$styleable.AppCompatTheme_imageButtonStyle is not found.
10-14 00:38:24.587 18285 18369 V XWhaleResourceRewriter: com.naver.xwhale.R$styleable.AppCompatTheme_listChoiceBackgroundIndicator is not found.
10-14 00:38:24.587 18285 18369 V XWhaleResourceRewriter: com.naver.xwhale.R$styleable.AppCompatTheme_listDividerAlertDialog is not found.
10-14 00:38:24.587 18285 18369 V XWhaleResourceRewriter: com.naver.xwhale.R$styleable.AppCompatTheme_listMenuViewStyle is not found.
10-14 00:38:24.587 18285 18369 V XWhaleResourceRewriter: com.naver.xwhale.R$styleable.AppCompatTheme_listPopupWindowStyle is not found.
10-14 00:38:24.587 18285 18369 V XWhaleResourceRewriter: com.naver.xwhale.R$styleable.AppCompatTheme_listPreferredItemHeight is not found.
10-14 00:38:24.587 18285 18369 V XWhaleResourceRewriter: com.naver.xwhale.R$styleable.AppCompatTheme_listPreferredItemHeightLarge is not found.
10-14 00:38:24.587 18285 18369 V XWhaleResourceRewriter: com.naver.xwhale.R$styleable.AppCompatTheme_listPreferredItemHeightSmall is not found.
10-14 00:38:24.587 18285 18369 V XWhaleResourceRewriter: com.naver.xwhale.R$styleable.AppCompatTheme_listPreferredItemPaddingLeft is not found.
10-14 00:38:24.587 18285 18369 V XWhaleResourceRewriter: com.naver.xwhale.R$styleable.AppCompatTheme_listPreferredItemPaddingRight is not found.
10-14 00:38:24.587 18285 18369 V XWhaleResourceRewriter: com.naver.xwhale.R$styleable.AppCompatTheme_panelBackground is not found.
10-14 00:38:24.587 18285 18369 V XWhaleResourceRewriter: com.naver.xwhale.R$styleable.AppCompatTheme_panelMenuListTheme is not found.
10-14 00:38:24.587 18285 18369 V XWhaleResourceRewriter: com.naver.xwhale.R$styleable.AppCompatTheme_panelMenuListWidth is not found.
10-14 00:38:24.587 18285 18369 V XWhaleResourceRewriter: com.naver.xwhale.R$styleable.AppCompatTheme_popupMenuStyle is not found.
10-14 00:38:24.587 18285 18369 V XWhaleResourceRewriter: com.naver.xwhale.R$styleable.AppCompatTheme_popupWindowStyle is not found.
10-14 00:38:24.587 18285 18369 V XWhaleResourceRewriter: com.naver.xwhale.R$styleable.AppCompatTheme_radioButtonStyle is not found.
10-14 00:38:24.587 18285 18369 V XWhaleResourceRewriter: com.naver.xwhale.R$styleable.AppCompatTheme_ratingBarStyle is not found.
10-14 00:38:24.587 18285 18369 V XWhaleResourceRewriter: com.naver.xwhale.R$styleable.AppCompatTheme_ratingBarStyleIndicator is not found.
10-14 00:38:24.587 18285 18369 V XWhaleResourceRewriter: com.naver.xwhale.R$styleable.AppCompatTheme_ratingBarStyleSmall is not found.
10-14 00:38:24.587 18285 18369 V XWhaleResourceRewriter: com.naver.xwhale.R$styleable.AppCompatTheme_searchViewStyle is not found.
