--------- beginning of main
10-14 00:37:06.526  4078  4078 D skia    : --- Failed to create image decoder with message 'unimplemented'
10-14 00:37:06.551  4078  4078 D skia    : --- Failed to create image decoder with message 'unimplemented'
--------- beginning of system
10-14 00:37:09.529  2953 18154 I ActivityManager: Killing 10461:com.google.android.gms.ui/u0a64 (adj 906): empty #17
10-14 00:37:09.529  2953  2972 W libprocessgroup: kill(-10461, 9) failed: No such process
10-14 00:37:09.574  2740  2740 I Zygote  : Process 10461 exited due to signal (9)
10-14 00:37:09.577  2953  2972 W libprocessgroup: kill(-10461, 9) failed: No such process
10-14 00:37:09.578  2953  2972 I libprocessgroup: Successfully killed process cgroup uid 10064 pid 10461 in 48ms
10-14 00:37:16.554  4078  4078 D skia    : --- Failed to create image decoder with message 'unimplemented'
10-14 00:37:16.566  4078  4078 D skia    : --- Failed to create image decoder with message 'unimplemented'
10-14 00:37:19.979  2760  2760 I memtrack@1.0-se: type=1400 audit(0.0:1213): avc: denied { read } for name="mem_profile" dev="debugfs" ino=112882 scontext=u:r:hal_memtrack_default:s0 tcontext=u:object_r:debugfs:s0 tclass=file permissive=1
10-14 00:37:19.979  2760  2760 I memtrack@1.0-se: type=1400 audit(0.0:1214): avc: denied { open } for path="/sys/kernel/debug/mali0/ctx/11469_28/mem_profile" dev="debugfs" ino=112882 scontext=u:r:hal_memtrack_default:s0 tcontext=u:object_r:debugfs:s0 tclass=file permissive=1
10-14 00:37:19.979  2760  2760 I memtrack@1.0-se: type=1400 audit(0.0:1215): avc: denied { getattr } for path="/sys/kernel/debug/mali0/ctx/11469_28/mem_profile" dev="debugfs" ino=112882 scontext=u:r:hal_memtrack_default:s0 tcontext=u:object_r:debugfs:s0 tclass=file permissive=1
10-14 00:37:20.454  2953  3738 D ConnectivityService: requestNetwork for uid/pid:10023/6841 NetworkRequest [ TRACK_DEFAULT id=151, [ Capabilities: INTERNET&NOT_RESTRICTED&TRUSTED Unwanted:  Uid: 10023] ]
10-14 00:37:20.456  2953  3062 D Ethernet: got request NetworkRequest [ TRACK_DEFAULT id=151, [ Capabilities: INTERNET&NOT_RESTRICTED&TRUSTED Unwanted:  Uid: 10023] ] with score 70
10-14 00:37:20.456  2953  3039 D WIFI    : got request NetworkRequest [ TRACK_DEFAULT id=151, [ Capabilities: INTERNET&NOT_RESTRICTED&TRUSTED Unwanted:  Uid: 10023] ] with score 70
10-14 00:37:20.456  2953  3039 D WIFI_UT : got request NetworkRequest [ TRACK_DEFAULT id=151, [ Capabilities: INTERNET&NOT_RESTRICTED&TRUSTED Unwanted:  Uid: 10023] ] with score 70
10-14 00:37:20.457  3169  3169 D PhoneSwitcherNetworkRequstListener: got request NetworkRequest [ TRACK_DEFAULT id=151, [ Capabilities: INTERNET&NOT_RESTRICTED&TRUSTED Unwanted:  Uid: 10023] ] with score 70
10-14 00:37:20.461  2953  2969 E NotificationService: Suppressing notification from package by user request.
10-14 00:37:20.464  2953  3042 D ConnectivityService: releasing NetworkRequest [ TRACK_DEFAULT id=151, [ Capabilities: INTERNET&NOT_RESTRICTED&TRUSTED Unwanted:  Uid: 10023] ] (release request)
10-14 00:37:26.578  4078  4078 D skia    : --- Failed to create image decoder with message 'unimplemented'
10-14 00:37:36.595  4078  4078 I chatty  : uid=10079(com.antutu.ABenchMark) identical 2 lines
10-14 00:37:36.599  4078  4078 I tutu.ABenchMark: type=1400 audit(0.0:1216): avc: denied { open } for path="/proc/stat" dev="proc" ino=4026531957 scontext=u:r:untrusted_app_27:s0:c512,c768 tcontext=u:object_r:proc_stat:s0 tclass=file permissive=1
10-14 00:37:36.599  4078  4078 I tutu.ABenchMark: type=1400 audit(0.0:1217): avc: denied { getattr } for path="/proc/stat" dev="proc" ino=4026531957 scontext=u:r:untrusted_app_27:s0:c512,c768 tcontext=u:object_r:proc_stat:s0 tclass=file permissive=1
10-14 00:37:36.606  4078  4078 D skia    : --- Failed to create image decoder with message 'unimplemented'
10-14 00:37:37.428 11266 11266 I Finsky  : [2] ablf.onStartJob(3): SCH: onJobSchedulerWakeup with jobId 9009
10-14 00:37:37.429 11266 11266 I Finsky  : [2] abgo.a(9): SCH: Scheduling fallback job with id: 9034, and delay: 43200000 ms
10-14 00:37:37.431 11266 11266 I Finsky  : [2] abgo.b(9): SCH: Scheduling fallback in 64799999 (absolute: 66309297)
10-14 00:37:37.617 11266 11266 I Finsky  : [2] abgx.handleMessage(8): SCH: DeviceState: DeviceState{currentTime=1602603457614, isCharging=true, isIdle=false, netAny=true, netNotRoaming=true, netUnmetered=true, batteryPercent=42.0}
10-14 00:37:37.624 11266 18160 I Finsky  : [619] abjk.b(5): SCH: Jobs in database: 1-1337 3-1 24-77777777 26-1414141414 34-1 34-2 34-3 
10-14 00:37:37.638 11266 11266 I Finsky  : [2] abgy.a(10): SCH: Running job: 26-1414141414
10-14 00:37:37.640 11266 11266 I Finsky  : [2] abgx.handleMessage(60): SCH: RunningQueue size: 1, PendingQueue size: 0
10-14 00:37:37.641 11266 11266 I Finsky  : [2] abgx.handleMessage(63): SCH: Running queue: 26-1414141414 
10-14 00:37:37.643 11266 11337 I Finsky  : [502] jdv.a(19): [Counters Flush] Successfully generated counter events
10-14 00:37:37.644 11266 11337 I Finsky  : [502] ods.a(1): [Counters Flush] Counters flushed successfully
10-14 00:37:37.645 11266 11337 I Finsky  : [502] abij.n(4): SCH: jobFinished: 26-1414141414. TimeElapsed: 7ms.
10-14 00:37:37.645 11266 11266 I Finsky  : [2] abgy.c(7): SCH: Job 26-1414141414 finished. Rescheduling.
10-14 00:37:37.646 11266 11266 I Finsky  : [2] abgx.handleMessage(60): SCH: RunningQueue size: 0, PendingQueue size: 0
10-14 00:37:37.646 11266 11266 I Finsky  : [2] abgx.handleMessage(26): SCH: Executor finished
10-14 00:37:37.669 11266 11266 I Finsky  : [2] abjk.b(5): SCH: Jobs in database: 1-1337 3-1 24-77777777 26-1414141414 34-1 34-2 34-3 
10-14 00:37:37.681 11266 11266 I Finsky  : [2] abhw.d(37): SCH: ConstraintMapping: 24-77777777,  -> L: 0ms, D: 81899920ms, C: false, I: true, N: 0
10-14 00:37:37.682 11266 11266 I Finsky  : [2] abhw.d(37): SCH: ConstraintMapping: 1-1337, 34-2,  -> L: 13493357ms, D: 45795268ms, C: false, I: false, N: 1
10-14 00:37:37.682 11266 11266 I Finsky  : [2] abhw.d(37): SCH: ConstraintMapping: 34-1, 34-3,  -> L: 0ms, D: 1295106556ms, C: false, I: true, N: 2
10-14 00:37:37.683 11266 11266 I Finsky  : [2] abhw.d(37): SCH: ConstraintMapping: 3-1, 34-1, 34-3,  -> L: 0ms, D: 85501004ms, C: true, I: true, N: 2
10-14 00:37:37.684 11266 11266 I Finsky  : [2] abhw.d(37): SCH: ConstraintMapping: 26-1414141414,  -> L: 43199972ms, D: 44099972ms, C: false, I: false, N: 0
10-14 00:37:37.692 11266 11266 I Finsky  : [2] abhw.f(7): SCH: Cancelling existing jobscheduler jobs: 9007 9006 9003 9008 
10-14 00:37:37.692 11266 11266 I Finsky  : [2] abhw.e(8): SCH: Throttling wakeup for job 9000 (expected to run in 0 ms) due to recent wakeup
10-14 00:37:37.694 11266 11266 I Finsky  : [2] abhw.e(23): SCH: Scheduling job Id: 9000, L: 30000, D: 81899920, C: false, I: true, N: 0
10-14 00:37:37.696 11266 11266 I Finsky  : [2] abhw.e(23): SCH: Scheduling job Id: 9001, L: 13493357, D: 45795268, C: false, I: false, N: 1
10-14 00:37:37.697 11266 11266 I Finsky  : [2] abhw.e(8): SCH: Throttling wakeup for job 9002 (expected to run in 0 ms) due to recent wakeup
10-14 00:37:37.697 11266 11266 I Finsky  : [2] abhw.e(23): SCH: Scheduling job Id: 9002, L: 30000, D: 1295106556, C: false, I: true, N: 2
10-14 00:37:37.698 11266 11266 I Finsky  : [2] abhw.e(8): SCH: Throttling wakeup for job 9004 (expected to run in 0 ms) due to recent wakeup
10-14 00:37:37.698 11266 11266 I Finsky  : [2] abhw.e(23): SCH: Scheduling job Id: 9004, L: 30000, D: 85501004, C: true, I: true, N: 2
10-14 00:37:37.699 11266 11266 I Finsky  : [2] abhw.e(23): SCH: Scheduling job Id: 9005, L: 43199972, D: 44099972, C: false, I: false, N: 0
10-14 00:37:44.917  2787  2821 E storaged: getDiskStats failed with result NOT_SUPPORTED and size 0
10-14 00:37:45.958  2953  6693 D ConnectivityService: requestNetwork for uid/pid:10088/11469 NetworkRequest [ TRACK_DEFAULT id=152, [ Capabilities: INTERNET&NOT_RESTRICTED&TRUSTED Unwanted:  Uid: 10088] ]
10-14 00:37:45.959  2953  3062 D Ethernet: got request NetworkRequest [ TRACK_DEFAULT id=152, [ Capabilities: INTERNET&NOT_RESTRICTED&TRUSTED Unwanted:  Uid: 10088] ] with score 70
10-14 00:37:45.960  2953  3039 D WIFI    : got request NetworkRequest [ TRACK_DEFAULT id=152, [ Capabilities: INTERNET&NOT_RESTRICTED&TRUSTED Unwanted:  Uid: 10088] ] with score 70
10-14 00:37:45.960  2953  3039 D WIFI_UT : got request NetworkRequest [ TRACK_DEFAULT id=152, [ Capabilities: INTERNET&NOT_RESTRICTED&TRUSTED Unwanted:  Uid: 10088] ] with score 70
10-14 00:37:45.960  3169  3169 D PhoneSwitcherNetworkRequstListener: got request NetworkRequest [ TRACK_DEFAULT id=152, [ Capabilities: INTERNET&NOT_RESTRICTED&TRUSTED Unwanted:  Uid: 10088] ] with score 70
10-14 00:37:45.990  2953  3042 D ConnectivityService: releasing NetworkRequest [ TRACK_DEFAULT id=152, [ Capabilities: INTERNET&NOT_RESTRICTED&TRUSTED Unwanted:  Uid: 10088] ] (release request)
10-14 00:37:46.611  4078  4078 D skia    : --- Failed to create image decoder with message 'unimplemented'
10-14 00:37:46.619  4078  4078 I tutu.ABenchMark: type=1400 audit(0.0:1218): avc: denied { read } for name="temp" dev="sysfs" ino=8951 scontext=u:r:untrusted_app_27:s0:c512,c768 tcontext=u:object_r:sysfs:s0 tclass=file permissive=1
10-14 00:37:46.619  4078  4078 I tutu.ABenchMark: type=1400 audit(0.0:1219): avc: denied { open } for path="/sys/devices/virtual/thermal/thermal_zone0/temp" dev="sysfs" ino=8951 scontext=u:r:untrusted_app_27:s0:c512,c768 tcontext=u:object_r:sysfs:s0 tclass=file permissive=1
10-14 00:37:46.619  4078  4078 I tutu.ABenchMark: type=1400 audit(0.0:1220): avc: denied { getattr } for path="/sys/devices/virtual/thermal/thermal_zone0/temp" dev="sysfs" ino=8951 scontext=u:r:untrusted_app_27:s0:c512,c768 tcontext=u:object_r:sysfs:s0 tclass=file permissive=1
10-14 00:37:46.626  4078  4078 D skia    : --- Failed to create image decoder with message 'unimplemented'
10-14 00:37:50.471  2953  6693 D ConnectivityService: requestNetwork for uid/pid:10023/6841 NetworkRequest [ TRACK_DEFAULT id=153, [ Capabilities: INTERNET&NOT_RESTRICTED&TRUSTED Unwanted:  Uid: 10023] ]
10-14 00:37:50.473  2953  3039 D WIFI    : got request NetworkRequest [ TRACK_DEFAULT id=153, [ Capabilities: INTERNET&NOT_RESTRICTED&TRUSTED Unwanted:  Uid: 10023] ] with score 70
10-14 00:37:50.473  2953  3039 D WIFI_UT : got request NetworkRequest [ TRACK_DEFAULT id=153, [ Capabilities: INTERNET&NOT_RESTRICTED&TRUSTED Unwanted:  Uid: 10023] ] with score 70
10-14 00:37:50.473  2953  3062 D Ethernet: got request NetworkRequest [ TRACK_DEFAULT id=153, [ Capabilities: INTERNET&NOT_RESTRICTED&TRUSTED Unwanted:  Uid: 10023] ] with score 70
10-14 00:37:50.474  3169  3169 D PhoneSwitcherNetworkRequstListener: got request NetworkRequest [ TRACK_DEFAULT id=153, [ Capabilities: INTERNET&NOT_RESTRICTED&TRUSTED Unwanted:  Uid: 10023] ] with score 70
10-14 00:37:50.487  6841 14969 W MessageQueue: Handler (amra) {c2e8e1c} sending message to a Handler on a dead thread
10-14 00:37:50.487  6841 14969 W MessageQueue: java.lang.IllegalStateException: Handler (amra) {c2e8e1c} sending message to a Handler on a dead thread
10-14 00:37:50.487  6841 14969 W MessageQueue: 	at android.os.MessageQueue.enqueueMessage(MessageQueue.java:546)
10-14 00:37:50.487  6841 14969 W MessageQueue: 	at android.os.Handler.enqueueMessage(Handler.java:745)
10-14 00:37:50.487  6841 14969 W MessageQueue: 	at android.os.Handler.sendMessageAtTime(Handler.java:697)
10-14 00:37:50.487  6841 14969 W MessageQueue: 	at android.os.Handler.sendMessageDelayed(Handler.java:667)
10-14 00:37:50.487  6841 14969 W MessageQueue: 	at android.os.Handler.postDelayed(Handler.java:469)
10-14 00:37:50.487  6841 14969 W MessageQueue: 	at amrd.f(PG:53)
10-14 00:37:50.487  6841 14969 W MessageQueue: 	at amra.handleMessage(PG:218)
10-14 00:37:50.487  6841 14969 W MessageQueue: 	at android.os.Handler.dispatchMessage(Handler.java:106)
10-14 00:37:50.487  6841 14969 W MessageQueue: 	at android.os.Looper.loop(Looper.java:193)
10-14 00:37:50.487  6841 14969 W MessageQueue: 	at android.os.HandlerThread.run(HandlerThread.java:65)
10-14 00:37:50.499  2953  2969 E NotificationService: Suppressing notification from package by user request.
10-14 00:37:50.500  2953  2969 E NotificationService: Suppressing notification from package by user request.
10-14 00:37:50.503  2953  3042 D ConnectivityService: releasing NetworkRequest [ TRACK_DEFAULT id=153, [ Capabilities: INTERNET&NOT_RESTRICTED&TRUSTED Unwanted:  Uid: 10023] ] (release request)
10-14 00:37:50.509  2953  3738 I WifiService: acquireWifiLock uid=10023 lockMode=3
10-14 00:37:51.005  6841 18163 W android.youtub: Long monitor contention with owner offlineTransfer (18164) at java.lang.String android.database.CursorWindow.nativeGetString(long, int, int)(CursorWindow.java:-2) waiters=0 in void amsn.a(int) for 493ms
10-14 00:37:51.005  6841 18164 W YouTube : Transfer wakelock held for 495 ms
10-14 00:37:51.011  2953  3738 I WifiService: releaseWifiLock uid=10023
10-14 00:37:51.023  2953  2969 E NotificationService: Suppressing notification from package by user request.
10-14 00:37:54.725  3599  4242 I CastDatabase: Saving the database
10-14 00:37:54.731  3599  4242 E SQLiteCastStore: Skip saving CastDeviceInfo: "Nearby device" (__cast_nearby___V_b1cc6ee9-d4d9-4339-85e3-5d3f4aec54c4)
10-14 00:37:54.731  3599  4242 I SQLiteCastStore: [CastNetworkInfo] saved: 0, skipped: 0, [CastDeviceInfo]: saved 0, skipped 1, [Paired Guest Mode DeviceInfo] saved: 0, skipped: 0. [ProbedNetworks]: saved 0, skipped: 0, [ProbedSocketAddress]: saved 0, skipped: 0, [Network-Device pairs]: saved: 0
10-14 00:37:56.633  4078  4078 D skia    : --- Failed to create image decoder with message 'unimplemented'
10-14 00:38:21.042  2953  3738 D ConnectivityService: requestNetwork for uid/pid:10023/6841 NetworkRequest [ TRACK_DEFAULT id=154, [ Capabilities: INTERNET&NOT_RESTRICTED&TRUSTED Unwanted:  Uid: 10023] ]
10-14 00:38:16.707  4078  4078 I chatty  : uid=10079(com.antutu.ABenchMark) identical 4 lines
10-14 00:38:16.718  4078  4078 D skia    : --- Failed to create image decoder with message 'unimplemented'
10-14 00:38:21.042  2953  3039 D WIFI    : got request NetworkRequest [ TRACK_DEFAULT id=154, [ Capabilities: INTERNET&NOT_RESTRICTED&TRUSTED Unwanted:  Uid: 10023] ] with score 70
10-14 00:38:21.043  2953  3039 D WIFI_UT : got request NetworkRequest [ TRACK_DEFAULT id=154, [ Capabilities: INTERNET&NOT_RESTRICTED&TRUSTED Unwanted:  Uid: 10023] ] with score 70
10-14 00:38:21.044  2953  3062 D Ethernet: got request NetworkRequest [ TRACK_DEFAULT id=154, [ Capabilities: INTERNET&NOT_RESTRICTED&TRUSTED Unwanted:  Uid: 10023] ] with score 70
10-14 00:38:21.044  3169  3169 D PhoneSwitcherNetworkRequstListener: got request NetworkRequest [ TRACK_DEFAULT id=154, [ Capabilities: INTERNET&NOT_RESTRICTED&TRUSTED Unwanted:  Uid: 10023] ] with score 70
10-14 00:38:21.048  2953  2969 E NotificationService: Suppressing notification from package by user request.
10-14 00:38:21.049  2953  3042 D ConnectivityService: releasing NetworkRequest [ TRACK_DEFAULT id=154, [ Capabilities: INTERNET&NOT_RESTRICTED&TRUSTED Unwanted:  Uid: 10023] ] (release request)
10-14 00:38:23.413  2953  6663 I ActivityManager: START u0 {act=android.intent.action.MAIN cat=[android.intent.category.LAUNCHER] flg=0x10200000 cmp=com.nhn.android.search/.ui.pages.SearchHomePage bnds=[52,293][253,424]} from uid 10024
10-14 00:38:23.422  2747  7191 W amlaudioMixer: mixer_get_presentation_position(), port not ready now
10-14 00:38:23.422  2747  7191 W audio-subMixingFactory: out_get_presentation_position_port(), pts not valid yet
10-14 00:38:23.423  2747  7191 I audio-subMixingFactory: ++usecase_change_validate_l_sm: dev usecase masks = 0, out usecase_masks = 0, out usecase STREAM_PCM_NORMAL
10-14 00:38:23.423  2747  7191 I audio-subMixingFactory: ++++usecase_change_validate_l_sm(),continuous_audio_mode 0 dev usecase masks = 0, out usecase_masks = 0, out usecase STREAM_PCM_NORMAL
10-14 00:38:23.423  2747  7191 I audio-subMixingFactory: usecase_change_validate_l_sm(), mixer_aux_buffer_write_sm !
10-14 00:38:23.423  2747  7191 I audio-subMixingFactory: ----usecase_change_validate_l_sm(), continuous_audio_mode 0 dev usecase masks = 0x1, out usecase_masks = 0x1, out usecase STREAM_PCM_NORMAL
10-14 00:38:23.423  2747  7191 I aml_audio_port: get_input_port_index(), samplerate 48000
10-14 00:38:23.423  2747  7191 D aml_audio_port: new_input_port(), index:0, rbuf size:8192, direct_on:0
10-14 00:38:23.423  2747  7191 D aml_audio_port: new_input_port(), fmt 0x1, rate 48000
10-14 00:38:23.423  2747  7191 I amlaudioMixer: ++init_mixer_input_port port index 0, size 512 frames
10-14 00:38:23.423  2747  7191 I amlaudioMixer: init_mixer_input_port(), port->initial_frames: 24253440
10-14 00:38:23.423  2747  7191 I aml_audio_port: get_input_port_index(), samplerate 48000
10-14 00:38:23.423  2747  7191 I audio-subMixingFactory: mixer_aux_buffer_write_sm(), primary 0xee3ca000 port index = 0
10-14 00:38:23.423  2747  7191 I audio-subMixingFactory: padding_bytes 16384
10-14 00:38:23.423  2747  7191 I amlaudioMixer: port index 0 is active now
10-14 00:38:23.423  2747  7191 I audio-subMixingFactory: padding_bytes 14336
10-14 00:38:23.423  2747  7191 I audio-subMixingFactory: padding_bytes 12288
10-14 00:38:23.423  2747  7191 I audio-subMixingFactory: padding_bytes 10240
10-14 00:38:23.423  2747  7191 I audio-subMixingFactory: padding_bytes 8192
10-14 00:38:23.423  2747  7191 I audio-subMixingFactory: padding_bytes 6144
10-14 00:38:23.426  2747  7191 I audio-subMixingFactory: padding_bytes 4096
10-14 00:38:23.426  2747  7191 I audio-subMixingFactory: padding_bytes 2048
10-14 00:38:23.435  2747  7191 W amlaudioMixer: mixer_get_presentation_position(), not valid now
10-14 00:38:23.435  2747  7191 W audio-subMixingFactory: out_get_presentation_position_port(), pts not valid yet
10-14 00:38:23.446  2747  7191 W amlaudioMixer: mixer_get_presentation_position(), not valid now
10-14 00:38:23.446  2747  7191 W audio-subMixingFactory: out_get_presentation_position_port(), pts not valid yet
10-14 00:38:23.453  2756  2903 I [Gralloc]: framebuffer hal alread move to hwcomposer
10-14 00:38:23.460  2953  2971 I ActivityManager: Start proc 18285:com.nhn.android.search/u0a85 for activity com.nhn.android.search/.ui.pages.SearchHomePage
10-14 00:38:23.461 18285 18285 I Zygote  : seccomp disabled by setenforce 0
10-14 00:38:23.466 18285 18285 W .android.searc: Using default instruction set features for ARM CPU variant (cortex-a9) using conservative defaults
10-14 00:38:23.467  2953  3010 I ActivityManager: Config changes=20000480 {1.0 ?mcc?mnc [en_US] ldltr sw602dp w602dp h994dp 204dpi lrg long port -touch -keyb/v/h dpad/v winConfig={ mBounds=Rect(0, 0 - 0, 0) mAppBounds=Rect(0, 0 - 768, 1299) mWindowingMode=fullscreen mActivityType=undefined} s.8}
10-14 00:38:23.476  2766  2911 D AudioFlinger: mixer(0xeb583ac0) throttle end: throttle time(7)
10-14 00:38:23.482  2953  3010 I ActivityManager: Override config changes=20000480 {1.0 ?mcc?mnc [en_US] ldltr sw602dp w602dp h994dp 204dpi lrg long port -touch -keyb/v/h dpad/v winConfig={ mBounds=Rect(0, 0 - 1360, 707) mAppBounds=Rect(0, 0 - 768, 1299) mWindowingMode=fullscreen mActivityType=undefined} s.8} for displayId=0
10-14 00:38:23.506  2766  2911 D AudioFlinger: mixer(0xeb583ac0) throttle end: throttle time(4)
10-14 00:38:23.525  2756  2903 I [Gralloc]: framebuffer hal alread move to hwcomposer
10-14 00:38:23.532  2756  2903 I chatty  : uid=1000(system) HwBinder:2756_2 identical 1 line
10-14 00:38:23.548  2756  2903 I [Gralloc]: framebuffer hal alread move to hwcomposer
10-14 00:38:23.451  2768  2768 I Binder:2768_3: type=1400 audit(0.0:1221): avc: denied { read } for name="gralloc.odroidn2.so" dev="mmcblk0p12" ino=705 scontext=u:r:surfaceflinger:s0 tcontext=u:object_r:vendor_file:s0 tclass=file permissive=1
10-14 00:38:23.555  2768  2950 E BufferQueueProducer: [NavigationBar#0] disconnect: not connected (req=1)
10-14 00:38:23.557  2953  3029 I InputReader: Reconfiguring input devices.  changes=0x00000004
10-14 00:38:23.557  2953  3029 I InputReader: Reconfiguring input devices.  changes=0x00000004
10-14 00:38:23.560  3106  3352 W libEGL  : EGLNativeWindowType 0xdfa50808 disconnect failed
10-14 00:38:23.562  3106  3352 D mali_winsys: EGLint new_window_surface(egl_winsys_display *, void *, EGLSurface, EGLConfig, egl_winsys_surface **, EGLBoolean) returns 0x3000
10-14 00:38:23.575  2756  2903 I [Gralloc]: framebuffer hal alread move to hwcomposer
10-14 00:38:23.585  2756  2903 I [Gralloc]: framebuffer hal alread move to hwcomposer
10-14 00:38:23.451  2768  2768 I Binder:2768_3: type=1400 audit(0.0:1222): avc: denied { open } for path="/vendor/lib/hw/gralloc.odroidn2.so" dev="mmcblk0p12" ino=705 scontext=u:r:surfaceflinger:s0 tcontext=u:object_r:vendor_file:s0 tclass=file permissive=1
10-14 00:38:23.618  2953  3029 I InputReader: Reconfiguring input devices.  changes=0x00000004
10-14 00:38:23.625  2768  3293 E BufferQueueProducer: [com.android.launcher3/com.android.launcher3.Launcher#0] disconnect: not connected (req=1)
10-14 00:38:23.625  3527  3638 W libEGL  : EGLNativeWindowType 0xe096b808 disconnect failed
10-14 00:38:23.643  3106  3106 D StatusBar: disable<e i a s b h r c s > disable2<q i n >
10-14 00:38:23.451  2768  2768 I Binder:2768_3: type=1400 audit(0.0:1223): avc: denied { getattr } for path="/vendor/lib/hw/gralloc.odroidn2.so" dev="mmcblk0p12" ino=705 scontext=u:r:surfaceflinger:s0 tcontext=u:object_r:vendor_file:s0 tclass=file permissive=1
10-14 00:38:23.668 18285 18285 W .android.searc: ClassLoaderContext classpath element mismatch for position 0. expected=base.apk!classes2.dex, found=/data/app/com.nhn.android.search-6rFABbsa611_V5bta9czgg==/base.apk!classes2.dex (PCL[/system/framework/org.apache.http.legacy.boot.jar*796383208:/system/framework/android.test.runner.jar*3846605392:/system/framework/android.test.mock.jar*2077058553:base.apk*314941002:base.apk!classes2.dex*1287806108:base.apk!classes3.dex*3055773826:base.apk!classes4.dex*2849652780:base.apk!classes5.dex*3921587497:base.apk!classes6.dex*3753788880] | PCL[/system/framework/org.apache.http.legacy.boot.jar*796383208:/system/framework/android.test.runner.jar*3846605392:/system/framework/android.test.mock.jar*2077058553:/data/app/com.nhn.android.search-6rFABbsa611_V5bta9czgg==/base.apk*314941002:/data/app/com.nhn.android.search-6rFABbsa611_V5bta9czgg==/base.apk!classes2.dex*1287806108:/data/app/com.nhn.android.search-6rFABbsa611_V5bta9czgg==/base.apk!classes3.dex*3055773826:/data/app/com.nhn.android.search-6rFABbsa611_V5bta9czgg==/ba
10-14 00:38:23.455  2953  2953 I android.anim: type=1400 audit(0.0:1224): avc: denied { read } for name="gralloc.odroidn2.so" dev="mmcblk0p12" ino=705 scontext=u:r:system_server:s0 tcontext=u:object_r:vendor_file:s0 tclass=file permissive=1
10-14 00:38:23.794 18285 18285 W .android.searc: ClassLoaderContext classpath element mismatch for position 0. expected=base.apk!classes2.dex, found=/data/app/com.nhn.android.search-6rFABbsa611_V5bta9czgg==/base.apk!classes2.dex (PCL[/system/framework/org.apache.http.legacy.boot.jar*796383208:/system/framework/android.test.runner.jar*3846605392:/system/framework/android.test.mock.jar*2077058553:base.apk*314941002:base.apk!classes2.dex*1287806108:base.apk!classes3.dex*3055773826:base.apk!classes4.dex*2849652780:base.apk!classes5.dex*3921587497:base.apk!classes6.dex*3753788880:split_Clova.apk*2323723021] | PCL[/system/framework/org.apache.http.legacy.boot.jar*796383208:/system/framework/android.test.runner.jar*3846605392:/system/framework/android.test.mock.jar*2077058553:/data/app/com.nhn.android.search-6rFABbsa611_V5bta9czgg==/base.apk*314941002:/data/app/com.nhn.android.search-6rFABbsa611_V5bta9czgg==/base.apk!classes2.dex*1287806108:/data/app/com.nhn.android.search-6rFABbsa611_V5bta9czgg==/base.apk!classes3.dex*3055773826:/data/app/com.nhn.android.search-
10-14 00:38:23.814 18285 18285 W .android.searc: ClassLoaderContext classpath element mismatch for position 0. expected=base.apk!classes2.dex, found=/data/app/com.nhn.android.search-6rFABbsa611_V5bta9czgg==/base.apk!classes2.dex (PCL[/system/framework/org.apache.http.legacy.boot.jar*796383208:/system/framework/android.test.runner.jar*3846605392:/system/framework/android.test.mock.jar*2077058553:base.apk*314941002:base.apk!classes2.dex*1287806108:base.apk!classes3.dex*3055773826:base.apk!classes4.dex*2849652780:base.apk!classes5.dex*3921587497:base.apk!classes6.dex*3753788880:split_Clova.apk*2323723021:split_Friends.apk*437930168] | PCL[/system/framework/org.apache.http.legacy.boot.jar*796383208:/system/framework/android.test.runner.jar*3846605392:/system/framework/android.test.mock.jar*2077058553:/data/app/com.nhn.android.search-6rFABbsa611_V5bta9czgg==/base.apk*314941002:/data/app/com.nhn.android.search-6rFABbsa611_V5bta9czgg==/base.apk!classes2.dex*1287806108:/data/app/com.nhn.android.search-6rFABbsa611_V5bta9czgg==/base.apk!classes3.dex*3055773826:/data
10-14 00:38:23.832  3106  3352 D mali_winsys: EGLint new_window_surface(egl_winsys_display *, void *, EGLSurface, EGLConfig, egl_winsys_surface **, EGLBoolean) returns 0x3000
10-14 00:38:23.832  3106  3106 I ImageWallpaper: Redrawing in rect: RectF(0.0, 0.0, 2331.0, 1920.0) with surface size: 2331x1920
10-14 00:38:23.833  2756  2903 I [Gralloc]: framebuffer hal alread move to hwcomposer
10-14 00:38:23.837 18285 18285 W .android.searc: ClassLoaderContext classpath element mismatch for position 0. expected=base.apk!classes2.dex, found=/data/app/com.nhn.android.search-6rFABbsa611_V5bta9czgg==/base.apk!classes2.dex (PCL[/system/framework/org.apache.http.legacy.boot.jar*796383208:/system/framework/android.test.runner.jar*3846605392:/system/framework/android.test.mock.jar*2077058553:base.apk*314941002:base.apk!classes2.dex*1287806108:base.apk!classes3.dex*3055773826:base.apk!classes4.dex*2849652780:base.apk!classes5.dex*3921587497:base.apk!classes6.dex*3753788880:split_Clova.apk*2323723021:split_Friends.apk*437930168:split_KinExpert.apk*2501064230] | PCL[/system/framework/org.apache.http.legacy.boot.jar*796383208:/system/framework/android.test.runner.jar*3846605392:/system/framework/android.test.mock.jar*2077058553:/data/app/com.nhn.android.search-6rFABbsa611_V5bta9czgg==/base.apk*314941002:/data/app/com.nhn.android.search-6rFABbsa611_V5bta9czgg==/base.apk!classes2.dex*1287806108:/data/app/com.nhn.android.search-6rFABbsa611_V5bta9czgg==/base.ap
10-14 00:38:23.875 18285 18285 W .android.searc: ClassLoaderContext classpath element mismatch for position 0. expected=base.apk!classes2.dex, found=/data/app/com.nhn.android.search-6rFABbsa611_V5bta9czgg==/base.apk!classes2.dex (PCL[/system/framework/org.apache.http.legacy.boot.jar*796383208:/system/framework/android.test.runner.jar*3846605392:/system/framework/android.test.mock.jar*2077058553:base.apk*314941002:base.apk!classes2.dex*1287806108:base.apk!classes3.dex*3055773826:base.apk!classes4.dex*2849652780:base.apk!classes5.dex*3921587497:base.apk!classes6.dex*3753788880:split_Clova.apk*2323723021:split_Friends.apk*437930168:split_KinExpert.apk*2501064230:split_Now.apk*2898809965] | PCL[/system/framework/org.apache.http.legacy.boot.jar*796383208:/system/framework/android.test.runner.jar*3846605392:/system/framework/android.test.mock.jar*2077058553:/data/app/com.nhn.android.search-6rFABbsa611_V5bta9czgg==/base.apk*314941002:/data/app/com.nhn.android.search-6rFABbsa611_V5bta9czgg==/base.apk!classes2.dex*1287806108:/data/app/com.nhn.android.search-6rFABbs
10-14 00:38:23.885  2768  3293 E BufferQueueProducer: [NavigationBar#0] disconnect: not connected (req=1)
10-14 00:38:23.885  3106  3352 W libEGL  : EGLNativeWindowType 0xdfa50808 disconnect failed
10-14 00:38:23.886  3106  3352 D mali_winsys: EGLint new_window_surface(egl_winsys_display *, void *, EGLSurface, EGLConfig, egl_winsys_surface **, EGLBoolean) returns 0x3000
10-14 00:38:23.889  2756  2903 I [Gralloc]: framebuffer hal alread move to hwcomposer
10-14 00:38:23.909 18285 18285 W .android.searc: JIT profile information will not be recorded: profile file does not exits.
10-14 00:38:23.909 18285 18285 I chatty  : uid=10085(com.nhn.android.search) identical 8 lines
10-14 00:38:23.909 18285 18285 W .android.searc: JIT profile information will not be recorded: profile file does not exits.
10-14 00:38:23.927  2768  2950 E BufferQueueProducer: [StatusBar#0] disconnect: not connected (req=1)
10-14 00:38:23.927  3106  3352 W libEGL  : EGLNativeWindowType 0xcced7008 disconnect failed
10-14 00:38:23.928  3106  3352 D mali_winsys: EGLint new_window_surface(egl_winsys_display *, void *, EGLSurface, EGLConfig, egl_winsys_surface **, EGLBoolean) returns 0x3000
10-14 00:38:23.930  2756  2903 I [Gralloc]: framebuffer hal alread move to hwcomposer
10-14 00:38:23.943 18285 18285 I MultiDex: VM with version 2.1.0 has multidex support
10-14 00:38:23.944 18285 18285 I MultiDex: Installing application
10-14 00:38:23.944 18285 18285 I MultiDex: VM has multidex support, MultiDex support library is disabled.
10-14 00:38:23.949  2768  2950 W SurfaceFlinger: Attempting to destroy on removed layer: 86c7f1a AssistPreviewPanel#0
10-14 00:38:23.949 18285 18285 I LoadedApk: No resource references to update in package com.nhn.android.search.Friends
10-14 00:38:23.950 18285 18285 I LoadedApk: No resource references to update in package com.nhn.android.search.KinExpert
10-14 00:38:23.951 18285 18285 I LoadedApk: No resource references to update in package com.nhn.android.search.SmartLens
10-14 00:38:23.952 18285 18285 I LoadedApk: No resource references to update in package com.nhn.android.search.Clova
10-14 00:38:23.953 18285 18285 I LoadedApk: No resource references to update in package com.nhn.android.search.Now
10-14 00:38:23.962  2756  2903 I [Gralloc]: framebuffer hal alread move to hwcomposer
10-14 00:38:23.967 18285 18285 D FirebaseApp: com.google.firebase.auth.FirebaseAuth is not linked. Skipping initialization.
10-14 00:38:23.972  2756  2903 I [Gralloc]: framebuffer hal alread move to hwcomposer
10-14 00:38:23.976  2756  2903 I chatty  : uid=1000(system) HwBinder:2756_2 identical 1 line
10-14 00:38:23.979  2756  2903 I [Gralloc]: framebuffer hal alread move to hwcomposer
10-14 00:38:23.983 18285 18285 D FirebaseApp: com.google.firebase.crash.FirebaseCrash is not linked. Skipping initialization.
10-14 00:38:23.989  2756  2903 I [Gralloc]: framebuffer hal alread move to hwcomposer
10-14 00:38:23.995 18285 18285 I FA      : App measurement is starting up, version: 11020
10-14 00:38:23.995 18285 18285 I FA      : To enable debug logging run: adb shell setprop log.tag.FA VERBOSE
10-14 00:38:24.007  2756  2903 I [Gralloc]: framebuffer hal alread move to hwcomposer
10-14 00:38:24.012 18285 18285 I FA      : To enable faster debug mode event logging run:
10-14 00:38:24.012 18285 18285 I FA      :   adb shell setprop debug.firebase.analytics.app com.nhn.android.search
10-14 00:38:24.014 18285 18285 I FirebaseInitProvider: FirebaseApp initialization successful
10-14 00:38:24.048 18285 18285 W com.facebook.UserSettingsManager: You haven't set a value for AdvertiserIDCollectionEnabled. Set the flag to TRUE if you want to collect Advertiser ID for better advertising and analytics results. To request user consent before collecting data, set the flag value to FALSE, then change to TRUE once user consent is received. Learn more: https://developers.facebook.com/docs/app-events/getting-started-app-events-android#disable-auto-events.
10-14 00:38:24.048 18285 18285 W com.facebook.UserSettingsManager: The value for AdvertiserIDCollectionEnabled is currently set to FALSE so you're sending app events without collecting Advertiser ID. This can affect the quality of your advertising and analytics results.
10-14 00:38:24.074 18285 18321 D NetworkSecurityConfig: Using Network Security Config from resource network_security_config debugBuild: false
10-14 00:38:24.093 18334 18334 I Zygote  : seccomp disabled by setenforce 0
10-14 00:38:24.095  2953  2971 I ActivityManager: Start proc 18334:com.facebook.katana/u0a28 for content provider com.facebook.katana/com.facebook.platform.common.provider.PlatformProviderBase
10-14 00:38:24.098 18334 18334 W facebook.katan: Using default instruction set features for ARM CPU variant (cortex-a9) using conservative defaults
10-14 00:38:24.126 18285 18285 D [NELO2] : /system/xbin/su was found!
10-14 00:38:24.137 18285 18285 W [NELO2] : [FileHandler] checkExistingLog neloFileQueue is not initialized or empty
10-14 00:38:24.139 18285 18285 W [NELO2] NetworkUtils: [getCurrentNetworkIPAddress] error occur when get HostName : android.os.NetworkOnMainThreadException / message : null
10-14 00:38:24.140 18285 18285 D NeloEvent: [putCustomMessage] key or value have no vale : key > errorCode / value : 
10-14 00:38:24.140 18285 18285 D NeloEvent: [putCustomMessage] key or value have no vale : key > UserId / value : 
10-14 00:38:24.140 18285 18285 D NeloEvent: [putCustomMessage] key or value have no vale : key > Location / value : null
10-14 00:38:24.141 18285 18285 W [NELO2] NeloLog: [startCrashHandler] crashHandler already inited.
10-14 00:38:24.145 18285 18285 D [NELO2] : /system/xbin/su was found!
10-14 00:38:24.149 18285 18285 W [NELO2] : [FileHandler] checkExistingLog neloFileQueue is not initialized or empty
10-14 00:38:24.151 18285 18285 W [NELO2] NetworkUtils: [getCurrentNetworkIPAddress] error occur when get HostName : android.os.NetworkOnMainThreadException / message : null
10-14 00:38:24.151 18285 18285 D NeloEvent: [putCustomMessage] key or value have no vale : key > errorCode / value : 
10-14 00:38:24.151 18285 18285 D NeloEvent: [putCustomMessage] key or value have no vale : key > UserId / value : 
10-14 00:38:24.151 18285 18285 D NeloEvent: [putCustomMessage] key or value have no vale : key > Location / value : null
10-14 00:38:24.186 18334 18334 E LoadedApk: Unable to instantiate appComponentFactory
10-14 00:38:24.186 18334 18334 E LoadedApk: java.lang.ClassNotFoundException: Didn't find class "androidx.core.app.CoreComponentFactory" on path: DexPathList[[zip file "/system/framework/org.apache.http.legacy.boot.jar", zip file "/data/app/com.facebook.katana-c5SxMm3s3D0zZdpx5pOxow==/base.apk", zip file "/data/app/com.facebook.katana-c5SxMm3s3D0zZdpx5pOxow==/split_cgnativeplayer.apk", zip file "/data/app/com.facebook.katana-c5SxMm3s3D0zZdpx5pOxow==/split_codegenerator.apk", zip file "/data/app/com.facebook.katana-c5SxMm3s3D0zZdpx5pOxow==/split_rtc.apk", zip file "/data/app/com.facebook.katana-c5SxMm3s3D0zZdpx5pOxow==/split_rtc20.apk"],nativeLibraryDirectories=[/data/app/com.facebook.katana-c5SxMm3s3D0zZdpx5pOxow==/lib/arm, /data/app/com.facebook.katana-c5SxMm3s3D0zZdpx5pOxow==/base.apk!/lib/armeabi-v7a, /data/app/com.facebook.katana-c5SxMm3s3D0zZdpx5pOxow==/split_cgnativeplayer.apk!/lib/armeabi-v7a, /data/app/com.facebook.katana-c5SxMm3s3D0zZdpx5pOxow==/split_codegenerator.apk!/lib/armeabi-v7a, /data/app/com.facebook.katana-c5SxMm3s3D0zZdpx5pOxow==/split_rtc.apk!/lib/armeabi-v7a, /data/app/com.facebook.katana-c5SxMm3s3D0zZdpx5pOxow==/split_rtc20.apk!/lib/armeabi-v7a, /system/lib]]
10-14 00:38:24.186 18334 18334 E LoadedApk: 	at dalvik.system.BaseDexClassLoader.findClass(BaseDexClassLoader.java:134)
10-14 00:38:24.186 18334 18334 E LoadedApk: 	at java.lang.ClassLoader.loadClass(ClassLoader.java:379)
10-14 00:38:24.186 18334 18334 E LoadedApk: 	at java.lang.ClassLoader.loadClass(ClassLoader.java:312)
10-14 00:38:24.186 18334 18334 E LoadedApk: 	at android.app.LoadedApk.createAppFactory(LoadedApk.java:226)
10-14 00:38:24.186 18334 18334 E LoadedApk: 	at android.app.LoadedApk.createOrUpdateClassLoaderLocked(LoadedApk.java:731)
10-14 00:38:24.186 18334 18334 E LoadedApk: 	at android.app.LoadedApk.getClassLoader(LoadedApk.java:810)
10-14 00:38:24.186 18334 18334 E LoadedApk: 	at android.app.LoadedApk.getResources(LoadedApk.java:1032)
10-14 00:38:24.186 18334 18334 E LoadedApk: 	at android.app.ContextImpl.createAppContext(ContextImpl.java:2345)
10-14 00:38:24.186 18334 18334 E LoadedApk: 	at android.app.ActivityThread.handleBindApplication(ActivityThread.java:5749)
10-14 00:38:24.186 18334 18334 E LoadedApk: 	at android.app.ActivityThread.access$1100(ActivityThread.java:199)
10-14 00:38:24.186 18334 18334 E LoadedApk: 	at android.app.ActivityThread$H.handleMessage(ActivityThread.java:1650)
10-14 00:38:24.186 18334 18334 E LoadedApk: 	at android.os.Handler.dispatchMessage(Handler.java:106)
10-14 00:38:24.186 18334 18334 E LoadedApk: 	at android.os.Looper.loop(Looper.java:193)
10-14 00:38:24.186 18334 18334 E LoadedApk: 	at android.app.ActivityThread.main(ActivityThread.java:6669)
10-14 00:38:24.186 18334 18334 E LoadedApk: 	at java.lang.reflect.Method.invoke(Native Method)
10-14 00:38:24.186 18334 18334 E LoadedApk: 	at com.android.internal.os.RuntimeInit$MethodAndArgsCaller.run(RuntimeInit.java:493)
10-14 00:38:24.186 18334 18334 E LoadedApk: 	at com.android.internal.os.ZygoteInit.main(ZygoteInit.java:858)
10-14 00:38:24.186 18334 18334 E LoadedApk: 	Suppressed: java.io.IOException: No original dex files found for dex location /data/app/com.facebook.katana-c5SxMm3s3D0zZdpx5pOxow==/split_cgnativeplayer.apk
10-14 00:38:24.186 18334 18334 E LoadedApk: 		at dalvik.system.DexFile.openDexFileNative(Native Method)
10-14 00:38:24.186 18334 18334 E LoadedApk: 		at dalvik.system.DexFile.openDexFile(DexFile.java:354)
10-14 00:38:24.186 18334 18334 E LoadedApk: 		at dalvik.system.DexFile.<init>(DexFile.java:101)
10-14 00:38:24.186 18334 18334 E LoadedApk: 		at dalvik.system.DexFile.<init>(DexFile.java:75)
10-14 00:38:24.186 18334 18334 E LoadedApk: 		at dalvik.system.DexPathList.loadDexFile(DexPathList.java:394)
10-14 00:38:24.186 18334 18334 E LoadedApk: 		at dalvik.system.DexPathList.makeDexElements(DexPathList.java:354)
10-14 00:38:24.186 18334 18334 E LoadedApk: 		at dalvik.system.DexPathList.<init>(DexPathList.java:164)
10-14 00:38:24.186 18334 18334 E LoadedApk: 		at dalvik.system.BaseDexClassLoader.<init>(BaseDexClassLoader.java:74)
10-14 00:38:24.186 18334 18334 E LoadedApk: 		at dalvik.system.BaseDexClassLoader.<init>(BaseDexClassLoader.java:65)
10-14 00:38:24.186 18334 18334 E LoadedApk: 		at dalvik.system.PathClassLoader.<init>(PathClassLoader.java:64)
10-14 00:38:24.186 18334 18334 E LoadedApk: 		at com.android.internal.os.ClassLoaderFactory.createClassLoader(ClassLoaderFactory.java:73)
10-14 00:38:24.186 18334 18334 E LoadedApk: 		at com.android.internal.os.ClassLoaderFactory.createClassLoader(ClassLoaderFactory.java:88)
10-14 00:38:24.186 18334 18334 E LoadedApk: 		at android.app.ApplicationLoaders.getClassLoader(ApplicationLoaders.java:74)
10-14 00:38:24.186 18334 18334 E LoadedApk: 		at android.app.ApplicationLoaders.getClassLoader(ApplicationLoaders.java:40)
10-14 00:38:24.186 18334 18334 E LoadedApk: 		at android.app.LoadedApk.createOrUpdateClassLoaderLocked(LoadedApk.java:727)
10-14 00:38:24.186 18334 18334 E LoadedApk: 		... 12 more
10-14 00:38:24.186 18334 18334 E LoadedApk: 	Suppressed: java.io.IOException: No original dex files found for dex location /data/app/com.facebook.katana-c5SxMm3s3D0zZdpx5pOxow==/split_codegenerator.apk
10-14 00:38:24.186 18334 18334 E LoadedApk: 		at dalvik.system.DexFile.openDexFileNative(Native Method)
10-14 00:38:24.186 18334 18334 E LoadedApk: 		at dalvik.system.DexFile.openDexFile(DexFile.java:354)
10-14 00:38:24.186 18334 18334 E LoadedApk: 		at dalvik.system.DexFile.<init>(DexFile.java:101)
10-14 00:38:24.186 18334 18334 E LoadedApk: 		at dalvik.system.DexFile.<init>(DexFile.java:75)
10-14 00:38:24.186 18334 18334 E LoadedApk: 		at dalvik.system.DexPathList.loadDexFile(DexPathList.java:394)
10-14 00:38:24.186 18334 18334 E LoadedApk: 		at dalvik.system.DexPathList.makeDexElements(DexPathList.java:354)
10-14 00:38:24.186 18334 18334 E LoadedApk: 		at dalvik.s
10-14 00:38:24.186 18334 18334 W facebook.katan: JIT profile information will not be recorded: profile file does not exits.
10-14 00:38:24.187 18334 18334 I chatty  : uid=10028(com.facebook.katana) identical 2 lines
10-14 00:38:24.187 18334 18334 W facebook.katan: JIT profile information will not be recorded: profile file does not exits.
10-14 00:38:24.189 18334 18334 W facebook.katan: resources.arsc in APK '/data/app/com.facebook.katana-c5SxMm3s3D0zZdpx5pOxow==/base.apk' is compressed.
10-14 00:38:24.229 18334 18334 W CrashLoopRemedyLog: unable to delete remedy log, instaCrash: false
10-14 00:38:24.230 18334 18334 W CrashLoopRemedyLog: unable to delete remedy log, instaCrash: true
10-14 00:38:24.232 18334 18334 W AppReliabilityOps: Errorreporting: Legacy
10-14 00:38:24.275  2953  2973 E BatteryExternalStatsWorker: no controller energy info supplied for wifi
10-14 00:38:24.275  2953  2973 E BatteryExternalStatsWorker: no controller energy info supplied for bluetooth
10-14 00:38:24.276  3169  3169 E PhoneInterfaceManager: [PhoneIntfMgr] queryModemActivityInfo: Empty response
10-14 00:38:24.281 18285 18369 V XWhaleResourceRewriter: org.chromium.components.web_contents_delegate_android.Ris not found.
10-14 00:38:24.285  2761  2761 I PowerHAL: geNumberOfPlatformModes
10-14 00:38:24.286  2953  2973 W BatteryExternalStatsWorker: modem info is invalid: ModemActivityInfo{ mTimestamp=0 mSleepTimeMs=0 mIdleTimeMs=0 mTxTimeMs[]=[0, 0, 0, 0, 0] mRxTimeMs=0 mEnergyUsed=0}
10-14 00:38:24.287  2953  2973 D KernelUidCpuTimeReader: Removing uids 99004-99004
10-14 00:38:24.287  2953  2973 D KernelUidCpuTimeReader: Removing uids 10063-10063
10-14 00:38:24.290 18334 18334 E ACRA    : Initializing ANR detector for process: com.facebook.katana
10-14 00:38:24.291 18285 18369 V XWhaleResourceRewriter: com.naver.xwhale.R$xmlis not found.
10-14 00:38:24.294 18334 18368 W AppStateLoggerCore: Failed to get webview version
10-14 00:38:24.294 18334 18368 W AppStateLoggerCore: android.content.pm.PackageManager$NameNotFoundException: com.google.android.webview
10-14 00:38:24.294 18334 18368 W AppStateLoggerCore: 	at android.app.ApplicationPackageManager.getPackageInfoAsUser(ApplicationPackageManager.java:181)
10-14 00:38:24.294 18334 18368 W AppStateLoggerCore: 	at android.app.ApplicationPackageManager.getPackageInfo(ApplicationPackageManager.java:152)
10-14 00:38:24.294 18334 18368 W AppStateLoggerCore: 	at X.05L.A07(:39)
10-14 00:38:24.294 18334 18368 W AppStateLoggerCore: 	at X.0AS.run(:21082)
10-14 00:38:24.294 18334 18334 W MultiSignalANRDetectorAcra: Starting
10-14 00:38:24.297 18334 18334 W ProcessAnrErrorMonitor: startMonitoring with delay: 4000
10-14 00:38:24.299 18285 18285 D cr_LibraryLoader: [LibraryLoader.java:10] Loading with the System linker.
10-14 00:38:24.302 18285 18369 V XWhaleResourceRewriter: com.naver.xwhale.R$transitionis not found.
10-14 00:38:24.307 18334 18334 W SoLoader: context.getApplicationContext returned null, holding reference to original context.
10-14 00:38:24.316 18285 18369 V XWhaleResourceRewriter: com.naver.xwhale.R$styleable.ActionBar is not found.
10-14 00:38:24.316 18285 18369 V XWhaleResourceRewriter: com.naver.xwhale.R$styleable.ActionBarLayout is not found.
10-14 00:38:24.316 18285 18369 V XWhaleResourceRewriter: com.naver.xwhale.R$styleable.ActionBarLayout_android_layout_gravity is not found.
10-14 00:38:24.316 18285 18369 V XWhaleResourceRewriter: com.naver.xwhale.R$styleable.ActionBar_background is not found.
10-14 00:38:24.316 18285 18369 V XWhaleResourceRewriter: com.naver.xwhale.R$styleable.ActionBar_backgroundSplit is not found.
10-14 00:38:24.316 18285 18369 V XWhaleResourceRewriter: com.naver.xwhale.R$styleable.ActionBar_backgroundStacked is not found.
10-14 00:38:24.316 18285 18369 V XWhaleResourceRewriter: com.naver.xwhale.R$styleable.ActionBar_contentInsetEnd is not found.
10-14 00:38:24.316 18285 18369 V XWhaleResourceRewriter: com.naver.xwhale.R$styleable.ActionBar_contentInsetEndWithActions is not found.
10-14 00:38:24.316 18285 18369 V XWhaleResourceRewriter: com.naver.xwhale.R$styleable.ActionBar_contentInsetLeft is not found.
10-14 00:38:24.316 18285 18369 V XWhaleResourceRewriter: com.naver.xwhale.R$styleable.ActionBar_contentInsetRight is not found.
10-14 00:38:24.316 18285 18369 V XWhaleResourceRewriter: com.naver.xwhale.R$styleable.ActionBar_contentInsetStart is not found.
10-14 00:38:24.316 18285 18369 V XWhaleResourceRewriter: com.naver.xwhale.R$styleable.ActionBar_contentInsetStartWithNavigation is not found.
10-14 00:38:24.316 18285 18369 V XWhaleResourceRewriter: com.naver.xwhale.R$styleable.ActionBar_customNavigationLayout is not found.
10-14 00:38:24.316 18285 18369 V XWhaleResourceRewriter: com.naver.xwhale.R$styleable.ActionBar_displayOptions is not found.
10-14 00:38:24.316 18285 18369 V XWhaleResourceRewriter: com.naver.xwhale.R$styleable.ActionBar_divider is not found.
10-14 00:38:24.317 18285 18369 V XWhaleResourceRewriter: com.naver.xwhale.R$styleable.ActionBar_elevation is not found.
10-14 00:38:24.317 18285 18369 V XWhaleResourceRewriter: com.naver.xwhale.R$styleable.ActionBar_height is not found.
10-14 00:38:24.317 18285 18369 V XWhaleResourceRewriter: com.naver.xwhale.R$styleable.ActionBar_hideOnContentScroll is not found.
10-14 00:38:24.317 18285 18369 V XWhaleResourceRewriter: com.naver.xwhale.R$styleable.ActionBar_homeAsUpIndicator is not found.
10-14 00:38:24.317 18285 18369 V XWhaleResourceRewriter: com.naver.xwhale.R$styleable.ActionBar_homeLayout is not found.
10-14 00:38:24.317 18285 18369 V XWhaleResourceRewriter: com.naver.xwhale.R$styleable.ActionBar_icon is not found.
10-14 00:38:24.317 18285 18369 V XWhaleResourceRewriter: com.naver.xwhale.R$styleable.ActionBar_indeterminateProgressStyle is not found.
10-14 00:38:24.317 18285 18369 V XWhaleResourceRewriter: com.naver.xwhale.R$styleable.ActionBar_itemPadding is not found.
10-14 00:38:24.317 18285 18369 V XWhaleResourceRewriter: com.naver.xwhale.R$styleable.ActionBar_logo is not found.
10-14 00:38:24.317 18285 18369 V XWhaleResourceRewriter: com.naver.xwhale.R$styleable.ActionBar_navigationMode is not found.
10-14 00:38:24.317 18285 18369 V XWhaleResourceRewriter: com.naver.xwhale.R$styleable.ActionBar_popupTheme is not found.
10-14 00:38:24.317 18285 18369 V XWhaleResourceRewriter: com.naver.xwhale.R$styleable.ActionBar_progressBarPadding is not found.
10-14 00:38:24.317 18285 18369 V XWhaleResourceRewriter: com.naver.xwhale.R$styleable.ActionBar_progressBarStyle is not found.
10-14 00:38:24.317 18285 18369 V XWhaleResourceRewriter: com.naver.xwhale.R$styleable.ActionBar_subtitle is not found.
10-14 00:38:24.317 18285 18369 V XWhaleResourceRewriter: com.naver.xwhale.R$styleable.ActionBar_subtitleTextStyle is not found.
10-14 00:38:24.317 18285 18369 V XWhaleResourceRewriter: com.naver.xwhale.R$styleable.ActionBar_title is not found.
10-14 00:38:24.317 18285 18369 V XWhaleResourceRewriter: com.naver.xwhale.R$styleable.ActionBar_titleTextStyle is not found.
10-14 00:38:24.317 18285 18369 V XWhaleResourceRewriter: com.naver.xwhale.R$styleable.ActionMenuItemView is not found.
10-14 00:38:24.317 18285 18369 V XWhaleResourceRewriter: com.naver.xwhale.R$styleable.ActionMenuItemView_android_minWidth is not found.
10-14 00:38:24.317 18285 18369 V XWhaleResourceRewriter: com.naver.xwhale.R$styleable.ActionMenuView is not found.
10-14 00:38:24.317 18285 18369 V XWhaleResourceRewriter: com.naver.xwhale.R$styleable.ActionMode is not found.
10-14 00:38:24.317 18285 18369 V XWhaleResourceRewriter: com.naver.xwhale.R$styleable.ActionMode_background is not found.
10-14 00:38:24.318 18285 18369 V XWhaleResourceRewriter: com.naver.xwhale.R$styleable.ActionMode_backgroundSplit is not found.
10-14 00:38:24.318 18285 18369 V XWhaleResourceRewriter: com.naver.xwhale.R$styleable.ActionMode_closeItemLayout is not found.
10-14 00:38:24.318 18285 18369 V XWhaleResourceRewriter: com.naver.xwhale.R$styleable.ActionMode_height is not found.
10-14 00:38:24.318 18285 18369 V XWhaleResourceRewriter: com.naver.xwhale.R$styleable.ActionMode_subtitleTextStyle is not found.
10-14 00:38:24.318 18285 18369 V XWhaleResourceRewriter: com.naver.xwhale.R$styleable.ActionMode_titleTextStyle is not found.
10-14 00:38:24.318 18285 18369 V XWhaleResourceRewriter: com.naver.xwhale.R$styleable.ActivityChooserView is not found.
10-14 00:38:24.318 18285 18369 V XWhaleResourceRewriter: com.naver.xwhale.R$styleable.ActivityChooserView_expandActivityOverflowButtonDrawable is not found.
10-14 00:38:24.318 18285 18369 V XWhaleResourceRewriter: com.naver.xwhale.R$styleable.ActivityChooserView_initialActivityCount is not found.
10-14 00:38:24.318 18285 18369 V XWhaleResourceRewriter: com.naver.xwhale.R$styleable.AlertDialog is not found.
10-14 00:38:24.318 18285 18369 V XWhaleResourceRewriter: com.naver.xwhale.R$styleable.AlertDialog_android_layout is not found.
10-14 00:38:24.318 18285 18369 V XWhaleResourceRewriter: com.naver.xwhale.R$styleable.AlertDialog_buttonIconDimen is not found.
10-14 00:38:24.318 18285 18369 V XWhaleResourceRewriter: com.naver.xwhale.R$styleable.AlertDialog_buttonPanelSideLayout is not found.
10-14 00:38:24.318 18285 18369 V XWhaleResourceRewriter: com.naver.xwhale.R$styleable.AlertDialog_listItemLayout is not found.
10-14 00:38:24.318 18285 18369 V XWhaleResourceRewriter: com.naver.xwhale.R$styleable.AlertDialog_listLayout is not found.
10-14 00:38:24.318 18285 18369 V XWhaleResourceRewriter: com.naver.xwhale.R$styleable.AlertDialog_multiChoiceItemLayout is not found.
10-14 00:38:24.318 18285 18369 V XWhaleResourceRewriter: com.naver.xwhale.R$styleable.AlertDialog_showTitle is not found.
10-14 00:38:24.318 18285 18369 V XWhaleResourceRewriter: com.naver.xwhale.R$styleable.AlertDialog_singleChoiceItemLayout is not found.
10-14 00:38:24.318 18285 18369 V XWhaleResourceRewriter: com.naver.xwhale.R$styleable.AnimatedStateListDrawableCompat is not found.
10-14 00:38:24.318 18285 18369 V XWhaleResourceRewriter: com.naver.xwhale.R$styleable.AnimatedStateListDrawableCompat_android_constantSize is not found.
