10-14 00:38:24.434 18285 18369 V XWhaleResourceRewriter: com.naver.xwhale.R$dimen.abc_dialog_fixed_width_major is not found.
10-14 00:38:24.434 18285 18369 V XWhaleResourceRewriter: com.naver.xwhale.R$dimen.abc_dialog_fixed_width_minor is not found.
10-14 00:38:24.434 18285 18369 V XWhaleResourceRewriter: com.naver.xwhale.R$dimen.abc_dialog_list_padding_bottom_no_buttons is not found.
10-14 00:38:24.434 18285 18369 V XWhaleResourceRewriter: com.naver.xwhale.R$dimen.abc_dialog_list_padding_top_no_title is not found.
10-14 00:38:24.434 18285 18369 V XWhaleResourceRewriter: com.naver.xwhale.R$dimen.abc_dialog_min_width_major is not found.
10-14 00:38:24.434 18285 18369 V XWhaleResourceRewriter: com.naver.xwhale.R$dimen.abc_dialog_min_width_minor is not found.
10-14 00:38:24.434 18285 18369 V XWhaleResourceRewriter: com.naver.xwhale.R$dimen.abc_dialog_padding_material is not found.
10-14 00:38:24.434 18285 18369 V XWhaleResourceRewriter: com.naver.xwhale.R$dimen.abc_dialog_padding_top_material is not found.
10-14 00:38:24.434 18285 18369 V XWhaleResourceRewriter: com.naver.xwhale.R$dimen.abc_dialog_title_divider_material is not found.
10-14 00:38:24.434 18285 18369 V XWhaleResourceRewriter: com.naver.xwhale.R$dimen.abc_disabled_alpha_material_dark is not found.
10-14 00:38:24.434 18285 18369 V XWhaleResourceRewriter: com.naver.xwhale.R$dimen.abc_disabled_alpha_material_light is not found.
10-14 00:38:24.434 18285 18369 V XWhaleResourceRewriter: com.naver.xwhale.R$dimen.abc_dropdownitem_icon_width is not found.
10-14 00:38:24.435 18285 18369 V XWhaleResourceRewriter: com.naver.xwhale.R$dimen.abc_dropdownitem_text_padding_left is not found.
10-14 00:38:24.435 18285 18369 V XWhaleResourceRewriter: com.naver.xwhale.R$dimen.abc_dropdownitem_text_padding_right is not found.
10-14 00:38:24.435 18285 18369 V XWhaleResourceRewriter: com.naver.xwhale.R$dimen.abc_edit_text_inset_bottom_material is not found.
10-14 00:38:24.435 18285 18369 V XWhaleResourceRewriter: com.naver.xwhale.R$dimen.abc_edit_text_inset_horizontal_material is not found.
10-14 00:38:24.435 18285 18369 V XWhaleResourceRewriter: com.naver.xwhale.R$dimen.abc_edit_text_inset_top_material is not found.
10-14 00:38:24.435 18285 18369 V XWhaleResourceRewriter: com.naver.xwhale.R$dimen.abc_floating_window_z is not found.
10-14 00:38:24.435 18285 18369 V XWhaleResourceRewriter: com.naver.xwhale.R$dimen.abc_list_item_padding_horizontal_material is not found.
10-14 00:38:24.435 18285 18369 V XWhaleResourceRewriter: com.naver.xwhale.R$dimen.abc_panel_menu_list_width is not found.
10-14 00:38:24.435 18285 18369 V XWhaleResourceRewriter: com.naver.xwhale.R$dimen.abc_progress_bar_height_material is not found.
10-14 00:38:24.435 18285 18369 V XWhaleResourceRewriter: com.naver.xwhale.R$dimen.abc_search_view_preferred_height is not found.
10-14 00:38:24.435 18285 18369 V XWhaleResourceRewriter: com.naver.xwhale.R$dimen.abc_search_view_preferred_width is not found.
10-14 00:38:24.435 18285 18369 V XWhaleResourceRewriter: com.naver.xwhale.R$dimen.abc_seekbar_track_background_height_material is not found.
10-14 00:38:24.435 18285 18369 V XWhaleResourceRewriter: com.naver.xwhale.R$dimen.abc_seekbar_track_progress_height_material is not found.
10-14 00:38:24.435 18285 18369 V XWhaleResourceRewriter: com.naver.xwhale.R$dimen.abc_select_dialog_padding_start_material is not found.
10-14 00:38:24.435 18285 18369 V XWhaleResourceRewriter: com.naver.xwhale.R$dimen.abc_switch_padding is not found.
10-14 00:38:24.435 18285 18369 V XWhaleResourceRewriter: com.naver.xwhale.R$dimen.abc_text_size_body_1_material is not found.
10-14 00:38:24.435 18285 18369 V XWhaleResourceRewriter: com.naver.xwhale.R$dimen.abc_text_size_body_2_material is not found.
10-14 00:38:24.435 18285 18369 V XWhaleResourceRewriter: com.naver.xwhale.R$dimen.abc_text_size_button_material is not found.
10-14 00:38:24.435 18285 18369 V XWhaleResourceRewriter: com.naver.xwhale.R$dimen.abc_text_size_caption_material is not found.
10-14 00:38:24.435 18285 18369 V XWhaleResourceRewriter: com.naver.xwhale.R$dimen.abc_text_size_display_1_material is not found.
10-14 00:38:24.435 18285 18369 V XWhaleResourceRewriter: com.naver.xwhale.R$dimen.abc_text_size_display_2_material is not found.
10-14 00:38:24.435 18285 18369 V XWhaleResourceRewriter: com.naver.xwhale.R$dimen.abc_text_size_display_3_material is not found.
10-14 00:38:24.435 18285 18369 V XWhaleResourceRewriter: com.naver.xwhale.R$dimen.abc_text_size_display_4_material is not found.
10-14 00:38:24.436 18285 18369 V XWhaleResourceRewriter: com.naver.xwhale.R$dimen.abc_text_size_headline_material is not found.
10-14 00:38:24.436 18285 18369 V XWhaleResourceRewriter: com.naver.xwhale.R$dimen.abc_text_size_large_material is not found.
10-14 00:38:24.436 18285 18369 V XWhaleResourceRewriter: com.naver.xwhale.R$dimen.abc_text_size_medium_material is not found.
10-14 00:38:24.436 18285 18369 V XWhaleResourceRewriter: com.naver.xwhale.R$dimen.abc_text_size_menu_header_material is not found.
10-14 00:38:24.436 18285 18369 V XWhaleResourceRewriter: com.naver.xwhale.R$dimen.abc_text_size_menu_material is not found.
10-14 00:38:24.436 18285 18369 V XWhaleResourceRewriter: com.naver.xwhale.R$dimen.abc_text_size_small_material is not found.
10-14 00:38:24.436 18285 18369 V XWhaleResourceRewriter: com.naver.xwhale.R$dimen.abc_text_size_subhead_material is not found.
10-14 00:38:24.436 18285 18369 V XWhaleResourceRewriter: com.naver.xwhale.R$dimen.abc_text_size_subtitle_material_toolbar is not found.
10-14 00:38:24.436 18285 18369 V XWhaleResourceRewriter: com.naver.xwhale.R$dimen.abc_text_size_title_material is not found.
10-14 00:38:24.436 18285 18369 V XWhaleResourceRewriter: com.naver.xwhale.R$dimen.abc_text_size_title_material_toolbar is not found.
10-14 00:38:24.437  2953  2963 I system_server: Background concurrent copying GC freed 204421(8MB) AllocSpace objects, 10(280KB) LOS objects, 42% free, 12MB/21MB, paused 173us total 152.537ms
10-14 00:38:24.437 18285 18285 W DummyAceClient: dummy aceClient
10-14 00:38:24.437 18285 18285 V WebViewChromiumXWhaleInit: Binding Chromium to main looper Looper (main, tid 2) {6aae325}
10-14 00:38:24.439 18285 18369 V XWhaleResourceRewriter: com.naver.xwhale.R$dimen.compat_button_inset_horizontal_material is not found.
10-14 00:38:24.439 18285 18369 V XWhaleResourceRewriter: com.naver.xwhale.R$dimen.compat_button_inset_vertical_material is not found.
10-14 00:38:24.439 18285 18369 V XWhaleResourceRewriter: com.naver.xwhale.R$dimen.compat_button_padding_horizontal_material is not found.
10-14 00:38:24.439 18285 18369 V XWhaleResourceRewriter: com.naver.xwhale.R$dimen.compat_button_padding_vertical_material is not found.
10-14 00:38:24.439 18285 18369 V XWhaleResourceRewriter: com.naver.xwhale.R$dimen.compat_control_corner_material is not found.
10-14 00:38:24.439 18285 18369 V XWhaleResourceRewriter: com.naver.xwhale.R$dimen.compat_notification_large_icon_max_height is not found.
10-14 00:38:24.439 18285 18369 V XWhaleResourceRewriter: com.naver.xwhale.R$dimen.compat_notification_large_icon_max_width is not found.
10-14 00:38:24.439 18285 18369 V XWhaleResourceRewriter: com.naver.xwhale.R$dimen.disabled_alpha_material_dark is not found.
10-14 00:38:24.439 18285 18369 V XWhaleResourceRewriter: com.naver.xwhale.R$dimen.disabled_alpha_material_light is not found.
10-14 00:38:24.439 18285 18369 V XWhaleResourceRewriter: com.naver.xwhale.R$dimen.fastscroll_default_thickness is not found.
10-14 00:38:24.439 18285 18369 V XWhaleResourceRewriter: com.naver.xwhale.R$dimen.fastscroll_margin is not found.
10-14 00:38:24.439 18285 18369 V XWhaleResourceRewriter: com.naver.xwhale.R$dimen.fastscroll_minimum_range is not found.
10-14 00:38:24.439 18285 18369 V XWhaleResourceRewriter: com.naver.xwhale.R$dimen.highlight_alpha_material_colored is not found.
10-14 00:38:24.440 18285 18369 V XWhaleResourceRewriter: com.naver.xwhale.R$dimen.highlight_alpha_material_dark is not found.
10-14 00:38:24.440 18285 18369 V XWhaleResourceRewriter: com.naver.xwhale.R$dimen.highlight_alpha_material_light is not found.
10-14 00:38:24.440 18285 18369 V XWhaleResourceRewriter: com.naver.xwhale.R$dimen.hint_alpha_material_dark is not found.
10-14 00:38:24.440 18285 18369 V XWhaleResourceRewriter: com.naver.xwhale.R$dimen.hint_alpha_material_light is not found.
10-14 00:38:24.440 18285 18369 V XWhaleResourceRewriter: com.naver.xwhale.R$dimen.hint_pressed_alpha_material_dark is not found.
10-14 00:38:24.440 18285 18369 V XWhaleResourceRewriter: com.naver.xwhale.R$dimen.hint_pressed_alpha_material_light is not found.
10-14 00:38:24.440 18285 18369 V XWhaleResourceRewriter: com.naver.xwhale.R$dimen.item_touch_helper_max_drag_scroll_per_frame is not found.
10-14 00:38:24.440 18285 18369 V XWhaleResourceRewriter: com.naver.xwhale.R$dimen.item_touch_helper_swipe_escape_max_velocity is not found.
10-14 00:38:24.440 18285 18369 V XWhaleResourceRewriter: com.naver.xwhale.R$dimen.item_touch_helper_swipe_escape_velocity is not found.
10-14 00:38:24.440 18285 18369 V XWhaleResourceRewriter: com.naver.xwhale.R$dimen.notification_action_icon_size is not found.
10-14 00:38:24.440 18285 18369 V XWhaleResourceRewriter: com.naver.xwhale.R$dimen.notification_action_text_size is not found.
10-14 00:38:24.440 18285 18369 V XWhaleResourceRewriter: com.naver.xwhale.R$dimen.notification_big_circle_margin is not found.
10-14 00:38:24.440 18285 18369 V XWhaleResourceRewriter: com.naver.xwhale.R$dimen.notification_content_margin_start is not found.
10-14 00:38:24.440 18285 18369 V XWhaleResourceRewriter: com.naver.xwhale.R$dimen.notification_large_icon_height is not found.
10-14 00:38:24.440 18285 18369 V XWhaleResourceRewriter: com.naver.xwhale.R$dimen.notification_large_icon_width is not found.
10-14 00:38:24.440 18285 18369 V XWhaleResourceRewriter: com.naver.xwhale.R$dimen.notification_main_column_padding_top is not found.
10-14 00:38:24.440 18285 18369 V XWhaleResourceRewriter: com.naver.xwhale.R$dimen.notification_media_narrow_margin is not found.
10-14 00:38:24.440 18285 18369 V XWhaleResourceRewriter: com.naver.xwhale.R$dimen.notification_right_icon_size is not found.
10-14 00:38:24.440 18285 18369 V XWhaleResourceRewriter: com.naver.xwhale.R$dimen.notification_right_side_padding_top is not found.
10-14 00:38:24.440 18285 18369 V XWhaleResourceRewriter: com.naver.xwhale.R$dimen.notification_small_icon_background_padding is not found.
10-14 00:38:24.440 18285 18369 V XWhaleResourceRewriter: com.naver.xwhale.R$dimen.notification_small_icon_size_as_large is not found.
10-14 00:38:24.441 18285 18369 V XWhaleResourceRewriter: com.naver.xwhale.R$dimen.notification_subtext_size is not found.
10-14 00:38:24.441 18285 18369 V XWhaleResourceRewriter: com.naver.xwhale.R$dimen.notification_top_pad is not found.
10-14 00:38:24.441 18285 18369 V XWhaleResourceRewriter: com.naver.xwhale.R$dimen.notification_top_pad_large_text is not found.
10-14 00:38:24.441 18285 18369 V XWhaleResourceRewriter: com.naver.xwhale.R$dimen.subtitle_corner_radius is not found.
10-14 00:38:24.441 18285 18369 V XWhaleResourceRewriter: com.naver.xwhale.R$dimen.subtitle_outline_width is not found.
10-14 00:38:24.441 18285 18369 V XWhaleResourceRewriter: com.naver.xwhale.R$dimen.subtitle_shadow_offset is not found.
10-14 00:38:24.441 18285 18369 V XWhaleResourceRewriter: com.naver.xwhale.R$dimen.subtitle_shadow_radius is not found.
10-14 00:38:24.441 18285 18369 V XWhaleResourceRewriter: com.naver.xwhale.R$dimen.tooltip_corner_radius is not found.
10-14 00:38:24.441 18285 18369 V XWhaleResourceRewriter: com.naver.xwhale.R$dimen.tooltip_horizontal_padding is not found.
10-14 00:38:24.441 18285 18369 V XWhaleResourceRewriter: com.naver.xwhale.R$dimen.tooltip_margin is not found.
10-14 00:38:24.441 18285 18369 V XWhaleResourceRewriter: com.naver.xwhale.R$dimen.tooltip_precise_anchor_extra_offset is not found.
10-14 00:38:24.441 18285 18369 V XWhaleResourceRewriter: com.naver.xwhale.R$dimen.tooltip_precise_anchor_threshold is not found.
10-14 00:38:24.441 18285 18369 V XWhaleResourceRewriter: com.naver.xwhale.R$dimen.tooltip_vertical_padding is not found.
10-14 00:38:24.441 18285 18369 V XWhaleResourceRewriter: com.naver.xwhale.R$dimen.tooltip_y_offset_non_touch is not found.
10-14 00:38:24.441 18285 18369 V XWhaleResourceRewriter: com.naver.xwhale.R$dimen.tooltip_y_offset_touch is not found.
10-14 00:38:24.442 18285 18369 V XWhaleResourceRewriter: com.naver.xwhale.R$color.abc_background_cache_hint_selector_material_dark is not found.
10-14 00:38:24.442 18285 18369 V XWhaleResourceRewriter: com.naver.xwhale.R$color.abc_background_cache_hint_selector_material_light is not found.
10-14 00:38:24.442 18285 18369 V XWhaleResourceRewriter: com.naver.xwhale.R$color.abc_btn_colored_borderless_text_material is not found.
10-14 00:38:24.442 18285 18369 V XWhaleResourceRewriter: com.naver.xwhale.R$color.abc_btn_colored_text_material is not found.
10-14 00:38:24.442 18285 18369 V XWhaleResourceRewriter: com.naver.xwhale.R$color.abc_color_highlight_material is not found.
10-14 00:38:24.442 18285 18369 V XWhaleResourceRewriter: com.naver.xwhale.R$color.abc_hint_foreground_material_dark is not found.
10-14 00:38:24.442 18285 18369 V XWhaleResourceRewriter: com.naver.xwhale.R$color.abc_hint_foreground_material_light is not found.
10-14 00:38:24.442 18285 18369 V XWhaleResourceRewriter: com.naver.xwhale.R$color.abc_input_method_navigation_guard is not found.
10-14 00:38:24.442 18285 18369 V XWhaleResourceRewriter: com.naver.xwhale.R$color.abc_primary_text_disable_only_material_dark is not found.
10-14 00:38:24.442 18285 18369 V XWhaleResourceRewriter: com.naver.xwhale.R$color.abc_primary_text_disable_only_material_light is not found.
10-14 00:38:24.442 18285 18369 V XWhaleResourceRewriter: com.naver.xwhale.R$color.abc_primary_text_material_dark is not found.
10-14 00:38:24.442 18285 18369 V XWhaleResourceRewriter: com.naver.xwhale.R$color.abc_primary_text_material_light is not found.
10-14 00:38:24.442 18285 18369 V XWhaleResourceRewriter: com.naver.xwhale.R$color.abc_search_url_text is not found.
10-14 00:38:24.442 18285 18369 V XWhaleResourceRewriter: com.naver.xwhale.R$color.abc_search_url_text_normal is not found.
10-14 00:38:24.442 18285 18369 V XWhaleResourceRewriter: com.naver.xwhale.R$color.abc_search_url_text_pressed is not found.
10-14 00:38:24.442 18285 18369 V XWhaleResourceRewriter: com.naver.xwhale.R$color.abc_search_url_text_selected is not found.
10-14 00:38:24.442 18285 18369 V XWhaleResourceRewriter: com.naver.xwhale.R$color.abc_secondary_text_material_dark is not found.
10-14 00:38:24.442 18285 18369 V XWhaleResourceRewriter: com.naver.xwhale.R$color.abc_secondary_text_material_light is not found.
10-14 00:38:24.442 18285 18369 V XWhaleResourceRewriter: com.naver.xwhale.R$color.abc_tint_btn_checkable is not found.
10-14 00:38:24.443 18285 18369 V XWhaleResourceRewriter: com.naver.xwhale.R$color.abc_tint_default is not found.
10-14 00:38:24.443 18285 18369 V XWhaleResourceRewriter: com.naver.xwhale.R$color.abc_tint_edittext is not found.
10-14 00:38:24.443 18285 18369 V XWhaleResourceRewriter: com.naver.xwhale.R$color.abc_tint_seek_thumb is not found.
10-14 00:38:24.443 18285 18369 V XWhaleResourceRewriter: com.naver.xwhale.R$color.abc_tint_spinner is not found.
10-14 00:38:24.443 18285 18369 V XWhaleResourceRewriter: com.naver.xwhale.R$color.abc_tint_switch_track is not found.
10-14 00:38:24.443 18285 18369 V XWhaleResourceRewriter: com.naver.xwhale.R$color.accent_material_dark is not found.
10-14 00:38:24.443 18285 18369 V XWhaleResourceRewriter: com.naver.xwhale.R$color.accent_material_light is not found.
10-14 00:38:24.443 18285 18369 V XWhaleResourceRewriter: com.naver.xwhale.R$color.background_floating_material_dark is not found.
10-14 00:38:24.443 18285 18369 V XWhaleResourceRewriter: com.naver.xwhale.R$color.background_floating_material_light is not found.
10-14 00:38:24.443 18285 18369 V XWhaleResourceRewriter: com.naver.xwhale.R$color.background_material_dark is not found.
10-14 00:38:24.443 18285 18369 V XWhaleResourceRewriter: com.naver.xwhale.R$color.background_material_light is not found.
10-14 00:38:24.443 18285 18369 V XWhaleResourceRewriter: com.naver.xwhale.R$color.bright_foreground_disabled_material_dark is not found.
10-14 00:38:24.443 18285 18369 V XWhaleResourceRewriter: com.naver.xwhale.R$color.bright_foreground_disabled_material_light is not found.
10-14 00:38:24.443 18285 18369 V XWhaleResourceRewriter: com.naver.xwhale.R$color.bright_foreground_inverse_material_dark is not found.
10-14 00:38:24.443 18285 18369 V XWhaleResourceRewriter: com.naver.xwhale.R$color.bright_foreground_inverse_material_light is not found.
10-14 00:38:24.443 18285 18369 V XWhaleResourceRewriter: com.naver.xwhale.R$color.bright_foreground_material_dark is not found.
10-14 00:38:24.443 18285 18369 V XWhaleResourceRewriter: com.naver.xwhale.R$color.bright_foreground_material_light is not found.
10-14 00:38:24.443 18285 18369 V XWhaleResourceRewriter: com.naver.xwhale.R$color.button_material_dark is not found.
10-14 00:38:24.443 18285 18369 V XWhaleResourceRewriter: com.naver.xwhale.R$color.button_material_light is not found.
10-14 00:38:24.444 18285 18369 V XWhaleResourceRewriter: com.naver.xwhale.R$color.common_google_signin_btn_text_dark is not found.
10-14 00:38:24.444 18285 18369 V XWhaleResourceRewriter: com.naver.xwhale.R$color.common_google_signin_btn_text_dark_default is not found.
10-14 00:38:24.444 18285 18369 V XWhaleResourceRewriter: com.naver.xwhale.R$color.common_google_signin_btn_text_dark_disabled is not found.
10-14 00:38:24.444 18285 18369 V XWhaleResourceRewriter: com.naver.xwhale.R$color.common_google_signin_btn_text_dark_focused is not found.
10-14 00:38:24.444 18285 18369 V XWhaleResourceRewriter: com.naver.xwhale.R$color.common_google_signin_btn_text_dark_pressed is not found.
10-14 00:38:24.444 18285 18369 V XWhaleResourceRewriter: com.naver.xwhale.R$color.common_google_signin_btn_text_light is not found.
10-14 00:38:24.444 18285 18369 V XWhaleResourceRewriter: com.naver.xwhale.R$color.common_google_signin_btn_text_light_default is not found.
10-14 00:38:24.444 18285 18369 V XWhaleResourceRewriter: com.naver.xwhale.R$color.common_google_signin_btn_text_light_disabled is not found.
10-14 00:38:24.444 18285 18369 V XWhaleResourceRewriter: com.naver.xwhale.R$color.common_google_signin_btn_text_light_focused is not found.
10-14 00:38:24.444 18285 18369 V XWhaleResourceRewriter: com.naver.xwhale.R$color.common_google_signin_btn_text_light_pressed is not found.
10-14 00:38:24.444 18285 18369 V XWhaleResourceRewriter: com.naver.xwhale.R$color.common_google_signin_btn_tint is not found.
10-14 00:38:24.445 18285 18369 V XWhaleResourceRewriter: com.naver.xwhale.R$color.dim_foreground_disabled_material_dark is not found.
10-14 00:38:24.445 18285 18369 V XWhaleResourceRewriter: com.naver.xwhale.R$color.dim_foreground_disabled_material_light is not found.
10-14 00:38:24.445 18285 18369 V XWhaleResourceRewriter: com.naver.xwhale.R$color.dim_foreground_material_dark is not found.
10-14 00:38:24.445 18285 18369 V XWhaleResourceRewriter: com.naver.xwhale.R$color.dim_foreground_material_light is not found.
10-14 00:38:24.445 18285 18369 V XWhaleResourceRewriter: com.naver.xwhale.R$color.error_color_material_dark is not found.
10-14 00:38:24.445 18285 18369 V XWhaleResourceRewriter: com.naver.xwhale.R$color.error_color_material_light is not found.
10-14 00:38:24.445 18285 18369 V XWhaleResourceRewriter: com.naver.xwhale.R$color.foreground_material_dark is not found.
10-14 00:38:24.445 18285 18369 V XWhaleResourceRewriter: com.naver.xwhale.R$color.foreground_material_light is not found.
10-14 00:38:24.445 18285 18369 V XWhaleResourceRewriter: com.naver.xwhale.R$color.highlighted_text_material_dark is not found.
10-14 00:38:24.446 18285 18369 V XWhaleResourceRewriter: com.naver.xwhale.R$color.highlighted_text_material_light is not found.
10-14 00:38:24.446 18285 18369 V XWhaleResourceRewriter: com.naver.xwhale.R$color.material_blue_grey_800 is not found.
10-14 00:38:24.446 18285 18369 V XWhaleResourceRewriter: com.naver.xwhale.R$color.material_blue_grey_900 is not found.
10-14 00:38:24.446 18285 18369 V XWhaleResourceRewriter: com.naver.xwhale.R$color.material_blue_grey_950 is not found.
10-14 00:38:24.446 18285 18369 V XWhaleResourceRewriter: com.naver.xwhale.R$color.material_deep_teal_200 is not found.
10-14 00:38:24.446 18285 18369 V XWhaleResourceRewriter: com.naver.xwhale.R$color.material_deep_teal_500 is not found.
10-14 00:38:24.446 18285 18369 V XWhaleResourceRewriter: com.naver.xwhale.R$color.material_grey_100 is not found.
10-14 00:38:24.446 18285 18369 V XWhaleResourceRewriter: com.naver.xwhale.R$color.material_grey_300 is not found.
10-14 00:38:24.446 18285 18369 V XWhaleResourceRewriter: com.naver.xwhale.R$color.material_grey_50 is not found.
10-14 00:38:24.446 18285 18369 V XWhaleResourceRewriter: com.naver.xwhale.R$color.material_grey_600 is not found.
10-14 00:38:24.446 18285 18369 V XWhaleResourceRewriter: com.naver.xwhale.R$color.material_grey_800 is not found.
10-14 00:38:24.446 18285 18369 V XWhaleResourceRewriter: com.naver.xwhale.R$color.material_grey_850 is not found.
10-14 00:38:24.446 18285 18369 V XWhaleResourceRewriter: com.naver.xwhale.R$color.material_grey_900 is not found.
10-14 00:38:24.446 18285 18369 V XWhaleResourceRewriter: com.naver.xwhale.R$color.notification_action_color_filter is not found.
10-14 00:38:24.446 18285 18369 V XWhaleResourceRewriter: com.naver.xwhale.R$color.notification_icon_bg_color is not found.
10-14 00:38:24.447 18285 18369 V XWhaleResourceRewriter: com.naver.xwhale.R$color.notification_material_background_media_default_color is not found.
10-14 00:38:24.447 18285 18369 V XWhaleResourceRewriter: com.naver.xwhale.R$color.primary_dark_material_dark is not found.
10-14 00:38:24.447 18285 18369 V XWhaleResourceRewriter: com.naver.xwhale.R$color.primary_dark_material_light is not found.
10-14 00:38:24.447 18285 18369 V XWhaleResourceRewriter: com.naver.xwhale.R$color.primary_material_dark is not found.
10-14 00:38:24.447 18285 18369 V XWhaleResourceRewriter: com.naver.xwhale.R$color.primary_material_light is not found.
10-14 00:38:24.447 18285 18369 V XWhaleResourceRewriter: com.naver.xwhale.R$color.primary_text_default_material_dark is not found.
10-14 00:38:24.447 18285 18369 V XWhaleResourceRewriter: com.naver.xwhale.R$color.primary_text_default_material_light is not found.
10-14 00:38:24.447 18285 18369 V XWhaleResourceRewriter: com.naver.xwhale.R$color.primary_text_disabled_material_dark is not found.
10-14 00:38:24.447 18285 18369 V XWhaleResourceRewriter: com.naver.xwhale.R$color.primary_text_disabled_material_light is not found.
10-14 00:38:24.447 18285 18369 V XWhaleResourceRewriter: com.naver.xwhale.R$color.ripple_material_dark is not found.
10-14 00:38:24.447 18285 18369 V XWhaleResourceRewriter: com.naver.xwhale.R$color.ripple_material_light is not found.
10-14 00:38:24.447 18285 18369 V XWhaleResourceRewriter: com.naver.xwhale.R$color.secondary_text_default_material_dark is not found.
10-14 00:38:24.447 18285 18369 V XWhaleResourceRewriter: com.naver.xwhale.R$color.secondary_text_default_material_light is not found.
10-14 00:38:24.447 18285 18369 V XWhaleResourceRewriter: com.naver.xwhale.R$color.secondary_text_disabled_material_dark is not found.
10-14 00:38:24.447 18285 18369 V XWhaleResourceRewriter: com.naver.xwhale.R$color.secondary_text_disabled_material_light is not found.
10-14 00:38:24.447 18285 18369 V XWhaleResourceRewriter: com.naver.xwhale.R$color.switch_thumb_disabled_material_dark is not found.
10-14 00:38:24.447 18285 18369 V XWhaleResourceRewriter: com.naver.xwhale.R$color.switch_thumb_disabled_material_light is not found.
10-14 00:38:24.447 18285 18369 V XWhaleResourceRewriter: com.naver.xwhale.R$color.switch_thumb_material_dark is not found.
10-14 00:38:24.447 18285 18369 V XWhaleResourceRewriter: com.naver.xwhale.R$color.switch_thumb_material_light is not found.
10-14 00:38:24.447 18285 18369 V XWhaleResourceRewriter: com.naver.xwhale.R$color.switch_thumb_normal_material_dark is not found.
10-14 00:38:24.447 18285 18369 V XWhaleResourceRewriter: com.naver.xwhale.R$color.switch_thumb_normal_material_light is not found.
10-14 00:38:24.448 18285 18369 V XWhaleResourceRewriter: com.naver.xwhale.R$color.tooltip_background_dark is not found.
10-14 00:38:24.448 18285 18369 V XWhaleResourceRewriter: com.naver.xwhale.R$color.tooltip_background_light is not found.
10-14 00:38:24.449 18285 18369 V XWhaleResourceRewriter: com.naver.xwhale.R$boolis not found.
10-14 00:38:24.449 18285 18369 V XWhaleResourceRewriter: com.naver.xwhale.R$attr.actionBarDivider is not found.
10-14 00:38:24.449 18285 18369 V XWhaleResourceRewriter: com.naver.xwhale.R$attr.actionBarItemBackground is not found.
10-14 00:38:24.449 18285 18369 V XWhaleResourceRewriter: com.naver.xwhale.R$attr.actionBarPopupTheme is not found.
10-14 00:38:24.449 18285 18369 V XWhaleResourceRewriter: com.naver.xwhale.R$attr.actionBarSize is not found.
10-14 00:38:24.450 18285 18369 V XWhaleResourceRewriter: com.naver.xwhale.R$attr.actionBarSplitStyle is not found.
10-14 00:38:24.450 18285 18369 V XWhaleResourceRewriter: com.naver.xwhale.R$attr.actionBarStyle is not found.
10-14 00:38:24.450 18285 18369 V XWhaleResourceRewriter: com.naver.xwhale.R$attr.actionBarTabBarStyle is not found.
10-14 00:38:24.450 18285 18369 V XWhaleResourceRewriter: com.naver.xwhale.R$attr.actionBarTabStyle is not found.
10-14 00:38:24.450 18285 18369 V XWhaleResourceRewriter: com.naver.xwhale.R$attr.actionBarTabTextStyle is not found.
10-14 00:38:24.450 18285 18369 V XWhaleResourceRewriter: com.naver.xwhale.R$attr.actionBarTheme is not found.
10-14 00:38:24.450 18285 18369 V XWhaleResourceRewriter: com.naver.xwhale.R$attr.actionBarWidgetTheme is not found.
10-14 00:38:24.450 18285 18369 V XWhaleResourceRewriter: com.naver.xwhale.R$attr.actionButtonStyle is not found.
10-14 00:38:24.450 18285 18369 V XWhaleResourceRewriter: com.naver.xwhale.R$attr.actionDropDownStyle is not found.
10-14 00:38:24.450 18285 18369 V XWhaleResourceRewriter: com.naver.xwhale.R$attr.actionLayout is not found.
10-14 00:38:24.450 18285 18369 V XWhaleResourceRewriter: com.naver.xwhale.R$attr.actionMenuTextAppearance is not found.
10-14 00:38:24.450 18285 18369 V XWhaleResourceRewriter: com.naver.xwhale.R$attr.actionMenuTextColor is not found.
10-14 00:38:24.450 18285 18369 V XWhaleResourceRewriter: com.naver.xwhale.R$attr.actionModeBackground is not found.
10-14 00:38:24.450 18285 18369 V XWhaleResourceRewriter: com.naver.xwhale.R$attr.actionModeCloseButtonStyle is not found.
10-14 00:38:24.450 18285 18369 V XWhaleResourceRewriter: com.naver.xwhale.R$attr.actionModeCloseDrawable is not found.
10-14 00:38:24.450 18285 18369 V XWhaleResourceRewriter: com.naver.xwhale.R$attr.actionModeCopyDrawable is not found.
10-14 00:38:24.450 18285 18369 V XWhaleResourceRewriter: com.naver.xwhale.R$attr.actionModeCutDrawable is not found.
10-14 00:38:24.450 18285 18369 V XWhaleResourceRewriter: com.naver.xwhale.R$attr.actionModeFindDrawable is not found.
10-14 00:38:24.450 18285 18369 V XWhaleResourceRewriter: com.naver.xwhale.R$attr.actionModePasteDrawable is not found.
10-14 00:38:24.450 18285 18369 V XWhaleResourceRewriter: com.naver.xwhale.R$attr.actionModePopupWindowStyle is not found.
10-14 00:38:24.450 18285 18369 V XWhaleResourceRewriter: com.naver.xwhale.R$attr.actionModeSelectAllDrawable is not found.
10-14 00:38:24.450 18285 18369 V XWhaleResourceRewriter: com.naver.xwhale.R$attr.actionModeShareDrawable is not found.
10-14 00:38:24.451 18285 18369 V XWhaleResourceRewriter: com.naver.xwhale.R$attr.actionModeSplitBackground is not found.
10-14 00:38:24.451 18285 18369 V XWhaleResourceRewriter: com.naver.xwhale.R$attr.actionModeStyle is not found.
10-14 00:38:24.451 18285 18369 V XWhaleResourceRewriter: com.naver.xwhale.R$attr.actionModeWebSearchDrawable is not found.
10-14 00:38:24.451 18285 18369 V XWhaleResourceRewriter: com.naver.xwhale.R$attr.actionOverflowButtonStyle is not found.
10-14 00:38:24.451 18285 18369 V XWhaleResourceRewriter: com.naver.xwhale.R$attr.actionOverflowMenuStyle is not found.
10-14 00:38:24.451 18285 18369 V XWhaleResourceRewriter: com.naver.xwhale.R$attr.actionProviderClass is not found.
10-14 00:38:24.451 18285 18369 V XWhaleResourceRewriter: com.naver.xwhale.R$attr.actionViewClass is not found.
10-14 00:38:24.451 18285 18369 V XWhaleResourceRewriter: com.naver.xwhale.R$attr.activityChooserViewStyle is not found.
10-14 00:38:24.451 18285 18369 V XWhaleResourceRewriter: com.naver.xwhale.R$attr.alertDialogButtonGroupStyle is not found.
10-14 00:38:24.451 18285 18369 V XWhaleResourceRewriter: com.naver.xwhale.R$attr.alertDialogCenterButtons is not found.
10-14 00:38:24.451 18285 18369 V XWhaleResourceRewriter: com.naver.xwhale.R$attr.alertDialogStyle is not found.
10-14 00:38:24.451 18285 18369 V XWhaleResourceRewriter: com.naver.xwhale.R$attr.alertDialogTheme is not found.
10-14 00:38:24.451 18285 18369 V XWhaleResourceRewriter: com.naver.xwhale.R$attr.allowStacking is not found.
10-14 00:38:24.451 18285 18369 V XWhaleResourceRewriter: com.naver.xwhale.R$attr.alpha is not found.
10-14 00:38:24.451 18285 18369 V XWhaleResourceRewriter: com.naver.xwhale.R$attr.alphabeticModifiers is not found.
10-14 00:38:24.451 18285 18369 V XWhaleResourceRewriter: com.naver.xwhale.R$attr.arrowHeadLength is not found.
10-14 00:38:24.451 18285 18369 V XWhaleResourceRewriter: com.naver.xwhale.R$attr.arrowShaftLength is not found.
10-14 00:38:24.451 18285 18369 V XWhaleResourceRewriter: com.naver.xwhale.R$attr.autoCompleteTextViewStyle is not found.
10-14 00:38:24.451 18285 18369 V XWhaleResourceRewriter: com.naver.xwhale.R$attr.autoSizeMaxTextSize is not found.
10-14 00:38:24.451 18285 18369 V XWhaleResourceRewriter: com.naver.xwhale.R$attr.autoSizeMinTextSize is not found.
10-14 00:38:24.451 18285 18369 V XWhaleResourceRewriter: com.naver.xwhale.R$attr.autoSizePresetSizes is not found.
10-14 00:38:24.451 18285 18369 V XWhaleResourceRewriter: com.naver.xwhale.R$attr.autoSizeStepGranularity is not found.
10-14 00:38:24.451 18285 18369 V XWhaleResourceRewriter: com.naver.xwhale.R$attr.autoSizeTextType is not found.
10-14 00:38:24.452 18285 18369 V XWhaleResourceRewriter: com.naver.xwhale.R$attr.background is not found.
10-14 00:38:24.452 18285 18369 V XWhaleResourceRewriter: com.naver.xwhale.R$attr.backgroundSplit is not found.
10-14 00:38:24.452 18285 18369 V XWhaleResourceRewriter: com.naver.xwhale.R$attr.backgroundStacked is not found.
10-14 00:38:24.452 18285 18369 V XWhaleResourceRewriter: com.naver.xwhale.R$attr.backgroundTint is not found.
10-14 00:38:24.452 18285 18369 V XWhaleResourceRewriter: com.naver.xwhale.R$attr.backgroundTintMode is not found.
10-14 00:38:24.452 18285 18369 V XWhaleResourceRewriter: com.naver.xwhale.R$attr.barLength is not found.
10-14 00:38:24.452 18285 18369 V XWhaleResourceRewriter: com.naver.xwhale.R$attr.borderlessButtonStyle is not found.
10-14 00:38:24.452 18285 18369 V XWhaleResourceRewriter: com.naver.xwhale.R$attr.buttonBarButtonStyle is not found.
10-14 00:38:24.452 18285 18369 V XWhaleResourceRewriter: com.naver.xwhale.R$attr.buttonBarNegativeButtonStyle is not found.
10-14 00:38:24.452 18285 18369 V XWhaleResourceRewriter: com.naver.xwhale.R$attr.buttonBarNeutralButtonStyle is not found.
10-14 00:38:24.452 18285 18369 V XWhaleResourceRewriter: com.naver.xwhale.R$attr.buttonBarPositiveButtonStyle is not found.
10-14 00:38:24.452 18285 18369 V XWhaleResourceRewriter: com.naver.xwhale.R$attr.buttonBarStyle is not found.
10-14 00:38:24.452 18285 18369 V XWhaleResourceRewriter: com.naver.xwhale.R$attr.buttonGravity is not found.
10-14 00:38:24.452 18285 18369 V XWhaleResourceRewriter: com.naver.xwhale.R$attr.buttonIconDimen is not found.
10-14 00:38:24.452 18285 18369 V XWhaleResourceRewriter: com.naver.xwhale.R$attr.buttonPanelSideLayout is not found.
10-14 00:38:24.452 18285 18369 V XWhaleResourceRewriter: com.naver.xwhale.R$attr.buttonSize is not found.
10-14 00:38:24.452 18285 18369 V XWhaleResourceRewriter: com.naver.xwhale.R$attr.buttonStyle is not found.
10-14 00:38:24.452 18285 18369 V XWhaleResourceRewriter: com.naver.xwhale.R$attr.buttonStyleSmall is not found.
10-14 00:38:24.452 18285 18369 V XWhaleResourceRewriter: com.naver.xwhale.R$attr.buttonTint is not found.
10-14 00:38:24.453 18285 18369 V XWhaleResourceRewriter: com.naver.xwhale.R$attr.buttonTintMode is not found.
10-14 00:38:24.453 18285 18369 V XWhaleResourceRewriter: com.naver.xwhale.R$attr.checkboxStyle is not found.
10-14 00:38:24.453 18285 18369 V XWhaleResourceRewriter: com.naver.xwhale.R$attr.checkedTextViewStyle is not found.
10-14 00:38:24.453 18285 18369 V XWhaleResourceRewriter: com.naver.xwhale.R$attr.circleCrop is not found.
10-14 00:38:24.453 18285 18369 V XWhaleResourceRewriter: com.naver.xwhale.R$attr.closeIcon is not found.
10-14 00:38:24.453 18285 18369 V XWhaleResourceRewriter: com.naver.xwhale.R$attr.closeItemLayout is not found.
10-14 00:38:24.453 18285 18369 V XWhaleResourceRewriter: com.naver.xwhale.R$attr.collapseContentDescription is not found.
10-14 00:38:24.453 18285 18369 V XWhaleResourceRewriter: com.naver.xwhale.R$attr.collapseIcon is not found.
10-14 00:38:24.453 18285 18369 V XWhaleResourceRewriter: com.naver.xwhale.R$attr.color is not found.
10-14 00:38:24.453 18285 18369 V XWhaleResourceRewriter: com.naver.xwhale.R$attr.colorAccent is not found.
10-14 00:38:24.453 18285 18369 V XWhaleResourceRewriter: com.naver.xwhale.R$attr.colorBackgroundFloating is not found.
10-14 00:38:24.453 18285 18369 V XWhaleResourceRewriter: com.naver.xwhale.R$attr.colorButtonNormal is not found.
10-14 00:38:24.453 18285 18369 V XWhaleResourceRewriter: com.naver.xwhale.R$attr.colorControlActivated is not found.
10-14 00:38:24.453 18285 18369 V XWhaleResourceRewriter: com.naver.xwhale.R$attr.colorControlHighlight is not found.
10-14 00:38:24.453 18285 18369 V XWhaleResourceRewriter: com.naver.xwhale.R$attr.colorControlNormal is not found.
10-14 00:38:24.453 18285 18369 V XWhaleResourceRewriter: com.naver.xwhale.R$attr.colorError is not found.
10-14 00:38:24.453 18285 18369 V XWhaleResourceRewriter: com.naver.xwhale.R$attr.colorPrimary is not found.
10-14 00:38:24.453 18285 18369 V XWhaleResourceRewriter: com.naver.xwhale.R$attr.colorPrimaryDark is not found.
10-14 00:38:24.453 18285 18369 V XWhaleResourceRewriter: com.naver.xwhale.R$attr.colorScheme is not found.
10-14 00:38:24.453 18285 18369 V XWhaleResourceRewriter: com.naver.xwhale.R$attr.colorSwitchThumbNormal is not found.
10-14 00:38:24.453 18285 18369 V XWhaleResourceRewriter: com.naver.xwhale.R$attr.commitIcon is not found.
10-14 00:38:24.453 18285 18369 V XWhaleResourceRewriter: com.naver.xwhale.R$attr.contentDescription is not found.
10-14 00:38:24.454 18285 18369 V XWhaleResourceRewriter: com.naver.xwhale.R$attr.contentInsetEnd is not found.
10-14 00:38:24.454 18285 18369 V XWhaleResourceRewriter: com.naver.xwhale.R$attr.contentInsetEndWithActions is not found.
10-14 00:38:24.454 18285 18369 V XWhaleResourceRewriter: com.naver.xwhale.R$attr.contentInsetLeft is not found.
10-14 00:38:24.454 18285 18369 V XWhaleResourceRewriter: com.naver.xwhale.R$attr.contentInsetRight is not found.
10-14 00:38:24.454 18285 18369 V XWhaleResourceRewriter: com.naver.xwhale.R$attr.contentInsetStart is not found.
10-14 00:38:24.454 18285 18369 V XWhaleResourceRewriter: com.naver.xwhale.R$attr.contentInsetStartWithNavigation is not found.
10-14 00:38:24.454 18285 18369 V XWhaleResourceRewriter: com.naver.xwhale.R$attr.controlBackground is not found.
10-14 00:38:24.454 18285 18369 V XWhaleResourceRewriter: com.naver.xwhale.R$attr.coordinatorLayoutStyle is not found.
10-14 00:38:24.454 18285 18369 V XWhaleResourceRewriter: com.naver.xwhale.R$attr.customNavigationLayout is not found.
10-14 00:38:24.454 18285 18369 V XWhaleResourceRewriter: com.naver.xwhale.R$attr.defaultQueryHint is not found.
10-14 00:38:24.454 18285 18369 V XWhaleResourceRewriter: com.naver.xwhale.R$attr.dialogCornerRadius is not found.
10-14 00:38:24.454 18285 18369 V XWhaleResourceRewriter: com.naver.xwhale.R$attr.dialogPreferredPadding is not found.
10-14 00:38:24.454 18285 18369 V XWhaleResourceRewriter: com.naver.xwhale.R$attr.dialogTheme is not found.
10-14 00:38:24.454 18285 18369 V XWhaleResourceRewriter: com.naver.xwhale.R$attr.displayOptions is not found.
10-14 00:38:24.454 18285 18369 V XWhaleResourceRewriter: com.naver.xwhale.R$attr.divider is not found.
10-14 00:38:24.454 18285 18369 V XWhaleResourceRewriter: com.naver.xwhale.R$attr.dividerHorizontal is not found.
10-14 00:38:24.454 18285 18369 V XWhaleResourceRewriter: com.naver.xwhale.R$attr.dividerPadding is not found.
10-14 00:38:24.454 18285 18369 V XWhaleResourceRewriter: com.naver.xwhale.R$attr.dividerVertical is not found.
10-14 00:38:24.454 18285 18369 V XWhaleResourceRewriter: com.naver.xwhale.R$attr.drawableSize is not found.
10-14 00:38:24.454 18285 18369 V XWhaleResourceRewriter: com.naver.xwhale.R$attr.drawerArrowStyle is not found.
10-14 00:38:24.454 18285 18369 V XWhaleResourceRewriter: com.naver.xwhale.R$attr.dropDownListViewStyle is not found.
10-14 00:38:24.454 18285 18369 V XWhaleResourceRewriter: com.naver.xwhale.R$attr.dropdownListPreferredItemHeight is not found.
10-14 00:38:24.455 18285 18369 V XWhaleResourceRewriter: com.naver.xwhale.R$attr.editTextBackground is not found.
10-14 00:38:24.455 18285 18369 V XWhaleResourceRewriter: com.naver.xwhale.R$attr.editTextColor is not found.
10-14 00:38:24.455 18285 18369 V XWhaleResourceRewriter: com.naver.xwhale.R$attr.editTextStyle is not found.
10-14 00:38:24.455 18285 18369 V XWhaleResourceRewriter: com.naver.xwhale.R$attr.elevation is not found.
10-14 00:38:24.455 18285 18369 V XWhaleResourceRewriter: com.naver.xwhale.R$attr.expandActivityOverflowButtonDrawable is not found.
10-14 00:38:24.455 18285 18369 V XWhaleResourceRewriter: com.naver.xwhale.R$attr.fastScrollEnabled is not found.
10-14 00:38:24.455 18285 18369 V XWhaleResourceRewriter: com.naver.xwhale.R$attr.fastScrollHorizontalThumbDrawable is not found.
10-14 00:38:24.455 18285 18369 V XWhaleResourceRewriter: com.naver.xwhale.R$attr.fastScrollHorizontalTrackDrawable is not found.
10-14 00:38:24.455 18285 18369 V XWhaleResourceRewriter: com.naver.xwhale.R$attr.fastScrollVerticalThumbDrawable is not found.
10-14 00:38:24.455 18285 18369 V XWhaleResourceRewriter: com.naver.xwhale.R$attr.fastScrollVerticalTrackDrawable is not found.
10-14 00:38:24.455 18285 18369 V XWhaleResourceRewriter: com.naver.xwhale.R$attr.firstBaselineToTopHeight is not found.
10-14 00:38:24.455 18285 18369 V XWhaleResourceRewriter: com.naver.xwhale.R$attr.font is not found.
10-14 00:38:24.455 18285 18369 V XWhaleResourceRewriter: com.naver.xwhale.R$attr.fontFamily is not found.
10-14 00:38:24.455 18285 18369 V XWhaleResourceRewriter: com.naver.xwhale.R$attr.fontProviderAuthority is not found.
10-14 00:38:24.455 18285 18369 V XWhaleResourceRewriter: com.naver.xwhale.R$attr.fontProviderCerts is not found.
10-14 00:38:24.455 18285 18369 V XWhaleResourceRewriter: com.naver.xwhale.R$attr.fontProviderFetchStrategy is not found.
10-14 00:38:24.455 18285 18369 V XWhaleResourceRewriter: com.naver.xwhale.R$attr.fontProviderFetchTimeout is not found.
10-14 00:38:24.455 18285 18369 V XWhaleResourceRewriter: com.naver.xwhale.R$attr.fontProviderPackage is not found.
10-14 00:38:24.455 18285 18369 V XWhaleResourceRewriter: com.naver.xwhale.R$attr.fontProviderQuery is not found.
10-14 00:38:24.455 18285 18369 V XWhaleResourceRewriter: com.naver.xwhale.R$attr.fontStyle is not found.
10-14 00:38:24.455 18285 18369 V XWhaleResourceRewriter: com.naver.xwhale.R$attr.fontVariationSettings is not found.
10-14 00:38:24.455 18285 18369 V XWhaleResourceRewriter: com.naver.xwhale.R$attr.fontWeight is not found.
10-14 00:38:24.456 18285 18369 V XWhaleResourceRewriter: com.naver.xwhale.R$attr.gapBetweenBars is not found.
10-14 00:38:24.456 18285 18369 V XWhaleResourceRewriter: com.naver.xwhale.R$attr.goIcon is not found.
10-14 00:38:24.456 18285 18369 V XWhaleResourceRewriter: com.naver.xwhale.R$attr.height is not found.
10-14 00:38:24.456 18285 18369 V XWhaleResourceRewriter: com.naver.xwhale.R$attr.hideOnContentScroll is not found.
10-14 00:38:24.456 18285 18369 V XWhaleResourceRewriter: com.naver.xwhale.R$attr.homeAsUpIndicator is not found.
10-14 00:38:24.456 18285 18369 V XWhaleResourceRewriter: com.naver.xwhale.R$attr.homeLayout is not found.
10-14 00:38:24.456 18285 18369 V XWhaleResourceRewriter: com.naver.xwhale.R$attr.icon is not found.
10-14 00:38:24.456 18285 18369 V XWhaleResourceRewriter: com.naver.xwhale.R$attr.iconTint is not found.
10-14 00:38:24.456 18285 18369 V XWhaleResourceRewriter: com.naver.xwhale.R$attr.iconTintMode is not found.
10-14 00:38:24.456 18285 18369 V XWhaleResourceRewriter: com.naver.xwhale.R$attr.iconifiedByDefault is not found.
10-14 00:38:24.456 18285 18369 V XWhaleResourceRewriter: com.naver.xwhale.R$attr.imageAspectRatio is not found.
10-14 00:38:24.456 18285 18369 V XWhaleResourceRewriter: com.naver.xwhale.R$attr.imageAspectRatioAdjust is not found.
10-14 00:38:24.456 18285 18369 V XWhaleResourceRewriter: com.naver.xwhale.R$attr.imageButtonStyle is not found.
10-14 00:38:24.456 18285 18369 V XWhaleResourceRewriter: com.naver.xwhale.R$attr.indeterminateProgressStyle is not found.
10-14 00:38:24.456 18285 18369 V XWhaleResourceRewriter: com.naver.xwhale.R$attr.initialActivityCount is not found.
10-14 00:38:24.456 18285 18369 V XWhaleResourceRewriter: com.naver.xwhale.R$attr.isLightTheme is not found.
10-14 00:38:24.456 18285 18369 V XWhaleResourceRewriter: com.naver.xwhale.R$attr.itemPadding is not found.
10-14 00:38:24.456 18285 18369 V XWhaleResourceRewriter: com.naver.xwhale.R$attr.keylines is not found.
10-14 00:38:24.456 18285 18369 V XWhaleResourceRewriter: com.naver.xwhale.R$attr.lastBaselineToBottomHeight is not found.
10-14 00:38:24.456 18285 18369 V XWhaleResourceRewriter: com.naver.xwhale.R$attr.layoutManager is not found.
10-14 00:38:24.456 18285 18369 V XWhaleResourceRewriter: com.naver.xwhale.R$attr.layout_anchor is not found.
10-14 00:38:24.457 18285 18369 V XWhaleResourceRewriter: com.naver.xwhale.R$attr.layout_anchorGravity is not found.
10-14 00:38:24.457 18334 18345 I facebook.katan: Background concurrent copying GC freed 7348(908KB) AllocSpace objects, 11(212KB) LOS objects, 50% free, 3MB/6MB, paused 403us total 153.729ms
10-14 00:38:24.457 18285 18369 V XWhaleResourceRewriter: com.naver.xwhale.R$attr.layout_behavior is not found.
10-14 00:38:24.457 18285 18369 V XWhaleResourceRewriter: com.naver.xwhale.R$attr.layout_dodgeInsetEdges is not found.
10-14 00:38:24.457 18334 18334 I facebook.katan: WaitForGcToComplete blocked Debugger on AddRemoveAppImageSpace for 59.352ms
10-14 00:38:24.457 18285 18369 V XWhaleResourceRewriter: com.naver.xwhale.R$attr.layout_insetEdge is not found.
10-14 00:38:24.457 18285 18369 V XWhaleResourceRewriter: com.naver.xwhale.R$attr.layout_keyline is not found.
10-14 00:38:24.457 18285 18369 V XWhaleResourceRewriter: com.naver.xwhale.R$attr.lineHeight is not found.
10-14 00:38:24.457 18285 18369 V XWhaleResourceRewriter: com.naver.xwhale.R$attr.listChoiceBackgroundIndicator is not found.
10-14 00:38:24.457 18285 18369 V XWhaleResourceRewriter: com.naver.xwhale.R$attr.listDividerAlertDialog is not found.
10-14 00:38:24.457 18285 18369 V XWhaleResourceRewriter: com.naver.xwhale.R$attr.listItemLayout is not found.
10-14 00:38:24.457 18285 18369 V XWhaleResourceRewriter: com.naver.xwhale.R$attr.listLayout is not found.
10-14 00:38:24.457 18334 18334 W dalvik-internals: ignoring failure to find _ZN3art12FaultManager35EnsureArtActionInFrontOfSignalChainEv: could not hook _ZN3art12FaultManager35EnsureArtActionInFrontOfSignalChainEv
10-14 00:38:24.457 18285 18369 V XWhaleResourceRewriter: com.naver.xwhale.R$attr.listMenuViewStyle is not found.
10-14 00:38:24.457 18285 18369 V XWhaleResourceRewriter: com.naver.xwhale.R$attr.listPopupWindowStyle is not found.
10-14 00:38:24.457 18334 18343 W System  : A resource failed to call close. 
10-14 00:38:24.457 18285 18369 V XWhaleResourceRewriter: com.naver.xwhale.R$attr.listPreferredItemHeight is not found.
10-14 00:38:24.457 18285 18369 V XWhaleResourceRewriter: com.naver.xwhale.R$attr.listPreferredItemHeightLarge is not found.
10-14 00:38:24.457 18285 18369 V XWhaleResourceRewriter: com.naver.xwhale.R$attr.listPreferredItemHeightSmall is not found.
10-14 00:38:24.457 18334 18334 V dalvik-internals: hooked signal using trap ()
10-14 00:38:24.457 18285 18369 V XWhaleResourceRewriter: com.naver.xwhale.R$attr.listPreferredItemPaddingLeft is not found.
10-14 00:38:24.457 18285 18369 V XWhaleResourceRewriter: com.naver.xwhale.R$attr.listPreferredItemPaddingRight is not found.
10-14 00:38:24.457 18334 18334 V dalvik-internals: hooked sysv_signal using trap ()
10-14 00:38:24.457 18285 18369 V XWhaleResourceRewriter: com.naver.xwhale.R$attr.logo is not found.
10-14 00:38:24.457 18334 18334 V dalvik-internals: hooked bsd_signal using trap ()
10-14 00:38:24.457 18285 18369 V XWhaleResourceRewriter: com.naver.xwhale.R$attr.logoDescription is not found.
10-14 00:38:24.457 18285 18369 V XWhaleResourceRewriter: com.naver.xwhale.R$attr.maxButtonHeight is not found.
10-14 00:38:24.457 18285 18369 V XWhaleResourceRewriter: com.naver.xwhale.R$attr.measureWithLargestChild is not found.
10-14 00:38:24.457 18334 18334 V dalvik-internals: hooked sigaction using trap ()
10-14 00:38:24.457 18285 18369 V XWhaleResourceRewriter: com.naver.xwhale.R$attr.multiChoiceItemLayout is not found.
10-14 00:38:24.458 18285 18369 V XWhaleResourceRewriter: com.naver.xwhale.R$attr.navigationContentDescription is not found.
10-14 00:38:24.458 18285 18369 V XWhaleResourceRewriter: com.naver.xwhale.R$attr.navigationIcon is not found.
10-14 00:38:24.458 18285 18369 V XWhaleResourceRewriter: com.naver.xwhale.R$attr.navigationMode is not found.
10-14 00:38:24.458 18334 18334 D CACHE_HINTS: Entering madvise file
10-14 00:38:24.458 18285 18369 V XWhaleResourceRewriter: com.naver.xwhale.R$attr.numericModifiers is not found.
10-14 00:38:24.458 18285 18369 V XWhaleResourceRewriter: com.naver.xwhale.R$attr.overlapAnchor is not found.
10-14 00:38:24.458 18285 18369 V XWhaleResourceRewriter: com.naver.xwhale.R$attr.paddingBottomNoButtons is not found.
10-14 00:38:24.458 18285 18369 V XWhaleResourceRewriter: com.naver.xwhale.R$attr.paddingEnd is not found.
10-14 00:38:24.458 18285 18369 V XWhaleResourceRewriter: com.naver.xwhale.R$attr.paddingStart is not found.
10-14 00:38:24.458 18285 18369 V XWhaleResourceRewriter: com.naver.xwhale.R$attr.paddingTopNoTitle is not found.
10-14 00:38:24.458 18285 18369 V XWhaleResourceRewriter: com.naver.xwhale.R$attr.panelBackground is not found.
10-14 00:38:24.458 18285 18369 V XWhaleResourceRewriter: com.naver.xwhale.R$attr.panelMenuListTheme is not found.
10-14 00:38:24.458 18285 18369 V XWhaleResourceRewriter: com.naver.xwhale.R$attr.panelMenuListWidth is not found.
10-14 00:38:24.458 18285 18369 V XWhaleResourceRewriter: com.naver.xwhale.R$attr.popupMenuStyle is not found.
10-14 00:38:24.458 18285 18369 V XWhaleResourceRewriter: com.naver.xwhale.R$attr.popupTheme is not found.
10-14 00:38:24.458 18285 18369 V XWhaleResourceRewriter: com.naver.xwhale.R$attr.popupWindowStyle is not found.
10-14 00:38:24.458 18285 18369 V XWhaleResourceRewriter: com.naver.xwhale.R$attr.preserveIconSpacing is not found.
10-14 00:38:24.458 18285 18369 V XWhaleResourceRewriter: com.naver.xwhale.R$attr.progressBarPadding is not found.
10-14 00:38:24.458 18285 18369 V XWhaleResourceRewriter: com.naver.xwhale.R$attr.progressBarStyle is not found.
10-14 00:38:24.458 18285 18369 V XWhaleResourceRewriter: com.naver.xwhale.R$attr.queryBackground is not found.
10-14 00:38:24.458 18285 18369 V XWhaleResourceRewriter: com.naver.xwhale.R$attr.queryHint is not found.
10-14 00:38:24.458 18285 18369 V XWhaleResourceRewriter: com.naver.xwhale.R$attr.radioButtonStyle is not found.
10-14 00:38:24.458 18285 18369 V XWhaleResourceRewriter: com.naver.xwhale.R$attr.ratingBarStyle is not found.
10-14 00:38:24.459 18285 18369 V XWhaleResourceRewriter: com.naver.xwhale.R$attr.ratingBarStyleIndicator is not found.
10-14 00:38:24.459 18285 18369 V XWhaleResourceRewriter: com.naver.xwhale.R$attr.ratingBarStyleSmall is not found.
10-14 00:38:24.459 18285 18369 V XWhaleResourceRewriter: com.naver.xwhale.R$attr.reverseLayout is not found.
10-14 00:38:24.459 18285 18369 V XWhaleResourceRewriter: com.naver.xwhale.R$attr.scopeUris is not found.
10-14 00:38:24.459 18285 18369 V XWhaleResourceRewriter: com.naver.xwhale.R$attr.searchHintIcon is not found.
10-14 00:38:24.459 18285 18369 V XWhaleResourceRewriter: com.naver.xwhale.R$attr.searchIcon is not found.
10-14 00:38:24.459 18285 18369 V XWhaleResourceRewriter: com.naver.xwhale.R$attr.searchViewStyle is not found.
10-14 00:38:24.459 18334 18334 D CACHE_HINTS: MADVISE_RAND file 0xca0d5000 561151 /data/app/com.facebook.katana-c5SxMm3s3D0zZdpx5pOxow==/base.apk
10-14 00:38:24.459 18285 18369 V XWhaleResourceRewriter: com.naver.xwhale.R$attr.seekBarStyle is not found.
10-14 00:38:24.459 18285 18369 V XWhaleResourceRewriter: com.naver.xwhale.R$attr.selectableItemBackground is not found.
10-14 00:38:24.459 18285 18369 V XWhaleResourceRewriter: com.naver.xwhale.R$attr.selectableItemBackgroundBorderless is not found.
10-14 00:38:24.459 18285 18369 V XWhaleResourceRewriter: com.naver.xwhale.R$attr.showAsAction is not found.
10-14 00:38:24.459 18285 18369 V XWhaleResourceRewriter: com.naver.xwhale.R$attr.showDividers is not found.
10-14 00:38:24.459 18285 18369 V XWhaleResourceRewriter: com.naver.xwhale.R$attr.showText is not found.
