10-14 02:26:44.709  2768  2768 D SurfaceFlinger: duplicate layer name: changing com.Slack/com.Slack.ui.threaddetails.messagedetails.MessageDetailsActivity to com.Slack/com.Slack.ui.threaddetails.messagedetails.MessageDetailsActivity#1
10-14 02:26:44.714  2756  2903 I [Gralloc]: framebuffer hal alread move to hwcomposer
10-14 02:26:44.714  2756  2903 E gralloc : ioctl c0144900 failed with code -1: Operation not permitted
10-14 02:26:44.715  2756  2903 I [Gralloc]: framebuffer hal alread move to hwcomposer
10-14 02:26:44.720  2756  2903 E gralloc : ioctl c0144900 failed with code -1: Operation not permitted
10-14 02:26:44.720  2756  8190 I [Gralloc]: framebuffer hal alread move to hwcomposer
10-14 02:26:44.725  2756  8190 E gralloc : ioctl c0144900 failed with code -1: Operation not permitted
10-14 02:26:44.726 11854 11989 D mali_winsys: EGLint new_window_surface(egl_winsys_display *, void *, EGLSurface, EGLConfig, egl_winsys_surface **, EGLBoolean) returns 0x3000
10-14 02:26:44.766  2756  8190 I [Gralloc]: framebuffer hal alread move to hwcomposer
10-14 02:26:44.766  2756  8190 E gralloc : ioctl c0144900 failed with code -1: Operation not permitted
10-14 02:26:44.808  2756  8190 I [Gralloc]: framebuffer hal alread move to hwcomposer
10-14 02:26:44.809  2756  8190 E gralloc : ioctl c0144900 failed with code -1: Operation not permitted
10-14 02:26:44.856  2756  8190 I [Gralloc]: framebuffer hal alread move to hwcomposer
10-14 02:26:44.856  2756  8190 E gralloc : ioctl c0144900 failed with code -1: Operation not permitted
10-14 02:26:45.135 11854 11865 I com.Slack: Background concurrent copying GC freed 486788(22MB) AllocSpace objects, 64(3MB) LOS objects, 48% free, 25MB/49MB, paused 476us total 247.817ms
10-14 02:26:45.514  2768  2950 E BufferQueueProducer: [com.Slack/com.Slack.ui.threaddetails.messagedetails.MessageDetailsActivity#1] disconnect: not connected (req=1)
10-14 02:26:45.514 11854 11989 W libEGL  : EGLNativeWindowType 0xcce55808 disconnect failed
10-14 02:26:45.514 11854 11989 D OpenGLRenderer: endAllActiveAnimators on 0xbcd30d80 (RippleDrawable) with handle 0xbcc7b060
10-14 02:26:45.676  2768  3557 W SurfaceFlinger: Attempting to set client state on removed layer: com.Slack/com.Slack.ui.threaddetails.messagedetails.MessageDetailsActivity#1
10-14 02:26:45.676  2768  3557 W SurfaceFlinger: Attempting to destroy on removed layer: com.Slack/com.Slack.ui.threaddetails.messagedetails.MessageDetailsActivity#1
10-14 02:26:45.693  2768  2950 W SurfaceFlinger: Attempting to set client state on removed layer: Dim Layer for - Task=23#0
10-14 02:26:45.693  2768  2950 W SurfaceFlinger: Attempting to destroy on removed layer: Dim Layer for - Task=23#0
10-14 02:26:46.153  2787  2821 E storaged: getDiskStats failed with result NOT_SUPPORTED and size 0
10-14 02:26:46.268  2756  8190 I [Gralloc]: framebuffer hal alread move to hwcomposer
10-14 02:26:46.267  2768  2768 I Binder:2768_2: type=1400 audit(0.0:2335): avc: denied { read } for name="gralloc.odroidn2.so" dev="mmcblk0p12" ino=705 scontext=u:r:surfaceflinger:s0 tcontext=u:object_r:vendor_file:s0 tclass=file permissive=1
10-14 02:26:46.267  2768  2768 I Binder:2768_2: type=1400 audit(0.0:2336): avc: denied { open } for path="/vendor/lib/hw/gralloc.odroidn2.so" dev="mmcblk0p12" ino=705 scontext=u:r:surfaceflinger:s0 tcontext=u:object_r:vendor_file:s0 tclass=file permissive=1
10-14 02:26:46.267  2768  2768 I Binder:2768_2: type=1400 audit(0.0:2337): avc: denied { getattr } for path="/vendor/lib/hw/gralloc.odroidn2.so" dev="mmcblk0p12" ino=705 scontext=u:r:surfaceflinger:s0 tcontext=u:object_r:vendor_file:s0 tclass=file permissive=1
10-14 02:26:46.800 11854 11854 W ConstraintSet: id unknown rich_text_formatting_toolbar
10-14 02:26:46.803 11854 11854 I chatty  : uid=10078(com.Slack) identical 2 lines
10-14 02:26:46.804 11854 11854 W ConstraintSet: id unknown rich_text_formatting_toolbar
10-14 02:26:46.841  2768  3293 E BufferQueueProducer: [com.Slack/com.Slack.ui.threaddetails.messagedetails.MessageDetailsActivity#0] disconnect: not connected (req=1)
10-14 02:26:46.841 11854 11989 W libEGL  : EGLNativeWindowType 0xcb50d008 disconnect failed
10-14 02:26:46.841 11854 11989 D OpenGLRenderer: endAllActiveAnimators on 0xc317a280 (RippleDrawable) with handle 0xc2b2b8d0
10-14 02:26:46.945  2756  8190 I [Gralloc]: framebuffer hal alread move to hwcomposer
10-14 02:26:47.030  2756  8190 I [Gralloc]: framebuffer hal alread move to hwcomposer
10-14 02:26:47.032  2768  2841 W SurfaceFlinger: Attempting to set client state on removed layer: com.Slack/com.Slack.ui.threaddetails.messagedetails.MessageDetailsActivity#0
10-14 02:26:47.032  2768  2841 W SurfaceFlinger: Attempting to destroy on removed layer: com.Slack/com.Slack.ui.threaddetails.messagedetails.MessageDetailsActivity#0
10-14 02:26:47.114  2756  8190 I [Gralloc]: framebuffer hal alread move to hwcomposer
10-14 02:26:47.182  2756  8190 I [Gralloc]: framebuffer hal alread move to hwcomposer
10-14 02:26:47.199  2768  2768 E SurfaceFlinger: [Sprite#0] rejecting buffer: bufWidth=32, bufHeight=32, front.active.{w=28, h=36}
10-14 02:26:47.199  2756  8190 I [Gralloc]: framebuffer hal alread move to hwcomposer
10-14 02:26:49.849  2747  2888 D audio-subMixingFactory: out_standby_subMixingPCM: out_stream(0xee3ca000) usecase: STREAM_PCM_NORMAL
10-14 02:26:49.849  2747  2888 I audio-subMixingFactory: ++usecase_change_validate_l_sm(), dev usecase masks = 0x1, is_standby = 1, out usecase STREAM_PCM_NORMAL
10-14 02:26:49.849  2747  2888 I audio-subMixingFactory: --usecase_change_validate_l_sm(), dev usecase masks = 0, is_standby = 1, out usecase STREAM_PCM_NORMAL
10-14 02:26:49.849  2747  2888 I amlaudioMixer: ++delete_mixer_input_port port ID: 0
10-14 02:26:49.849  2747  2907 E amlaudioMixer: mixer_do_mixing_16bit(), sys or direct pcm must exist!!!
10-14 02:26:52.771  4078  4078 I tutu.ABenchMark: type=1400 audit(0.0:2338): avc: denied { open } for path="/proc/vmstat" dev="proc" ino=4026531993 scontext=u:r:untrusted_app_27:s0:c512,c768 tcontext=u:object_r:proc_vmstat:s0 tclass=file permissive=1
10-14 02:26:54.673  4078  4078 D skia    : --- Failed to create image decoder with message 'unimplemented'
10-14 02:26:54.685  4078  4078 D skia    : --- Failed to create image decoder with message 'unimplemented'
10-14 02:26:58.122  4971  6218 I tnet-jni: 248 - [spdyPingRecvCallback] - 
10-14 02:26:58.122  4971  6218 I tnet-jni: 248 - [SpdySessionCallBack.spdyPingRecvCallback] - org.android.spdy.SpdySession@4031eff
10-14 02:27:04.695  4078  4078 D skia    : --- Failed to create image decoder with message 'unimplemented'
10-14 02:27:04.706  4078  4078 D skia    : --- Failed to create image decoder with message 'unimplemented'
10-14 02:27:05.887  2760  2760 I memtrack@1.0-se: type=1400 audit(0.0:2340): avc: denied { read } for name="mem_profile" dev="debugfs" ino=2850 scontext=u:r:hal_memtrack_default:s0 tcontext=u:object_r:debugfs:s0 tclass=file permissive=1
10-14 02:27:06.319  2747  7191 W amlaudioMixer: mixer_get_presentation_position(), port not ready now
10-14 02:27:06.319  2747  7191 W audio-subMixingFactory: out_get_presentation_position_port(), pts not valid yet
10-14 02:27:06.320  2747  7191 I audio-subMixingFactory: ++usecase_change_validate_l_sm: dev usecase masks = 0, out usecase_masks = 0, out usecase STREAM_PCM_NORMAL
10-14 02:27:06.320  2747  7191 I audio-subMixingFactory: ++++usecase_change_validate_l_sm(),continuous_audio_mode 0 dev usecase masks = 0, out usecase_masks = 0, out usecase STREAM_PCM_NORMAL
10-14 02:27:06.320  2747  7191 I audio-subMixingFactory: usecase_change_validate_l_sm(), mixer_aux_buffer_write_sm !
10-14 02:27:06.320  2747  7191 I audio-subMixingFactory: ----usecase_change_validate_l_sm(), continuous_audio_mode 0 dev usecase masks = 0x1, out usecase_masks = 0x1, out usecase STREAM_PCM_NORMAL
10-14 02:27:06.320  2747  7191 I aml_audio_port: get_input_port_index(), samplerate 48000
10-14 02:27:06.320  2747  7191 D aml_audio_port: new_input_port(), index:0, rbuf size:8192, direct_on:0
10-14 02:27:06.320  2747  7191 D aml_audio_port: new_input_port(), fmt 0x1, rate 48000
10-14 02:27:06.320  2747  7191 I amlaudioMixer: ++init_mixer_input_port port index 0, size 512 frames
10-14 02:27:06.320  2747  7191 I amlaudioMixer: init_mixer_input_port(), port->initial_frames: 50074624
10-14 02:27:06.320  2747  7191 I aml_audio_port: get_input_port_index(), samplerate 48000
10-14 02:27:06.320  2747  7191 I audio-subMixingFactory: mixer_aux_buffer_write_sm(), primary 0xee3ca000 port index = 0
10-14 02:27:06.320  2747  7191 I audio-subMixingFactory: padding_bytes 16384
10-14 02:27:06.320  2747  7191 I amlaudioMixer: port index 0 is active now
10-14 02:27:06.320  2747  7191 I audio-subMixingFactory: padding_bytes 14336
10-14 02:27:06.320  2747  7191 I audio-subMixingFactory: padding_bytes 12288
10-14 02:27:06.320  2747  7191 I audio-subMixingFactory: padding_bytes 10240
10-14 02:27:06.320  2747  7191 I audio-subMixingFactory: padding_bytes 8192
10-14 02:27:06.320  2747  7191 I audio-subMixingFactory: padding_bytes 6144
10-14 02:27:06.324  2747  7191 I audio-subMixingFactory: padding_bytes 4096
10-14 02:27:06.325  2747  7191 I audio-subMixingFactory: padding_bytes 2048
10-14 02:27:06.336  2747  7191 W amlaudioMixer: mixer_get_presentation_position(), not valid now
10-14 02:27:06.336  2747  7191 W audio-subMixingFactory: out_get_presentation_position_port(), pts not valid yet
10-14 02:27:06.368  2766  2911 D AudioFlinger: mixer(0xeb583ac0) throttle end: throttle time(4)
10-14 02:27:06.438 11854 11854 E com.Slack: No package ID ff found for ID 0xffffffff.
10-14 02:27:06.438 11854 11854 I chatty  : uid=10078(com.Slack) identical 1 line
10-14 02:27:06.438 11854 11854 E com.Slack: No package ID ff found for ID 0xffffffff.
10-14 02:27:06.545 11854 11854 E RecyclerView: No adapter attached; skipping layout
10-14 02:27:06.557 11854 11854 W ConstraintSet: id unknown rich_text_formatting_toolbar
10-14 02:27:06.558 11854 11854 W ConstraintSet: id unknown rich_text_formatting_toolbar
10-14 02:27:06.566 11854 11854 E RecyclerView: No adapter attached; skipping layout
10-14 02:27:09.387  2747  2888 D audio-subMixingFactory: out_standby_subMixingPCM: out_stream(0xee3ca000) usecase: STREAM_PCM_NORMAL
10-14 02:27:09.387  2747  2888 I audio-subMixingFactory: ++usecase_change_validate_l_sm(), dev usecase masks = 0x1, is_standby = 1, out usecase STREAM_PCM_NORMAL
10-14 02:27:09.387  2747  2888 I audio-subMixingFactory: --usecase_change_validate_l_sm(), dev usecase masks = 0, is_standby = 1, out usecase STREAM_PCM_NORMAL
10-14 02:27:09.387  2747  2888 I amlaudioMixer: ++delete_mixer_input_port port ID: 0
10-14 02:27:11.775  2747  7191 W amlaudioMixer: mixer_get_presentation_position(), port not ready now
10-14 02:27:11.775  2747  7191 W audio-subMixingFactory: out_get_presentation_position_port(), pts not valid yet
10-14 02:27:11.776  2747  7191 I audio-subMixingFactory: ++usecase_change_validate_l_sm: dev usecase masks = 0, out usecase_masks = 0, out usecase STREAM_PCM_NORMAL
10-14 02:27:11.776  2747  7191 I audio-subMixingFactory: ++++usecase_change_validate_l_sm(),continuous_audio_mode 0 dev usecase masks = 0, out usecase_masks = 0, out usecase STREAM_PCM_NORMAL
10-14 02:27:11.776  2747  7191 I audio-subMixingFactory: usecase_change_validate_l_sm(), mixer_aux_buffer_write_sm !
10-14 02:27:11.776  2747  7191 I audio-subMixingFactory: ----usecase_change_validate_l_sm(), continuous_audio_mode 0 dev usecase masks = 0x1, out usecase_masks = 0x1, out usecase STREAM_PCM_NORMAL
10-14 02:27:11.776  2747  7191 I aml_audio_port: get_input_port_index(), samplerate 48000
10-14 02:27:11.776  2747  7191 D aml_audio_port: new_input_port(), index:0, rbuf size:8192, direct_on:0
10-14 02:27:11.776  2747  7191 D aml_audio_port: new_input_port(), fmt 0x1, rate 48000
10-14 02:27:11.776  2747  7191 I amlaudioMixer: ++init_mixer_input_port port index 0, size 512 frames
10-14 02:27:11.776  2747  7191 I amlaudioMixer: init_mixer_input_port(), port->initial_frames: 50223104
10-14 02:27:11.776  2747  7191 I aml_audio_port: get_input_port_index(), samplerate 48000
10-14 02:27:11.776  2747  7191 I audio-subMixingFactory: mixer_aux_buffer_write_sm(), primary 0xee3ca000 port index = 0
10-14 02:27:11.776  2747  7191 I audio-subMixingFactory: padding_bytes 16384
10-14 02:27:11.776  2747  7191 I amlaudioMixer: port index 0 is active now
10-14 02:27:11.776  2747  7191 I audio-subMixingFactory: padding_bytes 14336
10-14 02:27:11.776  2747  7191 I audio-subMixingFactory: padding_bytes 12288
10-14 02:27:11.776  2747  7191 I audio-subMixingFactory: padding_bytes 10240
10-14 02:27:11.776  2747  7191 I audio-subMixingFactory: padding_bytes 8192
10-14 02:27:11.777  2747  7191 I audio-subMixingFactory: padding_bytes 6144
10-14 02:27:11.781  2747  7191 I audio-subMixingFactory: padding_bytes 4096
10-14 02:27:11.787  2747  7191 I audio-subMixingFactory: padding_bytes 2048
10-14 02:27:11.797  2747  7191 W amlaudioMixer: mixer_get_presentation_position(), not valid now
10-14 02:27:11.797  2747  7191 W audio-subMixingFactory: out_get_presentation_position_port(), pts not valid yet
10-14 02:27:11.808  2747  7191 W amlaudioMixer: mixer_get_presentation_position(), not valid now
10-14 02:27:11.808  2747  7191 W audio-subMixingFactory: out_get_presentation_position_port(), pts not valid yet
10-14 02:27:11.822  2766  2911 D AudioFlinger: mixer(0xeb583ac0) throttle end: throttle time(7)
10-14 02:27:11.885 11854 11854 E com.Slack: No package ID ff found for ID 0xffffffff.
10-14 02:27:11.885 11854 11854 I chatty  : uid=10078(com.Slack) identical 1 line
10-14 02:27:11.885 11854 11854 E com.Slack: No package ID ff found for ID 0xffffffff.
10-14 02:27:11.990 11854 11854 E RecyclerView: No adapter attached; skipping layout
10-14 02:27:12.005 11854 11854 E RecyclerView: No adapter attached; skipping layout
10-14 02:27:12.836  2756  8190 I [Gralloc]: framebuffer hal alread move to hwcomposer
10-14 02:27:13.252  3089  3089 I LatinIME: Starting input. Cursor position = 0,0
10-14 02:27:13.253 11854 11854 W ConstraintSet: id unknown rich_text_formatting_toolbar
10-14 02:27:13.276  2756  8190 I [Gralloc]: framebuffer hal alread move to hwcomposer
10-14 02:27:13.298  2756  8190 I chatty  : uid=1000(system) HwBinder:2756_3 identical 2 lines
10-14 02:27:13.299  2756  8190 I [Gralloc]: framebuffer hal alread move to hwcomposer
10-14 02:27:13.306  2756  2903 I [Gralloc]: framebuffer hal alread move to hwcomposer
10-14 02:27:13.313  2756  2903 I [Gralloc]: framebuffer hal alread move to hwcomposer
10-14 02:27:13.313  2756  2903 E gralloc : ioctl c0144900 failed with code -1: Operation not permitted
10-14 02:27:13.314  3089  7856 D mali_winsys: EGLint new_window_surface(egl_winsys_display *, void *, EGLSurface, EGLConfig, egl_winsys_surface **, EGLBoolean) returns 0x3000
10-14 02:27:13.330  2756  2903 I [Gralloc]: framebuffer hal alread move to hwcomposer
10-14 02:27:13.330  2756  2903 E gralloc : ioctl c0144900 failed with code -1: Operation not permitted
10-14 02:27:13.327  3089  3089 I RenderThread: type=1400 audit(0.0:2343): avc: denied { read } for name="gralloc.odroidn2.so" dev="mmcblk0p12" ino=705 scontext=u:r:untrusted_app_25:s0:c512,c768 tcontext=u:object_r:vendor_file:s0 tclass=file permissive=1
10-14 02:27:13.408 11854 11854 W ConstraintSet: id unknown rich_text_formatting_toolbar
10-14 02:27:13.327  3089  3089 I RenderThread: type=1400 audit(0.0:2344): avc: denied { open } for path="/vendor/lib/hw/gralloc.odroidn2.so" dev="mmcblk0p12" ino=705 scontext=u:r:untrusted_app_25:s0:c512,c768 tcontext=u:object_r:vendor_file:s0 tclass=file permissive=1
10-14 02:27:13.495 11854 11854 W ConstraintSet: id unknown rich_text_formatting_toolbar
10-14 02:27:13.502 11854 11854 W View    : requestLayout() improperly called by android.widget.LinearLayout{6f82263 V.E...... ......I. 0,0-903,59 #7f0a00b0 app:id/ami_btn_container} during layout: running second layout pass
10-14 02:27:13.550  2756  2903 I [Gralloc]: framebuffer hal alread move to hwcomposer
10-14 02:27:14.089  2756  2903 I chatty  : uid=1000(system) HwBinder:2756_2 identical 2 lines
10-14 02:27:14.190  2756  2903 I [Gralloc]: framebuffer hal alread move to hwcomposer
10-14 02:27:14.717  4078  4078 D skia    : --- Failed to create image decoder with message 'unimplemented'
10-14 02:27:14.730  4078  4078 D skia    : --- Failed to create image decoder with message 'unimplemented'
10-14 02:27:14.723  4078  4078 I tutu.ABenchMark: type=1400 audit(0.0:2346): avc: denied { open } for path="/proc/stat" dev="proc" ino=4026531957 scontext=u:r:untrusted_app_27:s0:c512,c768 tcontext=u:object_r:proc_stat:s0 tclass=file permissive=1
10-14 02:27:14.727  4078  4078 I tutu.ABenchMark: type=1400 audit(0.0:2348): avc: denied { read } for name="temp" dev="sysfs" ino=8951 scontext=u:r:untrusted_app_27:s0:c512,c768 tcontext=u:object_r:sysfs:s0 tclass=file permissive=1
10-14 02:27:16.366  2747  2888 D audio-subMixingFactory: out_standby_subMixingPCM: out_stream(0xee3ca000) usecase: STREAM_PCM_NORMAL
10-14 02:27:16.366  2747  2888 I audio-subMixingFactory: ++usecase_change_validate_l_sm(), dev usecase masks = 0x1, is_standby = 1, out usecase STREAM_PCM_NORMAL
10-14 02:27:16.366  2747  2888 I audio-subMixingFactory: --usecase_change_validate_l_sm(), dev usecase masks = 0, is_standby = 1, out usecase STREAM_PCM_NORMAL
10-14 02:27:16.366  2747  2888 I amlaudioMixer: ++delete_mixer_input_port port ID: 0
10-14 02:27:17.367  2747  7191 W amlaudioMixer: mixer_get_presentation_position(), port not ready now
10-14 02:27:17.367  2747  7191 W audio-subMixingFactory: out_get_presentation_position_port(), pts not valid yet
10-14 02:27:17.367 11854 11854 W ConstraintSet: id unknown rich_text_formatting_toolbar
10-14 02:27:17.368  2747  7191 I audio-subMixingFactory: ++usecase_change_validate_l_sm: dev usecase masks = 0, out usecase_masks = 0, out usecase STREAM_PCM_NORMAL
10-14 02:27:17.368  2747  7191 I audio-subMixingFactory: ++++usecase_change_validate_l_sm(),continuous_audio_mode 0 dev usecase masks = 0, out usecase_masks = 0, out usecase STREAM_PCM_NORMAL
10-14 02:27:17.368  2747  7191 I audio-subMixingFactory: usecase_change_validate_l_sm(), mixer_aux_buffer_write_sm !
10-14 02:27:17.368  2747  7191 I audio-subMixingFactory: ----usecase_change_validate_l_sm(), continuous_audio_mode 0 dev usecase masks = 0x1, out usecase_masks = 0x1, out usecase STREAM_PCM_NORMAL
10-14 02:27:17.368  2747  7191 I aml_audio_port: get_input_port_index(), samplerate 48000
10-14 02:27:17.368  2747  7191 D aml_audio_port: new_input_port(), index:0, rbuf size:8192, direct_on:0
10-14 02:27:17.368  2747  7191 D aml_audio_port: new_input_port(), fmt 0x1, rate 48000
10-14 02:27:17.368  2747  7191 I amlaudioMixer: ++init_mixer_input_port port index 0, size 512 frames
10-14 02:27:17.368  2747  7191 I amlaudioMixer: init_mixer_input_port(), port->initial_frames: 50444288
10-14 02:27:17.368  2747  7191 I aml_audio_port: get_input_port_index(), samplerate 48000
10-14 02:27:17.368  2747  7191 I audio-subMixingFactory: mixer_aux_buffer_write_sm(), primary 0xee3ca000 port index = 0
10-14 02:27:17.368  2747  7191 I audio-subMixingFactory: padding_bytes 16384
10-14 02:27:17.368  2747  7191 I amlaudioMixer: port index 0 is active now
10-14 02:27:17.368  2747  7191 I audio-subMixingFactory: padding_bytes 14336
10-14 02:27:17.368  2747  7191 I audio-subMixingFactory: padding_bytes 12288
10-14 02:27:17.368  2747  7191 I audio-subMixingFactory: padding_bytes 10240
10-14 02:27:17.368  2747  7191 I audio-subMixingFactory: padding_bytes 8192
10-14 02:27:17.369  2747  7191 I audio-subMixingFactory: padding_bytes 6144
10-14 02:27:17.373  2747  7191 I audio-subMixingFactory: padding_bytes 4096
10-14 02:27:17.373  2747  7191 I audio-subMixingFactory: padding_bytes 2048
10-14 02:27:17.375  2756  2903 I [Gralloc]: framebuffer hal alread move to hwcomposer
10-14 02:27:17.376  2768  2849 E BufferQueueProducer: [InputMethod#0] disconnect: not connected (req=1)
10-14 02:27:17.379  3089  7856 W libEGL  : EGLNativeWindowType 0xce963808 disconnect failed
10-14 02:27:17.380  2756  2903 I [Gralloc]: framebuffer hal alread move to hwcomposer
10-14 02:27:17.383  2747  7191 W amlaudioMixer: mixer_get_presentation_position(), not valid now
10-14 02:27:17.383  2747  7191 W audio-subMixingFactory: out_get_presentation_position_port(), pts not valid yet
10-14 02:27:17.383 11854 11854 W View    : requestLayout() improperly called by android.widget.LinearLayout{6f82263 V.E...... ......ID 0,0-903,59 #7f0a00b0 app:id/ami_btn_container} during layout: running second layout pass
10-14 02:27:17.394  2747  7191 W amlaudioMixer: mixer_get_presentation_position(), not valid now
10-14 02:27:17.394  2747  7191 W audio-subMixingFactory: out_get_presentation_position_port(), pts not valid yet
10-14 02:27:17.405  2766  2911 D AudioFlinger: mixer(0xeb583ac0) throttle end: throttle time(7)
10-14 02:27:17.851  2756  2903 I [Gralloc]: framebuffer hal alread move to hwcomposer
10-14 02:27:17.951  2756  2903 I [Gralloc]: framebuffer hal alread move to hwcomposer
10-14 02:27:17.985 11854 11865 I com.Slack: Background concurrent copying GC freed 377220(17MB) AllocSpace objects, 120(7MB) LOS objects, 49% free, 24MB/48MB, paused 214us total 189.995ms
10-14 02:27:19.008  3089  3089 D StrictMode: StrictMode policy violation; ~duration=1 ms: android.os.strictmode.DiskReadViolation
10-14 02:27:19.008  3089  3089 D StrictMode: 	at android.os.StrictMode$AndroidBlockGuardPolicy.onReadFromDisk(StrictMode.java:1506)
10-14 02:27:19.008  3089  3089 D StrictMode: 	at java.io.UnixFileSystem.checkAccess(UnixFileSystem.java:251)
10-14 02:27:19.008  3089  3089 D StrictMode: 	at java.io.File.exists(File.java:815)
10-14 02:27:19.008  3089  3089 D StrictMode: 	at android.app.ContextImpl.getDataDir(ContextImpl.java:2253)
10-14 02:27:19.008  3089  3089 D StrictMode: 	at android.app.ContextImpl.getPreferencesDir(ContextImpl.java:550)
10-14 02:27:19.008  3089  3089 D StrictMode: 	at android.app.ContextImpl.getSharedPreferencesPath(ContextImpl.java:747)
10-14 02:27:19.008  3089  3089 D StrictMode: 	at android.app.ContextImpl.getSharedPreferences(ContextImpl.java:400)
10-14 02:27:19.008  3089  3089 D StrictMode: 	at android.content.ContextWrapper.getSharedPreferences(ContextWrapper.java:174)
10-14 02:27:19.008  3089  3089 D StrictMode: 	at android.preference.PreferenceManager.getDefaultSharedPreferences(PreferenceManager.java:526)
10-14 02:27:19.008  3089  3089 D StrictMode: 	at com.android.inputmethod.latin.spellcheck.AndroidSpellCheckerService.onCreate(AndroidSpellCheckerService.java:98)
10-14 02:27:19.008  3089  3089 D StrictMode: 	at android.app.ActivityThread.handleCreateService(ActivityThread.java:3532)
10-14 02:27:19.008  3089  3089 D StrictMode: 	at android.app.ActivityThread.access$1300(ActivityThread.java:199)
10-14 02:27:19.008  3089  3089 D StrictMode: 	at android.app.ActivityThread$H.handleMessage(ActivityThread.java:1666)
10-14 02:27:19.008  3089  3089 D StrictMode: 	at android.os.Handler.dispatchMessage(Handler.java:106)
10-14 02:27:19.008  3089  3089 D StrictMode: 	at android.os.Looper.loop(Looper.java:193)
10-14 02:27:19.008  3089  3089 D StrictMode: 	at android.app.ActivityThread.main(ActivityThread.java:6669)
10-14 02:27:19.008  3089  3089 D StrictMode: 	at java.lang.reflect.Method.invoke(Native Method)
10-14 02:27:19.008  3089  3089 D StrictMode: 	at com.android.internal.os.RuntimeInit$MethodAndArgsCaller.run(RuntimeInit.java:493)
10-14 02:27:19.008  3089  3089 D StrictMode: 	at com.android.internal.os.ZygoteInit.main(ZygoteInit.java:858)
10-14 02:27:19.011  3089  3089 D StrictMode: StrictMode policy violation; ~duration=0 ms: android.os.strictmode.DiskReadViolation
10-14 02:27:19.011  3089  3089 D StrictMode: 	at android.os.StrictMode$AndroidBlockGuardPolicy.onReadFromDisk(StrictMode.java:1506)
10-14 02:27:19.011  3089  3089 D StrictMode: 	at java.io.UnixFileSystem.checkAccess(UnixFileSystem.java:251)
10-14 02:27:19.011  3089  3089 D StrictMode: 	at java.io.File.exists(File.java:815)
10-14 02:27:19.011  3089  3089 D StrictMode: 	at android.app.ContextImpl.ensurePrivateDirExists(ContextImpl.java:605)
10-14 02:27:19.011  3089  3089 D StrictMode: 	at android.app.ContextImpl.ensurePrivateDirExists(ContextImpl.java:596)
10-14 02:27:19.011  3089  3089 D StrictMode: 	at android.app.ContextImpl.getPreferencesDir(ContextImpl.java:552)
10-14 02:27:19.011  3089  3089 D StrictMode: 	at android.app.ContextImpl.getSharedPreferencesPath(ContextImpl.java:747)
10-14 02:27:19.011  3089  3089 D StrictMode: 	at android.app.ContextImpl.getSharedPreferences(ContextImpl.java:400)
10-14 02:27:19.011  3089  3089 D StrictMode: 	at android.content.ContextWrapper.getSharedPreferences(ContextWrapper.java:174)
10-14 02:27:19.011  3089  3089 D StrictMode: 	at android.preference.PreferenceManager.getDefaultSharedPreferences(PreferenceManager.java:526)
10-14 02:27:19.011  3089  3089 D StrictMode: 	at com.android.inputmethod.latin.spellcheck.AndroidSpellCheckerService.onCreate(AndroidSpellCheckerService.java:98)
10-14 02:27:19.011  3089  3089 D StrictMode: 	at android.app.ActivityThread.handleCreateService(ActivityThread.java:3532)
10-14 02:27:19.011  3089  3089 D StrictMode: 	at android.app.ActivityThread.access$1300(ActivityThread.java:199)
10-14 02:27:19.011  3089  3089 D StrictMode: 	at android.app.ActivityThread$H.handleMessage(ActivityThread.java:1666)
10-14 02:27:19.011  3089  3089 D StrictMode: 	at android.os.Handler.dispatchMessage(Handler.java:106)
10-14 02:27:19.011  3089  3089 D StrictMode: 	at android.os.Looper.loop(Looper.java:193)
10-14 02:27:19.011  3089  3089 D StrictMode: 	at android.app.ActivityThread.main(ActivityThread.java:6669)
10-14 02:27:19.011  3089  3089 D StrictMode: 	at java.lang.reflect.Method.invoke(Native Method)
10-14 02:27:19.011  3089  3089 D StrictMode: 	at com.android.internal.os.RuntimeInit$MethodAndArgsCaller.run(RuntimeInit.java:493)
10-14 02:27:19.011  3089  3089 D StrictMode: 	at com.android.internal.os.ZygoteInit.main(ZygoteInit.java:858)
10-14 02:27:19.024  2953  2969 W BroadcastQueue: Background execution not allowed: receiving Intent { act=android.intent.action.DROPBOX_ENTRY_ADDED flg=0x10 (has extras) } to com.google.android.gms/.stats.service.DropBoxEntryAddedReceiver
10-14 02:27:19.024  2953  2969 W BroadcastQueue: Background execution not allowed: receiving Intent { act=android.intent.action.DROPBOX_ENTRY_ADDED flg=0x10 (has extras) } to com.google.android.gms/.chimera.GmsIntentOperationService$PersistentTrustedReceiver
10-14 02:27:19.027  2953  2969 W BroadcastQueue: Background execution not allowed: receiving Intent { act=android.intent.action.DROPBOX_ENTRY_ADDED flg=0x10 (has extras) } to com.google.android.gms/.stats.service.DropBoxEntryAddedReceiver
10-14 02:27:19.027  2953  2969 W BroadcastQueue: Background execution not allowed: receiving Intent { act=android.intent.action.DROPBOX_ENTRY_ADDED flg=0x10 (has extras) } to com.google.android.gms/.chimera.GmsIntentOperationService$PersistentTrustedReceiver
10-14 02:27:19.507  2756  2903 I [Gralloc]: framebuffer hal alread move to hwcomposer
10-14 02:27:19.728  2756  2903 I chatty  : uid=1000(system) HwBinder:2756_2 identical 1 line
10-14 02:27:20.202  2756  2903 I [Gralloc]: framebuffer hal alread move to hwcomposer
10-14 02:27:20.781 11854 11854 W ConstraintSet: id unknown rich_text_formatting_toolbar
10-14 02:27:20.795 11854 11854 W ConstraintSet: id unknown rich_text_formatting_toolbar
10-14 02:27:20.802  3089  3089 I LatinIME: Starting input. Cursor position = 2,2
10-14 02:27:20.805 11854 11854 W View    : requestLayout() improperly called by android.widget.LinearLayout{6f82263 V.E...... ......ID 0,0-903,59 #7f0a00b0 app:id/ami_btn_container} during layout: running second layout pass
10-14 02:27:20.880  2756  2903 I [Gralloc]: framebuffer hal alread move to hwcomposer
10-14 02:27:20.883  2756  2903 I [Gralloc]: framebuffer hal alread move to hwcomposer
10-14 02:27:20.887  3089  7856 D mali_winsys: EGLint new_window_surface(egl_winsys_display *, void *, EGLSurface, EGLConfig, egl_winsys_surface **, EGLBoolean) returns 0x3000
10-14 02:27:20.887  2756  2903 I [Gralloc]: framebuffer hal alread move to hwcomposer
10-14 02:27:20.893  2756  8190 I [Gralloc]: framebuffer hal alread move to hwcomposer
10-14 02:27:20.899  2756  2903 I [Gralloc]: framebuffer hal alread move to hwcomposer
10-14 02:27:20.899  2756  2903 E gralloc : ioctl c0144900 failed with code -1: Operation not permitted
10-14 02:27:20.954 11854 11854 W ConstraintSet: id unknown rich_text_formatting_toolbar
10-14 02:27:20.911  3089  3089 I RenderThread: type=1400 audit(0.0:2351): avc: denied { read } for name="gralloc.odroidn2.so" dev="mmcblk0p12" ino=705 scontext=u:r:untrusted_app_25:s0:c512,c768 tcontext=u:object_r:vendor_file:s0 tclass=file permissive=1
10-14 02:27:23.811  2953  6973 I ActivityManager: START u0 {cmp=com.Slack/.ui.appshortcuts.AppShortcutsActivity (has extras)} from uid 10078
10-14 02:27:23.831 11854 11854 W ActivityThread: handleWindowVisibility: no activity for token android.os.BinderProxy@6b9cf69
10-14 02:27:23.903  2756  2903 I [Gralloc]: framebuffer hal alread move to hwcomposer
10-14 02:27:23.903  2756  2903 E gralloc : ioctl c0144900 failed with code -1: Operation not permitted
10-14 02:27:23.904  2756  2903 I [Gralloc]: framebuffer hal alread move to hwcomposer
10-14 02:27:23.908  2756  2903 E gralloc : ioctl c0144900 failed with code -1: Operation not permitted
10-14 02:27:23.909  2756  2903 I [Gralloc]: framebuffer hal alread move to hwcomposer
10-14 02:27:23.914  2756  2903 E gralloc : ioctl c0144900 failed with code -1: Operation not permitted
10-14 02:27:23.915 11854 11989 D mali_winsys: EGLint new_window_surface(egl_winsys_display *, void *, EGLSurface, EGLConfig, egl_winsys_surface **, EGLBoolean) returns 0x3000
10-14 02:27:23.924  2756  2903 I [Gralloc]: framebuffer hal alread move to hwcomposer
10-14 02:27:23.924  2756  2903 E gralloc : ioctl c0144900 failed with code -1: Operation not permitted
10-14 02:27:23.941  2953  2977 I ActivityManager: Displayed com.Slack/.ui.appshortcuts.AppShortcutsActivity: +115ms
10-14 02:27:23.963  2756  2903 I [Gralloc]: framebuffer hal alread move to hwcomposer
10-14 02:27:23.963  2768  2841 E BufferQueueProducer: [InputMethod#0] disconnect: not connected (req=1)
10-14 02:27:23.964  3089  7856 W libEGL  : EGLNativeWindowType 0xce963808 disconnect failed
10-14 02:27:23.967  2756  8190 I [Gralloc]: framebuffer hal alread move to hwcomposer
10-14 02:27:23.919 11359 11359 I Binder:11359_2: type=1400 audit(0.0:2354): avc: denied { getattr } for path="/proc/11854" dev="proc" ino=505218 scontext=u:r:untrusted_app:s0:c84,c256,c512,c768 tcontext=u:r:untrusted_app:s0:c78,c256,c512,c768 tclass=dir permissive=1
10-14 02:27:23.970  2756  8190 I [Gralloc]: framebuffer hal alread move to hwcomposer
10-14 02:27:24.010  2756  2903 I [Gralloc]: framebuffer hal alread move to hwcomposer
10-14 02:27:24.010  2756  2903 E gralloc : ioctl c0144900 failed with code -1: Operation not permitted
10-14 02:27:23.919 11359 11359 I Binder:11359_2: type=1400 audit(0.0:2355): avc: denied { search } for name="11854" dev="proc" ino=505218 scontext=u:r:untrusted_app:s0:c84,c256,c512,c768 tcontext=u:r:untrusted_app:s0:c78,c256,c512,c768 tclass=dir permissive=1
10-14 02:27:23.919 11359 11359 I Binder:11359_2: type=1400 audit(0.0:2356): avc: denied { read } for name="cgroup" dev="proc" ino=506448 scontext=u:r:untrusted_app:s0:c84,c256,c512,c768 tcontext=u:r:untrusted_app:s0:c78,c256,c512,c768 tclass=file permissive=1
10-14 02:27:23.919 11359 11359 I Binder:11359_2: type=1400 audit(0.0:2357): avc: denied { getattr } for path="/proc/11854/cgroup" dev="proc" ino=506448 scontext=u:r:untrusted_app:s0:c84,c256,c512,c768 tcontext=u:r:untrusted_app:s0:c78,c256,c512,c768 tclass=file permissive=1
10-14 02:27:23.963  3106  3106 I RenderThread: type=1400 audit(0.0:2358): avc: denied { read } for name="gralloc.odroidn2.so" dev="mmcblk0p12" ino=705 scontext=u:r:platform_app:s0:c512,c768 tcontext=u:object_r:vendor_file:s0 tclass=file permissive=1
10-14 02:27:23.963  3106  3106 I RenderThread: type=1400 audit(0.0:2359): avc: denied { open } for path="/vendor/lib/hw/gralloc.odroidn2.so" dev="mmcblk0p12" ino=705 scontext=u:r:platform_app:s0:c512,c768 tcontext=u:object_r:vendor_file:s0 tclass=file permissive=1
10-14 02:27:23.963  3106  3106 I RenderThread: type=1400 audit(0.0:2360): avc: denied { getattr } for path="/vendor/lib/hw/gralloc.odroidn2.so" dev="mmcblk0p12" ino=705 scontext=u:r:platform_app:s0:c512,c768 tcontext=u:object_r:vendor_file:s0 tclass=file permissive=1
10-14 02:27:24.370  2768  2849 E BufferQueueProducer: [com.Slack/com.Slack.ui.HomeActivity#0] disconnect: not connected (req=1)
10-14 02:27:24.370 11854 11989 W libEGL  : EGLNativeWindowType 0xc512d808 disconnect failed
10-14 02:27:24.743  4078  4078 D skia    : --- Failed to create image decoder with message 'unimplemented'
10-14 02:27:24.769 11854 11854 W ViewRootImpl[HomeActivity]: Cancelling event due to no window focus: MotionEvent { action=ACTION_CANCEL, actionButton=0, id[0]=0, x[0]=414.08975, y[0]=299.58734, toolType[0]=TOOL_TYPE_MOUSE, buttonState=0, metaState=0, flags=0x0, edgeFlags=0x0, pointerCount=1, historySize=0, eventTime=8096635, downTime=8095563, deviceId=4, source=0x2002 }
10-14 02:27:24.755  4078  4078 D skia    : --- Failed to create image decoder with message 'unimplemented'
10-14 02:27:26.551  2756  2903 I [Gralloc]: framebuffer hal alread move to hwcomposer
10-14 02:27:26.551  2953  2953 I android.display: type=1400 audit(0.0:2361): avc: denied { read } for name="gralloc.odroidn2.so" dev="mmcblk0p12" ino=705 scontext=u:r:system_server:s0 tcontext=u:object_r:vendor_file:s0 tclass=file permissive=1
10-14 02:27:26.899  2747  2888 D audio-subMixingFactory: out_standby_subMixingPCM: out_stream(0xee3ca000) usecase: STREAM_PCM_NORMAL
10-14 02:27:26.899  2747  2888 I audio-subMixingFactory: ++usecase_change_validate_l_sm(), dev usecase masks = 0x1, is_standby = 1, out usecase STREAM_PCM_NORMAL
10-14 02:27:26.899  2747  2888 I audio-subMixingFactory: --usecase_change_validate_l_sm(), dev usecase masks = 0, is_standby = 1, out usecase STREAM_PCM_NORMAL
10-14 02:27:26.899  2747  2888 I amlaudioMixer: ++delete_mixer_input_port port ID: 0
10-14 02:27:26.899  2747  2907 E amlaudioMixer: mixer_do_mixing_16bit(), sys or direct pcm must exist!!!
10-14 02:27:29.803  2756  2903 I [Gralloc]: framebuffer hal alread move to hwcomposer
10-14 02:27:29.799  2768  2768 I Binder:2768_3: type=1400 audit(0.0:2364): avc: denied { read } for name="gralloc.odroidn2.so" dev="mmcblk0p12" ino=705 scontext=u:r:surfaceflinger:s0 tcontext=u:object_r:vendor_file:s0 tclass=file permissive=1
10-14 02:27:29.803  2768  2768 I Binder:2768_3: type=1400 audit(0.0:2366): avc: denied { getattr } for path="/vendor/lib/hw/gralloc.odroidn2.so" dev="mmcblk0p12" ino=705 scontext=u:r:surfaceflinger:s0 tcontext=u:object_r:vendor_file:s0 tclass=file permissive=1
10-14 02:27:30.125  2747  7191 W amlaudioMixer: mixer_get_presentation_position(), port not ready now
10-14 02:27:30.125  2747  7191 W audio-subMixingFactory: out_get_presentation_position_port(), pts not valid yet
10-14 02:27:30.125  2747  7191 I audio-subMixingFactory: ++usecase_change_validate_l_sm: dev usecase masks = 0, out usecase_masks = 0, out usecase STREAM_PCM_NORMAL
10-14 02:27:30.125  2747  7191 I audio-subMixingFactory: ++++usecase_change_validate_l_sm(),continuous_audio_mode 0 dev usecase masks = 0, out usecase_masks = 0, out usecase STREAM_PCM_NORMAL
10-14 02:27:30.125  2747  7191 I audio-subMixingFactory: usecase_change_validate_l_sm(), mixer_aux_buffer_write_sm !
10-14 02:27:30.125  2747  7191 I audio-subMixingFactory: ----usecase_change_validate_l_sm(), continuous_audio_mode 0 dev usecase masks = 0x1, out usecase_masks = 0x1, out usecase STREAM_PCM_NORMAL
10-14 02:27:30.125  2747  7191 I aml_audio_port: get_input_port_index(), samplerate 48000
10-14 02:27:30.125  2747  7191 D aml_audio_port: new_input_port(), index:0, rbuf size:8192, direct_on:0
10-14 02:27:30.125  2747  7191 D aml_audio_port: new_input_port(), fmt 0x1, rate 48000
10-14 02:27:30.125  2747  7191 I amlaudioMixer: ++init_mixer_input_port port index 0, size 512 frames
10-14 02:27:30.125  2747  7191 I amlaudioMixer: init_mixer_input_port(), port->initial_frames: 50903040
10-14 02:27:30.125  2747  7191 I aml_audio_port: get_input_port_index(), samplerate 48000
10-14 02:27:30.125  2747  7191 I audio-subMixingFactory: mixer_aux_buffer_write_sm(), primary 0xee3ca000 port index = 0
10-14 02:27:30.125  2747  7191 I audio-subMixingFactory: padding_bytes 16384
10-14 02:27:30.125  2747  7191 I amlaudioMixer: port index 0 is active now
10-14 02:27:30.125  2747  7191 I audio-subMixingFactory: padding_bytes 14336
10-14 02:27:30.126  2747  7191 I audio-subMixingFactory: padding_bytes 12288
10-14 02:27:30.126  2747  7191 I audio-subMixingFactory: padding_bytes 10240
10-14 02:27:30.126  2747  7191 I audio-subMixingFactory: padding_bytes 8192
10-14 02:27:30.126  2747  7191 I audio-subMixingFactory: padding_bytes 6144
10-14 02:27:30.131  2747  7191 I audio-subMixingFactory: padding_bytes 4096
10-14 02:27:30.135  2747  7191 I audio-subMixingFactory: padding_bytes 2048
10-14 02:27:30.146  2747  7191 W amlaudioMixer: mixer_get_presentation_position(), not valid now
10-14 02:27:30.146  2747  7191 W audio-subMixingFactory: out_get_presentation_position_port(), pts not valid yet
10-14 02:27:30.157  2747  7191 W amlaudioMixer: mixer_get_presentation_position(), not valid now
10-14 02:27:30.157  2747  7191 W audio-subMixingFactory: out_get_presentation_position_port(), pts not valid yet
10-14 02:27:30.168 11854 11854 W ConstraintSet: id unknown rich_text_formatting_toolbar
10-14 02:27:30.168  2766  2911 D AudioFlinger: mixer(0xeb583ac0) throttle end: throttle time(7)
10-14 02:27:30.171 11854 11854 W ConstraintSet: id unknown rich_text_formatting_toolbar
10-14 02:27:30.190  2756  2903 I [Gralloc]: framebuffer hal alread move to hwcomposer
10-14 02:27:30.195  2756  2903 I chatty  : uid=1000(system) HwBinder:2756_2 identical 1 line
10-14 02:27:30.198  2756  2903 I [Gralloc]: framebuffer hal alread move to hwcomposer
10-14 02:27:30.202 11854 11989 D mali_winsys: EGLint new_window_surface(egl_winsys_display *, void *, EGLSurface, EGLConfig, egl_winsys_surface **, EGLBoolean) returns 0x3000
10-14 02:27:30.203 11854 11854 W ConstraintSet: id unknown rich_text_formatting_toolbar
10-14 02:27:30.237 11854 11854 W View    : requestLayout() improperly called by android.widget.LinearLayout{6f82263 V.E...... ......ID 0,0-903,59 #7f0a00b0 app:id/ami_btn_container} during layout: running second layout pass
10-14 02:27:30.281  2756  2903 I [Gralloc]: framebuffer hal alread move to hwcomposer
10-14 02:27:30.305  2756  2903 I chatty  : uid=1000(system) HwBinder:2756_2 identical 1 line
10-14 02:27:30.315  2756  2903 I [Gralloc]: framebuffer hal alread move to hwcomposer
10-14 02:27:30.377  3089  3089 I LatinIME: Starting input. Cursor position = 0,0
10-14 02:27:30.413  2756  2903 I [Gralloc]: framebuffer hal alread move to hwcomposer
10-14 02:27:30.428  2756  2903 I chatty  : uid=1000(system) HwBinder:2756_2 identical 2 lines
10-14 02:27:30.435  2756  2903 I [Gralloc]: framebuffer hal alread move to hwcomposer
10-14 02:27:30.435  2756  2903 E gralloc : ioctl c0144900 failed with code -1: Operation not permitted
10-14 02:27:30.436  2756  2903 I [Gralloc]: framebuffer hal alread move to hwcomposer
10-14 02:27:30.441  2756  2903 E gralloc : ioctl c0144900 failed with code -1: Operation not permitted
10-14 02:27:30.442  3089  7856 D mali_winsys: EGLint new_window_surface(egl_winsys_display *, void *, EGLSurface, EGLConfig, egl_winsys_surface **, EGLBoolean) returns 0x3000
10-14 02:27:30.452  2756  2903 I [Gralloc]: framebuffer hal alread move to hwcomposer
10-14 02:27:30.452  2756  2903 E gralloc : ioctl c0144900 failed with code -1: Operation not permitted
10-14 02:27:30.498 11854 11854 W ConstraintSet: id unknown rich_text_formatting_toolbar
10-14 02:27:30.531  2756  2903 I [Gralloc]: framebuffer hal alread move to hwcomposer
10-14 02:27:30.636  2756  2903 I [Gralloc]: framebuffer hal alread move to hwcomposer
10-14 02:27:30.636  2756  2903 E gralloc : ioctl c0144900 failed with code -1: Operation not permitted
10-14 02:27:30.684  2768  3557 W SurfaceFlinger: Attempting to set client state on removed layer: Surface(name=5ad08a2 InputMethod)/@0x3368d9e - animation-leash#0
10-14 02:27:30.684  2768  3557 W SurfaceFlinger: Attempting to destroy on removed layer: Surface(name=5ad08a2 InputMethod)/@0x3368d9e - animation-leash#0
10-14 02:27:30.753  2768  2950 E BufferQueueProducer: [com.Slack/com.Slack.ui.appshortcuts.AppShortcutsActivity#0] disconnect: not connected (req=1)
10-14 02:27:30.753 11854 11989 W libEGL  : EGLNativeWindowType 0xc4026808 disconnect failed
10-14 02:27:31.293  2756  2903 I [Gralloc]: framebuffer hal alread move to hwcomposer
10-14 02:27:31.767  2756  2903 I [Gralloc]: framebuffer hal alread move to hwcomposer
10-14 02:27:33.198  2747  2888 D audio-subMixingFactory: out_standby_subMixingPCM: out_stream(0xee3ca000) usecase: STREAM_PCM_NORMAL
10-14 02:27:33.198  2747  2888 I audio-subMixingFactory: ++usecase_change_validate_l_sm(), dev usecase masks = 0x1, is_standby = 1, out usecase STREAM_PCM_NORMAL
10-14 02:27:33.198  2747  2888 I audio-subMixingFactory: --usecase_change_validate_l_sm(), dev usecase masks = 0, is_standby = 1, out usecase STREAM_PCM_NORMAL
10-14 02:27:33.198  2747  2888 I amlaudioMixer: ++delete_mixer_input_port port ID: 0
10-14 02:27:33.198  2747  2907 E amlaudioMixer: mixer_do_mixing_16bit(), sys or direct pcm must exist!!!
10-14 02:27:34.767  4078  4078 D skia    : --- Failed to create image decoder with message 'unimplemented'
10-14 02:27:34.779  4078  4078 D skia    : --- Failed to create image decoder with message 'unimplemented'
10-14 02:27:34.795  2747  7191 W amlaudioMixer: mixer_get_presentation_position(), port not ready now
10-14 02:27:34.795  2747  7191 W audio-subMixingFactory: out_get_presentation_position_port(), pts not valid yet
10-14 02:27:34.796  2747  7191 I audio-subMixingFactory: ++usecase_change_validate_l_sm: dev usecase masks = 0, out usecase_masks = 0, out usecase STREAM_PCM_NORMAL
10-14 02:27:34.796  2747  7191 I audio-subMixingFactory: ++++usecase_change_validate_l_sm(),continuous_audio_mode 0 dev usecase masks = 0, out usecase_masks = 0, out usecase STREAM_PCM_NORMAL
10-14 02:27:34.796  2747  7191 I audio-subMixingFactory: usecase_change_validate_l_sm(), mixer_aux_buffer_write_sm !
10-14 02:27:34.796  2747  7191 I audio-subMixingFactory: ----usecase_change_validate_l_sm(), continuous_audio_mode 0 dev usecase masks = 0x1, out usecase_masks = 0x1, out usecase STREAM_PCM_NORMAL
10-14 02:27:34.796  2747  7191 I aml_audio_port: get_input_port_index(), samplerate 48000
10-14 02:27:34.796  2747  7191 D aml_audio_port: new_input_port(), index:0, rbuf size:8192, direct_on:0
10-14 02:27:34.796  2747  7191 D aml_audio_port: new_input_port(), fmt 0x1, rate 48000
10-14 02:27:34.796  2747  7191 I amlaudioMixer: ++init_mixer_input_port port index 0, size 512 frames
10-14 02:27:34.796  2747  7191 I amlaudioMixer: init_mixer_input_port(), port->initial_frames: 51051520
10-14 02:27:34.796  2747  7191 I aml_audio_port: get_input_port_index(), samplerate 48000
10-14 02:27:34.796  2747  7191 I audio-subMixingFactory: mixer_aux_buffer_write_sm(), primary 0xee3ca000 port index = 0
10-14 02:27:34.796  2747  7191 I audio-subMixingFactory: padding_bytes 16384
10-14 02:27:34.796  2747  7191 I amlaudioMixer: port index 0 is active now
10-14 02:27:34.796  2747  7191 I audio-subMixingFactory: padding_bytes 14336
10-14 02:27:34.796  2747  7191 I audio-subMixingFactory: padding_bytes 12288
10-14 02:27:34.796  2747  7191 I audio-subMixingFactory: padding_bytes 10240
10-14 02:27:34.796  2747  7191 I audio-subMixingFactory: padding_bytes 8192
10-14 02:27:34.796  2747  7191 I audio-subMixingFactory: padding_bytes 6144
10-14 02:27:34.797 11854 11854 W ConstraintSet: id unknown rich_text_formatting_toolbar
10-14 02:27:34.800  2747  7191 I audio-subMixingFactory: padding_bytes 4096
10-14 02:27:34.802 11854 11854 W ConstraintSet: id unknown rich_text_formatting_toolbar
10-14 02:27:34.812  2747  7191 I audio-subMixingFactory: padding_bytes 2048
10-14 02:27:34.819  2747  7191 W amlaudioMixer: mixer_get_presentation_position(), not valid now
10-14 02:27:34.819  2747  7191 W audio-subMixingFactory: out_get_presentation_position_port(), pts not valid yet
10-14 02:27:34.830  2747  7191 W amlaudioMixer: mixer_get_presentation_position(), not valid now
10-14 02:27:34.830  2747  7191 W audio-subMixingFactory: out_get_presentation_position_port(), pts not valid yet
10-14 02:27:34.838 11854 11854 W View    : requestLayout() improperly called by android.widget.LinearLayout{6f82263 V.E...... ......ID 0,0-903,59 #7f0a00b0 app:id/ami_btn_container} during layout: running second layout pass
10-14 02:27:34.845 11854 11854 W ConstraintSet: id unknown rich_text_formatting_toolbar
10-14 02:27:34.845  2766  2911 D AudioFlinger: mixer(0xeb583ac0) throttle end: throttle time(5)
10-14 02:27:34.854 11854 11854 W View    : requestLayout() improperly called by android.widget.LinearLayout{6f82263 V.E...... ......ID 0,0-903,59 #7f0a00b0 app:id/ami_btn_container} during layout: running second layout pass
10-14 02:27:36.542  2756  2903 I [Gralloc]: framebuffer hal alread move to hwcomposer
10-14 02:27:37.133 11854 11854 W ConstraintSet: id unknown rich_text_formatting_toolbar
10-14 02:27:37.138 11854 11854 W ConstraintSet: id unknown rich_text_formatting_toolbar
10-14 02:27:37.143 11854 11854 W View    : requestLayout() improperly called by android.widget.LinearLayout{6f82263 V.E...... ......ID 0,0-903,59 #7f0a00b0 app:id/ami_btn_container} during layout: running second layout pass
10-14 02:27:37.152 11854 11854 W ConstraintSet: id unknown rich_text_formatting_toolbar
10-14 02:27:37.159 11854 11854 W View    : requestLayout() improperly called by android.widget.LinearLayout{6f82263 V.E...... ......ID 0,0-903,59 #7f0a00b0 app:id/ami_btn_container} during layout: running second layout pass
10-14 02:27:37.711  2756  2903 I [Gralloc]: framebuffer hal alread move to hwcomposer
10-14 02:27:38.323 11854 11854 W ConstraintSet: id unknown rich_text_formatting_toolbar
10-14 02:27:38.343 11854 11854 W View    : requestLayout() improperly called by android.widget.LinearLayout{6f82263 V.E...... ......ID 0,0-903,59 #7f0a00b0 app:id/ami_btn_container} during layout: running second layout pass
10-14 02:27:38.525 11854 11854 W ConstraintSet: id unknown rich_text_formatting_toolbar
10-14 02:27:38.545 11854 11854 W View    : requestLayout() improperly called by android.widget.LinearLayout{6f82263 V.E...... ......ID 0,0-903,59 #7f0a00b0 app:id/ami_btn_container} during layout: running second layout pass
10-14 02:27:39.251  2756  2903 I [Gralloc]: framebuffer hal alread move to hwcomposer
10-14 02:27:39.878  2756  2903 I [Gralloc]: framebuffer hal alread move to hwcomposer
10-14 02:27:41.074  2766  2766 W AudioFlinger: createTrack_l(): mismatch between requested flags (00000004) and output flags (00000002)
10-14 02:27:41.074  2953  3050 W AudioTrack: AUDIO_OUTPUT_FLAG_FAST denied by server; frameCount 0 -> 5191
10-14 02:27:41.082  2756  2903 I [Gralloc]: framebuffer hal alread move to hwcomposer
10-14 02:27:41.874  2766  2766 W AudioFlinger: createTrack_l(): mismatch between requested flags (00000004) and output flags (00000002)
10-14 02:27:41.875  2953  3050 W AudioTrack: AUDIO_OUTPUT_FLAG_FAST denied by server; frameCount 0 -> 5191
10-14 02:27:41.970  3089  3246 I LatinIME:LogUtils: Dictionary info: dictionary = spellcheck_userunigram.en_US ; version = 1602610061 ; date = ?
10-14 02:27:41.989  3089  3246 I LatinIME:LogUtils: Dictionary info: dictionary = main:en ; version = 54 ; date = 1414726273
10-14 02:27:42.290  2766  3526 W AudioFlinger: createTrack_l(): mismatch between requested flags (00000004) and output flags (00000002)
10-14 02:27:42.292  2953  3050 W AudioTrack: AUDIO_OUTPUT_FLAG_FAST denied by server; frameCount 0 -> 5191
10-14 02:27:44.501  2756  2903 I [Gralloc]: framebuffer hal alread move to hwcomposer
10-14 02:27:44.535  2756  2903 I [Gralloc]: framebuffer hal alread move to hwcomposer
10-14 02:27:44.790  4078  4078 D skia    : --- Failed to create image decoder with message 'unimplemented'
10-14 02:27:44.803  4078  4078 D skia    : --- Failed to create image decoder with message 'unimplemented'
10-14 02:27:45.026  2756  2903 I [Gralloc]: framebuffer hal alread move to hwcomposer
10-14 02:27:45.094  2756  2903 I [Gralloc]: framebuffer hal alread move to hwcomposer
10-14 02:27:45.767  2766  2766 W AudioFlinger: createTrack_l(): mismatch between requested flags (00000004) and output flags (00000002)
10-14 02:27:45.768 11854 11854 W ConstraintSet: id unknown rich_text_formatting_toolbar
10-14 02:27:45.768  2953  3050 W AudioTrack: AUDIO_OUTPUT_FLAG_FAST denied by server; frameCount 0 -> 4512
10-14 02:27:45.769 11854 11854 W ConstraintSet: id unknown rich_text_formatting_toolbar
10-14 02:27:45.782 11854 11854 W View    : requestLayout() improperly called by android.widget.LinearLayout{6f82263 V.E...... ......ID 0,0-903,59 #7f0a00b0 app:id/ami_btn_container} during layout: running second layout pass
10-14 02:27:45.797  3089  3089 I LatinIME: Starting input. Cursor position = 8,8
10-14 02:27:45.797 11854 11854 W ConstraintSet: id unknown rich_text_formatting_toolbar
10-14 02:27:45.798 11854 11854 W ConstraintSet: id unknown rich_text_formatting_toolbar
10-14 02:27:45.807 11854 11854 W View    : requestLayout() improperly called by android.widget.LinearLayout{6f82263 V.E...... ......ID 0,0-903,59 #7f0a00b0 app:id/ami_btn_container} during layout: running second layout pass
10-14 02:27:24.769 11854 11854 I chatty  : uid=10078(com.Slack) identical 2 lines
