10-14 02:25:08.742  3527  3541 D StrictMode: 	at java.lang.Daemons$FinalizerDaemon.runInternal(Daemons.java:237)
10-14 02:25:08.742  3527  3541 D StrictMode: 	at java.lang.Daemons$Daemon.run(Daemons.java:103)
10-14 02:25:08.742  3527  3541 D StrictMode: 	at java.lang.Thread.run(Thread.java:764)
10-14 02:25:08.742  3527  3541 D StrictMode: Caused by: java.lang.Throwable: Explicit termination method 'release' not called
10-14 02:25:08.742  3527  3541 D StrictMode: 	at dalvik.system.CloseGuard.open(CloseGuard.java:221)
10-14 02:25:08.742  3527  3541 D StrictMode: 	at android.view.SurfaceControl.<init>(SurfaceControl.java:621)
10-14 02:25:08.742  3527  3541 D StrictMode: 	at android.view.SurfaceControl.<init>(SurfaceControl.java:60)
10-14 02:25:08.742  3527  3541 D StrictMode: 	at android.view.SurfaceControl$1.createFromParcel(SurfaceControl.java:655)
10-14 02:25:08.742  3527  3541 D StrictMode: 	at android.view.SurfaceControl$1.createFromParcel(SurfaceControl.java:653)
10-14 02:25:08.742  3527  3541 D StrictMode: 	at android.os.Parcel.readParcelable(Parcel.java:2766)
10-14 02:25:08.742  3527  3541 D StrictMode: 	at android.view.RemoteAnimationTarget.<init>(RemoteAnimationTarget.java:149)
10-14 02:25:08.742  3527  3541 D StrictMode: 	at android.view.RemoteAnimationTarget$1.createFromParcel(RemoteAnimationTarget.java:212)
10-14 02:25:08.742  3527  3541 D StrictMode: 	at android.view.RemoteAnimationTarget$1.createFromParcel(RemoteAnimationTarget.java:210)
10-14 02:25:08.742  3527  3541 D StrictMode: 	at android.os.Parcel.readTypedObject(Parcel.java:2606)
10-14 02:25:08.742  3527  3541 D StrictMode: 	at android.os.Parcel.createTypedArray(Parcel.java:2568)
10-14 02:25:08.742  3527  3541 D StrictMode: 	at android.view.IRemoteAnimationRunner$Stub.onTransact(IRemoteAnimationRunner.java:56)
10-14 02:25:08.742  3527  3541 D StrictMode: 	at android.os.Binder.execTransact(Binder.java:731)
10-14 02:25:08.753  2953  2969 W BroadcastQueue: Background execution not allowed: receiving Intent { act=android.intent.action.DROPBOX_ENTRY_ADDED flg=0x10 (has extras) } to com.google.android.gms/.stats.service.DropBoxEntryAddedReceiver
10-14 02:25:08.753  2953  2969 W BroadcastQueue: Background execution not allowed: receiving Intent { act=android.intent.action.DROPBOX_ENTRY_ADDED flg=0x10 (has extras) } to com.google.android.gms/.chimera.GmsIntentOperationService$PersistentTrustedReceiver
10-14 02:25:08.758  2953  2969 W BroadcastQueue: Background execution not allowed: receiving Intent { act=android.intent.action.DROPBOX_ENTRY_ADDED flg=0x10 (has extras) } to com.google.android.gms/.stats.service.DropBoxEntryAddedReceiver
10-14 02:25:08.758  2953  2969 W BroadcastQueue: Background execution not allowed: receiving Intent { act=android.intent.action.DROPBOX_ENTRY_ADDED flg=0x10 (has extras) } to com.google.android.gms/.chimera.GmsIntentOperationService$PersistentTrustedReceiver
10-14 02:25:08.764  2953  2969 W BroadcastQueue: Background execution not allowed: receiving Intent { act=android.intent.action.DROPBOX_ENTRY_ADDED flg=0x10 (has extras) } to com.google.android.gms/.stats.service.DropBoxEntryAddedReceiver
10-14 02:25:08.764  2953  2969 W BroadcastQueue: Background execution not allowed: receiving Intent { act=android.intent.action.DROPBOX_ENTRY_ADDED flg=0x10 (has extras) } to com.google.android.gms/.chimera.GmsIntentOperationService$PersistentTrustedReceiver
10-14 02:25:08.772  2953  2969 W BroadcastQueue: Background execution not allowed: receiving Intent { act=android.intent.action.DROPBOX_ENTRY_ADDED flg=0x10 (has extras) } to com.google.android.gms/.stats.service.DropBoxEntryAddedReceiver
10-14 02:25:08.772  2953  2969 W BroadcastQueue: Background execution not allowed: receiving Intent { act=android.intent.action.DROPBOX_ENTRY_ADDED flg=0x10 (has extras) } to com.google.android.gms/.chimera.GmsIntentOperationService$PersistentTrustedReceiver
10-14 02:25:08.778  2953  2969 W BroadcastQueue: Background execution not allowed: receiving Intent { act=android.intent.action.DROPBOX_ENTRY_ADDED flg=0x10 (has extras) } to com.google.android.gms/.stats.service.DropBoxEntryAddedReceiver
10-14 02:25:08.778  2953  2969 W BroadcastQueue: Background execution not allowed: receiving Intent { act=android.intent.action.DROPBOX_ENTRY_ADDED flg=0x10 (has extras) } to com.google.android.gms/.chimera.GmsIntentOperationService$PersistentTrustedReceiver
10-14 02:25:08.789  2953  2969 W BroadcastQueue: Background execution not allowed: receiving Intent { act=android.intent.action.DROPBOX_ENTRY_ADDED flg=0x10 (has extras) } to com.google.android.gms/.stats.service.DropBoxEntryAddedReceiver
10-14 02:25:08.790  2953  2969 W BroadcastQueue: Background execution not allowed: receiving Intent { act=android.intent.action.DROPBOX_ENTRY_ADDED flg=0x10 (has extras) } to com.google.android.gms/.chimera.GmsIntentOperationService$PersistentTrustedReceiver
10-14 02:25:08.793  2953  2969 W BroadcastQueue: Background execution not allowed: receiving Intent { act=android.intent.action.DROPBOX_ENTRY_ADDED flg=0x10 (has extras) } to com.google.android.gms/.stats.service.DropBoxEntryAddedReceiver
10-14 02:25:08.793  2953  2969 W BroadcastQueue: Background execution not allowed: receiving Intent { act=android.intent.action.DROPBOX_ENTRY_ADDED flg=0x10 (has extras) } to com.google.android.gms/.chimera.GmsIntentOperationService$PersistentTrustedReceiver
10-14 02:25:08.797  2953  2969 W BroadcastQueue: Background execution not allowed: receiving Intent { act=android.intent.action.DROPBOX_ENTRY_ADDED flg=0x10 (has extras) } to com.google.android.gms/.stats.service.DropBoxEntryAddedReceiver
10-14 02:25:08.797  2953  2969 W BroadcastQueue: Background execution not allowed: receiving Intent { act=android.intent.action.DROPBOX_ENTRY_ADDED flg=0x10 (has extras) } to com.google.android.gms/.chimera.GmsIntentOperationService$PersistentTrustedReceiver
10-14 02:25:08.747  3527  3541 I chatty  : uid=10024(com.android.launcher3) FinalizerDaemon identical 6 lines
10-14 02:25:08.747  3527  3541 D StrictMode: StrictMode policy violation: android.os.strictmode.LeakedClosableViolation: A resource was acquired at attached stack trace but never released. See java.io.Closeable for information on avoiding resource leaks.
10-14 02:25:08.747  3527  3541 D StrictMode: 	at android.os.StrictMode$AndroidCloseGuardReporter.report(StrictMode.java:1788)
10-14 02:25:08.747  3527  3541 D StrictMode: 	at dalvik.system.CloseGuard.warnIfOpen(CloseGuard.java:264)
10-14 02:25:08.747  3527  3541 D StrictMode: 	at android.view.SurfaceControl.finalize(SurfaceControl.java:667)
10-14 02:25:08.747  3527  3541 D StrictMode: 	at java.lang.Daemons$FinalizerDaemon.doFinalize(Daemons.java:250)
10-14 02:25:08.747  3527  3541 D StrictMode: 	at java.lang.Daemons$FinalizerDaemon.runInternal(Daemons.java:237)
10-14 02:25:08.747  3527  3541 D StrictMode: 	at java.lang.Daemons$Daemon.run(Daemons.java:103)
10-14 02:25:08.747  3527  3541 D StrictMode: 	at java.lang.Thread.run(Thread.java:764)
10-14 02:25:08.747  3527  3541 D StrictMode: Caused by: java.lang.Throwable: Explicit termination method 'release' not called
10-14 02:25:08.747  3527  3541 D StrictMode: 	at dalvik.system.CloseGuard.open(CloseGuard.java:221)
10-14 02:25:08.747  3527  3541 D StrictMode: 	at android.view.SurfaceControl.<init>(SurfaceControl.java:621)
10-14 02:25:08.747  3527  3541 D StrictMode: 	at android.view.SurfaceControl.<init>(SurfaceControl.java:60)
10-14 02:25:08.747  3527  3541 D StrictMode: 	at android.view.SurfaceControl$1.createFromParcel(SurfaceControl.java:655)
10-14 02:25:08.747  3527  3541 D StrictMode: 	at android.view.SurfaceControl$1.createFromParcel(SurfaceControl.java:653)
10-14 02:25:08.747  3527  3541 D StrictMode: 	at android.os.Parcel.readParcelable(Parcel.java:2766)
10-14 02:25:08.747  3527  3541 D StrictMode: 	at android.view.RemoteAnimationTarget.<init>(RemoteAnimationTarget.java:149)
10-14 02:25:08.747  3527  3541 D StrictMode: 	at android.view.RemoteAnimationTarget$1.createFromParcel(RemoteAnimationTarget.java:212)
10-14 02:25:08.747  3527  3541 D StrictMode: 	at android.view.RemoteAnimationTarget$1.createFromParcel(RemoteAnimationTarget.java:210)
10-14 02:25:08.747  3527  3541 D StrictMode: 	at android.os.Parcel.readTypedObject(Parcel.java:2606)
10-14 02:25:08.747  3527  3541 D StrictMode: 	at android.os.Parcel.createTypedArray(Parcel.java:2568)
10-14 02:25:08.747  3527  3541 D StrictMode: 	at android.view.IRemoteAnimationRunner$Stub.onTransact(IRemoteAnimationRunner.java:56)
10-14 02:25:08.747  3527  3541 D StrictMode: 	at android.os.Binder.execTransact(Binder.java:731)
10-14 02:25:08.800  2756  8190 I [Gralloc]: framebuffer hal alread move to hwcomposer
10-14 02:25:09.145  2768  3293 E BufferQueueProducer: [com.Slack/com.Slack.ui.HomeActivity#0] disconnect: not connected (req=1)
10-14 02:25:09.146 11854 11989 W libEGL  : EGLNativeWindowType 0xc5174008 disconnect failed
10-14 02:25:09.150  2953  7801 I ConfigStore: android::hardware::configstore::V1_0::ISurfaceFlingerConfigs::hasWideColorDisplay retrieved: 0
10-14 02:25:09.150  2953  7801 I ConfigStore: android::hardware::configstore::V1_0::ISurfaceFlingerConfigs::hasHDRDisplay retrieved: 0
10-14 02:25:09.151  2953  7801 I OpenGLRenderer: Initialized EGL, version 1.4
10-14 02:25:09.151  2953  7801 D OpenGLRenderer: Swap behavior 2
10-14 02:25:09.214  2768  2841 W SurfaceFlinger: Attempting to destroy on removed layer: AppWindowToken{151ef74 token=Token{b6e9b47 ActivityRecord{ff41686 u0 com.Slack/.ui.HomeActivity t22}}}#0
10-14 02:25:10.478  2953 27918 I ActivityManager: START u0 {act=android.intent.action.MAIN cat=[android.intent.category.LAUNCHER] flg=0x10200000 cmp=com.Slack/.ui.HomeActivity bnds=[253,31][454,162]} from uid 10024
10-14 02:25:10.496 11854 11854 W ActivityThread: handleWindowVisibility: no activity for token android.os.BinderProxy@605082c
10-14 02:25:10.528  2756  8190 I [Gralloc]: framebuffer hal alread move to hwcomposer
10-14 02:25:10.824  2756  8190 I chatty  : uid=1000(system) HwBinder:2756_3 identical 1 line
10-14 02:25:10.830  2756  8190 I [Gralloc]: framebuffer hal alread move to hwcomposer
10-14 02:25:10.830  2756  8190 E gralloc : ioctl c0144900 failed with code -1: Operation not permitted
10-14 02:25:10.831  2756  8190 I [Gralloc]: framebuffer hal alread move to hwcomposer
10-14 02:25:10.836  2756  8190 E gralloc : ioctl c0144900 failed with code -1: Operation not permitted
10-14 02:25:10.837 11854 11989 D mali_winsys: EGLint new_window_surface(egl_winsys_display *, void *, EGLSurface, EGLConfig, egl_winsys_surface **, EGLBoolean) returns 0x3000
10-14 02:25:10.993  2781  2781 I keystore: del USRPKEY_jetpack_security_check_alias 10078
10-14 02:25:10.993  2781  2781 I keystore: del USRCERT_jetpack_security_check_alias 10078
10-14 02:25:10.994  2781  2781 I keystore: del CACERT_jetpack_security_check_alias 10078
10-14 02:25:11.010  2953  2969 W BroadcastQueue: Background execution not allowed: receiving Intent { act=android.intent.action.DROPBOX_ENTRY_ADDED flg=0x10 (has extras) } to com.google.android.gms/.stats.service.DropBoxEntryAddedReceiver
10-14 02:25:11.010  2953  2969 W BroadcastQueue: Background execution not allowed: receiving Intent { act=android.intent.action.DROPBOX_ENTRY_ADDED flg=0x10 (has extras) } to com.google.android.gms/.chimera.GmsIntentOperationService$PersistentTrustedReceiver
10-14 02:25:11.030  2953  2969 W BroadcastQueue: Background execution not allowed: receiving Intent { act=android.intent.action.DROPBOX_ENTRY_ADDED flg=0x10 (has extras) } to com.google.android.gms/.stats.service.DropBoxEntryAddedReceiver
10-14 02:25:11.030  2953  2969 W BroadcastQueue: Background execution not allowed: receiving Intent { act=android.intent.action.DROPBOX_ENTRY_ADDED flg=0x10 (has extras) } to com.google.android.gms/.chimera.GmsIntentOperationService$PersistentTrustedReceiver
10-14 02:25:11.043  2953  2969 W BroadcastQueue: Background execution not allowed: receiving Intent { act=android.intent.action.DROPBOX_ENTRY_ADDED flg=0x10 (has extras) } to com.google.android.gms/.stats.service.DropBoxEntryAddedReceiver
10-14 02:25:11.043  2953  2969 W BroadcastQueue: Background execution not allowed: receiving Intent { act=android.intent.action.DROPBOX_ENTRY_ADDED flg=0x10 (has extras) } to com.google.android.gms/.chimera.GmsIntentOperationService$PersistentTrustedReceiver
10-14 02:25:11.044 11854 13376 W AndroidKeysetManager: keyset not found, will generate a new one
10-14 02:25:11.044 11854 13376 W AndroidKeysetManager: java.io.FileNotFoundException: can't read keyset; the pref value __androidx_security_crypto_encrypted_prefs_key_keyset__ does not exist
10-14 02:25:11.044 11854 13376 W AndroidKeysetManager: 	at com.google.crypto.tink.integration.android.SharedPrefKeysetReader.readPref(SharedPrefKeysetReader.java:4)
10-14 02:25:11.044 11854 13376 W AndroidKeysetManager: 	at com.google.crypto.tink.KeysetHandle.read(KeysetHandle.java:1)
10-14 02:25:11.044 11854 13376 W AndroidKeysetManager: 	at com.google.crypto.tink.integration.android.AndroidKeysetManager$Builder.read(AndroidKeysetManager.java:2)
10-14 02:25:11.044 11854 13376 W AndroidKeysetManager: 	at com.google.crypto.tink.integration.android.AndroidKeysetManager$Builder.readOrGenerateNewKeyset(AndroidKeysetManager.java:1)
10-14 02:25:11.044 11854 13376 W AndroidKeysetManager: 	at com.google.crypto.tink.integration.android.AndroidKeysetManager$Builder.build(AndroidKeysetManager.java:3)
10-14 02:25:11.044 11854 13376 W AndroidKeysetManager: 	at androidx.security.crypto.EncryptedSharedPreferences.create(EncryptedSharedPreferences.java:7)
10-14 02:25:11.044 11854 13376 W AndroidKeysetManager: 	at com.Slack.security.JetpackEncryptedSharedPrefsChecker.check(JetpackEncryptedSharedPrefsChecker.kt:8)
10-14 02:25:11.044 11854 13376 W AndroidKeysetManager: 	at com.Slack.jobqueue.jobs.AuthTokenCryptoCheckJob.run(AuthTokenCryptoCheckJob.kt:5)
10-14 02:25:11.044 11854 13376 W AndroidKeysetManager: 	at slack.android.taskmanager.compat.CompatJobTask.onRun(CompatJobTask.kt:3)
10-14 02:25:11.044 11854 13376 W AndroidKeysetManager: 	at com.birbit.android.jobqueue.Job.safeRun(Job.java:4)
10-14 02:25:11.044 11854 13376 W AndroidKeysetManager: 	at com.birbit.android.jobqueue.JobHolder.safeRun(JobHolder.java:1)
10-14 02:25:11.044 11854 13376 W AndroidKeysetManager: 	at com.birbit.android.jobqueue.ConsumerManager$Consumer.handleRunJob(ConsumerManager.java:3)
10-14 02:25:11.044 11854 13376 W AndroidKeysetManager: 	at com.birbit.android.jobqueue.ConsumerManager$Consumer.access$000(ConsumerManager.java:1)
10-14 02:25:11.044 11854 13376 W AndroidKeysetManager: 	at com.birbit.android.jobqueue.ConsumerManager$Consumer$2.handleMessage(ConsumerManager.java:3)
10-14 02:25:11.044 11854 13376 W AndroidKeysetManager: 	at com.birbit.android.jobqueue.messaging.SafeMessageQueue.consume(SafeMessageQueue.java:5)
10-14 02:25:11.044 11854 13376 W AndroidKeysetManager: 	at com.birbit.android.jobqueue.ConsumerManager$Consumer.run(ConsumerManager.java:1)
10-14 02:25:11.044 11854 13376 W AndroidKeysetManager: 	at java.lang.Thread.run(Thread.java:764)
10-14 02:25:11.052  3527  3527 W LauncherTransition: Failed to animate, surface got destroyed.
10-14 02:25:11.060  2953  2969 W BroadcastQueue: Background execution not allowed: receiving Intent { act=android.intent.action.DROPBOX_ENTRY_ADDED flg=0x10 (has extras) } to com.google.android.gms/.stats.service.DropBoxEntryAddedReceiver
10-14 02:25:11.061  2953  2969 W BroadcastQueue: Background execution not allowed: receiving Intent { act=android.intent.action.DROPBOX_ENTRY_ADDED flg=0x10 (has extras) } to com.google.android.gms/.chimera.GmsIntentOperationService$PersistentTrustedReceiver
10-14 02:25:11.070  2768  2849 E BufferQueueProducer: [com.android.launcher3/com.android.launcher3.Launcher#0] disconnect: not connected (req=1)
10-14 02:25:11.071  3527  3638 W libEGL  : EGLNativeWindowType 0xe096b808 disconnect failed
10-14 02:25:11.074  2953  2969 W BroadcastQueue: Background execution not allowed: receiving Intent { act=android.intent.action.DROPBOX_ENTRY_ADDED flg=0x10 (has extras) } to com.google.android.gms/.stats.service.DropBoxEntryAddedReceiver
10-14 02:25:11.074  2953  2969 W BroadcastQueue: Background execution not allowed: receiving Intent { act=android.intent.action.DROPBOX_ENTRY_ADDED flg=0x10 (has extras) } to com.google.android.gms/.chimera.GmsIntentOperationService$PersistentTrustedReceiver
10-14 02:25:11.097  2953  2969 W BroadcastQueue: Background execution not allowed: receiving Intent { act=android.intent.action.DROPBOX_ENTRY_ADDED flg=0x10 (has extras) } to com.google.android.gms/.stats.service.DropBoxEntryAddedReceiver
10-14 02:25:11.098  2953  2969 W BroadcastQueue: Background execution not allowed: receiving Intent { act=android.intent.action.DROPBOX_ENTRY_ADDED flg=0x10 (has extras) } to com.google.android.gms/.chimera.GmsIntentOperationService$PersistentTrustedReceiver
10-14 02:25:11.114  2953  2969 W BroadcastQueue: Background execution not allowed: receiving Intent { act=android.intent.action.DROPBOX_ENTRY_ADDED flg=0x10 (has extras) } to com.google.android.gms/.stats.service.DropBoxEntryAddedReceiver
10-14 02:25:11.114  2953  2969 W BroadcastQueue: Background execution not allowed: receiving Intent { act=android.intent.action.DROPBOX_ENTRY_ADDED flg=0x10 (has extras) } to com.google.android.gms/.chimera.GmsIntentOperationService$PersistentTrustedReceiver
10-14 02:25:11.115 11854 13376 W AndroidKeysetManager: keyset not found, will generate a new one
10-14 02:25:11.115 11854 13376 W AndroidKeysetManager: java.io.FileNotFoundException: can't read keyset; the pref value __androidx_security_crypto_encrypted_prefs_value_keyset__ does not exist
10-14 02:25:11.115 11854 13376 W AndroidKeysetManager: 	at com.google.crypto.tink.integration.android.SharedPrefKeysetReader.readPref(SharedPrefKeysetReader.java:4)
10-14 02:25:11.115 11854 13376 W AndroidKeysetManager: 	at com.google.crypto.tink.KeysetHandle.read(KeysetHandle.java:1)
10-14 02:25:11.115 11854 13376 W AndroidKeysetManager: 	at com.google.crypto.tink.integration.android.AndroidKeysetManager$Builder.read(AndroidKeysetManager.java:2)
10-14 02:25:11.115 11854 13376 W AndroidKeysetManager: 	at com.google.crypto.tink.integration.android.AndroidKeysetManager$Builder.readOrGenerateNewKeyset(AndroidKeysetManager.java:1)
10-14 02:25:11.115 11854 13376 W AndroidKeysetManager: 	at com.google.crypto.tink.integration.android.AndroidKeysetManager$Builder.build(AndroidKeysetManager.java:3)
10-14 02:25:11.115 11854 13376 W AndroidKeysetManager: 	at androidx.security.crypto.EncryptedSharedPreferences.create(EncryptedSharedPreferences.java:13)
10-14 02:25:11.115 11854 13376 W AndroidKeysetManager: 	at com.Slack.security.JetpackEncryptedSharedPrefsChecker.check(JetpackEncryptedSharedPrefsChecker.kt:8)
10-14 02:25:11.115 11854 13376 W AndroidKeysetManager: 	at com.Slack.jobqueue.jobs.AuthTokenCryptoCheckJob.run(AuthTokenCryptoCheckJob.kt:5)
10-14 02:25:11.115 11854 13376 W AndroidKeysetManager: 	at slack.android.taskmanager.compat.CompatJobTask.onRun(CompatJobTask.kt:3)
10-14 02:25:11.115 11854 13376 W AndroidKeysetManager: 	at com.birbit.android.jobqueue.Job.safeRun(Job.java:4)
10-14 02:25:11.115 11854 13376 W AndroidKeysetManager: 	at com.birbit.android.jobqueue.JobHolder.safeRun(JobHolder.java:1)
10-14 02:25:11.115 11854 13376 W AndroidKeysetManager: 	at com.birbit.android.jobqueue.ConsumerManager$Consumer.handleRunJob(ConsumerManager.java:3)
10-14 02:25:11.115 11854 13376 W AndroidKeysetManager: 	at com.birbit.android.jobqueue.ConsumerManager$Consumer.access$000(ConsumerManager.java:1)
10-14 02:25:11.115 11854 13376 W AndroidKeysetManager: 	at com.birbit.android.jobqueue.ConsumerManager$Consumer$2.handleMessage(ConsumerManager.java:3)
10-14 02:25:11.115 11854 13376 W AndroidKeysetManager: 	at com.birbit.android.jobqueue.messaging.SafeMessageQueue.consume(SafeMessageQueue.java:5)
10-14 02:25:11.115 11854 13376 W AndroidKeysetManager: 	at com.birbit.android.jobqueue.ConsumerManager$Consumer.run(ConsumerManager.java:1)
10-14 02:25:11.115 11854 13376 W AndroidKeysetManager: 	at java.lang.Thread.run(Thread.java:764)
10-14 02:25:11.119 11854 11854 E com.Slack: No package ID ff found for ID 0xffffffff.
10-14 02:25:11.137  2953  2969 W BroadcastQueue: Background execution not allowed: receiving Intent { act=android.intent.action.DROPBOX_ENTRY_ADDED flg=0x10 (has extras) } to com.google.android.gms/.stats.service.DropBoxEntryAddedReceiver
10-14 02:25:11.137  2953  2969 W BroadcastQueue: Background execution not allowed: receiving Intent { act=android.intent.action.DROPBOX_ENTRY_ADDED flg=0x10 (has extras) } to com.google.android.gms/.chimera.GmsIntentOperationService$PersistentTrustedReceiver
10-14 02:25:11.149  2953  2969 W BroadcastQueue: Background execution not allowed: receiving Intent { act=android.intent.action.DROPBOX_ENTRY_ADDED flg=0x10 (has extras) } to com.google.android.gms/.stats.service.DropBoxEntryAddedReceiver
10-14 02:25:11.149  2953  2969 W BroadcastQueue: Background execution not allowed: receiving Intent { act=android.intent.action.DROPBOX_ENTRY_ADDED flg=0x10 (has extras) } to com.google.android.gms/.chimera.GmsIntentOperationService$PersistentTrustedReceiver
10-14 02:25:11.265  2953  2969 W BroadcastQueue: Background execution not allowed: receiving Intent { act=android.intent.action.DROPBOX_ENTRY_ADDED flg=0x10 (has extras) } to com.google.android.gms/.stats.service.DropBoxEntryAddedReceiver
10-14 02:25:11.266  2953  2969 W BroadcastQueue: Background execution not allowed: receiving Intent { act=android.intent.action.DROPBOX_ENTRY_ADDED flg=0x10 (has extras) } to com.google.android.gms/.chimera.GmsIntentOperationService$PersistentTrustedReceiver
10-14 02:25:11.119 11854 11854 I chatty  : uid=10078(com.Slack) identical 1 line
10-14 02:25:11.119 11854 11854 E com.Slack: No package ID ff found for ID 0xffffffff.
10-14 02:25:11.279 11854 11854 I Choreographer: Skipped 31 frames!  The application may be doing too much work on its main thread.
10-14 02:25:11.287  2953  2969 W BroadcastQueue: Background execution not allowed: receiving Intent { act=android.intent.action.DROPBOX_ENTRY_ADDED flg=0x10 (has extras) } to com.google.android.gms/.stats.service.DropBoxEntryAddedReceiver
10-14 02:25:11.287  2953  2969 W BroadcastQueue: Background execution not allowed: receiving Intent { act=android.intent.action.DROPBOX_ENTRY_ADDED flg=0x10 (has extras) } to com.google.android.gms/.chimera.GmsIntentOperationService$PersistentTrustedReceiver
10-14 02:25:11.310  2953  2969 W BroadcastQueue: Background execution not allowed: receiving Intent { act=android.intent.action.DROPBOX_ENTRY_ADDED flg=0x10 (has extras) } to com.google.android.gms/.stats.service.DropBoxEntryAddedReceiver
10-14 02:25:11.310  2953  2969 W BroadcastQueue: Background execution not allowed: receiving Intent { act=android.intent.action.DROPBOX_ENTRY_ADDED flg=0x10 (has extras) } to com.google.android.gms/.chimera.GmsIntentOperationService$PersistentTrustedReceiver
10-14 02:25:11.347 11854 11854 E RecyclerView: No adapter attached; skipping layout
10-14 02:25:11.361  2756  8190 I [Gralloc]: framebuffer hal alread move to hwcomposer
10-14 02:25:11.371  2953  2969 W BroadcastQueue: Background execution not allowed: receiving Intent { act=android.intent.action.DROPBOX_ENTRY_ADDED flg=0x10 (has extras) } to com.google.android.gms/.stats.service.DropBoxEntryAddedReceiver
10-14 02:25:11.371  2953  2969 W BroadcastQueue: Background execution not allowed: receiving Intent { act=android.intent.action.DROPBOX_ENTRY_ADDED flg=0x10 (has extras) } to com.google.android.gms/.chimera.GmsIntentOperationService$PersistentTrustedReceiver
10-14 02:25:11.384  2953  2969 W BroadcastQueue: Background execution not allowed: receiving Intent { act=android.intent.action.DROPBOX_ENTRY_ADDED flg=0x10 (has extras) } to com.google.android.gms/.stats.service.DropBoxEntryAddedReceiver
10-14 02:25:11.385  2953  2969 W BroadcastQueue: Background execution not allowed: receiving Intent { act=android.intent.action.DROPBOX_ENTRY_ADDED flg=0x10 (has extras) } to com.google.android.gms/.chimera.GmsIntentOperationService$PersistentTrustedReceiver
10-14 02:25:11.405  3483  3497 I .gms.persisten: Background concurrent copying GC freed 158272(7MB) AllocSpace objects, 5(164KB) LOS objects, 49% free, 9MB/18MB, paused 127us total 125.573ms
10-14 02:25:11.416  2953  2977 I ActivityManager: Displayed com.Slack/.ui.HomeActivity: +903ms
10-14 02:25:11.429  2953  2969 W BroadcastQueue: Background execution not allowed: receiving Intent { act=android.intent.action.DROPBOX_ENTRY_ADDED flg=0x10 (has extras) } to com.google.android.gms/.stats.service.DropBoxEntryAddedReceiver
10-14 02:25:11.429  2953  2969 W BroadcastQueue: Background execution not allowed: receiving Intent { act=android.intent.action.DROPBOX_ENTRY_ADDED flg=0x10 (has extras) } to com.google.android.gms/.chimera.GmsIntentOperationService$PersistentTrustedReceiver
10-14 02:25:11.455  2953  2969 W BroadcastQueue: Background execution not allowed: receiving Intent { act=android.intent.action.DROPBOX_ENTRY_ADDED flg=0x10 (has extras) } to com.google.android.gms/.stats.service.DropBoxEntryAddedReceiver
10-14 02:25:11.456  2953  2969 W BroadcastQueue: Background execution not allowed: receiving Intent { act=android.intent.action.DROPBOX_ENTRY_ADDED flg=0x10 (has extras) } to com.google.android.gms/.chimera.GmsIntentOperationService$PersistentTrustedReceiver
10-14 02:25:11.472 11854 11854 E RecyclerView: No adapter attached; skipping layout
10-14 02:25:11.476  2756  8190 I [Gralloc]: framebuffer hal alread move to hwcomposer
10-14 02:25:11.477  2756  8190 E gralloc : ioctl c0144900 failed with code -1: Operation not permitted
10-14 02:25:11.480  2953  2969 W BroadcastQueue: Background execution not allowed: receiving Intent { act=android.intent.action.DROPBOX_ENTRY_ADDED flg=0x10 (has extras) } to com.google.android.gms/.stats.service.DropBoxEntryAddedReceiver
10-14 02:25:11.480  2953  2969 W BroadcastQueue: Background execution not allowed: receiving Intent { act=android.intent.action.DROPBOX_ENTRY_ADDED flg=0x10 (has extras) } to com.google.android.gms/.chimera.GmsIntentOperationService$PersistentTrustedReceiver
10-14 02:25:11.492  2953  2969 W BroadcastQueue: Background execution not allowed: receiving Intent { act=android.intent.action.DROPBOX_ENTRY_ADDED flg=0x10 (has extras) } to com.google.android.gms/.stats.service.DropBoxEntryAddedReceiver
10-14 02:25:11.493  2953  2969 W BroadcastQueue: Background execution not allowed: receiving Intent { act=android.intent.action.DROPBOX_ENTRY_ADDED flg=0x10 (has extras) } to com.google.android.gms/.chimera.GmsIntentOperationService$PersistentTrustedReceiver
10-14 02:25:11.506  2756  8190 I [Gralloc]: framebuffer hal alread move to hwcomposer
10-14 02:25:11.524  2953  2969 W BroadcastQueue: Background execution not allowed: receiving Intent { act=android.intent.action.DROPBOX_ENTRY_ADDED flg=0x10 (has extras) } to com.google.android.gms/.stats.service.DropBoxEntryAddedReceiver
10-14 02:25:11.525  2953  2969 W BroadcastQueue: Background execution not allowed: receiving Intent { act=android.intent.action.DROPBOX_ENTRY_ADDED flg=0x10 (has extras) } to com.google.android.gms/.chimera.GmsIntentOperationService$PersistentTrustedReceiver
10-14 02:25:11.540  2953  2969 W BroadcastQueue: Background execution not allowed: receiving Intent { act=android.intent.action.DROPBOX_ENTRY_ADDED flg=0x10 (has extras) } to com.google.android.gms/.stats.service.DropBoxEntryAddedReceiver
10-14 02:25:11.540  2953  2969 W BroadcastQueue: Background execution not allowed: receiving Intent { act=android.intent.action.DROPBOX_ENTRY_ADDED flg=0x10 (has extras) } to com.google.android.gms/.chimera.GmsIntentOperationService$PersistentTrustedReceiver
10-14 02:25:11.552 11854 13377 I AppsFlyerOaid5.4.2: Failed resolution of: Lcom/bun/miitmdid/core/JLibrary;
10-14 02:25:11.553 11854 13377 I AppsFlyerOaid5.4.2: Fetch 0 ms
10-14 02:25:11.559  2953  2969 W BroadcastQueue: Background execution not allowed: receiving Intent { act=android.intent.action.DROPBOX_ENTRY_ADDED flg=0x10 (has extras) } to com.google.android.gms/.stats.service.DropBoxEntryAddedReceiver
10-14 02:25:11.559  2953  2969 W BroadcastQueue: Background execution not allowed: receiving Intent { act=android.intent.action.DROPBOX_ENTRY_ADDED flg=0x10 (has extras) } to com.google.android.gms/.chimera.GmsIntentOperationService$PersistentTrustedReceiver
10-14 02:25:11.574  2953  2969 W BroadcastQueue: Background execution not allowed: receiving Intent { act=android.intent.action.DROPBOX_ENTRY_ADDED flg=0x10 (has extras) } to com.google.android.gms/.stats.service.DropBoxEntryAddedReceiver
10-14 02:25:11.574  2953  2969 W BroadcastQueue: Background execution not allowed: receiving Intent { act=android.intent.action.DROPBOX_ENTRY_ADDED flg=0x10 (has extras) } to com.google.android.gms/.chimera.GmsIntentOperationService$PersistentTrustedReceiver
10-14 02:25:11.581  2768  2841 W SurfaceFlinger: Attempting to set client state on removed layer: Splash Screen com.Slack#0
10-14 02:25:11.581  2768  2841 W SurfaceFlinger: Attempting to destroy on removed layer: Splash Screen com.Slack#0
10-14 02:25:11.586 11854 11952 W System  : A resource failed to call response.body().close(). 
10-14 02:25:11.588 11854 11865 I com.Slack: Background concurrent copying GC freed 225215(11MB) AllocSpace objects, 45(4MB) LOS objects, 49% free, 20MB/41MB, paused 216us total 382.645ms
10-14 02:25:11.590  2953  2969 W BroadcastQueue: Background execution not allowed: receiving Intent { act=android.intent.action.DROPBOX_ENTRY_ADDED flg=0x10 (has extras) } to com.google.android.gms/.stats.service.DropBoxEntryAddedReceiver
10-14 02:25:11.591  2953  2969 W BroadcastQueue: Background execution not allowed: receiving Intent { act=android.intent.action.DROPBOX_ENTRY_ADDED flg=0x10 (has extras) } to com.google.android.gms/.chimera.GmsIntentOperationService$PersistentTrustedReceiver
10-14 02:25:11.602  2953  2969 W BroadcastQueue: Background execution not allowed: receiving Intent { act=android.intent.action.DROPBOX_ENTRY_ADDED flg=0x10 (has extras) } to com.google.android.gms/.stats.service.DropBoxEntryAddedReceiver
10-14 02:25:11.603  2953  2969 W BroadcastQueue: Background execution not allowed: receiving Intent { act=android.intent.action.DROPBOX_ENTRY_ADDED flg=0x10 (has extras) } to com.google.android.gms/.chimera.GmsIntentOperationService$PersistentTrustedReceiver
10-14 02:25:11.984  2756  8190 I [Gralloc]: framebuffer hal alread move to hwcomposer
10-14 02:25:13.568  2747  2888 D audio-subMixingFactory: out_standby_subMixingPCM: out_stream(0xee3ca000) usecase: STREAM_PCM_NORMAL
10-14 02:25:13.568  2747  2888 I audio-subMixingFactory: ++usecase_change_validate_l_sm(), dev usecase masks = 0x1, is_standby = 1, out usecase STREAM_PCM_NORMAL
10-14 02:25:13.568  2747  2888 I audio-subMixingFactory: --usecase_change_validate_l_sm(), dev usecase masks = 0, is_standby = 1, out usecase STREAM_PCM_NORMAL
10-14 02:25:13.568  2747  2888 I amlaudioMixer: ++delete_mixer_input_port port ID: 0
10-14 02:25:13.569  2747  2907 E amlaudioMixer: mixer_do_mixing_16bit(), sys or direct pcm must exist!!!
10-14 02:25:14.398  4078  4078 D skia    : --- Failed to create image decoder with message 'unimplemented'
10-14 02:25:14.412  4078  4078 D skia    : --- Failed to create image decoder with message 'unimplemented'
10-14 02:25:14.403  4078  4078 I tutu.ABenchMark: type=1400 audit(0.0:2278): avc: denied { open } for path="/proc/stat" dev="proc" ino=4026531957 scontext=u:r:untrusted_app_27:s0:c512,c768 tcontext=u:object_r:proc_stat:s0 tclass=file permissive=1
10-14 02:25:14.407  4078  4078 I tutu.ABenchMark: type=1400 audit(0.0:2280): avc: denied { read } for name="temp" dev="sysfs" ino=8951 scontext=u:r:untrusted_app_27:s0:c512,c768 tcontext=u:object_r:sysfs:s0 tclass=file permissive=1
10-14 02:25:18.756  2953 27918 W ActivityManager: stopServiceToken startId 66 is last, but have 1 remaining args
10-14 02:25:20.195  2756  8190 I [Gralloc]: framebuffer hal alread move to hwcomposer
10-14 02:25:20.212  2768  2768 E SurfaceFlinger: [Sprite#0] rejecting buffer: bufWidth=28, bufHeight=36, front.active.{w=32, h=32}
10-14 02:25:20.213  2756  8190 I [Gralloc]: framebuffer hal alread move to hwcomposer
10-14 02:25:20.856  2756  8190 I [Gralloc]: framebuffer hal alread move to hwcomposer
10-14 02:25:21.501  2747  7191 W amlaudioMixer: mixer_get_presentation_position(), port not ready now
10-14 02:25:21.501  2747  7191 W audio-subMixingFactory: out_get_presentation_position_port(), pts not valid yet
10-14 02:25:21.502  2747  7191 I audio-subMixingFactory: ++usecase_change_validate_l_sm: dev usecase masks = 0, out usecase_masks = 0, out usecase STREAM_PCM_NORMAL
10-14 02:25:21.502  2747  7191 I audio-subMixingFactory: ++++usecase_change_validate_l_sm(),continuous_audio_mode 0 dev usecase masks = 0, out usecase_masks = 0, out usecase STREAM_PCM_NORMAL
10-14 02:25:21.502  2747  7191 I audio-subMixingFactory: usecase_change_validate_l_sm(), mixer_aux_buffer_write_sm !
10-14 02:25:21.502  2747  7191 I audio-subMixingFactory: ----usecase_change_validate_l_sm(), continuous_audio_mode 0 dev usecase masks = 0x1, out usecase_masks = 0x1, out usecase STREAM_PCM_NORMAL
10-14 02:25:21.502  2747  7191 I aml_audio_port: get_input_port_index(), samplerate 48000
10-14 02:25:21.502  2747  7191 D aml_audio_port: new_input_port(), index:0, rbuf size:8192, direct_on:0
10-14 02:25:21.502  2747  7191 D aml_audio_port: new_input_port(), fmt 0x1, rate 48000
10-14 02:25:21.502  2747  7191 I amlaudioMixer: ++init_mixer_input_port port index 0, size 512 frames
10-14 02:25:21.502  2747  7191 I amlaudioMixer: init_mixer_input_port(), port->initial_frames: 48429056
10-14 02:25:21.502  2747  7191 I aml_audio_port: get_input_port_index(), samplerate 48000
10-14 02:25:21.502  2747  7191 I audio-subMixingFactory: mixer_aux_buffer_write_sm(), primary 0xee3ca000 port index = 0
10-14 02:25:21.502  2747  7191 I audio-subMixingFactory: padding_bytes 16384
10-14 02:25:21.502  2747  7191 I amlaudioMixer: port index 0 is active now
10-14 02:25:21.502  2747  7191 I audio-subMixingFactory: padding_bytes 14336
10-14 02:25:21.502  2747  7191 I audio-subMixingFactory: padding_bytes 12288
10-14 02:25:21.502  2747  7191 I audio-subMixingFactory: padding_bytes 10240
10-14 02:25:21.502  2747  7191 I audio-subMixingFactory: padding_bytes 8192
10-14 02:25:21.502  2747  7191 I audio-subMixingFactory: padding_bytes 6144
10-14 02:25:21.505  2747  7191 I audio-subMixingFactory: padding_bytes 4096
10-14 02:25:21.505  2747  7191 I audio-subMixingFactory: padding_bytes 2048
10-14 02:25:21.515  2747  7191 W amlaudioMixer: mixer_get_presentation_position(), not valid now
10-14 02:25:21.515  2747  7191 W audio-subMixingFactory: out_get_presentation_position_port(), pts not valid yet
10-14 02:25:21.526  2747  7191 W amlaudioMixer: mixer_get_presentation_position(), not valid now
10-14 02:25:21.526  2747  7191 W audio-subMixingFactory: out_get_presentation_position_port(), pts not valid yet
10-14 02:25:21.540  2766  2911 D AudioFlinger: mixer(0xeb583ac0) throttle end: throttle time(7)
10-14 02:25:24.226  2756  8190 I [Gralloc]: framebuffer hal alread move to hwcomposer
10-14 02:25:24.223  2953  2953 I android.display: type=1400 audit(0.0:2283): avc: denied { read } for name="gralloc.odroidn2.so" dev="mmcblk0p12" ino=705 scontext=u:r:system_server:s0 tcontext=u:object_r:vendor_file:s0 tclass=file permissive=1
10-14 02:25:24.421  4078  4078 D skia    : --- Failed to create image decoder with message 'unimplemented'
10-14 02:25:24.437  4078  4078 D skia    : --- Failed to create image decoder with message 'unimplemented'
10-14 02:25:24.531  2756  8190 I [Gralloc]: framebuffer hal alread move to hwcomposer
10-14 02:25:24.567  2747  2888 D audio-subMixingFactory: out_standby_subMixingPCM: out_stream(0xee3ca000) usecase: STREAM_PCM_NORMAL
10-14 02:25:24.567  2747  2888 I audio-subMixingFactory: ++usecase_change_validate_l_sm(), dev usecase masks = 0x1, is_standby = 1, out usecase STREAM_PCM_NORMAL
10-14 02:25:24.567  2747  2888 I audio-subMixingFactory: --usecase_change_validate_l_sm(), dev usecase masks = 0, is_standby = 1, out usecase STREAM_PCM_NORMAL
10-14 02:25:24.567  2747  2888 I amlaudioMixer: ++delete_mixer_input_port port ID: 0
10-14 02:25:24.567  2747  2907 E amlaudioMixer: mixer_do_mixing_16bit(), sys or direct pcm must exist!!!
10-14 02:25:28.036  2756  8190 I [Gralloc]: framebuffer hal alread move to hwcomposer
10-14 02:25:28.374  2756  8190 I [Gralloc]: framebuffer hal alread move to hwcomposer
10-14 02:25:28.391  2768  2768 E SurfaceFlinger: [Sprite#0] rejecting buffer: bufWidth=28, bufHeight=36, front.active.{w=32, h=32}
10-14 02:25:28.392  2756  8190 I [Gralloc]: framebuffer hal alread move to hwcomposer
10-14 02:25:28.488  2756  8190 I [Gralloc]: framebuffer hal alread move to hwcomposer
10-14 02:25:28.490  2756  2903 I [Gralloc]: framebuffer hal alread move to hwcomposer
10-14 02:25:28.491  2756  2903 I [Gralloc]: framebuffer hal alread move to hwcomposer
10-14 02:25:28.493 11854 11989 D mali_winsys: EGLint new_window_surface(egl_winsys_display *, void *, EGLSurface, EGLConfig, egl_winsys_surface **, EGLBoolean) returns 0x3000
10-14 02:25:28.501  2756  2903 I [Gralloc]: framebuffer hal alread move to hwcomposer
10-14 02:25:29.306 11854 11854 D ViewRootImpl[PopupWindow:616a6b0]: updatePointerIcon called with position out of bounds
10-14 02:25:28.511  2756  2903 I chatty  : uid=1000(system) HwBinder:2756_2 identical 1 line
10-14 02:25:28.528  2756  2903 I [Gralloc]: framebuffer hal alread move to hwcomposer
10-14 02:25:29.782  2768  2849 E BufferQueueProducer: [PopupWindow:616a6b0#0] disconnect: not connected (req=1)
10-14 02:25:29.782 11854 11989 W libEGL  : EGLNativeWindowType 0xc1d6c008 disconnect failed
10-14 02:25:30.621  2747  7191 W amlaudioMixer: mixer_get_presentation_position(), port not ready now
10-14 02:25:30.621  2747  7191 W audio-subMixingFactory: out_get_presentation_position_port(), pts not valid yet
10-14 02:25:30.622  2747  7191 I audio-subMixingFactory: ++usecase_change_validate_l_sm: dev usecase masks = 0, out usecase_masks = 0, out usecase STREAM_PCM_NORMAL
10-14 02:25:30.622  2747  7191 I audio-subMixingFactory: ++++usecase_change_validate_l_sm(),continuous_audio_mode 0 dev usecase masks = 0, out usecase_masks = 0, out usecase STREAM_PCM_NORMAL
10-14 02:25:30.622  2747  7191 I audio-subMixingFactory: usecase_change_validate_l_sm(), mixer_aux_buffer_write_sm !
10-14 02:25:30.622  2747  7191 I audio-subMixingFactory: ----usecase_change_validate_l_sm(), continuous_audio_mode 0 dev usecase masks = 0x1, out usecase_masks = 0x1, out usecase STREAM_PCM_NORMAL
10-14 02:25:30.622  2747  7191 I aml_audio_port: get_input_port_index(), samplerate 48000
10-14 02:25:30.622  2747  7191 D aml_audio_port: new_input_port(), index:0, rbuf size:8192, direct_on:0
10-14 02:25:30.622  2747  7191 D aml_audio_port: new_input_port(), fmt 0x1, rate 48000
10-14 02:25:30.622  2747  7191 I amlaudioMixer: ++init_mixer_input_port port index 0, size 512 frames
10-14 02:25:30.622  2747  7191 I amlaudioMixer: init_mixer_input_port(), port->initial_frames: 48577536
10-14 02:25:30.622  2747  7191 I aml_audio_port: get_input_port_index(), samplerate 48000
10-14 02:25:30.622  2747  7191 I audio-subMixingFactory: mixer_aux_buffer_write_sm(), primary 0xee3ca000 port index = 0
10-14 02:25:30.622  2747  7191 I audio-subMixingFactory: padding_bytes 16384
10-14 02:25:30.622  2747  7191 I amlaudioMixer: port index 0 is active now
10-14 02:25:30.622  2747  7191 I audio-subMixingFactory: padding_bytes 14336
10-14 02:25:30.622  2747  7191 I audio-subMixingFactory: padding_bytes 12288
10-14 02:25:30.622  2747  7191 I audio-subMixingFactory: padding_bytes 10240
10-14 02:25:30.622  2747  7191 I audio-subMixingFactory: padding_bytes 8192
10-14 02:25:30.622  2747  7191 I audio-subMixingFactory: padding_bytes 6144
10-14 02:25:30.626  2747  7191 I audio-subMixingFactory: padding_bytes 4096
10-14 02:25:30.629  2747  7191 I audio-subMixingFactory: padding_bytes 2048
10-14 02:25:30.639  2747  7191 W amlaudioMixer: mixer_get_presentation_position(), not valid now
10-14 02:25:30.639  2747  7191 W audio-subMixingFactory: out_get_presentation_position_port(), pts not valid yet
10-14 02:25:30.649  2747  7191 W amlaudioMixer: mixer_get_presentation_position(), not valid now
10-14 02:25:30.649  2747  7191 W audio-subMixingFactory: out_get_presentation_position_port(), pts not valid yet
10-14 02:25:30.663  2766  2911 D AudioFlinger: mixer(0xeb583ac0) throttle end: throttle time(10)
10-14 02:25:29.572 11854 11854 I chatty  : uid=10078(com.Slack) identical 8 lines
10-14 02:25:29.573 11854 11854 D ViewRootImpl[PopupWindow:616a6b0]: updatePointerIcon called with position out of bounds
10-14 02:25:32.674  2953  7816 I ActivityManager: START u0 {flg=0x10008000 cmp=com.Slack/.ui.HomeActivity (has extras)} from uid 10078
10-14 02:25:32.688  2953 27918 W ActivityManager: Duplicate finish request for ActivityRecord{b5330b u0 com.Slack/.ui.HomeActivity t23 f}
10-14 02:25:32.705 11854 11854 W ActivityThread: handleWindowVisibility: no activity for token android.os.BinderProxy@c50440a
10-14 02:25:32.711  2756  2903 I [Gralloc]: framebuffer hal alread move to hwcomposer
10-14 02:25:32.737  2756  2903 I [Gralloc]: framebuffer hal alread move to hwcomposer
10-14 02:25:32.807 11854 11900 E SQLiteLog: (1) no such table: messaging_channel_counts
10-14 02:25:32.850  2953  3307 I ActivityManager: START u0 {flg=0x10008000 cmp=com.Slack/.ui.FirstSignInActivity (has extras)} from uid 10078
10-14 02:25:32.859  2953  3307 W ActivityManager: Duplicate finish request for ActivityRecord{2d6f26b u0 com.Slack/.ui.HomeActivity t23 f}
10-14 02:25:32.875 11854 11854 W ActivityThread: handleWindowVisibility: no activity for token android.os.BinderProxy@a27e082
10-14 02:25:32.885  2768  2768 D SurfaceFlinger: duplicate layer name: changing Splash Screen com.Slack to Splash Screen com.Slack#1
10-14 02:25:32.902  2756  2903 I [Gralloc]: framebuffer hal alread move to hwcomposer
10-14 02:25:32.917  2768  2768 D SurfaceFlinger: duplicate layer name: changing Surface(name=AppWindowToken{98fe261 token=Token{d2401c8 ActivityRecord{2d6f26b u0 com.Slack/.ui.HomeActivity t23}}})/@0x97a5337 - animation-leash to Surface(name=AppWindowToken{98fe261 token=Token{d2401c8 ActivityRecord{2d6f26b u0 com.Slack/.ui.HomeActivity t23}}})/@0x97a5337 - animation-leash#1
10-14 02:25:32.928  2756  2903 I [Gralloc]: framebuffer hal alread move to hwcomposer
10-14 02:25:32.970  2756  2903 I chatty  : uid=1000(system) HwBinder:2756_2 identical 1 line
10-14 02:25:32.976  2756  2903 I [Gralloc]: framebuffer hal alread move to hwcomposer
10-14 02:25:32.977  2756  2903 E gralloc : ioctl c0144900 failed with code -1: Operation not permitted
10-14 02:25:32.978  2756  2903 I [Gralloc]: framebuffer hal alread move to hwcomposer
10-14 02:25:32.983  2756  2903 E gralloc : ioctl c0144900 failed with code -1: Operation not permitted
10-14 02:25:32.989 11854 11989 D mali_winsys: EGLint new_window_surface(egl_winsys_display *, void *, EGLSurface, EGLConfig, egl_winsys_surface **, EGLBoolean) returns 0x3000
10-14 02:25:32.997  2756  2903 I [Gralloc]: framebuffer hal alread move to hwcomposer
10-14 02:25:32.998  2756  2903 E gralloc : ioctl c0144900 failed with code -1: Operation not permitted
10-14 02:25:32.991 11359 11359 I Binder:11359_2: type=1400 audit(0.0:2286): avc: denied { getattr } for path="/proc/11854" dev="proc" ino=505218 scontext=u:r:untrusted_app:s0:c84,c256,c512,c768 tcontext=u:r:untrusted_app:s0:c78,c256,c512,c768 tclass=dir permissive=1
10-14 02:25:33.070  2953  2977 I ActivityManager: Displayed com.Slack/.ui.FirstSignInActivity: +135ms (total +306ms)
10-14 02:25:32.991 11359 11359 I Binder:11359_2: type=1400 audit(0.0:2287): avc: denied { search } for name="11854" dev="proc" ino=505218 scontext=u:r:untrusted_app:s0:c84,c256,c512,c768 tcontext=u:r:untrusted_app:s0:c78,c256,c512,c768 tclass=dir permissive=1
10-14 02:25:33.096  2756  2903 I [Gralloc]: framebuffer hal alread move to hwcomposer
10-14 02:25:33.096  2756  2903 E gralloc : ioctl c0144900 failed with code -1: Operation not permitted
10-14 02:25:33.116  2756  2903 I [Gralloc]: framebuffer hal alread move to hwcomposer
10-14 02:25:33.222  2768  3557 W SurfaceFlinger: Attempting to set client state on removed layer: Splash Screen com.Slack#1
10-14 02:25:33.222  2768  3557 W SurfaceFlinger: Attempting to destroy on removed layer: Splash Screen com.Slack#1
10-14 02:25:33.543  2768  2841 E BufferQueueProducer: [com.Slack/com.Slack.ui.HomeActivity#0] disconnect: not connected (req=1)
10-14 02:25:33.543 11854 11989 W libEGL  : EGLNativeWindowType 0xc7975008 disconnect failed
10-14 02:25:33.864 11854 12688 E SQLiteLog: (1) no such table: userRole
10-14 02:25:34.039 11854 14365 I com.Slack: IncrementDisableThreadFlip blocked for 5.579ms
10-14 02:25:34.110  2953  7816 I ActivityManager: START u0 {flg=0x24000000 cmp=com.Slack/.ui.HomeActivity (has extras)} from uid 10078
10-14 02:25:34.144 11854 11854 W ActivityThread: handleWindowVisibility: no activity for token android.os.BinderProxy@8d5d1a
10-14 02:25:34.203  2953  7816 W ShortcutService: reportShortcutUsed: package com.Slack doesn't have shortcut TKSN9DJJH
10-14 02:25:34.389 11854 14378 E JobManager: error while executing job com.Slack.jobqueue.jobs.UpdateEnabledTimestampJob@7b9091b
10-14 02:25:34.389 11854 14378 E JobManager: java.lang.NullPointerException: Attempt to invoke virtual method 'java.lang.Long slack.api.response.FeatureFlagResponse$DiagnosticsInfo.getEnabledTimestamp()' on a null object reference
10-14 02:25:34.389 11854 14378 E JobManager: 	at slack.api.response.FeatureFlagResponse.getTimestamp(FeatureFlagResponse.java:1)
10-14 02:25:34.389 11854 14378 E JobManager: 	at -$$LambdaGroup$js$vnmWdawwJ3rC5bqjLdNpTJ3EJFU.accept(java-style lambda group:7)
10-14 02:25:34.389 11854 14378 E JobManager: 	at io.reactivex.rxjava3.internal.operators.single.SingleDoOnSuccess$DoOnSuccess.onSuccess(SingleDoOnSuccess.java:1)
10-14 02:25:34.389 11854 14378 E JobManager: 	at io.reactivex.rxjava3.internal.operators.single.SingleCreate$Emitter.onSuccess(SingleCreate.java:4)
10-14 02:25:34.389 11854 14378 E JobManager: 	at slack.telemetry.rx.SingleEmitterTraceable.onSuccess(SingleEmitterTraceable.kt:4)
10-14 02:25:34.389 11854 14378 E JobManager: 	at slack.api.ApiRxAdapter$SingleEmitterCallback.onResponse(ApiRxAdapter.java:2)
10-14 02:25:34.389 11854 14378 E JobManager: 	at okhttp3.internal.connection.RealCall$AsyncCall.run(RealCall.kt:13)
10-14 02:25:34.389 11854 14378 E JobManager: 	at java.util.concurrent.ThreadPoolExecutor.runWorker(ThreadPoolExecutor.java:1167)
10-14 02:25:34.389 11854 14378 E JobManager: 	at java.util.concurrent.ThreadPoolExecutor$Worker.run(ThreadPoolExecutor.java:641)
10-14 02:25:34.389 11854 14378 E JobManager: 	at java.lang.Thread.run(Thread.java:764)
10-14 02:25:34.446  4078  4078 D skia    : --- Failed to create image decoder with message 'unimplemented'
10-14 02:25:34.453 11854 11865 I com.Slack: Background concurrent copying GC freed 355536(16MB) AllocSpace objects, 78(4MB) LOS objects, 48% free, 25MB/49MB, paused 1.178ms total 418.176ms
10-14 02:25:34.464  2756  2903 I [Gralloc]: framebuffer hal alread move to hwcomposer
10-14 02:25:34.475  2756  2903 I chatty  : uid=1000(system) HwBinder:2756_2 identical 1 line
10-14 02:25:34.482  2756  2903 I [Gralloc]: framebuffer hal alread move to hwcomposer
10-14 02:25:34.491 11854 11989 D mali_winsys: EGLint new_window_surface(egl_winsys_display *, void *, EGLSurface, EGLConfig, egl_winsys_surface **, EGLBoolean) returns 0x3000
10-14 02:25:34.495  4078  4078 D skia    : --- Failed to create image decoder with message 'unimplemented'
10-14 02:25:34.562  2756  2903 I [Gralloc]: framebuffer hal alread move to hwcomposer
10-14 02:25:34.588  2953  2977 I ActivityManager: Displayed com.Slack/.ui.HomeActivity: +447ms
10-14 02:25:34.591  2756  2903 I [Gralloc]: framebuffer hal alread move to hwcomposer
10-14 02:25:34.609  2756  2903 I [Gralloc]: framebuffer hal alread move to hwcomposer
10-14 02:25:34.918 11854 11859 I com.Slack: Compiler allocated 9MB to compile slack.model.EasyFeatures slack.model.EasyFeatures_GsonTypeAdapter.read(com.google.gson.stream.JsonReader)
10-14 02:25:35.117  2768  2841 E BufferQueueProducer: [com.Slack/com.Slack.ui.FirstSignInActivity#0] disconnect: not connected (req=1)
10-14 02:25:35.117 11854 11989 W libEGL  : EGLNativeWindowType 0xc1d6c008 disconnect failed
10-14 02:25:35.230 11854 11854 E com.Slack: No package ID ff found for ID 0xffffffff.
10-14 02:25:35.230 11854 11854 I chatty  : uid=10078(com.Slack) identical 1 line
10-14 02:25:35.230 11854 11854 E com.Slack: No package ID ff found for ID 0xffffffff.
10-14 02:25:35.352 11854 11854 E RecyclerView: No adapter attached; skipping layout
10-14 02:25:35.377 11854 11854 E RecyclerView: No adapter attached; skipping layout
10-14 02:25:35.753  2747  2888 D audio-subMixingFactory: out_standby_subMixingPCM: out_stream(0xee3ca000) usecase: STREAM_PCM_NORMAL
10-14 02:25:35.753  2747  2888 I audio-subMixingFactory: ++usecase_change_validate_l_sm(), dev usecase masks = 0x1, is_standby = 1, out usecase STREAM_PCM_NORMAL
10-14 02:25:35.753  2747  2888 I audio-subMixingFactory: --usecase_change_validate_l_sm(), dev usecase masks = 0, is_standby = 1, out usecase STREAM_PCM_NORMAL
10-14 02:25:35.753  2747  2888 I amlaudioMixer: ++delete_mixer_input_port port ID: 0
10-14 02:25:38.015  2760  2760 I memtrack@1.0-se: type=1400 audit(0.0:2288): avc: denied { read } for name="mem_profile" dev="debugfs" ino=64518 scontext=u:r:hal_memtrack_default:s0 tcontext=u:object_r:debugfs:s0 tclass=file permissive=1
10-14 02:25:38.266  2747  7191 W amlaudioMixer: mixer_get_presentation_position(), port not ready now
