--------- beginning of system
10-14 02:21:43.990  2953  3058 I chatty  : uid=1000(system) Hdmi Control Io expire 1 line
10-14 02:21:45.990  2953  3058 W HdmiCecController: Failed to send <Give Device Power Status> src: 4, dst: 0 with errorCode=1
10-14 02:21:46.150  2787  2821 E storaged: getDiskStats failed with result NOT_SUPPORTED and size 0
10-14 02:21:47.990  2953  3058 W HdmiCecController: Failed to send <Give Device Power Status> src: 4, dst: 0 with errorCode=1
--------- beginning of main
10-14 02:21:43.861  4078  4078 D skia    : --- Failed to create image decoder with message 'unimplemented'
10-14 02:21:51.994  2953  3058 I chatty  : uid=1000(system) Hdmi Control Io identical 2 lines
10-14 02:21:52.735  4078  4078 I tutu.ABenchMark: type=1400 audit(0.0:2204): avc: denied { open } for path="/proc/vmstat" dev="proc" ino=4026531993 scontext=u:r:untrusted_app_27:s0:c512,c768 tcontext=u:object_r:proc_vmstat:s0 tclass=file permissive=1
10-14 02:21:52.735  4078  4078 I tutu.ABenchMark: type=1400 audit(0.0:2205): avc: denied { getattr } for path="/proc/vmstat" dev="proc" ino=4026531993 scontext=u:r:untrusted_app_27:s0:c512,c768 tcontext=u:object_r:proc_vmstat:s0 tclass=file permissive=1
10-14 02:21:53.865  4078  4078 D skia    : --- Failed to create image decoder with message 'unimplemented'
10-14 02:21:53.998  2953  3058 W HdmiCecController: Failed to send <Give Device Power Status> src: 4, dst: 0 with errorCode=1
10-14 02:21:54.598  2953  2969 W ActivityManager: Stopping service due to app idle: u0a28 -59s627ms com.facebook.katana/com.facebook.mqttlite.MqttService
10-14 02:21:55.998  2953  3058 W HdmiCecController: Failed to send <Give Device Power Status> src: 4, dst: 0 with errorCode=1
10-14 02:21:57.998  2953  3058 W HdmiCecController: Failed to send <Give Device Power Status> src: 4, dst: 0 with errorCode=1
10-14 02:22:00.002  2953  2953 I ActivityManager: Killing 29613:android.process.acore/u0a10 (adj 904): empty for 2583s
10-14 02:22:00.003  2953  2953 I ActivityManager: Killing 6841:com.google.android.youtube/u0a23 (adj 906): empty for 2903s
10-14 02:21:53.894  4078  4078 D skia    : --- Failed to create image decoder with message 'unimplemented'
10-14 02:22:00.003  2760  2760 I memtrack@1.0-se: type=1400 audit(0.0:2206): avc: denied { read } for name="mem_profile" dev="debugfs" ino=493529 scontext=u:r:hal_memtrack_default:s0 tcontext=u:object_r:debugfs:s0 tclass=file permissive=1
10-14 02:22:00.003  2760  2760 I memtrack@1.0-se: type=1400 audit(0.0:2207): avc: denied { open } for path="/sys/kernel/debug/mali0/ctx/11655_42/mem_profile" dev="debugfs" ino=493529 scontext=u:r:hal_memtrack_default:s0 tcontext=u:object_r:debugfs:s0 tclass=file permissive=1
10-14 02:22:00.003  2760  2760 I memtrack@1.0-se: type=1400 audit(0.0:2208): avc: denied { getattr } for path="/sys/kernel/debug/mali0/ctx/11655_42/mem_profile" dev="debugfs" ino=493529 scontext=u:r:hal_memtrack_default:s0 tcontext=u:object_r:debugfs:s0 tclass=file permissive=1
10-14 02:22:00.003  2953  2972 W libprocessgroup: kill(-29613, 9) failed: No such process
10-14 02:22:00.003  2953  3058 W HdmiCecController: Failed to send <Give Device Power Status> src: 4, dst: 0 with errorCode=1
10-14 02:22:00.003  2953  2953 I ActivityManager: Killing 4420:com.instagram.android:videoplayer/u0a52 (adj 906): empty for 5180s
10-14 02:22:00.046  2953  2972 W libprocessgroup: kill(-29613, 9) failed: No such process
10-14 02:22:00.089  2953  2972 W libprocessgroup: kill(-29613, 9) failed: No such process
10-14 02:22:00.093  2953 10983 D ConnectivityService: ConnectivityService NetworkRequestInfo binderDied(NetworkRequest [ TRACK_DEFAULT id=40, [ Capabilities: INTERNET&NOT_RESTRICTED&TRUSTED Unwanted:  Uid: 10023] ], android.os.BinderProxy@6b31984)
10-14 02:22:00.093  2953  6840 D ConnectivityService: ConnectivityService NetworkRequestInfo binderDied(NetworkRequest [ LISTEN id=41, [ Capabilities: INTERNET&NOT_RESTRICTED&TRUSTED&FOREGROUND Unwanted:  Uid: 10023] ], android.os.BinderProxy@c20456d)
10-14 02:22:00.094  2953  3042 D ConnectivityService: releasing NetworkRequest [ TRACK_DEFAULT id=40, [ Capabilities: INTERNET&NOT_RESTRICTED&TRUSTED Unwanted:  Uid: 10023] ] (release request)
10-14 02:22:00.094  2953  3062 I EthernetNetworkFactory: networkForRequest, request: NetworkRequest [ TRACK_DEFAULT id=40, [ Capabilities: INTERNET&NOT_RESTRICTED&TRUSTED Unwanted:  Uid: 10023] ], network: NetworkInterfaceState{ iface: eth0, up: true, hwAddress: 00:1e:06:42:19:19, networkInfo: [type: Ethernet[], state: CONNECTED/CONNECTED, reason: (unspecified), extra: 00:1e:06:42:19:19, failover: false, available: true, roaming: false], networkAgent: Handler (com.android.server.ethernet.EthernetNetworkFactory$NetworkInterfaceState$2) {67124f6}, ipClient: name=IpClient.eth0 state=RunningState,linkProperties: {InterfaceName: eth0 LinkAddresses: [fe80::bfe0:9aed:f93:3805/64,192.168.0.14/24,]  Routes: [fe80::/64 -> :: eth0,192.168.0.0/24 -> 0.0.0.0 eth0,0.0.0.0/0 -> 192.168.0.1 eth0,] DnsAddresses: [168.126.63.1,168.126.63.2,] UsePrivateDns: false PrivateDnsServerName: null Domains: null MTU: 0 TcpBufferSizes: 524288,1048576,3145728,524288,1048576,2097152}}
10-14 02:22:00.096  2740  2740 I Zygote  : Process 6841 exited due to signal (9)
10-14 02:22:00.122  2740  2740 I Zygote  : Process 4420 exited due to signal (9)
10-14 02:22:00.129  2740  2740 I Zygote  : Process 29613 exited due to signal (9)
10-14 02:22:00.132  2953  2972 W libprocessgroup: kill(-29613, 9) failed: No such process
10-14 02:22:00.133  2953  2972 I libprocessgroup: Successfully killed process cgroup uid 10010 pid 29613 in 129ms
10-14 02:22:00.133  2953  2972 W libprocessgroup: kill(-6841, 9) failed: No such process
10-14 02:22:00.133  2953  2972 I libprocessgroup: Successfully killed process cgroup uid 10023 pid 6841 in 0ms
10-14 02:22:00.133  2953  2972 W libprocessgroup: kill(-4420, 9) failed: No such process
10-14 02:22:00.133  2953  2972 I libprocessgroup: Successfully killed process cgroup uid 10052 pid 4420 in 0ms
10-14 02:22:01.155 11266 11330 I PlayCommon: [499] assq.h(22): Preparing logs for uploading
10-14 02:22:01.158 11266 11330 I PlayCommon: [499] assq.h(166): Connecting to server: https://play.googleapis.com/play/log?format=raw&proto_v2=true
10-14 02:22:01.407 11266 11330 I PlayCommon: [499] assq.h(198): Successfully uploaded logs.
10-14 02:22:01.891  2953  2953 W WindowManager: One touch play failed: 1
10-14 02:22:03.906  4078  4078 D skia    : --- Failed to create image decoder with message 'unimplemented'
10-14 02:22:46.150  2787  2821 E storaged: getDiskStats failed with result NOT_SUPPORTED and size 0
10-14 02:22:54.037  4078  4078 I chatty  : uid=10079(com.antutu.ABenchMark) identical 10 lines
10-14 02:22:54.051  4078  4078 I tutu.ABenchMark: type=1400 audit(0.0:2209): avc: denied { open } for path="/proc/stat" dev="proc" ino=4026531957 scontext=u:r:untrusted_app_27:s0:c512,c768 tcontext=u:object_r:proc_stat:s0 tclass=file permissive=1
10-14 02:22:54.051  4078  4078 I tutu.ABenchMark: type=1400 audit(0.0:2210): avc: denied { getattr } for path="/proc/stat" dev="proc" ino=4026531957 scontext=u:r:untrusted_app_27:s0:c512,c768 tcontext=u:object_r:proc_stat:s0 tclass=file permissive=1
10-14 02:22:54.055  4078  4078 I tutu.ABenchMark: type=1400 audit(0.0:2211): avc: denied { read } for name="temp" dev="sysfs" ino=8951 scontext=u:r:untrusted_app_27:s0:c512,c768 tcontext=u:object_r:sysfs:s0 tclass=file permissive=1
10-14 02:22:54.055  4078  4078 I tutu.ABenchMark: type=1400 audit(0.0:2212): avc: denied { open } for path="/sys/devices/virtual/thermal/thermal_zone0/temp" dev="sysfs" ino=8951 scontext=u:r:untrusted_app_27:s0:c512,c768 tcontext=u:object_r:sysfs:s0 tclass=file permissive=1
10-14 02:22:54.055  4078  4078 I tutu.ABenchMark: type=1400 audit(0.0:2213): avc: denied { getattr } for path="/sys/devices/virtual/thermal/thermal_zone0/temp" dev="sysfs" ino=8951 scontext=u:r:untrusted_app_27:s0:c512,c768 tcontext=u:object_r:sysfs:s0 tclass=file permissive=1
10-14 02:22:54.058  4078  4078 D skia    : --- Failed to create image decoder with message 'unimplemented'
10-14 02:22:58.984 11266 11310 I Finsky  : [480] ngd.run(36): Stats for Executor: BlockingExecutor nih@90de174[Running, pool size = 0, active threads = 0, queued tasks = 0, completed tasks = 316]
10-14 02:22:58.984 11266 11310 I Finsky  : [480] ngd.run(36): Stats for Executor: LightweightExecutor nih@952869d[Running, pool size = 4, active threads = 0, queued tasks = 0, completed tasks = 497]
10-14 02:22:59.145 11266 11310 I Finsky  : [480] ngd.run(36): Stats for Executor: bgExecutor nih@7955712[Running, pool size = 4, active threads = 0, queued tasks = 0, completed tasks = 801]
10-14 02:23:04.063  4078  4078 D skia    : --- Failed to create image decoder with message 'unimplemented'
10-14 02:23:24.129  4078  4078 I chatty  : uid=10079(com.antutu.ABenchMark) identical 4 lines
10-14 02:23:24.154  4078  4078 D skia    : --- Failed to create image decoder with message 'unimplemented'
10-14 02:23:28.031  4971  6218 I tnet-jni: 248 - [spdyPingRecvCallback] - 
10-14 02:23:28.031  4971  6218 I tnet-jni: 248 - [SpdySessionCallBack.spdyPingRecvCallback] - org.android.spdy.SpdySession@4031eff
10-14 02:23:28.033  2953  3024 W ActivityManager: Background start not allowed: service Intent { flg=0x4 cmp=com.kakao.talk/.service.MessengerService (has extras) } to com.kakao.talk/.service.MessengerService from pid=-1 uid=10080 pkg=com.kakao.talk startFg?=false
10-14 02:23:34.166  4078  4078 D skia    : --- Failed to create image decoder with message 'unimplemented'
10-14 02:23:46.151  2787  2821 E storaged: getDiskStats failed with result NOT_SUPPORTED and size 0
10-14 02:24:34.315  4078  4078 I chatty  : uid=10079(com.antutu.ABenchMark) identical 12 lines
10-14 02:24:34.326  4078  4078 D skia    : --- Failed to create image decoder with message 'unimplemented'
10-14 02:24:38.085  2747  7191 W amlaudioMixer: mixer_get_presentation_position(), port not ready now
10-14 02:24:38.085  2747  7191 W audio-subMixingFactory: out_get_presentation_position_port(), pts not valid yet
10-14 02:24:38.085  2747  7191 I audio-subMixingFactory: ++usecase_change_validate_l_sm: dev usecase masks = 0, out usecase_masks = 0, out usecase STREAM_PCM_NORMAL
10-14 02:24:38.085  2747  7191 I audio-subMixingFactory: ++++usecase_change_validate_l_sm(),continuous_audio_mode 0 dev usecase masks = 0, out usecase_masks = 0, out usecase STREAM_PCM_NORMAL
10-14 02:24:38.086  2747  7191 I audio-subMixingFactory: usecase_change_validate_l_sm(), mixer_aux_buffer_write_sm !
10-14 02:24:38.086  2747  7191 I audio-subMixingFactory: ----usecase_change_validate_l_sm(), continuous_audio_mode 0 dev usecase masks = 0x1, out usecase_masks = 0x1, out usecase STREAM_PCM_NORMAL
10-14 02:24:38.086  2747  7191 I aml_audio_port: get_input_port_index(), samplerate 48000
10-14 02:24:38.086  2747  7191 D aml_audio_port: new_input_port(), index:0, rbuf size:8192, direct_on:0
10-14 02:24:38.086  2747  7191 D aml_audio_port: new_input_port(), fmt 0x1, rate 48000
10-14 02:24:38.086  2747  7191 I amlaudioMixer: ++init_mixer_input_port port index 0, size 512 frames
10-14 02:24:38.086  2747  7191 I amlaudioMixer: init_mixer_input_port(), port->initial_frames: 47285248
10-14 02:24:38.086  2747  7191 I aml_audio_port: get_input_port_index(), samplerate 48000
10-14 02:24:38.086  2747  7191 I audio-subMixingFactory: mixer_aux_buffer_write_sm(), primary 0xee3ca000 port index = 0
10-14 02:24:38.086  2747  7191 I audio-subMixingFactory: padding_bytes 16384
10-14 02:24:38.086  2747  7191 I amlaudioMixer: port index 0 is active now
10-14 02:24:38.086  2953  3209 I ActivityManager: START u0 {act=android.intent.action.MAIN cat=[android.intent.category.LAUNCHER] flg=0x10200000 cmp=com.Slack/.ui.HomeActivity bnds=[253,31][454,162]} from uid 10024
10-14 02:24:38.086  2747  7191 I audio-subMixingFactory: padding_bytes 14336
10-14 02:24:38.086  2747  7191 I audio-subMixingFactory: padding_bytes 12288
10-14 02:24:38.086  2747  7191 I audio-subMixingFactory: padding_bytes 10240
10-14 02:24:38.086  2747  7191 I audio-subMixingFactory: padding_bytes 8192
10-14 02:24:38.087  2747  7191 I audio-subMixingFactory: padding_bytes 6144
10-14 02:24:38.091  2747  7191 I audio-subMixingFactory: padding_bytes 4096
10-14 02:24:38.094  2747  7191 I audio-subMixingFactory: padding_bytes 2048
10-14 02:24:38.105  2747  7191 W amlaudioMixer: mixer_get_presentation_position(), not valid now
10-14 02:24:38.105  2747  7191 W audio-subMixingFactory: out_get_presentation_position_port(), pts not valid yet
10-14 02:24:38.115  2747  7191 W amlaudioMixer: mixer_get_presentation_position(), not valid now
10-14 02:24:38.115  2747  7191 W audio-subMixingFactory: out_get_presentation_position_port(), pts not valid yet
10-14 02:24:38.125  2953  2971 I ActivityManager: Start proc 11854:com.Slack/u0a78 for activity com.Slack/.ui.HomeActivity
10-14 02:24:38.125 11854 11854 I Zygote  : seccomp disabled by setenforce 0
10-14 02:24:38.129  2766  2911 D AudioFlinger: mixer(0xeb583ac0) throttle end: throttle time(7)
10-14 02:24:38.129 11854 11854 W com.Slack: Using default instruction set features for ARM CPU variant (cortex-a9) using conservative defaults
10-14 02:24:38.134  2756  2903 I [Gralloc]: framebuffer hal alread move to hwcomposer
10-14 02:24:38.164  2756  2903 I [Gralloc]: framebuffer hal alread move to hwcomposer
10-14 02:24:38.139  2768  2768 I Binder:2768_5: type=1400 audit(0.0:2214): avc: denied { read } for name="gralloc.odroidn2.so" dev="mmcblk0p12" ino=705 scontext=u:r:surfaceflinger:s0 tcontext=u:object_r:vendor_file:s0 tclass=file permissive=1
10-14 02:24:38.321 11854 11854 I FirebaseInitProvider: FirebaseApp initialization successful
10-14 02:24:38.139  2953  2953 I android.anim: type=1400 audit(0.0:2217): avc: denied { read } for name="gralloc.odroidn2.so" dev="mmcblk0p12" ino=705 scontext=u:r:system_server:s0 tcontext=u:object_r:vendor_file:s0 tclass=file permissive=1
10-14 02:24:38.349 11854 11854 D NetworkSecurityConfig: No Network Security Config specified, using platform default
10-14 02:24:38.139  2953  2953 I android.anim: type=1400 audit(0.0:2218): avc: denied { open } for path="/vendor/lib/hw/gralloc.odroidn2.so" dev="mmcblk0p12" ino=705 scontext=u:r:system_server:s0 tcontext=u:object_r:vendor_file:s0 tclass=file permissive=1
10-14 02:24:38.400 11854 11854 W BugsnagNDK: Initialization complete!
10-14 02:24:38.408  2953  6973 D ConnectivityService: requestNetwork for uid/pid:10078/11854 NetworkRequest [ TRACK_DEFAULT id=248, [ Capabilities: INTERNET&NOT_RESTRICTED&TRUSTED Unwanted:  Uid: 10078] ]
10-14 02:24:38.409  2953  3062 D Ethernet: got request NetworkRequest [ TRACK_DEFAULT id=248, [ Capabilities: INTERNET&NOT_RESTRICTED&TRUSTED Unwanted:  Uid: 10078] ] with score 70
10-14 02:24:38.410  2953  3039 D WIFI    : got request NetworkRequest [ TRACK_DEFAULT id=248, [ Capabilities: INTERNET&NOT_RESTRICTED&TRUSTED Unwanted:  Uid: 10078] ] with score 70
10-14 02:24:38.410  2953  3039 D WIFI_UT : got request NetworkRequest [ TRACK_DEFAULT id=248, [ Capabilities: INTERNET&NOT_RESTRICTED&TRUSTED Unwanted:  Uid: 10078] ] with score 70
10-14 02:24:38.410  3169  3169 D PhoneSwitcherNetworkRequstListener: got request NetworkRequest [ TRACK_DEFAULT id=248, [ Capabilities: INTERNET&NOT_RESTRICTED&TRUSTED Unwanted:  Uid: 10078] ] with score 70
10-14 02:24:38.527 11854 11854 W com.Slack: Accessing hidden method Landroid/content/res/Resources$Theme;->rebase()V (dark greylist, linking)
10-14 02:24:38.528 11854 11854 W com.Slack: Accessing hidden method Landroid/content/res/Resources$Theme;->rebase()V (dark greylist, linking)
10-14 02:24:38.658  3527  3527 W LauncherTransition: Failed to animate, surface got destroyed.
10-14 02:24:38.678  2768  3557 E BufferQueueProducer: [com.android.launcher3/com.android.launcher3.Launcher#0] disconnect: not connected (req=1)
10-14 02:24:38.678  3527  3638 W libEGL  : EGLNativeWindowType 0xe096b808 disconnect failed
10-14 02:24:38.705  2953 10983 I ActivityManager: START u0 {cmp=com.Slack/.ui.walkthrough.WalkthroughActivity} from uid 10078
10-14 02:24:38.715 11854 11865 I com.Slack: Background concurrent copying GC freed 27581(1833KB) AllocSpace objects, 6(120KB) LOS objects, 49% free, 6MB/12MB, paused 365us total 107.226ms
10-14 02:24:38.740  2756  2903 I [Gralloc]: framebuffer hal alread move to hwcomposer
10-14 02:24:38.753  2953 10983 I ActivityManager: Config changes=20000480 {1.0 ?mcc?mnc [en_US] ldltr sw602dp w602dp h994dp 204dpi lrg long port -touch -keyb/v/h dpad/v winConfig={ mBounds=Rect(0, 0 - 0, 0) mAppBounds=Rect(0, 0 - 768, 1299) mWindowingMode=fullscreen mActivityType=undefined} s.26}
10-14 02:24:38.775  2953 10983 I ActivityManager: Override config changes=20000480 {1.0 ?mcc?mnc [en_US] ldltr sw602dp w602dp h994dp 204dpi lrg long port -touch -keyb/v/h dpad/v winConfig={ mBounds=Rect(0, 0 - 1360, 707) mAppBounds=Rect(0, 0 - 768, 1299) mWindowingMode=fullscreen mActivityType=undefined} s.26} for displayId=0
10-14 02:24:38.817 11854 11854 W ActivityThread: handleWindowVisibility: no activity for token android.os.BinderProxy@219cbff
10-14 02:24:38.835  2953  3029 I InputReader: Reconfiguring input devices.  changes=0x00000004
10-14 02:24:38.858  2768  3557 E BufferQueueProducer: [NavigationBar#0] disconnect: not connected (req=1)
10-14 02:24:38.859  3106  3352 W libEGL  : EGLNativeWindowType 0xdfa50808 disconnect failed
10-14 02:24:38.860  3106  3352 D mali_winsys: EGLint new_window_surface(egl_winsys_display *, void *, EGLSurface, EGLConfig, egl_winsys_surface **, EGLBoolean) returns 0x3000
10-14 02:24:38.864  2756  2903 I [Gralloc]: framebuffer hal alread move to hwcomposer
10-14 02:24:38.893  3106  3106 D StatusBar: disable<e i a s b h r c s > disable2<q i n >
10-14 02:24:38.953  2953  7816 D PackageManager: [a9ac32d8-5804-4fd8-be7b-69f675189544] Phase1; resolving
10-14 02:24:38.954  3483  6635 V PackageManager: [a9ac32d8-5804-4fd8-be7b-69f675189544] Phase1 called; posting
10-14 02:24:38.954  3483  3483 D PackageManager: [a9ac32d8-5804-4fd8-be7b-69f675189544] Phase1 request; prefix: [-2130968576, -1552310272, -1247965184, -801984512, -424521728, -296259584, -141459456, 284508160, 285966336, 336424960, 526397440, 668090368, 748380160, 759242752, 1123586048, 1564401664, 1627471872, 1849729024]
10-14 02:24:38.959  2953  7816 D PackageManager: [a9ac32d8-5804-4fd8-be7b-69f675189544] Phase1; No results matched
10-14 02:24:38.961  2953  7816 D PackageManager: [5fe13f27-3d59-4d99-8f04-521a848728d0] Phase1; resolving
10-14 02:24:38.962  3483  6635 V PackageManager: [5fe13f27-3d59-4d99-8f04-521a848728d0] Phase1 called; posting
10-14 02:24:38.962  3483  3483 D PackageManager: [5fe13f27-3d59-4d99-8f04-521a848728d0] Phase1 request; prefix: [-2130968576, -1854062592, -1698013184, -1552310272, -1460334592, -1409757184, -1317908480, -1007783936, -714133504, -509562880, -111136768, 86003712, 228761600, 412352512, 691003392, 997203968, 1197834240]
10-14 02:24:38.975  2953  7816 D PackageManager: [5fe13f27-3d59-4d99-8f04-521a848728d0] Phase1; No results matched
10-14 02:24:38.997 11854 11854 D OpenGLRenderer: Skia GL Pipeline
10-14 02:24:39.006  2768  3293 E BufferQueueProducer: [NavigationBar#0] disconnect: not connected (req=1)
10-14 02:24:39.006  3106  3352 W libEGL  : EGLNativeWindowType 0xdfa50808 disconnect failed
10-14 02:24:39.007  3106  3352 D mali_winsys: EGLint new_window_surface(egl_winsys_display *, void *, EGLSurface, EGLConfig, egl_winsys_surface **, EGLBoolean) returns 0x3000
10-14 02:24:39.007  2756  2903 I [Gralloc]: framebuffer hal alread move to hwcomposer
10-14 02:24:39.044 11854 11924 D AppsFlyer_5.4.3: Initializing AppsFlyer SDK: (v5.4.3.50)
10-14 02:24:39.059  2768  3557 E BufferQueueProducer: [StatusBar#0] disconnect: not connected (req=1)
10-14 02:24:39.059  3106  3352 W libEGL  : EGLNativeWindowType 0xcced7008 disconnect failed
10-14 02:24:39.059  3106  3352 D mali_winsys: EGLint new_window_surface(egl_winsys_display *, void *, EGLSurface, EGLConfig, egl_winsys_surface **, EGLBoolean) returns 0x3000
10-14 02:24:39.062  2756  2903 I [Gralloc]: framebuffer hal alread move to hwcomposer
10-14 02:24:39.086  2756  2903 I chatty  : uid=1000(system) HwBinder:2756_2 identical 2 lines
10-14 02:24:39.088  2756  2903 I [Gralloc]: framebuffer hal alread move to hwcomposer
10-14 02:24:39.090 11854 11989 I ConfigStore: android::hardware::configstore::V1_0::ISurfaceFlingerConfigs::hasWideColorDisplay retrieved: 0
10-14 02:24:39.091 11854 11989 I ConfigStore: android::hardware::configstore::V1_0::ISurfaceFlingerConfigs::hasHDRDisplay retrieved: 0
10-14 02:24:39.091 11854 11989 I OpenGLRenderer: Initialized EGL, version 1.4
10-14 02:24:39.091 11854 11989 D OpenGLRenderer: Swap behavior 2
10-14 02:24:39.094  2768  3293 W SurfaceFlinger: Attempting to destroy on removed layer: 91f28e0 AssistPreviewPanel#0
10-14 02:24:39.101 11854 11989 D mali_winsys: EGLint new_window_surface(egl_winsys_display *, void *, EGLSurface, EGLConfig, egl_winsys_surface **, EGLBoolean) returns 0x3000
10-14 02:24:39.109  2756  2903 I [Gralloc]: framebuffer hal alread move to hwcomposer
10-14 02:24:39.154  2953  3010 E WindowManager: Performed 6 layouts in a row. Skipping
10-14 02:24:39.139  2756  2903 I chatty  : uid=1000(system) HwBinder:2756_2 identical 3 lines
10-14 02:24:39.143  2756  2903 I [Gralloc]: framebuffer hal alread move to hwcomposer
10-14 02:24:39.155  2953  2977 I ActivityManager: Displayed com.Slack/.ui.walkthrough.WalkthroughActivity: +417ms (total +1s48ms)
10-14 02:24:39.173  2953  3010 I WindowManager: Screen frozen for +434ms due to Window{3ebfe23 u0 Splash Screen com.Slack}
10-14 02:24:39.167  2768  2768 I Binder:2768_1: type=1400 audit(0.0:2228): avc: denied { read } for name="gralloc.odroidn2.so" dev="mmcblk0p12" ino=705 scontext=u:r:surfaceflinger:s0 tcontext=u:object_r:vendor_file:s0 tclass=file permissive=1
10-14 02:24:39.233  2768  2768 D SurfaceFlinger: duplicate layer name: changing BlackSurface to BlackSurface#1
10-14 02:24:39.167  2768  2768 I Binder:2768_1: type=1400 audit(0.0:2229): avc: denied { open } for path="/vendor/lib/hw/gralloc.odroidn2.so" dev="mmcblk0p12" ino=705 scontext=u:r:surfaceflinger:s0 tcontext=u:object_r:vendor_file:s0 tclass=file permissive=1
10-14 02:24:39.305  2768  2768 D SurfaceFlinger: duplicate layer name: changing BlackSurface to BlackSurface#1
10-14 02:24:39.311  2768  2768 D SurfaceFlinger: duplicate layer name: changing BlackSurface to BlackSurface#2
10-14 02:24:39.322  2756  2903 I [Gralloc]: framebuffer hal alread move to hwcomposer
10-14 02:24:39.453  3527  3527 W ViewRootImpl[Launcher]: Cancelling event due to no window focus: MotionEvent { action=ACTION_CANCEL, actionButton=0, id[0]=0, x[0]=622.81506, y[0]=344.26743, toolType[0]=TOOL_TYPE_MOUSE, buttonState=0, metaState=0, flags=0x0, edgeFlags=0x0, pointerCount=1, historySize=0, eventTime=7931319, downTime=7929839, deviceId=4, source=0x2002 }
10-14 02:24:39.381  2756  2903 I chatty  : uid=1000(system) HwBinder:2756_2 identical 2 lines
10-14 02:24:39.413  2756  2903 I [Gralloc]: framebuffer hal alread move to hwcomposer
10-14 02:24:41.156  2747  2888 D audio-subMixingFactory: out_standby_subMixingPCM: out_stream(0xee3ca000) usecase: STREAM_PCM_NORMAL
10-14 02:24:41.156  2747  2888 I audio-subMixingFactory: ++usecase_change_validate_l_sm(), dev usecase masks = 0x1, is_standby = 1, out usecase STREAM_PCM_NORMAL
10-14 02:24:41.156  2747  2888 I audio-subMixingFactory: --usecase_change_validate_l_sm(), dev usecase masks = 0, is_standby = 1, out usecase STREAM_PCM_NORMAL
10-14 02:24:41.156  2747  2888 I amlaudioMixer: ++delete_mixer_input_port port ID: 0
10-14 02:24:41.156  2747  2907 E amlaudioMixer: mixer_do_mixing_16bit(), sys or direct pcm must exist!!!
10-14 02:24:41.426  2953  2977 I system_server: Explicit concurrent copying GC freed 99974(4MB) AllocSpace objects, 4(144KB) LOS objects, 42% free, 11MB/20MB, paused 112us total 113.175ms
10-14 02:24:42.197  2756  2903 I [Gralloc]: framebuffer hal alread move to hwcomposer
10-14 02:24:42.195  2953  2953 I android.display: type=1400 audit(0.0:2231): avc: denied { read } for name="gralloc.odroidn2.so" dev="mmcblk0p12" ino=705 scontext=u:r:system_server:s0 tcontext=u:object_r:vendor_file:s0 tclass=file permissive=1
10-14 02:24:42.199  2953  2953 I android.display: type=1400 audit(0.0:2232): avc: denied { open } for path="/vendor/lib/hw/gralloc.odroidn2.so" dev="mmcblk0p12" ino=705 scontext=u:r:system_server:s0 tcontext=u:object_r:vendor_file:s0 tclass=file permissive=1
10-14 02:24:42.587  2756  2903 I [Gralloc]: framebuffer hal alread move to hwcomposer
10-14 02:24:42.875  2756  2903 I [Gralloc]: framebuffer hal alread move to hwcomposer
10-14 02:24:42.892  2768  2768 E SurfaceFlinger: [Sprite#0] rejecting buffer: bufWidth=28, bufHeight=36, front.active.{w=32, h=32}
10-14 02:24:42.892  2756  2903 I [Gralloc]: framebuffer hal alread move to hwcomposer
10-14 02:24:42.979  2747  7191 W amlaudioMixer: mixer_get_presentation_position(), port not ready now
10-14 02:24:42.979  2747  7191 W audio-subMixingFactory: out_get_presentation_position_port(), pts not valid yet
10-14 02:24:42.980  2747  7191 I audio-subMixingFactory: ++usecase_change_validate_l_sm: dev usecase masks = 0, out usecase_masks = 0, out usecase STREAM_PCM_NORMAL
10-14 02:24:42.980  2747  7191 I audio-subMixingFactory: ++++usecase_change_validate_l_sm(),continuous_audio_mode 0 dev usecase masks = 0, out usecase_masks = 0, out usecase STREAM_PCM_NORMAL
10-14 02:24:42.980  2747  7191 I audio-subMixingFactory: usecase_change_validate_l_sm(), mixer_aux_buffer_write_sm !
10-14 02:24:42.980  2747  7191 I audio-subMixingFactory: ----usecase_change_validate_l_sm(), continuous_audio_mode 0 dev usecase masks = 0x1, out usecase_masks = 0x1, out usecase STREAM_PCM_NORMAL
10-14 02:24:42.980  2747  7191 I aml_audio_port: get_input_port_index(), samplerate 48000
10-14 02:24:42.980  2747  7191 D aml_audio_port: new_input_port(), index:0, rbuf size:8192, direct_on:0
10-14 02:24:42.980  2747  7191 D aml_audio_port: new_input_port(), fmt 0x1, rate 48000
10-14 02:24:42.980  2747  7191 I amlaudioMixer: ++init_mixer_input_port port index 0, size 512 frames
10-14 02:24:42.980  2747  7191 I amlaudioMixer: init_mixer_input_port(), port->initial_frames: 47433728
10-14 02:24:42.980  2747  7191 I aml_audio_port: get_input_port_index(), samplerate 48000
10-14 02:24:42.980  2747  7191 I audio-subMixingFactory: mixer_aux_buffer_write_sm(), primary 0xee3ca000 port index = 0
10-14 02:24:42.980  2747  7191 I audio-subMixingFactory: padding_bytes 16384
10-14 02:24:42.980  2747  7191 I amlaudioMixer: port index 0 is active now
10-14 02:24:42.980  2747  7191 I audio-subMixingFactory: padding_bytes 14336
10-14 02:24:42.980  2747  7191 I audio-subMixingFactory: padding_bytes 12288
10-14 02:24:42.980  2747  7191 I audio-subMixingFactory: padding_bytes 10240
10-14 02:24:42.980  2747  7191 I audio-subMixingFactory: padding_bytes 8192
10-14 02:24:42.980  2747  7191 I audio-subMixingFactory: padding_bytes 6144
10-14 02:24:42.986  2747  7191 I audio-subMixingFactory: padding_bytes 4096
10-14 02:24:39.453  3527  3527 I chatty  : uid=10024(com.android.launcher3) identical 2 lines
10-14 02:24:39.453  3527  3527 W ViewRootImpl[Launcher]: Cancelling event due to no window focus: MotionEvent { action=ACTION_CANCEL, actionButton=0, id[0]=0, x[0]=622.81506, y[0]=344.26743, toolType[0]=TOOL_TYPE_MOUSE, buttonState=0, metaState=0, flags=0x0, edgeFlags=0x0, pointerCount=1, historySize=0, eventTime=7931319, downTime=7929839, deviceId=4, source=0x2002 }
10-14 02:24:42.987  2953  3209 I ActivityManager: START u0 {cmp=com.Slack/.ui.findyourteams.emailconfirmation.EmailConfirmationActivity (has extras)} from uid 10078
10-14 02:24:42.990  2747  7191 I audio-subMixingFactory: padding_bytes 2048
10-14 02:24:43.000  2747  7191 W amlaudioMixer: mixer_get_presentation_position(), not valid now
10-14 02:24:43.000  2747  7191 W audio-subMixingFactory: out_get_presentation_position_port(), pts not valid yet
10-14 02:24:43.003  2756  2903 I [Gralloc]: framebuffer hal alread move to hwcomposer
10-14 02:24:43.011  2747  7191 W amlaudioMixer: mixer_get_presentation_position(), not valid now
10-14 02:24:43.011  2747  7191 W audio-subMixingFactory: out_get_presentation_position_port(), pts not valid yet
10-14 02:24:43.016  2953 10983 I ActivityManager: Config changes=20000480 {1.0 ?mcc?mnc [en_US] ldltr sw602dp w1066dp h530dp 204dpi lrg long land -touch -keyb/v/h dpad/v winConfig={ mBounds=Rect(0, 0 - 0, 0) mAppBounds=Rect(0, 0 - 1360, 707) mWindowingMode=fullscreen mActivityType=undefined} s.27}
10-14 02:24:43.025  2766  2911 D AudioFlinger: mixer(0xeb583ac0) throttle end: throttle time(7)
10-14 02:24:43.036  2953 10983 I ActivityManager: Override config changes=20000480 {1.0 ?mcc?mnc [en_US] ldltr sw602dp w1066dp h530dp 204dpi lrg long land -touch -keyb/v/h dpad/v winConfig={ mBounds=Rect(0, 0 - 768, 1299) mAppBounds=Rect(0, 0 - 1360, 707) mWindowingMode=fullscreen mActivityType=undefined} s.27} for displayId=0
10-14 02:24:43.050  2756  2903 I [Gralloc]: framebuffer hal alread move to hwcomposer
10-14 02:24:43.068  2756  2903 I [Gralloc]: framebuffer hal alread move to hwcomposer
10-14 02:24:43.079 11854 11854 W ActivityThread: handleWindowVisibility: no activity for token android.os.BinderProxy@bf030e9
10-14 02:24:43.082  2756  2903 I [Gralloc]: framebuffer hal alread move to hwcomposer
10-14 02:24:43.102  2953  3029 I InputReader: Reconfiguring input devices.  changes=0x00000004
10-14 02:24:43.125  2768  2950 E BufferQueueProducer: [NavigationBar#0] disconnect: not connected (req=1)
10-14 02:24:43.125  3106  3352 W libEGL  : EGLNativeWindowType 0xdfa50808 disconnect failed
10-14 02:24:43.126  3106  3352 D mali_winsys: EGLint new_window_surface(egl_winsys_display *, void *, EGLSurface, EGLConfig, egl_winsys_surface **, EGLBoolean) returns 0x3000
10-14 02:24:43.127  2756  2903 I [Gralloc]: framebuffer hal alread move to hwcomposer
10-14 02:24:43.154  3106  3106 D StatusBar: disable<e i a s b h r c s > disable2<q i n >
10-14 02:24:43.241  2768  2950 E BufferQueueProducer: [NavigationBar#0] disconnect: not connected (req=1)
10-14 02:24:43.242  3106  3352 W libEGL  : EGLNativeWindowType 0xdfa50808 disconnect failed
10-14 02:24:43.242  3106  3352 D mali_winsys: EGLint new_window_surface(egl_winsys_display *, void *, EGLSurface, EGLConfig, egl_winsys_surface **, EGLBoolean) returns 0x3000
10-14 02:24:43.243  2756  2903 I [Gralloc]: framebuffer hal alread move to hwcomposer
10-14 02:24:43.255  2756  2903 I chatty  : uid=1000(system) HwBinder:2756_2 identical 1 line
10-14 02:24:43.261  2756  2903 I [Gralloc]: framebuffer hal alread move to hwcomposer
10-14 02:24:43.270  2756  8190 I [Gralloc]: framebuffer hal alread move to hwcomposer
10-14 02:24:43.275 11854 11989 D mali_winsys: EGLint new_window_surface(egl_winsys_display *, void *, EGLSurface, EGLConfig, egl_winsys_surface **, EGLBoolean) returns 0x3000
10-14 02:24:43.287  2768  2841 E BufferQueueProducer: [StatusBar#0] disconnect: not connected (req=1)
10-14 02:24:43.287  3106  3352 W libEGL  : EGLNativeWindowType 0xcced7008 disconnect failed
10-14 02:24:43.288  3106  3352 D mali_winsys: EGLint new_window_surface(egl_winsys_display *, void *, EGLSurface, EGLConfig, egl_winsys_surface **, EGLBoolean) returns 0x3000
10-14 02:24:43.287 11359 11359 I Binder:11359_3: type=1400 audit(0.0:2234): avc: denied { getattr } for path="/proc/11854" dev="proc" ino=505218 scontext=u:r:untrusted_app:s0:c84,c256,c512,c768 tcontext=u:r:untrusted_app:s0:c78,c256,c512,c768 tclass=dir permissive=1
10-14 02:24:43.287 11359 11359 I Binder:11359_3: type=1400 audit(0.0:2235): avc: denied { search } for name="11854" dev="proc" ino=505218 scontext=u:r:untrusted_app:s0:c84,c256,c512,c768 tcontext=u:r:untrusted_app:s0:c78,c256,c512,c768 tclass=dir permissive=1
10-14 02:24:43.287 11359 11359 I Binder:11359_3: type=1400 audit(0.0:2236): avc: denied { read } for name="cgroup" dev="proc" ino=506448 scontext=u:r:untrusted_app:s0:c84,c256,c512,c768 tcontext=u:r:untrusted_app:s0:c78,c256,c512,c768 tclass=file permissive=1
10-14 02:24:43.287 11359 11359 I Binder:11359_3: type=1400 audit(0.0:2237): avc: denied { getattr } for path="/proc/11854/cgroup" dev="proc" ino=506448 scontext=u:r:untrusted_app:s0:c84,c256,c512,c768 tcontext=u:r:untrusted_app:s0:c78,c256,c512,c768 tclass=file permissive=1
10-14 02:24:43.292  2756  8190 I [Gralloc]: framebuffer hal alread move to hwcomposer
10-14 02:24:43.303  2756  8190 I [Gralloc]: framebuffer hal alread move to hwcomposer
10-14 02:24:43.333  2953  2977 I ActivityManager: Displayed com.Slack/.ui.findyourteams.emailconfirmation.EmailConfirmationActivity: +325ms
10-14 02:24:43.339  2756  8190 I [Gralloc]: framebuffer hal alread move to hwcomposer
10-14 02:24:43.345  2768  2950 W SurfaceFlinger: Attempting to destroy on removed layer: 5242e67 AssistPreviewPanel#0
10-14 02:24:43.351  2953  3010 I WindowManager: Screen frozen for +350ms due to Window{d1dc9c2 u0 StatusBar}
10-14 02:24:43.372  2768  2841 E BufferQueueProducer: [com.Slack/com.Slack.ui.walkthrough.WalkthroughActivity#0] disconnect: not connected (req=1)
10-14 02:24:43.372 11854 11989 W libEGL  : EGLNativeWindowType 0xdfa50808 disconnect failed
10-14 02:24:43.379  2768  2841 W SurfaceFlinger: Attempting to destroy on removed layer: 93b4a03 DockedStackDivider#0
10-14 02:24:43.388  2756  8190 I [Gralloc]: framebuffer hal alread move to hwcomposer
10-14 02:24:43.411  2953  3209 I ActivityManager: START u0 {act=com.google.android.gms.auth.api.credentials.PICKER cmp=com.google.android.gms/.auth.api.credentials.ui.CredentialPickerActivity (has extras)} from uid 10078
10-14 02:24:43.406  2756  8190 I chatty  : uid=1000(system) HwBinder:2756_3 identical 2 lines
10-14 02:24:43.409  2756  8190 I [Gralloc]: framebuffer hal alread move to hwcomposer
10-14 02:24:43.413  2953  3209 W system_server: Unknown chunk type '200'.
10-14 02:24:43.436  2756  8190 I [Gralloc]: framebuffer hal alread move to hwcomposer
10-14 02:24:43.448 11655 11655 W ActivityThread: handleWindowVisibility: no activity for token android.os.BinderProxy@4f07bc9
10-14 02:24:43.455  2756  8190 I [Gralloc]: framebuffer hal alread move to hwcomposer
10-14 02:24:43.470  2756  8190 I [Gralloc]: framebuffer hal alread move to hwcomposer
10-14 02:24:43.509 11854 12185 I AppsFlyerOaid5.4.2: Failed resolution of: Lcom/bun/miitmdid/core/JLibrary;
10-14 02:24:43.510 11854 12185 I AppsFlyerOaid5.4.2: Fetch 1 ms
10-14 02:24:43.531  2756  8190 I [Gralloc]: framebuffer hal alread move to hwcomposer
10-14 02:24:43.535  2756  8190 I [Gralloc]: framebuffer hal alread move to hwcomposer
10-14 02:24:43.536  2756  2903 I [Gralloc]: framebuffer hal alread move to hwcomposer
10-14 02:24:43.538  2756  8190 I [Gralloc]: framebuffer hal alread move to hwcomposer
10-14 02:24:43.542 11655 11679 D mali_winsys: EGLint new_window_surface(egl_winsys_display *, void *, EGLSurface, EGLConfig, egl_winsys_surface **, EGLBoolean) returns 0x3000
10-14 02:24:43.545 11655 11655 D ViewRootImpl[CredentialPickerActivity]: updatePointerIcon called with position out of bounds
10-14 02:24:43.555  2756  8190 I [Gralloc]: framebuffer hal alread move to hwcomposer
10-14 02:24:43.555 11655 11655 I RenderThread: type=1400 audit(0.0:2238): avc: denied { read } for name="gralloc.odroidn2.so" dev="mmcblk0p12" ino=705 scontext=u:r:priv_app:s0:c512,c768 tcontext=u:object_r:vendor_file:s0 tclass=file permissive=1
10-14 02:24:43.559 11655 11655 I RenderThread: type=1400 audit(0.0:2240): avc: denied { getattr } for path="/vendor/lib/hw/gralloc.odroidn2.so" dev="mmcblk0p12" ino=705 scontext=u:r:priv_app:s0:c512,c768 tcontext=u:object_r:vendor_file:s0 tclass=file permissive=1
10-14 02:24:43.570  2756  8190 I [Gralloc]: framebuffer hal alread move to hwcomposer
10-14 02:24:43.583  2953  2977 I ActivityManager: Displayed com.google.android.gms/.auth.api.credentials.ui.CredentialPickerActivity: +120ms
10-14 02:24:43.590  2756  8190 I [Gralloc]: framebuffer hal alread move to hwcomposer
10-14 02:24:43.719  3599  4241 E Auth.Api.Credentials: [ListHintsOperation] Failed to list hints.
10-14 02:24:43.719  3599  4241 E Auth.Api.Credentials: java.lang.IllegalArgumentException: credential identifier cannot be empty
10-14 02:24:43.719  3599  4241 E Auth.Api.Credentials: 	at slm.a(:com.google.android.gms@203615025@20.36.15 (100304-333172415):13)
10-14 02:24:43.719  3599  4241 E Auth.Api.Credentials: 	at com.google.android.gms.auth.api.credentials.Credential.<init>(:com.google.android.gms@203615025@20.36.15 (100304-333172415):1)
10-14 02:24:43.719  3599  4241 E Auth.Api.Credentials: 	at gmf.a(:com.google.android.gms@203615025@20.36.15 (100304-333172415):0)
10-14 02:24:43.719  3599  4241 E Auth.Api.Credentials: 	at hej.a(:com.google.android.gms@203615025@20.36.15 (100304-333172415):7)
10-14 02:24:43.719  3599  4241 E Auth.Api.Credentials: 	at hdv.apply(Unknown Source:0)
10-14 02:24:43.719  3599  4241 E Auth.Api.Credentials: 	at bqnt.a(:com.google.android.gms@203615025@20.36.15 (100304-333172415):0)
10-14 02:24:43.719  3599  4241 E Auth.Api.Credentials: 	at bqvd.next(:com.google.android.gms@203615025@20.36.15 (100304-333172415):0)
10-14 02:24:43.719  3599  4241 E Auth.Api.Credentials: 	at bqns.a(:com.google.android.gms@203615025@20.36.15 (100304-333172415):1)
10-14 02:24:43.719  3599  4241 E Auth.Api.Credentials: 	at bqgr.hasNext(:com.google.android.gms@203615025@20.36.15 (100304-333172415):2)
10-14 02:24:43.719  3599  4241 E Auth.Api.Credentials: 	at bqlc.a(:com.google.android.gms@203615025@20.36.15 (100304-333172415):2)
10-14 02:24:43.719  3599  4241 E Auth.Api.Credentials: 	at bqlh.a(:com.google.android.gms@203615025@20.36.15 (100304-333172415):5)
10-14 02:24:43.719  3599  4241 E Auth.Api.Credentials: 	at hdz.apply(Unknown Source:0)
10-14 02:24:43.719  3599  4241 E Auth.Api.Credentials: 	at btlf.a(:com.google.android.gms@203615025@20.36.15 (100304-333172415):0)
10-14 02:24:43.719  3599  4241 E Auth.Api.Credentials: 	at btlg.run(:com.google.android.gms@203615025@20.36.15 (100304-333172415):9)
10-14 02:24:43.719  3599  4241 E Auth.Api.Credentials: 	at btml.execute(:com.google.android.gms@203615025@20.36.15 (100304-333172415):0)
10-14 02:24:43.719  3599  4241 E Auth.Api.Credentials: 	at btlc.b(:com.google.android.gms@203615025@20.36.15 (100304-333172415):4)
10-14 02:24:43.719  3599  4241 E Auth.Api.Credentials: 	at btlc.a(:com.google.android.gms@203615025@20.36.15 (100304-333172415):28)
10-14 02:24:43.719  3599  4241 E Auth.Api.Credentials: 	at btlc.b(:com.google.android.gms@203615025@20.36.15 (100304-333172415):19)
10-14 02:24:43.719  3599  4241 E Auth.Api.Credentials: 	at btko.run(:com.google.android.gms@203615025@20.36.15 (100304-333172415):8)
10-14 02:24:43.719  3599  4241 E Auth.Api.Credentials: 	at btml.execute(:com.google.android.gms@203615025@20.36.15 (100304-333172415):0)
10-14 02:24:43.719  3599  4241 E Auth.Api.Credentials: 	at btlc.b(:com.google.android.gms@203615025@20.36.15 (100304-333172415):4)
10-14 02:24:43.719  3599  4241 E Auth.Api.Credentials: 	at btlc.a(:com.google.android.gms@203615025@20.36.15 (100304-333172415):28)
10-14 02:24:43.719  3599  4241 E Auth.Api.Credentials: 	at btlc.b(:com.google.android.gms@203615025@20.36.15 (100304-333172415):19)
10-14 02:24:43.719  3599  4241 E Auth.Api.Credentials: 	at adta.a(:com.google.android.gms@203615025@20.36.15 (100304-333172415):3)
10-14 02:24:43.719  3599  4241 E Auth.Api.Credentials: 	at awnt.run(:com.google.android.gms@203615025@20.36.15 (100304-333172415):1)
10-14 02:24:43.719  3599  4241 E Auth.Api.Credentials: 	at suu.a(:com.google.android.gms@203615025@20.36.15 (100304-333172415):3)
10-14 02:24:43.719  3599  4241 E Auth.Api.Credentials: 	at aaof.run(Unknown Source:0)
10-14 02:24:43.719  3599  4241 E Auth.Api.Credentials: 	at btml.execute(:com.google.android.gms@203615025@20.36.15 (100304-333172415):0)
10-14 02:24:43.719  3599  4241 E Auth.Api.Credentials: 	at aaoe.execute(Unknown Source:0)
10-14 02:24:43.719  3599  4241 E Auth.Api.Credentials: 	at awnu.a(:com.google.android.gms@203615025@20.36.15 (100304-333172415):3)
10-14 02:24:43.719  3599  4241 E Auth.Api.Credentials: 	at awoi.a(:com.google.android.gms@203615025@20.36.15 (100304-333172415):5)
10-14 02:24:43.719  3599  4241 E Auth.Api.Credentials: 	at awoo.a(:com.google.android.gms@203615025@20.36.15 (100304-333172415):33)
10-14 02:24:43.719  3599  4241 E Auth.Api.Credentials: 	at awoj.a(:com.google.android.gms@203615025@20.36.15 (100304-333172415):2)
10-14 02:24:43.719  3599  4241 E Auth.Api.Credentials: 	at qyw.a(:com.google.android.gms@203615025@20.36.15 (100304-333172415):11)
10-14 02:24:43.719  3599  4241 E Auth.Api.Credentials: 	at qzl.b(:com.google.android.gms@203615025@20.36.15 (100304-333172415):34)
10-14 02:24:43.719  3599  4241 E Auth.Api.Credentials: 	at qzc.a(:com.google.android.gms@203615025@20.36.15 (100304-333172415):5)
10-14 02:24:43.719  3599  4241 E Auth.Api.Credentials: 	at aakz.run(:com.google.android.gms@203615025@20.36.15 (100304-333172415):11)
10-14 02:24:43.719  3599  4241 E Auth.Api.Credentials: 	at bonr.run(:com.google.android.gms@203615025@20.36.15 (100304-333172415):2)
10-14 02:24:43.719  3599  4241 E Auth.Api.Credentials: 	at svn.b(:com.google.android.gms@203615025@20.36.15 (100304-333172415):12)
10-14 02:24:43.719  3599  4241 E Auth.Api.Credentials: 	at svn.run(:com.google.android.gms@203615025@20.36.15 (100304-333172415):8)
10-14 02:24:43.719  3599  4241 E Auth.Api.Credentials: 	at java.util.concurrent.ThreadPoolExecutor.runWorker(ThreadPoolExecutor.java:1167)
10-14 02:24:43.719  3599  4241 E Auth.Api.Credentials: 	at java.util.concurrent.ThreadPoolExecutor$Worker.run(ThreadPoolExecutor.java:641)
10-14 02:24:43.719  3599  4241 E Auth.Api.Credentials: 	at tbn.run(:com.google.android.gms@203615025@20.36.15 (100304-333172415):0)
10-14 02:24:43.719  3599  4241 E Auth.Api.Credentials: 	at java.lang.Thread.run(Thread.java:764)
10-14 02:24:43.725 11854 11865 I com.Slack: Background concurrent copying GC freed 80918(4MB) AllocSpace objects, 23(872KB) LOS objects, 50% free, 19MB/38MB, paused 103us total 161.125ms
10-14 02:24:43.782  2768  2841 E BufferQueueProducer: [com.google.android.gms/com.google.android.gms.auth.api.credentials.ui.CredentialPickerActivity#0] disconnect: not connected (req=1)
10-14 02:24:43.783 11655 11679 W libEGL  : EGLNativeWindowType 0xc477a008 disconnect failed
10-14 02:24:43.783 11655 11679 D mali_winsys: EGLint new_window_surface(egl_winsys_display *, void *, EGLSurface, EGLConfig, egl_winsys_surface **, EGLBoolean) returns 0x3000
10-14 02:24:43.784  2756  8190 I [Gralloc]: framebuffer hal alread move to hwcomposer
10-14 02:24:43.792  2756  8190 I chatty  : uid=1000(system) HwBinder:2756_3 identical 1 line
10-14 02:24:43.798  2756  8190 I [Gralloc]: framebuffer hal alread move to hwcomposer
10-14 02:24:44.164  2768  2950 W SurfaceFlinger: Attempting to set client state on removed layer: Surface(name=a36271f com.google.android.gms/com.google.android.gms.auth.api.credentials.ui.CredentialPickerActivity)/@0xed63396 - animation-leash#0
10-14 02:24:44.164  2768  2950 W SurfaceFlinger: Attempting to destroy on removed layer: Surface(name=a36271f com.google.android.gms/com.google.android.gms.auth.api.credentials.ui.CredentialPickerActivity)/@0xed63396 - animation-leash#0
10-14 02:24:44.329  4078  4078 D skia    : --- Failed to create image decoder with message 'unimplemented'
10-14 02:24:44.346  4078  4078 D skia    : --- Failed to create image decoder with message 'unimplemented'
10-14 02:24:44.339  4078  4078 I tutu.ABenchMark: type=1400 audit(0.0:2241): avc: denied { open } for path="/proc/stat" dev="proc" ino=4026531957 scontext=u:r:untrusted_app_27:s0:c512,c768 tcontext=u:object_r:proc_stat:s0 tclass=file permissive=1
10-14 02:24:45.101  2768  2849 E BufferQueueProducer: [com.google.android.gms/com.google.android.gms.auth.api.credentials.ui.CredentialPickerActivity#0] disconnect: not connected (req=1)
10-14 02:24:45.101 11655 11679 W libEGL  : EGLNativeWindowType 0xc477a008 disconnect failed
10-14 02:24:45.164  2768  2841 W SurfaceFlinger: Attempting to set client state on removed layer: com.google.android.gms/com.google.android.gms.auth.api.credentials.ui.CredentialPickerActivity#0
10-14 02:24:45.165  2768  2841 W SurfaceFlinger: Attempting to destroy on removed layer: com.google.android.gms/com.google.android.gms.auth.api.credentials.ui.CredentialPickerActivity#0
10-14 02:24:45.494  2953  2977 I system_server: Explicit concurrent copying GC freed 19312(1245KB) AllocSpace objects, 2(104KB) LOS objects, 42% free, 11MB/20MB, paused 126us total 128.384ms
10-14 02:24:43.785 11655 11655 I chatty  : uid=10064 com.google.android.gms.ui identical 13 lines
10-14 02:24:43.792 11655 11655 D ViewRootImpl[CredentialPickerActivity]: updatePointerIcon called with position out of bounds
10-14 02:24:45.890  2953  4992 I ActivityManager: START u0 {flg=0x10008000 cmp=com.Slack/.ui.findyourteams.selectworkspaces.SelectWorkspacesActivity (has extras)} from uid 10078
10-14 02:24:45.916 11854 11854 W ActivityThread: handleWindowVisibility: no activity for token android.os.BinderProxy@91e3bad
10-14 02:24:45.940  2756  8190 I [Gralloc]: framebuffer hal alread move to hwcomposer
10-14 02:24:45.943  2953  2953 I android.anim: type=1400 audit(0.0:2246): avc: denied { read } for name="gralloc.odroidn2.so" dev="mmcblk0p12" ino=705 scontext=u:r:system_server:s0 tcontext=u:object_r:vendor_file:s0 tclass=file permissive=1
10-14 02:24:46.035  2756  8190 I [Gralloc]: framebuffer hal alread move to hwcomposer
10-14 02:24:45.943  2953  2953 I android.anim: type=1400 audit(0.0:2248): avc: denied { getattr } for path="/vendor/lib/hw/gralloc.odroidn2.so" dev="mmcblk0p12" ino=705 scontext=u:r:system_server:s0 tcontext=u:object_r:vendor_file:s0 tclass=file permissive=1
10-14 02:24:46.079  2768  2768 I Binder:2768_1: type=1400 audit(0.0:2249): avc: denied { read } for name="gralloc.odroidn2.so" dev="mmcblk0p12" ino=705 scontext=u:r:surfaceflinger:s0 tcontext=u:object_r:vendor_file:s0 tclass=file permissive=1
10-14 02:24:46.089  2756  8190 I [Gralloc]: framebuffer hal alread move to hwcomposer
10-14 02:24:46.094  2756  8190 E gralloc : ioctl c0144900 failed with code -1: Operation not permitted
10-14 02:24:46.095  2756  8190 I [Gralloc]: framebuffer hal alread move to hwcomposer
10-14 02:24:46.100  2756  8190 E gralloc : ioctl c0144900 failed with code -1: Operation not permitted
10-14 02:24:46.101 11854 11989 D mali_winsys: EGLint new_window_surface(egl_winsys_display *, void *, EGLSurface, EGLConfig, egl_winsys_surface **, EGLBoolean) returns 0x3000
10-14 02:24:46.151  2787  2821 E storaged: getDiskStats failed with result NOT_SUPPORTED and size 0
10-14 02:24:46.260  2756  8190 I [Gralloc]: framebuffer hal alread move to hwcomposer
10-14 02:24:46.260  2756  8190 E gralloc : ioctl c0144900 failed with code -1: Operation not permitted
10-14 02:24:46.298  2756  8190 I [Gralloc]: framebuffer hal alread move to hwcomposer
10-14 02:24:46.298  2756  8190 E gralloc : ioctl c0144900 failed with code -1: Operation not permitted
10-14 02:24:46.300  2953  2977 I ActivityManager: Displayed com.Slack/.ui.findyourteams.selectworkspaces.SelectWorkspacesActivity: +376ms
10-14 02:24:46.305  2756  8190 I [Gralloc]: framebuffer hal alread move to hwcomposer
10-14 02:24:46.451  2768  2841 W SurfaceFlinger: Attempting to set client state on removed layer: Splash Screen com.Slack#0
10-14 02:24:46.451  2768  2841 W SurfaceFlinger: Attempting to destroy on removed layer: Splash Screen com.Slack#0
10-14 02:24:46.652  2768  2950 E BufferQueueProducer: [com.Slack/com.Slack.ui.findyourteams.emailconfirmation.EmailConfirmationActivity#0] disconnect: not connected (req=1)
10-14 02:24:46.652 11854 11989 W libEGL  : EGLNativeWindowType 0xc7975008 disconnect failed
10-14 02:24:47.823  2747  2888 D audio-subMixingFactory: out_standby_subMixingPCM: out_stream(0xee3ca000) usecase: STREAM_PCM_NORMAL
10-14 02:24:47.823  2747  2888 I audio-subMixingFactory: ++usecase_change_validate_l_sm(), dev usecase masks = 0x1, is_standby = 1, out usecase STREAM_PCM_NORMAL
10-14 02:24:47.823  2747  2888 I audio-subMixingFactory: --usecase_change_validate_l_sm(), dev usecase masks = 0, is_standby = 1, out usecase STREAM_PCM_NORMAL
10-14 02:24:47.823  2747  2888 I amlaudioMixer: ++delete_mixer_input_port port ID: 0
10-14 02:24:48.367  2760  2760 I memtrack@1.0-se: type=1400 audit(0.0:2252): avc: denied { read } for name="mem_profile" dev="debugfs" ino=505261 scontext=u:r:hal_memtrack_default:s0 tcontext=u:object_r:debugfs:s0 tclass=file permissive=1
10-14 02:24:49.807  2747  7191 W amlaudioMixer: mixer_get_presentation_position(), port not ready now
10-14 02:24:49.807  2747  7191 W audio-subMixingFactory: out_get_presentation_position_port(), pts not valid yet
10-14 02:24:49.808  2747  7191 I audio-subMixingFactory: ++usecase_change_validate_l_sm: dev usecase masks = 0, out usecase_masks = 0, out usecase STREAM_PCM_NORMAL
10-14 02:24:49.808  2747  7191 I audio-subMixingFactory: ++++usecase_change_validate_l_sm(),continuous_audio_mode 0 dev usecase masks = 0, out usecase_masks = 0, out usecase STREAM_PCM_NORMAL
10-14 02:24:49.808  2747  7191 I audio-subMixingFactory: usecase_change_validate_l_sm(), mixer_aux_buffer_write_sm !
10-14 02:24:49.808  2747  7191 I audio-subMixingFactory: ----usecase_change_validate_l_sm(), continuous_audio_mode 0 dev usecase masks = 0x1, out usecase_masks = 0x1, out usecase STREAM_PCM_NORMAL
10-14 02:24:49.808  2747  7191 I aml_audio_port: get_input_port_index(), samplerate 48000
10-14 02:24:49.808  2747  7191 D aml_audio_port: new_input_port(), index:0, rbuf size:8192, direct_on:0
10-14 02:24:49.808  2747  7191 D aml_audio_port: new_input_port(), fmt 0x1, rate 48000
10-14 02:24:49.808  2747  7191 I amlaudioMixer: ++init_mixer_input_port port index 0, size 512 frames
