10-14 02:24:49.808  2747  7191 I amlaudioMixer: init_mixer_input_port(), port->initial_frames: 47667200
10-14 02:24:49.808  2747  7191 I aml_audio_port: get_input_port_index(), samplerate 48000
10-14 02:24:49.808  2747  7191 I audio-subMixingFactory: mixer_aux_buffer_write_sm(), primary 0xee3ca000 port index = 0
10-14 02:24:49.808  2747  7191 I audio-subMixingFactory: padding_bytes 16384
10-14 02:24:49.808  2747  7191 I amlaudioMixer: port index 0 is active now
10-14 02:24:49.808  2747  7191 I audio-subMixingFactory: padding_bytes 14336
10-14 02:24:49.808  2747  7191 I audio-subMixingFactory: padding_bytes 12288
10-14 02:24:49.808  2747  7191 I audio-subMixingFactory: padding_bytes 10240
10-14 02:24:49.808  2747  7191 I audio-subMixingFactory: padding_bytes 8192
10-14 02:24:49.808  2747  7191 I audio-subMixingFactory: padding_bytes 6144
10-14 02:24:49.813  2747  7191 I audio-subMixingFactory: padding_bytes 4096
10-14 02:24:49.813  2747  7191 I audio-subMixingFactory: padding_bytes 2048
10-14 02:24:49.820  2747  7191 W amlaudioMixer: mixer_get_presentation_position(), not valid now
10-14 02:24:49.820  2747  7191 W audio-subMixingFactory: out_get_presentation_position_port(), pts not valid yet
10-14 02:24:49.830  2747  7191 W amlaudioMixer: mixer_get_presentation_position(), not valid now
10-14 02:24:49.830  2747  7191 W audio-subMixingFactory: out_get_presentation_position_port(), pts not valid yet
10-14 02:24:49.846  2766  2911 D AudioFlinger: mixer(0xeb583ac0) throttle end: throttle time(5)
10-14 02:24:52.759  4078  4078 I tutu.ABenchMark: type=1400 audit(0.0:2255): avc: denied { open } for path="/proc/vmstat" dev="proc" ino=4026531993 scontext=u:r:untrusted_app_27:s0:c512,c768 tcontext=u:object_r:proc_vmstat:s0 tclass=file permissive=1
10-14 02:24:54.350  4078  4078 D skia    : --- Failed to create image decoder with message 'unimplemented'
10-14 02:24:54.363  4078  4078 D skia    : --- Failed to create image decoder with message 'unimplemented'
10-14 02:24:54.684  2781  2781 I keystore: del USRPKEY_slack_android_master_key 10078
10-14 02:24:54.685  2781  2781 I keystore: del USRCERT_slack_android_master_key 10078
10-14 02:24:54.685  2781  2781 I keystore: del CACERT_slack_android_master_key 10078
10-14 02:24:54.695  2953  2969 W BroadcastQueue: Background execution not allowed: receiving Intent { act=android.intent.action.DROPBOX_ENTRY_ADDED flg=0x10 (has extras) } to com.google.android.gms/.stats.service.DropBoxEntryAddedReceiver
10-14 02:24:54.696  2953  2969 W BroadcastQueue: Background execution not allowed: receiving Intent { act=android.intent.action.DROPBOX_ENTRY_ADDED flg=0x10 (has extras) } to com.google.android.gms/.chimera.GmsIntentOperationService$PersistentTrustedReceiver
10-14 02:24:54.708  2953  2969 W BroadcastQueue: Background execution not allowed: receiving Intent { act=android.intent.action.DROPBOX_ENTRY_ADDED flg=0x10 (has extras) } to com.google.android.gms/.stats.service.DropBoxEntryAddedReceiver
10-14 02:24:54.709  2953  2969 W BroadcastQueue: Background execution not allowed: receiving Intent { act=android.intent.action.DROPBOX_ENTRY_ADDED flg=0x10 (has extras) } to com.google.android.gms/.chimera.GmsIntentOperationService$PersistentTrustedReceiver
10-14 02:24:54.715  2953  2969 W BroadcastQueue: Background execution not allowed: receiving Intent { act=android.intent.action.DROPBOX_ENTRY_ADDED flg=0x10 (has extras) } to com.google.android.gms/.stats.service.DropBoxEntryAddedReceiver
10-14 02:24:54.715  2953  2969 W BroadcastQueue: Background execution not allowed: receiving Intent { act=android.intent.action.DROPBOX_ENTRY_ADDED flg=0x10 (has extras) } to com.google.android.gms/.chimera.GmsIntentOperationService$PersistentTrustedReceiver
10-14 02:24:54.715 11854 11924 W AndroidKeysetManager: keyset not found, will generate a new one
10-14 02:24:54.715 11854 11924 W AndroidKeysetManager: java.io.FileNotFoundException: can't read keyset; the pref value slack_security_android_keyset does not exist
10-14 02:24:54.715 11854 11924 W AndroidKeysetManager: 	at com.google.crypto.tink.integration.android.SharedPrefKeysetReader.readPref(SharedPrefKeysetReader.java:4)
10-14 02:24:54.715 11854 11924 W AndroidKeysetManager: 	at com.google.crypto.tink.KeysetHandle.read(KeysetHandle.java:1)
10-14 02:24:54.715 11854 11924 W AndroidKeysetManager: 	at com.google.crypto.tink.integration.android.AndroidKeysetManager$Builder.read(AndroidKeysetManager.java:2)
10-14 02:24:54.715 11854 11924 W AndroidKeysetManager: 	at com.google.crypto.tink.integration.android.AndroidKeysetManager$Builder.readOrGenerateNewKeyset(AndroidKeysetManager.java:1)
10-14 02:24:54.715 11854 11924 W AndroidKeysetManager: 	at com.google.crypto.tink.integration.android.AndroidKeysetManager$Builder.build(AndroidKeysetManager.java:3)
10-14 02:24:54.715 11854 11924 W AndroidKeysetManager: 	at slack.crypto.security.AeadPrimitiveFactoryImpl.attemptCreateKeysetManager(AeadPrimitiveFactory.kt:10)
10-14 02:24:54.715 11854 11924 W AndroidKeysetManager: 	at slack.crypto.security.AeadPrimitiveFactoryImpl.createKeysetManager(AeadPrimitiveFactory.kt:1)
10-14 02:24:54.715 11854 11924 W AndroidKeysetManager: 	at slack.crypto.security.AeadPrimitiveFactoryImpl.getAeadPrimitive(AeadPrimitiveFactory.kt:1)
10-14 02:24:54.715 11854 11924 W AndroidKeysetManager: 	at slack.crypto.security.TinkCrypto.getAead(TinkCrypto.kt:2)
10-14 02:24:54.715 11854 11924 W AndroidKeysetManager: 	at slack.crypto.security.TinkCrypto.encrypt(TinkCrypto.kt:1)
10-14 02:24:54.715 11854 11924 W AndroidKeysetManager: 	at slack.corelib.security.TokenEncryptionHelper.encryptAndVerify(TokenEncryptionHelper.kt:2)
10-14 02:24:54.715 11854 11924 W AndroidKeysetManager: 	at slack.corelib.security.TokenEncryptionHelper.encryptToken(TokenEncryptionHelper.kt:5)
10-14 02:24:54.715 11854 11924 W AndroidKeysetManager: 	at slack.corelib.accountmanager.AccountManagerDbImpl.encryptAuthToken(AccountManagerDbImpl.java:4)
10-14 02:24:54.715 11854 11924 W AndroidKeysetManager: 	at slack.corelib.accountmanager.AccountManagerDbImpl.encryptAccountToken(AccountManagerDbImpl.java:2)
10-14 02:24:54.715 11854 11924 W AndroidKeysetManager: 	at slack.corelib.accountmanager.AccountManagerDbImpl.storeAccount(AccountManagerDbImpl.java:3)
10-14 02:24:54.715 11854 11924 W AndroidKeysetManager: 	at com.Slack.ui.findyourteams.helper.SignInHelper$signInToWorkspaces$1.apply(SignInHelper.kt:39)
10-14 02:24:54.715 11854 11924 W AndroidKeysetManager: 	at io.reactivex.rxjava3.internal.operators.single.SingleMap$MapSingleObserver.onSuccess(SingleMap.java:1)
10-14 02:24:54.715 11854 11924 W AndroidKeysetManager: 	at io.reactivex.rxjava3.internal.operators.single.SingleSubscribeOn$SubscribeOnObserver.onSuccess(SingleSubscribeOn.java:1)
10-14 02:24:54.715 11854 11924 W AndroidKeysetManager: 	at io.reactivex.rxjava3.internal.operators.single.SingleMap$MapSingleObserver.onSuccess(SingleMap.java:2)
10-14 02:24:54.715 11854 11924 W AndroidKeysetManager: 	at io.reactivex.rxjava3.internal.operators.single.SingleCreate$Emitter.onSuccess(SingleCreate.java:4)
10-14 02:24:54.715 11854 11924 W AndroidKeysetManager: 	at slack.telemetry.rx.SingleEmitterTraceable.onSuccess(SingleEmitterTraceable.kt:4)
10-14 02:24:54.715 11854 11924 W AndroidKeysetManager: 	at slack.api.ApiRxAdapter$SingleEmitterCallback.onResponse(ApiRxAdapter.java:2)
10-14 02:24:54.715 11854 11924 W AndroidKeysetManager: 	at okhttp3.internal.connection.RealCall$AsyncCall.run(RealCall.kt:13)
10-14 02:24:54.715 11854 11924 W AndroidKeysetManager: 	at java.util.concurrent.ThreadPoolExecutor.runWorker(ThreadPoolExecutor.java:1167)
10-14 02:24:54.715 11854 11924 W AndroidKeysetManager: 	at java.util.concurrent.ThreadPoolExecutor$Worker.run(ThreadPoolExecutor.java:641)
10-14 02:24:54.715 11854 11924 W AndroidKeysetManager: 	at java.lang.Thread.run(Thread.java:764)
10-14 02:24:54.727  2953  2969 W BroadcastQueue: Background execution not allowed: receiving Intent { act=android.intent.action.DROPBOX_ENTRY_ADDED flg=0x10 (has extras) } to com.google.android.gms/.stats.service.DropBoxEntryAddedReceiver
10-14 02:24:54.727  2953  2969 W BroadcastQueue: Background execution not allowed: receiving Intent { act=android.intent.action.DROPBOX_ENTRY_ADDED flg=0x10 (has extras) } to com.google.android.gms/.chimera.GmsIntentOperationService$PersistentTrustedReceiver
10-14 02:24:54.738  2953  2969 W BroadcastQueue: Background execution not allowed: receiving Intent { act=android.intent.action.DROPBOX_ENTRY_ADDED flg=0x10 (has extras) } to com.google.android.gms/.stats.service.DropBoxEntryAddedReceiver
10-14 02:24:54.738  2953  2969 W BroadcastQueue: Background execution not allowed: receiving Intent { act=android.intent.action.DROPBOX_ENTRY_ADDED flg=0x10 (has extras) } to com.google.android.gms/.chimera.GmsIntentOperationService$PersistentTrustedReceiver
10-14 02:24:54.746 11854 11924 I EngineFactory: Provider GmsCore_OpenSSL not available
10-14 02:24:54.759  2781  2781 I keystore: del USRPKEY_slack_android_master_secondary_key 10078
10-14 02:24:54.759  2781  2781 I keystore: del USRCERT_slack_android_master_secondary_key 10078
10-14 02:24:54.760  2781  2781 I keystore: del CACERT_slack_android_master_secondary_key 10078
10-14 02:24:54.771  2953  2969 W BroadcastQueue: Background execution not allowed: receiving Intent { act=android.intent.action.DROPBOX_ENTRY_ADDED flg=0x10 (has extras) } to com.google.android.gms/.stats.service.DropBoxEntryAddedReceiver
10-14 02:24:54.772  2953  2969 W BroadcastQueue: Background execution not allowed: receiving Intent { act=android.intent.action.DROPBOX_ENTRY_ADDED flg=0x10 (has extras) } to com.google.android.gms/.chimera.GmsIntentOperationService$PersistentTrustedReceiver
10-14 02:24:54.786  2953  2969 W BroadcastQueue: Background execution not allowed: receiving Intent { act=android.intent.action.DROPBOX_ENTRY_ADDED flg=0x10 (has extras) } to com.google.android.gms/.stats.service.DropBoxEntryAddedReceiver
10-14 02:24:54.786  2953  2969 W BroadcastQueue: Background execution not allowed: receiving Intent { act=android.intent.action.DROPBOX_ENTRY_ADDED flg=0x10 (has extras) } to com.google.android.gms/.chimera.GmsIntentOperationService$PersistentTrustedReceiver
10-14 02:24:54.796 11854 11924 W AndroidKeysetManager: keyset not found, will generate a new one
10-14 02:24:54.796 11854 11924 W AndroidKeysetManager: java.io.FileNotFoundException: can't read keyset; the pref value slack_security_android_secondary_keyset does not exist
10-14 02:24:54.796 11854 11924 W AndroidKeysetManager: 	at com.google.crypto.tink.integration.android.SharedPrefKeysetReader.readPref(SharedPrefKeysetReader.java:4)
10-14 02:24:54.796 11854 11924 W AndroidKeysetManager: 	at com.google.crypto.tink.KeysetHandle.read(KeysetHandle.java:1)
10-14 02:24:54.796 11854 11924 W AndroidKeysetManager: 	at com.google.crypto.tink.integration.android.AndroidKeysetManager$Builder.read(AndroidKeysetManager.java:2)
10-14 02:24:54.796 11854 11924 W AndroidKeysetManager: 	at com.google.crypto.tink.integration.android.AndroidKeysetManager$Builder.readOrGenerateNewKeyset(AndroidKeysetManager.java:1)
10-14 02:24:54.796 11854 11924 W AndroidKeysetManager: 	at com.google.crypto.tink.integration.android.AndroidKeysetManager$Builder.build(AndroidKeysetManager.java:3)
10-14 02:24:54.796 11854 11924 W AndroidKeysetManager: 	at slack.crypto.security.AeadPrimitiveFactoryImpl.attemptCreateKeysetManager(AeadPrimitiveFactory.kt:10)
10-14 02:24:54.796 11854 11924 W AndroidKeysetManager: 	at slack.crypto.security.AeadPrimitiveFactoryImpl.createKeysetManager(AeadPrimitiveFactory.kt:1)
10-14 02:24:54.796 11854 11924 W AndroidKeysetManager: 	at slack.crypto.security.AeadPrimitiveFactoryImpl.getAeadPrimitive(AeadPrimitiveFactory.kt:1)
10-14 02:24:54.796 11854 11924 W AndroidKeysetManager: 	at slack.crypto.security.TinkCrypto.getAead(TinkCrypto.kt:2)
10-14 02:24:54.796 11854 11924 W AndroidKeysetManager: 	at slack.crypto.security.TinkCrypto.encrypt(TinkCrypto.kt:1)
10-14 02:24:54.796 11854 11924 W AndroidKeysetManager: 	at slack.corelib.security.TokenEncryptionHelper.encryptAndVerify(TokenEncryptionHelper.kt:2)
10-14 02:24:54.796 11854 11924 W AndroidKeysetManager: 	at slack.corelib.security.TokenEncryptionHelper.encryptToken(TokenEncryptionHelper.kt:5)
10-14 02:24:54.796 11854 11924 W AndroidKeysetManager: 	at slack.corelib.accountmanager.AccountManagerDbImpl.encryptAuthToken(AccountManagerDbImpl.java:11)
10-14 02:24:54.796 11854 11924 W AndroidKeysetManager: 	at slack.corelib.accountmanager.AccountManagerDbImpl.encryptAccountToken(AccountManagerDbImpl.java:2)
10-14 02:24:54.796 11854 11924 W AndroidKeysetManager: 	at slack.corelib.accountmanager.AccountManagerDbImpl.storeAccount(AccountManagerDbImpl.java:3)
10-14 02:24:54.796 11854 11924 W AndroidKeysetManager: 	at com.Slack.ui.findyourteams.helper.SignInHelper$signInToWorkspaces$1.apply(SignInHelper.kt:39)
10-14 02:24:54.796 11854 11924 W AndroidKeysetManager: 	at io.reactivex.rxjava3.internal.operators.single.SingleMap$MapSingleObserver.onSuccess(SingleMap.java:1)
10-14 02:24:54.796 11854 11924 W AndroidKeysetManager: 	at io.reactivex.rxjava3.internal.operators.single.SingleSubscribeOn$SubscribeOnObserver.onSuccess(SingleSubscribeOn.java:1)
10-14 02:24:54.796 11854 11924 W AndroidKeysetManager: 	at io.reactivex.rxjava3.internal.operators.single.SingleMap$MapSingleObserver.onSuccess(SingleMap.java:2)
10-14 02:24:54.796 11854 11924 W AndroidKeysetManager: 	at io.reactivex.rxjava3.internal.operators.single.SingleCreate$Emitter.onSuccess(SingleCreate.java:4)
10-14 02:24:54.796 11854 11924 W AndroidKeysetManager: 	at slack.telemetry.rx.SingleEmitterTraceable.onSuccess(SingleEmitterTraceable.kt:4)
10-14 02:24:54.796 11854 11924 W AndroidKeysetManager: 	at slack.api.ApiRxAdapter$SingleEmitterCallback.onResponse(ApiRxAdapter.java:2)
10-14 02:24:54.796 11854 11924 W AndroidKeysetManager: 	at okhttp3.internal.connection.RealCall$AsyncCall.run(RealCall.kt:13)
10-14 02:24:54.796 11854 11924 W AndroidKeysetManager: 	at java.util.concurrent.ThreadPoolExecutor.runWorker(ThreadPoolExecutor.java:1167)
10-14 02:24:54.796 11854 11924 W AndroidKeysetManager: 	at java.util.concurrent.ThreadPoolExecutor$Worker.run(ThreadPoolExecutor.java:641)
10-14 02:24:54.796 11854 11924 W AndroidKeysetManager: 	at java.lang.Thread.run(Thread.java:764)
10-14 02:24:54.798  2953  2969 W BroadcastQueue: Background execution not allowed: receiving Intent { act=android.intent.action.DROPBOX_ENTRY_ADDED flg=0x10 (has extras) } to com.google.android.gms/.stats.service.DropBoxEntryAddedReceiver
10-14 02:24:54.798  2953  2969 W BroadcastQueue: Background execution not allowed: receiving Intent { act=android.intent.action.DROPBOX_ENTRY_ADDED flg=0x10 (has extras) } to com.google.android.gms/.chimera.GmsIntentOperationService$PersistentTrustedReceiver
10-14 02:24:54.809  2953  2969 W BroadcastQueue: Background execution not allowed: receiving Intent { act=android.intent.action.DROPBOX_ENTRY_ADDED flg=0x10 (has extras) } to com.google.android.gms/.stats.service.DropBoxEntryAddedReceiver
10-14 02:24:54.809  2953  2969 W BroadcastQueue: Background execution not allowed: receiving Intent { act=android.intent.action.DROPBOX_ENTRY_ADDED flg=0x10 (has extras) } to com.google.android.gms/.chimera.GmsIntentOperationService$PersistentTrustedReceiver
10-14 02:24:54.816  2953  2969 W BroadcastQueue: Background execution not allowed: receiving Intent { act=android.intent.action.DROPBOX_ENTRY_ADDED flg=0x10 (has extras) } to com.google.android.gms/.stats.service.DropBoxEntryAddedReceiver
10-14 02:24:54.816  2953  2969 W BroadcastQueue: Background execution not allowed: receiving Intent { act=android.intent.action.DROPBOX_ENTRY_ADDED flg=0x10 (has extras) } to com.google.android.gms/.chimera.GmsIntentOperationService$PersistentTrustedReceiver
10-14 02:24:54.858  2781  2781 I keystore: del USRPKEY_account_store_master_key_alias 10078
10-14 02:24:54.860  2781  2781 I keystore: del USRCERT_account_store_master_key_alias 10078
10-14 02:24:54.860  2781  2781 I keystore: del CACERT_account_store_master_key_alias 10078
10-14 02:24:54.871  2953  2969 W BroadcastQueue: Background execution not allowed: receiving Intent { act=android.intent.action.DROPBOX_ENTRY_ADDED flg=0x10 (has extras) } to com.google.android.gms/.stats.service.DropBoxEntryAddedReceiver
10-14 02:24:54.872  2953  2969 W BroadcastQueue: Background execution not allowed: receiving Intent { act=android.intent.action.DROPBOX_ENTRY_ADDED flg=0x10 (has extras) } to com.google.android.gms/.chimera.GmsIntentOperationService$PersistentTrustedReceiver
10-14 02:24:54.884  2953  2969 W BroadcastQueue: Background execution not allowed: receiving Intent { act=android.intent.action.DROPBOX_ENTRY_ADDED flg=0x10 (has extras) } to com.google.android.gms/.stats.service.DropBoxEntryAddedReceiver
10-14 02:24:54.884  2953  2969 W BroadcastQueue: Background execution not allowed: receiving Intent { act=android.intent.action.DROPBOX_ENTRY_ADDED flg=0x10 (has extras) } to com.google.android.gms/.chimera.GmsIntentOperationService$PersistentTrustedReceiver
10-14 02:24:54.893 11854 11924 W AndroidKeysetManager: keyset not found, will generate a new one
10-14 02:24:54.893 11854 11924 W AndroidKeysetManager: java.io.FileNotFoundException: can't read keyset; the pref value __androidx_security_crypto_encrypted_prefs_key_keyset__ does not exist
10-14 02:24:54.893 11854 11924 W AndroidKeysetManager: 	at com.google.crypto.tink.integration.android.SharedPrefKeysetReader.readPref(SharedPrefKeysetReader.java:4)
10-14 02:24:54.893 11854 11924 W AndroidKeysetManager: 	at com.google.crypto.tink.KeysetHandle.read(KeysetHandle.java:1)
10-14 02:24:54.893 11854 11924 W AndroidKeysetManager: 	at com.google.crypto.tink.integration.android.AndroidKeysetManager$Builder.read(AndroidKeysetManager.java:2)
10-14 02:24:54.893 11854 11924 W AndroidKeysetManager: 	at com.google.crypto.tink.integration.android.AndroidKeysetManager$Builder.readOrGenerateNewKeyset(AndroidKeysetManager.java:1)
10-14 02:24:54.893 11854 11924 W AndroidKeysetManager: 	at com.google.crypto.tink.integration.android.AndroidKeysetManager$Builder.build(AndroidKeysetManager.java:3)
10-14 02:24:54.893 11854 11924 W AndroidKeysetManager: 	at androidx.security.crypto.EncryptedSharedPreferences.create(EncryptedSharedPreferences.java:7)
10-14 02:24:54.893 11854 11924 W AndroidKeysetManager: 	at slack.corelib.accountmanager.SecureAccountTokenStoreImpl.createEncryptedSharedPrefs(SecureAccountTokenStore.kt:4)
10-14 02:24:54.893 11854 11924 W AndroidKeysetManager: 	at slack.corelib.accountmanager.SecureAccountTokenStoreImpl.initEncryptedSharedPreference(SecureAccountTokenStore.kt:1)
10-14 02:24:54.893 11854 11924 W AndroidKeysetManager: 	at slack.corelib.accountmanager.SecureAccountTokenStoreImpl.getEncryptedSharedPreferences(SecureAccountTokenStore.kt:2)
10-14 02:24:54.893 11854 11924 W AndroidKeysetManager: 	at slack.corelib.accountmanager.SecureAccountTokenStoreImpl.storeToken(SecureAccountTokenStore.kt:1)
10-14 02:24:54.893 11854 11924 W AndroidKeysetManager: 	at slack.corelib.accountmanager.AccountManagerDbImpl.storeAuthTokenToSecureTokenStore(AccountManagerDbImpl.java:1)
10-14 02:24:54.893 11854 11924 W AndroidKeysetManager: 	at slack.corelib.accountmanager.AccountManagerDbImpl.storeAccount(AccountManagerDbImpl.java:26)
10-14 02:24:54.893 11854 11924 W AndroidKeysetManager: 	at com.Slack.ui.findyourteams.helper.SignInHelper$signInToWorkspaces$1.apply(SignInHelper.kt:39)
10-14 02:24:54.893 11854 11924 W AndroidKeysetManager: 	at io.reactivex.rxjava3.internal.operators.single.SingleMap$MapSingleObserver.onSuccess(SingleMap.java:1)
10-14 02:24:54.893 11854 11924 W AndroidKeysetManager: 	at io.reactivex.rxjava3.internal.operators.single.SingleSubscribeOn$SubscribeOnObserver.onSuccess(SingleSubscribeOn.java:1)
10-14 02:24:54.893 11854 11924 W AndroidKeysetManager: 	at io.reactivex.rxjava3.internal.operators.single.SingleMap$MapSingleObserver.onSuccess(SingleMap.java:2)
10-14 02:24:54.893 11854 11924 W AndroidKeysetManager: 	at io.reactivex.rxjava3.internal.operators.single.SingleCreate$Emitter.onSuccess(SingleCreate.java:4)
10-14 02:24:54.893 11854 11924 W AndroidKeysetManager: 	at slack.telemetry.rx.SingleEmitterTraceable.onSuccess(SingleEmitterTraceable.kt:4)
10-14 02:24:54.893 11854 11924 W AndroidKeysetManager: 	at slack.api.ApiRxAdapter$SingleEmitterCallback.onResponse(ApiRxAdapter.java:2)
10-14 02:24:54.893 11854 11924 W AndroidKeysetManager: 	at okhttp3.internal.connection.RealCall$AsyncCall.run(RealCall.kt:13)
10-14 02:24:54.893 11854 11924 W AndroidKeysetManager: 	at java.util.concurrent.ThreadPoolExecutor.runWorker(ThreadPoolExecutor.java:1167)
10-14 02:24:54.893 11854 11924 W AndroidKeysetManager: 	at java.util.concurrent.ThreadPoolExecutor$Worker.run(ThreadPoolExecutor.java:641)
10-14 02:24:54.893 11854 11924 W AndroidKeysetManager: 	at java.lang.Thread.run(Thread.java:764)
10-14 02:24:54.894  2953  2969 W BroadcastQueue: Background execution not allowed: receiving Intent { act=android.intent.action.DROPBOX_ENTRY_ADDED flg=0x10 (has extras) } to com.google.android.gms/.stats.service.DropBoxEntryAddedReceiver
10-14 02:24:54.894  2953  2969 W BroadcastQueue: Background execution not allowed: receiving Intent { act=android.intent.action.DROPBOX_ENTRY_ADDED flg=0x10 (has extras) } to com.google.android.gms/.chimera.GmsIntentOperationService$PersistentTrustedReceiver
10-14 02:24:54.903  2953  2969 W BroadcastQueue: Background execution not allowed: receiving Intent { act=android.intent.action.DROPBOX_ENTRY_ADDED flg=0x10 (has extras) } to com.google.android.gms/.stats.service.DropBoxEntryAddedReceiver
10-14 02:24:54.903  2953  2969 W BroadcastQueue: Background execution not allowed: receiving Intent { act=android.intent.action.DROPBOX_ENTRY_ADDED flg=0x10 (has extras) } to com.google.android.gms/.chimera.GmsIntentOperationService$PersistentTrustedReceiver
10-14 02:24:54.913  2953  2969 W BroadcastQueue: Background execution not allowed: receiving Intent { act=android.intent.action.DROPBOX_ENTRY_ADDED flg=0x10 (has extras) } to com.google.android.gms/.stats.service.DropBoxEntryAddedReceiver
10-14 02:24:54.913  2953  2969 W BroadcastQueue: Background execution not allowed: receiving Intent { act=android.intent.action.DROPBOX_ENTRY_ADDED flg=0x10 (has extras) } to com.google.android.gms/.chimera.GmsIntentOperationService$PersistentTrustedReceiver
10-14 02:24:54.934  2953  2969 W BroadcastQueue: Background execution not allowed: receiving Intent { act=android.intent.action.DROPBOX_ENTRY_ADDED flg=0x10 (has extras) } to com.google.android.gms/.stats.service.DropBoxEntryAddedReceiver
10-14 02:24:54.934  2953  2969 W BroadcastQueue: Background execution not allowed: receiving Intent { act=android.intent.action.DROPBOX_ENTRY_ADDED flg=0x10 (has extras) } to com.google.android.gms/.chimera.GmsIntentOperationService$PersistentTrustedReceiver
10-14 02:24:54.940  2953  2969 W BroadcastQueue: Background execution not allowed: receiving Intent { act=android.intent.action.DROPBOX_ENTRY_ADDED flg=0x10 (has extras) } to com.google.android.gms/.stats.service.DropBoxEntryAddedReceiver
10-14 02:24:54.940  2953  2969 W BroadcastQueue: Background execution not allowed: receiving Intent { act=android.intent.action.DROPBOX_ENTRY_ADDED flg=0x10 (has extras) } to com.google.android.gms/.chimera.GmsIntentOperationService$PersistentTrustedReceiver
10-14 02:24:54.941 11854 11924 W AndroidKeysetManager: keyset not found, will generate a new one
10-14 02:24:54.941 11854 11924 W AndroidKeysetManager: java.io.FileNotFoundException: can't read keyset; the pref value __androidx_security_crypto_encrypted_prefs_value_keyset__ does not exist
10-14 02:24:54.941 11854 11924 W AndroidKeysetManager: 	at com.google.crypto.tink.integration.android.SharedPrefKeysetReader.readPref(SharedPrefKeysetReader.java:4)
10-14 02:24:54.941 11854 11924 W AndroidKeysetManager: 	at com.google.crypto.tink.KeysetHandle.read(KeysetHandle.java:1)
10-14 02:24:54.941 11854 11924 W AndroidKeysetManager: 	at com.google.crypto.tink.integration.android.AndroidKeysetManager$Builder.read(AndroidKeysetManager.java:2)
10-14 02:24:54.941 11854 11924 W AndroidKeysetManager: 	at com.google.crypto.tink.integration.android.AndroidKeysetManager$Builder.readOrGenerateNewKeyset(AndroidKeysetManager.java:1)
10-14 02:24:54.941 11854 11924 W AndroidKeysetManager: 	at com.google.crypto.tink.integration.android.AndroidKeysetManager$Builder.build(AndroidKeysetManager.java:3)
10-14 02:24:54.941 11854 11924 W AndroidKeysetManager: 	at androidx.security.crypto.EncryptedSharedPreferences.create(EncryptedSharedPreferences.java:13)
10-14 02:24:54.941 11854 11924 W AndroidKeysetManager: 	at slack.corelib.accountmanager.SecureAccountTokenStoreImpl.createEncryptedSharedPrefs(SecureAccountTokenStore.kt:4)
10-14 02:24:54.941 11854 11924 W AndroidKeysetManager: 	at slack.corelib.accountmanager.SecureAccountTokenStoreImpl.initEncryptedSharedPreference(SecureAccountTokenStore.kt:1)
10-14 02:24:54.941 11854 11924 W AndroidKeysetManager: 	at slack.corelib.accountmanager.SecureAccountTokenStoreImpl.getEncryptedSharedPreferences(SecureAccountTokenStore.kt:2)
10-14 02:24:54.941 11854 11924 W AndroidKeysetManager: 	at slack.corelib.accountmanager.SecureAccountTokenStoreImpl.storeToken(SecureAccountTokenStore.kt:1)
10-14 02:24:54.941 11854 11924 W AndroidKeysetManager: 	at slack.corelib.accountmanager.AccountManagerDbImpl.storeAuthTokenToSecureTokenStore(AccountManagerDbImpl.java:1)
10-14 02:24:54.941 11854 11924 W AndroidKeysetManager: 	at slack.corelib.accountmanager.AccountManagerDbImpl.storeAccount(AccountManagerDbImpl.java:26)
10-14 02:24:54.941 11854 11924 W AndroidKeysetManager: 	at com.Slack.ui.findyourteams.helper.SignInHelper$signInToWorkspaces$1.apply(SignInHelper.kt:39)
10-14 02:24:54.941 11854 11924 W AndroidKeysetManager: 	at io.reactivex.rxjava3.internal.operators.single.SingleMap$MapSingleObserver.onSuccess(SingleMap.java:1)
10-14 02:24:54.941 11854 11924 W AndroidKeysetManager: 	at io.reactivex.rxjava3.internal.operators.single.SingleSubscribeOn$SubscribeOnObserver.onSuccess(SingleSubscribeOn.java:1)
10-14 02:24:54.941 11854 11924 W AndroidKeysetManager: 	at io.reactivex.rxjava3.internal.operators.single.SingleMap$MapSingleObserver.onSuccess(SingleMap.java:2)
10-14 02:24:54.941 11854 11924 W AndroidKeysetManager: 	at io.reactivex.rxjava3.internal.operators.single.SingleCreate$Emitter.onSuccess(SingleCreate.java:4)
10-14 02:24:54.941 11854 11924 W AndroidKeysetManager: 	at slack.telemetry.rx.SingleEmitterTraceable.onSuccess(SingleEmitterTraceable.kt:4)
10-14 02:24:54.941 11854 11924 W AndroidKeysetManager: 	at slack.api.ApiRxAdapter$SingleEmitterCallback.onResponse(ApiRxAdapter.java:2)
10-14 02:24:54.941 11854 11924 W AndroidKeysetManager: 	at okhttp3.internal.connection.RealCall$AsyncCall.run(RealCall.kt:13)
10-14 02:24:54.941 11854 11924 W AndroidKeysetManager: 	at java.util.concurrent.ThreadPoolExecutor.runWorker(ThreadPoolExecutor.java:1167)
10-14 02:24:54.941 11854 11924 W AndroidKeysetManager: 	at java.util.concurrent.ThreadPoolExecutor$Worker.run(ThreadPoolExecutor.java:641)
10-14 02:24:54.941 11854 11924 W AndroidKeysetManager: 	at java.lang.Thread.run(Thread.java:764)
10-14 02:24:54.954  2953  2969 W BroadcastQueue: Background execution not allowed: receiving Intent { act=android.intent.action.DROPBOX_ENTRY_ADDED flg=0x10 (has extras) } to com.google.android.gms/.stats.service.DropBoxEntryAddedReceiver
10-14 02:24:54.955  2953  2969 W BroadcastQueue: Background execution not allowed: receiving Intent { act=android.intent.action.DROPBOX_ENTRY_ADDED flg=0x10 (has extras) } to com.google.android.gms/.chimera.GmsIntentOperationService$PersistentTrustedReceiver
10-14 02:24:54.960  2953  2969 W BroadcastQueue: Background execution not allowed: receiving Intent { act=android.intent.action.DROPBOX_ENTRY_ADDED flg=0x10 (has extras) } to com.google.android.gms/.stats.service.DropBoxEntryAddedReceiver
10-14 02:24:54.961  2953  2969 W BroadcastQueue: Background execution not allowed: receiving Intent { act=android.intent.action.DROPBOX_ENTRY_ADDED flg=0x10 (has extras) } to com.google.android.gms/.chimera.GmsIntentOperationService$PersistentTrustedReceiver
10-14 02:24:55.035  2953  3209 I ActivityManager: START u0 {flg=0x10008000 cmp=com.Slack/.ui.FirstSignInActivity (has extras)} from uid 10078
10-14 02:24:55.069 11854 11854 W ActivityThread: handleWindowVisibility: no activity for token android.os.BinderProxy@3066a74
10-14 02:24:55.084  2756  8190 I [Gralloc]: framebuffer hal alread move to hwcomposer
10-14 02:24:55.425 11854 12288 E SQLiteLog: (1) no such table: messaging_channel_counts
10-14 02:24:55.438  2756  8190 I [Gralloc]: framebuffer hal alread move to hwcomposer
10-14 02:24:55.411 11359 11359 I Binder:11359_3: type=1400 audit(0.0:2257): avc: denied { getattr } for path="/proc/11854" dev="proc" ino=505218 scontext=u:r:untrusted_app:s0:c84,c256,c512,c768 tcontext=u:r:untrusted_app:s0:c78,c256,c512,c768 tclass=dir permissive=1
10-14 02:24:55.508  2756  8190 I [Gralloc]: framebuffer hal alread move to hwcomposer
10-14 02:24:55.536  2756  2903 I [Gralloc]: framebuffer hal alread move to hwcomposer
10-14 02:24:55.411 11359 11359 I Binder:11359_3: type=1400 audit(0.0:2259): avc: denied { read } for name="cgroup" dev="proc" ino=506448 scontext=u:r:untrusted_app:s0:c84,c256,c512,c768 tcontext=u:r:untrusted_app:s0:c78,c256,c512,c768 tclass=file permissive=1
10-14 02:24:55.411 11359 11359 I Binder:11359_3: type=1400 audit(0.0:2260): avc: denied { getattr } for path="/proc/11854/cgroup" dev="proc" ino=506448 scontext=u:r:untrusted_app:s0:c84,c256,c512,c768 tcontext=u:r:untrusted_app:s0:c78,c256,c512,c768 tclass=file permissive=1
10-14 02:24:55.558 11854 11989 D mali_winsys: EGLint new_window_surface(egl_winsys_display *, void *, EGLSurface, EGLConfig, egl_winsys_surface **, EGLBoolean) returns 0x3000
10-14 02:24:55.575  2756  2903 I [Gralloc]: framebuffer hal alread move to hwcomposer
10-14 02:24:55.614  2953  2977 I ActivityManager: Displayed com.Slack/.ui.FirstSignInActivity: +546ms
10-14 02:24:55.728  2768  2849 E BufferQueueProducer: [com.Slack/com.Slack.ui.findyourteams.selectworkspaces.SelectWorkspacesActivity#0] disconnect: not connected (req=1)
10-14 02:24:55.729 11854 11989 W libEGL  : EGLNativeWindowType 0xdfa50808 disconnect failed
10-14 02:24:55.781  2768  3557 W SurfaceFlinger: Attempting to set client state on removed layer: Splash Screen com.Slack#0
10-14 02:24:55.781  2768  3557 W SurfaceFlinger: Attempting to destroy on removed layer: Splash Screen com.Slack#0
10-14 02:24:56.695 11854 12651 E SQLiteLog: (1) no such table: userRole
10-14 02:24:56.864  2953  3209 I ActivityManager: START u0 {flg=0x24000000 cmp=com.Slack/.ui.HomeActivity (has extras)} from uid 10078
10-14 02:24:56.896 11854 11854 W ActivityThread: handleWindowVisibility: no activity for token android.os.BinderProxy@f8203ee
10-14 02:24:56.990  2953  3307 W ShortcutService: reportShortcutUsed: package com.Slack doesn't have shortcut TV11YQZCY
10-14 02:24:57.033 11854 11865 I com.Slack: Background concurrent copying GC freed 298937(17MB) AllocSpace objects, 99(9MB) LOS objects, 49% free, 14MB/29MB, paused 152us total 224.526ms
10-14 02:24:57.134 11854 12787 E JobManager: error while executing job com.Slack.jobqueue.jobs.UpdateEnabledTimestampJob@e3bf89a
10-14 02:24:57.134 11854 12787 E JobManager: java.lang.NullPointerException: Attempt to invoke virtual method 'java.lang.Long slack.api.response.FeatureFlagResponse$DiagnosticsInfo.getEnabledTimestamp()' on a null object reference
10-14 02:24:57.134 11854 12787 E JobManager: 	at slack.api.response.FeatureFlagResponse.getTimestamp(FeatureFlagResponse.java:1)
10-14 02:24:57.134 11854 12787 E JobManager: 	at -$$LambdaGroup$js$vnmWdawwJ3rC5bqjLdNpTJ3EJFU.accept(java-style lambda group:7)
10-14 02:24:57.134 11854 12787 E JobManager: 	at io.reactivex.rxjava3.internal.operators.single.SingleDoOnSuccess$DoOnSuccess.onSuccess(SingleDoOnSuccess.java:1)
10-14 02:24:57.134 11854 12787 E JobManager: 	at io.reactivex.rxjava3.internal.operators.single.SingleCreate$Emitter.onSuccess(SingleCreate.java:4)
10-14 02:24:57.134 11854 12787 E JobManager: 	at slack.telemetry.rx.SingleEmitterTraceable.onSuccess(SingleEmitterTraceable.kt:4)
10-14 02:24:57.134 11854 12787 E JobManager: 	at slack.api.ApiRxAdapter$SingleEmitterCallback.onResponse(ApiRxAdapter.java:2)
10-14 02:24:57.134 11854 12787 E JobManager: 	at okhttp3.internal.connection.RealCall$AsyncCall.run(RealCall.kt:13)
10-14 02:24:57.134 11854 12787 E JobManager: 	at java.util.concurrent.ThreadPoolExecutor.runWorker(ThreadPoolExecutor.java:1167)
10-14 02:24:57.134 11854 12787 E JobManager: 	at java.util.concurrent.ThreadPoolExecutor$Worker.run(ThreadPoolExecutor.java:641)
10-14 02:24:57.134 11854 12787 E JobManager: 	at java.lang.Thread.run(Thread.java:764)
10-14 02:24:57.368  2756  2903 I [Gralloc]: framebuffer hal alread move to hwcomposer
10-14 02:24:57.378  2756  2903 I chatty  : uid=1000(system) HwBinder:2756_2 identical 1 line
10-14 02:24:57.383  2756  2903 I [Gralloc]: framebuffer hal alread move to hwcomposer
10-14 02:24:57.383  2756  2903 E gralloc : ioctl c0144900 failed with code -1: Operation not permitted
10-14 02:24:57.384 11854 11989 D mali_winsys: EGLint new_window_surface(egl_winsys_display *, void *, EGLSurface, EGLConfig, egl_winsys_surface **, EGLBoolean) returns 0x3000
10-14 02:24:57.399  2747  2888 D audio-subMixingFactory: out_standby_subMixingPCM: out_stream(0xee3ca000) usecase: STREAM_PCM_NORMAL
10-14 02:24:57.399  2747  2888 I audio-subMixingFactory: ++usecase_change_validate_l_sm(), dev usecase masks = 0x1, is_standby = 1, out usecase STREAM_PCM_NORMAL
10-14 02:24:57.399  2747  2888 I audio-subMixingFactory: --usecase_change_validate_l_sm(), dev usecase masks = 0, is_standby = 1, out usecase STREAM_PCM_NORMAL
10-14 02:24:57.399  2747  2888 I amlaudioMixer: ++delete_mixer_input_port port ID: 0
10-14 02:24:57.453  2756  2903 I [Gralloc]: framebuffer hal alread move to hwcomposer
10-14 02:24:57.454  2756  2903 E gralloc : ioctl c0144900 failed with code -1: Operation not permitted
10-14 02:24:57.489  2953  2977 I ActivityManager: Displayed com.Slack/.ui.HomeActivity: +587ms
10-14 02:24:57.490  2756  2903 I [Gralloc]: framebuffer hal alread move to hwcomposer
10-14 02:24:57.507  2756  2903 I [Gralloc]: framebuffer hal alread move to hwcomposer
10-14 02:24:57.694 11854 11859 I com.Slack: Compiler allocated 9MB to compile slack.model.EasyFeatures slack.model.EasyFeatures_GsonTypeAdapter.read(com.google.gson.stream.JsonReader)
10-14 02:24:57.930  2768  3557 E BufferQueueProducer: [com.Slack/com.Slack.ui.FirstSignInActivity#0] disconnect: not connected (req=1)
10-14 02:24:57.930 11854 11989 W libEGL  : EGLNativeWindowType 0xc7975008 disconnect failed
10-14 02:24:58.293 11854 11854 E com.Slack: No package ID ff found for ID 0xffffffff.
10-14 02:24:58.293 11854 11854 I chatty  : uid=10078(com.Slack) identical 1 line
10-14 02:24:58.293 11854 11854 E com.Slack: No package ID ff found for ID 0xffffffff.
10-14 02:24:58.491 11854 11854 E RecyclerView: No adapter attached; skipping layout
10-14 02:24:58.660 11854 11854 E RecyclerView: No adapter attached; skipping layout
10-14 02:24:58.742  2756  2903 I [Gralloc]: framebuffer hal alread move to hwcomposer
10-14 02:24:59.140 11854 11865 I com.Slack: Background concurrent copying GC freed 179853(9MB) AllocSpace objects, 79(3MB) LOS objects, 50% free, 17MB/34MB, paused 134us total 194.219ms
10-14 02:24:59.284  2756  2903 I [Gralloc]: framebuffer hal alread move to hwcomposer
10-14 02:25:00.474  2747  7191 W amlaudioMixer: mixer_get_presentation_position(), port not ready now
10-14 02:25:00.474  2747  7191 W audio-subMixingFactory: out_get_presentation_position_port(), pts not valid yet
10-14 02:25:00.474  2747  7191 I audio-subMixingFactory: ++usecase_change_validate_l_sm: dev usecase masks = 0, out usecase_masks = 0, out usecase STREAM_PCM_NORMAL
10-14 02:25:00.474  2747  7191 I audio-subMixingFactory: ++++usecase_change_validate_l_sm(),continuous_audio_mode 0 dev usecase masks = 0, out usecase_masks = 0, out usecase STREAM_PCM_NORMAL
10-14 02:25:00.474  2747  7191 I audio-subMixingFactory: usecase_change_validate_l_sm(), mixer_aux_buffer_write_sm !
10-14 02:25:00.474  2747  7191 I audio-subMixingFactory: ----usecase_change_validate_l_sm(), continuous_audio_mode 0 dev usecase masks = 0x1, out usecase_masks = 0x1, out usecase STREAM_PCM_NORMAL
10-14 02:25:00.474  2747  7191 I aml_audio_port: get_input_port_index(), samplerate 48000
10-14 02:25:00.474  2747  7191 D aml_audio_port: new_input_port(), index:0, rbuf size:8192, direct_on:0
10-14 02:25:00.474  2747  7191 D aml_audio_port: new_input_port(), fmt 0x1, rate 48000
10-14 02:25:00.474  2747  7191 I amlaudioMixer: ++init_mixer_input_port port index 0, size 512 frames
10-14 02:25:00.474  2747  7191 I amlaudioMixer: init_mixer_input_port(), port->initial_frames: 48032768
10-14 02:25:00.474  2747  7191 I aml_audio_port: get_input_port_index(), samplerate 48000
10-14 02:25:00.474  2747  7191 I audio-subMixingFactory: mixer_aux_buffer_write_sm(), primary 0xee3ca000 port index = 0
10-14 02:25:00.474  2747  7191 I audio-subMixingFactory: padding_bytes 16384
10-14 02:25:00.474  2747  7191 I amlaudioMixer: port index 0 is active now
10-14 02:25:00.474  2747  7191 I audio-subMixingFactory: padding_bytes 14336
10-14 02:25:00.474  2747  7191 I audio-subMixingFactory: padding_bytes 12288
10-14 02:25:00.474  2747  7191 I audio-subMixingFactory: padding_bytes 10240
10-14 02:25:00.474  2747  7191 I audio-subMixingFactory: padding_bytes 8192
10-14 02:25:00.474  2747  7191 I audio-subMixingFactory: padding_bytes 6144
10-14 02:25:00.478  2747  7191 I audio-subMixingFactory: padding_bytes 4096
10-14 02:25:00.481  2747  7191 I audio-subMixingFactory: padding_bytes 2048
10-14 02:25:00.490  2747  7191 W amlaudioMixer: mixer_get_presentation_position(), not valid now
10-14 02:25:00.490  2747  7191 W audio-subMixingFactory: out_get_presentation_position_port(), pts not valid yet
10-14 02:25:00.501  2747  7191 W amlaudioMixer: mixer_get_presentation_position(), not valid now
10-14 02:25:00.501  2747  7191 W audio-subMixingFactory: out_get_presentation_position_port(), pts not valid yet
10-14 02:25:00.515  2766  2911 D AudioFlinger: mixer(0xeb583ac0) throttle end: throttle time(7)
10-14 02:25:01.112  2756  2903 I [Gralloc]: framebuffer hal alread move to hwcomposer
10-14 02:25:01.767  2756  2903 I chatty  : uid=1000(system) HwBinder:2756_2 identical 2 lines
10-14 02:25:01.769  2756  2903 I [Gralloc]: framebuffer hal alread move to hwcomposer
10-14 02:25:01.770 11854 11989 D mali_winsys: EGLint new_window_surface(egl_winsys_display *, void *, EGLSurface, EGLConfig, egl_winsys_surface **, EGLBoolean) returns 0x3000
10-14 02:25:01.779  2756  2903 I [Gralloc]: framebuffer hal alread move to hwcomposer
10-14 02:25:02.534 11854 11854 D ViewRootImpl[PopupWindow:5bf1e5f]: updatePointerIcon called with position out of bounds
10-14 02:25:01.812  2756  2903 I chatty  : uid=1000(system) HwBinder:2756_2 identical 2 lines
10-14 02:25:02.297  2756  2903 I [Gralloc]: framebuffer hal alread move to hwcomposer
10-14 02:25:03.061  2768  2841 E BufferQueueProducer: [PopupWindow:5bf1e5f#0] disconnect: not connected (req=1)
10-14 02:25:03.061 11854 11989 W libEGL  : EGLNativeWindowType 0xc641d808 disconnect failed
10-14 02:25:03.545  2747  2888 D audio-subMixingFactory: out_standby_subMixingPCM: out_stream(0xee3ca000) usecase: STREAM_PCM_NORMAL
10-14 02:25:03.545  2747  2888 I audio-subMixingFactory: ++usecase_change_validate_l_sm(), dev usecase masks = 0x1, is_standby = 1, out usecase STREAM_PCM_NORMAL
10-14 02:25:03.545  2747  2888 I audio-subMixingFactory: --usecase_change_validate_l_sm(), dev usecase masks = 0, is_standby = 1, out usecase STREAM_PCM_NORMAL
10-14 02:25:03.545  2747  2888 I amlaudioMixer: ++delete_mixer_input_port port ID: 0
10-14 02:25:04.244  2756  2903 I [Gralloc]: framebuffer hal alread move to hwcomposer
10-14 02:25:04.261  2768  2768 E SurfaceFlinger: [Sprite#0] rejecting buffer: bufWidth=32, bufHeight=32, front.active.{w=28, h=36}
10-14 02:25:04.262  2756  2903 I [Gralloc]: framebuffer hal alread move to hwcomposer
10-14 02:25:04.374  4078  4078 D skia    : --- Failed to create image decoder with message 'unimplemented'
10-14 02:25:04.386  4078  4078 D skia    : --- Failed to create image decoder with message 'unimplemented'
10-14 02:25:04.379  4078  4078 I tutu.ABenchMark: type=1400 audit(0.0:2261): avc: denied { open } for path="/proc/stat" dev="proc" ino=4026531957 scontext=u:r:untrusted_app_27:s0:c512,c768 tcontext=u:object_r:proc_stat:s0 tclass=file permissive=1
10-14 02:25:07.059 11854 12785 E JobManager: error while executing job com.Slack.jobqueue.jobs.UsersFrecencyStartJob@d8bfbd0
10-14 02:25:07.059 11854 12785 E JobManager: java.lang.RuntimeException: slack.api.exceptions.ApiResponseError: method:users.frecencyStart error:no_frecency_data
10-14 02:25:07.059 11854 12785 E JobManager: 	at io.reactivex.rxjava3.internal.util.ExceptionHelper.wrapOrThrow(ExceptionHelper.java:4)
10-14 02:25:07.059 11854 12785 E JobManager: 	at io.reactivex.rxjava3.internal.observers.BlockingMultiObserver.blockingGet(BlockingMultiObserver.java:9)
10-14 02:25:07.059 11854 12785 E JobManager: 	at io.reactivex.rxjava3.core.Single.blockingGet(Single.java:3)
10-14 02:25:07.059 11854 12785 E JobManager: 	at com.Slack.jobqueue.jobs.UsersFrecencyStartJob.run(UsersFrecencyStartJob.kt:6)
10-14 02:25:07.059 11854 12785 E JobManager: 	at slack.android.taskmanager.compat.CompatJobTask.onRun(CompatJobTask.kt:3)
10-14 02:25:07.059 11854 12785 E JobManager: 	at com.birbit.android.jobqueue.Job.safeRun(Job.java:4)
10-14 02:25:07.059 11854 12785 E JobManager: 	at com.birbit.android.jobqueue.JobHolder.safeRun(JobHolder.java:1)
10-14 02:25:07.059 11854 12785 E JobManager: 	at com.birbit.android.jobqueue.ConsumerManager$Consumer.handleRunJob(ConsumerManager.java:3)
10-14 02:25:07.059 11854 12785 E JobManager: 	at com.birbit.android.jobqueue.ConsumerManager$Consumer.access$000(ConsumerManager.java:1)
10-14 02:25:07.059 11854 12785 E JobManager: 	at com.birbit.android.jobqueue.ConsumerManager$Consumer$2.handleMessage(ConsumerManager.java:3)
10-14 02:25:07.059 11854 12785 E JobManager: 	at com.birbit.android.jobqueue.messaging.SafeMessageQueue.consume(SafeMessageQueue.java:5)
10-14 02:25:07.059 11854 12785 E JobManager: 	at com.birbit.android.jobqueue.ConsumerManager$Consumer.run(ConsumerManager.java:1)
10-14 02:25:07.059 11854 12785 E JobManager: 	at java.lang.Thread.run(Thread.java:764)
10-14 02:25:07.059 11854 12785 E JobManager: Caused by: slack.api.exceptions.ApiResponseError: method:users.frecencyStart error:no_frecency_data
10-14 02:25:07.059 11854 12785 E JobManager: 	at slack.api.ApiModelConverter.convertResponseToModel(ApiModelConverter.java:26)
10-14 02:25:07.059 11854 12785 E JobManager: 	at slack.api.ApiRxAdapter$SingleEmitterCallback.onResponse(ApiRxAdapter.java:1)
10-14 02:25:07.059 11854 12785 E JobManager: 	at okhttp3.internal.connection.RealCall$AsyncCall.run(RealCall.kt:13)
10-14 02:25:07.059 11854 12785 E JobManager: 	at java.util.concurrent.ThreadPoolExecutor.runWorker(ThreadPoolExecutor.java:1167)
10-14 02:25:07.059 11854 12785 E JobManager: 	at java.util.concurrent.ThreadPoolExecutor$Worker.run(ThreadPoolExecutor.java:641)
10-14 02:25:07.059 11854 12785 E JobManager: 	... 1 more
10-14 02:25:08.430  2747  7191 W amlaudioMixer: mixer_get_presentation_position(), port not ready now
10-14 02:25:08.430  2747  7191 W audio-subMixingFactory: out_get_presentation_position_port(), pts not valid yet
10-14 02:25:08.430  2747  7191 I audio-subMixingFactory: ++usecase_change_validate_l_sm: dev usecase masks = 0, out usecase_masks = 0, out usecase STREAM_PCM_NORMAL
10-14 02:25:08.430  2747  7191 I audio-subMixingFactory: ++++usecase_change_validate_l_sm(),continuous_audio_mode 0 dev usecase masks = 0, out usecase_masks = 0, out usecase STREAM_PCM_NORMAL
10-14 02:25:08.430  2747  7191 I audio-subMixingFactory: usecase_change_validate_l_sm(), mixer_aux_buffer_write_sm !
10-14 02:25:08.430  2747  7191 I audio-subMixingFactory: ----usecase_change_validate_l_sm(), continuous_audio_mode 0 dev usecase masks = 0x1, out usecase_masks = 0x1, out usecase STREAM_PCM_NORMAL
10-14 02:25:08.430  2747  7191 I aml_audio_port: get_input_port_index(), samplerate 48000
10-14 02:25:08.430  2747  7191 D aml_audio_port: new_input_port(), index:0, rbuf size:8192, direct_on:0
10-14 02:25:08.430  2747  7191 D aml_audio_port: new_input_port(), fmt 0x1, rate 48000
10-14 02:25:08.430  2747  7191 I amlaudioMixer: ++init_mixer_input_port port index 0, size 512 frames
10-14 02:25:08.430  2747  7191 I amlaudioMixer: init_mixer_input_port(), port->initial_frames: 48181248
10-14 02:25:08.430  2747  7191 I aml_audio_port: get_input_port_index(), samplerate 48000
10-14 02:25:08.430  2747  7191 I audio-subMixingFactory: mixer_aux_buffer_write_sm(), primary 0xee3ca000 port index = 0
10-14 02:25:08.430  2747  7191 I audio-subMixingFactory: padding_bytes 16384
10-14 02:25:08.430  2747  7191 I amlaudioMixer: port index 0 is active now
10-14 02:25:08.430  2747  7191 I audio-subMixingFactory: padding_bytes 14336
10-14 02:25:08.430  2747  7191 I audio-subMixingFactory: padding_bytes 12288
10-14 02:25:08.430  2747  7191 I audio-subMixingFactory: padding_bytes 10240
10-14 02:25:08.430  2747  7191 I audio-subMixingFactory: padding_bytes 8192
10-14 02:25:08.430  2747  7191 I audio-subMixingFactory: padding_bytes 6144
10-14 02:25:08.434  2747  7191 I audio-subMixingFactory: padding_bytes 4096
10-14 02:25:08.437  2747  7191 I audio-subMixingFactory: padding_bytes 2048
10-14 02:25:08.449  2747  7191 W amlaudioMixer: mixer_get_presentation_position(), not valid now
10-14 02:25:08.449  2747  7191 W audio-subMixingFactory: out_get_presentation_position_port(), pts not valid yet
10-14 02:25:08.459  2747  7191 W amlaudioMixer: mixer_get_presentation_position(), not valid now
10-14 02:25:08.459  2747  7191 W audio-subMixingFactory: out_get_presentation_position_port(), pts not valid yet
10-14 02:25:08.470  2766  2911 D AudioFlinger: mixer(0xeb583ac0) throttle end: throttle time(7)
10-14 02:25:02.849 11854 11854 I chatty  : uid=10078(com.Slack) identical 9 lines
10-14 02:25:02.849 11854 11854 D ViewRootImpl[PopupWindow:5bf1e5f]: updatePointerIcon called with position out of bounds
10-14 02:25:08.570  2953  2970 D AutofillManagerService: onBackKeyPressed()
10-14 02:25:08.621  2756  2903 I [Gralloc]: framebuffer hal alread move to hwcomposer
10-14 02:25:08.627  2756  8190 I [Gralloc]: framebuffer hal alread move to hwcomposer
10-14 02:25:08.634  2756  8190 I [Gralloc]: framebuffer hal alread move to hwcomposer
10-14 02:25:08.641  3527  3638 D mali_winsys: EGLint new_window_surface(egl_winsys_display *, void *, EGLSurface, EGLConfig, egl_winsys_surface **, EGLBoolean) returns 0x3000
10-14 02:25:08.652  2768  2841 E BufferQueueProducer: [com.android.launcher3/com.android.launcher3.Launcher#0] disconnect: not connected (req=1)
10-14 02:25:08.652  3527  3638 W libEGL  : EGLNativeWindowType 0xe096b808 disconnect failed
10-14 02:25:08.653  3527  3638 D mali_winsys: EGLint new_window_surface(egl_winsys_display *, void *, EGLSurface, EGLConfig, egl_winsys_surface **, EGLBoolean) returns 0x3000
10-14 02:25:08.655  2756  8190 I [Gralloc]: framebuffer hal alread move to hwcomposer
10-14 02:25:08.655  3527  3527 I RenderThread: type=1400 audit(0.0:2266): avc: denied { read } for name="gralloc.odroidn2.so" dev="mmcblk0p12" ino=705 scontext=u:r:priv_app:s0:c512,c768 tcontext=u:object_r:vendor_file:s0 tclass=file permissive=1
10-14 02:25:08.655  3527  3527 I RenderThread: type=1400 audit(0.0:2267): avc: denied { open } for path="/vendor/lib/hw/gralloc.odroidn2.so" dev="mmcblk0p12" ino=705 scontext=u:r:priv_app:s0:c512,c768 tcontext=u:object_r:vendor_file:s0 tclass=file permissive=1
10-14 02:25:08.655  3527  3527 I RenderThread: type=1400 audit(0.0:2268): avc: denied { getattr } for path="/vendor/lib/hw/gralloc.odroidn2.so" dev="mmcblk0p12" ino=705 scontext=u:r:priv_app:s0:c512,c768 tcontext=u:object_r:vendor_file:s0 tclass=file permissive=1
10-14 02:25:08.669  2756  8190 I [Gralloc]: framebuffer hal alread move to hwcomposer
10-14 02:25:08.671  2953  2953 I android.anim: type=1400 audit(0.0:2269): avc: denied { read } for name="gralloc.odroidn2.so" dev="mmcblk0p12" ino=705 scontext=u:r:system_server:s0 tcontext=u:object_r:vendor_file:s0 tclass=file permissive=1
10-14 02:25:08.671  2953  2953 I android.anim: type=1400 audit(0.0:2270): avc: denied { open } for path="/vendor/lib/hw/gralloc.odroidn2.so" dev="mmcblk0p12" ino=705 scontext=u:r:system_server:s0 tcontext=u:object_r:vendor_file:s0 tclass=file permissive=1
10-14 02:25:08.671  2953  2953 I android.anim: type=1400 audit(0.0:2271): avc: denied { getattr } for path="/vendor/lib/hw/gralloc.odroidn2.so" dev="mmcblk0p12" ino=705 scontext=u:r:system_server:s0 tcontext=u:object_r:vendor_file:s0 tclass=file permissive=1
10-14 02:25:08.699  2756  8190 I [Gralloc]: framebuffer hal alread move to hwcomposer
10-14 02:25:08.742  3527  3541 D StrictMode: StrictMode policy violation: android.os.strictmode.LeakedClosableViolation: A resource was acquired at attached stack trace but never released. See java.io.Closeable for information on avoiding resource leaks.
10-14 02:25:08.742  3527  3541 D StrictMode: 	at android.os.StrictMode$AndroidCloseGuardReporter.report(StrictMode.java:1788)
10-14 02:25:08.742  3527  3541 D StrictMode: 	at dalvik.system.CloseGuard.warnIfOpen(CloseGuard.java:264)
10-14 02:25:08.742  3527  3541 D StrictMode: 	at android.view.SurfaceControl.finalize(SurfaceControl.java:667)
10-14 02:25:08.742  3527  3541 D StrictMode: 	at java.lang.Daemons$FinalizerDaemon.doFinalize(Daemons.java:250)
