10-14 02:42:53.135 26290 29471 W FirebaseRemoteConfig: No value of type 'FirebaseRemoteConfigValue' exists for parameter key 'fpr_session_max_duration_min'.
10-14 02:42:53.135 26290 26354 D FirebasePerformance: Fetched value: 'true' for key: 'fpr_enabled' from Firebase Remote Config.
10-14 02:42:53.136  2747  7191 W amlaudioMixer: mixer_get_presentation_position(), port not ready now
10-14 02:42:53.136  2747  7191 W audio-subMixingFactory: out_get_presentation_position_port(), pts not valid yet
10-14 02:42:53.136 26290 26354 D FirebasePerformance: Fetched value: '' for key: 'fpr_disabled_android_versions' from Firebase Remote Config.
10-14 02:42:53.136  2789 16012 D OmxComponent: getExtensionIndex 1121 name="OMX.google.android.index.useAndroidNativeBuffer2"
10-14 02:42:53.136  2789 16012 V OmxVideoDecoder: updatePort mUseNativeBuffers 1
10-14 02:42:53.136  2789 16012 D AmlogicVideoDecoderAwesome: get native buffer info NV:w:864,h:486..
10-14 02:42:53.136  2789 16012 V OmxVideoDecoder: updatePort:portDef.format.video.nFrameWidth=864,portDef.format.video.nFrameHeight=486
10-14 02:42:53.137 26290 26354 D FirebasePerformance: Fetched value: 'true' for key: 'fpr_enabled' from Firebase Remote Config.
10-14 02:42:53.137  2789 29510 I OmxComponent: STATE_TRANS: OMX_StateLoaded => OMX_StateIdle : OMX.amlogic.hevc.decoder.awesome
10-14 02:42:53.137  2768  2849 W         : buffer descriptor with invalid usage bits 0x2000
10-14 02:42:53.137  2756  2903 I [Gralloc]: framebuffer hal alread move to hwcomposer
10-14 02:42:53.137 26290 26354 D FirebasePerformance: Fetched value: '' for key: 'fpr_disabled_android_versions' from Firebase Remote Config.
10-14 02:42:53.138 26290 26354 D FirebasePerformance: Fetched value: '0.338495' for key: 'fpr_vc_network_request_sampling_rate' from Firebase Remote Config.
10-14 02:42:53.140  2789 16012 D OmxComponent: getExtensionIndex 1121 name="OMX.google.android.index.useAndroidNativeBuffer2"
10-14 02:42:53.140  2789 16012 V OmxVideoDecoder: updatePort mUseNativeBuffers 1
10-14 02:42:53.140  2789 16012 D AmlogicVideoDecoderAwesome: get native buffer info NV:w:864,h:486..
10-14 02:42:53.140  2789 16012 V OmxVideoDecoder: updatePort:portDef.format.video.nFrameWidth=864,portDef.format.video.nFrameHeight=486
10-14 02:42:53.140  2789 29510 I OmxComponent: STATE_TRANS: OMX_StateLoaded => OMX_StateIdle : OMX.amlogic.hevc.decoder.awesome
10-14 02:42:53.140  2768  2849 W         : buffer descriptor with invalid usage bits 0x2000
10-14 02:42:53.140  2756  2903 I [Gralloc]: framebuffer hal alread move to hwcomposer
10-14 02:42:53.143  2789 16012 D OmxComponent: getExtensionIndex 1121 name="OMX.google.android.index.useAndroidNativeBuffer2"
10-14 02:42:53.143  2789 16012 V OmxVideoDecoder: updatePort mUseNativeBuffers 1
10-14 02:42:53.143  2789 16012 D AmlogicVideoDecoderAwesome: get native buffer info NV:w:864,h:486..
10-14 02:42:53.143  2789 16012 V OmxVideoDecoder: updatePort:portDef.format.video.nFrameWidth=864,portDef.format.video.nFrameHeight=486
10-14 02:42:53.143  2789 29510 I OmxComponent: STATE_TRANS: OMX_StateLoaded => OMX_StateIdle : OMX.amlogic.hevc.decoder.awesome
10-14 02:42:53.143  2768  3557 W         : buffer descriptor with invalid usage bits 0x2000
10-14 02:42:53.144  2756  2903 I [Gralloc]: framebuffer hal alread move to hwcomposer
10-14 02:42:53.146  2747  7191 W amlaudioMixer: mixer_get_presentation_position(), port not ready now
10-14 02:42:53.146  2747  7191 W audio-subMixingFactory: out_get_presentation_position_port(), pts not valid yet
10-14 02:42:53.147  2789 16012 D OmxComponent: getExtensionIndex 1121 name="OMX.google.android.index.useAndroidNativeBuffer2"
10-14 02:42:53.147  2789 16012 V OmxVideoDecoder: updatePort mUseNativeBuffers 1
10-14 02:42:53.147  2789 16012 D AmlogicVideoDecoderAwesome: get native buffer info NV:w:864,h:486..
10-14 02:42:53.147  2789 16012 V OmxVideoDecoder: updatePort:portDef.format.video.nFrameWidth=864,portDef.format.video.nFrameHeight=486
10-14 02:42:53.148  2789 29510 I OmxComponent: STATE_TRANS: OMX_StateLoaded => OMX_StateIdle : OMX.amlogic.hevc.decoder.awesome
10-14 02:42:53.148  2768  2950 W         : buffer descriptor with invalid usage bits 0x2000
10-14 02:42:53.148  2756  2903 I [Gralloc]: framebuffer hal alread move to hwcomposer
10-14 02:42:53.150  2789 16012 D OmxComponent: getExtensionIndex 1121 name="OMX.google.android.index.useAndroidNativeBuffer2"
10-14 02:42:53.150  2789 16012 V OmxVideoDecoder: updatePort mUseNativeBuffers 1
10-14 02:42:53.150  2789 16012 D AmlogicVideoDecoderAwesome: get native buffer info NV:w:864,h:486..
10-14 02:42:53.150  2789 16012 V OmxVideoDecoder: updatePort:portDef.format.video.nFrameWidth=864,portDef.format.video.nFrameHeight=486
10-14 02:42:53.150  2789 29510 I OmxComponent: STATE_TRANS: OMX_StateLoaded => OMX_StateIdle : OMX.amlogic.hevc.decoder.awesome
10-14 02:42:53.150  2789 29510 V AmlogicVideoDecoderAwesome: acquireResources:360 >
10-14 02:42:53.150  2789 29510 D AmlogicVideoDecoderAwesome: setUp mVideoDisplay =0, mDisplayMode=0
10-14 02:42:53.150  2789 29510 D AmlogicVideoDecoderAwesome: mMaxFrameWidth 864, mMaxFrameHeight 486
10-14 02:42:53.150  2789 29510 I AmlogicVideoDecoderAwesome: video layer mKeepLastFrame 1
10-14 02:42:53.150  2789 29510 V AmlogicVideoDecoderAwesome: enable osd or video ...-410496000
10-14 02:42:53.150  2789 29510 V AmlogicVideoDecoderAwesome: media.omx.buffermargin is not set used def=0
10-14 02:42:53.150  2789 29510 D AmlogicVideoDecoderAwesome: mDoubleWriteMode 16
10-14 02:42:53.150  2789 29510 V debugSetup: media.omx.dumpRecv is disabled
10-14 02:42:53.150  2789 29510 V debugSetup: media.omx.dumpCodec is disabled
10-14 02:42:53.150  2789 29510 V AmlogicVideoDecoderAwesome: *Input Frame Rate is 3200..
10-14 02:42:53.150  2789 29510 V AmlogicVideoDecoderAwesome: videoDefine.xFramerate:1e0000  
10-14 02:42:53.150  2789 29510 V AmlogicVideoDecoderAwesome: mVideoType:11
10-14 02:42:53.150  2789 29510 D AmlogicVideoDecoderAwesome: decoder_type = 1
10-14 02:42:53.150  2789 29510 D AmlogicVideoDecoderAwesome: AmlogicVideoDecoder::setUp, mUseFrameMode 1, video_path 0
10-14 02:42:53.150  2789 29510 D AmlogicVideoDecoderAwesome: alloc ION Video device instance ID:0
10-14 02:42:53.150  2789 29510 D AmlogicVideoDecoderAwesome: mAmlCodecParam->config=hevc_buf_width:1920;hevc_buf_height:1088;hevc_buf_margin:0;hevc_double_write_mode:16;save_buffer_mode:0;
10-14 02:42:53.150  2789 29510 D AmlogicVideoDecoderAwesome: mAmlCodecParam->config_len=105
10-14 02:42:53.150  2789 29510 D AmlogicVideoDecoderAwesome: codecInit
10-14 02:42:53.160  2747  7191 W amlaudioMixer: mixer_get_presentation_position(), port not ready now
10-14 02:42:53.160  2747  7191 W audio-subMixingFactory: out_get_presentation_position_port(), pts not valid yet
10-14 02:42:53.164 26290 29452 I VideoTrackSelection: Track selection [T: Adaptive (Unchanged because Buffer < Min-Duration-For-Quality-Increase)] [BT: C:00:08|Min:00:15|Max:01:00] [BM: 6.25% C:1 MB|T:16 MB] [BE: 62.8 Mbps (Effective: 50.2 Mbps Fraction: 0.75)] [SB: 00:10/00:25] [I: 1/2] [F: 640x360 @ 588.4 Kbps hev1.2.4.L63.00 30.00 fps]
10-14 02:42:53.169  2789 29510 D AmlogicVideoDecoderAwesome: codecInit done
10-14 02:42:53.169  2789 29510 D AmlogicVideoDecoderAwesome: media.omx.videopeek 0
10-14 02:42:53.169  2789 29510 I AmlogicVideoDecoderAwesome: video layer sync version is 3
10-14 02:42:53.169  2789 29510 V AmlogicVideoDecoderAwesome: mFlvFlag=0
10-14 02:42:53.169  2789 29510 V AmlogicVideoDecoderAwesome: mOutBufferCount =8
10-14 02:42:53.169  2789 29510 V AmlogicVideoDecoderAwesome: mIsNativeBuffers =1
10-14 02:42:53.169  2789 29510 D AmlogicVideoDecoderAwesome: mAmvideoDev->use_frame_mode=0
10-14 02:42:53.169  2789 29510 D AmlogicVideoDecoderAwesome: mAmvideoDev->use_frame_mode=1, mUseFrameMode=1
10-14 02:42:53.169  2789 29510 I amvdec  : amvideo_init ret=0
10-14 02:42:53.169  2789 29510 D AmlogicVideoDecoderAwesome: output buffer:mWidth:864, mHeight:486, mVideoDevId:0
10-14 02:42:53.171  2747  7191 W amlaudioMixer: mixer_get_presentation_position(), port not ready now
10-14 02:42:53.171  2747  7191 W audio-subMixingFactory: out_get_presentation_position_port(), pts not valid yet
10-14 02:42:53.172  2789 29510 I OmxComponent: STATE_DONE:  OMX_StateLoaded => OMX_StateIdle : OMX.amlogic.hevc.decoder.awesome
10-14 02:42:53.173  2789 29510 I OmxComponent: OMX_CommandStateSet 738 Cmd 0 nParam1 0x3
10-14 02:42:53.173  2789 29510 I OmxComponent: STATE_SET:   OMX_StateIdle => OMX_StateExecuting : OMX.amlogic.hevc.decoder.awesome
10-14 02:42:53.173  2789 29510 V AmlogicVideoDecoderAwesome: prepare:281 >
10-14 02:42:53.173  2789 29510 D AmlogicVideoDecoderAwesome: mVideo mDisplayTread start
10-14 02:42:53.173  2789 29510 D AmlogicVideoDecoderAwesome: mDTaskStatus=0
10-14 02:42:53.173  2789 29510 V AmlogicVideoDecoderAwesome: start:294 >
10-14 02:42:53.173  2789 29510 D AmlogicVideoDecoderAwesome: mVideo start
10-14 02:42:53.173  2789 29510 I OmxComponent: STATE_TRANS: OMX_StateIdle => OMX_StateExecuting : OMX.amlogic.hevc.decoder.awesome
10-14 02:42:53.173  2789 29510 I OmxComponent: STATE_DONE:  OMX_StateIdle => OMX_StateExecuting : OMX.amlogic.hevc.decoder.awesome
10-14 02:42:53.173  2789 29516 V OMX_WorkerPeer: hardware/amlogic/omx/omx_framework/WorkerPeer.cpp:runWorkerStatic:152 --------------------
10-14 02:42:53.173  2789 29516 V OMX_WorkerPeer: hardware/amlogic/omx/omx_framework/WorkerPeer.cpp:runWorker:158 --------------------
10-14 02:42:53.174  2789 16012 D AmlogicVideoDecoderAwesome: memset outputbuffer index=0, size 629856
10-14 02:42:53.174  2789 16012 D AmlogicVideoDecoderAwesome: memset outputbuffer index=1, size 629856
10-14 02:42:53.174  2789 16012 D AmlogicVideoDecoderAwesome: memset outputbuffer index=2, size 629856
10-14 02:42:53.175  2789 16012 D AmlogicVideoDecoderAwesome: memset outputbuffer index=3, size 629856
10-14 02:42:53.177  2789 29516 V AmlogicVideoDecoderAwesome: doCodecSpec csd_len=98
10-14 02:42:53.177  2789 29516 E AmlogicVideoDecoderAwesome: SPS: Main10 profile bitstream
10-14 02:42:53.177  2789 29516 E AmlogicVideoDecoderAwesome: SPS: bit_depth=8,8
10-14 02:42:53.177  2789 29516 V AmlogicVideoDecoderAwesome: hevc csd size = 98, [640:384],bitdepth=8
10-14 02:42:53.182  2747  7191 W amlaudioMixer: mixer_get_presentation_position(), port not ready now
10-14 02:42:53.182  2747  7191 W audio-subMixingFactory: out_get_presentation_position_port(), pts not valid yet
10-14 02:42:53.193  2747  7191 W amlaudioMixer: mixer_get_presentation_position(), port not ready now
10-14 02:42:53.193  2747  7191 W audio-subMixingFactory: out_get_presentation_position_port(), pts not valid yet
10-14 02:42:53.194  2789 29516 D AmlogicVideoDecoderAwesome: =11, =640, =360, =864, =486, =0, =33000, =66000, =12170, =4212, =3816
10-14 02:42:53.204  2747  7191 W amlaudioMixer: mixer_get_presentation_position(), port not ready now
10-14 02:42:53.204  2747  7191 W audio-subMixingFactory: out_get_presentation_position_port(), pts not valid yet
10-14 02:42:53.211  2789 29515 D AmlogicVideoDecoderAwesome: omx output size changed from 864*486 to 640*360
10-14 02:42:53.211  2789 16012 V OmxVideoDecoder: updatePort mUseNativeBuffers 1
10-14 02:42:53.211  2789 16012 D AmlogicVideoDecoderAwesome: get native buffer info NV:w:864,h:486..
10-14 02:42:53.211  2789 16012 V OmxVideoDecoder: updatePort:portDef.format.video.nFrameWidth=864,portDef.format.video.nFrameHeight=486
10-14 02:42:53.212  2789 16012 D OmxVideoDecoder: getConfig 1701 0x700000f
10-14 02:42:53.212  2789 16012 D OmxVideoDecoder: getConfig 1704 nIndex 0x700000f
10-14 02:42:53.212  2789 16012 D OmxVideoDecoder: getConfig OMX_IndexConfigCommonOutputCrop pRect->nWidth=640, pRect->nHeight=360
10-14 02:42:53.212  2789 16012 D OmxVideoDecoder: setConfig 1803 0x7f00000c
10-14 02:42:53.212  2789 16012 D OmxVideoDecoder: [DSZ] updateFinalColorAspects# final color aspects[P:4; T:3; M:3; R:2]
10-14 02:42:53.212  2789 16012 D OmxVideoDecoder: getConfig 1701 0x7f00000c
10-14 02:42:53.212  2789 16012 D OmxVideoDecoder: getConfig 1701 0x7f00000c
10-14 02:42:53.212  2789 16012 E OMXNodeInstance: getConfig(0xe78855b0:amlogic.hevc.decoder.awesome, ??(0x7f00000c)) ERROR: UnsupportedSetting(0x80001019)
10-14 02:42:53.212  2789 29515 D AmlogicVideoDecoderAwesome: mFirstInputTime = 9025053, mFirstOutputTime=9025079, delay= 26ms
10-14 02:42:53.212  2789 16012 D OmxVideoDecoder: getConfig 1701 0x7f000009
10-14 02:42:53.212  2789 16012 D OmxVideoDecoder: getConfig 1701 0x6f100004
10-14 02:42:53.212  2789 16012 V OmxVideoDecoder: VendorExt: getConfig: index=0 (4k-osd)
10-14 02:42:53.212  2789 16012 D OmxVideoDecoder: getConfig 1701 0x6f100004
10-14 02:42:53.212  2789 16012 V OmxVideoDecoder: VendorExt: getConfig: index=1 (is-mvc)
10-14 02:42:53.213  2789 15987 D OmxVideoDecoder: getConfig 1701 0x6f100004
10-14 02:42:53.213  2789 15987 V OmxVideoDecoder: VendorExt: getConfig: index=2 (is-flv)
10-14 02:42:53.213  2789 15987 D OmxVideoDecoder: getConfig 1701 0x6f100004
10-14 02:42:53.213  2789 15987 V OmxVideoDecoder: VendorExt: getConfig: index=3 (dvconfig-box)
10-14 02:42:53.213 26290 29472 W FirebaseRemoteConfig: No value of type 'FirebaseRemoteConfigValue' exists for parameter key 'fpr_session_max_duration_min'.
10-14 02:42:53.213  2789 16012 D OmxVideoDecoder: getConfig 1701 0x6f100004
10-14 02:42:53.213  2789 16012 V OmxVideoDecoder: VendorExt: getConfig: index=4 (profile-level)
10-14 02:42:53.213  2789 16012 D OmxVideoDecoder: getConfig 1701 0x6f100004
10-14 02:42:53.213  2789 16012 V OmxVideoDecoder: VendorExt: getConfig: index=4 (profile-level)
10-14 02:42:53.213  2789 16012 D OmxVideoDecoder: getConfig 1701 0x6f100004
10-14 02:42:53.213  2789 16012 V OmxVideoDecoder: VendorExt: getConfig: index=5 (nrdp)
10-14 02:42:53.213 26290 26354 D FirebasePerformance: Fetched value: 'true' for key: 'fpr_enabled' from Firebase Remote Config.
10-14 02:42:53.213  2789 16012 D OmxVideoDecoder: getConfig 1701 0x6f100004
10-14 02:42:53.215  2747  7191 W amlaudioMixer: mixer_get_presentation_position(), port not ready now
10-14 02:42:53.215  2747  7191 W audio-subMixingFactory: out_get_presentation_position_port(), pts not valid yet
10-14 02:42:53.216 26290 26354 D FirebasePerformance: Fetched value: '' for key: 'fpr_disabled_android_versions' from Firebase Remote Config.
10-14 02:42:53.219 26290 26354 D FirebasePerformance: Fetched value: 'true' for key: 'fpr_enabled' from Firebase Remote Config.
10-14 02:42:53.219  2789 16012 D AmlogicVideoDecoderAwesome: memset outputbuffer index=4, size 629856
10-14 02:42:53.221 26290 26354 D FirebasePerformance: Fetched value: '' for key: 'fpr_disabled_android_versions' from Firebase Remote Config.
10-14 02:42:53.222 26290 26354 D FirebasePerformance: Fetched value: '0.338495' for key: 'fpr_vc_network_request_sampling_rate' from Firebase Remote Config.
10-14 02:42:53.226  2747  7191 W amlaudioMixer: mixer_get_presentation_position(), port not ready now
10-14 02:42:53.226  2747  7191 W audio-subMixingFactory: out_get_presentation_position_port(), pts not valid yet
10-14 02:42:53.238  2747  7191 W amlaudioMixer: mixer_get_presentation_position(), port not ready now
10-14 02:42:53.238  2747  7191 W audio-subMixingFactory: out_get_presentation_position_port(), pts not valid yet
10-14 02:42:53.247 26290 29453 W FirebaseRemoteConfig: No value of type 'FirebaseRemoteConfigValue' exists for parameter key 'fpr_session_max_duration_min'.
10-14 02:42:53.247 26290 26354 D FirebasePerformance: Fetched value: 'true' for key: 'fpr_enabled' from Firebase Remote Config.
10-14 02:42:53.248 26290 26354 D FirebasePerformance: Fetched value: '' for key: 'fpr_disabled_android_versions' from Firebase Remote Config.
10-14 02:42:53.248 26290 26354 D FirebasePerformance: Fetched value: 'true' for key: 'fpr_enabled' from Firebase Remote Config.
10-14 02:42:53.248 26290 26354 D FirebasePerformance: Fetched value: '' for key: 'fpr_disabled_android_versions' from Firebase Remote Config.
10-14 02:42:53.249  2747  7191 W amlaudioMixer: mixer_get_presentation_position(), port not ready now
10-14 02:42:53.249  2747  7191 W audio-subMixingFactory: out_get_presentation_position_port(), pts not valid yet
10-14 02:42:53.249 26290 26354 D FirebasePerformance: Fetched value: '0.338495' for key: 'fpr_vc_network_request_sampling_rate' from Firebase Remote Config.
10-14 02:42:53.252 26290 29471 W FirebaseRemoteConfig: No value of type 'FirebaseRemoteConfigValue' exists for parameter key 'fpr_session_max_duration_min'.
10-14 02:42:53.252 26290 26354 D FirebasePerformance: Fetched value: 'true' for key: 'fpr_enabled' from Firebase Remote Config.
10-14 02:42:53.253 26290 26354 D FirebasePerformance: Fetched value: '' for key: 'fpr_disabled_android_versions' from Firebase Remote Config.
10-14 02:42:53.253 26290 26354 D FirebasePerformance: Fetched value: 'true' for key: 'fpr_enabled' from Firebase Remote Config.
10-14 02:42:53.253 26290 26354 D FirebasePerformance: Fetched value: '' for key: 'fpr_disabled_android_versions' from Firebase Remote Config.
10-14 02:42:53.254 26290 26354 D FirebasePerformance: Fetched value: '0.338495' for key: 'fpr_vc_network_request_sampling_rate' from Firebase Remote Config.
10-14 02:42:53.260  2747  7191 W amlaudioMixer: mixer_get_presentation_position(), port not ready now
10-14 02:42:53.260  2747  7191 W audio-subMixingFactory: out_get_presentation_position_port(), pts not valid yet
10-14 02:42:53.270  2747  7191 W amlaudioMixer: mixer_get_presentation_position(), port not ready now
10-14 02:42:53.270  2747  7191 W audio-subMixingFactory: out_get_presentation_position_port(), pts not valid yet
10-14 02:42:53.281  2747  7191 W amlaudioMixer: mixer_get_presentation_position(), port not ready now
10-14 02:42:53.281  2747  7191 W audio-subMixingFactory: out_get_presentation_position_port(), pts not valid yet
10-14 02:42:53.293 26290 29452 I VideoTrackSelection: Track selection [T: Adaptive (Bandwidth Based)] [BT: C:00:16|Min:00:15|Max:01:00] [BM: 10.16% C:1.62 MB|T:16 MB] [BE: 70.2 Mbps (Effective: 56.1 Mbps Fraction: 0.75)] [SB: 00:10/00:25] [I: 0/2] [F: 864x486 @ 1.0 Mbps hev1.2.4.L90.00 30.00 fps]
10-14 02:42:53.293  2747  7191 W amlaudioMixer: mixer_get_presentation_position(), port not ready now
10-14 02:42:53.293  2747  7191 W audio-subMixingFactory: out_get_presentation_position_port(), pts not valid yet
10-14 02:42:53.301 26290 26290 D PlayerController: Playback state changed. Last: Buffering New: Pausing
10-14 02:42:53.304  2747  7191 W amlaudioMixer: mixer_get_presentation_position(), port not ready now
10-14 02:42:53.304  2747  7191 W audio-subMixingFactory: out_get_presentation_position_port(), pts not valid yet
10-14 02:42:53.310 26290 26354 D FirebasePerformance: Fetched value: 'true' for key: 'fpr_enabled' from Firebase Remote Config.
10-14 02:42:53.310 26290 29471 W FirebaseRemoteConfig: No value of type 'FirebaseRemoteConfigValue' exists for parameter key 'fpr_session_max_duration_min'.
10-14 02:42:53.311 26290 26354 D FirebasePerformance: Fetched value: '' for key: 'fpr_disabled_android_versions' from Firebase Remote Config.
10-14 02:42:53.311 26290 26354 D FirebasePerformance: Fetched value: 'true' for key: 'fpr_enabled' from Firebase Remote Config.
10-14 02:42:53.311 26290 26354 D FirebasePerformance: Fetched value: '' for key: 'fpr_disabled_android_versions' from Firebase Remote Config.
10-14 02:42:53.312 26290 26354 D FirebasePerformance: Fetched value: '0.338495' for key: 'fpr_vc_network_request_sampling_rate' from Firebase Remote Config.
10-14 02:42:53.313 26290 29452 I VideoTrackSelection: Track selection [T: Adaptive (Bandwidth Based)] [BT: C:00:16|Min:00:15|Max:01:00] [BM: 10.16% C:1.62 MB|T:16 MB] [BE: 70.2 Mbps (Effective: 56.1 Mbps Fraction: 0.75)] [SB: 00:10/00:25] [I: 0/2] [F: 864x486 @ 1.0 Mbps hev1.2.4.L90.00 30.00 fps]
10-14 02:42:53.315  2747  7191 W amlaudioMixer: mixer_get_presentation_position(), port not ready now
10-14 02:42:53.315  2747  7191 W audio-subMixingFactory: out_get_presentation_position_port(), pts not valid yet
10-14 02:42:53.326  2747  7191 W amlaudioMixer: mixer_get_presentation_position(), port not ready now
10-14 02:42:53.326  2747  7191 W audio-subMixingFactory: out_get_presentation_position_port(), pts not valid yet
10-14 02:42:53.337  2747  7191 W amlaudioMixer: mixer_get_presentation_position(), port not ready now
10-14 02:42:53.337  2747  7191 W audio-subMixingFactory: out_get_presentation_position_port(), pts not valid yet
10-14 02:42:53.339 26290 26332 W FA      : Value is too long; discarded. Value kind, name, value length: param, ping_payload, 1155
10-14 02:42:53.347  2747  7191 W amlaudioMixer: mixer_get_presentation_position(), port not ready now
10-14 02:42:53.347  2747  7191 W audio-subMixingFactory: out_get_presentation_position_port(), pts not valid yet
10-14 02:42:53.358  2747  7191 W amlaudioMixer: mixer_get_presentation_position(), port not ready now
10-14 02:42:53.359  2747  7191 W audio-subMixingFactory: out_get_presentation_position_port(), pts not valid yet
10-14 02:42:53.366 26290 26354 D FirebasePerformance: Fetched value: 'true' for key: 'fpr_enabled' from Firebase Remote Config.
10-14 02:42:53.366 26290 29472 W FirebaseRemoteConfig: No value of type 'FirebaseRemoteConfigValue' exists for parameter key 'fpr_session_max_duration_min'.
10-14 02:42:53.366 26290 26354 D FirebasePerformance: Fetched value: '' for key: 'fpr_disabled_android_versions' from Firebase Remote Config.
10-14 02:42:53.366 26290 26354 D FirebasePerformance: Fetched value: 'true' for key: 'fpr_enabled' from Firebase Remote Config.
10-14 02:42:53.367 26290 26354 D FirebasePerformance: Fetched value: '' for key: 'fpr_disabled_android_versions' from Firebase Remote Config.
10-14 02:42:53.367 26290 26354 D FirebasePerformance: Fetched value: '0.338495' for key: 'fpr_vc_network_request_sampling_rate' from Firebase Remote Config.
10-14 02:42:53.369  2747  7191 W amlaudioMixer: mixer_get_presentation_position(), port not ready now
10-14 02:42:53.369  2747  7191 W audio-subMixingFactory: out_get_presentation_position_port(), pts not valid yet
10-14 02:42:53.380  2747  7191 W amlaudioMixer: mixer_get_presentation_position(), port not ready now
10-14 02:42:53.380  2747  7191 W audio-subMixingFactory: out_get_presentation_position_port(), pts not valid yet
10-14 02:42:53.391  2747  7191 W amlaudioMixer: mixer_get_presentation_position(), port not ready now
10-14 02:42:53.391  2747  7191 W audio-subMixingFactory: out_get_presentation_position_port(), pts not valid yet
10-14 02:42:53.402  2747  7191 W amlaudioMixer: mixer_get_presentation_position(), port not ready now
10-14 02:42:53.402  2747  7191 W audio-subMixingFactory: out_get_presentation_position_port(), pts not valid yet
10-14 02:42:53.414  2747  7191 W amlaudioMixer: mixer_get_presentation_position(), port not ready now
10-14 02:42:53.414  2747  7191 W audio-subMixingFactory: out_get_presentation_position_port(), pts not valid yet
10-14 02:42:53.425  2747  7191 W amlaudioMixer: mixer_get_presentation_position(), port not ready now
10-14 02:42:53.425  2747  7191 W audio-subMixingFactory: out_get_presentation_position_port(), pts not valid yet
10-14 02:42:53.435  2747  7191 W amlaudioMixer: mixer_get_presentation_position(), port not ready now
10-14 02:42:53.436  2747  7191 W audio-subMixingFactory: out_get_presentation_position_port(), pts not valid yet
10-14 02:42:53.441 26290 26332 W FA      : Value is too long; discarded. Value kind, name, value length: param, ping_payload, 1155
10-14 02:42:53.443  3483 24587 W NetworkScheduler: Error inserting period=6668000 preferred_charging_state=1 preferred_network_type=1 target_class=com.google.android.gms.measurement.PackageMeasurementTaskService required_network_type=0 runtime=1602610973439 required_idleness_state=0 source=16 service_kind=0 target_package=com.google.android.gms persistence_level=1 source_version=203615000 last_runtime=0 user_id=0 job_id=-1 requires_charging=0 tag=Measurement.PackageMeasurementTaskService.UPLOAD_TASK_TAG flex_time=3333000 task_type=0 retry_strategy={"maximum_backoff_seconds":{"3600":0},"initial_backoff_seconds":{"30":0},"retry_policy":{"0":0}}, error message: UNIQUE constraint failed: pending_ops.tag, pending_ops.target_class, pending_ops.target_package, pending_ops.user_id (code 2067 SQLITE_CONSTRAINT_UNIQUE) [CONTEXT service_id=218 ]
10-14 02:42:53.446  2747  7191 W amlaudioMixer: mixer_get_presentation_position(), port not ready now
10-14 02:42:53.446  2747  7191 W audio-subMixingFactory: out_get_presentation_position_port(), pts not valid yet
10-14 02:42:53.457  2747  7191 W amlaudioMixer: mixer_get_presentation_position(), port not ready now
10-14 02:42:53.457  2747  7191 W audio-subMixingFactory: out_get_presentation_position_port(), pts not valid yet
10-14 02:42:53.468  2747  7191 W amlaudioMixer: mixer_get_presentation_position(), port not ready now
10-14 02:42:53.468  2747  7191 W audio-subMixingFactory: out_get_presentation_position_port(), pts not valid yet
10-14 02:42:53.479  2747  7191 W amlaudioMixer: mixer_get_presentation_position(), port not ready now
10-14 02:42:53.479  2747  7191 W audio-subMixingFactory: out_get_presentation_position_port(), pts not valid yet
10-14 02:42:53.490  2747  7191 W amlaudioMixer: mixer_get_presentation_position(), port not ready now
10-14 02:42:53.490  2747  7191 W audio-subMixingFactory: out_get_presentation_position_port(), pts not valid yet
10-14 02:42:53.500  2747  7191 W amlaudioMixer: mixer_get_presentation_position(), port not ready now
10-14 02:42:53.500  2747  7191 W audio-subMixingFactory: out_get_presentation_position_port(), pts not valid yet
10-14 02:42:53.509  3483 11033 W NetworkScheduler: Error inserting period=6667000 preferred_charging_state=1 preferred_network_type=1 target_class=com.google.android.gms.measurement.PackageMeasurementTaskService required_network_type=0 runtime=1602610973507 required_idleness_state=0 source=16 service_kind=0 target_package=com.google.android.gms persistence_level=1 source_version=203615000 last_runtime=0 user_id=0 job_id=-1 requires_charging=0 tag=Measurement.PackageMeasurementTaskService.UPLOAD_TASK_TAG flex_time=3333000 task_type=0 retry_strategy={"maximum_backoff_seconds":{"3600":0},"initial_backoff_seconds":{"30":0},"retry_policy":{"0":0}}, error message: UNIQUE constraint failed: pending_ops.tag, pending_ops.target_class, pending_ops.target_package, pending_ops.user_id (code 2067 SQLITE_CONSTRAINT_UNIQUE) [CONTEXT service_id=218 ]
10-14 02:42:53.511  2747  7191 W amlaudioMixer: mixer_get_presentation_position(), port not ready now
10-14 02:42:53.511  2747  7191 W audio-subMixingFactory: out_get_presentation_position_port(), pts not valid yet
10-14 02:42:53.522  2747  7191 W amlaudioMixer: mixer_get_presentation_position(), port not ready now
10-14 02:42:53.522  2747  7191 W audio-subMixingFactory: out_get_presentation_position_port(), pts not valid yet
10-14 02:42:53.533  2747  7191 W amlaudioMixer: mixer_get_presentation_position(), port not ready now
10-14 02:42:53.533  2747  7191 W audio-subMixingFactory: out_get_presentation_position_port(), pts not valid yet
10-14 02:42:53.543  2747  7191 W amlaudioMixer: mixer_get_presentation_position(), port not ready now
10-14 02:42:53.544  2747  7191 W audio-subMixingFactory: out_get_presentation_position_port(), pts not valid yet
10-14 02:42:53.554  2747  7191 W amlaudioMixer: mixer_get_presentation_position(), port not ready now
10-14 02:42:53.554  2747  7191 W audio-subMixingFactory: out_get_presentation_position_port(), pts not valid yet
10-14 02:42:53.565  2747  7191 W amlaudioMixer: mixer_get_presentation_position(), port not ready now
10-14 02:42:53.565  2747  7191 W audio-subMixingFactory: out_get_presentation_position_port(), pts not valid yet
10-14 02:42:53.567 26290 26354 D FirebasePerformance: Fetched value: 'true' for key: 'fpr_enabled' from Firebase Remote Config.
10-14 02:42:53.567 26290 29471 W FirebaseRemoteConfig: No value of type 'FirebaseRemoteConfigValue' exists for parameter key 'fpr_session_max_duration_min'.
10-14 02:42:53.567 26290 26354 D FirebasePerformance: Fetched value: '' for key: 'fpr_disabled_android_versions' from Firebase Remote Config.
10-14 02:42:53.568 26290 26354 D FirebasePerformance: Fetched value: 'true' for key: 'fpr_enabled' from Firebase Remote Config.
10-14 02:42:53.568 26290 26354 D FirebasePerformance: Fetched value: '' for key: 'fpr_disabled_android_versions' from Firebase Remote Config.
10-14 02:42:53.569 26290 26354 D FirebasePerformance: Fetched value: '0.338495' for key: 'fpr_vc_network_request_sampling_rate' from Firebase Remote Config.
10-14 02:42:53.571 26290 29452 I VideoTrackSelection: Track selection [T: Adaptive (Bandwidth Based)] [BT: C:00:25|Min:00:15|Max:01:00] [BM: 16.02% C:2.56 MB|T:16 MB] [BE: 48.8 Mbps (Effective: 39.0 Mbps Fraction: 0.75)] [SB: 00:10/00:25] [I: 0/2] [F: 864x486 @ 1.0 Mbps hev1.2.4.L90.00 30.00 fps]
10-14 02:42:53.576  2747  7191 W amlaudioMixer: mixer_get_presentation_position(), port not ready now
10-14 02:42:53.576  2747  7191 W audio-subMixingFactory: out_get_presentation_position_port(), pts not valid yet
10-14 02:42:53.587  2747  7191 W amlaudioMixer: mixer_get_presentation_position(), port not ready now
10-14 02:42:53.587  2747  7191 W audio-subMixingFactory: out_get_presentation_position_port(), pts not valid yet
10-14 02:42:53.597  2747  7191 W amlaudioMixer: mixer_get_presentation_position(), port not ready now
10-14 02:42:53.597  2747  7191 W audio-subMixingFactory: out_get_presentation_position_port(), pts not valid yet
10-14 02:42:53.598 26290 29472 W FirebaseRemoteConfig: No value of type 'FirebaseRemoteConfigValue' exists for parameter key 'fpr_session_max_duration_min'.
10-14 02:42:53.599 26290 26354 D FirebasePerformance: Fetched value: 'true' for key: 'fpr_enabled' from Firebase Remote Config.
10-14 02:42:53.599 26290 26354 D FirebasePerformance: Fetched value: '' for key: 'fpr_disabled_android_versions' from Firebase Remote Config.
10-14 02:42:53.600 26290 26354 D FirebasePerformance: Fetched value: 'true' for key: 'fpr_enabled' from Firebase Remote Config.
10-14 02:42:53.600 26290 26354 D FirebasePerformance: Fetched value: '' for key: 'fpr_disabled_android_versions' from Firebase Remote Config.
10-14 02:42:53.601 26290 26354 D FirebasePerformance: Fetched value: '0.338495' for key: 'fpr_vc_network_request_sampling_rate' from Firebase Remote Config.
10-14 02:42:53.608  2747  7191 W amlaudioMixer: mixer_get_presentation_position(), port not ready now
10-14 02:42:53.608  2747  7191 W audio-subMixingFactory: out_get_presentation_position_port(), pts not valid yet
10-14 02:42:53.619  2747  7191 W amlaudioMixer: mixer_get_presentation_position(), port not ready now
10-14 02:42:53.619  2747  7191 W audio-subMixingFactory: out_get_presentation_position_port(), pts not valid yet
10-14 02:42:53.629  2747  7191 W amlaudioMixer: mixer_get_presentation_position(), port not ready now
10-14 02:42:53.630  2747  7191 W audio-subMixingFactory: out_get_presentation_position_port(), pts not valid yet
10-14 02:42:53.640  2747  7191 W amlaudioMixer: mixer_get_presentation_position(), port not ready now
10-14 02:42:53.640  2747  7191 W audio-subMixingFactory: out_get_presentation_position_port(), pts not valid yet
10-14 02:42:53.651  2747  7191 W amlaudioMixer: mixer_get_presentation_position(), port not ready now
10-14 02:42:53.651  2747  7191 W audio-subMixingFactory: out_get_presentation_position_port(), pts not valid yet
10-14 02:42:53.662  2747  7191 W amlaudioMixer: mixer_get_presentation_position(), port not ready now
10-14 02:42:53.662  2747  7191 W audio-subMixingFactory: out_get_presentation_position_port(), pts not valid yet
10-14 02:42:53.673  2747  7191 W amlaudioMixer: mixer_get_presentation_position(), port not ready now
10-14 02:42:53.673  2747  7191 W audio-subMixingFactory: out_get_presentation_position_port(), pts not valid yet
10-14 02:42:53.682 26290 29471 W FirebaseRemoteConfig: No value of type 'FirebaseRemoteConfigValue' exists for parameter key 'fpr_session_max_duration_min'.
10-14 02:42:53.682 26290 26354 D FirebasePerformance: Fetched value: 'true' for key: 'fpr_enabled' from Firebase Remote Config.
10-14 02:42:53.682 26290 26354 D FirebasePerformance: Fetched value: '' for key: 'fpr_disabled_android_versions' from Firebase Remote Config.
10-14 02:42:53.682 26290 26354 D FirebasePerformance: Fetched value: 'true' for key: 'fpr_enabled' from Firebase Remote Config.
10-14 02:42:53.683 26290 26354 D FirebasePerformance: Fetched value: '' for key: 'fpr_disabled_android_versions' from Firebase Remote Config.
10-14 02:42:53.683 26290 26354 D FirebasePerformance: Fetched value: '0.338495' for key: 'fpr_vc_network_request_sampling_rate' from Firebase Remote Config.
10-14 02:42:53.683  2747  7191 W amlaudioMixer: mixer_get_presentation_position(), port not ready now
10-14 02:42:53.683  2747  7191 W audio-subMixingFactory: out_get_presentation_position_port(), pts not valid yet
10-14 02:42:53.684 26290 29452 I VideoTrackSelection: Track selection [T: Adaptive (Bandwidth Based)] [BT: C:00:33|Min:00:15|Max:01:00] [BM: 22.27% C:3.56 MB|T:16 MB] [BE: 65.3 Mbps (Effective: 52.2 Mbps Fraction: 0.75)] [SB: 00:10/00:25] [I: 0/2] [F: 864x486 @ 1.0 Mbps hev1.2.4.L90.00 30.00 fps]
10-14 02:42:53.694  2747  7191 W amlaudioMixer: mixer_get_presentation_position(), port not ready now
10-14 02:42:53.694  2747  7191 W audio-subMixingFactory: out_get_presentation_position_port(), pts not valid yet
10-14 02:42:53.705  2747  7191 W amlaudioMixer: mixer_get_presentation_position(), port not ready now
10-14 02:42:53.705  2747  7191 W audio-subMixingFactory: out_get_presentation_position_port(), pts not valid yet
10-14 02:42:53.716  2747  7191 W amlaudioMixer: mixer_get_presentation_position(), port not ready now
10-14 02:42:53.716  2747  7191 W audio-subMixingFactory: out_get_presentation_position_port(), pts not valid yet
10-14 02:42:53.719 26290 26354 D FirebasePerformance: Fetched value: 'true' for key: 'fpr_enabled' from Firebase Remote Config.
10-14 02:42:53.719 26290 29472 W FirebaseRemoteConfig: No value of type 'FirebaseRemoteConfigValue' exists for parameter key 'fpr_session_max_duration_min'.
10-14 02:42:53.719 26290 26354 D FirebasePerformance: Fetched value: '' for key: 'fpr_disabled_android_versions' from Firebase Remote Config.
10-14 02:42:53.719 26290 26354 D FirebasePerformance: Fetched value: 'true' for key: 'fpr_enabled' from Firebase Remote Config.
10-14 02:42:53.720 26290 26354 D FirebasePerformance: Fetched value: '' for key: 'fpr_disabled_android_versions' from Firebase Remote Config.
10-14 02:42:53.721 26290 26354 D FirebasePerformance: Fetched value: '0.338495' for key: 'fpr_vc_network_request_sampling_rate' from Firebase Remote Config.
10-14 02:42:53.726  2747  7191 W amlaudioMixer: mixer_get_presentation_position(), port not ready now
10-14 02:42:53.726  2747  7191 W audio-subMixingFactory: out_get_presentation_position_port(), pts not valid yet
10-14 02:42:53.737  2747  7191 W amlaudioMixer: mixer_get_presentation_position(), port not ready now
10-14 02:42:53.737  2747  7191 W audio-subMixingFactory: out_get_presentation_position_port(), pts not valid yet
10-14 02:42:53.748  2747  7191 W amlaudioMixer: mixer_get_presentation_position(), port not ready now
10-14 02:42:53.748  2747  7191 W audio-subMixingFactory: out_get_presentation_position_port(), pts not valid yet
10-14 02:42:53.758  2747  7191 W amlaudioMixer: mixer_get_presentation_position(), port not ready now
10-14 02:42:53.758  2747  7191 W audio-subMixingFactory: out_get_presentation_position_port(), pts not valid yet
10-14 02:42:53.769  2747  7191 W amlaudioMixer: mixer_get_presentation_position(), port not ready now
10-14 02:42:53.769  2747  7191 W audio-subMixingFactory: out_get_presentation_position_port(), pts not valid yet
10-14 02:42:53.780  2747  7191 W amlaudioMixer: mixer_get_presentation_position(), port not ready now
10-14 02:42:53.780  2747  7191 W audio-subMixingFactory: out_get_presentation_position_port(), pts not valid yet
10-14 02:42:53.791  2747  7191 W amlaudioMixer: mixer_get_presentation_position(), port not ready now
10-14 02:42:53.791  2747  7191 W audio-subMixingFactory: out_get_presentation_position_port(), pts not valid yet
10-14 02:42:53.802  2747  7191 W amlaudioMixer: mixer_get_presentation_position(), port not ready now
10-14 02:42:53.802  2747  7191 W audio-subMixingFactory: out_get_presentation_position_port(), pts not valid yet
10-14 02:42:53.812  2747  7191 W amlaudioMixer: mixer_get_presentation_position(), port not ready now
10-14 02:42:53.812  2747  7191 W audio-subMixingFactory: out_get_presentation_position_port(), pts not valid yet
10-14 02:42:53.823  2747  7191 W amlaudioMixer: mixer_get_presentation_position(), port not ready now
10-14 02:42:53.823  2747  7191 W audio-subMixingFactory: out_get_presentation_position_port(), pts not valid yet
10-14 02:42:53.834  2747  7191 W amlaudioMixer: mixer_get_presentation_position(), port not ready now
10-14 02:42:53.834  2747  7191 W audio-subMixingFactory: out_get_presentation_position_port(), pts not valid yet
10-14 02:42:53.845  2747  7191 W amlaudioMixer: mixer_get_presentation_position(), port not ready now
10-14 02:42:53.845  2747  7191 W audio-subMixingFactory: out_get_presentation_position_port(), pts not valid yet
10-14 02:42:53.855  2747  7191 W amlaudioMixer: mixer_get_presentation_position(), port not ready now
10-14 02:42:53.855  2747  7191 W audio-subMixingFactory: out_get_presentation_position_port(), pts not valid yet
10-14 02:42:53.866  2747  7191 W amlaudioMixer: mixer_get_presentation_position(), port not ready now
10-14 02:42:53.866  2747  7191 W audio-subMixingFactory: out_get_presentation_position_port(), pts not valid yet
10-14 02:42:53.870 26290 29471 W FirebaseRemoteConfig: No value of type 'FirebaseRemoteConfigValue' exists for parameter key 'fpr_session_max_duration_min'.
10-14 02:42:53.870 26290 26354 D FirebasePerformance: Fetched value: 'true' for key: 'fpr_enabled' from Firebase Remote Config.
10-14 02:42:53.871 26290 26354 D FirebasePerformance: Fetched value: '' for key: 'fpr_disabled_android_versions' from Firebase Remote Config.
10-14 02:42:53.871 26290 26354 D FirebasePerformance: Fetched value: 'true' for key: 'fpr_enabled' from Firebase Remote Config.
10-14 02:42:53.871 26290 26354 D FirebasePerformance: Fetched value: '' for key: 'fpr_disabled_android_versions' from Firebase Remote Config.
10-14 02:42:53.872 26290 26354 D FirebasePerformance: Fetched value: '0.338495' for key: 'fpr_vc_network_request_sampling_rate' from Firebase Remote Config.
10-14 02:42:53.873 26290 29452 I VideoTrackSelection: Track selection [T: Adaptive (Bandwidth Based)] [BT: C:00:41|Min:00:15|Max:01:00] [BM: 31.64% C:5.06 MB|T:16 MB] [BE: 67.8 Mbps (Effective: 54.3 Mbps Fraction: 0.75)] [SB: 00:10/00:25] [I: 0/2] [F: 864x486 @ 1.0 Mbps hev1.2.4.L90.00 30.00 fps]
10-14 02:42:53.877  2747  7191 W amlaudioMixer: mixer_get_presentation_position(), port not ready now
10-14 02:42:53.877  2747  7191 W audio-subMixingFactory: out_get_presentation_position_port(), pts not valid yet
10-14 02:42:53.887  2747  7191 W amlaudioMixer: mixer_get_presentation_position(), port not ready now
10-14 02:42:53.887  2747  7191 W audio-subMixingFactory: out_get_presentation_position_port(), pts not valid yet
10-14 02:42:53.895 26290 26354 D FirebasePerformance: Fetched value: 'true' for key: 'fpr_enabled' from Firebase Remote Config.
10-14 02:42:53.895 26290 29472 W FirebaseRemoteConfig: No value of type 'FirebaseRemoteConfigValue' exists for parameter key 'fpr_session_max_duration_min'.
10-14 02:42:53.895 26290 26354 D FirebasePerformance: Fetched value: '' for key: 'fpr_disabled_android_versions' from Firebase Remote Config.
10-14 02:42:53.895 26290 26354 D FirebasePerformance: Fetched value: 'true' for key: 'fpr_enabled' from Firebase Remote Config.
10-14 02:42:53.895 26290 26354 D FirebasePerformance: Fetched value: '' for key: 'fpr_disabled_android_versions' from Firebase Remote Config.
10-14 02:42:53.896 26290 26354 D FirebasePerformance: Fetched value: '0.338495' for key: 'fpr_vc_network_request_sampling_rate' from Firebase Remote Config.
10-14 02:42:53.898  2747  7191 W amlaudioMixer: mixer_get_presentation_position(), port not ready now
10-14 02:42:53.898  2747  7191 W audio-subMixingFactory: out_get_presentation_position_port(), pts not valid yet
10-14 02:42:53.909  2747  7191 W amlaudioMixer: mixer_get_presentation_position(), port not ready now
10-14 02:42:53.909  2747  7191 W audio-subMixingFactory: out_get_presentation_position_port(), pts not valid yet
10-14 02:42:53.919  2747  7191 W amlaudioMixer: mixer_get_presentation_position(), port not ready now
10-14 02:42:53.920  2747  7191 W audio-subMixingFactory: out_get_presentation_position_port(), pts not valid yet
10-14 02:42:53.930  2747  7191 W amlaudioMixer: mixer_get_presentation_position(), port not ready now
10-14 02:42:53.930  2747  7191 W audio-subMixingFactory: out_get_presentation_position_port(), pts not valid yet
10-14 02:42:53.941  2747  7191 W amlaudioMixer: mixer_get_presentation_position(), port not ready now
10-14 02:42:53.941  2747  7191 W audio-subMixingFactory: out_get_presentation_position_port(), pts not valid yet
10-14 02:42:53.952  2747  7191 W amlaudioMixer: mixer_get_presentation_position(), port not ready now
10-14 02:42:53.952  2747  7191 W audio-subMixingFactory: out_get_presentation_position_port(), pts not valid yet
10-14 02:42:53.962  2747  7191 W amlaudioMixer: mixer_get_presentation_position(), port not ready now
10-14 02:42:53.962  2747  7191 W audio-subMixingFactory: out_get_presentation_position_port(), pts not valid yet
10-14 02:42:53.973  2747  7191 W amlaudioMixer: mixer_get_presentation_position(), port not ready now
10-14 02:42:53.973  2747  7191 W audio-subMixingFactory: out_get_presentation_position_port(), pts not valid yet
10-14 02:42:53.984  2747  7191 W amlaudioMixer: mixer_get_presentation_position(), port not ready now
10-14 02:42:53.984  2747  7191 W audio-subMixingFactory: out_get_presentation_position_port(), pts not valid yet
10-14 02:42:53.994  2747  7191 W amlaudioMixer: mixer_get_presentation_position(), port not ready now
10-14 02:42:53.995  2747  7191 W audio-subMixingFactory: out_get_presentation_position_port(), pts not valid yet
10-14 02:42:54.005  2747  7191 W amlaudioMixer: mixer_get_presentation_position(), port not ready now
10-14 02:42:54.005  2747  7191 W audio-subMixingFactory: out_get_presentation_position_port(), pts not valid yet
10-14 02:42:54.008 26290 26354 D FirebasePerformance: Fetched value: 'true' for key: 'fpr_enabled' from Firebase Remote Config.
10-14 02:42:54.008 26290 29471 W FirebaseRemoteConfig: No value of type 'FirebaseRemoteConfigValue' exists for parameter key 'fpr_session_max_duration_min'.
10-14 02:42:54.009 26290 26354 D FirebasePerformance: Fetched value: '' for key: 'fpr_disabled_android_versions' from Firebase Remote Config.
10-14 02:42:54.009 26290 26354 D FirebasePerformance: Fetched value: 'true' for key: 'fpr_enabled' from Firebase Remote Config.
10-14 02:42:54.009 26290 26354 D FirebasePerformance: Fetched value: '' for key: 'fpr_disabled_android_versions' from Firebase Remote Config.
10-14 02:42:54.010 26290 26354 D FirebasePerformance: Fetched value: '0.338495' for key: 'fpr_vc_network_request_sampling_rate' from Firebase Remote Config.
10-14 02:42:54.011 26290 29452 I VideoTrackSelection: Track selection [T: Adaptive (Bandwidth Based)] [BT: C:00:50|Min:00:15|Max:01:00] [BM: 39.45% C:6.31 MB|T:16 MB] [BE: 79.2 Mbps (Effective: 63.4 Mbps Fraction: 0.75)] [SB: 00:10/00:25] [I: 0/2] [F: 864x486 @ 1.0 Mbps hev1.2.4.L90.00 30.00 fps]
10-14 02:42:54.016  2747  7191 W amlaudioMixer: mixer_get_presentation_position(), port not ready now
10-14 02:42:54.016  2747  7191 W audio-subMixingFactory: out_get_presentation_position_port(), pts not valid yet
10-14 02:42:54.027  2747  7191 W amlaudioMixer: mixer_get_presentation_position(), port not ready now
10-14 02:42:54.027  2747  7191 W audio-subMixingFactory: out_get_presentation_position_port(), pts not valid yet
10-14 02:42:54.037  2747  7191 W amlaudioMixer: mixer_get_presentation_position(), port not ready now
10-14 02:42:54.037  2747  7191 W audio-subMixingFactory: out_get_presentation_position_port(), pts not valid yet
10-14 02:42:54.047 26290 26354 D FirebasePerformance: Fetched value: 'true' for key: 'fpr_enabled' from Firebase Remote Config.
10-14 02:42:54.047 26290 29472 W FirebaseRemoteConfig: No value of type 'FirebaseRemoteConfigValue' exists for parameter key 'fpr_session_max_duration_min'.
10-14 02:42:54.048 26290 26354 D FirebasePerformance: Fetched value: '' for key: 'fpr_disabled_android_versions' from Firebase Remote Config.
10-14 02:42:54.048 26290 26354 D FirebasePerformance: Fetched value: 'true' for key: 'fpr_enabled' from Firebase Remote Config.
10-14 02:42:54.048  2747  7191 W amlaudioMixer: mixer_get_presentation_position(), port not ready now
10-14 02:42:54.048  2747  7191 W audio-subMixingFactory: out_get_presentation_position_port(), pts not valid yet
10-14 02:42:54.048 26290 26354 D FirebasePerformance: Fetched value: '' for key: 'fpr_disabled_android_versions' from Firebase Remote Config.
10-14 02:42:54.049 26290 26354 D FirebasePerformance: Fetched value: '0.338495' for key: 'fpr_vc_network_request_sampling_rate' from Firebase Remote Config.
10-14 02:42:54.059  2747  7191 W amlaudioMixer: mixer_get_presentation_position(), port not ready now
10-14 02:42:54.059  2747  7191 W audio-subMixingFactory: out_get_presentation_position_port(), pts not valid yet
10-14 02:42:54.069  2747  7191 W amlaudioMixer: mixer_get_presentation_position(), port not ready now
10-14 02:42:54.069  2747  7191 W audio-subMixingFactory: out_get_presentation_position_port(), pts not valid yet
10-14 02:42:54.080  2747  7191 W amlaudioMixer: mixer_get_presentation_position(), port not ready now
10-14 02:42:54.080  2747  7191 W audio-subMixingFactory: out_get_presentation_position_port(), pts not valid yet
10-14 02:42:54.091  2747  7191 W amlaudioMixer: mixer_get_presentation_position(), port not ready now
10-14 02:42:54.091  2747  7191 W audio-subMixingFactory: out_get_presentation_position_port(), pts not valid yet
10-14 02:42:54.102  2747  7191 W amlaudioMixer: mixer_get_presentation_position(), port not ready now
10-14 02:42:54.102  2747  7191 W audio-subMixingFactory: out_get_presentation_position_port(), pts not valid yet
10-14 02:42:54.112  2747  7191 W amlaudioMixer: mixer_get_presentation_position(), port not ready now
10-14 02:42:54.112  2747  7191 W audio-subMixingFactory: out_get_presentation_position_port(), pts not valid yet
10-14 02:42:54.123  2747  7191 W amlaudioMixer: mixer_get_presentation_position(), port not ready now
10-14 02:42:54.123  2747  7191 W audio-subMixingFactory: out_get_presentation_position_port(), pts not valid yet
10-14 02:42:54.134  2747  7191 W amlaudioMixer: mixer_get_presentation_position(), port not ready now
10-14 02:42:54.134  2747  7191 W audio-subMixingFactory: out_get_presentation_position_port(), pts not valid yet
10-14 02:42:54.145  2747  7191 W amlaudioMixer: mixer_get_presentation_position(), port not ready now
10-14 02:42:54.145  2747  7191 W audio-subMixingFactory: out_get_presentation_position_port(), pts not valid yet
10-14 02:42:54.156  2747  7191 W amlaudioMixer: mixer_get_presentation_position(), port not ready now
10-14 02:42:54.156  2747  7191 W audio-subMixingFactory: out_get_presentation_position_port(), pts not valid yet
10-14 02:42:54.162 26290 29471 W FirebaseRemoteConfig: No value of type 'FirebaseRemoteConfigValue' exists for parameter key 'fpr_session_max_duration_min'.
10-14 02:42:54.162 26290 26354 D FirebasePerformance: Fetched value: 'true' for key: 'fpr_enabled' from Firebase Remote Config.
10-14 02:42:54.162 26290 26354 D FirebasePerformance: Fetched value: '' for key: 'fpr_disabled_android_versions' from Firebase Remote Config.
10-14 02:42:54.163 26290 26354 D FirebasePerformance: Fetched value: 'true' for key: 'fpr_enabled' from Firebase Remote Config.
10-14 02:42:54.163 26290 26354 D FirebasePerformance: Fetched value: '' for key: 'fpr_disabled_android_versions' from Firebase Remote Config.
10-14 02:42:54.164 26290 26354 D FirebasePerformance: Fetched value: '0.338495' for key: 'fpr_vc_network_request_sampling_rate' from Firebase Remote Config.
10-14 02:42:54.164 26290 29452 I VideoTrackSelection: Track selection [T: Adaptive (Bandwidth Based)] [BT: C:00:58|Min:00:15|Max:01:00] [BM: 48.44% C:7.75 MB|T:16 MB] [BE: 79.0 Mbps (Effective: 63.2 Mbps Fraction: 0.75)] [SB: 00:10/00:25] [I: 0/2] [F: 864x486 @ 1.0 Mbps hev1.2.4.L90.00 30.00 fps]
10-14 02:42:54.166  2747  7191 W amlaudioMixer: mixer_get_presentation_position(), port not ready now
10-14 02:42:54.167  2747  7191 W audio-subMixingFactory: out_get_presentation_position_port(), pts not valid yet
10-14 02:42:54.177  2747  7191 W amlaudioMixer: mixer_get_presentation_position(), port not ready now
10-14 02:42:54.177  2747  7191 W audio-subMixingFactory: out_get_presentation_position_port(), pts not valid yet
10-14 02:42:54.188  2747  7191 W amlaudioMixer: mixer_get_presentation_position(), port not ready now
10-14 02:42:54.188  2747  7191 W audio-subMixingFactory: out_get_presentation_position_port(), pts not valid yet
10-14 02:42:54.199  2747  7191 W amlaudioMixer: mixer_get_presentation_position(), port not ready now
10-14 02:42:54.199  2747  7191 W audio-subMixingFactory: out_get_presentation_position_port(), pts not valid yet
10-14 02:42:54.200 26290 29472 W FirebaseRemoteConfig: No value of type 'FirebaseRemoteConfigValue' exists for parameter key 'fpr_session_max_duration_min'.
10-14 02:42:54.200 26290 26354 D FirebasePerformance: Fetched value: 'true' for key: 'fpr_enabled' from Firebase Remote Config.
