10-14 02:42:08.595 26290 26354 D FirebasePerformance: Fetched value: '' for key: 'fpr_disabled_android_versions' from Firebase Remote Config.
10-14 02:42:08.596 26290 26354 D FirebasePerformance: Fetched value: '0.338495' for key: 'fpr_vc_network_request_sampling_rate' from Firebase Remote Config.
10-14 02:42:10.431 26290 26676 W FirebaseRemoteConfig: No value of type 'FirebaseRemoteConfigValue' exists for parameter key 'fpr_session_max_duration_min'.
10-14 02:42:10.431 26290 26354 D FirebasePerformance: Fetched value: 'true' for key: 'fpr_enabled' from Firebase Remote Config.
10-14 02:42:10.431 26290 26354 D FirebasePerformance: Fetched value: '' for key: 'fpr_disabled_android_versions' from Firebase Remote Config.
10-14 02:42:10.431 26290 26354 D FirebasePerformance: Fetched value: 'true' for key: 'fpr_enabled' from Firebase Remote Config.
10-14 02:42:10.432 26290 26354 D FirebasePerformance: Fetched value: '' for key: 'fpr_disabled_android_versions' from Firebase Remote Config.
10-14 02:42:10.432 26290 26354 D FirebasePerformance: Fetched value: '0.338495' for key: 'fpr_vc_network_request_sampling_rate' from Firebase Remote Config.
10-14 02:42:10.494 26290 26354 D FirebasePerformance: Fetched value: 'true' for key: 'fpr_enabled' from Firebase Remote Config.
10-14 02:42:10.494 26290 26677 W FirebaseRemoteConfig: No value of type 'FirebaseRemoteConfigValue' exists for parameter key 'fpr_session_max_duration_min'.
10-14 02:42:10.494 26290 26354 D FirebasePerformance: Fetched value: '' for key: 'fpr_disabled_android_versions' from Firebase Remote Config.
10-14 02:42:10.495 26290 26354 D FirebasePerformance: Fetched value: 'true' for key: 'fpr_enabled' from Firebase Remote Config.
10-14 02:42:10.495 26290 26354 D FirebasePerformance: Fetched value: '' for key: 'fpr_disabled_android_versions' from Firebase Remote Config.
10-14 02:42:10.496 26290 26354 D FirebasePerformance: Fetched value: '0.338495' for key: 'fpr_vc_network_request_sampling_rate' from Firebase Remote Config.
10-14 02:42:11.406 26290 26354 D FirebasePerformance: Fetched value: 'true' for key: 'fpr_enabled' from Firebase Remote Config.
10-14 02:42:11.406 26290 26678 W FirebaseRemoteConfig: No value of type 'FirebaseRemoteConfigValue' exists for parameter key 'fpr_session_max_duration_min'.
10-14 02:42:11.407 26290 26354 D FirebasePerformance: Fetched value: '' for key: 'fpr_disabled_android_versions' from Firebase Remote Config.
10-14 02:42:11.407 26290 26354 D FirebasePerformance: Fetched value: 'true' for key: 'fpr_enabled' from Firebase Remote Config.
10-14 02:42:11.407 26290 26354 D FirebasePerformance: Fetched value: '' for key: 'fpr_disabled_android_versions' from Firebase Remote Config.
10-14 02:42:11.408 26290 26354 D FirebasePerformance: Fetched value: '0.338495' for key: 'fpr_vc_network_request_sampling_rate' from Firebase Remote Config.
10-14 02:42:11.409 26290 26354 D FirebasePerformance: Fetched value: 'true' for key: 'fpr_enabled' from Firebase Remote Config.
10-14 02:42:11.409 26290 26354 D FirebasePerformance: Fetched value: '' for key: 'fpr_disabled_android_versions' from Firebase Remote Config.
10-14 02:42:11.410 26290 26354 D FirebasePerformance: Fetched value: 'true' for key: 'fpr_enabled' from Firebase Remote Config.
10-14 02:42:11.410 26290 26354 D FirebasePerformance: Fetched value: '' for key: 'fpr_disabled_android_versions' from Firebase Remote Config.
10-14 02:42:11.410 26290 26354 D FirebasePerformance: Fetched value: '0.338495' for key: 'fpr_vc_network_request_sampling_rate' from Firebase Remote Config.
10-14 02:42:11.411 26290 26509 W FirebaseRemoteConfig: No value of type 'FirebaseRemoteConfigValue' exists for parameter key 'fpr_session_max_duration_min'.
10-14 02:42:11.443 26290 26508 W FirebaseRemoteConfig: No value of type 'FirebaseRemoteConfigValue' exists for parameter key 'fpr_session_max_duration_min'.
10-14 02:42:11.443 26290 26354 D FirebasePerformance: Fetched value: 'true' for key: 'fpr_enabled' from Firebase Remote Config.
10-14 02:42:11.443 26290 26354 D FirebasePerformance: Fetched value: '' for key: 'fpr_disabled_android_versions' from Firebase Remote Config.
10-14 02:42:11.443 26290 26354 D FirebasePerformance: Fetched value: 'true' for key: 'fpr_enabled' from Firebase Remote Config.
10-14 02:42:11.444 26290 26354 D FirebasePerformance: Fetched value: '' for key: 'fpr_disabled_android_versions' from Firebase Remote Config.
10-14 02:42:11.444 26290 26354 D FirebasePerformance: Fetched value: '0.338495' for key: 'fpr_vc_network_request_sampling_rate' from Firebase Remote Config.
10-14 02:42:12.409 26290 26354 D FirebasePerformance: Fetched value: 'true' for key: 'fpr_enabled' from Firebase Remote Config.
10-14 02:42:12.409 26290 26675 W FirebaseRemoteConfig: No value of type 'FirebaseRemoteConfigValue' exists for parameter key 'fpr_session_max_duration_min'.
10-14 02:42:12.409 26290 26354 D FirebasePerformance: Fetched value: '' for key: 'fpr_disabled_android_versions' from Firebase Remote Config.
10-14 02:42:12.409 26290 26354 D FirebasePerformance: Fetched value: 'true' for key: 'fpr_enabled' from Firebase Remote Config.
10-14 02:42:12.410 26290 26354 D FirebasePerformance: Fetched value: '' for key: 'fpr_disabled_android_versions' from Firebase Remote Config.
10-14 02:42:12.410 26290 26354 D FirebasePerformance: Fetched value: '0.338495' for key: 'fpr_vc_network_request_sampling_rate' from Firebase Remote Config.
10-14 02:42:12.440 26290 26676 W FirebaseRemoteConfig: No value of type 'FirebaseRemoteConfigValue' exists for parameter key 'fpr_session_max_duration_min'.
10-14 02:42:12.440 26290 26354 D FirebasePerformance: Fetched value: 'true' for key: 'fpr_enabled' from Firebase Remote Config.
10-14 02:42:12.440 26290 26354 D FirebasePerformance: Fetched value: '' for key: 'fpr_disabled_android_versions' from Firebase Remote Config.
10-14 02:42:12.440 26290 26354 D FirebasePerformance: Fetched value: 'true' for key: 'fpr_enabled' from Firebase Remote Config.
10-14 02:42:12.441 26290 26354 D FirebasePerformance: Fetched value: '' for key: 'fpr_disabled_android_versions' from Firebase Remote Config.
10-14 02:42:12.441 26290 26354 D FirebasePerformance: Fetched value: '0.338495' for key: 'fpr_vc_network_request_sampling_rate' from Firebase Remote Config.
10-14 02:42:12.537 26290 26354 D FirebasePerformance: Fetched value: 'true' for key: 'fpr_enabled' from Firebase Remote Config.
10-14 02:42:12.537 26290 26354 D FirebasePerformance: Fetched value: '' for key: 'fpr_disabled_android_versions' from Firebase Remote Config.
10-14 02:42:12.538 26290 26354 D FirebasePerformance: Fetched value: 'true' for key: 'fpr_enabled' from Firebase Remote Config.
10-14 02:42:12.538 26290 26354 D FirebasePerformance: Fetched value: '' for key: 'fpr_disabled_android_versions' from Firebase Remote Config.
10-14 02:42:12.539 26290 26354 D FirebasePerformance: Fetched value: '0.338495' for key: 'fpr_vc_network_request_sampling_rate' from Firebase Remote Config.
10-14 02:42:12.540 26290 26677 W FirebaseRemoteConfig: No value of type 'FirebaseRemoteConfigValue' exists for parameter key 'fpr_session_max_duration_min'.
10-14 02:42:13.182 26290 26354 D FirebasePerformance: Fetched value: 'true' for key: 'fpr_enabled' from Firebase Remote Config.
10-14 02:42:13.182 26290 26678 W FirebaseRemoteConfig: No value of type 'FirebaseRemoteConfigValue' exists for parameter key 'fpr_session_max_duration_min'.
10-14 02:42:13.183 26290 26354 D FirebasePerformance: Fetched value: '' for key: 'fpr_disabled_android_versions' from Firebase Remote Config.
10-14 02:42:13.183 26290 26354 D FirebasePerformance: Fetched value: 'true' for key: 'fpr_enabled' from Firebase Remote Config.
10-14 02:42:13.183 26290 26354 D FirebasePerformance: Fetched value: '' for key: 'fpr_disabled_android_versions' from Firebase Remote Config.
10-14 02:42:13.184 26290 26354 D FirebasePerformance: Fetched value: '0.338495' for key: 'fpr_vc_network_request_sampling_rate' from Firebase Remote Config.
10-14 02:42:13.889 26290 26354 D FirebasePerformance: Fetched value: 'true' for key: 'fpr_enabled' from Firebase Remote Config.
10-14 02:42:13.889 26290 26509 W FirebaseRemoteConfig: No value of type 'FirebaseRemoteConfigValue' exists for parameter key 'fpr_session_max_duration_min'.
10-14 02:42:13.889 26290 26354 D FirebasePerformance: Fetched value: '' for key: 'fpr_disabled_android_versions' from Firebase Remote Config.
10-14 02:42:13.890 26290 26354 D FirebasePerformance: Fetched value: 'true' for key: 'fpr_enabled' from Firebase Remote Config.
10-14 02:42:13.890 26290 26354 D FirebasePerformance: Fetched value: '' for key: 'fpr_disabled_android_versions' from Firebase Remote Config.
10-14 02:42:13.891 26290 26354 D FirebasePerformance: Fetched value: '0.338495' for key: 'fpr_vc_network_request_sampling_rate' from Firebase Remote Config.
10-14 02:42:15.340 26290 26354 D FirebasePerformance: Fetched value: 'true' for key: 'fpr_enabled' from Firebase Remote Config.
10-14 02:42:15.341 26290 26354 D FirebasePerformance: Fetched value: '' for key: 'fpr_disabled_android_versions' from Firebase Remote Config.
10-14 02:42:15.341 26290 26354 D FirebasePerformance: Fetched value: 'true' for key: 'fpr_enabled' from Firebase Remote Config.
10-14 02:42:15.341 26290 26354 D FirebasePerformance: Fetched value: '' for key: 'fpr_disabled_android_versions' from Firebase Remote Config.
10-14 02:42:15.342 26290 26354 D FirebasePerformance: Fetched value: '0.338495' for key: 'fpr_vc_network_request_sampling_rate' from Firebase Remote Config.
10-14 02:42:15.342 26290 26508 W FirebaseRemoteConfig: No value of type 'FirebaseRemoteConfigValue' exists for parameter key 'fpr_session_max_duration_min'.
10-14 02:42:17.054  4078  4078 D skia    : --- Failed to create image decoder with message 'unimplemented'
10-14 02:42:17.068  4078  4078 D skia    : --- Failed to create image decoder with message 'unimplemented'
10-14 02:42:18.104 26290 26354 D FirebasePerformance: Fetched value: 'true' for key: 'fpr_enabled' from Firebase Remote Config.
10-14 02:42:18.104 26290 26675 W FirebaseRemoteConfig: No value of type 'FirebaseRemoteConfigValue' exists for parameter key 'fpr_session_max_duration_min'.
10-14 02:42:18.104 26290 26354 D FirebasePerformance: Fetched value: '' for key: 'fpr_disabled_android_versions' from Firebase Remote Config.
10-14 02:42:18.104 26290 26354 D FirebasePerformance: Fetched value: 'true' for key: 'fpr_enabled' from Firebase Remote Config.
10-14 02:42:18.105 26290 26354 D FirebasePerformance: Fetched value: '' for key: 'fpr_disabled_android_versions' from Firebase Remote Config.
10-14 02:42:18.106 26290 26354 D FirebasePerformance: Fetched value: '0.338495' for key: 'fpr_vc_network_request_sampling_rate' from Firebase Remote Config.
10-14 02:42:18.281 26290 26354 D FirebasePerformance: Fetched value: 'true' for key: 'fpr_enabled' from Firebase Remote Config.
10-14 02:42:18.282 26290 26354 D FirebasePerformance: Fetched value: '' for key: 'fpr_disabled_android_versions' from Firebase Remote Config.
10-14 02:42:18.282 26290 26354 D FirebasePerformance: Fetched value: 'true' for key: 'fpr_enabled' from Firebase Remote Config.
10-14 02:42:18.282 26290 26354 D FirebasePerformance: Fetched value: '' for key: 'fpr_disabled_android_versions' from Firebase Remote Config.
10-14 02:42:18.283 26290 26354 D FirebasePerformance: Fetched value: '0.338495' for key: 'fpr_vc_network_request_sampling_rate' from Firebase Remote Config.
10-14 02:42:18.284 26290 26676 W FirebaseRemoteConfig: No value of type 'FirebaseRemoteConfigValue' exists for parameter key 'fpr_session_max_duration_min'.
10-14 02:42:18.875 26290 26290 W View    : requestLayout() improperly called by com.frograms.wplay.view.widget.textview.LatoMediumView{554d83a V.ED..... ......ID 20,0-49,65 #7f0b0159 app:id/count} during layout: running second layout pass
10-14 02:42:18.875 26290 26290 W View    : requestLayout() improperly called by com.frograms.wplay.view.widget.textview.NotoRegularView{5ddeceb V.ED..... ......ID 22,83-340,107 #7f0b013c app:id/comment} during layout: running second layout pass
10-14 02:42:18.875 26290 26290 W View    : requestLayout() improperly called by com.frograms.wplay.view.widget.textview.NotoMediumView{66faa48 VFED..C.. ......ID 1237,0-1320,48 #7f0b047e app:id/skip} during layout: running second layout pass
10-14 02:42:18.886 26290 26290 W View    : requestLayout() improperly called by com.google.android.material.appbar.CollapsingToolbarLayout{5b3c3ea V.ED..... ........ 0,0-1360,133 #7f0b012f app:id/collapsing_toolbar} during second layout pass: posting in next frame
10-14 02:42:18.888 26290 26677 W FirebaseRemoteConfig: No value of type 'FirebaseRemoteConfigValue' exists for parameter key 'fpr_session_max_duration_min'.
10-14 02:42:18.888 26290 26354 D FirebasePerformance: Fetched value: 'true' for key: 'fpr_enabled' from Firebase Remote Config.
10-14 02:42:18.888 26290 26354 D FirebasePerformance: Fetched value: '' for key: 'fpr_disabled_android_versions' from Firebase Remote Config.
10-14 02:42:18.890 26290 26354 D FirebasePerformance: Fetched value: 'true' for key: 'fpr_enabled' from Firebase Remote Config.
10-14 02:42:18.890 26290 26354 D FirebasePerformance: Fetched value: '' for key: 'fpr_disabled_android_versions' from Firebase Remote Config.
10-14 02:42:18.891 26290 26354 D FirebasePerformance: Fetched value: '0.338495' for key: 'fpr_vc_network_request_sampling_rate' from Firebase Remote Config.
10-14 02:42:19.685 26290 26354 D FirebasePerformance: Fetched value: 'true' for key: 'fpr_enabled' from Firebase Remote Config.
10-14 02:42:19.685 26290 26678 W FirebaseRemoteConfig: No value of type 'FirebaseRemoteConfigValue' exists for parameter key 'fpr_session_max_duration_min'.
10-14 02:42:19.685 26290 26354 D FirebasePerformance: Fetched value: '' for key: 'fpr_disabled_android_versions' from Firebase Remote Config.
10-14 02:42:19.686 26290 26354 D FirebasePerformance: Fetched value: 'true' for key: 'fpr_enabled' from Firebase Remote Config.
10-14 02:42:19.686 26290 26354 D FirebasePerformance: Fetched value: '' for key: 'fpr_disabled_android_versions' from Firebase Remote Config.
10-14 02:42:19.687 26290 26354 D FirebasePerformance: Fetched value: '0.338495' for key: 'fpr_vc_network_request_sampling_rate' from Firebase Remote Config.
10-14 02:42:20.887 26290 26509 W FirebaseRemoteConfig: No value of type 'FirebaseRemoteConfigValue' exists for parameter key 'fpr_session_max_duration_min'.
10-14 02:42:20.887 26290 26354 D FirebasePerformance: Fetched value: 'true' for key: 'fpr_enabled' from Firebase Remote Config.
10-14 02:42:20.888 26290 26354 D FirebasePerformance: Fetched value: '' for key: 'fpr_disabled_android_versions' from Firebase Remote Config.
10-14 02:42:20.889 26290 26354 D FirebasePerformance: Fetched value: 'true' for key: 'fpr_enabled' from Firebase Remote Config.
10-14 02:42:20.889 26290 26354 D FirebasePerformance: Fetched value: '' for key: 'fpr_disabled_android_versions' from Firebase Remote Config.
10-14 02:42:20.889 26290 26354 D FirebasePerformance: Fetched value: '0.338495' for key: 'fpr_vc_network_request_sampling_rate' from Firebase Remote Config.
10-14 02:42:20.937 26290 26508 W FirebaseRemoteConfig: No value of type 'FirebaseRemoteConfigValue' exists for parameter key 'fpr_session_max_duration_min'.
10-14 02:42:20.937 26290 26354 D FirebasePerformance: Fetched value: 'true' for key: 'fpr_enabled' from Firebase Remote Config.
10-14 02:42:20.938 26290 26354 D FirebasePerformance: Fetched value: '' for key: 'fpr_disabled_android_versions' from Firebase Remote Config.
10-14 02:42:20.938 26290 26354 D FirebasePerformance: Fetched value: 'true' for key: 'fpr_enabled' from Firebase Remote Config.
10-14 02:42:20.939 26290 26354 D FirebasePerformance: Fetched value: '' for key: 'fpr_disabled_android_versions' from Firebase Remote Config.
10-14 02:42:20.939 26290 26354 D FirebasePerformance: Fetched value: '0.338495' for key: 'fpr_vc_network_request_sampling_rate' from Firebase Remote Config.
10-14 02:42:21.583 26290 26675 W FirebaseRemoteConfig: No value of type 'FirebaseRemoteConfigValue' exists for parameter key 'fpr_session_max_duration_min'.
10-14 02:42:21.583 26290 26354 D FirebasePerformance: Fetched value: 'true' for key: 'fpr_enabled' from Firebase Remote Config.
10-14 02:42:21.584 26290 26354 D FirebasePerformance: Fetched value: '' for key: 'fpr_disabled_android_versions' from Firebase Remote Config.
10-14 02:42:21.584 26290 26354 D FirebasePerformance: Fetched value: 'true' for key: 'fpr_enabled' from Firebase Remote Config.
10-14 02:42:21.584 26290 26354 D FirebasePerformance: Fetched value: '' for key: 'fpr_disabled_android_versions' from Firebase Remote Config.
10-14 02:42:21.585 26290 26354 D FirebasePerformance: Fetched value: '0.338495' for key: 'fpr_vc_network_request_sampling_rate' from Firebase Remote Config.
10-14 02:42:22.031 26290 26676 W FirebaseRemoteConfig: No value of type 'FirebaseRemoteConfigValue' exists for parameter key 'fpr_session_max_duration_min'.
10-14 02:42:22.031 26290 26354 D FirebasePerformance: Fetched value: 'true' for key: 'fpr_enabled' from Firebase Remote Config.
10-14 02:42:22.032 26290 26354 D FirebasePerformance: Fetched value: '' for key: 'fpr_disabled_android_versions' from Firebase Remote Config.
10-14 02:42:22.032 26290 26354 D FirebasePerformance: Fetched value: 'true' for key: 'fpr_enabled' from Firebase Remote Config.
10-14 02:42:22.032 26290 26354 D FirebasePerformance: Fetched value: '' for key: 'fpr_disabled_android_versions' from Firebase Remote Config.
10-14 02:42:22.033 26290 26354 D FirebasePerformance: Fetched value: '0.338495' for key: 'fpr_vc_network_request_sampling_rate' from Firebase Remote Config.
10-14 02:42:22.035 26290 26354 D FirebasePerformance: Fetched value: 'true' for key: 'fpr_enabled' from Firebase Remote Config.
10-14 02:42:22.036 26290 26354 D FirebasePerformance: Fetched value: '' for key: 'fpr_disabled_android_versions' from Firebase Remote Config.
10-14 02:42:22.036 26290 26354 D FirebasePerformance: Fetched value: 'true' for key: 'fpr_enabled' from Firebase Remote Config.
10-14 02:42:22.037 26290 26354 D FirebasePerformance: Fetched value: '' for key: 'fpr_disabled_android_versions' from Firebase Remote Config.
10-14 02:42:22.038 26290 26354 D FirebasePerformance: Fetched value: '0.338495' for key: 'fpr_vc_network_request_sampling_rate' from Firebase Remote Config.
10-14 02:42:22.038 26290 26677 W FirebaseRemoteConfig: No value of type 'FirebaseRemoteConfigValue' exists for parameter key 'fpr_session_max_duration_min'.
10-14 02:42:22.538 26290 26678 W FirebaseRemoteConfig: No value of type 'FirebaseRemoteConfigValue' exists for parameter key 'fpr_session_max_duration_min'.
10-14 02:42:22.538 26290 26354 D FirebasePerformance: Fetched value: 'true' for key: 'fpr_enabled' from Firebase Remote Config.
10-14 02:42:22.539 26290 26354 D FirebasePerformance: Fetched value: '' for key: 'fpr_disabled_android_versions' from Firebase Remote Config.
10-14 02:42:22.539 26290 26354 D FirebasePerformance: Fetched value: 'true' for key: 'fpr_enabled' from Firebase Remote Config.
10-14 02:42:22.539 26290 26354 D FirebasePerformance: Fetched value: '' for key: 'fpr_disabled_android_versions' from Firebase Remote Config.
10-14 02:42:22.540 26290 26354 D FirebasePerformance: Fetched value: '0.338495' for key: 'fpr_vc_network_request_sampling_rate' from Firebase Remote Config.
10-14 02:42:24.887  3483 24587 W NetworkScheduler: Error inserting period=6725000 preferred_charging_state=1 preferred_network_type=1 target_class=com.google.android.gms.measurement.PackageMeasurementTaskService required_network_type=0 runtime=1602610944885 required_idleness_state=0 source=16 service_kind=0 target_package=com.google.android.gms persistence_level=1 source_version=203615000 last_runtime=0 user_id=0 job_id=-1 requires_charging=0 tag=Measurement.PackageMeasurementTaskService.UPLOAD_TASK_TAG flex_time=3362000 task_type=0 retry_strategy={"maximum_backoff_seconds":{"3600":0},"initial_backoff_seconds":{"30":0},"retry_policy":{"0":0}}, error message: UNIQUE constraint failed: pending_ops.tag, pending_ops.target_class, pending_ops.target_package, pending_ops.user_id (code 2067 SQLITE_CONSTRAINT_UNIQUE) [CONTEXT service_id=218 ]
10-14 02:42:26.737 26290 26354 D FirebasePerformance: Fetched value: 'true' for key: 'fpr_enabled' from Firebase Remote Config.
10-14 02:42:26.738 26290 26354 D FirebasePerformance: Fetched value: '' for key: 'fpr_disabled_android_versions' from Firebase Remote Config.
10-14 02:42:26.738 26290 26354 D FirebasePerformance: Fetched value: 'true' for key: 'fpr_enabled' from Firebase Remote Config.
10-14 02:42:26.738 26290 26354 D FirebasePerformance: Fetched value: '' for key: 'fpr_disabled_android_versions' from Firebase Remote Config.
10-14 02:42:26.739 26290 26508 W FirebaseRemoteConfig: No value of type 'FirebaseRemoteConfigValue' exists for parameter key 'fpr_session_max_duration_min'.
10-14 02:42:26.739 26290 26354 D FirebasePerformance: Fetched value: '0.338495' for key: 'fpr_vc_network_request_sampling_rate' from Firebase Remote Config.
10-14 02:42:26.739 26290 26354 D FirebasePerformance: Fetched value: 'true' for key: 'fpr_enabled' from Firebase Remote Config.
10-14 02:42:26.740 26290 26354 D FirebasePerformance: Fetched value: '' for key: 'fpr_disabled_android_versions' from Firebase Remote Config.
10-14 02:42:26.740 26290 26354 D FirebasePerformance: Fetched value: 'true' for key: 'fpr_enabled' from Firebase Remote Config.
10-14 02:42:26.740 26290 26354 D FirebasePerformance: Fetched value: '' for key: 'fpr_disabled_android_versions' from Firebase Remote Config.
10-14 02:42:26.741 26290 26354 D FirebasePerformance: Fetched value: '0.338495' for key: 'fpr_vc_network_request_sampling_rate' from Firebase Remote Config.
10-14 02:42:26.741 26290 26509 W FirebaseRemoteConfig: No value of type 'FirebaseRemoteConfigValue' exists for parameter key 'fpr_session_max_duration_min'.
10-14 02:42:26.771 26290 26354 D FirebasePerformance: Fetched value: 'true' for key: 'fpr_enabled' from Firebase Remote Config.
10-14 02:42:26.771 26290 26675 W FirebaseRemoteConfig: No value of type 'FirebaseRemoteConfigValue' exists for parameter key 'fpr_session_max_duration_min'.
10-14 02:42:26.771 26290 26354 D FirebasePerformance: Fetched value: '' for key: 'fpr_disabled_android_versions' from Firebase Remote Config.
10-14 02:42:26.772 26290 26354 D FirebasePerformance: Fetched value: 'true' for key: 'fpr_enabled' from Firebase Remote Config.
10-14 02:42:26.772 26290 26354 D FirebasePerformance: Fetched value: '' for key: 'fpr_disabled_android_versions' from Firebase Remote Config.
10-14 02:42:26.773 26290 26354 D FirebasePerformance: Fetched value: '0.338495' for key: 'fpr_vc_network_request_sampling_rate' from Firebase Remote Config.
10-14 02:42:27.081  4078  4078 D skia    : --- Failed to create image decoder with message 'unimplemented'
10-14 02:42:28.212  2953  2973 E BatteryExternalStatsWorker: no controller energy info supplied for wifi
10-14 02:42:28.212  2953  2973 E BatteryExternalStatsWorker: no controller energy info supplied for bluetooth
10-14 02:42:27.094  4078  4078 D skia    : --- Failed to create image decoder with message 'unimplemented'
10-14 02:42:28.213  3169  3169 E PhoneInterfaceManager: [PhoneIntfMgr] queryModemActivityInfo: Empty response
10-14 02:42:28.216  2761  2761 I PowerHAL: geNumberOfPlatformModes
10-14 02:42:28.217  2953  2973 W BatteryExternalStatsWorker: modem info is invalid: ModemActivityInfo{ mTimestamp=0 mSleepTimeMs=0 mIdleTimeMs=0 mTxTimeMs[]=[0, 0, 0, 0, 0] mRxTimeMs=0 mEnergyUsed=0}
10-14 02:42:28.217  2953  2973 D KernelUidCpuTimeReader: Removing uids 99012-99012
10-14 02:42:28.835  3483 24587 W NetworkScheduler: Error inserting period=6717000 preferred_charging_state=1 preferred_network_type=1 target_class=com.google.android.gms.measurement.PackageMeasurementTaskService required_network_type=0 runtime=1602610948833 required_idleness_state=0 source=16 service_kind=0 target_package=com.google.android.gms persistence_level=1 source_version=203615000 last_runtime=0 user_id=0 job_id=-1 requires_charging=0 tag=Measurement.PackageMeasurementTaskService.UPLOAD_TASK_TAG flex_time=3358000 task_type=0 retry_strategy={"maximum_backoff_seconds":{"3600":0},"initial_backoff_seconds":{"30":0},"retry_policy":{"0":0}}, error message: UNIQUE constraint failed: pending_ops.tag, pending_ops.target_class, pending_ops.target_package, pending_ops.user_id (code 2067 SQLITE_CONSTRAINT_UNIQUE) [CONTEXT service_id=218 ]
10-14 02:42:29.575  3483 24587 W NetworkScheduler: Error inserting period=6715000 preferred_charging_state=1 preferred_network_type=1 target_class=com.google.android.gms.measurement.PackageMeasurementTaskService required_network_type=0 runtime=1602610949573 required_idleness_state=0 source=16 service_kind=0 target_package=com.google.android.gms persistence_level=1 source_version=203615000 last_runtime=0 user_id=0 job_id=-1 requires_charging=0 tag=Measurement.PackageMeasurementTaskService.UPLOAD_TASK_TAG flex_time=3357000 task_type=0 retry_strategy={"maximum_backoff_seconds":{"3600":0},"initial_backoff_seconds":{"30":0},"retry_policy":{"0":0}}, error message: UNIQUE constraint failed: pending_ops.tag, pending_ops.target_class, pending_ops.target_package, pending_ops.user_id (code 2067 SQLITE_CONSTRAINT_UNIQUE) [CONTEXT service_id=218 ]
10-14 02:42:30.078 26290 26354 D FirebasePerformance: Fetched value: 'true' for key: 'fpr_enabled' from Firebase Remote Config.
10-14 02:42:30.078 26290 26676 W FirebaseRemoteConfig: No value of type 'FirebaseRemoteConfigValue' exists for parameter key 'fpr_session_max_duration_min'.
10-14 02:42:30.078 26290 26354 D FirebasePerformance: Fetched value: '' for key: 'fpr_disabled_android_versions' from Firebase Remote Config.
10-14 02:42:30.078 26290 26354 D FirebasePerformance: Fetched value: 'true' for key: 'fpr_enabled' from Firebase Remote Config.
10-14 02:42:30.079 26290 26354 D FirebasePerformance: Fetched value: '' for key: 'fpr_disabled_android_versions' from Firebase Remote Config.
10-14 02:42:30.086 26290 26354 D FirebasePerformance: Fetched value: '0.338495' for key: 'fpr_vc_network_request_sampling_rate' from Firebase Remote Config.
10-14 02:42:30.317 26290 26354 D FirebasePerformance: Fetched value: 'true' for key: 'fpr_enabled' from Firebase Remote Config.
10-14 02:42:30.318 26290 26354 D FirebasePerformance: Fetched value: '' for key: 'fpr_disabled_android_versions' from Firebase Remote Config.
10-14 02:42:30.318 26290 26354 D FirebasePerformance: Fetched value: 'true' for key: 'fpr_enabled' from Firebase Remote Config.
10-14 02:42:30.318 26290 26354 D FirebasePerformance: Fetched value: '' for key: 'fpr_disabled_android_versions' from Firebase Remote Config.
10-14 02:42:30.319 26290 26354 D FirebasePerformance: Fetched value: '0.338495' for key: 'fpr_vc_network_request_sampling_rate' from Firebase Remote Config.
10-14 02:42:30.320 26290 26677 W FirebaseRemoteConfig: No value of type 'FirebaseRemoteConfigValue' exists for parameter key 'fpr_session_max_duration_min'.
10-14 02:42:30.852 26290 26354 D FirebasePerformance: Fetched value: 'true' for key: 'fpr_enabled' from Firebase Remote Config.
10-14 02:42:30.852 26290 26354 D FirebasePerformance: Fetched value: '' for key: 'fpr_disabled_android_versions' from Firebase Remote Config.
10-14 02:42:30.853 26290 26354 D FirebasePerformance: Fetched value: 'true' for key: 'fpr_enabled' from Firebase Remote Config.
10-14 02:42:30.853 26290 26354 D FirebasePerformance: Fetched value: '' for key: 'fpr_disabled_android_versions' from Firebase Remote Config.
10-14 02:42:30.854 26290 26354 D FirebasePerformance: Fetched value: '0.338495' for key: 'fpr_vc_network_request_sampling_rate' from Firebase Remote Config.
10-14 02:42:30.854 26290 26678 W FirebaseRemoteConfig: No value of type 'FirebaseRemoteConfigValue' exists for parameter key 'fpr_session_max_duration_min'.
10-14 02:42:30.855 26290 26354 D FirebasePerformance: Fetched value: 'true' for key: 'fpr_enabled' from Firebase Remote Config.
10-14 02:42:30.855 26290 26354 D FirebasePerformance: Fetched value: '' for key: 'fpr_disabled_android_versions' from Firebase Remote Config.
10-14 02:42:30.856 26290 26354 D FirebasePerformance: Fetched value: 'true' for key: 'fpr_enabled' from Firebase Remote Config.
10-14 02:42:30.856 26290 26354 D FirebasePerformance: Fetched value: '' for key: 'fpr_disabled_android_versions' from Firebase Remote Config.
10-14 02:42:30.857 26290 26354 D FirebasePerformance: Fetched value: '0.338495' for key: 'fpr_vc_network_request_sampling_rate' from Firebase Remote Config.
10-14 02:42:30.858 26290 26509 W FirebaseRemoteConfig: No value of type 'FirebaseRemoteConfigValue' exists for parameter key 'fpr_session_max_duration_min'.
10-14 02:42:30.871 26290 26354 D FirebasePerformance: Fetched value: 'true' for key: 'fpr_enabled' from Firebase Remote Config.
10-14 02:42:30.871 26290 26508 W FirebaseRemoteConfig: No value of type 'FirebaseRemoteConfigValue' exists for parameter key 'fpr_session_max_duration_min'.
10-14 02:42:30.871 26290 26354 D FirebasePerformance: Fetched value: '' for key: 'fpr_disabled_android_versions' from Firebase Remote Config.
10-14 02:42:30.872 26290 26354 D FirebasePerformance: Fetched value: 'true' for key: 'fpr_enabled' from Firebase Remote Config.
10-14 02:42:30.872 26290 26354 D FirebasePerformance: Fetched value: '' for key: 'fpr_disabled_android_versions' from Firebase Remote Config.
10-14 02:42:30.873 26290 26354 D FirebasePerformance: Fetched value: '0.338495' for key: 'fpr_vc_network_request_sampling_rate' from Firebase Remote Config.
10-14 02:42:30.873 26290 26354 D FirebasePerformance: Fetched value: 'true' for key: 'fpr_enabled' from Firebase Remote Config.
10-14 02:42:30.873 26290 26354 D FirebasePerformance: Fetched value: '' for key: 'fpr_disabled_android_versions' from Firebase Remote Config.
10-14 02:42:30.874 26290 26354 D FirebasePerformance: Fetched value: 'true' for key: 'fpr_enabled' from Firebase Remote Config.
10-14 02:42:30.874 26290 26354 D FirebasePerformance: Fetched value: '' for key: 'fpr_disabled_android_versions' from Firebase Remote Config.
10-14 02:42:30.875 26290 26354 D FirebasePerformance: Fetched value: '0.338495' for key: 'fpr_vc_network_request_sampling_rate' from Firebase Remote Config.
10-14 02:42:30.875 26290 26675 W FirebaseRemoteConfig: No value of type 'FirebaseRemoteConfigValue' exists for parameter key 'fpr_session_max_duration_min'.
10-14 02:42:30.900 26290 26676 W FirebaseRemoteConfig: No value of type 'FirebaseRemoteConfigValue' exists for parameter key 'fpr_session_max_duration_min'.
10-14 02:42:30.900 26290 26354 D FirebasePerformance: Fetched value: 'true' for key: 'fpr_enabled' from Firebase Remote Config.
10-14 02:42:30.900 26290 26354 D FirebasePerformance: Fetched value: '' for key: 'fpr_disabled_android_versions' from Firebase Remote Config.
10-14 02:42:30.901 26290 26354 D FirebasePerformance: Fetched value: 'true' for key: 'fpr_enabled' from Firebase Remote Config.
10-14 02:42:30.901 26290 26354 D FirebasePerformance: Fetched value: '' for key: 'fpr_disabled_android_versions' from Firebase Remote Config.
10-14 02:42:30.901 26290 26354 D FirebasePerformance: Fetched value: '0.338495' for key: 'fpr_vc_network_request_sampling_rate' from Firebase Remote Config.
10-14 02:42:31.348 26290 26354 D FirebasePerformance: Fetched value: 'true' for key: 'fpr_enabled' from Firebase Remote Config.
10-14 02:42:31.348 26290 26677 W FirebaseRemoteConfig: No value of type 'FirebaseRemoteConfigValue' exists for parameter key 'fpr_session_max_duration_min'.
10-14 02:42:31.348 26290 26354 D FirebasePerformance: Fetched value: '' for key: 'fpr_disabled_android_versions' from Firebase Remote Config.
10-14 02:42:31.348 26290 26354 D FirebasePerformance: Fetched value: 'true' for key: 'fpr_enabled' from Firebase Remote Config.
10-14 02:42:31.349 26290 26354 D FirebasePerformance: Fetched value: '' for key: 'fpr_disabled_android_versions' from Firebase Remote Config.
10-14 02:42:31.349 26290 26354 D FirebasePerformance: Fetched value: '0.338495' for key: 'fpr_vc_network_request_sampling_rate' from Firebase Remote Config.
10-14 02:42:31.392 26290 26354 D FirebasePerformance: Fetched value: 'true' for key: 'fpr_enabled' from Firebase Remote Config.
10-14 02:42:31.393 26290 26354 D FirebasePerformance: Fetched value: '' for key: 'fpr_disabled_android_versions' from Firebase Remote Config.
10-14 02:42:31.393 26290 26354 D FirebasePerformance: Fetched value: 'true' for key: 'fpr_enabled' from Firebase Remote Config.
10-14 02:42:31.393 26290 26354 D FirebasePerformance: Fetched value: '' for key: 'fpr_disabled_android_versions' from Firebase Remote Config.
10-14 02:42:31.394 26290 26354 D FirebasePerformance: Fetched value: '0.338495' for key: 'fpr_vc_network_request_sampling_rate' from Firebase Remote Config.
10-14 02:42:31.395 26290 26509 W FirebaseRemoteConfig: No value of type 'FirebaseRemoteConfigValue' exists for parameter key 'fpr_session_max_duration_min'.
10-14 02:42:31.406 26290 26678 W FirebaseRemoteConfig: No value of type 'FirebaseRemoteConfigValue' exists for parameter key 'fpr_session_max_duration_min'.
10-14 02:42:31.406 26290 26508 W FirebaseRemoteConfig: No value of type 'FirebaseRemoteConfigValue' exists for parameter key 'fpr_session_max_duration_min'.
10-14 02:42:31.406 26290 26354 D FirebasePerformance: Fetched value: 'true' for key: 'fpr_enabled' from Firebase Remote Config.
10-14 02:42:31.406 26290 26354 D FirebasePerformance: Fetched value: '' for key: 'fpr_disabled_android_versions' from Firebase Remote Config.
10-14 02:42:31.406 26290 26354 D FirebasePerformance: Fetched value: 'true' for key: 'fpr_enabled' from Firebase Remote Config.
10-14 02:42:31.407 26290 26354 D FirebasePerformance: Fetched value: '' for key: 'fpr_disabled_android_versions' from Firebase Remote Config.
10-14 02:42:31.407 26290 26354 D FirebasePerformance: Fetched value: '0.338495' for key: 'fpr_vc_network_request_sampling_rate' from Firebase Remote Config.
10-14 02:42:31.408 26290 26354 D FirebasePerformance: Fetched value: 'true' for key: 'fpr_enabled' from Firebase Remote Config.
10-14 02:42:31.408 26290 26354 D FirebasePerformance: Fetched value: '' for key: 'fpr_disabled_android_versions' from Firebase Remote Config.
10-14 02:42:31.408 26290 26354 D FirebasePerformance: Fetched value: 'true' for key: 'fpr_enabled' from Firebase Remote Config.
10-14 02:42:31.408 26290 26354 D FirebasePerformance: Fetched value: '' for key: 'fpr_disabled_android_versions' from Firebase Remote Config.
10-14 02:42:31.409 26290 26354 D FirebasePerformance: Fetched value: '0.338495' for key: 'fpr_vc_network_request_sampling_rate' from Firebase Remote Config.
10-14 02:42:31.978 26290 26675 W FirebaseRemoteConfig: No value of type 'FirebaseRemoteConfigValue' exists for parameter key 'fpr_session_max_duration_min'.
10-14 02:42:31.978 26290 26354 D FirebasePerformance: Fetched value: 'true' for key: 'fpr_enabled' from Firebase Remote Config.
10-14 02:42:31.979 26290 26354 D FirebasePerformance: Fetched value: '' for key: 'fpr_disabled_android_versions' from Firebase Remote Config.
10-14 02:42:31.979 26290 26354 D FirebasePerformance: Fetched value: 'true' for key: 'fpr_enabled' from Firebase Remote Config.
10-14 02:42:31.980 26290 26354 D FirebasePerformance: Fetched value: '' for key: 'fpr_disabled_android_versions' from Firebase Remote Config.
10-14 02:42:31.980 26290 26354 D FirebasePerformance: Fetched value: '0.338495' for key: 'fpr_vc_network_request_sampling_rate' from Firebase Remote Config.
10-14 02:42:32.011 26290 26354 D FirebasePerformance: Fetched value: 'true' for key: 'fpr_enabled' from Firebase Remote Config.
10-14 02:42:32.012 26290 26354 D FirebasePerformance: Fetched value: '' for key: 'fpr_disabled_android_versions' from Firebase Remote Config.
10-14 02:42:32.013 26290 26354 D FirebasePerformance: Fetched value: 'true' for key: 'fpr_enabled' from Firebase Remote Config.
10-14 02:42:32.013 26290 26354 D FirebasePerformance: Fetched value: '' for key: 'fpr_disabled_android_versions' from Firebase Remote Config.
10-14 02:42:32.014 26290 26354 D FirebasePerformance: Fetched value: '0.338495' for key: 'fpr_vc_network_request_sampling_rate' from Firebase Remote Config.
10-14 02:42:32.014 26290 26676 W FirebaseRemoteConfig: No value of type 'FirebaseRemoteConfigValue' exists for parameter key 'fpr_session_max_duration_min'.
10-14 02:42:33.462  3483 24587 W NetworkScheduler: Error inserting period=6708000 preferred_charging_state=1 preferred_network_type=1 target_class=com.google.android.gms.measurement.PackageMeasurementTaskService required_network_type=0 runtime=1602610953460 required_idleness_state=0 source=16 service_kind=0 target_package=com.google.android.gms persistence_level=1 source_version=203615000 last_runtime=0 user_id=0 job_id=-1 requires_charging=0 tag=Measurement.PackageMeasurementTaskService.UPLOAD_TASK_TAG flex_time=3353000 task_type=0 retry_strategy={"maximum_backoff_seconds":{"3600":0},"initial_backoff_seconds":{"30":0},"retry_policy":{"0":0}}, error message: UNIQUE constraint failed: pending_ops.tag, pending_ops.target_class, pending_ops.target_package, pending_ops.user_id (code 2067 SQLITE_CONSTRAINT_UNIQUE) [CONTEXT service_id=218 ]
10-14 02:42:33.745 26290 26354 D FirebasePerformance: Fetched value: 'true' for key: 'fpr_enabled' from Firebase Remote Config.
10-14 02:42:33.745 26290 26677 W FirebaseRemoteConfig: No value of type 'FirebaseRemoteConfigValue' exists for parameter key 'fpr_session_max_duration_min'.
10-14 02:42:33.745 26290 26354 D FirebasePerformance: Fetched value: '' for key: 'fpr_disabled_android_versions' from Firebase Remote Config.
10-14 02:42:33.746 26290 26354 D FirebasePerformance: Fetched value: 'true' for key: 'fpr_enabled' from Firebase Remote Config.
10-14 02:42:33.746 26290 26354 D FirebasePerformance: Fetched value: '' for key: 'fpr_disabled_android_versions' from Firebase Remote Config.
10-14 02:42:33.746 26290 26354 D FirebasePerformance: Fetched value: '0.338495' for key: 'fpr_vc_network_request_sampling_rate' from Firebase Remote Config.
10-14 02:42:34.308 26290 26354 D FirebasePerformance: Fetched value: 'true' for key: 'fpr_enabled' from Firebase Remote Config.
10-14 02:42:34.308 26290 26509 W FirebaseRemoteConfig: No value of type 'FirebaseRemoteConfigValue' exists for parameter key 'fpr_session_max_duration_min'.
10-14 02:42:34.308 26290 26354 D FirebasePerformance: Fetched value: '' for key: 'fpr_disabled_android_versions' from Firebase Remote Config.
10-14 02:42:34.308 26290 26354 D FirebasePerformance: Fetched value: 'true' for key: 'fpr_enabled' from Firebase Remote Config.
10-14 02:42:34.309 26290 26354 D FirebasePerformance: Fetched value: '' for key: 'fpr_disabled_android_versions' from Firebase Remote Config.
10-14 02:42:34.309 26290 26354 D FirebasePerformance: Fetched value: '0.338495' for key: 'fpr_vc_network_request_sampling_rate' from Firebase Remote Config.
10-14 02:42:35.051 26290 26508 W FirebaseRemoteConfig: No value of type 'FirebaseRemoteConfigValue' exists for parameter key 'fpr_session_max_duration_min'.
10-14 02:42:35.051 26290 26354 D FirebasePerformance: Fetched value: 'true' for key: 'fpr_enabled' from Firebase Remote Config.
10-14 02:42:35.051 26290 26354 D FirebasePerformance: Fetched value: '' for key: 'fpr_disabled_android_versions' from Firebase Remote Config.
10-14 02:42:35.051 26290 26354 D FirebasePerformance: Fetched value: 'true' for key: 'fpr_enabled' from Firebase Remote Config.
10-14 02:42:35.052 26290 26354 D FirebasePerformance: Fetched value: '' for key: 'fpr_disabled_android_versions' from Firebase Remote Config.
10-14 02:42:35.052 26290 26354 D FirebasePerformance: Fetched value: '0.338495' for key: 'fpr_vc_network_request_sampling_rate' from Firebase Remote Config.
10-14 02:42:36.806  3483 24587 W NetworkScheduler: Error inserting period=6701000 preferred_charging_state=1 preferred_network_type=1 target_class=com.google.android.gms.measurement.PackageMeasurementTaskService required_network_type=0 runtime=1602610956804 required_idleness_state=0 source=16 service_kind=0 target_package=com.google.android.gms persistence_level=1 source_version=203615000 last_runtime=0 user_id=0 job_id=-1 requires_charging=0 tag=Measurement.PackageMeasurementTaskService.UPLOAD_TASK_TAG flex_time=3350000 task_type=0 retry_strategy={"maximum_backoff_seconds":{"3600":0},"initial_backoff_seconds":{"30":0},"retry_policy":{"0":0}}, error message: UNIQUE constraint failed: pending_ops.tag, pending_ops.target_class, pending_ops.target_package, pending_ops.user_id (code 2067 SQLITE_CONSTRAINT_UNIQUE) [CONTEXT service_id=218 ]
10-14 02:42:37.106  4078  4078 D skia    : --- Failed to create image decoder with message 'unimplemented'
10-14 02:42:37.119  4078  4078 D skia    : --- Failed to create image decoder with message 'unimplemented'
10-14 02:42:37.111  4078  4078 I tutu.ABenchMark: type=1400 audit(0.0:2786): avc: denied { open } for path="/proc/stat" dev="proc" ino=4026531957 scontext=u:r:untrusted_app_27:s0:c512,c768 tcontext=u:object_r:proc_stat:s0 tclass=file permissive=1
10-14 02:42:37.115  4078  4078 I tutu.ABenchMark: type=1400 audit(0.0:2788): avc: denied { read } for name="temp" dev="sysfs" ino=8951 scontext=u:r:untrusted_app_27:s0:c512,c768 tcontext=u:object_r:sysfs:s0 tclass=file permissive=1
10-14 02:42:37.329 26290 26678 W FirebaseRemoteConfig: No value of type 'FirebaseRemoteConfigValue' exists for parameter key 'fpr_session_max_duration_min'.
10-14 02:42:37.329 26290 26354 D FirebasePerformance: Fetched value: 'true' for key: 'fpr_enabled' from Firebase Remote Config.
10-14 02:42:37.329 26290 26354 D FirebasePerformance: Fetched value: '' for key: 'fpr_disabled_android_versions' from Firebase Remote Config.
10-14 02:42:37.329 26290 26354 D FirebasePerformance: Fetched value: 'true' for key: 'fpr_enabled' from Firebase Remote Config.
10-14 02:42:37.330 26290 26354 D FirebasePerformance: Fetched value: '' for key: 'fpr_disabled_android_versions' from Firebase Remote Config.
10-14 02:42:37.331 26290 26354 D FirebasePerformance: Fetched value: '0.338495' for key: 'fpr_vc_network_request_sampling_rate' from Firebase Remote Config.
10-14 02:42:37.115  4078  4078 I tutu.ABenchMark: type=1400 audit(0.0:2790): avc: denied { getattr } for path="/sys/devices/virtual/thermal/thermal_zone0/temp" dev="sysfs" ino=8951 scontext=u:r:untrusted_app_27:s0:c512,c768 tcontext=u:object_r:sysfs:s0 tclass=file permissive=1
10-14 02:42:39.226  2953  6973 I ActivityManager: START u0 {flg=0x10008000 cmp=com.frograms.wplay/.activity.MainActivity (has extras)} from uid 10082
10-14 02:42:39.226  2953  6973 W ActivityManager: Activity is launching as a new task, so cancelling activity result.
10-14 02:42:39.227  2747  7191 W amlaudioMixer: mixer_get_presentation_position(), port not ready now
10-14 02:42:39.227  2747  7191 W audio-subMixingFactory: out_get_presentation_position_port(), pts not valid yet
10-14 02:42:39.228  2747  7191 I audio-subMixingFactory: ++usecase_change_validate_l_sm: dev usecase masks = 0, out usecase_masks = 0, out usecase STREAM_PCM_NORMAL
10-14 02:42:39.228  2747  7191 I audio-subMixingFactory: ++++usecase_change_validate_l_sm(),continuous_audio_mode 0 dev usecase masks = 0, out usecase_masks = 0, out usecase STREAM_PCM_NORMAL
10-14 02:42:39.228  2747  7191 I audio-subMixingFactory: usecase_change_validate_l_sm(), mixer_aux_buffer_write_sm !
10-14 02:42:39.228  2747  7191 I audio-subMixingFactory: ----usecase_change_validate_l_sm(), continuous_audio_mode 0 dev usecase masks = 0x1, out usecase_masks = 0x1, out usecase STREAM_PCM_NORMAL
10-14 02:42:39.228  2747  7191 I aml_audio_port: get_input_port_index(), samplerate 48000
10-14 02:42:39.228  2747  7191 D aml_audio_port: new_input_port(), index:0, rbuf size:8192, direct_on:0
10-14 02:42:39.228  2747  7191 D aml_audio_port: new_input_port(), fmt 0x1, rate 48000
10-14 02:42:39.228  2747  7191 I amlaudioMixer: ++init_mixer_input_port port index 0, size 512 frames
10-14 02:42:39.228  2747  7191 I amlaudioMixer: init_mixer_input_port(), port->initial_frames: 61657088
10-14 02:42:39.228  2747  7191 I aml_audio_port: get_input_port_index(), samplerate 48000
10-14 02:42:39.228  2747  7191 I audio-subMixingFactory: mixer_aux_buffer_write_sm(), primary 0xee3ca000 port index = 0
10-14 02:42:39.228  2747  7191 I audio-subMixingFactory: padding_bytes 16384
10-14 02:42:39.228  2747  7191 I amlaudioMixer: port index 0 is active now
10-14 02:42:39.228  2747  7191 I audio-subMixingFactory: padding_bytes 14336
10-14 02:42:39.228  2747  7191 I audio-subMixingFactory: padding_bytes 12288
10-14 02:42:39.228  2747  7191 I audio-subMixingFactory: padding_bytes 10240
10-14 02:42:39.228  2747  7191 I audio-subMixingFactory: padding_bytes 8192
10-14 02:42:39.230  2747  7191 I audio-subMixingFactory: padding_bytes 6144
10-14 02:42:39.233  2747  7191 I audio-subMixingFactory: padding_bytes 4096
10-14 02:42:39.237  2747  7191 I audio-subMixingFactory: padding_bytes 2048
10-14 02:42:39.246  2747  7191 W amlaudioMixer: mixer_get_presentation_position(), not valid now
10-14 02:42:39.246  2747  7191 W audio-subMixingFactory: out_get_presentation_position_port(), pts not valid yet
10-14 02:42:39.249 26290 26290 W kakao.sdk: Auth code was not requested or the request has already been processed.
10-14 02:42:39.257  2747  7191 W amlaudioMixer: mixer_get_presentation_position(), not valid now
10-14 02:42:39.257  2747  7191 W audio-subMixingFactory: out_get_presentation_position_port(), pts not valid yet
10-14 02:42:39.271  2766  2911 D AudioFlinger: mixer(0xeb583ac0) throttle end: throttle time(7)
10-14 02:42:39.276  2756  2903 I [Gralloc]: framebuffer hal alread move to hwcomposer
10-14 02:42:39.279  2768  2768 I Binder:2768_5: type=1400 audit(0.0:2791): avc: denied { read } for name="gralloc.odroidn2.so" dev="mmcblk0p12" ino=705 scontext=u:r:surfaceflinger:s0 tcontext=u:object_r:vendor_file:s0 tclass=file permissive=1
10-14 02:42:39.288 26290 26290 W ActivityThread: handleWindowVisibility: no activity for token android.os.BinderProxy@c978f7c
10-14 02:42:39.388 26290 26290 W BottomSheetBehavior: BottomSheetBehavior now supports multiple callbacks. `setBottomSheetCallback()` removes all existing callbacks, including ones set internally by library authors, which may result in unintended behavior. This may change in the future. Please use `addBottomSheetCallback()` and `removeBottomSheetCallback()` instead to set your own callbacks.
10-14 02:42:39.396  3483 24587 W NetworkScheduler: Error inserting period=6696000 preferred_charging_state=1 preferred_network_type=1 target_class=com.google.android.gms.measurement.PackageMeasurementTaskService required_network_type=0 runtime=1602610959382 required_idleness_state=0 source=16 service_kind=0 target_package=com.google.android.gms persistence_level=1 source_version=203615000 last_runtime=0 user_id=0 job_id=-1 requires_charging=0 tag=Measurement.PackageMeasurementTaskService.UPLOAD_TASK_TAG flex_time=3347000 task_type=0 retry_strategy={"maximum_backoff_seconds":{"3600":0},"initial_backoff_seconds":{"30":0},"retry_policy":{"0":0}}, error message: UNIQUE constraint failed: pending_ops.tag, pending_ops.target_class, pending_ops.target_package, pending_ops.user_id (code 2067 SQLITE_CONSTRAINT_UNIQUE) [CONTEXT service_id=218 ]
10-14 02:42:39.600  3483 24587 W NetworkScheduler: Error inserting period=6695000 preferred_charging_state=1 preferred_network_type=1 target_class=com.google.android.gms.measurement.PackageMeasurementTaskService required_network_type=0 runtime=1602610959596 required_idleness_state=0 source=16 service_kind=0 target_package=com.google.android.gms persistence_level=1 source_version=203615000 last_runtime=0 user_id=0 job_id=-1 requires_charging=0 tag=Measurement.PackageMeasurementTaskService.UPLOAD_TASK_TAG flex_time=3347000 task_type=0 retry_strategy={"maximum_backoff_seconds":{"3600":0},"initial_backoff_seconds":{"30":0},"retry_policy":{"0":0}}, error message: UNIQUE constraint failed: pending_ops.tag, pending_ops.target_class, pending_ops.target_package, pending_ops.user_id (code 2067 SQLITE_CONSTRAINT_UNIQUE) [CONTEXT service_id=218 ]
10-14 02:42:39.611  2756  2903 I [Gralloc]: framebuffer hal alread move to hwcomposer
10-14 02:42:39.619  2768  2768 I Binder:2768_4: type=1400 audit(0.0:2797): avc: denied { read } for name="gralloc.odroidn2.so" dev="mmcblk0p12" ino=705 scontext=u:r:surfaceflinger:s0 tcontext=u:object_r:vendor_file:s0 tclass=file permissive=1
10-14 02:42:39.619  2768  2768 I Binder:2768_4: type=1400 audit(0.0:2798): avc: denied { open } for path="/vendor/lib/hw/gralloc.odroidn2.so" dev="mmcblk0p12" ino=705 scontext=u:r:surfaceflinger:s0 tcontext=u:object_r:vendor_file:s0 tclass=file permissive=1
10-14 02:42:39.629  2756  2903 I [Gralloc]: framebuffer hal alread move to hwcomposer
10-14 02:42:39.639  2756  2903 I [Gralloc]: framebuffer hal alread move to hwcomposer
10-14 02:42:39.640  2756  2903 E gralloc : ioctl c0144900 failed with code -1: Operation not permitted
10-14 02:42:39.642 26290 26427 D mali_winsys: EGLint new_window_surface(egl_winsys_display *, void *, EGLSurface, EGLConfig, egl_winsys_surface **, EGLBoolean) returns 0x3000
10-14 02:42:39.671  2756  2903 I [Gralloc]: framebuffer hal alread move to hwcomposer
10-14 02:42:39.672  2756  2903 E gralloc : ioctl c0144900 failed with code -1: Operation not permitted
10-14 02:42:39.690  2953  2977 I ActivityManager: Displayed com.frograms.wplay/.activity.MainActivity: +406ms
10-14 02:42:39.720  2756  2903 I [Gralloc]: framebuffer hal alread move to hwcomposer
10-14 02:42:39.738  2756  2903 I [Gralloc]: framebuffer hal alread move to hwcomposer
