10-14 02:42:54.200 26290 26354 D FirebasePerformance: Fetched value: '' for key: 'fpr_disabled_android_versions' from Firebase Remote Config.
10-14 02:42:54.201 26290 29452 D LoadControl: Loading state changed to 'drain'. C:01:06 Low:00:15 High:01:00
10-14 02:42:54.201 26290 26354 D FirebasePerformance: Fetched value: 'true' for key: 'fpr_enabled' from Firebase Remote Config.
10-14 02:42:54.201 26290 26354 D FirebasePerformance: Fetched value: '' for key: 'fpr_disabled_android_versions' from Firebase Remote Config.
10-14 02:42:54.201 26290 26354 D FirebasePerformance: Fetched value: '0.338495' for key: 'fpr_vc_network_request_sampling_rate' from Firebase Remote Config.
10-14 02:42:54.210  2747  7191 W amlaudioMixer: mixer_get_presentation_position(), port not ready now
10-14 02:42:54.210  2747  7191 W audio-subMixingFactory: out_get_presentation_position_port(), pts not valid yet
10-14 02:42:54.220  2747  7191 W amlaudioMixer: mixer_get_presentation_position(), port not ready now
10-14 02:42:54.220  2747  7191 W audio-subMixingFactory: out_get_presentation_position_port(), pts not valid yet
10-14 02:42:54.231  2747  7191 W amlaudioMixer: mixer_get_presentation_position(), port not ready now
10-14 02:42:54.231  2747  7191 W audio-subMixingFactory: out_get_presentation_position_port(), pts not valid yet
10-14 02:42:54.242  2747  7191 W amlaudioMixer: mixer_get_presentation_position(), port not ready now
10-14 02:42:54.242  2747  7191 W audio-subMixingFactory: out_get_presentation_position_port(), pts not valid yet
10-14 02:42:54.252  2747  7191 W amlaudioMixer: mixer_get_presentation_position(), port not ready now
10-14 02:42:54.253  2747  7191 W audio-subMixingFactory: out_get_presentation_position_port(), pts not valid yet
10-14 02:42:54.263  2747  7191 W amlaudioMixer: mixer_get_presentation_position(), port not ready now
10-14 02:42:54.263  2747  7191 W audio-subMixingFactory: out_get_presentation_position_port(), pts not valid yet
10-14 02:42:54.272 26290 26354 D FirebasePerformance: Fetched value: 'true' for key: 'fpr_enabled' from Firebase Remote Config.
10-14 02:42:54.272 26290 29471 W FirebaseRemoteConfig: No value of type 'FirebaseRemoteConfigValue' exists for parameter key 'fpr_session_max_duration_min'.
10-14 02:42:54.273 26290 26354 D FirebasePerformance: Fetched value: '' for key: 'fpr_disabled_android_versions' from Firebase Remote Config.
10-14 02:42:54.273 26290 26354 D FirebasePerformance: Fetched value: 'true' for key: 'fpr_enabled' from Firebase Remote Config.
10-14 02:42:54.273 26290 26354 D FirebasePerformance: Fetched value: '' for key: 'fpr_disabled_android_versions' from Firebase Remote Config.
10-14 02:42:54.274 26290 26354 D FirebasePerformance: Fetched value: '0.338495' for key: 'fpr_vc_network_request_sampling_rate' from Firebase Remote Config.
10-14 02:42:54.274  2747  7191 W amlaudioMixer: mixer_get_presentation_position(), port not ready now
10-14 02:42:54.274  2747  7191 W audio-subMixingFactory: out_get_presentation_position_port(), pts not valid yet
10-14 02:42:54.285  2747  7191 W amlaudioMixer: mixer_get_presentation_position(), port not ready now
10-14 02:42:54.285  2747  7191 W audio-subMixingFactory: out_get_presentation_position_port(), pts not valid yet
10-14 02:42:54.296  2747  7191 W amlaudioMixer: mixer_get_presentation_position(), port not ready now
10-14 02:42:54.296  2747  7191 W audio-subMixingFactory: out_get_presentation_position_port(), pts not valid yet
10-14 02:42:54.306  2747  7191 W amlaudioMixer: mixer_get_presentation_position(), port not ready now
10-14 02:42:54.306  2747  7191 W audio-subMixingFactory: out_get_presentation_position_port(), pts not valid yet
10-14 02:42:54.317  2747  7191 W amlaudioMixer: mixer_get_presentation_position(), port not ready now
10-14 02:42:54.317  2747  7191 W audio-subMixingFactory: out_get_presentation_position_port(), pts not valid yet
10-14 02:42:54.328  2747  7191 W amlaudioMixer: mixer_get_presentation_position(), port not ready now
10-14 02:42:54.328  2747  7191 W audio-subMixingFactory: out_get_presentation_position_port(), pts not valid yet
10-14 02:42:54.339  2747  7191 W amlaudioMixer: mixer_get_presentation_position(), port not ready now
10-14 02:42:54.339  2747  7191 W audio-subMixingFactory: out_get_presentation_position_port(), pts not valid yet
10-14 02:42:54.349  2747  7191 W amlaudioMixer: mixer_get_presentation_position(), port not ready now
10-14 02:42:54.349  2747  7191 W audio-subMixingFactory: out_get_presentation_position_port(), pts not valid yet
10-14 02:42:54.360  2747  7191 W amlaudioMixer: mixer_get_presentation_position(), port not ready now
10-14 02:42:54.360  2747  7191 W audio-subMixingFactory: out_get_presentation_position_port(), pts not valid yet
10-14 02:42:54.371  2747  7191 W amlaudioMixer: mixer_get_presentation_position(), port not ready now
10-14 02:42:54.371  2747  7191 W audio-subMixingFactory: out_get_presentation_position_port(), pts not valid yet
10-14 02:42:54.381  2747  7191 W amlaudioMixer: mixer_get_presentation_position(), port not ready now
10-14 02:42:54.381  2747  7191 W audio-subMixingFactory: out_get_presentation_position_port(), pts not valid yet
10-14 02:42:54.392  2747  7191 W amlaudioMixer: mixer_get_presentation_position(), port not ready now
10-14 02:42:54.392  2747  7191 W audio-subMixingFactory: out_get_presentation_position_port(), pts not valid yet
10-14 02:42:54.403  2747  7191 W amlaudioMixer: mixer_get_presentation_position(), port not ready now
10-14 02:42:54.403  2747  7191 W audio-subMixingFactory: out_get_presentation_position_port(), pts not valid yet
10-14 02:42:54.414  2747  7191 W amlaudioMixer: mixer_get_presentation_position(), port not ready now
10-14 02:42:54.414  2747  7191 W audio-subMixingFactory: out_get_presentation_position_port(), pts not valid yet
10-14 02:42:54.425  2747  7191 W amlaudioMixer: mixer_get_presentation_position(), port not ready now
10-14 02:42:54.425  2747  7191 W audio-subMixingFactory: out_get_presentation_position_port(), pts not valid yet
10-14 02:42:54.436  2747  7191 W amlaudioMixer: mixer_get_presentation_position(), port not ready now
10-14 02:42:54.436  2747  7191 W audio-subMixingFactory: out_get_presentation_position_port(), pts not valid yet
10-14 02:42:54.446  2747  7191 W amlaudioMixer: mixer_get_presentation_position(), port not ready now
10-14 02:42:54.446  2747  7191 W audio-subMixingFactory: out_get_presentation_position_port(), pts not valid yet
10-14 02:42:54.457  2747  7191 W amlaudioMixer: mixer_get_presentation_position(), port not ready now
10-14 02:42:54.457  2747  7191 W audio-subMixingFactory: out_get_presentation_position_port(), pts not valid yet
10-14 02:42:54.468  2747  7191 W amlaudioMixer: mixer_get_presentation_position(), port not ready now
10-14 02:42:54.468  2747  7191 W audio-subMixingFactory: out_get_presentation_position_port(), pts not valid yet
10-14 02:42:54.478  2747  7191 W amlaudioMixer: mixer_get_presentation_position(), port not ready now
10-14 02:42:54.478  2747  7191 W audio-subMixingFactory: out_get_presentation_position_port(), pts not valid yet
10-14 02:42:54.489  2747  7191 W amlaudioMixer: mixer_get_presentation_position(), port not ready now
10-14 02:42:54.489  2747  7191 W audio-subMixingFactory: out_get_presentation_position_port(), pts not valid yet
10-14 02:42:54.500  2747  7191 W amlaudioMixer: mixer_get_presentation_position(), port not ready now
10-14 02:42:54.500  2747  7191 W audio-subMixingFactory: out_get_presentation_position_port(), pts not valid yet
10-14 02:42:54.511  2747  7191 W amlaudioMixer: mixer_get_presentation_position(), port not ready now
10-14 02:42:54.511  2747  7191 W audio-subMixingFactory: out_get_presentation_position_port(), pts not valid yet
10-14 02:42:54.521  2747  7191 W amlaudioMixer: mixer_get_presentation_position(), port not ready now
10-14 02:42:54.521  2747  7191 W audio-subMixingFactory: out_get_presentation_position_port(), pts not valid yet
10-14 02:42:54.532  2747  7191 W amlaudioMixer: mixer_get_presentation_position(), port not ready now
10-14 02:42:54.532  2747  7191 W audio-subMixingFactory: out_get_presentation_position_port(), pts not valid yet
10-14 02:42:54.543  2747  7191 W amlaudioMixer: mixer_get_presentation_position(), port not ready now
10-14 02:42:54.543  2747  7191 W audio-subMixingFactory: out_get_presentation_position_port(), pts not valid yet
10-14 02:42:54.553  2747  7191 W amlaudioMixer: mixer_get_presentation_position(), port not ready now
10-14 02:42:54.553  2747  7191 W audio-subMixingFactory: out_get_presentation_position_port(), pts not valid yet
10-14 02:42:54.564  2747  7191 W amlaudioMixer: mixer_get_presentation_position(), port not ready now
10-14 02:42:54.564  2747  7191 W audio-subMixingFactory: out_get_presentation_position_port(), pts not valid yet
10-14 02:42:54.575  2747  7191 W amlaudioMixer: mixer_get_presentation_position(), port not ready now
10-14 02:42:54.575  2747  7191 W audio-subMixingFactory: out_get_presentation_position_port(), pts not valid yet
10-14 02:42:54.585  2747  7191 W amlaudioMixer: mixer_get_presentation_position(), port not ready now
10-14 02:42:54.586  2747  7191 W audio-subMixingFactory: out_get_presentation_position_port(), pts not valid yet
10-14 02:42:54.596  2747  7191 W amlaudioMixer: mixer_get_presentation_position(), port not ready now
10-14 02:42:54.596  2747  7191 W audio-subMixingFactory: out_get_presentation_position_port(), pts not valid yet
10-14 02:42:54.607  2747  7191 W amlaudioMixer: mixer_get_presentation_position(), port not ready now
10-14 02:42:54.607  2747  7191 W audio-subMixingFactory: out_get_presentation_position_port(), pts not valid yet
10-14 02:42:54.618  2747  7191 W amlaudioMixer: mixer_get_presentation_position(), port not ready now
10-14 02:42:54.618  2747  7191 W audio-subMixingFactory: out_get_presentation_position_port(), pts not valid yet
10-14 02:42:54.628  2747  7191 W amlaudioMixer: mixer_get_presentation_position(), port not ready now
10-14 02:42:54.628  2747  7191 W audio-subMixingFactory: out_get_presentation_position_port(), pts not valid yet
10-14 02:42:54.639  2747  7191 W amlaudioMixer: mixer_get_presentation_position(), port not ready now
10-14 02:42:54.639  2747  7191 W audio-subMixingFactory: out_get_presentation_position_port(), pts not valid yet
10-14 02:42:54.650  2747  7191 W amlaudioMixer: mixer_get_presentation_position(), port not ready now
10-14 02:42:54.650  2747  7191 W audio-subMixingFactory: out_get_presentation_position_port(), pts not valid yet
10-14 02:42:54.661  2747  7191 W amlaudioMixer: mixer_get_presentation_position(), port not ready now
10-14 02:42:54.661  2747  7191 W audio-subMixingFactory: out_get_presentation_position_port(), pts not valid yet
10-14 02:42:54.671  2747  7191 W amlaudioMixer: mixer_get_presentation_position(), port not ready now
10-14 02:42:54.672  2747  7191 W audio-subMixingFactory: out_get_presentation_position_port(), pts not valid yet
10-14 02:42:54.682  2747  7191 W amlaudioMixer: mixer_get_presentation_position(), port not ready now
10-14 02:42:54.682  2747  7191 W audio-subMixingFactory: out_get_presentation_position_port(), pts not valid yet
10-14 02:42:54.693  2747  7191 W amlaudioMixer: mixer_get_presentation_position(), port not ready now
10-14 02:42:54.693  2747  7191 W audio-subMixingFactory: out_get_presentation_position_port(), pts not valid yet
10-14 02:42:54.704  2747  7191 W amlaudioMixer: mixer_get_presentation_position(), port not ready now
10-14 02:42:54.704  2747  7191 W audio-subMixingFactory: out_get_presentation_position_port(), pts not valid yet
10-14 02:42:54.714  2747  7191 W amlaudioMixer: mixer_get_presentation_position(), port not ready now
10-14 02:42:54.714  2747  7191 W audio-subMixingFactory: out_get_presentation_position_port(), pts not valid yet
10-14 02:42:54.725  2747  7191 W amlaudioMixer: mixer_get_presentation_position(), port not ready now
10-14 02:42:54.725  2747  7191 W audio-subMixingFactory: out_get_presentation_position_port(), pts not valid yet
10-14 02:42:54.736  2747  7191 W amlaudioMixer: mixer_get_presentation_position(), port not ready now
10-14 02:42:54.736  2747  7191 W audio-subMixingFactory: out_get_presentation_position_port(), pts not valid yet
10-14 02:42:54.746  2747  7191 W amlaudioMixer: mixer_get_presentation_position(), port not ready now
10-14 02:42:54.746  2747  7191 W audio-subMixingFactory: out_get_presentation_position_port(), pts not valid yet
10-14 02:42:54.757  2747  7191 W amlaudioMixer: mixer_get_presentation_position(), port not ready now
10-14 02:42:54.757  2747  7191 W audio-subMixingFactory: out_get_presentation_position_port(), pts not valid yet
10-14 02:42:54.768  2747  7191 W amlaudioMixer: mixer_get_presentation_position(), port not ready now
10-14 02:42:54.768  2747  7191 W audio-subMixingFactory: out_get_presentation_position_port(), pts not valid yet
10-14 02:42:54.779  2747  7191 W amlaudioMixer: mixer_get_presentation_position(), port not ready now
10-14 02:42:54.779  2747  7191 W audio-subMixingFactory: out_get_presentation_position_port(), pts not valid yet
10-14 02:42:54.789  2747  7191 W amlaudioMixer: mixer_get_presentation_position(), port not ready now
10-14 02:42:54.789  2747  7191 W audio-subMixingFactory: out_get_presentation_position_port(), pts not valid yet
10-14 02:42:54.800  2747  7191 W amlaudioMixer: mixer_get_presentation_position(), port not ready now
10-14 02:42:54.800  2747  7191 W audio-subMixingFactory: out_get_presentation_position_port(), pts not valid yet
10-14 02:42:54.811  2747  7191 W amlaudioMixer: mixer_get_presentation_position(), port not ready now
10-14 02:42:54.811  2747  7191 W audio-subMixingFactory: out_get_presentation_position_port(), pts not valid yet
10-14 02:42:54.821  2747  7191 W amlaudioMixer: mixer_get_presentation_position(), port not ready now
10-14 02:42:54.821  2747  7191 W audio-subMixingFactory: out_get_presentation_position_port(), pts not valid yet
10-14 02:42:54.832  2747  7191 W amlaudioMixer: mixer_get_presentation_position(), port not ready now
10-14 02:42:54.832  2747  7191 W audio-subMixingFactory: out_get_presentation_position_port(), pts not valid yet
10-14 02:42:54.843  2747  7191 W amlaudioMixer: mixer_get_presentation_position(), port not ready now
10-14 02:42:54.843  2747  7191 W audio-subMixingFactory: out_get_presentation_position_port(), pts not valid yet
10-14 02:42:54.853  2747  7191 W amlaudioMixer: mixer_get_presentation_position(), port not ready now
10-14 02:42:54.854  2747  7191 W audio-subMixingFactory: out_get_presentation_position_port(), pts not valid yet
10-14 02:42:54.864  2747  7191 W amlaudioMixer: mixer_get_presentation_position(), port not ready now
10-14 02:42:54.864  2747  7191 W audio-subMixingFactory: out_get_presentation_position_port(), pts not valid yet
10-14 02:42:54.875  2747  7191 W amlaudioMixer: mixer_get_presentation_position(), port not ready now
10-14 02:42:54.875  2747  7191 W audio-subMixingFactory: out_get_presentation_position_port(), pts not valid yet
10-14 02:42:54.886  2747  7191 W amlaudioMixer: mixer_get_presentation_position(), port not ready now
10-14 02:42:54.886  2747  7191 W audio-subMixingFactory: out_get_presentation_position_port(), pts not valid yet
10-14 02:42:54.897  2747  7191 W amlaudioMixer: mixer_get_presentation_position(), port not ready now
10-14 02:42:54.897  2747  7191 W audio-subMixingFactory: out_get_presentation_position_port(), pts not valid yet
10-14 02:42:54.907  2747  7191 W amlaudioMixer: mixer_get_presentation_position(), port not ready now
10-14 02:42:54.907  2747  7191 W audio-subMixingFactory: out_get_presentation_position_port(), pts not valid yet
10-14 02:42:54.918  2747  7191 W amlaudioMixer: mixer_get_presentation_position(), port not ready now
10-14 02:42:54.918  2747  7191 W audio-subMixingFactory: out_get_presentation_position_port(), pts not valid yet
10-14 02:42:54.929  2747  7191 W amlaudioMixer: mixer_get_presentation_position(), port not ready now
10-14 02:42:54.929  2747  7191 W audio-subMixingFactory: out_get_presentation_position_port(), pts not valid yet
10-14 02:42:54.939  2747  7191 W amlaudioMixer: mixer_get_presentation_position(), port not ready now
10-14 02:42:54.939  2747  7191 W audio-subMixingFactory: out_get_presentation_position_port(), pts not valid yet
10-14 02:42:54.950  2747  7191 W amlaudioMixer: mixer_get_presentation_position(), port not ready now
10-14 02:42:54.950  2747  7191 W audio-subMixingFactory: out_get_presentation_position_port(), pts not valid yet
10-14 02:42:54.961  2747  7191 W amlaudioMixer: mixer_get_presentation_position(), port not ready now
10-14 02:42:54.961  2747  7191 W audio-subMixingFactory: out_get_presentation_position_port(), pts not valid yet
10-14 02:42:54.972  2747  7191 W amlaudioMixer: mixer_get_presentation_position(), port not ready now
10-14 02:42:54.972  2747  7191 W audio-subMixingFactory: out_get_presentation_position_port(), pts not valid yet
10-14 02:42:54.982  2747  7191 W amlaudioMixer: mixer_get_presentation_position(), port not ready now
10-14 02:42:54.982  2747  7191 W audio-subMixingFactory: out_get_presentation_position_port(), pts not valid yet
10-14 02:42:54.993  2747  7191 W amlaudioMixer: mixer_get_presentation_position(), port not ready now
10-14 02:42:54.993  2747  7191 W audio-subMixingFactory: out_get_presentation_position_port(), pts not valid yet
10-14 02:42:55.004  2747  7191 W amlaudioMixer: mixer_get_presentation_position(), port not ready now
10-14 02:42:55.004  2747  7191 W audio-subMixingFactory: out_get_presentation_position_port(), pts not valid yet
10-14 02:42:55.014  2747  7191 W amlaudioMixer: mixer_get_presentation_position(), port not ready now
10-14 02:42:55.015  2747  7191 W audio-subMixingFactory: out_get_presentation_position_port(), pts not valid yet
10-14 02:42:55.025  2747  7191 W amlaudioMixer: mixer_get_presentation_position(), port not ready now
10-14 02:42:55.025  2747  7191 W audio-subMixingFactory: out_get_presentation_position_port(), pts not valid yet
10-14 02:42:55.036  2747  7191 W amlaudioMixer: mixer_get_presentation_position(), port not ready now
10-14 02:42:55.036  2747  7191 W audio-subMixingFactory: out_get_presentation_position_port(), pts not valid yet
10-14 02:42:55.047  2747  7191 W amlaudioMixer: mixer_get_presentation_position(), port not ready now
10-14 02:42:55.047  2747  7191 W audio-subMixingFactory: out_get_presentation_position_port(), pts not valid yet
10-14 02:42:55.057  2747  7191 W amlaudioMixer: mixer_get_presentation_position(), port not ready now
10-14 02:42:55.057  2747  7191 W audio-subMixingFactory: out_get_presentation_position_port(), pts not valid yet
10-14 02:42:55.068  2747  7191 W amlaudioMixer: mixer_get_presentation_position(), port not ready now
10-14 02:42:55.068  2747  7191 W audio-subMixingFactory: out_get_presentation_position_port(), pts not valid yet
10-14 02:42:55.079  2747  7191 W amlaudioMixer: mixer_get_presentation_position(), port not ready now
10-14 02:42:55.079  2747  7191 W audio-subMixingFactory: out_get_presentation_position_port(), pts not valid yet
10-14 02:42:55.089  2747  7191 W amlaudioMixer: mixer_get_presentation_position(), port not ready now
10-14 02:42:55.089  2747  7191 W audio-subMixingFactory: out_get_presentation_position_port(), pts not valid yet
10-14 02:42:55.100  2747  7191 W amlaudioMixer: mixer_get_presentation_position(), port not ready now
10-14 02:42:55.100  2747  7191 W audio-subMixingFactory: out_get_presentation_position_port(), pts not valid yet
10-14 02:42:55.111  2747  7191 W amlaudioMixer: mixer_get_presentation_position(), port not ready now
10-14 02:42:55.111  2747  7191 W audio-subMixingFactory: out_get_presentation_position_port(), pts not valid yet
10-14 02:42:55.122  2747  7191 W amlaudioMixer: mixer_get_presentation_position(), port not ready now
10-14 02:42:55.122  2747  7191 W audio-subMixingFactory: out_get_presentation_position_port(), pts not valid yet
10-14 02:42:55.133  2747  7191 W amlaudioMixer: mixer_get_presentation_position(), port not ready now
10-14 02:42:55.133  2747  7191 W audio-subMixingFactory: out_get_presentation_position_port(), pts not valid yet
10-14 02:42:55.144  2747  7191 W amlaudioMixer: mixer_get_presentation_position(), port not ready now
10-14 02:42:55.144  2747  7191 W audio-subMixingFactory: out_get_presentation_position_port(), pts not valid yet
10-14 02:42:55.154  2747  7191 W amlaudioMixer: mixer_get_presentation_position(), port not ready now
10-14 02:42:55.154  2747  7191 W audio-subMixingFactory: out_get_presentation_position_port(), pts not valid yet
10-14 02:42:55.165  2747  7191 W amlaudioMixer: mixer_get_presentation_position(), port not ready now
10-14 02:42:55.165  2747  7191 W audio-subMixingFactory: out_get_presentation_position_port(), pts not valid yet
10-14 02:42:55.176  2747  7191 W amlaudioMixer: mixer_get_presentation_position(), port not ready now
10-14 02:42:55.176  2747  7191 W audio-subMixingFactory: out_get_presentation_position_port(), pts not valid yet
10-14 02:42:55.187  2747  7191 W amlaudioMixer: mixer_get_presentation_position(), port not ready now
10-14 02:42:55.187  2747  7191 W audio-subMixingFactory: out_get_presentation_position_port(), pts not valid yet
10-14 02:42:55.197  2747  7191 W amlaudioMixer: mixer_get_presentation_position(), port not ready now
10-14 02:42:55.197  2747  7191 W audio-subMixingFactory: out_get_presentation_position_port(), pts not valid yet
10-14 02:42:55.208  2747  7191 W amlaudioMixer: mixer_get_presentation_position(), port not ready now
10-14 02:42:55.208  2747  7191 W audio-subMixingFactory: out_get_presentation_position_port(), pts not valid yet
10-14 02:42:55.219  2747  7191 W amlaudioMixer: mixer_get_presentation_position(), port not ready now
10-14 02:42:55.219  2747  7191 W audio-subMixingFactory: out_get_presentation_position_port(), pts not valid yet
10-14 02:42:55.229  2747  7191 W amlaudioMixer: mixer_get_presentation_position(), port not ready now
10-14 02:42:55.229  2747  7191 W audio-subMixingFactory: out_get_presentation_position_port(), pts not valid yet
10-14 02:42:55.241  2747  7191 W amlaudioMixer: mixer_get_presentation_position(), port not ready now
10-14 02:42:55.241  2747  7191 W audio-subMixingFactory: out_get_presentation_position_port(), pts not valid yet
10-14 02:42:55.251  2747  7191 W amlaudioMixer: mixer_get_presentation_position(), port not ready now
10-14 02:42:55.251  2747  7191 W audio-subMixingFactory: out_get_presentation_position_port(), pts not valid yet
10-14 02:42:55.262  2747  7191 W amlaudioMixer: mixer_get_presentation_position(), port not ready now
10-14 02:42:55.262  2747  7191 W audio-subMixingFactory: out_get_presentation_position_port(), pts not valid yet
10-14 02:42:55.273  2747  7191 W amlaudioMixer: mixer_get_presentation_position(), port not ready now
10-14 02:42:55.273  2747  7191 W audio-subMixingFactory: out_get_presentation_position_port(), pts not valid yet
10-14 02:42:55.283  2747  7191 W amlaudioMixer: mixer_get_presentation_position(), port not ready now
10-14 02:42:55.283  2747  7191 W audio-subMixingFactory: out_get_presentation_position_port(), pts not valid yet
10-14 02:42:55.294  2747  7191 W amlaudioMixer: mixer_get_presentation_position(), port not ready now
10-14 02:42:55.294  2747  7191 W audio-subMixingFactory: out_get_presentation_position_port(), pts not valid yet
10-14 02:42:55.305  2747  7191 W amlaudioMixer: mixer_get_presentation_position(), port not ready now
10-14 02:42:55.305  2747  7191 W audio-subMixingFactory: out_get_presentation_position_port(), pts not valid yet
10-14 02:42:55.315  2747  7191 W amlaudioMixer: mixer_get_presentation_position(), port not ready now
10-14 02:42:55.316  2747  7191 W audio-subMixingFactory: out_get_presentation_position_port(), pts not valid yet
10-14 02:42:55.326  2747  7191 W amlaudioMixer: mixer_get_presentation_position(), port not ready now
10-14 02:42:55.326  2747  7191 W audio-subMixingFactory: out_get_presentation_position_port(), pts not valid yet
10-14 02:42:55.337  2747  7191 W amlaudioMixer: mixer_get_presentation_position(), port not ready now
10-14 02:42:55.337  2747  7191 W audio-subMixingFactory: out_get_presentation_position_port(), pts not valid yet
10-14 02:42:55.348  2747  7191 W amlaudioMixer: mixer_get_presentation_position(), port not ready now
10-14 02:42:55.348  2747  7191 W audio-subMixingFactory: out_get_presentation_position_port(), pts not valid yet
10-14 02:42:55.359  2747  7191 W amlaudioMixer: mixer_get_presentation_position(), port not ready now
10-14 02:42:55.359  2747  7191 W audio-subMixingFactory: out_get_presentation_position_port(), pts not valid yet
10-14 02:42:55.369  2747  7191 W amlaudioMixer: mixer_get_presentation_position(), port not ready now
10-14 02:42:55.370  2747  7191 W audio-subMixingFactory: out_get_presentation_position_port(), pts not valid yet
10-14 02:42:55.380  2747  7191 W amlaudioMixer: mixer_get_presentation_position(), port not ready now
10-14 02:42:55.380  2747  7191 W audio-subMixingFactory: out_get_presentation_position_port(), pts not valid yet
10-14 02:42:55.391  2747  7191 W amlaudioMixer: mixer_get_presentation_position(), port not ready now
10-14 02:42:55.391  2747  7191 W audio-subMixingFactory: out_get_presentation_position_port(), pts not valid yet
10-14 02:42:55.402  2747  7191 W amlaudioMixer: mixer_get_presentation_position(), port not ready now
10-14 02:42:55.402  2747  7191 W audio-subMixingFactory: out_get_presentation_position_port(), pts not valid yet
10-14 02:42:55.412  2747  7191 W amlaudioMixer: mixer_get_presentation_position(), port not ready now
10-14 02:42:55.412  2747  7191 W audio-subMixingFactory: out_get_presentation_position_port(), pts not valid yet
10-14 02:42:55.423  2747  7191 W amlaudioMixer: mixer_get_presentation_position(), port not ready now
10-14 02:42:55.423  2747  7191 W audio-subMixingFactory: out_get_presentation_position_port(), pts not valid yet
10-14 02:42:55.434  2747  7191 W amlaudioMixer: mixer_get_presentation_position(), port not ready now
10-14 02:42:55.434  2747  7191 W audio-subMixingFactory: out_get_presentation_position_port(), pts not valid yet
10-14 02:42:55.444  2747  7191 W amlaudioMixer: mixer_get_presentation_position(), port not ready now
10-14 02:42:55.445  2747  7191 W audio-subMixingFactory: out_get_presentation_position_port(), pts not valid yet
10-14 02:42:55.455  2747  7191 W amlaudioMixer: mixer_get_presentation_position(), port not ready now
10-14 02:42:55.455  2747  7191 W audio-subMixingFactory: out_get_presentation_position_port(), pts not valid yet
10-14 02:42:55.466  2747  7191 W amlaudioMixer: mixer_get_presentation_position(), port not ready now
10-14 02:42:55.466  2747  7191 W audio-subMixingFactory: out_get_presentation_position_port(), pts not valid yet
10-14 02:42:55.477  2747  7191 W amlaudioMixer: mixer_get_presentation_position(), port not ready now
10-14 02:42:55.477  2747  7191 W audio-subMixingFactory: out_get_presentation_position_port(), pts not valid yet
10-14 02:42:55.487  2747  7191 W amlaudioMixer: mixer_get_presentation_position(), port not ready now
10-14 02:42:55.487  2747  7191 W audio-subMixingFactory: out_get_presentation_position_port(), pts not valid yet
10-14 02:42:55.498  2747  7191 W amlaudioMixer: mixer_get_presentation_position(), port not ready now
10-14 02:42:55.498  2747  7191 W audio-subMixingFactory: out_get_presentation_position_port(), pts not valid yet
10-14 02:42:55.509  2747  7191 W amlaudioMixer: mixer_get_presentation_position(), port not ready now
10-14 02:42:55.509  2747  7191 W audio-subMixingFactory: out_get_presentation_position_port(), pts not valid yet
10-14 02:42:55.519  2747  7191 W amlaudioMixer: mixer_get_presentation_position(), port not ready now
10-14 02:42:55.519  2747  7191 W audio-subMixingFactory: out_get_presentation_position_port(), pts not valid yet
10-14 02:42:55.530  2747  7191 W amlaudioMixer: mixer_get_presentation_position(), port not ready now
10-14 02:42:55.530  2747  7191 W audio-subMixingFactory: out_get_presentation_position_port(), pts not valid yet
10-14 02:42:55.541  2747  7191 W amlaudioMixer: mixer_get_presentation_position(), port not ready now
10-14 02:42:55.541  2747  7191 W audio-subMixingFactory: out_get_presentation_position_port(), pts not valid yet
10-14 02:42:55.552  2747  7191 W amlaudioMixer: mixer_get_presentation_position(), port not ready now
10-14 02:42:55.552  2747  7191 W audio-subMixingFactory: out_get_presentation_position_port(), pts not valid yet
10-14 02:42:55.562  2747  7191 W amlaudioMixer: mixer_get_presentation_position(), port not ready now
10-14 02:42:55.563  2747  7191 W audio-subMixingFactory: out_get_presentation_position_port(), pts not valid yet
10-14 02:42:55.574  2747  7191 W amlaudioMixer: mixer_get_presentation_position(), port not ready now
10-14 02:42:55.574  2747  7191 W audio-subMixingFactory: out_get_presentation_position_port(), pts not valid yet
10-14 02:42:55.585  2747  7191 W amlaudioMixer: mixer_get_presentation_position(), port not ready now
10-14 02:42:55.585  2747  7191 W audio-subMixingFactory: out_get_presentation_position_port(), pts not valid yet
10-14 02:42:55.595  2747  7191 W amlaudioMixer: mixer_get_presentation_position(), port not ready now
10-14 02:42:55.595  2747  7191 W audio-subMixingFactory: out_get_presentation_position_port(), pts not valid yet
10-14 02:42:55.606  2747  7191 W amlaudioMixer: mixer_get_presentation_position(), port not ready now
10-14 02:42:55.606  2747  7191 W audio-subMixingFactory: out_get_presentation_position_port(), pts not valid yet
10-14 02:42:55.617  2747  7191 W amlaudioMixer: mixer_get_presentation_position(), port not ready now
10-14 02:42:55.617  2747  7191 W audio-subMixingFactory: out_get_presentation_position_port(), pts not valid yet
10-14 02:42:55.627  2747  7191 W amlaudioMixer: mixer_get_presentation_position(), port not ready now
10-14 02:42:55.627  2747  7191 W audio-subMixingFactory: out_get_presentation_position_port(), pts not valid yet
10-14 02:42:55.638  2747  7191 W amlaudioMixer: mixer_get_presentation_position(), port not ready now
10-14 02:42:55.638  2747  7191 W audio-subMixingFactory: out_get_presentation_position_port(), pts not valid yet
10-14 02:42:55.649  2747  7191 W amlaudioMixer: mixer_get_presentation_position(), port not ready now
10-14 02:42:55.649  2747  7191 W audio-subMixingFactory: out_get_presentation_position_port(), pts not valid yet
10-14 02:42:55.660  2747  7191 W amlaudioMixer: mixer_get_presentation_position(), port not ready now
10-14 02:42:55.660  2747  7191 W audio-subMixingFactory: out_get_presentation_position_port(), pts not valid yet
10-14 02:42:55.670  2747  7191 W amlaudioMixer: mixer_get_presentation_position(), port not ready now
10-14 02:42:55.670  2747  7191 W audio-subMixingFactory: out_get_presentation_position_port(), pts not valid yet
10-14 02:42:55.681  2747  7191 W amlaudioMixer: mixer_get_presentation_position(), port not ready now
10-14 02:42:55.681  2747  7191 W audio-subMixingFactory: out_get_presentation_position_port(), pts not valid yet
10-14 02:42:55.692  2747  7191 W amlaudioMixer: mixer_get_presentation_position(), port not ready now
10-14 02:42:55.692  2747  7191 W audio-subMixingFactory: out_get_presentation_position_port(), pts not valid yet
10-14 02:42:55.702  2747  7191 W amlaudioMixer: mixer_get_presentation_position(), port not ready now
10-14 02:42:55.702  2747  7191 W audio-subMixingFactory: out_get_presentation_position_port(), pts not valid yet
10-14 02:42:55.713  2747  7191 W amlaudioMixer: mixer_get_presentation_position(), port not ready now
10-14 02:42:55.713  2747  7191 W audio-subMixingFactory: out_get_presentation_position_port(), pts not valid yet
10-14 02:42:55.724  2747  7191 W amlaudioMixer: mixer_get_presentation_position(), port not ready now
10-14 02:42:55.724  2747  7191 W audio-subMixingFactory: out_get_presentation_position_port(), pts not valid yet
10-14 02:42:55.735  2747  7191 W amlaudioMixer: mixer_get_presentation_position(), port not ready now
10-14 02:42:55.735  2747  7191 W audio-subMixingFactory: out_get_presentation_position_port(), pts not valid yet
10-14 02:42:55.745  2747  7191 W amlaudioMixer: mixer_get_presentation_position(), port not ready now
10-14 02:42:55.745  2747  7191 W audio-subMixingFactory: out_get_presentation_position_port(), pts not valid yet
10-14 02:42:55.756  2747  7191 W amlaudioMixer: mixer_get_presentation_position(), port not ready now
10-14 02:42:55.756  2747  7191 W audio-subMixingFactory: out_get_presentation_position_port(), pts not valid yet
10-14 02:42:55.767  2747  7191 W amlaudioMixer: mixer_get_presentation_position(), port not ready now
10-14 02:42:55.767  2747  7191 W audio-subMixingFactory: out_get_presentation_position_port(), pts not valid yet
10-14 02:42:55.777  2747  7191 W amlaudioMixer: mixer_get_presentation_position(), port not ready now
10-14 02:42:55.777  2747  7191 W audio-subMixingFactory: out_get_presentation_position_port(), pts not valid yet
10-14 02:42:55.788  2747  7191 W amlaudioMixer: mixer_get_presentation_position(), port not ready now
10-14 02:42:55.788  2747  7191 W audio-subMixingFactory: out_get_presentation_position_port(), pts not valid yet
10-14 02:42:55.799  2747  7191 W amlaudioMixer: mixer_get_presentation_position(), port not ready now
10-14 02:42:55.799  2747  7191 W audio-subMixingFactory: out_get_presentation_position_port(), pts not valid yet
10-14 02:42:55.809  2747  7191 W amlaudioMixer: mixer_get_presentation_position(), port not ready now
10-14 02:42:55.810  2747  7191 W audio-subMixingFactory: out_get_presentation_position_port(), pts not valid yet
10-14 02:42:55.820  2747  7191 W amlaudioMixer: mixer_get_presentation_position(), port not ready now
10-14 02:42:55.820  2747  7191 W audio-subMixingFactory: out_get_presentation_position_port(), pts not valid yet
10-14 02:42:55.831  2747  7191 W amlaudioMixer: mixer_get_presentation_position(), port not ready now
10-14 02:42:55.831  2747  7191 W audio-subMixingFactory: out_get_presentation_position_port(), pts not valid yet
10-14 02:42:55.842  2747  7191 W amlaudioMixer: mixer_get_presentation_position(), port not ready now
10-14 02:42:55.842  2747  7191 W audio-subMixingFactory: out_get_presentation_position_port(), pts not valid yet
10-14 02:42:55.852  2747  7191 W amlaudioMixer: mixer_get_presentation_position(), port not ready now
10-14 02:42:55.852  2747  7191 W audio-subMixingFactory: out_get_presentation_position_port(), pts not valid yet
10-14 02:42:55.863  2747  7191 W amlaudioMixer: mixer_get_presentation_position(), port not ready now
10-14 02:42:55.863  2747  7191 W audio-subMixingFactory: out_get_presentation_position_port(), pts not valid yet
10-14 02:42:55.874  2747  7191 W amlaudioMixer: mixer_get_presentation_position(), port not ready now
10-14 02:42:55.874  2747  7191 W audio-subMixingFactory: out_get_presentation_position_port(), pts not valid yet
10-14 02:42:55.884  2747  7191 W amlaudioMixer: mixer_get_presentation_position(), port not ready now
10-14 02:42:55.885  2747  7191 W audio-subMixingFactory: out_get_presentation_position_port(), pts not valid yet
10-14 02:42:55.896  2747  7191 W amlaudioMixer: mixer_get_presentation_position(), port not ready now
10-14 02:42:55.896  2747  7191 W audio-subMixingFactory: out_get_presentation_position_port(), pts not valid yet
10-14 02:42:55.907  2747  7191 W amlaudioMixer: mixer_get_presentation_position(), port not ready now
10-14 02:42:55.907  2747  7191 W audio-subMixingFactory: out_get_presentation_position_port(), pts not valid yet
10-14 02:42:55.917  2747  7191 W amlaudioMixer: mixer_get_presentation_position(), port not ready now
10-14 02:42:55.917  2747  7191 W audio-subMixingFactory: out_get_presentation_position_port(), pts not valid yet
10-14 02:42:55.928  2747  7191 W amlaudioMixer: mixer_get_presentation_position(), port not ready now
10-14 02:42:55.928  2747  7191 W audio-subMixingFactory: out_get_presentation_position_port(), pts not valid yet
10-14 02:42:55.939  2747  7191 W amlaudioMixer: mixer_get_presentation_position(), port not ready now
10-14 02:42:55.939  2747  7191 W audio-subMixingFactory: out_get_presentation_position_port(), pts not valid yet
10-14 02:42:55.949  2747  7191 W amlaudioMixer: mixer_get_presentation_position(), port not ready now
10-14 02:42:55.950  2747  7191 W audio-subMixingFactory: out_get_presentation_position_port(), pts not valid yet
10-14 02:42:55.960  2747  7191 W amlaudioMixer: mixer_get_presentation_position(), port not ready now
10-14 02:42:55.960  2747  7191 W audio-subMixingFactory: out_get_presentation_position_port(), pts not valid yet
10-14 02:42:55.971  2747  7191 W amlaudioMixer: mixer_get_presentation_position(), port not ready now
10-14 02:42:55.971  2747  7191 W audio-subMixingFactory: out_get_presentation_position_port(), pts not valid yet
10-14 02:42:55.982  2747  7191 W amlaudioMixer: mixer_get_presentation_position(), port not ready now
10-14 02:42:55.982  2747  7191 W audio-subMixingFactory: out_get_presentation_position_port(), pts not valid yet
10-14 02:42:55.992  2747  7191 W amlaudioMixer: mixer_get_presentation_position(), port not ready now
10-14 02:42:55.992  2747  7191 W audio-subMixingFactory: out_get_presentation_position_port(), pts not valid yet
10-14 02:42:56.003  2747  7191 W amlaudioMixer: mixer_get_presentation_position(), port not ready now
10-14 02:42:56.003  2747  7191 W audio-subMixingFactory: out_get_presentation_position_port(), pts not valid yet
10-14 02:42:56.014  2747  7191 W amlaudioMixer: mixer_get_presentation_position(), port not ready now
10-14 02:42:56.014  2747  7191 W audio-subMixingFactory: out_get_presentation_position_port(), pts not valid yet
10-14 02:42:56.024  2747  7191 W amlaudioMixer: mixer_get_presentation_position(), port not ready now
10-14 02:42:56.025  2747  7191 W audio-subMixingFactory: out_get_presentation_position_port(), pts not valid yet
10-14 02:42:56.035  2747  7191 W amlaudioMixer: mixer_get_presentation_position(), port not ready now
10-14 02:42:56.035  2747  7191 W audio-subMixingFactory: out_get_presentation_position_port(), pts not valid yet
10-14 02:42:56.046  2747  7191 W amlaudioMixer: mixer_get_presentation_position(), port not ready now
10-14 02:42:56.046  2747  7191 W audio-subMixingFactory: out_get_presentation_position_port(), pts not valid yet
10-14 02:42:56.057  2747  7191 W amlaudioMixer: mixer_get_presentation_position(), port not ready now
10-14 02:42:56.057  2747  7191 W audio-subMixingFactory: out_get_presentation_position_port(), pts not valid yet
10-14 02:42:56.067  2747  7191 W amlaudioMixer: mixer_get_presentation_position(), port not ready now
10-14 02:42:56.067  2747  7191 W audio-subMixingFactory: out_get_presentation_position_port(), pts not valid yet
10-14 02:42:56.078  2747  7191 W amlaudioMixer: mixer_get_presentation_position(), port not ready now
10-14 02:42:56.078  2747  7191 W audio-subMixingFactory: out_get_presentation_position_port(), pts not valid yet
10-14 02:42:56.089  2747  7191 W amlaudioMixer: mixer_get_presentation_position(), port not ready now
10-14 02:42:56.089  2747  7191 W audio-subMixingFactory: out_get_presentation_position_port(), pts not valid yet
10-14 02:42:56.818 26290 26290 I PlayerController: Play
10-14 02:42:56.819 26290 26290 D PlayerController: Playback state changed. Last: Pausing New: Playing
10-14 02:42:56.820  2747  7191 W amlaudioMixer: mixer_get_presentation_position(), port not ready now
10-14 02:42:56.820  2747  7191 W audio-subMixingFactory: out_get_presentation_position_port(), pts not valid yet
10-14 02:42:56.820  2747  7191 I audio-subMixingFactory: ++usecase_change_validate_l_sm: dev usecase masks = 0, out usecase_masks = 0, out usecase STREAM_PCM_NORMAL
10-14 02:42:56.821  2747  7191 I audio-subMixingFactory: ++++usecase_change_validate_l_sm(),continuous_audio_mode 0 dev usecase masks = 0, out usecase_masks = 0, out usecase STREAM_PCM_NORMAL
10-14 02:42:56.821  2747  7191 I audio-subMixingFactory: usecase_change_validate_l_sm(), mixer_aux_buffer_write_sm !
10-14 02:42:56.821  2747  7191 I audio-subMixingFactory: ----usecase_change_validate_l_sm(), continuous_audio_mode 0 dev usecase masks = 0x1, out usecase_masks = 0x1, out usecase STREAM_PCM_NORMAL
10-14 02:42:56.821  2747  7191 I aml_audio_port: get_input_port_index(), samplerate 48000
10-14 02:42:56.821  2747  7191 D aml_audio_port: new_input_port(), index:0, rbuf size:8192, direct_on:0
10-14 02:42:56.821  2747  7191 D aml_audio_port: new_input_port(), fmt 0x1, rate 48000
10-14 02:42:56.821  2747  7191 I amlaudioMixer: ++init_mixer_input_port port index 0, size 512 frames
10-14 02:42:56.821  2747  7191 I amlaudioMixer: init_mixer_input_port(), port->initial_frames: 62102528
10-14 02:42:56.821  2747  7191 I aml_audio_port: get_input_port_index(), samplerate 48000
10-14 02:42:56.821  2747  7191 I audio-subMixingFactory: mixer_aux_buffer_write_sm(), primary 0xee3ca000 port index = 0
10-14 02:42:56.821  2747  7191 I audio-subMixingFactory: padding_bytes 16384
10-14 02:42:56.821  2747  7191 I amlaudioMixer: port index 0 is active now
10-14 02:42:56.821  2747  7191 I audio-subMixingFactory: padding_bytes 14336
10-14 02:42:56.821  2747  7191 I audio-subMixingFactory: padding_bytes 12288
10-14 02:42:56.821  2747  7191 I audio-subMixingFactory: padding_bytes 10240
10-14 02:42:56.821  2747  7191 I audio-subMixingFactory: padding_bytes 8192
10-14 02:42:56.823  2747  7191 I audio-subMixingFactory: padding_bytes 6144
10-14 02:42:56.826  2953  6663 I MediaFocusControl: requestAudioFocus() from uid/pid 10082/26290 clientId=android.media.AudioManager@75c8509com.google.android.exoplayer2.audio.l$b@e3930e callingPack=com.frograms.wplay req=1 flags=0x0 sdk=28
10-14 02:42:56.826  2747  7191 I audio-subMixingFactory: padding_bytes 4096
10-14 02:42:56.826  2953  2953 D MediaSessionService: Media button session is changed to com.frograms.wplay/WatchaMediaPlayback (userId=0)
10-14 02:42:56.827  2747  7191 I audio-subMixingFactory: padding_bytes 2048
10-14 02:42:50.950 26290 26290 I chatty  : uid=10082(com.frograms.wplay) identical 2 lines
10-14 02:42:50.950 26290 26290 W ViewRootImpl[MainActivity]: Cancelling event due to no window focus: MotionEvent { action=ACTION_CANCEL, actionButton=0, id[0]=0, x[0]=915.0126, y[0]=158.48126, toolType[0]=TOOL_TYPE_MOUSE, buttonState=0, metaState=0, flags=0x0, edgeFlags=0x0, pointerCount=1, historySize=0, eventTime=9022815, downTime=9020979, deviceId=4, source=0x2002 }
10-14 02:42:56.827  2953  2953 V SettingsProvider: Notifying for 0: content://settings/secure/media_button_receiver
10-14 02:42:56.837  2747  7191 W amlaudioMixer: mixer_get_presentation_position(), not valid now
10-14 02:42:56.837  2747  7191 W audio-subMixingFactory: out_get_presentation_position_port(), pts not valid yet
10-14 02:42:56.840  2789 15987 D AmlogicVideoDecoderAwesome: memset outputbuffer index=5, size 629856
10-14 02:42:56.844  2789 16012 D AmlogicVideoDecoderAwesome: memset outputbuffer index=6, size 629856
10-14 02:42:56.845 26290 26290 V MediaRouter: onRestoreRoute() : route=RouteInfo{ name=HDMI, description=null, status=null, category=RouteCategory{ name=시스템 types=ROUTE_TYPE_LIVE_AUDIO ROUTE_TYPE_LIVE_VIDEO  groupable=false }, supportedTypes=ROUTE_TYPE_LIVE_AUDIO ROUTE_TYPE_LIVE_VIDEO , presentationDisplay=null }
10-14 02:42:56.846 26290 26290 V MediaRouter: Selecting route: RouteInfo{ name=HDMI, description=null, status=null, category=RouteCategory{ name=시스템 types=ROUTE_TYPE_LIVE_AUDIO ROUTE_TYPE_LIVE_VIDEO  groupable=false }, supportedTypes=ROUTE_TYPE_LIVE_AUDIO ROUTE_TYPE_LIVE_VIDEO , presentationDisplay=null }
10-14 02:42:56.848  2747  7191 W amlaudioMixer: mixer_get_presentation_position(), not valid now
10-14 02:42:56.848  2747  7191 W audio-subMixingFactory: out_get_presentation_position_port(), pts not valid yet
10-14 02:42:56.854  2789 16012 D AmlogicVideoDecoderAwesome: memset outputbuffer index=7, size 629856
10-14 02:42:56.859  2766  2911 D AudioFlinger: mixer(0xeb583ac0) throttle end: throttle time(6)
10-14 02:42:56.860 26290 26332 W FA      : Value is too long; discarded. Value kind, name, value length: param, ping_payload, 1155
10-14 02:42:56.934 26290 26301 I .frograms.wpla: Background concurrent copying GC freed 73541(3MB) AllocSpace objects, 41(1724KB) LOS objects, 49% free, 23MB/46MB, paused 319us total 101.268ms
10-14 02:42:56.936 26290 26299 W System  : A resource failed to call end. 
10-14 02:42:56.963  2760  2760 I memtrack@1.0-se: type=1400 audit(0.0:2824): avc: denied { read } for name="mem_profile" dev="debugfs" ino=667816 scontext=u:r:hal_memtrack_default:s0 tcontext=u:object_r:debugfs:s0 tclass=file permissive=1
10-14 02:42:56.963  2760  2760 I memtrack@1.0-se: type=1400 audit(0.0:2825): avc: denied { open } for path="/sys/kernel/debug/mali0/ctx/26290_48/mem_profile" dev="debugfs" ino=667816 scontext=u:r:hal_memtrack_default:s0 tcontext=u:object_r:debugfs:s0 tclass=file permissive=1
10-14 02:42:56.971 26290 26332 W FA      : Value is too long; discarded. Value kind, name, value length: param, ping_payload, 1155
10-14 02:42:56.977  3483 11033 W NetworkScheduler: Error inserting period=6661000 preferred_charging_state=1 preferred_network_type=1 target_class=com.google.android.gms.measurement.PackageMeasurementTaskService required_network_type=0 runtime=1602610976973 required_idleness_state=0 source=16 service_kind=0 target_package=com.google.android.gms persistence_level=1 source_version=203615000 last_runtime=0 user_id=0 job_id=-1 requires_charging=0 tag=Measurement.PackageMeasurementTaskService.UPLOAD_TASK_TAG flex_time=3330000 task_type=0 retry_strategy={"maximum_backoff_seconds":{"3600":0},"initial_backoff_seconds":{"30":0},"retry_policy":{"0":0}}, error message: UNIQUE constraint failed: pending_ops.tag, pending_ops.target_class, pending_ops.target_package, pending_ops.user_id (code 2067 SQLITE_CONSTRAINT_UNIQUE) [CONTEXT service_id=218 ]
10-14 02:42:57.099  3483 13406 W NetworkScheduler: Error inserting period=6660000 preferred_charging_state=1 preferred_network_type=1 target_class=com.google.android.gms.measurement.PackageMeasurementTaskService required_network_type=0 runtime=1602610977092 required_idleness_state=0 source=16 service_kind=0 target_package=com.google.android.gms persistence_level=1 source_version=203615000 last_runtime=0 user_id=0 job_id=-1 requires_charging=0 tag=Measurement.PackageMeasurementTaskService.UPLOAD_TASK_TAG flex_time=3329000 task_type=0 retry_strategy={"maximum_backoff_seconds":{"3600":0},"initial_backoff_seconds":{"30":0},"retry_policy":{"0":0}}, error message: UNIQUE constraint failed: pending_ops.tag, pending_ops.target_class, pending_ops.target_package, pending_ops.user_id (code 2067 SQLITE_CONSTRAINT_UNIQUE) [CONTEXT service_id=218 ]
10-14 02:42:57.150  4078  4078 D skia    : --- Failed to create image decoder with message 'unimplemented'
10-14 02:42:57.159  4078  4078 I tutu.ABenchMark: type=1400 audit(0.0:2827): avc: denied { open } for path="/proc/stat" dev="proc" ino=4026531957 scontext=u:r:untrusted_app_27:s0:c512,c768 tcontext=u:object_r:proc_stat:s0 tclass=file permissive=1
10-14 02:42:57.159  4078  4078 I tutu.ABenchMark: type=1400 audit(0.0:2828): avc: denied { getattr } for path="/proc/stat" dev="proc" ino=4026531957 scontext=u:r:untrusted_app_27:s0:c512,c768 tcontext=u:object_r:proc_stat:s0 tclass=file permissive=1
10-14 02:42:57.177  4078  4078 D skia    : --- Failed to create image decoder with message 'unimplemented'
10-14 02:42:58.081 26290 26290 D InputEventConsistencyVerifier: GenericMotionEvent: Action button for ACTION_BUTTON_RELEASE event is 1, but it was either never pressed or has already been released.
10-14 02:42:58.081 26290 26290 D InputEventConsistencyVerifier:   in com.frograms.wplay.view.widget.PlayerMultiTapEffectSideView{3e0dbbe V.E...... ........ 877,0-1360,768 #7f0b0454 app:id/seek_right_effect}
10-14 02:42:58.081 26290 26290 D InputEventConsistencyVerifier:   0: sent at 9029947544000, MotionEvent { action=ACTION_BUTTON_RELEASE, actionButton=BUTTON_PRIMARY, id[0]=0, x[0]=104.65057, y[0]=380.34125, toolType[0]=TOOL_TYPE_MOUSE, buttonState=0, metaState=0, flags=0x0, edgeFlags=0x0, pointerCount=1, historySize=0, eventTime=9029947, downTime=9029643, deviceId=4, source=0x2002 }
10-14 02:42:58.081 26290 26290 D InputEventConsistencyVerifier:   -- recent events --
10-14 02:42:58.081 26290 26290 D InputEventConsistencyVerifier:   1: sent at 9023675559000, (unhandled) MotionEvent { action=ACTION_HOVER_EXIT, actionButton=0, id[0]=0, x[0]=-0.98742676, y[0]=182.48126, toolType[0]=TOOL_TYPE_MOUSE, buttonState=0, metaState=0, flags=0x0, edgeFlags=0x0, pointerCount=1, historySize=0, eventTime=9023675, downTime=9020979, deviceId=4, source=0x2002 }
10-14 02:42:58.081 26290 26290 D InputEventConsistencyVerifier:   2: sent at 9023675559000, (unhandled) MotionEvent { action=ACTION_HOVER_MOVE, actionButton=0, id[0]=0, x[0]=-0.98742676, y[0]=182.48126, toolType[0]=TOOL_TYPE_MOUSE, buttonState=0, metaState=0, flags=0x4, edgeFlags=0x0, pointerCount=1, historySize=0, eventTime=9023675, downTime=9020979, deviceId=4, source=0x2002 }
10-14 02:42:58.081 26290 26290 D InputEventConsistencyVerifier:   3: sent at 9023651560000, (unhandled) MotionEvent { action=ACTION_HOVER_MOVE, actionButton=0, id[0]=0, x[0]=0.012573242, y[0]=180.48126, toolType[0]=TOOL_TYPE_MOUSE, buttonState=0, metaState=0, flags=0x0, edgeFlags=0x0, pointerCount=1, historySize=0, eventTime=9023651, downTime=9020979, deviceId=4, source=0x2002 }
