10-14 02:42:51.942 26290 26354 D FirebasePerformance: Fetched value: '0.338495' for key: 'fpr_vc_network_request_sampling_rate' from Firebase Remote Config.
10-14 02:42:52.267  2747  2888 D audio-subMixingFactory: out_standby_subMixingPCM: out_stream(0xee3ca000) usecase: STREAM_PCM_NORMAL
10-14 02:42:52.267  2747  2888 I audio-subMixingFactory: ++usecase_change_validate_l_sm(), dev usecase masks = 0x1, is_standby = 1, out usecase STREAM_PCM_NORMAL
10-14 02:42:52.267  2747  2888 I audio-subMixingFactory: --usecase_change_validate_l_sm(), dev usecase masks = 0, is_standby = 1, out usecase STREAM_PCM_NORMAL
10-14 02:42:52.267  2747  2888 I amlaudioMixer: ++delete_mixer_input_port port ID: 0
10-14 02:42:52.290  2753 29337 I WVCdm   : [cdm_engine.cpp(674):QueryKeyStatus] CdmEngine::QueryKeyStatus
10-14 02:42:52.291 26290 29383 I DrmSessionManager: serverToLocalOffset: 1291
10-14 02:42:52.291  2753 29337 I WVCdm   : [cdm_engine.cpp(674):QueryKeyStatus] CdmEngine::QueryKeyStatus
10-14 02:42:52.291 26290 29383 D DrmSessionManager: Storing key set ID for 2c9f98d76e63f0f8016fc6adba8f2db1_hevc
10-14 02:42:52.292  2753 29337 I WVCdm   : [cdm_engine.cpp(674):QueryKeyStatus] CdmEngine::QueryKeyStatus
10-14 02:42:52.292 26290 29383 I DrmSessionManager: License Key Status for stored License: PersistAllowed -> True
10-14 02:42:52.292 26290 29383 I DrmSessionManager: License Key Status for stored License: PlayAllowed -> True
10-14 02:42:52.292 26290 29383 I DrmSessionManager: License Key Status for stored License: PlaybackDurationRemaining -> 86399
10-14 02:42:52.292 26290 29383 I DrmSessionManager: License Key Status for stored License: LicenseDurationRemaining -> 86398
10-14 02:42:52.292 26290 29383 I DrmSessionManager: License Key Status for stored License: RenewalServerUrl -> 
10-14 02:42:52.292 26290 29383 I DrmSessionManager: License Key Status for stored License: RenewAllowed -> False
10-14 02:42:52.292 26290 29383 I DrmSessionManager: License Key Status for stored License: LicenseType -> Offline
10-14 02:42:52.292 26290 29383 I DrmSessionManager: License data loaded
10-14 02:42:52.298 26290 29383 D PlayerController: Initializing player backend for: https://d244on85gz0ibx.cloudfront.net/prod/2c9f98d76e63f0f8016fc6adba8f2db1_hevc/ZGFzaCxoZXZjLHdfMTI4MCxoXzcyMA.mpd
10-14 02:42:52.299 26290 29383 D PlayerController: BufferConfiguration bufferSizeBytes=16777216, lowMediaTimeMs=15000, highMediaTimeMs=60000, bufferSegmentSize=65536, minPlaybackStartMs=2500, minRebufferStartMs=5000, prioritizeTimeOverSizeThresholds=true, drainWhileCharging=false, backBufferDuration=0
10-14 02:42:52.299 26290 29383 D PlayerController: LiveConfiguration customUtcTimingElement=null, liveEdgeLatencyMs=-1, hlsLiveTailSegmentIndex=2, hlsPlaylistUpdateTargetDurationCoefficient=0.5, hlsForcePlaylistUpdateTargetDuration=false, minManifestUpdatePeriodMs=-9223372036854775807, snapToSegmentStart=true, availabilityStartTimeOffsetOverwriteMs=-9223372036854775807, timesyncSafetyMs=0, catchup configuration=CatchupConfiguration type=NONE, lowerTimeThresholdMs=0, upperTimeThresholdMs=0, speedCoefficient=0.0
10-14 02:42:52.299 26290 29383 W PlayerController: Analytics plugin registered, but not meta-data specified! Unable to initialize Analytics session!
10-14 02:42:52.302  2782  2782 D DrmHal  : found drm@1.0 IDrmFactory clearkey
10-14 02:42:52.303  2782  2782 D DrmHal  : found drm@1.0 IDrmFactory default
10-14 02:42:52.304  2782  2782 D DrmHal  : found drm@1.0 IDrmFactory widevine
10-14 02:42:52.305  2782  2782 D DrmHal  : found drm@1.1 IDrmFactory clearkey
10-14 02:42:52.305  2782  2782 D DrmHal  : found drm@1.1 IDrmFactory widevine
10-14 02:42:52.306 26290 26290 I WidevineTrackBuilder: Using a single DRM Sessions for all tracks.
10-14 02:42:52.309 26290 26290 I PlayerController: Display information changed: DisplayInfo{remote=false, secure=true, numberOfTotalDisplays=1, numberOfPresentationDisplays=0}
10-14 02:42:52.310 26290 26290 D PlayerController: Playback state changed. Last: Idle New: Preparing
10-14 02:42:52.317 26290 26290 I ExoPlayerImpl: Init af4f1cb [ExoPlayerLib/2.10.4] [odroidn2, odroidn2, HardKernel Co., Ltd., 28]
10-14 02:42:52.319 26290 29383 I PlayerController: Releasing player
10-14 02:42:52.320 26290 29383 D DrmSessionManager: Close DRM session manager
10-14 02:42:52.320 26290 29383 I PlayerController: Destroying controller
10-14 02:42:52.329  2753 29336 I WVCdm   : [cdm_engine.cpp(190):CloseSession] CdmEngine::CloseSession: sid3
10-14 02:42:52.335 26290 26290 D PlayerController: View loader started
10-14 02:42:52.335 26290 26290 D PlayerController: Playback state changed. Last: Preparing New: Buffering
10-14 02:42:52.342 26290 26332 W FA      : Value is too long; discarded. Value kind, name, value length: param, ping_payload, 1155
10-14 02:42:52.349  2753 29336 I WVCdm   : [(0):] L3 Terminate.
10-14 02:42:52.364  2756  2903 I [Gralloc]: framebuffer hal alread move to hwcomposer
10-14 02:42:52.382 26290 29455 D MPDParser: Skipped unsupported ContentProtection element
10-14 02:42:52.401 26290 29455 I chatty  : uid=10082(com.frograms.wplay) Loader:DashMedi identical 2 lines
10-14 02:42:52.402 26290 29455 D MPDParser: Skipped unsupported ContentProtection element
10-14 02:42:52.407 26290 26354 D FirebasePerformance: Fetched value: 'true' for key: 'fpr_enabled' from Firebase Remote Config.
10-14 02:42:52.407 26290 26354 D FirebasePerformance: Fetched value: '' for key: 'fpr_disabled_android_versions' from Firebase Remote Config.
10-14 02:42:52.407 26290 26354 D FirebasePerformance: Fetched value: 'true' for key: 'fpr_enabled' from Firebase Remote Config.
10-14 02:42:52.408 26290 26354 D FirebasePerformance: Fetched value: '' for key: 'fpr_disabled_android_versions' from Firebase Remote Config.
10-14 02:42:52.408 26290 26354 D FirebasePerformance: Fetched value: '0.338495' for key: 'fpr_vc_network_request_sampling_rate' from Firebase Remote Config.
10-14 02:42:52.409 26290 29455 W FirebaseRemoteConfig: No value of type 'FirebaseRemoteConfigValue' exists for parameter key 'fpr_session_max_duration_min'.
10-14 02:42:52.415 26290 29452 W MediaCodecSelector: Not found codec for stream mimetype = video/hevc, codecs = hev1.2.4.L63.00, secure = false
10-14 02:42:52.415 26290 29452 W MediaCodecSelector: Not found codec for stream mimetype = video/hevc, codecs = hev1.2.4.L63.00, secure = false
10-14 02:42:52.416 26290 29452 W MediaCodecSelector: Not found codec for stream mimetype = video/hevc, codecs = hev1.2.4.L90.00, secure = false
10-14 02:42:52.416 26290 29452 I ExtendedTrackSelector: Removed VIDEO representation: 1280x720@1371 kbps Framerate: 30.00 [HD-Representation not permitted]
10-14 02:42:52.417 26290 29452 I ExtendedTrackSelector: Removed VIDEO representation: 1280x720@2025 kbps Framerate: 30.00 [HD-Representation not permitted]
10-14 02:42:52.375  2768  2768 I Binder:2768_2: type=1400 audit(0.0:2819): avc: denied { read } for name="gralloc.odroidn2.so" dev="mmcblk0p12" ino=705 scontext=u:r:surfaceflinger:s0 tcontext=u:object_r:vendor_file:s0 tclass=file permissive=1
10-14 02:42:52.422 26290 29452 I ExtendedTrackSelector: No tracks found for renderer: TEXT
10-14 02:42:52.422 26290 29452 I ExtendedTrackSelector: No tracks found for renderer: METADATA
10-14 02:42:52.426 26290 29452 D LoadControl: Loading state changed to 'fill'. C:00:00 Low:00:15 High:01:00
10-14 02:42:52.428 26290 29452 I VideoTrackSelection: Track selection [T: Initial (Bandwidth Based)] [BT: C:00:00|Min:00:15|Max:01:00] [BM: 0.00% C:0 bytes|T:16 MB] [BE: 800.0 Kbps (Initial)] [SB: 00:10/00:25] [I: 1/2] [F: 640x360 @ 588.4 Kbps hev1.2.4.L63.00 30.00 fps]
10-14 02:42:52.452 26290 29472 W FirebaseRemoteConfig: No value of type 'FirebaseRemoteConfigValue' exists for parameter key 'fpr_session_max_duration_min'.
10-14 02:42:52.452 26290 26354 D FirebasePerformance: Fetched value: 'true' for key: 'fpr_enabled' from Firebase Remote Config.
10-14 02:42:52.453 26290 26354 D FirebasePerformance: Fetched value: '' for key: 'fpr_disabled_android_versions' from Firebase Remote Config.
10-14 02:42:52.453 26290 26354 D FirebasePerformance: Fetched value: 'true' for key: 'fpr_enabled' from Firebase Remote Config.
10-14 02:42:52.453 26290 26354 D FirebasePerformance: Fetched value: '' for key: 'fpr_disabled_android_versions' from Firebase Remote Config.
10-14 02:42:52.454 26290 26354 D FirebasePerformance: Fetched value: '0.338495' for key: 'fpr_vc_network_request_sampling_rate' from Firebase Remote Config.
10-14 02:42:52.375  2768  2768 I Binder:2768_2: type=1400 audit(0.0:2820): avc: denied { open } for path="/vendor/lib/hw/gralloc.odroidn2.so" dev="mmcblk0p12" ino=705 scontext=u:r:surfaceflinger:s0 tcontext=u:object_r:vendor_file:s0 tclass=file permissive=1
10-14 02:42:52.462 26290 26354 D FirebasePerformance: Fetched value: 'true' for key: 'fpr_enabled' from Firebase Remote Config.
10-14 02:42:52.462 26290 26354 D FirebasePerformance: Fetched value: '' for key: 'fpr_disabled_android_versions' from Firebase Remote Config.
10-14 02:42:52.462 26290 26354 D FirebasePerformance: Fetched value: 'true' for key: 'fpr_enabled' from Firebase Remote Config.
10-14 02:42:52.463 26290 26354 D FirebasePerformance: Fetched value: '' for key: 'fpr_disabled_android_versions' from Firebase Remote Config.
10-14 02:42:52.463 26290 26676 W FirebaseRemoteConfig: No value of type 'FirebaseRemoteConfigValue' exists for parameter key 'fpr_session_max_duration_min'.
10-14 02:42:52.463 26290 26354 D FirebasePerformance: Fetched value: '0.338495' for key: 'fpr_vc_network_request_sampling_rate' from Firebase Remote Config.
10-14 02:42:52.479 26290 26354 D FirebasePerformance: Fetched value: 'true' for key: 'fpr_enabled' from Firebase Remote Config.
10-14 02:42:52.480 26290 26354 D FirebasePerformance: Fetched value: '' for key: 'fpr_disabled_android_versions' from Firebase Remote Config.
10-14 02:42:52.480 26290 26354 D FirebasePerformance: Fetched value: 'true' for key: 'fpr_enabled' from Firebase Remote Config.
10-14 02:42:52.480 26290 26354 D FirebasePerformance: Fetched value: '' for key: 'fpr_disabled_android_versions' from Firebase Remote Config.
10-14 02:42:52.481 26290 26354 D FirebasePerformance: Fetched value: '0.338495' for key: 'fpr_vc_network_request_sampling_rate' from Firebase Remote Config.
10-14 02:42:52.482 26290 29471 W FirebaseRemoteConfig: No value of type 'FirebaseRemoteConfigValue' exists for parameter key 'fpr_session_max_duration_min'.
10-14 02:42:52.487 26290 29449 D DrmSessionManager: No session to reuse
10-14 02:42:52.487 26290 29449 D DrmSessionManager: Acquire session, open count is 1
10-14 02:42:52.493  3483 11033 W NetworkScheduler: Error inserting period=6670000 preferred_charging_state=1 preferred_network_type=1 target_class=com.google.android.gms.measurement.PackageMeasurementTaskService required_network_type=0 runtime=1602610972487 required_idleness_state=0 source=16 service_kind=0 target_package=com.google.android.gms persistence_level=1 source_version=203615000 last_runtime=0 user_id=0 job_id=-1 requires_charging=0 tag=Measurement.PackageMeasurementTaskService.UPLOAD_TASK_TAG flex_time=3334000 task_type=0 retry_strategy={"maximum_backoff_seconds":{"3600":0},"initial_backoff_seconds":{"30":0},"retry_policy":{"0":0}}, error message: UNIQUE constraint failed: pending_ops.tag, pending_ops.target_class, pending_ops.target_package, pending_ops.user_id (code 2067 SQLITE_CONSTRAINT_UNIQUE) [CONTEXT service_id=218 ]
10-14 02:42:52.375  2768  2768 I Binder:2768_2: type=1400 audit(0.0:2821): avc: denied { getattr } for path="/vendor/lib/hw/gralloc.odroidn2.so" dev="mmcblk0p12" ino=705 scontext=u:r:surfaceflinger:s0 tcontext=u:object_r:vendor_file:s0 tclass=file permissive=1
10-14 02:42:52.512 26290 29449 I DrmSessionManager: Widevine KID: 003a0ee3-ae52-40e0-8611-283c30b874e7
10-14 02:42:52.512 26290 29449 I DrmSessionManager: Acquiring DRM session for initial init data
10-14 02:42:52.512 26290 29449 D DrmSessionManager: Open session
10-14 02:42:52.512  2753 29337 I WVCdm   : [cdm_engine.cpp(480):QueryStatus] CdmEngine::QueryStatus
10-14 02:42:52.513  2753 29475 I WVCdm   : [(0):] Level3 Library 4445 Apr 20 2018 14:53:46
10-14 02:42:52.530 26290 26290 I PlayerController: Audio format changed triggered: Manual. New format:mp4a.40.2 ko 48000 127800
10-14 02:42:52.533  2753 29337 I WVCdm   : [oemcrypto_adapter_dynamic.cpp(575):Initialize] L3 Initialized. Trying L1.
10-14 02:42:52.533  2753 29337 W WVCdm   : [oemcrypto_adapter_dynamic.cpp(586):Initialize] Could not load liboemcrypto.so. Falling back to L3.  dlopen failed: library "liboemcrypto.so" not found
10-14 02:42:52.533  2753 29337 D WVCdm   : [crypto_session.cpp(646):Open] CryptoSession::Open: Lock: requested_security_level: Default
10-14 02:42:52.540 26290 26354 D FirebasePerformance: Fetched value: 'true' for key: 'fpr_enabled' from Firebase Remote Config.
10-14 02:42:52.540 26290 29472 W FirebaseRemoteConfig: No value of type 'FirebaseRemoteConfigValue' exists for parameter key 'fpr_session_max_duration_min'.
10-14 02:42:52.540 26290 26354 D FirebasePerformance: Fetched value: '' for key: 'fpr_disabled_android_versions' from Firebase Remote Config.
10-14 02:42:52.541 26290 26354 D FirebasePerformance: Fetched value: 'true' for key: 'fpr_enabled' from Firebase Remote Config.
10-14 02:42:52.541 26290 26354 D FirebasePerformance: Fetched value: '' for key: 'fpr_disabled_android_versions' from Firebase Remote Config.
10-14 02:42:52.542 26290 26354 D FirebasePerformance: Fetched value: '0.338495' for key: 'fpr_vc_network_request_sampling_rate' from Firebase Remote Config.
10-14 02:42:52.549  2753 29337 I WVCdm   : [(0):] L3 Terminate.
10-14 02:42:52.549  2753 29337 I WVCdm   : [cdm_engine.cpp(110):OpenSession] CdmEngine::OpenSession
10-14 02:42:52.550  2753 29476 I WVCdm   : [(0):] Level3 Library 4445 Apr 20 2018 14:53:46
10-14 02:42:52.562  2753 29337 I WVCdm   : [oemcrypto_adapter_dynamic.cpp(575):Initialize] L3 Initialized. Trying L1.
10-14 02:42:52.562  2753 29337 W WVCdm   : [oemcrypto_adapter_dynamic.cpp(586):Initialize] Could not load liboemcrypto.so. Falling back to L3.  dlopen failed: library "liboemcrypto.so" not found
10-14 02:42:52.562  2753 29337 D WVCdm   : [crypto_session.cpp(646):Open] CryptoSession::Open: Lock: requested_security_level: Default
10-14 02:42:52.568 26290 26678 W FirebaseRemoteConfig: No value of type 'FirebaseRemoteConfigValue' exists for parameter key 'fpr_session_max_duration_min'.
10-14 02:42:52.568 26290 26354 D FirebasePerformance: Fetched value: 'true' for key: 'fpr_enabled' from Firebase Remote Config.
10-14 02:42:52.570 26290 26354 D FirebasePerformance: Fetched value: '' for key: 'fpr_disabled_android_versions' from Firebase Remote Config.
10-14 02:42:52.570 26290 26354 D FirebasePerformance: Fetched value: 'true' for key: 'fpr_enabled' from Firebase Remote Config.
10-14 02:42:52.571 26290 26354 D FirebasePerformance: Fetched value: '' for key: 'fpr_disabled_android_versions' from Firebase Remote Config.
10-14 02:42:52.572 26290 26354 D FirebasePerformance: Fetched value: '0.338495' for key: 'fpr_vc_network_request_sampling_rate' from Firebase Remote Config.
10-14 02:42:52.573  2753 29337 I WVCdm   : [device_files.cpp(166):ExtractDeviceInfo] ExtractDeviceInfo Entry
10-14 02:42:52.579  2753 29337 I WVCdm   : [cdm_engine.cpp(147):OpenSession] CdmEngine::OpenSession: sid4
10-14 02:42:52.579  2753 29337 I WVCdm   : [cdm_engine.cpp(742):QueryOemCryptoSessionId] CdmEngine::QueryOemCryptoSessionId
10-14 02:42:52.579 26290 29449 D DrmSessionManager: Opened DRM session 73696434 Open sessions: 1
10-14 02:42:52.580  2753 29337 I WVCdm   : [cdm_engine.cpp(375):RestoreKey] CdmEngine::RestoreKey
10-14 02:42:52.651 26290 26301 I .frograms.wpla: NativeAlloc concurrent copying GC freed 89953(4MB) AllocSpace objects, 30(904KB) LOS objects, 49% free, 14MB/28MB, paused 6.145ms total 187.137ms
10-14 02:42:52.703 26290 26332 W FA      : Value is too long; discarded. Value kind, name, value length: param, ping_payload, 1155
10-14 02:42:52.713  3483 24587 W NetworkScheduler: Error inserting period=6669000 preferred_charging_state=1 preferred_network_type=1 target_class=com.google.android.gms.measurement.PackageMeasurementTaskService required_network_type=0 runtime=1602610972705 required_idleness_state=0 source=16 service_kind=0 target_package=com.google.android.gms persistence_level=1 source_version=203615000 last_runtime=0 user_id=0 job_id=-1 requires_charging=0 tag=Measurement.PackageMeasurementTaskService.UPLOAD_TASK_TAG flex_time=3334000 task_type=0 retry_strategy={"maximum_backoff_seconds":{"3600":0},"initial_backoff_seconds":{"30":0},"retry_policy":{"0":0}}, error message: UNIQUE constraint failed: pending_ops.tag, pending_ops.target_class, pending_ops.target_package, pending_ops.user_id (code 2067 SQLITE_CONSTRAINT_UNIQUE) [CONTEXT service_id=218 ]
10-14 02:42:52.804  3483 11033 W NetworkScheduler: Error inserting period=6669000 preferred_charging_state=1 preferred_network_type=1 target_class=com.google.android.gms.measurement.PackageMeasurementTaskService required_network_type=0 runtime=1602610972792 required_idleness_state=0 source=16 service_kind=0 target_package=com.google.android.gms persistence_level=1 source_version=203615000 last_runtime=0 user_id=0 job_id=-1 requires_charging=0 tag=Measurement.PackageMeasurementTaskService.UPLOAD_TASK_TAG flex_time=3334000 task_type=0 retry_strategy={"maximum_backoff_seconds":{"3600":0},"initial_backoff_seconds":{"30":0},"retry_policy":{"0":0}}, error message: UNIQUE constraint failed: pending_ops.tag, pending_ops.target_class, pending_ops.target_package, pending_ops.user_id (code 2067 SQLITE_CONSTRAINT_UNIQUE) [CONTEXT service_id=218 ]
10-14 02:42:52.839  4078  4078 I tutu.ABenchMark: type=1400 audit(0.0:2822): avc: denied { open } for path="/proc/vmstat" dev="proc" ino=4026531993 scontext=u:r:untrusted_app_27:s0:c512,c768 tcontext=u:object_r:proc_vmstat:s0 tclass=file permissive=1
10-14 02:42:53.002 26290 29449 D DrmSessionManager: Restored keys for 2c9f98d76e63f0f8016fc6adba8f2db1_hevc
10-14 02:42:53.002  2753 29337 I WVCdm   : [cdm_engine.cpp(674):QueryKeyStatus] CdmEngine::QueryKeyStatus
10-14 02:42:53.002 26290 29449 I DrmSessionManager: License Key Status for restored Offline License: PersistAllowed -> True
10-14 02:42:53.002 26290 29449 I DrmSessionManager: License Key Status for restored Offline License: PlayAllowed -> True
10-14 02:42:53.002 26290 29449 I DrmSessionManager: License Key Status for restored Offline License: PlaybackDurationRemaining -> 86399
10-14 02:42:53.002 26290 29449 I DrmSessionManager: License Key Status for restored Offline License: LicenseDurationRemaining -> 86397
10-14 02:42:53.002 26290 29449 I DrmSessionManager: License Key Status for restored Offline License: RenewalServerUrl -> 
10-14 02:42:53.002 26290 29449 I DrmSessionManager: License Key Status for restored Offline License: RenewAllowed -> False
10-14 02:42:53.002 26290 29449 I DrmSessionManager: License Key Status for restored Offline License: LicenseType -> Offline
10-14 02:42:53.004  2782  2782 D CryptoHal: found drm@1.0 ICryptoFactory clearkey
10-14 02:42:53.005  2782  2782 D CryptoHal: found drm@1.0 ICryptoFactory default
10-14 02:42:53.006  2782  2782 D CryptoHal: found drm@1.0 ICryptoFactory widevine
10-14 02:42:53.007  2782  2782 D CryptoHal: found drm@1.1 ICryptoFactory clearkey
10-14 02:42:53.007  2782  2782 D CryptoHal: found drm@1.1 ICryptoFactory widevine
10-14 02:42:53.011 26290 29496 I OMXClient: IOmx service obtained
10-14 02:42:53.012  2789  2789 I OMXMaster: makeComponentInstance(OMX.google.aac.decoder) in omx@1.0-service process
10-14 02:42:53.013 26290 29496 I AmAVUtils: AmAVUtils::getComponentRole isEncoder :0 mime:audio/mp4a-latm 
10-14 02:42:53.013 26290 29496 V AVUtils : AVUtils::getComponentRole
10-14 02:42:53.014 26290 29496 I AmAVUtils: AmAVUtils::isAudioExtendFormat input = audio/mp4a-latm
10-14 02:42:53.014  2789  2789 E OMXNodeInstance: setConfig(0xe78a7d20:google.aac.decoder, ConfigPriority(0x6f800002)) ERROR: Undefined(0x80001001)
10-14 02:42:53.014 26290 29496 I ACodec  : codec does not support config priority (err -2147483648)
10-14 02:42:53.014  2789  2789 E OMXNodeInstance: setConfig(0xe78a7d20:google.aac.decoder, ConfigOperatingRate(0x6f800003)) ERROR: Undefined(0x80001001)
10-14 02:42:53.014 26290 29496 I ACodec  : codec does not support config operating rate (err -2147483648)
10-14 02:42:53.015  2789  2789 E OMXNodeInstance: getConfig(0xe78a7d20:google.aac.decoder, ConfigAndroidVendorExtension(0x6f100004)) ERROR: Undefined(0x80001001)
10-14 02:42:53.016  2746  2746 W AshmemAllocator: ashmem_create_region(8192) returning hidl_memory(0xf1298180, 8192)
10-14 02:42:53.020  2746  2746 I chatty  : uid=1000(system) allocator@1.0-s identical 2 lines
10-14 02:42:53.020  2746  2746 W AshmemAllocator: ashmem_create_region(8192) returning hidl_memory(0xf1298180, 8192)
10-14 02:42:53.024  2746  2746 W AshmemAllocator: ashmem_create_region(32768) returning hidl_memory(0xf1298180, 32768)
10-14 02:42:53.025  2746  2746 I chatty  : uid=1000(system) allocator@1.0-s identical 2 lines
10-14 02:42:53.025  2746  2746 W AshmemAllocator: ashmem_create_region(32768) returning hidl_memory(0xf1298180, 32768)
10-14 02:42:53.029 26290 29452 W MediaCodecSelector: Not found codec for stream mimetype = video/hevc, codecs = hev1.2.4.L63.00, secure = false
10-14 02:42:53.029 26290 29452 W MediaCodecSelector: Not found codec for stream mimetype = video/hevc, codecs = hev1.2.4.L63.00, secure = false
10-14 02:42:53.030 26290 29452 W MediaCodecSelector: Not found codec for stream mimetype = video/hevc, codecs = hev1.2.4.L90.00, secure = false
10-14 02:42:53.030 26290 29452 I ExtendedTrackSelector: Removed VIDEO representation: 1280x720@1371 kbps Framerate: 30.00 [HD-Representation not permitted]
10-14 02:42:53.030 26290 29452 I ExtendedTrackSelector: Removed VIDEO representation: 1280x720@2025 kbps Framerate: 30.00 [HD-Representation not permitted]
10-14 02:42:53.031 26290 29452 I ExtendedTrackSelector: No tracks found for renderer: TEXT
10-14 02:42:53.031 26290 29452 I ExtendedTrackSelector: No tracks found for renderer: METADATA
10-14 02:42:53.032 26290 29452 W MediaCodecSelector: Not found codec for stream mimetype = video/hevc, codecs = hev1.2.4.L63.00, secure = false
10-14 02:42:53.032 26290 29452 W MediaCodecSelector: Not found codec for stream mimetype = video/hevc, codecs = hev1.2.4.L63.00, secure = false
10-14 02:42:53.032 26290 29452 W MediaCodecSelector: Not found codec for stream mimetype = video/hevc, codecs = hev1.2.4.L90.00, secure = false
10-14 02:42:53.033 26290 29452 I ExtendedTrackSelector: Removed VIDEO representation: 1280x720@1371 kbps Framerate: 30.00 [HD-Representation not permitted]
10-14 02:42:53.033 26290 29452 I ExtendedTrackSelector: Removed VIDEO representation: 1280x720@2025 kbps Framerate: 30.00 [HD-Representation not permitted]
10-14 02:42:53.033 26290 29452 I ExtendedTrackSelector: No tracks found for renderer: TEXT
10-14 02:42:53.033 26290 29452 I ExtendedTrackSelector: No tracks found for renderer: METADATA
10-14 02:42:53.034 26290 29452 W MediaCodecSelector: Not found codec for stream mimetype = video/hevc, codecs = hev1.2.4.L63.00, secure = false
10-14 02:42:53.034 26290 29452 W MediaCodecSelector: Not found codec for stream mimetype = video/hevc, codecs = hev1.2.4.L63.00, secure = false
10-14 02:42:53.034 26290 29452 W MediaCodecSelector: Not found codec for stream mimetype = video/hevc, codecs = hev1.2.4.L90.00, secure = false
10-14 02:42:53.034 26290 29452 I ExtendedTrackSelector: Removed VIDEO representation: 1280x720@1371 kbps Framerate: 30.00 [HD-Representation not permitted]
10-14 02:42:53.035 26290 29452 I ExtendedTrackSelector: Removed VIDEO representation: 1280x720@2025 kbps Framerate: 30.00 [HD-Representation not permitted]
10-14 02:42:53.035 26290 29452 I ExtendedTrackSelector: No tracks found for renderer: TEXT
10-14 02:42:53.035 26290 29452 I ExtendedTrackSelector: No tracks found for renderer: METADATA
10-14 02:42:53.035 26290 29452 W MediaCodecSelector: Not found codec for stream mimetype = video/hevc, codecs = hev1.2.4.L63.00, secure = false
10-14 02:42:53.035 26290 29452 W MediaCodecSelector: Not found codec for stream mimetype = video/hevc, codecs = hev1.2.4.L63.00, secure = false
10-14 02:42:53.036 26290 29452 W MediaCodecSelector: Not found codec for stream mimetype = video/hevc, codecs = hev1.2.4.L90.00, secure = false
10-14 02:42:53.036 26290 29452 I ExtendedTrackSelector: Removed VIDEO representation: 1280x720@1371 kbps Framerate: 30.00 [HD-Representation not permitted]
10-14 02:42:53.036 26290 29452 I ExtendedTrackSelector: Removed VIDEO representation: 1280x720@2025 kbps Framerate: 30.00 [HD-Representation not permitted]
10-14 02:42:53.036 26290 29452 I ExtendedTrackSelector: No tracks found for renderer: TEXT
10-14 02:42:53.037 26290 29452 I ExtendedTrackSelector: No tracks found for renderer: METADATA
10-14 02:42:53.038 26290 29452 I VideoTrackSelection: Track selection [T: Initial (Bandwidth Based)] [BT: C:00:00|Min:00:15|Max:01:00] [BM: 0.78% C:128 KB|T:16 MB] [BE: 800.0 Kbps (Initial)] [SB: 00:10/00:25] [I: 1/2] [F: 640x360 @ 588.4 Kbps hev1.2.4.L63.00 30.00 fps]
10-14 02:42:53.042  2789 29498 I SoftAAC2: Reconfiguring decoder: 0->48000 Hz, 0->2 channels
10-14 02:42:53.046 26290 26290 I PlayerController: Video format change triggered: Initial. New format:hev1.2.4.L63.00 640x360 588400
10-14 02:42:53.054  2746  2746 W AshmemAllocator: ashmem_create_region(32768) returning hidl_memory(0xf1298180, 32768)
10-14 02:42:53.055  2746  2746 I chatty  : uid=1000(system) allocator@1.0-s identical 2 lines
10-14 02:42:53.055  2746  2746 W AshmemAllocator: ashmem_create_region(32768) returning hidl_memory(0xf1298180, 32768)
10-14 02:42:53.075 26290 29446 D DrmSessionManager: Reuse existing session
10-14 02:42:53.075 26290 29446 D DrmSessionManager: Reuse session
10-14 02:42:53.075  2753 29337 I WVCdm   : [cdm_engine.cpp(640):QuerySessionStatus] CdmEngine::QuerySessionStatus
10-14 02:42:53.079  2747  7191 W amlaudioMixer: mixer_get_presentation_position(), port not ready now
10-14 02:42:53.079  2747  7191 W audio-subMixingFactory: out_get_presentation_position_port(), pts not valid yet
10-14 02:42:53.083 26290 29509 I OMXClient: IOmx service obtained
10-14 02:42:53.083  2789 16012 I OMXMaster: makeComponentInstance(OMX.amlogic.hevc.decoder.awesome) in omx@1.0-service process
10-14 02:42:53.083  2789 16012 D OmxComponentManagerImpl: support frame mode
10-14 02:42:53.083  2789 16012 D OmxComponentManagerImpl: format support multi-instance
10-14 02:42:53.083  2789 16012 D OmxComponentManagerImpl: getEntryByName_2_num=0, componentName:OMX.amlogic.hevc.decoder.awesome
10-14 02:42:53.083  2789 16012 V AmlogicVideoDecoderAwesome: AmlogicVideoDecoder:99 >
10-14 02:42:53.083  2789 16012 V AmlogicVideoDecoderAwesome: initializeState_l:1512 >
10-14 02:42:53.083  2789 16012 V AmlogicVideoDecoderAwesome: media.omx.latency is not set used def=1.000000
10-14 02:42:53.083  2789 16012 D AmlogicVideoDecoderAwesome: AmlogicVideoDecoder, mOmxInstancenum 1, mOmxInstanceID 23
10-14 02:42:53.084  2789 16012 W AmlSysfsUtil: [amsysfs_get_sysfs_str] /sys/module/am_vecm/parameters/dolby_vision_enable failed!
10-14 02:42:53.084  2789 16012 W AmlSysfsUtil: [amsysfs_get_sysfs_str] /sys/module/amdolby_vision/parameters/dolby_vision_enable failed!
10-14 02:42:53.084  2789 16012 D AmlogicVideoDecoderAwesome: mCheckDvesDone = 1
10-14 02:42:53.084  2789 16012 D OmxVideoDecoder: drm use frame_mode
10-14 02:42:53.084  2789 16012 E OmxVideoDecoder: Load libsecmem failed
10-14 02:42:53.084  2789 16012 W OmxLogConf: Can not read property media.omx.log_levels, using 0
10-14 02:42:53.084  2789 16012 V AmlogicVideoDecoderAwesome: media.omx.out_buffer1 is not set used def=4
10-14 02:42:53.084  2789 16012 D OmxVideoDecoder: setInputCoding OMX.amlogic.hevc.decoder.awesome
10-14 02:42:53.084  2789 16012 D OmxVideoDecoder: mIsLinux49=1, major=4, minor=9
10-14 02:42:53.084  2789 16012 D OmxVideoDecoder: multi dec exist
10-14 02:42:53.084  2789 16012 D OmxVideoDecoder: Use frame mode for multidec.
10-14 02:42:53.084  2789 16012 D OmxVideoDecoder: Use min out buffer size
10-14 02:42:53.084  2789 16012 D OmxVideoDecoder: mMustOsdDisplay 0
10-14 02:42:53.085  2789 16012 D OMX-VENDOR-EXT: OMX.amlogic.hevc.decoder.awesome : Vendor extensions supported (6)
10-14 02:42:53.085  2789 16012 D OMX-VENDOR-EXT:    vendor.4k-osd{{ enable : Int32 },  }
10-14 02:42:53.085  2789 16012 D OMX-VENDOR-EXT:    vendor.is-mvc{{ enable : Int32 },  }
10-14 02:42:53.085  2789 16012 D OMX-VENDOR-EXT:    vendor.is-flv{{ nContainIndex : Int32 },  }
10-14 02:42:53.085  2789 16012 D OMX-VENDOR-EXT:    vendor.dvconfig-box{{ disable : Int32 },  }
10-14 02:42:53.085  2789 16012 D OMX-VENDOR-EXT:    vendor.profile-level{{ n-profile : Int32 },  { n-level : Int32 },  }
10-14 02:42:53.085  2789 16012 D OMX-VENDOR-EXT:    vendor.nrdp{{ video-peek-in-tunnel : Int32 },  }
10-14 02:42:53.085  2789 16012 D OmxComponentManagerImpl: IncreaseEntryNumByName pEntry->mNum=0, pEntry->mMaxNum:9,componentName:OMX.amlogic.hevc.decoder.awesome
10-14 02:42:53.085  2789 16012 I omx_core: OMX_getHandle_num=1
10-14 02:42:53.085  2789 16012 D OmxComponent: mApkName=media.codec
10-14 02:42:53.087  2766 16427 W AudioFlinger: createTrack_l(): mismatch between requested flags (00000008) and output flags (00000002)
10-14 02:42:53.087  2766 16427 D AudioFlinger: Client defaulted notificationFrames to 6000 for frameCount 12000
10-14 02:42:53.089 26290 29446 I VideoTrackRenderer: Media Format use to configure codec: {max-height=486, max-width=864, mime=video/hevc, width=640, priority=0, frame-rate=30.0, rotation-degrees=0, max-input-size=157464, height=360, csd-0=java.nio.HeapByteBuffer[pos=0 lim=98 cap=98]}
10-14 02:42:53.090 26290 29508 D SurfaceUtils: connecting to surface 0xc570d008, reason connectToSurface
10-14 02:42:53.090  2747  7191 W amlaudioMixer: mixer_get_presentation_position(), port not ready now
10-14 02:42:53.090  2747  7191 W audio-subMixingFactory: out_get_presentation_position_port(), pts not valid yet
10-14 02:42:53.090 26290 29508 I MediaCodec: [OMX.amlogic.hevc.decoder.awesome] setting surface generation to 26920961
10-14 02:42:53.091 26290 29508 D SurfaceUtils: disconnecting from surface 0xc570d008, reason connectToSurface(reconnect)
10-14 02:42:53.091 26290 29508 D SurfaceUtils: connecting to surface 0xc570d008, reason connectToSurface(reconnect)
10-14 02:42:53.091 26290 29509 I AmAVUtils: AmAVUtils::getComponentRole isEncoder :0 mime:video/hevc 
10-14 02:42:53.091 26290 29509 V AVUtils : AVUtils::getComponentRole
10-14 02:42:53.091  2789 16012 D OmxVideoDecoder: setParameter 887 0x1000017
10-14 02:42:53.091  2789 16012 D OmxVideoDecoder: setInputCoding video_decoder.hevc
10-14 02:42:53.091  2789 16012 D OmxComponent: getExtensionIndex 1121 name="OMX.google.android.index.enableAndroidNativeBuffers"
10-14 02:42:53.091  2789 16012 D OmxVideoDecoder: setParameter 887 0x7f000000
10-14 02:42:53.091  2789 16012 V OmxVideoDecoder: setParameter 1353 EnableNativeBuffers 1
10-14 02:42:53.091  2789 16012 V OmxVideoDecoder: updatePort mUseNativeBuffers 1
10-14 02:42:53.091  2789 16012 D AmlogicVideoDecoderAwesome: get native buffer info NV:w:640,h:480..
10-14 02:42:53.091  2789 16012 V OmxVideoDecoder: updatePort:portDef.format.video.nFrameWidth=640,portDef.format.video.nFrameHeight=480
10-14 02:42:53.091  2789 16012 D OmxComponent: getExtensionIndex 1121 name="OMX.google.android.index.allocateNativeHandle"
10-14 02:42:53.091  2789 16012 D OmxVideoDecoder: setParameter 887 0x7f00000a
10-14 02:42:53.091  2789 16012 E OMXNodeInstance: setParameter(0xe78855b0:amlogic.hevc.decoder.awesome, OMX.google.android.index.allocateNativeHandle(0x7f00000a): Output:1 en=0) ERROR: UnsupportedSetting(0x80001019)
10-14 02:42:53.091  2789 16012 D OmxComponent: getExtensionIndex 1121 name="OMX.google.android.index.storeANWBufferInMetadata"
10-14 02:42:53.091  2789 16012 D OmxComponent: getExtensionIndex 1121 name="OMX.google.android.index.storeMetaDataInBuffers"
10-14 02:42:53.091  2789 16012 D OmxVideoDecoder: setParameter 887 0x7f000002
10-14 02:42:53.092  2789 16012 D OmxVideoDecoder: setParameter 1359 OMX_IndexAndroidStoreMetadataInBuffers
10-14 02:42:53.092  2789 16012 E OMXNodeInstance: setParameter(0xe78855b0:amlogic.hevc.decoder.awesome, OMX.google.android.index.storeMetaDataInBuffers(0x7f000002): Output:1 en=1 type=1) ERROR: BadPortIndex(0x8000101b)
10-14 02:42:53.092 26290 29509 E ACodec  : [OMX.amlogic.hevc.decoder.awesome] setPortMode on output to DynamicANWBuffer failed w/ err -2147483648
10-14 02:42:53.092  2789 16012 D OmxComponent: getExtensionIndex 1121 name="OMX.google.android.index.prepareForAdaptivePlayback"
10-14 02:42:53.092  2789 16012 D OmxVideoDecoder: setParameter 887 0x7f000004
10-14 02:42:53.092  2789 16012 D OmxVideoDecoder: setParameter 1373 OMX_IndexAndroidPrepareForAdaptivePlayback
10-14 02:42:53.092  2789 16012 D OmxVideoDecoder: AdaptivePlayback: max resolution is 864 * 486
10-14 02:42:53.092  2789 16012 D OmxComponent: getExtensionIndex 1121 name="OMX.google.android.index.allocateNativeHandle"
10-14 02:42:53.092  2789 16012 D OmxVideoDecoder: setParameter 887 0x7f00000a
10-14 02:42:53.092  2789 16012 E OMXNodeInstance: setParameter(0xe78855b0:amlogic.hevc.decoder.awesome, OMX.google.android.index.allocateNativeHandle(0x7f00000a): Output:1 en=0) ERROR: UnsupportedSetting(0x80001019)
10-14 02:42:53.092  2789 16012 D OmxComponent: getExtensionIndex 1121 name="OMX.google.android.index.enableAndroidNativeBuffers"
10-14 02:42:53.092  2789 16012 D OmxVideoDecoder: setParameter 887 0x7f000000
10-14 02:42:53.092  2789 16012 V OmxVideoDecoder: setParameter 1353 EnableNativeBuffers 1
10-14 02:42:53.092  2789 16012 V OmxVideoDecoder: updatePort mUseNativeBuffers 1
10-14 02:42:53.092  2789 16012 D AmlogicVideoDecoderAwesome: get native buffer info NV:w:640,h:480..
10-14 02:42:53.092  2789 16012 V OmxVideoDecoder: updatePort:portDef.format.video.nFrameWidth=640,portDef.format.video.nFrameHeight=480
10-14 02:42:53.092  2789 16012 D OmxComponent: getExtensionIndex 1121 name="OMX.google.android.index.storeANWBufferInMetadata"
10-14 02:42:53.092  2789 16012 D OmxComponent: getExtensionIndex 1121 name="OMX.google.android.index.storeMetaDataInBuffers"
10-14 02:42:53.092  2789 16012 D OmxVideoDecoder: setParameter 887 0x7f000002
10-14 02:42:53.093  2789 16012 D OmxVideoDecoder: setParameter 1359 OMX_IndexAndroidStoreMetadataInBuffers
10-14 02:42:53.093  2789 16012 E OMXNodeInstance: setParameter(0xe78855b0:amlogic.hevc.decoder.awesome, OMX.google.android.index.storeMetaDataInBuffers(0x7f000002): Output:1 en=0 type=1) ERROR: BadPortIndex(0x8000101b)
10-14 02:42:53.093  2789  2789 D OmxVideoDecoder: setParameter 887 0x6000001
10-14 02:42:53.093  2789  2789 D OmxVideoDecoder: setParameter nPortIndex 0 CompFmt 0xb ColorFmt 0
10-14 02:42:53.093  2789  2789 D OmxVideoDecoder: setParameter 887 0x6000001
10-14 02:42:53.093  2789  2789 D OmxVideoDecoder: setParameter nPortIndex 1 CompFmt 0 ColorFmt 0x11
10-14 02:42:53.093  2789 16012 D OmxVideoDecoder: setParameter 887 0x2000001
10-14 02:42:53.093  2789 16012 D OmxVideoDecoder: setParameter nPortIndex 0 nFrameWidth 640 nFrameHeight 360 nSliceHeight 16
10-14 02:42:53.093  2789 16012 V OmxVideoDecoder: updatePort mUseNativeBuffers 1
10-14 02:42:53.094  2789 16012 D AmlogicVideoDecoderAwesome: get native buffer info NV:w:640,h:480..
10-14 02:42:53.094  2789 16012 V OmxVideoDecoder: updatePort:portDef.format.video.nFrameWidth=640,portDef.format.video.nFrameHeight=480
10-14 02:42:53.094  2789 16012 D OmxVideoDecoder: setParameter 887 0x2000001
10-14 02:42:53.094  2789 16012 W OmxVideoDecoder: Can not read property media.omx.display_mode
10-14 02:42:53.094  2789 16012 D OmxVideoDecoder: update mAdaptiveMaxFrameWidth mAdaptiveMaxFrameHeight to 864 x 486
10-14 02:42:53.094  2789 16012 D OmxVideoDecoder: setParameter nPortIndex 1 nFrameWidth 864 nFrameHeight 486 nSliceHeight 486
10-14 02:42:53.094  2789 16012 V OmxVideoDecoder: updatePort mUseNativeBuffers 1
10-14 02:42:53.094  2789 16012 D AmlogicVideoDecoderAwesome: get native buffer info NV:w:864,h:486..
10-14 02:42:53.094  2789 16012 V OmxVideoDecoder: updatePort:portDef.format.video.nFrameWidth=864,portDef.format.video.nFrameHeight=486
10-14 02:42:53.094  2789 16012 D OmxComponent: getExtensionIndex 1121 name="OMX.google.android.index.describeColorAspects"
10-14 02:42:53.094  2789 16012 D OmxComponent: getExtensionIndex 1121 name="OMX.google.android.index.storeMetaDataInBuffers"
10-14 02:42:53.094  2789 16012 D OmxComponent: getExtensionIndex 1121 name="OMX.google.android.index.storeANWBufferInMetadata"
10-14 02:42:53.094  2789 16012 D OmxComponent: getExtensionIndex 1121 name="OMX.google.android.index.prepareForAdaptivePlayback"
10-14 02:42:53.094  2789 16012 D OmxComponent: getExtensionIndex 1121 name="OMX.google.android.index.configureVideoTunnelMode"
10-14 02:42:53.094  2789 16012 D OmxComponent: getExtensionIndex 1121 name="OMX.google.android.index.useAndroidNativeBuffer2"
10-14 02:42:53.094  2789 16012 D OmxComponent: getExtensionIndex 1121 name="OMX.google.android.index.useAndroidNativeBuffer"
10-14 02:42:53.094  2789 16012 D OmxComponent: getExtensionIndex 1121 name="OMX.google.android.index.enableAndroidNativeBuffers"
10-14 02:42:53.094  2789 16012 D OmxComponent: getExtensionIndex 1121 name="OMX.google.android.index.allocateNativeHandle"
10-14 02:42:53.094  2789 16012 D OmxComponent: getExtensionIndex 1121 name="OMX.google.android.index.getAndroidNativeBufferUsage"
10-14 02:42:53.094  2789 16012 D OmxVideoDecoder: setConfig 1803 0x7f00000c
10-14 02:42:53.094  2789 16012 D OmxVideoDecoder: [DSZ] updateFinalColorAspects# final color aspects[P:4; T:3; M:3; R:2]
10-14 02:42:53.094  2789 16012 D OmxComponent: getExtensionIndex 1121 name="OMX.google.android.index.describeHDRStaticInfo"
10-14 02:42:53.094  2789 16012 D OmxVideoDecoder: setConfig 1803 0x7f000009
10-14 02:42:53.094  2789 16012 D OmxVideoDecoder: HDRStaticInfo: R=0 0; G=0 0; B=0 0; W=0 0; MaxDisplayLuminance:0, MinDisplayLuminance=0, mMaxContentLightLevel=0, MaxContentLightLevel=0
10-14 02:42:53.094  2789 16012 D OmxVideoDecoder: HDRStaticInfo: all parmeter is 0, set mHasHDRStaticInfo to false
10-14 02:42:53.094 26290 29509 I AmAVUtils: AmAVUtils::isAudioExtendFormat input = video/hevc
10-14 02:42:53.095  2789 16012 D OmxVideoDecoder: setConfig 1803 0x6f800002
10-14 02:42:53.095  2789 16012 V OmxVideoDecoder: setConfig 1905 nIndex 0x6f800002
10-14 02:42:53.095  2789 16012 D OmxComponent: setConfig 1114
10-14 02:42:53.095  2789 16012 E OMXNodeInstance: setConfig(0xe78855b0:amlogic.hevc.decoder.awesome, ConfigPriority(0x6f800002)) ERROR: UnsupportedIndex(0x8000101a)
10-14 02:42:53.095 26290 29509 I ACodec  : codec does not support config priority (err -1010)
10-14 02:42:53.095  2789 16012 D OmxVideoDecoder: getConfig 1701 0x6f100004
10-14 02:42:53.095  2789 16012 V OmxVideoDecoder: VendorExt: getConfig: index=0 (4k-osd)
10-14 02:42:53.095  2789 16012 D OmxVideoDecoder: getConfig 1701 0x6f100004
10-14 02:42:53.095  2789 16012 V OmxVideoDecoder: VendorExt: getConfig: index=1 (is-mvc)
10-14 02:42:53.095  2789 16012 D OmxVideoDecoder: getConfig 1701 0x6f100004
10-14 02:42:53.095  2789 16012 V OmxVideoDecoder: VendorExt: getConfig: index=2 (is-flv)
10-14 02:42:53.095  2789 16012 D OmxVideoDecoder: getConfig 1701 0x6f100004
10-14 02:42:53.095  2789 16012 V OmxVideoDecoder: VendorExt: getConfig: index=3 (dvconfig-box)
10-14 02:42:53.095  2789 16012 D OmxVideoDecoder: getConfig 1701 0x6f100004
10-14 02:42:53.095  2789 16012 V OmxVideoDecoder: VendorExt: getConfig: index=4 (profile-level)
10-14 02:42:53.095  2789  2789 D OmxVideoDecoder: getConfig 1701 0x6f100004
10-14 02:42:53.095  2789  2789 V OmxVideoDecoder: VendorExt: getConfig: index=4 (profile-level)
10-14 02:42:53.095  2789  2789 D OmxVideoDecoder: getConfig 1701 0x6f100004
10-14 02:42:53.095  2789  2789 V OmxVideoDecoder: VendorExt: getConfig: index=5 (nrdp)
10-14 02:42:53.095  2789  2789 D OmxVideoDecoder: getConfig 1701 0x6f100004
10-14 02:42:53.096  2789  2789 V OmxVideoDecoder: updatePort mUseNativeBuffers 1
10-14 02:42:53.096  2789  2789 D AmlogicVideoDecoderAwesome: get native buffer info NV:w:864,h:486..
10-14 02:42:53.096  2789  2789 V OmxVideoDecoder: updatePort:portDef.format.video.nFrameWidth=864,portDef.format.video.nFrameHeight=486
10-14 02:42:53.096  2789  2789 D OmxVideoDecoder: getConfig 1701 0x700000f
10-14 02:42:53.096  2789  2789 D OmxVideoDecoder: getConfig 1704 nIndex 0x700000f
10-14 02:42:53.096  2789  2789 D OmxVideoDecoder: getConfig OMX_IndexConfigCommonOutputCrop pRect->nWidth=864, pRect->nHeight=486
10-14 02:42:53.096  2789  2789 D OmxVideoDecoder: setConfig 1803 0x7f00000c
10-14 02:42:53.096  2789  2789 D OmxVideoDecoder: [DSZ] updateFinalColorAspects# final color aspects[P:1; T:3; M:1; R:2]
10-14 02:42:53.096  2789 16012 D OmxVideoDecoder: getConfig 1701 0x7f00000c
10-14 02:42:53.096  2789 16012 D OmxVideoDecoder: getConfig 1701 0x7f00000c
10-14 02:42:53.096  2789 16012 E OMXNodeInstance: getConfig(0xe78855b0:amlogic.hevc.decoder.awesome, ??(0x7f00000c)) ERROR: UnsupportedSetting(0x80001019)
10-14 02:42:53.096  2789  2789 D OmxVideoDecoder: getConfig 1701 0x7f000009
10-14 02:42:53.096  2789  2789 D OmxVideoDecoder: getConfig 1701 0x6f100004
10-14 02:42:53.096  2789  2789 V OmxVideoDecoder: VendorExt: getConfig: index=0 (4k-osd)
10-14 02:42:53.096  2789  2789 D OmxVideoDecoder: getConfig 1701 0x6f100004
10-14 02:42:53.096  2789  2789 V OmxVideoDecoder: VendorExt: getConfig: index=1 (is-mvc)
10-14 02:42:53.097  2789  2789 D OmxVideoDecoder: getConfig 1701 0x6f100004
10-14 02:42:53.097  2789  2789 V OmxVideoDecoder: VendorExt: getConfig: index=2 (is-flv)
10-14 02:42:53.097  2789  2789 D OmxVideoDecoder: getConfig 1701 0x6f100004
10-14 02:42:53.097  2789  2789 V OmxVideoDecoder: VendorExt: getConfig: index=3 (dvconfig-box)
10-14 02:42:53.097  2789 16012 D OmxVideoDecoder: getConfig 1701 0x6f100004
10-14 02:42:53.097  2789 16012 V OmxVideoDecoder: VendorExt: getConfig: index=4 (profile-level)
10-14 02:42:53.097  2789 16012 D OmxVideoDecoder: getConfig 1701 0x6f100004
10-14 02:42:53.097  2789 16012 V OmxVideoDecoder: VendorExt: getConfig: index=4 (profile-level)
10-14 02:42:53.097  2789 15987 D OmxVideoDecoder: getConfig 1701 0x6f100004
10-14 02:42:53.097  2789 15987 V OmxVideoDecoder: VendorExt: getConfig: index=5 (nrdp)
10-14 02:42:53.097  2789 15987 D OmxVideoDecoder: getConfig 1701 0x6f100004
10-14 02:42:53.100  2789 29510 I OmxComponent: OMX_CommandStateSet 738 Cmd 0 nParam1 0x2
10-14 02:42:53.100  2789 29510 I OmxComponent: STATE_SET:   OMX_StateLoaded => OMX_StateIdle : OMX.amlogic.hevc.decoder.awesome
10-14 02:42:53.100  2789 29510 I OmxComponent: STATE_TRANS: OMX_StateLoaded => OMX_StateIdle : OMX.amlogic.hevc.decoder.awesome
10-14 02:42:53.101  2747  7191 W amlaudioMixer: mixer_get_presentation_position(), port not ready now
10-14 02:42:53.101  2747  7191 W audio-subMixingFactory: out_get_presentation_position_port(), pts not valid yet
10-14 02:42:53.103  2746  2746 W AshmemAllocator: ashmem_create_region(1048576) returning hidl_memory(0xf1298180, 1048576)
10-14 02:42:53.104  2789 29510 I OmxComponent: STATE_TRANS: OMX_StateLoaded => OMX_StateIdle : OMX.amlogic.hevc.decoder.awesome
10-14 02:42:53.104  2746  2746 W AshmemAllocator: ashmem_create_region(1048576) returning hidl_memory(0xf1298180, 1048576)
10-14 02:42:53.104  2789 29510 I OmxComponent: STATE_TRANS: OMX_StateLoaded => OMX_StateIdle : OMX.amlogic.hevc.decoder.awesome
10-14 02:42:53.105  2746  2746 W AshmemAllocator: ashmem_create_region(1048576) returning hidl_memory(0xf1298180, 1048576)
10-14 02:42:53.105  2789 29510 I OmxComponent: STATE_TRANS: OMX_StateLoaded => OMX_StateIdle : OMX.amlogic.hevc.decoder.awesome
10-14 02:42:53.106  2789 16012 V OmxVideoDecoder: updatePort mUseNativeBuffers 1
10-14 02:42:53.106  2789 16012 D AmlogicVideoDecoderAwesome: get native buffer info NV:w:864,h:486..
10-14 02:42:53.106  2789 16012 V OmxVideoDecoder: updatePort:portDef.format.video.nFrameWidth=864,portDef.format.video.nFrameHeight=486
10-14 02:42:53.106  2789 16012 V OmxVideoDecoder: updatePort mUseNativeBuffers 1
10-14 02:42:53.106  2789 16012 D AmlogicVideoDecoderAwesome: get native buffer info NV:w:864,h:486..
10-14 02:42:53.106  2789 16012 V OmxVideoDecoder: updatePort:portDef.format.video.nFrameWidth=864,portDef.format.video.nFrameHeight=486
10-14 02:42:53.106  2789 16012 D OmxComponent: getExtensionIndex 1121 name="OMX.google.android.index.AndroidNativeBufferConsumerUsage"
10-14 02:42:53.106 26290 26354 D FirebasePerformance: Fetched value: 'true' for key: 'fpr_enabled' from Firebase Remote Config.
10-14 02:42:53.106  2789 16012 D OmxVideoDecoder: setParameter 887 0x7f00000b
10-14 02:42:53.106  2789 16012 D OmxVideoDecoder: OMX_GoogleAndroidIndexAndroidNativeBufferConsumerUsage 0x900
10-14 02:42:53.106  2789 16012 D OmxComponent: getExtensionIndex 1121 name="OMX.google.android.index.getAndroidNativeBufferUsage"
10-14 02:42:53.106 26290 29509 D SurfaceUtils: disconnecting from surface 0xc570d008, reason setNativeWindowSizeFormatAndUsage
10-14 02:42:53.106 26290 26354 D FirebasePerformance: Fetched value: '' for key: 'fpr_disabled_android_versions' from Firebase Remote Config.
10-14 02:42:53.107 26290 29509 D SurfaceUtils: connecting to surface 0xc570d008, reason setNativeWindowSizeFormatAndUsage
10-14 02:42:53.107 26290 26354 D FirebasePerformance: Fetched value: 'true' for key: 'fpr_enabled' from Firebase Remote Config.
10-14 02:42:53.107 26290 26354 D FirebasePerformance: Fetched value: '' for key: 'fpr_disabled_android_versions' from Firebase Remote Config.
10-14 02:42:53.108 26290 29509 D SurfaceUtils: set up nativeWindow 0xc570d008 for 864x486, color 0x11, rotation 0, usage 0x402b00
10-14 02:42:53.108  2789 16012 D OmxVideoDecoder: setParameter 887 0x2000001
10-14 02:42:53.108  2789 16012 W OmxVideoDecoder: Can not read property media.omx.display_mode
10-14 02:42:53.108  2789 16012 D OmxVideoDecoder: update mAdaptiveMaxFrameWidth mAdaptiveMaxFrameHeight to 864 x 486
10-14 02:42:53.108  2789 16012 D OmxVideoDecoder: setParameter nPortIndex 1 nFrameWidth 864 nFrameHeight 486 nSliceHeight 486
10-14 02:42:53.108  2789 16012 V OmxVideoDecoder: updatePort mUseNativeBuffers 1
10-14 02:42:53.108  2789 16012 D AmlogicVideoDecoderAwesome: get native buffer info NV:w:864,h:486..
10-14 02:42:53.108  2789 16012 V OmxVideoDecoder: updatePort:portDef.format.video.nFrameWidth=864,portDef.format.video.nFrameHeight=486
10-14 02:42:53.109 26290 26354 D FirebasePerformance: Fetched value: '0.338495' for key: 'fpr_vc_network_request_sampling_rate' from Firebase Remote Config.
10-14 02:42:53.110  2768  2849 W         : buffer descriptor with invalid usage bits 0x2000
10-14 02:42:53.111 26290 29472 W FirebaseRemoteConfig: No value of type 'FirebaseRemoteConfigValue' exists for parameter key 'fpr_session_max_duration_min'.
10-14 02:42:53.111  2756  2903 I [Gralloc]: framebuffer hal alread move to hwcomposer
10-14 02:42:53.113  2747  7191 W amlaudioMixer: mixer_get_presentation_position(), port not ready now
10-14 02:42:53.113  2747  7191 W audio-subMixingFactory: out_get_presentation_position_port(), pts not valid yet
10-14 02:42:53.118  2789 16012 D OmxComponent: getExtensionIndex 1121 name="OMX.google.android.index.useAndroidNativeBuffer2"
10-14 02:42:53.119  2789 16012 V OmxVideoDecoder: updatePort mUseNativeBuffers 1
10-14 02:42:53.119  2789 16012 D AmlogicVideoDecoderAwesome: get native buffer info NV:w:864,h:486..
10-14 02:42:53.119  2789 16012 V OmxVideoDecoder: updatePort:portDef.format.video.nFrameWidth=864,portDef.format.video.nFrameHeight=486
10-14 02:42:53.119  2789 29510 I OmxComponent: STATE_TRANS: OMX_StateLoaded => OMX_StateIdle : OMX.amlogic.hevc.decoder.awesome
10-14 02:42:53.119  2768  3557 W         : buffer descriptor with invalid usage bits 0x2000
10-14 02:42:53.119  2756  2903 I [Gralloc]: framebuffer hal alread move to hwcomposer
10-14 02:42:53.123  2789 16012 D OmxComponent: getExtensionIndex 1121 name="OMX.google.android.index.useAndroidNativeBuffer2"
10-14 02:42:53.123  2789 16012 V OmxVideoDecoder: updatePort mUseNativeBuffers 1
10-14 02:42:53.123  2789 16012 D AmlogicVideoDecoderAwesome: get native buffer info NV:w:864,h:486..
10-14 02:42:53.123  2789 16012 V OmxVideoDecoder: updatePort:portDef.format.video.nFrameWidth=864,portDef.format.video.nFrameHeight=486
10-14 02:42:53.123  2789 29510 I OmxComponent: STATE_TRANS: OMX_StateLoaded => OMX_StateIdle : OMX.amlogic.hevc.decoder.awesome
10-14 02:42:53.124  2768  2950 W         : buffer descriptor with invalid usage bits 0x2000
10-14 02:42:53.124  2756  2903 I [Gralloc]: framebuffer hal alread move to hwcomposer
10-14 02:42:53.124  2747  7191 W amlaudioMixer: mixer_get_presentation_position(), port not ready now
10-14 02:42:53.124  2747  7191 W audio-subMixingFactory: out_get_presentation_position_port(), pts not valid yet
10-14 02:42:53.132  2789 16012 D OmxComponent: getExtensionIndex 1121 name="OMX.google.android.index.useAndroidNativeBuffer2"
10-14 02:42:53.132  2789 16012 V OmxVideoDecoder: updatePort mUseNativeBuffers 1
10-14 02:42:53.132  2789 16012 D AmlogicVideoDecoderAwesome: get native buffer info NV:w:864,h:486..
10-14 02:42:53.132  2789 16012 V OmxVideoDecoder: updatePort:portDef.format.video.nFrameWidth=864,portDef.format.video.nFrameHeight=486
10-14 02:42:53.132  2789 29510 I OmxComponent: STATE_TRANS: OMX_StateLoaded => OMX_StateIdle : OMX.amlogic.hevc.decoder.awesome
10-14 02:42:53.132  2768  2849 W         : buffer descriptor with invalid usage bits 0x2000
10-14 02:42:53.133  2756  2903 I [Gralloc]: framebuffer hal alread move to hwcomposer
