10-12 16:42:52.373  3923  3923 D skia    : --- Failed to create image decoder with message 'unimplemented'
10-12 16:42:52.388  3923  3923 D skia    : --- Failed to create image decoder with message 'unimplemented'
10-12 16:42:52.710  5742  5926 W YT.mediacache: Unable to sniff ChunkIndex extractor [CONTEXT ratelimit_period="5000 MILLISECONDS [skipped: 5]" ]
10-12 16:42:54.195  2798  2829 E storaged: getDiskStats failed with result NOT_SUPPORTED and size 0
10-12 16:42:57.761  5742  5926 W YT.mediacache: Unable to sniff ChunkIndex extractor [CONTEXT ratelimit_period="5000 MILLISECONDS [skipped: 6]" ]
10-12 16:43:01.521  3923  3923 I tutu.ABenchMark: type=1400 audit(0.0:1246): avc: denied { open } for path="/proc/vmstat" dev="proc" ino=4026531993 scontext=u:r:untrusted_app_27:s0:c512,c768 tcontext=u:object_r:proc_vmstat:s0 tclass=file permissive=1
10-12 16:43:02.393  3923  3923 D skia    : --- Failed to create image decoder with message 'unimplemented'
10-12 16:43:02.425  3923  3923 D skia    : --- Failed to create image decoder with message 'unimplemented'
10-12 16:43:03.244  5742  5926 W YT.mediacache: Unable to sniff ChunkIndex extractor [CONTEXT ratelimit_period="5000 MILLISECONDS [skipped: 6]" ]
10-12 16:43:05.013  2767  2767 I memtrack@1.0-se: type=1400 audit(0.0:1248): avc: denied { read } for name="mem_profile" dev="debugfs" ino=3053 scontext=u:r:hal_memtrack_default:s0 tcontext=u:object_r:debugfs:s0 tclass=file permissive=1
10-12 16:43:08.696  5742  5926 W YT.mediacache: Unable to sniff ChunkIndex extractor [CONTEXT ratelimit_period="5000 MILLISECONDS [skipped: 6]" ]
10-12 16:43:11.824  2965  7945 D ConnectivityService: requestNetwork for uid/pid:10023/5742 NetworkRequest [ TRACK_DEFAULT id=223, [ Capabilities: INTERNET&NOT_RESTRICTED&TRUSTED Unwanted:  Uid: 10023] ]
10-12 16:43:11.827  3184  3184 D PhoneSwitcherNetworkRequstListener: got request NetworkRequest [ TRACK_DEFAULT id=223, [ Capabilities: INTERNET&NOT_RESTRICTED&TRUSTED Unwanted:  Uid: 10023] ] with score 70
10-12 16:43:11.828  2965  3053 D WIFI    : got request NetworkRequest [ TRACK_DEFAULT id=223, [ Capabilities: INTERNET&NOT_RESTRICTED&TRUSTED Unwanted:  Uid: 10023] ] with score 70
10-12 16:43:11.828  2965  3053 D WIFI_UT : got request NetworkRequest [ TRACK_DEFAULT id=223, [ Capabilities: INTERNET&NOT_RESTRICTED&TRUSTED Unwanted:  Uid: 10023] ] with score 70
10-12 16:43:11.828  2965  3077 D Ethernet: got request NetworkRequest [ TRACK_DEFAULT id=223, [ Capabilities: INTERNET&NOT_RESTRICTED&TRUSTED Unwanted:  Uid: 10023] ] with score 70
10-12 16:43:11.832  2965  2980 E NotificationService: Suppressing notification from package by user request.
10-12 16:43:11.836  2965  3055 D ConnectivityService: releasing NetworkRequest [ TRACK_DEFAULT id=223, [ Capabilities: INTERNET&NOT_RESTRICTED&TRUSTED Unwanted:  Uid: 10023] ] (release request)
10-12 16:43:12.437  3923  3923 D skia    : --- Failed to create image decoder with message 'unimplemented'
10-12 16:43:12.451  3923  3923 D skia    : --- Failed to create image decoder with message 'unimplemented'
10-12 16:43:15.334  5742  5926 W YT.mediacache: Unable to sniff ChunkIndex extractor [CONTEXT ratelimit_period="5000 MILLISECONDS [skipped: 7]" ]
10-12 16:43:17.217  2965  4803 D ConnectivityService: requestNetwork for uid/pid:10023/5742 NetworkRequest [ TRACK_DEFAULT id=224, [ Capabilities: INTERNET&NOT_RESTRICTED&TRUSTED Unwanted:  Uid: 10023] ]
10-12 16:43:17.218  2965  3053 D WIFI    : got request NetworkRequest [ TRACK_DEFAULT id=224, [ Capabilities: INTERNET&NOT_RESTRICTED&TRUSTED Unwanted:  Uid: 10023] ] with score 70
10-12 16:43:17.218  2965  3077 D Ethernet: got request NetworkRequest [ TRACK_DEFAULT id=224, [ Capabilities: INTERNET&NOT_RESTRICTED&TRUSTED Unwanted:  Uid: 10023] ] with score 70
10-12 16:43:17.218  3184  3184 D PhoneSwitcherNetworkRequstListener: got request NetworkRequest [ TRACK_DEFAULT id=224, [ Capabilities: INTERNET&NOT_RESTRICTED&TRUSTED Unwanted:  Uid: 10023] ] with score 70
10-12 16:43:17.219  2965  3053 D WIFI_UT : got request NetworkRequest [ TRACK_DEFAULT id=224, [ Capabilities: INTERNET&NOT_RESTRICTED&TRUSTED Unwanted:  Uid: 10023] ] with score 70
10-12 16:43:17.226  2965  3055 D ConnectivityService: releasing NetworkRequest [ TRACK_DEFAULT id=224, [ Capabilities: INTERNET&NOT_RESTRICTED&TRUSTED Unwanted:  Uid: 10023] ] (release request)
10-12 16:43:19.407  5742  5742 W View    : requestLayout() improperly called by fff{653f1f VFED..... ......ID 20,719-1320,768} during layout: running second layout pass
10-12 16:43:19.933  5742  5742 W View    : requestLayout() improperly called by fff{653f1f VFED..... ......ID 20,719-1340,768} during layout: running second layout pass
10-12 16:43:21.498  5742  5926 W YT.mediacache: Unable to sniff ChunkIndex extractor [CONTEXT ratelimit_period="5000 MILLISECONDS [skipped: 8]" ]
10-12 16:43:22.185  5742  5742 W StaticLayout: maxLineHeight should not be -1.  maxLines:1 lineCount:1
10-12 16:43:22.185  5742  5742 W StaticLayout: maxLineHeight should not be -1.  maxLines:1 lineCount:1
10-12 16:43:22.461  3923  3923 D skia    : --- Failed to create image decoder with message 'unimplemented'
10-12 16:43:23.645  2965  2986 D AutofillManagerService: Close system dialogs
10-12 16:43:23.651  2965  2976 I ActivityManager: START u0 {act=android.intent.action.MAIN cat=[android.intent.category.HOME] flg=0x10000000 cmp=com.android.launcher3/.Launcher (has extras)} from uid 10024
10-12 16:43:22.490  3923  3923 D skia    : --- Failed to create image decoder with message 'unimplemented'
10-12 16:43:23.656  3123  3123 V StatusBar: mStatusBarWindow: com.android.systemui.statusbar.phone.StatusBarWindowView{b0a4d8f V.ED..... ........ 0,0-1360,31} canPanelBeCollapsed(): false
10-12 16:43:23.658  3123  3123 I vol.Events: writeEvent dismiss_dialog volume_controller
10-12 16:43:23.696  2763  2910 I [Gralloc]: framebuffer hal alread move to hwcomposer
10-12 16:43:23.703  2763  2910 I chatty  : uid=1000(system) HwBinder:2763_1 identical 1 line
10-12 16:43:23.712  2763  2910 I [Gralloc]: framebuffer hal alread move to hwcomposer
10-12 16:43:23.716  3544  3734 D mali_winsys: EGLint new_window_surface(egl_winsys_display *, void *, EGLSurface, EGLConfig, egl_winsys_surface **, EGLBoolean) returns 0x3000
10-12 16:43:23.728  2763  2910 I [Gralloc]: framebuffer hal alread move to hwcomposer
10-12 16:43:23.741  2763  2910 I chatty  : uid=1000(system) HwBinder:2763_1 identical 1 line
10-12 16:43:23.753  2763  2910 I [Gralloc]: framebuffer hal alread move to hwcomposer
10-12 16:43:23.729  3544  3544 I RenderThread: type=1400 audit(0.0:1251): avc: denied { read } for name="gralloc.odroidn2.so" dev="mmcblk0p12" ino=705 scontext=u:r:priv_app:s0:c512,c768 tcontext=u:object_r:vendor_file:s0 tclass=file permissive=1
10-12 16:43:23.788  2763  2910 I [Gralloc]: framebuffer hal alread move to hwcomposer
10-12 16:43:23.729  3544  3544 I RenderThread: type=1400 audit(0.0:1252): avc: denied { open } for path="/vendor/lib/hw/gralloc.odroidn2.so" dev="mmcblk0p12" ino=705 scontext=u:r:priv_app:s0:c512,c768 tcontext=u:object_r:vendor_file:s0 tclass=file permissive=1
10-12 16:43:23.745  2965  2965 I android.anim: type=1400 audit(0.0:1254): avc: denied { read } for name="gralloc.odroidn2.so" dev="mmcblk0p12" ino=705 scontext=u:r:system_server:s0 tcontext=u:object_r:vendor_file:s0 tclass=file permissive=1
10-12 16:43:23.998  2800 28905 I OmxComponent: OMX_CommandStateSet 738 Cmd 0 nParam1 0x2
10-12 16:43:23.998  2800 28905 I OmxComponent: STATE_SET:   OMX_StateExecuting => OMX_StateIdle : OMX.amlogic.vp9.decoder.awesome
10-12 16:43:23.998  2800 28905 I OmxComponent: OMX.amlogic.vp9.decoder.awesome: flush input
10-12 16:43:23.998  2800 28905 V AmlogicVideoDecoderAwesome: flushInput:894 >
10-12 16:43:23.998  2800 28905 V OMX_WorkerPeer: hardware/amlogic/omx/omx_framework/WorkerPeer.cpp:flushInput:56 --------------------
10-12 16:43:23.998  2800 28905 V AmlogicVideoDecoderAwesome: pause:286 >
10-12 16:43:24.015  2800 28905 V AmlogicVideoDecoderAwesome: reset:332 >
10-12 16:43:24.016  2800 28905 D AmlogicVideoDecoderAwesome: reset_1
10-12 16:43:24.016  2800 28905 I amcodec : AMSTREAM_SET_OMX_RUNNING ret=0
10-12 16:43:24.069  2800 28905 I amcodec : [codec_reset:1127]ret=0
10-12 16:43:24.069  2800 28905 D AmlogicVideoDecoderAwesome: reset_2
10-12 16:43:24.069  2800 28905 D AmlogicVideoDecoderAwesome: mDTaskStatus=1
10-12 16:43:24.070  2800 28905 V AmlogicVideoDecoderAwesome: start:294 >
10-12 16:43:24.070  2800 28905 E ThreadWorker: pthread on exit wait clean
10-12 16:43:24.070  2800 28905 D AmlogicVideoDecoderAwesome: mVideo start
10-12 16:43:24.070  2800 28905 V AmlogicVideoDecoderAwesome: flushInput:919 >
10-12 16:43:24.070  2800 28905 I OmxComponent: OMX.amlogic.vp9.decoder.awesome: flush output
10-12 16:43:24.070  2800 28905 V AmlogicVideoDecoderAwesome: flushOutput:922 >
10-12 16:43:24.070  2800 31696 V OMX_WorkerPeer: hardware/amlogic/omx/omx_framework/WorkerPeer.cpp:runWorkerStatic:152 --------------------
10-12 16:43:24.070  2800 31696 V OMX_WorkerPeer: hardware/amlogic/omx/omx_framework/WorkerPeer.cpp:runWorker:158 --------------------
10-12 16:43:24.070  2800 28905 V AmlogicVideoDecoderAwesome: flushOutput:976 >
10-12 16:43:24.070  2800 28905 D AmlogicVideoDecoderAwesome: mVideo stop
10-12 16:43:24.072  2800 28905 V AmlogicVideoDecoderAwesome: stop:320 >
10-12 16:43:24.072  2800 28905 I OmxComponent: STATE_TRANS: OMX_StateExecuting => OMX_StateIdle : OMX.amlogic.vp9.decoder.awesome
10-12 16:43:24.072  2800 28905 I chatty  : uid=1046(mediacodec) decoder.awesome identical 2 lines
10-12 16:43:24.072  2800 28905 I OmxComponent: STATE_TRANS: OMX_StateExecuting => OMX_StateIdle : OMX.amlogic.vp9.decoder.awesome
10-12 16:43:24.072  2800 28905 I OmxComponent: STATE_DONE:  OMX_StateExecuting => OMX_StateIdle : OMX.amlogic.vp9.decoder.awesome
10-12 16:43:24.073  2800 28905 I OmxComponent: OMX_CommandStateSet 738 Cmd 0 nParam1 0x1
10-12 16:43:24.073  2800 28905 I OmxComponent: STATE_SET:   OMX_StateIdle => OMX_StateLoaded : OMX.amlogic.vp9.decoder.awesome
10-12 16:43:24.073  2800 28905 V AmlogicVideoDecoderAwesome: releaseResources:374 >
10-12 16:43:24.073  2800 28905 V AmlogicVideoDecoderAwesome: tearDown:793 >
10-12 16:43:24.073  2800 28905 V AmlogicVideoDecoderAwesome: tearDown:1434 >
10-12 16:43:24.073  2800 28905 V AmlogicVideoDecoderAwesome: initializeState_l:1512 >
10-12 16:43:24.074  2800 28905 D AmlogicVideoDecoderAwesome: free ION Video device instance ID:0
10-12 16:43:24.075  2800 28905 V AmlogicVideoDecoderAwesome: disable osd video ...-180612688
10-12 16:43:24.075  2800 28905 I OmxComponent: STATE_TRANS: OMX_StateIdle => OMX_StateLoaded : OMX.amlogic.vp9.decoder.awesome
10-12 16:43:24.075  2800 28905 I OmxComponent: STATE_DONE:  OMX_StateIdle => OMX_StateLoaded : OMX.amlogic.vp9.decoder.awesome
10-12 16:43:24.076  2800  2800 D OmxComponentManagerImpl: DecreaseEntryNumByName pEntry->mNum=1, pEntry->mMaxNum:9,componentName:OMX.amlogic.vp9.decoder.awesome
10-12 16:43:24.076  2800  2800 I omx_core: OMX_freeHandle_num_= 0
10-12 16:43:24.076  2800  2800 D AmlogicVideoDecoderAwesome: AmlogicVideoDecoderVp9 Dtor
10-12 16:43:24.076  2800  2800 D AmlogicVideoDecoderAwesome: ~AmlogicVideoDecoderAwesome
10-12 16:43:24.076  2800  2800 D AmlogicVideoDecoderAwesome: ~AmlogicVideoDecoder
10-12 16:43:24.076  2800  2800 D AmlogicVideoDecoderAwesome: ~AmlogicVideoDecoder, mOmxInstancenum 0
10-12 16:43:24.076  5742 28903 D SurfaceUtils: disconnecting from surface 0xc0cf4808, reason disconnectFromSurface
10-12 16:43:24.086  2775  2817 E BufferQueueProducer: [com.google.android.youtube/com.google.android.apps.youtube.app.WatchWhileActivity#0] disconnect: not connected (req=1)
10-12 16:43:24.087  5742 15808 W libEGL  : EGLNativeWindowType 0xcb9c4808 disconnect failed
10-12 16:43:24.121  2965  2980 E NotificationService: Suppressing notification from package by user request.
10-12 16:43:24.125  2965  4803 E NotificationService: Suppressing notification from package by user request.
10-12 16:43:24.132  5742  5742 W OrientationEventListener: Cannot detect sensors. Invalid disable
10-12 16:43:24.267  3612  8090 I CastDatabase: Saving the database
10-12 16:43:24.270  3612  8090 E SQLiteCastStore: Skip saving CastDeviceInfo: "Nearby device" (__cast_nearby___V_bd70e935-62b8-43b1-b70f-5ce84ba396b5)
10-12 16:43:24.271  3612  8090 I SQLiteCastStore: [CastNetworkInfo] saved: 0, skipped: 0, [CastDeviceInfo]: saved 0, skipped 1, [Paired Guest Mode DeviceInfo] saved: 0, skipped: 0. [ProbedNetworks]: saved 0, skipped: 0, [ProbedSocketAddress]: saved 0, skipped: 0, [Network-Device pairs]: saved: 0
10-12 16:43:24.344  3544  3544 D InputEventConsistencyVerifier: GenericMotionEvent: Action button for ACTION_BUTTON_RELEASE event is 1, but it was either never pressed or has already been released.
10-12 16:43:24.344  3544  3544 D InputEventConsistencyVerifier:   in com.android.launcher3.views.DoubleShadowBubbleTextView{40e90a0 VFED..CL. ........ 804,0-1005,131 #a}
10-12 16:43:24.344  3544  3544 D InputEventConsistencyVerifier:   0: sent at 4006320123000, MotionEvent { action=ACTION_BUTTON_RELEASE, actionButton=BUTTON_PRIMARY, id[0]=0, x[0]=74.55737, y[0]=51.909225, toolType[0]=TOOL_TYPE_MOUSE, buttonState=0, metaState=0, flags=0x0, edgeFlags=0x0, pointerCount=1, historySize=0, eventTime=4006320, downTime=4006192, deviceId=4, source=0x2002 }
10-12 16:43:24.344  3544  3544 D InputEventConsistencyVerifier:   -- recent events --
10-12 16:43:24.344  3544  3544 D InputEventConsistencyVerifier:   1: sent at 3805728120000, (unhandled) MotionEvent { action=ACTION_HOVER_EXIT, actionButton=0, id[0]=0, x[0]=178.4408, y[0]=20.43647, toolType[0]=TOOL_TYPE_MOUSE, buttonState=0, metaState=0, flags=0x0, edgeFlags=0x0, pointerCount=1, historySize=0, eventTime=3805728, downTime=3805104, deviceId=4, source=0x2002 }
10-12 16:43:24.344  3544  3544 D InputEventConsistencyVerifier:   2: sent at 3805720132000, (unhandled) MotionEvent { action=ACTION_HOVER_MOVE, actionButton=0, id[0]=0, x[0]=178.4408, y[0]=15.43647, toolType[0]=TOOL_TYPE_MOUSE, buttonState=0, metaState=0, flags=0x0, edgeFlags=0x0, pointerCount=1, historySize=1, eventTime=3805720, downTime=3805104, deviceId=4, source=0x2002 }
10-12 16:43:24.344  3544  3544 D InputEventConsistencyVerifier:   3: sent at 3805704148000, (unhandled) MotionEvent { action=ACTION_HOVER_MOVE, actionButton=0, id[0]=0, x[0]=178.4408, y[0]=8.43647, toolType[0]=TOOL_TYPE_MOUSE, buttonState=0, metaState=0, flags=0x0, edgeFlags=0x0, pointerCount=1, historySize=1, eventTime=3805704, downTime=3805104, deviceId=4, source=0x2002 }
10-12 16:43:24.344  3544  3544 D InputEventConsistencyVerifier:   4: sent at 3805688123000, (unhandled) MotionEvent { action=ACTION_HOVER_MOVE, actionButton=0, id[0]=0, x[0]=178.4408, y[0]=1.43647, toolType[0]=TOOL_TYPE_MOUSE, buttonState=0, metaState=0, flags=0x0, edgeFlags=0x0, pointerCount=1, historySize=0, eventTime=3805688, downTime=3805104, deviceId=4, source=0x2002 }
10-12 16:43:24.344  3544  3544 D InputEventConsistencyVerifier:   5: sent at 3805688123000, (unhandled) MotionEvent { action=ACTION_HOVER_ENTER, actionButton=0, id[0]=0, x[0]=178.4408, y[0]=1.43647, toolType[0]=TOOL_TYPE_MOUSE, buttonState=0, metaState=0, flags=0x0, edgeFlags=0x0, pointerCount=1, historySize=0, eventTime=3805688, downTime=3805104, deviceId=4, source=0x2002 }
10-12 16:43:24.509  2965  2980 E NotificationService: Suppressing notification from package by user request.
10-12 16:43:24.531  2775  3039 W SurfaceFlinger: Attempting to destroy on removed layer: AppWindowToken{9d1c4b7 token=Token{60d3fb6 ActivityRecord{7b3db51 u0 com.google.android.youtube/com.google.android.apps.youtube.app.WatchWhileActivity t28}}}#0
10-12 16:43:24.540  5742  5742 E YT.mlplayer: MedialibPlayer.stopVideo()
10-12 16:43:24.541  5742  5742 I chatty  : uid=10023(com.google.android.youtube) identical 1 line
10-12 16:43:24.545  5742  5742 E YT.mlplayer: MedialibPlayer.stopVideo()
10-12 16:43:24.548  5742  5781 W YouTube : Pinging https://s.youtube.com/api/stats/qoe?cl=335708953&ei=nAiEX9vfKsrOgAProJTIDQ&event=streamingstats&feature=related&ns=yt&plid=AAWxdGxpa8NJ1TyA&cpn=fdVxvjCEH8f1W9Ts&cplatform=tablet&cbr=com.google.android.youtube&c=android&cmodel=odroidn2&cos=Android&csdk=28&cbrver=15.38.35&cver=15.38.35&cosver=9&cbrand=HardKernel%20Co.%2C%20Ltd.&vis=40.552:7,83.988:0,88.987:2,125.699:0,127.603:3,128.035:0&vfs=41.274:244:278:244:r,51.503:302:278:244:r,84.083:302:244:302:r,88.992:302:302:302:r,125.701:302:244:302:r,127.647:0::302:v&conn=128.043:1&cplayer=ANDROID_EXOPLAYER_V2&bh=41.274:31.83,51.503:31.74,65.332:38.19,84.083:49.29,88.992:44.38,95.333:48.26,123.985:60.59,125.701:60.59,127.647:68.19,128.041:61.17&cmt=65.332:62.241,95.333:92.177,123.985:121.234,128.041:121.234&bwe=51.503:6513732.50,84.083:6513732.50,88.992:6513732.50,125.701:6513732.50&sur=127.646:1&view=40.550:476:267,84.083:881:496,88.992:1360:765,125.701:881:496&bat=128.044:0.420:0&vps=123.985:PA,128.041:N&bwm=65.332:10715588:1.041,95.333:13293309:1.381,123.985:12270078:1.194&seq=2&docid=(scrubbed)&referrer=(scrubbed)
10-12 16:43:24.550  3612  3612 W DiscoveryManager: BroadcastReceiver is already registered
10-12 16:43:24.551  3612  8090 I DiscoveryManager: Filter criteria(233637DE) scannerFlags(0)
10-12 16:43:24.557  3612  8090 E DeviceScanner: [BLE] Failed to start scan because the Bluetooth is disabled.
10-12 16:43:26.651  2753  2924 D audio-subMixingFactory: out_standby_subMixingPCM: out_stream(0xec74aa00) usecase: STREAM_PCM_NORMAL
10-12 16:43:26.651  2753  2924 I audio-subMixingFactory: ++usecase_change_validate_l_sm(), dev usecase masks = 0x1, is_standby = 1, out usecase STREAM_PCM_NORMAL
10-12 16:43:26.651  2753  2924 I audio-subMixingFactory: --usecase_change_validate_l_sm(), dev usecase masks = 0, is_standby = 1, out usecase STREAM_PCM_NORMAL
10-12 16:43:26.651  2753  2924 I amlaudioMixer: ++delete_mixer_input_port port ID: 0
10-12 16:43:27.558  3612  8090 W AdaptiveDiscoveryWorker: Exiting Adaptive Discovery. Current HOTSPOT_BSSID is NULL.
10-12 16:43:32.498  3923  3923 D skia    : --- Failed to create image decoder with message 'unimplemented'
10-12 16:43:41.852  2965  4803 D ConnectivityService: requestNetwork for uid/pid:10023/5742 NetworkRequest [ TRACK_DEFAULT id=225, [ Capabilities: INTERNET&NOT_RESTRICTED&TRUSTED Unwanted:  Uid: 10023] ]
10-12 16:43:32.526  3923  3923 D skia    : --- Failed to create image decoder with message 'unimplemented'
10-12 16:43:41.853  2965  3053 D WIFI    : got request NetworkRequest [ TRACK_DEFAULT id=225, [ Capabilities: INTERNET&NOT_RESTRICTED&TRUSTED Unwanted:  Uid: 10023] ] with score 70
10-12 16:43:41.853  2965  3053 D WIFI_UT : got request NetworkRequest [ TRACK_DEFAULT id=225, [ Capabilities: INTERNET&NOT_RESTRICTED&TRUSTED Unwanted:  Uid: 10023] ] with score 70
10-12 16:43:41.853  2965  3077 D Ethernet: got request NetworkRequest [ TRACK_DEFAULT id=225, [ Capabilities: INTERNET&NOT_RESTRICTED&TRUSTED Unwanted:  Uid: 10023] ] with score 70
10-12 16:43:41.854  3184  3184 D PhoneSwitcherNetworkRequstListener: got request NetworkRequest [ TRACK_DEFAULT id=225, [ Capabilities: INTERNET&NOT_RESTRICTED&TRUSTED Unwanted:  Uid: 10023] ] with score 70
10-12 16:43:41.859  2965  2980 E NotificationService: Suppressing notification from package by user request.
10-12 16:43:41.865  2965  3055 D ConnectivityService: releasing NetworkRequest [ TRACK_DEFAULT id=225, [ Capabilities: INTERNET&NOT_RESTRICTED&TRUSTED Unwanted:  Uid: 10023] ] (release request)
10-12 16:43:42.539  3923  3923 D skia    : --- Failed to create image decoder with message 'unimplemented'
10-12 16:43:54.195  2798  2829 E storaged: getDiskStats failed with result NOT_SUPPORTED and size 0
10-12 16:44:02.578  3923  3923 I chatty  : uid=10079(com.antutu.ABenchMark) identical 4 lines
10-12 16:44:02.603  3923  3923 D skia    : --- Failed to create image decoder with message 'unimplemented'
10-12 16:44:08.849  4727  4727 I ABenchMark:push: type=1400 audit(0.0:1260): avc: denied { open } for path="/proc/vmstat" dev="proc" ino=4026531993 scontext=u:r:untrusted_app_27:s0:c512,c768 tcontext=u:object_r:proc_vmstat:s0 tclass=file permissive=1
10-12 16:44:11.876  2965  7945 D ConnectivityService: requestNetwork for uid/pid:10023/5742 NetworkRequest [ TRACK_DEFAULT id=226, [ Capabilities: INTERNET&NOT_RESTRICTED&TRUSTED Unwanted:  Uid: 10023] ]
10-12 16:44:11.878  2965  3053 D WIFI    : got request NetworkRequest [ TRACK_DEFAULT id=226, [ Capabilities: INTERNET&NOT_RESTRICTED&TRUSTED Unwanted:  Uid: 10023] ] with score 70
10-12 16:44:11.878  2965  3053 D WIFI_UT : got request NetworkRequest [ TRACK_DEFAULT id=226, [ Capabilities: INTERNET&NOT_RESTRICTED&TRUSTED Unwanted:  Uid: 10023] ] with score 70
10-12 16:44:11.878  2965  3077 D Ethernet: got request NetworkRequest [ TRACK_DEFAULT id=226, [ Capabilities: INTERNET&NOT_RESTRICTED&TRUSTED Unwanted:  Uid: 10023] ] with score 70
10-12 16:44:11.883  3184  3184 D PhoneSwitcherNetworkRequstListener: got request NetworkRequest [ TRACK_DEFAULT id=226, [ Capabilities: INTERNET&NOT_RESTRICTED&TRUSTED Unwanted:  Uid: 10023] ] with score 70
10-12 16:44:11.884  2965  2980 E NotificationService: Suppressing notification from package by user request.
10-12 16:44:11.887  2965  3055 D ConnectivityService: releasing NetworkRequest [ TRACK_DEFAULT id=226, [ Capabilities: INTERNET&NOT_RESTRICTED&TRUSTED Unwanted:  Uid: 10023] ] (release request)
10-12 16:44:11.901  2965  4803 I ActivityManager: Killing 8660:com.instagram.android:mqtt/u0a52 (adj 906): empty for 1892s
10-12 16:44:11.901  2965  2983 W libprocessgroup: kill(-8660, 9) failed: No such process
10-12 16:44:11.905  5742 25559 W MessageQueue: Handler (amra) {95f62be} sending message to a Handler on a dead thread
10-12 16:44:11.905  5742 25559 W MessageQueue: java.lang.IllegalStateException: Handler (amra) {95f62be} sending message to a Handler on a dead thread
10-12 16:44:11.905  5742 25559 W MessageQueue: 	at android.os.MessageQueue.enqueueMessage(MessageQueue.java:546)
10-12 16:44:11.905  5742 25559 W MessageQueue: 	at android.os.Handler.enqueueMessage(Handler.java:745)
10-12 16:44:11.905  5742 25559 W MessageQueue: 	at android.os.Handler.sendMessageAtTime(Handler.java:697)
10-12 16:44:11.905  5742 25559 W MessageQueue: 	at android.os.Handler.sendMessageDelayed(Handler.java:667)
10-12 16:44:11.905  5742 25559 W MessageQueue: 	at android.os.Handler.postDelayed(Handler.java:469)
10-12 16:44:11.905  5742 25559 W MessageQueue: 	at amrd.f(PG:53)
10-12 16:44:11.905  5742 25559 W MessageQueue: 	at amra.handleMessage(PG:218)
10-12 16:44:11.905  5742 25559 W MessageQueue: 	at android.os.Handler.dispatchMessage(Handler.java:106)
10-12 16:44:11.905  5742 25559 W MessageQueue: 	at android.os.Looper.loop(Looper.java:193)
10-12 16:44:11.905  5742 25559 W MessageQueue: 	at android.os.HandlerThread.run(HandlerThread.java:65)
10-12 16:44:11.932  2745  2745 I Zygote  : Process 8660 exited due to signal (9)
10-12 16:44:11.943  2965  2983 W libprocessgroup: kill(-8660, 9) failed: No such process
10-12 16:44:11.943  2965  2983 I libprocessgroup: Successfully killed process cgroup uid 10052 pid 8660 in 41ms
10-12 16:44:12.109 14739 14855 W FileBasedMultiProcessTracker: <default>: Observed removed PID: 8660
