--------- beginning of main
10-12 16:34:20.990  3923  3923 D skia    : --- Failed to create image decoder with message 'unimplemented'
10-12 16:34:41.037  3923  3923 I chatty  : uid=10079(com.antutu.ABenchMark) identical 4 lines
10-12 16:34:41.049  3923  3923 D skia    : --- Failed to create image decoder with message 'unimplemented'
--------- beginning of system
10-12 16:34:41.275  2965  3745 D ConnectivityService: requestNetwork for uid/pid:10023/5742 NetworkRequest [ TRACK_DEFAULT id=198, [ Capabilities: INTERNET&NOT_RESTRICTED&TRUSTED Unwanted:  Uid: 10023] ]
10-12 16:34:41.277  2965  3053 D WIFI    : got request NetworkRequest [ TRACK_DEFAULT id=198, [ Capabilities: INTERNET&NOT_RESTRICTED&TRUSTED Unwanted:  Uid: 10023] ] with score 70
10-12 16:34:41.277  2965  3053 D WIFI_UT : got request NetworkRequest [ TRACK_DEFAULT id=198, [ Capabilities: INTERNET&NOT_RESTRICTED&TRUSTED Unwanted:  Uid: 10023] ] with score 70
10-12 16:34:41.277  2965  3077 D Ethernet: got request NetworkRequest [ TRACK_DEFAULT id=198, [ Capabilities: INTERNET&NOT_RESTRICTED&TRUSTED Unwanted:  Uid: 10023] ] with score 70
10-12 16:34:41.278  3184  3184 D PhoneSwitcherNetworkRequstListener: got request NetworkRequest [ TRACK_DEFAULT id=198, [ Capabilities: INTERNET&NOT_RESTRICTED&TRUSTED Unwanted:  Uid: 10023] ] with score 70
10-12 16:34:41.283  2965  3055 D ConnectivityService: releasing NetworkRequest [ TRACK_DEFAULT id=198, [ Capabilities: INTERNET&NOT_RESTRICTED&TRUSTED Unwanted:  Uid: 10023] ] (release request)
10-12 16:34:41.283  2965  2980 E NotificationService: Suppressing notification from package by user request.
10-12 16:34:43.751  4727  5623 I tnet-jni: 239 - [spdyPingRecvCallback] - 
10-12 16:34:43.751  4727  5623 I tnet-jni: 239 - [SpdySessionCallBack.spdyPingRecvCallback] - org.android.spdy.SpdySession@16cc5fb
10-12 16:34:51.063  3923  3923 D skia    : --- Failed to create image decoder with message 'unimplemented'
10-12 16:34:53.577  2798  2829 E storaged: getDiskStats failed with result NOT_SUPPORTED and size 0
10-12 16:35:11.127  3923  3923 I chatty  : uid=10079(com.antutu.ABenchMark) identical 4 lines
10-12 16:35:11.154  3923  3923 D skia    : --- Failed to create image decoder with message 'unimplemented'
10-12 16:35:11.296  2965  4723 D ConnectivityService: requestNetwork for uid/pid:10023/5742 NetworkRequest [ TRACK_DEFAULT id=199, [ Capabilities: INTERNET&NOT_RESTRICTED&TRUSTED Unwanted:  Uid: 10023] ]
10-12 16:35:11.298  2965  3053 D WIFI    : got request NetworkRequest [ TRACK_DEFAULT id=199, [ Capabilities: INTERNET&NOT_RESTRICTED&TRUSTED Unwanted:  Uid: 10023] ] with score 70
10-12 16:35:11.298  2965  3053 D WIFI_UT : got request NetworkRequest [ TRACK_DEFAULT id=199, [ Capabilities: INTERNET&NOT_RESTRICTED&TRUSTED Unwanted:  Uid: 10023] ] with score 70
10-12 16:35:11.298  2965  3077 D Ethernet: got request NetworkRequest [ TRACK_DEFAULT id=199, [ Capabilities: INTERNET&NOT_RESTRICTED&TRUSTED Unwanted:  Uid: 10023] ] with score 70
10-12 16:35:11.299  3184  3184 D PhoneSwitcherNetworkRequstListener: got request NetworkRequest [ TRACK_DEFAULT id=199, [ Capabilities: INTERNET&NOT_RESTRICTED&TRUSTED Unwanted:  Uid: 10023] ] with score 70
10-12 16:35:11.305  2965  2980 E NotificationService: Suppressing notification from package by user request.
10-12 16:35:11.307  2965  3055 D ConnectivityService: releasing NetworkRequest [ TRACK_DEFAULT id=199, [ Capabilities: INTERNET&NOT_RESTRICTED&TRUSTED Unwanted:  Uid: 10023] ] (release request)
10-12 16:35:21.168  3923  3923 D skia    : --- Failed to create image decoder with message 'unimplemented'
10-12 16:35:41.215  3923  3923 I chatty  : uid=10079(com.antutu.ABenchMark) identical 4 lines
10-12 16:35:41.239  3923  3923 D skia    : --- Failed to create image decoder with message 'unimplemented'
10-12 16:35:41.316  2965  4723 D ConnectivityService: requestNetwork for uid/pid:10023/5742 NetworkRequest [ TRACK_DEFAULT id=200, [ Capabilities: INTERNET&NOT_RESTRICTED&TRUSTED Unwanted:  Uid: 10023] ]
10-12 16:35:41.317  2965  3053 D WIFI    : got request NetworkRequest [ TRACK_DEFAULT id=200, [ Capabilities: INTERNET&NOT_RESTRICTED&TRUSTED Unwanted:  Uid: 10023] ] with score 70
10-12 16:35:41.317  2965  3077 D Ethernet: got request NetworkRequest [ TRACK_DEFAULT id=200, [ Capabilities: INTERNET&NOT_RESTRICTED&TRUSTED Unwanted:  Uid: 10023] ] with score 70
10-12 16:35:41.318  3184  3184 D PhoneSwitcherNetworkRequstListener: got request NetworkRequest [ TRACK_DEFAULT id=200, [ Capabilities: INTERNET&NOT_RESTRICTED&TRUSTED Unwanted:  Uid: 10023] ] with score 70
10-12 16:35:41.319  2965  3053 D WIFI_UT : got request NetworkRequest [ TRACK_DEFAULT id=200, [ Capabilities: INTERNET&NOT_RESTRICTED&TRUSTED Unwanted:  Uid: 10023] ] with score 70
10-12 16:35:41.342  5742 19423 W MessageQueue: Handler (amra) {cef0672} sending message to a Handler on a dead thread
10-12 16:35:41.342  5742 19423 W MessageQueue: java.lang.IllegalStateException: Handler (amra) {cef0672} sending message to a Handler on a dead thread
10-12 16:35:41.342  5742 19423 W MessageQueue: 	at android.os.MessageQueue.enqueueMessage(MessageQueue.java:546)
10-12 16:35:41.342  5742 19423 W MessageQueue: 	at android.os.Handler.enqueueMessage(Handler.java:745)
10-12 16:35:41.342  5742 19423 W MessageQueue: 	at android.os.Handler.sendMessageAtTime(Handler.java:697)
10-12 16:35:41.342  5742 19423 W MessageQueue: 	at android.os.Handler.sendMessageDelayed(Handler.java:667)
10-12 16:35:41.342  5742 19423 W MessageQueue: 	at android.os.Handler.postDelayed(Handler.java:469)
10-12 16:35:41.342  5742 19423 W MessageQueue: 	at amrd.f(PG:53)
10-12 16:35:41.342  5742 19423 W MessageQueue: 	at amra.handleMessage(PG:218)
10-12 16:35:41.342  5742 19423 W MessageQueue: 	at android.os.Handler.dispatchMessage(Handler.java:106)
10-12 16:35:41.342  5742 19423 W MessageQueue: 	at android.os.Looper.loop(Looper.java:193)
10-12 16:35:41.342  5742 19423 W MessageQueue: 	at android.os.HandlerThread.run(HandlerThread.java:65)
10-12 16:35:41.349  2965  2980 E NotificationService: Suppressing notification from package by user request.
10-12 16:35:41.350  2965  2980 E NotificationService: Suppressing notification from package by user request.
10-12 16:35:41.352  2965  3055 D ConnectivityService: releasing NetworkRequest [ TRACK_DEFAULT id=200, [ Capabilities: INTERNET&NOT_RESTRICTED&TRUSTED Unwanted:  Uid: 10023] ] (release request)
10-12 16:35:41.740  3502 18983 E WakeLock: GCM_HB_ALARM release without a matched acquire!
10-12 16:35:51.253  3923  3923 D skia    : --- Failed to create image decoder with message 'unimplemented'
10-12 16:35:53.578  2798  2829 E storaged: getDiskStats failed with result NOT_SUPPORTED and size 0
10-12 16:36:11.290  3923  3923 I chatty  : uid=10079(com.antutu.ABenchMark) identical 4 lines
10-12 16:36:11.317  3923  3923 D skia    : --- Failed to create image decoder with message 'unimplemented'
10-12 16:36:11.309  3923  3923 I tutu.ABenchMark: type=1400 audit(0.0:1077): avc: denied { read } for name="temp" dev="sysfs" ino=8951 scontext=u:r:untrusted_app_27:s0:c512,c768 tcontext=u:object_r:sysfs:s0 tclass=file permissive=1
10-12 16:36:11.392  2965  3023 D ConnectivityService: requestNetwork for uid/pid:10023/5742 NetworkRequest [ TRACK_DEFAULT id=201, [ Capabilities: INTERNET&NOT_RESTRICTED&TRUSTED Unwanted:  Uid: 10023] ]
10-12 16:36:11.393  2965  3053 D WIFI    : got request NetworkRequest [ TRACK_DEFAULT id=201, [ Capabilities: INTERNET&NOT_RESTRICTED&TRUSTED Unwanted:  Uid: 10023] ] with score 70
10-12 16:36:11.393  2965  3053 D WIFI_UT : got request NetworkRequest [ TRACK_DEFAULT id=201, [ Capabilities: INTERNET&NOT_RESTRICTED&TRUSTED Unwanted:  Uid: 10023] ] with score 70
10-12 16:36:11.393  2965  3077 D Ethernet: got request NetworkRequest [ TRACK_DEFAULT id=201, [ Capabilities: INTERNET&NOT_RESTRICTED&TRUSTED Unwanted:  Uid: 10023] ] with score 70
10-12 16:36:11.393  3184  3184 D PhoneSwitcherNetworkRequstListener: got request NetworkRequest [ TRACK_DEFAULT id=201, [ Capabilities: INTERNET&NOT_RESTRICTED&TRUSTED Unwanted:  Uid: 10023] ] with score 70
10-12 16:36:11.309  3923  3923 I tutu.ABenchMark: type=1400 audit(0.0:1078): avc: denied { open } for path="/sys/devices/virtual/thermal/thermal_zone0/temp" dev="sysfs" ino=8951 scontext=u:r:untrusted_app_27:s0:c512,c768 tcontext=u:object_r:sysfs:s0 tclass=file permissive=1
10-12 16:36:11.400  2965  2980 E NotificationService: Suppressing notification from package by user request.
10-12 16:36:11.402  2965  3055 D ConnectivityService: releasing NetworkRequest [ TRACK_DEFAULT id=201, [ Capabilities: INTERNET&NOT_RESTRICTED&TRUSTED Unwanted:  Uid: 10023] ] (release request)
10-12 16:36:11.309  3923  3923 I tutu.ABenchMark: type=1400 audit(0.0:1079): avc: denied { getattr } for path="/sys/devices/virtual/thermal/thermal_zone0/temp" dev="sysfs" ino=8951 scontext=u:r:untrusted_app_27:s0:c512,c768 tcontext=u:object_r:sysfs:s0 tclass=file permissive=1
10-12 16:36:16.921  2965  3445 I ActivityManager: START u0 {act=android.intent.action.MAIN cat=[android.intent.category.LAUNCHER] flg=0x10200000 cmp=com.google.android.youtube/.app.honeycomb.Shell$HomeActivity bnds=[856,31][1057,162]} from uid 10024
10-12 16:36:16.921  2753  6139 W amlaudioMixer: mixer_get_presentation_position(), port not ready now
10-12 16:36:16.921  2753  6139 W audio-subMixingFactory: out_get_presentation_position_port(), pts not valid yet
10-12 16:36:16.921  2753  6139 I audio-subMixingFactory: ++usecase_change_validate_l_sm: dev usecase masks = 0, out usecase_masks = 0, out usecase STREAM_PCM_NORMAL
10-12 16:36:16.922  2753  6139 I audio-subMixingFactory: ++++usecase_change_validate_l_sm(),continuous_audio_mode 0 dev usecase masks = 0, out usecase_masks = 0, out usecase STREAM_PCM_NORMAL
10-12 16:36:16.922  2753  6139 I audio-subMixingFactory: usecase_change_validate_l_sm(), mixer_aux_buffer_write_sm !
10-12 16:36:16.922  2753  6139 I audio-subMixingFactory: ----usecase_change_validate_l_sm(), continuous_audio_mode 0 dev usecase masks = 0x1, out usecase_masks = 0x1, out usecase STREAM_PCM_NORMAL
10-12 16:36:16.922  2753  6139 I aml_audio_port: get_input_port_index(), samplerate 48000
10-12 16:36:16.922  2753  6139 D aml_audio_port: new_input_port(), index:0, rbuf size:8192, direct_on:0
10-12 16:36:16.922  2753  6139 D aml_audio_port: new_input_port(), fmt 0x1, rate 48000
10-12 16:36:16.922  2753  6139 I amlaudioMixer: ++init_mixer_input_port port index 0, size 512 frames
10-12 16:36:16.922  2753  6139 I amlaudioMixer: init_mixer_input_port(), port->initial_frames: 11550720
10-12 16:36:16.922  2753  6139 I aml_audio_port: get_input_port_index(), samplerate 48000
10-12 16:36:16.922  2753  6139 I audio-subMixingFactory: mixer_aux_buffer_write_sm(), primary 0xec74aa00 port index = 0
10-12 16:36:16.922  2753  6139 I audio-subMixingFactory: padding_bytes 16384
10-12 16:36:16.922  2753  6139 I amlaudioMixer: port index 0 is active now
10-12 16:36:16.922  2753  6139 I audio-subMixingFactory: padding_bytes 14336
10-12 16:36:16.922  2753  6139 I audio-subMixingFactory: padding_bytes 12288
10-12 16:36:16.922  2753  6139 I audio-subMixingFactory: padding_bytes 10240
10-12 16:36:16.922  2753  6139 I audio-subMixingFactory: padding_bytes 8192
10-12 16:36:16.925  2753  6139 I audio-subMixingFactory: padding_bytes 6144
10-12 16:36:16.929  2753  6139 I audio-subMixingFactory: padding_bytes 4096
10-12 16:36:16.929  2753  6139 I audio-subMixingFactory: padding_bytes 2048
10-12 16:36:16.936  5742  5742 W ActivityThread: handleWindowVisibility: no activity for token android.os.BinderProxy@9658ee2
10-12 16:36:16.950  2753  6139 W amlaudioMixer: mixer_get_presentation_position(), not valid now
10-12 16:36:16.950  2753  6139 W audio-subMixingFactory: out_get_presentation_position_port(), pts not valid yet
10-12 16:36:16.968  2965  3023 I ActivityManager: START u0 {act=android.intent.action.MAIN cat=[android.intent.category.LAUNCHER] flg=0x4000000 cmp=com.google.android.youtube/com.google.android.apps.youtube.app.WatchWhileActivity bnds=[856,31][1057,162] (has extras)} from uid 10023
10-12 16:36:16.970  2763  2911 I [Gralloc]: framebuffer hal alread move to hwcomposer
10-12 16:36:16.985  2773  2923 D AudioFlinger: mixer(0xef603280) throttle end: throttle time(15)
10-12 16:36:17.015  5742  5742 W ActivityThread: handleWindowVisibility: no activity for token android.os.BinderProxy@72ac0bc
10-12 16:36:16.977  2775  2775 I Binder:2775_2: type=1400 audit(0.0:1080): avc: denied { read } for name="gralloc.odroidn2.so" dev="mmcblk0p12" ino=705 scontext=u:r:surfaceflinger:s0 tcontext=u:object_r:vendor_file:s0 tclass=file permissive=1
10-12 16:36:17.238  5742  5742 W OrientationEventListener: Cannot detect sensors. Not enabled
10-12 16:36:17.268  5742  5742 E YouTube : Null interactionLoggingScreen found when removeInteractionLoggingScreen.
10-12 16:36:17.281  5742  5742 E acai    : No overlay to dismiss.
10-12 16:36:17.336  5742 15808 D mali_winsys: EGLint new_window_surface(egl_winsys_display *, void *, EGLSurface, EGLConfig, egl_winsys_surface **, EGLBoolean) returns 0x3000
10-12 16:36:17.369  3612  3612 W CastMediaRouteProvider: Not a Cast compatible category: MDX_MEDIA_ROUTE_CONTROL_CATEGORY_cl
10-12 16:36:17.370  3612  3612 W CastMediaRouteProvider: Not a Cast compatible category: android.media.intent.category.LIVE_AUDIO
10-12 16:36:17.370  3612  3612 W DiscoveryManager: BroadcastReceiver is already registered
10-12 16:36:17.371  3612  8090 I DiscoveryManager: Filter criteria(233637DE) scannerFlags(0)
10-12 16:36:17.377  3612  8090 E DeviceScanner: [BLE] Failed to start scan because the Bluetooth is disabled.
10-12 16:36:17.406  5742  5742 W View    : requestLayout() improperly called by android.widget.FrameLayout{4cd7e30 V.E...... ......ID 0,61-1360,675 #7f0b09f8 app:id/pane_fragment_container} during layout: running second layout pass
10-12 16:36:17.411  2763  2911 I [Gralloc]: framebuffer hal alread move to hwcomposer
10-12 16:36:17.443  2965  2988 I ActivityManager: Displayed com.google.android.youtube/com.google.android.apps.youtube.app.WatchWhileActivity: +432ms (total +497ms)
10-12 16:36:17.447  2763  2911 I [Gralloc]: framebuffer hal alread move to hwcomposer
10-12 16:36:17.447  2763  2911 E gralloc : ioctl c0144900 failed with code -1: Operation not permitted
10-12 16:36:17.452  3612  3612 W CastMediaRouteProvider: Not a Cast compatible category: MDX_MEDIA_ROUTE_CONTROL_CATEGORY_cl
10-12 16:36:17.452  3612  3612 W CastMediaRouteProvider: Not a Cast compatible category: android.media.intent.category.LIVE_AUDIO
10-12 16:36:17.452  3612  3612 W DiscoveryManager: BroadcastReceiver is already registered
10-12 16:36:17.452  3612  8090 I DiscoveryManager: Filter criteria(233637DE) scannerFlags(0)
10-12 16:36:17.457  3612  8090 E DeviceScanner: [BLE] Failed to start scan because the Bluetooth is disabled.
10-12 16:36:17.462  2763  2911 I [Gralloc]: framebuffer hal alread move to hwcomposer
10-12 16:36:17.462  2763  2911 E gralloc : ioctl c0144900 failed with code -1: Operation not permitted
10-12 16:36:17.511  3544  3544 W LauncherTransition: Failed to animate, surface got destroyed.
10-12 16:36:17.530  2775  3467 E BufferQueueProducer: [com.android.launcher3/com.android.launcher3.Launcher#0] disconnect: not connected (req=1)
10-12 16:36:17.531  3544  3734 W libEGL  : EGLNativeWindowType 0xcf329008 disconnect failed
10-12 16:36:17.539  3502  3834 W Conscrypt: Could not set socket write timeout: java.net.SocketException: Socket closed
10-12 16:36:17.539  3502  3834 W Conscrypt: 	at com.google.android.gms.org.conscrypt.Platform.setSocketWriteTimeout(:com.google.android.gms@203615025@20.36.15 (100304-333172415):2)
10-12 16:36:17.539  3502  3834 W Conscrypt: 	at com.google.android.gms.org.conscrypt.ConscryptFileDescriptorSocket.setSoWriteTimeout(:com.google.android.gms@203615025@20.36.15 (100304-333172415):0)
10-12 16:36:17.597  2775  2962 W SurfaceFlinger: Attempting to set client state on removed layer: Splash Screen com.google.android.youtube#0
10-12 16:36:17.597  2775  2962 W SurfaceFlinger: Attempting to destroy on removed layer: Splash Screen com.google.android.youtube#0
10-12 16:36:17.616  3502  3834 W Conscrypt: Could not set socket write timeout: java.net.SocketException: Socket closed
10-12 16:36:17.616  3502  3834 W Conscrypt: 	at com.google.android.gms.org.conscrypt.Platform.setSocketWriteTimeout(:com.google.android.gms@203615025@20.36.15 (100304-333172415):2)
10-12 16:36:17.616  3502  3834 W Conscrypt: 	at com.google.android.gms.org.conscrypt.ConscryptFileDescriptorSocket.setSoWriteTimeout(:com.google.android.gms@203615025@20.36.15 (100304-333172415):0)
10-12 16:36:17.769  5742  5817 W android.youtub: Long monitor contention with owner cronet11-3 (5819) at aliz zlb.b(zkq)(PG:8) waiters=0 in aliz zlb.b(zkq) for 302ms
10-12 16:36:17.770  5742  5742 W YouTube : CsiAction [eur] already ticked brns. Ignored.
10-12 16:36:18.431  5742  5742 W YouTube : CsiAction [eur] already ticked brnr. Ignored.
10-12 16:36:18.824  5742  5753 I android.youtub: Background concurrent copying GC freed 261590(14MB) AllocSpace objects, 37(1644KB) LOS objects, 49% free, 24MB/48MB, paused 135us total 129.503ms
10-12 16:36:19.496  3544  3544 W ViewRootImpl[Launcher]: Cancelling event due to no window focus: MotionEvent { action=ACTION_CANCEL, actionButton=0, id[0]=0, x[0]=935.70935, y[0]=67.885994, toolType[0]=TOOL_TYPE_MOUSE, buttonState=0, metaState=0, flags=0x0, edgeFlags=0x0, pointerCount=1, historySize=0, eventTime=3581472, downTime=3578820, deviceId=4, source=0x2002 }
10-12 16:36:19.993  2753  2924 D audio-subMixingFactory: out_standby_subMixingPCM: out_stream(0xec74aa00) usecase: STREAM_PCM_NORMAL
10-12 16:36:19.993  2753  2924 I audio-subMixingFactory: ++usecase_change_validate_l_sm(), dev usecase masks = 0x1, is_standby = 1, out usecase STREAM_PCM_NORMAL
10-12 16:36:19.993  2753  2924 I audio-subMixingFactory: --usecase_change_validate_l_sm(), dev usecase masks = 0, is_standby = 1, out usecase STREAM_PCM_NORMAL
10-12 16:36:19.993  2753  2924 I amlaudioMixer: ++delete_mixer_input_port port ID: 0
10-12 16:36:19.993  2753  2917 E amlaudioMixer: mixer_do_mixing_16bit(), sys or direct pcm must exist!!!
10-12 16:36:20.458  3612 18565 W AdaptiveDiscoveryWorker: Exiting Adaptive Discovery. Current HOTSPOT_BSSID is NULL.
10-12 16:36:20.963  2744 18973 W DnsTlsSocket: SSL_connect error 5, errno=110
10-12 16:36:20.963  2744 18974 W DnsTlsSocket: SSL_connect error 5, errno=110
10-12 16:36:21.333  3923  3923 D skia    : --- Failed to create image decoder with message 'unimplemented'
10-12 16:36:21.344  3923  3923 D skia    : --- Failed to create image decoder with message 'unimplemented'
10-12 16:36:23.286  2753  6139 W amlaudioMixer: mixer_get_presentation_position(), port not ready now
10-12 16:36:23.286  2753  6139 W audio-subMixingFactory: out_get_presentation_position_port(), pts not valid yet
10-12 16:36:23.287  2753  6139 I audio-subMixingFactory: ++usecase_change_validate_l_sm: dev usecase masks = 0, out usecase_masks = 0, out usecase STREAM_PCM_NORMAL
10-12 16:36:23.287  2753  6139 I audio-subMixingFactory: ++++usecase_change_validate_l_sm(),continuous_audio_mode 0 dev usecase masks = 0, out usecase_masks = 0, out usecase STREAM_PCM_NORMAL
10-12 16:36:23.287  2753  6139 I audio-subMixingFactory: usecase_change_validate_l_sm(), mixer_aux_buffer_write_sm !
10-12 16:36:23.287  2753  6139 I audio-subMixingFactory: ----usecase_change_validate_l_sm(), continuous_audio_mode 0 dev usecase masks = 0x1, out usecase_masks = 0x1, out usecase STREAM_PCM_NORMAL
10-12 16:36:23.287  2753  6139 I aml_audio_port: get_input_port_index(), samplerate 48000
10-12 16:36:23.287  2753  6139 D aml_audio_port: new_input_port(), index:0, rbuf size:8192, direct_on:0
10-12 16:36:23.287  2753  6139 D aml_audio_port: new_input_port(), fmt 0x1, rate 48000
10-12 16:36:23.287  2753  6139 I amlaudioMixer: ++init_mixer_input_port port index 0, size 512 frames
10-12 16:36:23.287  2753  6139 I amlaudioMixer: init_mixer_input_port(), port->initial_frames: 11699200
10-12 16:36:23.287  2753  6139 I aml_audio_port: get_input_port_index(), samplerate 48000
10-12 16:36:23.287  2753  6139 I audio-subMixingFactory: mixer_aux_buffer_write_sm(), primary 0xec74aa00 port index = 0
10-12 16:36:23.287  2753  6139 I audio-subMixingFactory: padding_bytes 16384
10-12 16:36:23.287  2753  6139 I amlaudioMixer: port index 0 is active now
10-12 16:36:23.287  2753  6139 I audio-subMixingFactory: padding_bytes 14336
10-12 16:36:23.287  2753  6139 I audio-subMixingFactory: padding_bytes 12288
10-12 16:36:23.287  2753  6139 I audio-subMixingFactory: padding_bytes 10240
10-12 16:36:23.287  2753  6139 I audio-subMixingFactory: padding_bytes 8192
10-12 16:36:23.289  2753  6139 I audio-subMixingFactory: padding_bytes 6144
10-12 16:36:23.294  2753  6139 I audio-subMixingFactory: padding_bytes 4096
10-12 16:36:23.297  2753  6139 I audio-subMixingFactory: padding_bytes 2048
10-12 16:36:23.307  2753  6139 W amlaudioMixer: mixer_get_presentation_position(), not valid now
10-12 16:36:23.307  2753  6139 W audio-subMixingFactory: out_get_presentation_position_port(), pts not valid yet
10-12 16:36:23.317  2753  6139 W amlaudioMixer: mixer_get_presentation_position(), not valid now
10-12 16:36:23.318  2753  6139 W audio-subMixingFactory: out_get_presentation_position_port(), pts not valid yet
10-12 16:36:23.327  5742  5742 E YT.mlplayer: MedialibPlayer.stopVideo()
10-12 16:36:23.332  2773  2923 D AudioFlinger: mixer(0xef603280) throttle end: throttle time(7)
10-12 16:36:23.337  5742  5742 E YouTube : Null interactionLoggingScreen found when removeInteractionLoggingScreen.
10-12 16:36:23.391  5742  5742 W RecyclerView: No adapter attached; skipping layout
10-12 16:36:23.425  5742  5742 W YouTube : CsiAction [aqgc] already ticked ps_s. Ignored.
10-12 16:36:23.425  5742  5742 W YouTube : CsiAction [anbr] already ticked ps_s. Ignored.
10-12 16:36:23.425  5742  5742 W YouTube : CsiAction [aqgc] already ticked ogpd. Ignored.
10-12 16:36:23.425  5742  5742 W YouTube : CsiAction [anbr] already ticked ogpd. Ignored.
10-12 16:36:23.431  5742  5742 W RecyclerView: No adapter attached; skipping layout
10-12 16:36:23.444  5742  5742 E YouTube : Media progress reported outside media playback: PLAYBACK_PENDING
10-12 16:36:23.448  5742 25747 I OMXClient: IOmx service obtained
10-12 16:36:23.448  2800  2874 I OMXMaster: makeComponentInstance(OMX.amlogic.vp9.decoder.awesome) in omx@1.0-service process
10-12 16:36:23.448  2800  2874 D OmxComponentManagerImpl: support frame mode
10-12 16:36:23.448  2800  2874 D OmxComponentManagerImpl: format support multi-instance
10-12 16:36:23.448  2800  2874 D OmxComponentManagerImpl: getEntryByName_2_num=0, componentName:OMX.amlogic.vp9.decoder.awesome
10-12 16:36:23.449  2800  2874 V AmlogicVideoDecoderAwesome: AmlogicVideoDecoder:99 >
10-12 16:36:23.449  2800  2874 V AmlogicVideoDecoderAwesome: initializeState_l:1512 >
10-12 16:36:23.449  2800  2874 V AmlogicVideoDecoderAwesome: media.omx.latency is not set used def=1.000000
10-12 16:36:23.449  2800  2874 D AmlogicVideoDecoderAwesome: AmlogicVideoDecoder, mOmxInstancenum 1, mOmxInstanceID 19
10-12 16:36:23.449  2800  2874 W AmlSysfsUtil: [amsysfs_get_sysfs_str] /sys/module/am_vecm/parameters/dolby_vision_enable failed!
10-12 16:36:23.449  2800  2874 W AmlSysfsUtil: [amsysfs_get_sysfs_str] /sys/module/amdolby_vision/parameters/dolby_vision_enable failed!
10-12 16:36:23.449  2800  2874 D AmlogicVideoDecoderAwesome: mCheckDvesDone = 1
10-12 16:36:23.449  2800  2874 D AmlogicVideoDecoderAwesome: AmlogicVideoDecoderVp9 Ctor
10-12 16:36:23.449  2800  2874 D OmxVideoDecoder: drm use frame_mode
10-12 16:36:23.449  2800  2874 E OmxVideoDecoder: Load libsecmem failed
10-12 16:36:23.450  2800  2874 W OmxLogConf: Can not read property media.omx.log_levels, using 0
10-12 16:36:23.450  2800  2874 V AmlogicVideoDecoderAwesome: media.omx.out_buffer1 is not set used def=4
10-12 16:36:23.450  2800  2874 D OmxVideoDecoder: setInputCoding OMX.amlogic.vp9.decoder.awesome
10-12 16:36:23.450  2800  2874 D OmxVideoDecoder: mIsLinux49=1, major=4, minor=9
10-12 16:36:23.450  2800  2874 D OmxVideoDecoder: multi dec exist
10-12 16:36:23.450  2800  2874 D OmxVideoDecoder: Use frame mode for multidec.
10-12 16:36:23.450  2800  2874 D OmxVideoDecoder: Use min out buffer size
10-12 16:36:23.450  2800  2874 D OmxVideoDecoder: mMustOsdDisplay 0
10-12 16:36:23.450  2800  2874 D OMX-VENDOR-EXT: OMX.amlogic.vp9.decoder.awesome : Vendor extensions supported (6)
10-12 16:36:23.450  2800  2874 D OMX-VENDOR-EXT:    vendor.4k-osd{{ enable : Int32 },  }
10-12 16:36:23.450  2800  2874 D OMX-VENDOR-EXT:    vendor.is-mvc{{ enable : Int32 },  }
10-12 16:36:23.450  2800  2874 D OMX-VENDOR-EXT:    vendor.is-flv{{ nContainIndex : Int32 },  }
10-12 16:36:23.450  2800  2874 D OMX-VENDOR-EXT:    vendor.dvconfig-box{{ disable : Int32 },  }
10-12 16:36:23.450  2800  2874 D OMX-VENDOR-EXT:    vendor.profile-level{{ n-profile : Int32 },  { n-level : Int32 },  }
10-12 16:36:23.450  2800  2874 D OMX-VENDOR-EXT:    vendor.nrdp{{ video-peek-in-tunnel : Int32 },  }
10-12 16:36:23.450  2800  2874 D OmxComponentManagerImpl: IncreaseEntryNumByName pEntry->mNum=0, pEntry->mMaxNum:9,componentName:OMX.amlogic.vp9.decoder.awesome
10-12 16:36:23.450  2800  2874 I omx_core: OMX_getHandle_num=1
10-12 16:36:23.450  2800  2874 D OmxComponent: mApkName=media.codec
10-12 16:36:23.456  5742 25746 D SurfaceUtils: connecting to surface 0xc0cf4808, reason connectToSurface
10-12 16:36:23.456  5742 25746 I MediaCodec: [OMX.amlogic.vp9.decoder.awesome] setting surface generation to 5879812
10-12 16:36:23.456  5742 25746 D SurfaceUtils: disconnecting from surface 0xc0cf4808, reason connectToSurface(reconnect)
10-12 16:36:23.456  5742 25746 D SurfaceUtils: connecting to surface 0xc0cf4808, reason connectToSurface(reconnect)
10-12 16:36:23.457  5742 25747 I AmAVUtils: AmAVUtils::getComponentRole isEncoder :0 mime:video/x-vnd.on2.vp9 
10-12 16:36:23.457  5742 25747 V AVUtils : AVUtils::getComponentRole
10-12 16:36:23.457  2800  2874 D OmxVideoDecoder: setParameter 887 0x1000017
10-12 16:36:23.457  2800  2874 D OmxVideoDecoder: setInputCoding video_decoder.vp9
10-12 16:36:23.457  2800  2874 D OmxComponent: getExtensionIndex 1121 name="OMX.google.android.index.enableAndroidNativeBuffers"
10-12 16:36:23.457  2800  2874 D OmxVideoDecoder: setParameter 887 0x7f000000
10-12 16:36:23.457  2800  2874 V OmxVideoDecoder: setParameter 1353 EnableNativeBuffers 1
10-12 16:36:23.457  2800  2874 V OmxVideoDecoder: updatePort mUseNativeBuffers 1
10-12 16:36:23.457  2800  2874 D AmlogicVideoDecoderAwesome: get native buffer info NV:w:640,h:480..
10-12 16:36:23.457  2800  2874 V OmxVideoDecoder: updatePort:portDef.format.video.nFrameWidth=640,portDef.format.video.nFrameHeight=480
10-12 16:36:23.457  2800  2874 D OmxComponent: getExtensionIndex 1121 name="OMX.google.android.index.allocateNativeHandle"
10-12 16:36:23.457  2800  2874 D OmxVideoDecoder: setParameter 887 0x7f00000a
10-12 16:36:23.457  2800  2874 E OMXNodeInstance: setParameter(0xf4f5aab0:amlogic.vp9.decoder.awesome, OMX.google.android.index.allocateNativeHandle(0x7f00000a): Output:1 en=0) ERROR: UnsupportedSetting(0x80001019)
10-12 16:36:23.457  2800  2874 D OmxComponent: getExtensionIndex 1121 name="OMX.google.android.index.storeANWBufferInMetadata"
10-12 16:36:23.457  2800  2874 D OmxComponent: getExtensionIndex 1121 name="OMX.google.android.index.storeMetaDataInBuffers"
10-12 16:36:23.457  2800  2874 D OmxVideoDecoder: setParameter 887 0x7f000002
10-12 16:36:23.457  2800  2874 D OmxVideoDecoder: setParameter 1359 OMX_IndexAndroidStoreMetadataInBuffers
10-12 16:36:23.457  2800  2874 E OMXNodeInstance: setParameter(0xf4f5aab0:amlogic.vp9.decoder.awesome, OMX.google.android.index.storeMetaDataInBuffers(0x7f000002): Output:1 en=1 type=1) ERROR: BadPortIndex(0x8000101b)
10-12 16:36:23.457  5742 25747 E ACodec  : [OMX.amlogic.vp9.decoder.awesome] setPortMode on output to DynamicANWBuffer failed w/ err -2147483648
10-12 16:36:23.458  2800  2874 D OmxComponent: getExtensionIndex 1121 name="OMX.google.android.index.prepareForAdaptivePlayback"
10-12 16:36:23.458  2800  2874 D OmxVideoDecoder: setParameter 887 0x7f000004
10-12 16:36:23.458  2800  2874 D OmxVideoDecoder: setParameter 1373 OMX_IndexAndroidPrepareForAdaptivePlayback
10-12 16:36:23.458  2800  2874 D OmxVideoDecoder: AdaptivePlayback: max resolution is 854 * 480
10-12 16:36:23.458  2800  2874 D OmxComponent: getExtensionIndex 1121 name="OMX.google.android.index.allocateNativeHandle"
10-12 16:36:23.458  2800  2874 D OmxVideoDecoder: setParameter 887 0x7f00000a
10-12 16:36:23.458  2800  2874 E OMXNodeInstance: setParameter(0xf4f5aab0:amlogic.vp9.decoder.awesome, OMX.google.android.index.allocateNativeHandle(0x7f00000a): Output:1 en=0) ERROR: UnsupportedSetting(0x80001019)
10-12 16:36:23.458  2800  2874 D OmxComponent: getExtensionIndex 1121 name="OMX.google.android.index.enableAndroidNativeBuffers"
10-12 16:36:23.458  2800  2874 D OmxVideoDecoder: setParameter 887 0x7f000000
10-12 16:36:23.458  2800  2874 V OmxVideoDecoder: setParameter 1353 EnableNativeBuffers 1
10-12 16:36:23.458  2800  2874 V OmxVideoDecoder: updatePort mUseNativeBuffers 1
10-12 16:36:23.458  2800  2874 D AmlogicVideoDecoderAwesome: get native buffer info NV:w:640,h:480..
10-12 16:36:23.458  2800  2874 V OmxVideoDecoder: updatePort:portDef.format.video.nFrameWidth=640,portDef.format.video.nFrameHeight=480
10-12 16:36:23.458  2800  2874 D OmxComponent: getExtensionIndex 1121 name="OMX.google.android.index.storeANWBufferInMetadata"
10-12 16:36:23.458  2800  2874 D OmxComponent: getExtensionIndex 1121 name="OMX.google.android.index.storeMetaDataInBuffers"
10-12 16:36:23.458  2800  2874 D OmxVideoDecoder: setParameter 887 0x7f000002
10-12 16:36:23.458  2800  2874 D OmxVideoDecoder: setParameter 1359 OMX_IndexAndroidStoreMetadataInBuffers
10-12 16:36:23.458  2800  2874 E OMXNodeInstance: setParameter(0xf4f5aab0:amlogic.vp9.decoder.awesome, OMX.google.android.index.storeMetaDataInBuffers(0x7f000002): Output:1 en=0 type=1) ERROR: BadPortIndex(0x8000101b)
10-12 16:36:23.459  2800  2874 D OmxVideoDecoder: setParameter 887 0x6000001
10-12 16:36:23.459  2800  2874 D OmxVideoDecoder: setParameter nPortIndex 0 CompFmt 0xa ColorFmt 0
10-12 16:36:23.459  2800  2874 D OmxVideoDecoder: setParameter 887 0x6000001
10-12 16:36:23.459  2800  2874 D OmxVideoDecoder: setParameter nPortIndex 1 CompFmt 0 ColorFmt 0x11
10-12 16:36:23.459  2800  2874 D OmxVideoDecoder: setParameter 887 0x2000001
10-12 16:36:23.459  2800  2874 D OmxVideoDecoder: setParameter nPortIndex 0 nFrameWidth 854 nFrameHeight 480 nSliceHeight 16
10-12 16:36:23.459  2800  2874 V OmxVideoDecoder: updatePort mUseNativeBuffers 1
10-12 16:36:23.459  2800  2874 D AmlogicVideoDecoderAwesome: get native buffer info NV:w:640,h:480..
10-12 16:36:23.459  2800  2874 V OmxVideoDecoder: updatePort:portDef.format.video.nFrameWidth=640,portDef.format.video.nFrameHeight=480
10-12 16:36:23.459  2800  2874 D OmxVideoDecoder: setParameter 887 0x2000001
10-12 16:36:23.460  2800  2874 W OmxVideoDecoder: Can not read property media.omx.display_mode
10-12 16:36:23.460  2800  2874 D OmxVideoDecoder: update mAdaptiveMaxFrameWidth mAdaptiveMaxFrameHeight to 854 x 480
10-12 16:36:23.460  2800  2874 D OmxVideoDecoder: setParameter nPortIndex 1 nFrameWidth 864 nFrameHeight 480 nSliceHeight 480
10-12 16:36:23.460  2800  2874 V OmxVideoDecoder: updatePort mUseNativeBuffers 1
10-12 16:36:23.460  2800  2874 D AmlogicVideoDecoderAwesome: get native buffer info NV:w:864,h:480..
10-12 16:36:23.460  2800  2874 V OmxVideoDecoder: updatePort:portDef.format.video.nFrameWidth=864,portDef.format.video.nFrameHeight=480
10-12 16:36:23.460  2800  2874 D OmxComponent: getExtensionIndex 1121 name="OMX.google.android.index.describeColorAspects"
10-12 16:36:23.460  2800  2874 D OmxComponent: getExtensionIndex 1121 name="OMX.google.android.index.storeMetaDataInBuffers"
10-12 16:36:23.460  2800  2874 D OmxComponent: getExtensionIndex 1121 name="OMX.google.android.index.storeANWBufferInMetadata"
10-12 16:36:23.460  2800  2874 D OmxComponent: getExtensionIndex 1121 name="OMX.google.android.index.prepareForAdaptivePlayback"
10-12 16:36:23.460  2800  2874 D OmxComponent: getExtensionIndex 1121 name="OMX.google.android.index.configureVideoTunnelMode"
10-12 16:36:23.460  2800  2874 D OmxComponent: getExtensionIndex 1121 name="OMX.google.android.index.useAndroidNativeBuffer2"
10-12 16:36:23.460  2800  2874 D OmxComponent: getExtensionIndex 1121 name="OMX.google.android.index.useAndroidNativeBuffer"
10-12 16:36:23.460  2800  2874 D OmxComponent: getExtensionIndex 1121 name="OMX.google.android.index.enableAndroidNativeBuffers"
10-12 16:36:23.460  2800  2874 D OmxComponent: getExtensionIndex 1121 name="OMX.google.android.index.allocateNativeHandle"
10-12 16:36:23.460  2800  2874 D OmxComponent: getExtensionIndex 1121 name="OMX.google.android.index.getAndroidNativeBufferUsage"
10-12 16:36:23.460  2800  2874 D OmxVideoDecoder: setConfig 1803 0x7f00000c
10-12 16:36:23.460  2800  2874 D OmxVideoDecoder: [DSZ] updateFinalColorAspects# final color aspects[P:1; T:3; M:1; R:2]
10-12 16:36:23.460  2800  2874 D OmxComponent: getExtensionIndex 1121 name="OMX.google.android.index.describeHDRStaticInfo"
10-12 16:36:23.460  2800  2874 D OmxVideoDecoder: setConfig 1803 0x7f000009
10-12 16:36:23.460  2800  2874 D OmxVideoDecoder: HDRStaticInfo: R=0 0; G=0 0; B=0 0; W=0 0; MaxDisplayLuminance:0, MinDisplayLuminance=0, mMaxContentLightLevel=0, MaxContentLightLevel=0
10-12 16:36:23.460  2800  2874 D OmxVideoDecoder: HDRStaticInfo: all parmeter is 0, set mHasHDRStaticInfo to false
10-12 16:36:23.460  5742 25747 I AmAVUtils: AmAVUtils::isAudioExtendFormat input = video/x-vnd.on2.vp9
10-12 16:36:23.460  2800  2874 D OmxVideoDecoder: setConfig 1803 0x6f800002
10-12 16:36:23.460  2800  2874 V OmxVideoDecoder: setConfig 1905 nIndex 0x6f800002
10-12 16:36:23.460  2800  2874 D OmxComponent: setConfig 1114
10-12 16:36:23.460  2800  2874 E OMXNodeInstance: setConfig(0xf4f5aab0:amlogic.vp9.decoder.awesome, ConfigPriority(0x6f800002)) ERROR: UnsupportedIndex(0x8000101a)
10-12 16:36:23.461  5742 25747 I ACodec  : codec does not support config priority (err -1010)
10-12 16:36:23.461  2800  2874 E OMXNodeInstance: getParameter(0xf4f5aab0:amlogic.vp9.decoder.awesome, ParamVideoAndroidVp8Encoder(0x6f600007)) ERROR: UnsupportedIndex(0x8000101a)
10-12 16:36:23.461  2800  2874 D OmxVideoDecoder: getConfig 1701 0x6f100004
10-12 16:36:23.461  2800  2874 V OmxVideoDecoder: VendorExt: getConfig: index=0 (4k-osd)
10-12 16:36:23.461  2800  2874 D OmxVideoDecoder: getConfig 1701 0x6f100004
10-12 16:36:23.461  2800  2874 V OmxVideoDecoder: VendorExt: getConfig: index=1 (is-mvc)
10-12 16:36:23.462  2800  2874 D OmxVideoDecoder: getConfig 1701 0x6f100004
10-12 16:36:23.462  2800  2874 V OmxVideoDecoder: VendorExt: getConfig: index=2 (is-flv)
10-12 16:36:23.462  2800  2874 D OmxVideoDecoder: getConfig 1701 0x6f100004
10-12 16:36:23.462  2800  2874 V OmxVideoDecoder: VendorExt: getConfig: index=3 (dvconfig-box)
10-12 16:36:23.462  2800  2874 D OmxVideoDecoder: getConfig 1701 0x6f100004
10-12 16:36:23.462  2800  2874 V OmxVideoDecoder: VendorExt: getConfig: index=4 (profile-level)
10-12 16:36:23.462  2800  2874 D OmxVideoDecoder: getConfig 1701 0x6f100004
10-12 16:36:23.462  2800  2874 V OmxVideoDecoder: VendorExt: getConfig: index=4 (profile-level)
10-12 16:36:23.462  2800  2874 D OmxVideoDecoder: getConfig 1701 0x6f100004
10-12 16:36:23.462  2800  2874 V OmxVideoDecoder: VendorExt: getConfig: index=5 (nrdp)
10-12 16:36:23.463  2800  2874 D OmxVideoDecoder: getConfig 1701 0x6f100004
10-12 16:36:23.463  2800  2874 V OmxVideoDecoder: updatePort mUseNativeBuffers 1
10-12 16:36:23.463  2800  2874 D AmlogicVideoDecoderAwesome: get native buffer info NV:w:864,h:480..
10-12 16:36:23.463  2800  2874 V OmxVideoDecoder: updatePort:portDef.format.video.nFrameWidth=864,portDef.format.video.nFrameHeight=480
10-12 16:36:23.464  2800  2874 D OmxVideoDecoder: getConfig 1701 0x700000f
10-12 16:36:23.464  2800  2874 D OmxVideoDecoder: getConfig 1704 nIndex 0x700000f
10-12 16:36:23.464  2800  2874 D OmxVideoDecoder: getConfig OMX_IndexConfigCommonOutputCrop pRect->nWidth=864, pRect->nHeight=480
10-12 16:36:23.464  2800  2874 D OmxVideoDecoder: setConfig 1803 0x7f00000c
10-12 16:36:23.464  2800  2874 D OmxVideoDecoder: getConfig 1701 0x7f00000c
10-12 16:36:23.465  2800  2874 D OmxVideoDecoder: getConfig 1701 0x7f00000c
10-12 16:36:23.465  2800  2874 E OMXNodeInstance: getConfig(0xf4f5aab0:amlogic.vp9.decoder.awesome, ??(0x7f00000c)) ERROR: UnsupportedSetting(0x80001019)
10-12 16:36:23.465  2800  2874 D OmxVideoDecoder: getConfig 1701 0x7f000009
10-12 16:36:23.465  2800  2874 D OmxVideoDecoder: getConfig 1701 0x6f100004
10-12 16:36:23.465  2800  2874 V OmxVideoDecoder: VendorExt: getConfig: index=0 (4k-osd)
10-12 16:36:23.465  2800  2874 D OmxVideoDecoder: getConfig 1701 0x6f100004
10-12 16:36:23.465  2800  2874 V OmxVideoDecoder: VendorExt: getConfig: index=1 (is-mvc)
10-12 16:36:23.465  2800  2874 D OmxVideoDecoder: getConfig 1701 0x6f100004
10-12 16:36:23.465  2800  2874 V OmxVideoDecoder: VendorExt: getConfig: index=2 (is-flv)
10-12 16:36:23.465  2800  2874 D OmxVideoDecoder: getConfig 1701 0x6f100004
10-12 16:36:23.465  2800  2874 V OmxVideoDecoder: VendorExt: getConfig: index=3 (dvconfig-box)
10-12 16:36:23.466  2800  2874 D OmxVideoDecoder: getConfig 1701 0x6f100004
10-12 16:36:23.466  2800  2874 V OmxVideoDecoder: VendorExt: getConfig: index=4 (profile-level)
10-12 16:36:23.466  2800  2874 D OmxVideoDecoder: getConfig 1701 0x6f100004
10-12 16:36:23.466  2800  2874 V OmxVideoDecoder: VendorExt: getConfig: index=4 (profile-level)
10-12 16:36:23.466  2800  2874 D OmxVideoDecoder: getConfig 1701 0x6f100004
10-12 16:36:23.466  2800  2874 V OmxVideoDecoder: VendorExt: getConfig: index=5 (nrdp)
10-12 16:36:23.466  2800  2874 D OmxVideoDecoder: getConfig 1701 0x6f100004
10-12 16:36:23.467  2800 25748 I OmxComponent: OMX_CommandStateSet 738 Cmd 0 nParam1 0x2
10-12 16:36:23.467  2800 25748 I OmxComponent: STATE_SET:   OMX_StateLoaded => OMX_StateIdle : OMX.amlogic.vp9.decoder.awesome
10-12 16:36:23.467  2800 25748 I OmxComponent: STATE_TRANS: OMX_StateLoaded => OMX_StateIdle : OMX.amlogic.vp9.decoder.awesome
10-12 16:36:23.469  2752  2752 W AshmemAllocator: ashmem_create_region(1048576) returning hidl_memory(0xf3718180, 1048576)
10-12 16:36:23.469  2800 25748 I OmxComponent: STATE_TRANS: OMX_StateLoaded => OMX_StateIdle : OMX.amlogic.vp9.decoder.awesome
10-12 16:36:23.470  2752  2752 W AshmemAllocator: ashmem_create_region(1048576) returning hidl_memory(0xf3718180, 1048576)
10-12 16:36:23.470  2752  2752 W AshmemAllocator: ashmem_create_region(1048576) returning hidl_memory(0xf3718180, 1048576)
10-12 16:36:23.470  2800 25748 I OmxComponent: STATE_TRANS: OMX_StateLoaded => OMX_StateIdle : OMX.amlogic.vp9.decoder.awesome
10-12 16:36:23.470  2800  2800 V OmxVideoDecoder: updatePort mUseNativeBuffers 1
10-12 16:36:23.471  2800  2800 D AmlogicVideoDecoderAwesome: get native buffer info NV:w:864,h:480..
10-12 16:36:23.471  2800  2800 V OmxVideoDecoder: updatePort:portDef.format.video.nFrameWidth=864,portDef.format.video.nFrameHeight=480
10-12 16:36:23.471  2800  2800 V OmxVideoDecoder: updatePort mUseNativeBuffers 1
10-12 16:36:23.471  2800  2800 D AmlogicVideoDecoderAwesome: get native buffer info NV:w:864,h:480..
10-12 16:36:23.471  2800  2800 V OmxVideoDecoder: updatePort:portDef.format.video.nFrameWidth=864,portDef.format.video.nFrameHeight=480
10-12 16:36:23.471  2800  2874 D OmxComponent: getExtensionIndex 1121 name="OMX.google.android.index.AndroidNativeBufferConsumerUsage"
10-12 16:36:23.473  2800  2874 D OmxVideoDecoder: setParameter 887 0x7f00000b
10-12 16:36:23.473  2800  2874 D OmxVideoDecoder: OMX_GoogleAndroidIndexAndroidNativeBufferConsumerUsage 0x900
10-12 16:36:23.473  2800  2874 D OmxComponent: getExtensionIndex 1121 name="OMX.google.android.index.getAndroidNativeBufferUsage"
10-12 16:36:23.473  5742 25747 D SurfaceUtils: disconnecting from surface 0xc0cf4808, reason setNativeWindowSizeFormatAndUsage
10-12 16:36:23.473  5742 25747 D SurfaceUtils: connecting to surface 0xc0cf4808, reason setNativeWindowSizeFormatAndUsage
10-12 16:36:23.474  5742 25747 D SurfaceUtils: set up nativeWindow 0xc0cf4808 for 864x480, color 0x11, rotation 0, usage 0x402b00
10-12 16:36:23.474  2800  2874 D OmxVideoDecoder: setParameter 887 0x2000001
10-12 16:36:23.474  2800  2874 W OmxVideoDecoder: Can not read property media.omx.display_mode
10-12 16:36:23.474  2800  2874 D OmxVideoDecoder: update mAdaptiveMaxFrameWidth mAdaptiveMaxFrameHeight to 854 x 480
10-12 16:36:23.474  2800  2874 D OmxVideoDecoder: setParameter nPortIndex 1 nFrameWidth 864 nFrameHeight 480 nSliceHeight 480
10-12 16:36:23.474  2800  2874 V OmxVideoDecoder: updatePort mUseNativeBuffers 1
10-12 16:36:23.474  2800  2874 D AmlogicVideoDecoderAwesome: get native buffer info NV:w:864,h:480..
10-12 16:36:23.474  2800  2874 V OmxVideoDecoder: updatePort:portDef.format.video.nFrameWidth=864,portDef.format.video.nFrameHeight=480
10-12 16:36:23.475  2800 25748 I OmxComponent: STATE_TRANS: OMX_StateLoaded => OMX_StateIdle : OMX.amlogic.vp9.decoder.awesome
10-12 16:36:23.478  2775  2962 W         : buffer descriptor with invalid usage bits 0x2000
10-12 16:36:23.478  2763  2911 I [Gralloc]: framebuffer hal alread move to hwcomposer
10-12 16:36:23.483  2800  2874 D OmxComponent: getExtensionIndex 1121 name="OMX.google.android.index.useAndroidNativeBuffer2"
10-12 16:36:23.483  2800  2874 V OmxVideoDecoder: updatePort mUseNativeBuffers 1
10-12 16:36:23.483  2800  2874 D AmlogicVideoDecoderAwesome: get native buffer info NV:w:864,h:480..
10-12 16:36:23.484  2800  2874 V OmxVideoDecoder: updatePort:portDef.format.video.nFrameWidth=864,portDef.format.video.nFrameHeight=480
10-12 16:36:23.484  2775  2962 W         : buffer descriptor with invalid usage bits 0x2000
10-12 16:36:23.484  2763  2911 I [Gralloc]: framebuffer hal alread move to hwcomposer
10-12 16:36:23.498  2800 25748 I OmxComponent: STATE_TRANS: OMX_StateLoaded => OMX_StateIdle : OMX.amlogic.vp9.decoder.awesome
10-12 16:36:23.502  5742  5742 E YT.mlplayer: MedialibPlayer.loadVideo(cpn=7cFCVHyrSeB4l5Ux playWhenReady=true positionMs=0 playerEvents=[5] videoId=scrubbed mediaView=109428522(1,0,882,496) volume=1.0)
10-12 16:36:23.477  2775  2775 I Binder:2775_3: type=1400 audit(0.0:1086): avc: denied { read } for name="gralloc.odroidn2.so" dev="mmcblk0p12" ino=705 scontext=u:r:surfaceflinger:s0 tcontext=u:object_r:vendor_file:s0 tclass=file permissive=1
10-12 16:36:23.568  2800  2874 D OmxComponent: getExtensionIndex 1121 name="OMX.google.android.index.useAndroidNativeBuffer2"
10-12 16:36:23.568  2800  2874 V OmxVideoDecoder: updatePort mUseNativeBuffers 1
10-12 16:36:23.568  2800  2874 D AmlogicVideoDecoderAwesome: get native buffer info NV:w:864,h:480..
10-12 16:36:23.568  2800  2874 V OmxVideoDecoder: updatePort:portDef.format.video.nFrameWidth=864,portDef.format.video.nFrameHeight=480
10-12 16:36:23.568  2800 25748 I OmxComponent: STATE_TRANS: OMX_StateLoaded => OMX_StateIdle : OMX.amlogic.vp9.decoder.awesome
10-12 16:36:23.569  2775  2962 W         : buffer descriptor with invalid usage bits 0x2000
10-12 16:36:23.569  2763  2911 I [Gralloc]: framebuffer hal alread move to hwcomposer
10-12 16:36:23.573  2800  2874 D OmxComponent: getExtensionIndex 1121 name="OMX.google.android.index.useAndroidNativeBuffer2"
10-12 16:36:23.573  2800  2874 V OmxVideoDecoder: updatePort mUseNativeBuffers 1
10-12 16:36:23.573  2800  2874 D AmlogicVideoDecoderAwesome: get native buffer info NV:w:864,h:480..
10-12 16:36:23.573  2800  2874 V OmxVideoDecoder: updatePort:portDef.format.video.nFrameWidth=864,portDef.format.video.nFrameHeight=480
10-12 16:36:23.573  2800 25748 I OmxComponent: STATE_TRANS: OMX_StateLoaded => OMX_StateIdle : OMX.amlogic.vp9.decoder.awesome
10-12 16:36:23.573  2775  2962 W         : buffer descriptor with invalid usage bits 0x2000
10-12 16:36:23.573  2763  2911 I [Gralloc]: framebuffer hal alread move to hwcomposer
10-12 16:36:23.577  2800  2874 D OmxComponent: getExtensionIndex 1121 name="OMX.google.android.index.useAndroidNativeBuffer2"
10-12 16:36:23.577  2800  2874 V OmxVideoDecoder: updatePort mUseNativeBuffers 1
10-12 16:36:23.577  2800  2874 D AmlogicVideoDecoderAwesome: get native buffer info NV:w:864,h:480..
10-12 16:36:23.577  2800  2874 V OmxVideoDecoder: updatePort:portDef.format.video.nFrameWidth=864,portDef.format.video.nFrameHeight=480
10-12 16:36:23.577  2800 25748 I OmxComponent: STATE_TRANS: OMX_StateLoaded => OMX_StateIdle : OMX.amlogic.vp9.decoder.awesome
10-12 16:36:23.577  2775  2962 W         : buffer descriptor with invalid usage bits 0x2000
10-12 16:36:23.577  2763  2911 I [Gralloc]: framebuffer hal alread move to hwcomposer
10-12 16:36:23.582  2800  2874 D OmxComponent: getExtensionIndex 1121 name="OMX.google.android.index.useAndroidNativeBuffer2"
10-12 16:36:23.582  2800  2874 V OmxVideoDecoder: updatePort mUseNativeBuffers 1
10-12 16:36:23.582  2800  2874 D AmlogicVideoDecoderAwesome: get native buffer info NV:w:864,h:480..
10-12 16:36:23.582  2800  2874 V OmxVideoDecoder: updatePort:portDef.format.video.nFrameWidth=864,portDef.format.video.nFrameHeight=480
10-12 16:36:23.582  2800 25748 I OmxComponent: STATE_TRANS: OMX_StateLoaded => OMX_StateIdle : OMX.amlogic.vp9.decoder.awesome
10-12 16:36:23.582  2775  2817 W         : buffer descriptor with invalid usage bits 0x2000
10-12 16:36:23.582  2763  2911 I [Gralloc]: framebuffer hal alread move to hwcomposer
10-12 16:36:23.587  2800  2874 D OmxComponent: getExtensionIndex 1121 name="OMX.google.android.index.useAndroidNativeBuffer2"
10-12 16:36:23.587  2800  2874 V OmxVideoDecoder: updatePort mUseNativeBuffers 1
10-12 16:36:23.587  2800  2874 D AmlogicVideoDecoderAwesome: get native buffer info NV:w:864,h:480..
10-12 16:36:23.587  2800  2874 V OmxVideoDecoder: updatePort:portDef.format.video.nFrameWidth=864,portDef.format.video.nFrameHeight=480
10-12 16:36:23.587  2800 25748 I OmxComponent: STATE_TRANS: OMX_StateLoaded => OMX_StateIdle : OMX.amlogic.vp9.decoder.awesome
10-12 16:36:23.587  2775  2962 W         : buffer descriptor with invalid usage bits 0x2000
10-12 16:36:23.587  2763  2911 I [Gralloc]: framebuffer hal alread move to hwcomposer
10-12 16:36:23.597  2800  2874 D OmxComponent: getExtensionIndex 1121 name="OMX.google.android.index.useAndroidNativeBuffer2"
10-12 16:36:23.597  2800  2874 V OmxVideoDecoder: updatePort mUseNativeBuffers 1
10-12 16:36:23.597  2800  2874 D AmlogicVideoDecoderAwesome: get native buffer info NV:w:864,h:480..
10-12 16:36:23.597  2800  2874 V OmxVideoDecoder: updatePort:portDef.format.video.nFrameWidth=864,portDef.format.video.nFrameHeight=480
10-12 16:36:23.597  2800 25748 I OmxComponent: STATE_TRANS: OMX_StateLoaded => OMX_StateIdle : OMX.amlogic.vp9.decoder.awesome
10-12 16:36:23.597  2775  2962 W         : buffer descriptor with invalid usage bits 0x2000
10-12 16:36:23.598  2763  2911 I [Gralloc]: framebuffer hal alread move to hwcomposer
10-12 16:36:23.604  2800  2874 D OmxComponent: getExtensionIndex 1121 name="OMX.google.android.index.useAndroidNativeBuffer2"
10-12 16:36:23.604  2800  2874 V OmxVideoDecoder: updatePort mUseNativeBuffers 1
10-12 16:36:23.604  2800  2874 D AmlogicVideoDecoderAwesome: get native buffer info NV:w:864,h:480..
10-12 16:36:23.604  2800  2874 V OmxVideoDecoder: updatePort:portDef.format.video.nFrameWidth=864,portDef.format.video.nFrameHeight=480
10-12 16:36:23.604  2800 25748 I OmxComponent: STATE_TRANS: OMX_StateLoaded => OMX_StateIdle : OMX.amlogic.vp9.decoder.awesome
10-12 16:36:23.604  2800 25748 V AmlogicVideoDecoderAwesome: acquireResources:360 >
10-12 16:36:23.604  2800 25748 D AmlogicVideoDecoderAwesome: setUp mVideoDisplay =0, mDisplayMode=0
10-12 16:36:23.604  2800 25748 D AmlogicVideoDecoderAwesome: mMaxFrameWidth 864, mMaxFrameHeight 480
10-12 16:36:23.604  2800 25748 I AmlogicVideoDecoderAwesome: video layer mKeepLastFrame 1
10-12 16:36:23.604  2800 25748 V AmlogicVideoDecoderAwesome: enable osd or video ...-185227008
10-12 16:36:23.604  2800 25748 V AmlogicVideoDecoderAwesome: media.omx.buffermargin is not set used def=0
10-12 16:36:23.604  2800 25748 D AmlogicVideoDecoderAwesome: mDoubleWriteMode 1
10-12 16:36:23.604  2800 25748 V debugSetup: media.omx.dumpRecv is disabled
10-12 16:36:23.604  2800 25748 V debugSetup: media.omx.dumpCodec is disabled
10-12 16:36:23.604  2800 25748 V AmlogicVideoDecoderAwesome: *Input Frame Rate is 0..
10-12 16:36:23.604  2800 25748 V AmlogicVideoDecoderAwesome: videoDefine.xFramerate:0  
10-12 16:36:23.604  2800 25748 V AmlogicVideoDecoderAwesome: mVideoType:10
10-12 16:36:23.604  2800 25748 D AmlogicVideoDecoderAwesome: decoder_type = 1
10-12 16:36:23.604  2800 25748 D AmlogicVideoDecoderAwesome: AmlogicVideoDecoder::setUp, mUseFrameMode 1, video_path 0
10-12 16:36:23.604  2800 25748 D AmlogicVideoDecoderAwesome: alloc ION Video device instance ID:0
10-12 16:36:23.604  2800 25748 D AmlogicVideoDecoderAwesome: mAmlCodecParam->config=vp9_buf_width:1920;vp9_buf_height:1088;vp9_double_write_mode:1;vp9_max_pic_w:864;vp9_max_pic_h:480;save_buffer_mode:0;
10-12 16:36:23.604  2800 25748 D AmlogicVideoDecoderAwesome: mAmlCodecParam->config_len=119
10-12 16:36:23.604  2800 25748 D AmlogicVideoDecoderAwesome: codecInit
10-12 16:36:23.631  5742  5926 W YT.mediacache: Unable to sniff ChunkIndex extractor [CONTEXT ratelimit_period="5000 MILLISECONDS [skipped: 2]" ]
10-12 16:36:23.477  2775  2775 I Binder:2775_3: type=1400 audit(0.0:1088): avc: denied { getattr } for path="/vendor/lib/hw/gralloc.odroidn2.so" dev="mmcblk0p12" ino=705 scontext=u:r:surfaceflinger:s0 tcontext=u:object_r:vendor_file:s0 tclass=file permissive=1
