10-12 16:36:54.730  2800  2874 D OmxVideoDecoder: setConfig 1803 0x7f00000c
10-12 16:36:54.730  2800  2874 D OmxVideoDecoder: getConfig 1701 0x7f00000c
10-12 16:36:54.731  2800  2874 D OmxVideoDecoder: getConfig 1701 0x7f00000c
10-12 16:36:54.731  2800  2874 E OMXNodeInstance: getConfig(0xf5387db0:amlogic.vp9.decoder.awesome, ??(0x7f00000c)) ERROR: UnsupportedSetting(0x80001019)
10-12 16:36:54.731  2800 26185 D AmlogicVideoDecoderAwesome: mFirstInputTime = 3616697, mFirstOutputTime=3616707, delay= 10ms
10-12 16:36:54.731  2800  2874 D OmxVideoDecoder: getConfig 1701 0x7f000009
10-12 16:36:54.731  2800  2874 D OmxVideoDecoder: getConfig 1701 0x6f100004
10-12 16:36:54.731  2800  2874 V OmxVideoDecoder: VendorExt: getConfig: index=0 (4k-osd)
10-12 16:36:54.732  2800  2874 D OmxVideoDecoder: getConfig 1701 0x6f100004
10-12 16:36:54.732  2800  2874 V OmxVideoDecoder: VendorExt: getConfig: index=1 (is-mvc)
10-12 16:36:54.732  2800  2874 D OmxVideoDecoder: getConfig 1701 0x6f100004
10-12 16:36:54.732  2800  2874 V OmxVideoDecoder: VendorExt: getConfig: index=2 (is-flv)
10-12 16:36:54.732  2800  2874 D OmxVideoDecoder: getConfig 1701 0x6f100004
10-12 16:36:54.732  2800  2874 V OmxVideoDecoder: VendorExt: getConfig: index=3 (dvconfig-box)
10-12 16:36:54.732  2800  2874 D OmxVideoDecoder: getConfig 1701 0x6f100004
10-12 16:36:54.732  2800  2874 V OmxVideoDecoder: VendorExt: getConfig: index=4 (profile-level)
10-12 16:36:54.732  2800  2874 D OmxVideoDecoder: getConfig 1701 0x6f100004
10-12 16:36:54.733  2800  2874 V OmxVideoDecoder: VendorExt: getConfig: index=4 (profile-level)
10-12 16:36:54.733  2800  2874 D OmxVideoDecoder: getConfig 1701 0x6f100004
10-12 16:36:54.733  2800  2874 V OmxVideoDecoder: VendorExt: getConfig: index=5 (nrdp)
10-12 16:36:54.733  2800  2874 D OmxVideoDecoder: getConfig 1701 0x6f100004
10-12 16:36:54.743  2800  2874 D AmlogicVideoDecoderAwesome: memset outputbuffer index=4, size 622080
10-12 16:36:54.767  5742  5742 V MediaRouter: onRestoreRoute() : route=RouteInfo{ name=HDMI, description=null, status=null, category=RouteCategory{ name=System types=ROUTE_TYPE_LIVE_AUDIO ROUTE_TYPE_LIVE_VIDEO  groupable=false }, supportedTypes=ROUTE_TYPE_LIVE_AUDIO ROUTE_TYPE_LIVE_VIDEO , presentationDisplay=null }
10-12 16:36:54.767  5742  5742 V MediaRouter: Selecting route: RouteInfo{ name=HDMI, description=null, status=null, category=RouteCategory{ name=System types=ROUTE_TYPE_LIVE_AUDIO ROUTE_TYPE_LIVE_VIDEO  groupable=false }, supportedTypes=ROUTE_TYPE_LIVE_AUDIO ROUTE_TYPE_LIVE_VIDEO , presentationDisplay=null }
10-12 16:36:54.796  2800  2800 D AmlogicVideoDecoderAwesome: memset outputbuffer index=5, size 622080
10-12 16:36:54.804  2800  2800 D AmlogicVideoDecoderAwesome: memset outputbuffer index=6, size 622080
10-12 16:36:54.824  2800  2800 D AmlogicVideoDecoderAwesome: memset outputbuffer index=7, size 622080
10-12 16:36:57.913 16067 16067 I Binder:16067_3: type=1400 audit(0.0:1109): avc: denied { open } for path="/sys/devices/virtual/android_usb/android0/state" dev="sysfs" ino=21483 scontext=u:r:priv_app:s0:c512,c768 tcontext=u:object_r:sysfs_android_usb:s0 tclass=file permissive=1
10-12 16:36:58.741  5742  5926 W YT.mediacache: Unable to sniff ChunkIndex extractor [CONTEXT ratelimit_period="5000 MILLISECONDS [skipped: 9]" ]
10-12 16:37:01.432  3923  3923 D skia    : --- Failed to create image decoder with message 'unimplemented'
10-12 16:37:01.445  3923  3923 D skia    : --- Failed to create image decoder with message 'unimplemented'
10-12 16:37:01.437  3923  3923 I tutu.ABenchMark: type=1400 audit(0.0:1110): avc: denied { open } for path="/proc/stat" dev="proc" ino=4026531957 scontext=u:r:untrusted_app_27:s0:c512,c768 tcontext=u:object_r:proc_stat:s0 tclass=file permissive=1
10-12 16:37:01.519  2773  2923 D AudioFlinger: mixer(0xef603280) throttle end: throttle time(17)
10-12 16:37:01.437  3923  3923 I tutu.ABenchMark: type=1400 audit(0.0:1111): avc: denied { getattr } for path="/proc/stat" dev="proc" ino=4026531957 scontext=u:r:untrusted_app_27:s0:c512,c768 tcontext=u:object_r:proc_stat:s0 tclass=file permissive=1
10-12 16:37:01.441  3923  3923 I tutu.ABenchMark: type=1400 audit(0.0:1112): avc: denied { read } for name="temp" dev="sysfs" ino=8951 scontext=u:r:untrusted_app_27:s0:c512,c768 tcontext=u:object_r:sysfs:s0 tclass=file permissive=1
10-12 16:37:01.477  3923  3923 I tutu.ABenchMark: type=1400 audit(0.0:1115): avc: denied { open } for path="/proc/vmstat" dev="proc" ino=4026531993 scontext=u:r:untrusted_app_27:s0:c512,c768 tcontext=u:object_r:proc_vmstat:s0 tclass=file permissive=1
10-12 16:37:04.029  2767  2767 I memtrack@1.0-se: type=1400 audit(0.0:1117): avc: denied { read } for name="mem_profile" dev="debugfs" ino=3053 scontext=u:r:hal_memtrack_default:s0 tcontext=u:object_r:debugfs:s0 tclass=file permissive=1
10-12 16:37:04.719  5742  5926 W YT.mediacache: Unable to sniff ChunkIndex extractor [CONTEXT ratelimit_period="5000 MILLISECONDS [skipped: 3]" ]
10-12 16:37:09.803 26386 26386 I Zygote  : seccomp disabled by setenforce 0
10-12 16:37:09.804  2965  2982 I ActivityManager: Start proc 26386:com.google.android.partnersetup/u0a68 for service com.google.android.partnersetup/.InstalledAppJobService
10-12 16:37:09.808 26386 26386 W id.partnersetu: Using default instruction set features for ARM CPU variant (cortex-a9) using conservative defaults
10-12 16:37:09.827  3502 26384 E WorkSourceUtil: Could not find package: com.google.android.gms.westworld
10-12 16:37:09.862 26386 26386 W id.partnersetu: JIT profile information will not be recorded: profile file does not exits.
10-12 16:37:09.867  3502  8840 I NetworkScheduler.Stats: Task com.google.android.gms/com.google.android.gms.icing.service.IcingGcmTaskService started execution. cause:4 exec_start_elapsed_seconds: 3631 [CONTEXT service_id=218 ]
10-12 16:37:09.875  3502  8841 I NetworkScheduler.Stats: Task com.google.android.gms/com.google.android.gms.icing.service.IcingGcmTaskService finished executing. cause:4 result: 1 elapsed_millis: 34 uptime_millis: 34 exec_start_elapsed_seconds: 3631 [CONTEXT service_id=218 ]
10-12 16:37:09.880  3612 18565 I Icing   : Indexing com.google.android.youtube-internal.3p:VideoObject from com.google.android.youtube using seqno 0
10-12 16:37:09.885  3612 18565 I Icing   : Indexing com.google.android.youtube-internal.3p:VideoObject from com.google.android.youtube using seqno 0
10-12 16:37:10.395  5742  5926 W YT.mediacache: Unable to sniff ChunkIndex extractor [CONTEXT ratelimit_period="5000 MILLISECONDS [skipped: 8]" ]
10-12 16:37:11.097  5742  5742 W View    : requestLayout() improperly called by android.widget.FrameLayout{4cd7e30 V.E...... ......I. 0,61-1360,675 #7f0b09f8 app:id/pane_fragment_container} during layout: running second layout pass
10-12 16:37:11.448  3923  3923 D skia    : --- Failed to create image decoder with message 'unimplemented'
10-12 16:37:11.450  2965  4723 D ConnectivityService: requestNetwork for uid/pid:10023/5742 NetworkRequest [ TRACK_DEFAULT id=203, [ Capabilities: INTERNET&NOT_RESTRICTED&TRUSTED Unwanted:  Uid: 10023] ]
10-12 16:37:11.451  2965  3053 D WIFI    : got request NetworkRequest [ TRACK_DEFAULT id=203, [ Capabilities: INTERNET&NOT_RESTRICTED&TRUSTED Unwanted:  Uid: 10023] ] with score 70
10-12 16:37:11.451  2965  3053 D WIFI_UT : got request NetworkRequest [ TRACK_DEFAULT id=203, [ Capabilities: INTERNET&NOT_RESTRICTED&TRUSTED Unwanted:  Uid: 10023] ] with score 70
10-12 16:37:11.451  2965  3077 D Ethernet: got request NetworkRequest [ TRACK_DEFAULT id=203, [ Capabilities: INTERNET&NOT_RESTRICTED&TRUSTED Unwanted:  Uid: 10023] ] with score 70
10-12 16:37:11.455  3184  3184 D PhoneSwitcherNetworkRequstListener: got request NetworkRequest [ TRACK_DEFAULT id=203, [ Capabilities: INTERNET&NOT_RESTRICTED&TRUSTED Unwanted:  Uid: 10023] ] with score 70
10-12 16:37:11.465  2965  2980 E NotificationService: Suppressing notification from package by user request.
10-12 16:37:11.472  3923  3923 D skia    : --- Failed to create image decoder with message 'unimplemented'
10-12 16:37:11.476  2965  3055 D ConnectivityService: releasing NetworkRequest [ TRACK_DEFAULT id=203, [ Capabilities: INTERNET&NOT_RESTRICTED&TRUSTED Unwanted:  Uid: 10023] ] (release request)
10-12 16:37:11.461  3923  3923 I tutu.ABenchMark: type=1400 audit(0.0:1120): avc: denied { open } for path="/proc/stat" dev="proc" ino=4026531957 scontext=u:r:untrusted_app_27:s0:c512,c768 tcontext=u:object_r:proc_stat:s0 tclass=file permissive=1
10-12 16:37:11.465  3923  3923 I tutu.ABenchMark: type=1400 audit(0.0:1121): avc: denied { getattr } for path="/proc/stat" dev="proc" ino=4026531957 scontext=u:r:untrusted_app_27:s0:c512,c768 tcontext=u:object_r:proc_stat:s0 tclass=file permissive=1
10-12 16:37:11.597  5742  5742 D InputEventConsistencyVerifier: GenericMotionEvent: Action button for ACTION_BUTTON_RELEASE event is 1, but it was either never pressed or has already been released.
10-12 16:37:11.597  5742  5742 D InputEventConsistencyVerifier:   in android.widget.LinearLayout{2e5655c V.E...... ........ 0,614-1360,675 #7f0b01b9 app:id/bottom_bar_container}
10-12 16:37:11.597  5742  5742 D InputEventConsistencyVerifier:   0: sent at 3633572128000, MotionEvent { action=ACTION_BUTTON_RELEASE, actionButton=BUTTON_PRIMARY, id[0]=0, x[0]=1036.8994, y[0]=39.107666, toolType[0]=TOOL_TYPE_MOUSE, buttonState=0, metaState=0, flags=0x0, edgeFlags=0x0, pointerCount=1, historySize=0, eventTime=3633572, downTime=3632948, deviceId=4, source=0x2002 }
10-12 16:37:13.664  2965  2986 D AutofillManagerService: Close system dialogs
10-12 16:37:13.666  3123  3123 V StatusBar: mStatusBarWindow: com.android.systemui.statusbar.phone.StatusBarWindowView{b0a4d8f V.ED..... ........ 0,0-1360,31} canPanelBeCollapsed(): false
10-12 16:37:13.667  3123  3123 I vol.Events: writeEvent dismiss_dialog volume_controller
10-12 16:37:13.674  2965  3745 I ActivityManager: START u0 {act=android.intent.action.MAIN cat=[android.intent.category.HOME] flg=0x10000000 cmp=com.android.launcher3/.Launcher (has extras)} from uid 10024
10-12 16:37:13.686  2965  3745 W WindowManager: Ignoring move of always-on-top stack=com.android.server.wm.DisplayContent$TaskStackContainers@513dff7 to bottom
10-12 16:37:13.722  2763  2911 I [Gralloc]: framebuffer hal alread move to hwcomposer
10-12 16:37:13.730  2763  2910 I [Gralloc]: framebuffer hal alread move to hwcomposer
10-12 16:37:13.758  2763  2910 I [Gralloc]: framebuffer hal alread move to hwcomposer
10-12 16:37:13.725  2775  2775 I Binder:2775_4: type=1400 audit(0.0:1122): avc: denied { read } for name="gralloc.odroidn2.so" dev="mmcblk0p12" ino=705 scontext=u:r:surfaceflinger:s0 tcontext=u:object_r:vendor_file:s0 tclass=file permissive=1
10-12 16:37:13.782  3544  3734 D mali_winsys: EGLint new_window_surface(egl_winsys_display *, void *, EGLSurface, EGLConfig, egl_winsys_surface **, EGLBoolean) returns 0x3000
10-12 16:37:13.806  2773  2923 D AudioFlinger: mixer(0xef603280) throttle end: throttle time(12)
10-12 16:37:13.810  2763  2910 I [Gralloc]: framebuffer hal alread move to hwcomposer
10-12 16:37:13.725  2775  2775 I Binder:2775_4: type=1400 audit(0.0:1123): avc: denied { open } for path="/vendor/lib/hw/gralloc.odroidn2.so" dev="mmcblk0p12" ino=705 scontext=u:r:surfaceflinger:s0 tcontext=u:object_r:vendor_file:s0 tclass=file permissive=1
10-12 16:37:13.870  2773  2923 D AudioFlinger: mixer(0xef603280) throttle end: throttle time(6)
10-12 16:37:13.725  2775  2775 I Binder:2775_4: type=1400 audit(0.0:1124): avc: denied { getattr } for path="/vendor/lib/hw/gralloc.odroidn2.so" dev="mmcblk0p12" ino=705 scontext=u:r:surfaceflinger:s0 tcontext=u:object_r:vendor_file:s0 tclass=file permissive=1
10-12 16:37:13.813  3544  3544 I RenderThread: type=1400 audit(0.0:1125): avc: denied { read } for name="gralloc.odroidn2.so" dev="mmcblk0p12" ino=705 scontext=u:r:priv_app:s0:c512,c768 tcontext=u:object_r:vendor_file:s0 tclass=file permissive=1
10-12 16:37:13.813  3544  3544 I RenderThread: type=1400 audit(0.0:1126): avc: denied { open } for path="/vendor/lib/hw/gralloc.odroidn2.so" dev="mmcblk0p12" ino=705 scontext=u:r:priv_app:s0:c512,c768 tcontext=u:object_r:vendor_file:s0 tclass=file permissive=1
10-12 16:37:13.689  2965  3745 W WindowManager: Ignoring move of always-on-top stack=com.android.server.wm.DisplayContent$TaskStackContainers@513dff7 to bottom
10-12 16:37:13.993  2965  3745 D ConnectivityService: requestNetwork for uid/pid:10023/5742 NetworkRequest [ TRACK_DEFAULT id=204, [ Capabilities: INTERNET&NOT_RESTRICTED&TRUSTED Unwanted:  Uid: 10023] ]
10-12 16:37:13.993  3184  3184 D PhoneSwitcherNetworkRequstListener: got request NetworkRequest [ TRACK_DEFAULT id=204, [ Capabilities: INTERNET&NOT_RESTRICTED&TRUSTED Unwanted:  Uid: 10023] ] with score 70
10-12 16:37:13.994  2965  3053 D WIFI    : got request NetworkRequest [ TRACK_DEFAULT id=204, [ Capabilities: INTERNET&NOT_RESTRICTED&TRUSTED Unwanted:  Uid: 10023] ] with score 70
10-12 16:37:13.994  2965  3053 D WIFI_UT : got request NetworkRequest [ TRACK_DEFAULT id=204, [ Capabilities: INTERNET&NOT_RESTRICTED&TRUSTED Unwanted:  Uid: 10023] ] with score 70
10-12 16:37:13.994  2965  3077 D Ethernet: got request NetworkRequest [ TRACK_DEFAULT id=204, [ Capabilities: INTERNET&NOT_RESTRICTED&TRUSTED Unwanted:  Uid: 10023] ] with score 70
10-12 16:37:14.001  5742  5742 W YT.MDX.DiscoveryControl: cancelDiscoveryRequest ignored requester aiah@adf0e5c
10-12 16:37:14.012  2965  3055 D ConnectivityService: releasing NetworkRequest [ TRACK_DEFAULT id=204, [ Capabilities: INTERNET&NOT_RESTRICTED&TRUSTED Unwanted:  Uid: 10023] ] (release request)
10-12 16:37:14.002  5742  5742 W YT.MDX.DiscoveryControl: cancelDiscoveryRequest ignored requester aiah@adf0e5c
10-12 16:37:14.064  2763  2910 I [Gralloc]: framebuffer hal alread move to hwcomposer
10-12 16:37:14.279  2965  3745 I ActivityManager: START u0 {cmp=com.android.systemui/.pip.phone.PipMenuActivity (has extras)} from uid 10018
10-12 16:37:14.280  2965  3745 W ActivityManager: startActivity called from non-Activity context; forcing Intent.FLAG_ACTIVITY_NEW_TASK for: Intent { flg=0x800000 cmp=com.android.systemui/.pip.phone.PipMenuActivity (has extras) }
10-12 16:37:14.282  2965  3745 W WindowManager: Ignoring move of always-on-top stack=com.android.server.wm.DisplayContent$TaskStackContainers@513dff7 to bottom
10-12 16:37:14.292  3123  3123 W ActivityThread: handleWindowVisibility: no activity for token android.os.BinderProxy@cba444b
10-12 16:37:14.337  2763  2910 I [Gralloc]: framebuffer hal alread move to hwcomposer
10-12 16:37:14.342  2763  2910 I chatty  : uid=1000(system) HwBinder:2763_1 identical 1 line
10-12 16:37:14.345  2763  2910 I [Gralloc]: framebuffer hal alread move to hwcomposer
10-12 16:37:14.349  3123  3407 D mali_winsys: EGLint new_window_surface(egl_winsys_display *, void *, EGLSurface, EGLConfig, egl_winsys_surface **, EGLBoolean) returns 0x3000
10-12 16:37:14.354  2763  2910 I [Gralloc]: framebuffer hal alread move to hwcomposer
10-12 16:37:14.372  2965  2988 I ActivityManager: Displayed com.android.systemui/.pip.phone.PipMenuActivity: +78ms
10-12 16:37:14.380  2763  2910 I [Gralloc]: framebuffer hal alread move to hwcomposer
10-12 16:37:14.390  2763  2910 I [Gralloc]: framebuffer hal alread move to hwcomposer
10-12 16:37:14.481  2775  2817 E BufferQueueProducer: [com.google.android.youtube/com.google.android.apps.youtube.app.WatchWhileActivity#0] disconnect: not connected (req=1)
10-12 16:37:14.481  5742 15808 W libEGL  : EGLNativeWindowType 0xcb9c4808 disconnect failed
10-12 16:37:14.482  5742 15808 D mali_winsys: EGLint new_window_surface(egl_winsys_display *, void *, EGLSurface, EGLConfig, egl_winsys_surface **, EGLBoolean) returns 0x3000
10-12 16:37:14.492  2763  2910 I [Gralloc]: framebuffer hal alread move to hwcomposer
10-12 16:37:14.509  2763  2910 I [Gralloc]: framebuffer hal alread move to hwcomposer
10-12 16:37:14.516  2965  2975 I system_server: Background concurrent copying GC freed 185003(7MB) AllocSpace objects, 11(564KB) LOS objects, 42% free, 12MB/21MB, paused 590us total 137.338ms
10-12 16:37:14.585  5742  5753 I android.youtub: Background concurrent copying GC freed 228842(13MB) AllocSpace objects, 106(4MB) LOS objects, 40% free, 35MB/59MB, paused 610us total 219.876ms
10-12 16:37:14.604  5742  5751 W System  : A resource failed to call end. 
10-12 16:37:14.605  5742  5751 W System  : A resource failed to call end. 
10-12 16:37:15.100  3123  3123 D InputEventConsistencyVerifier: GenericMotionEvent: Action button for ACTION_BUTTON_PRESS event is 1, but it has already been pressed and has yet to be released.
10-12 16:37:15.100  3123  3123 D InputEventConsistencyVerifier:   in com.android.systemui.statusbar.policy.KeyButtonView{6efdf6e VFED..CL. ...P..ID 567,0-774,61 #7f0a015a app:id/home}
10-12 16:37:15.100  3123  3123 D InputEventConsistencyVerifier:   0: sent at 3637072122000, MotionEvent { action=ACTION_BUTTON_PRESS, actionButton=BUTTON_PRIMARY, id[0]=0, x[0]=44.30481, y[0]=54.25934, toolType[0]=TOOL_TYPE_MOUSE, buttonState=BUTTON_PRIMARY, metaState=0, flags=0x0, edgeFlags=0x0, pointerCount=1, historySize=0, eventTime=3637072, downTime=3637072, deviceId=4, source=0x2002 }
10-12 16:37:15.100  3123  3123 D InputEventConsistencyVerifier:   -- recent events --
10-12 16:37:15.100  3123  3123 D InputEventConsistencyVerifier:   1: sent at 3637072122000, MotionEvent { action=ACTION_DOWN, actionButton=0, id[0]=0, x[0]=44.30481, y[0]=54.25934, toolType[0]=TOOL_TYPE_MOUSE, buttonState=BUTTON_PRIMARY, metaState=0, flags=0x0, edgeFlags=0x0, pointerCount=1, historySize=0, eventTime=3637072, downTime=3637072, deviceId=4, source=0x2002 }
10-12 16:37:15.100  3123  3123 D InputEventConsistencyVerifier:   2: sent at 3637072122000, (unhandled) MotionEvent { action=ACTION_HOVER_EXIT, actionButton=0, id[0]=0, x[0]=44.30481, y[0]=54.25934, toolType[0]=TOOL_TYPE_MOUSE, buttonState=BUTTON_PRIMARY, metaState=0, flags=0x0, edgeFlags=0x0, pointerCount=1, historySize=0, eventTime=3637072, downTime=3637072, deviceId=4, source=0x2002 }
10-12 16:37:15.100  3123  3123 D InputEventConsistencyVerifier:   3: sent at 3637064129000, (unhandled) MotionEvent { action=ACTION_HOVER_MOVE, actionButton=0, id[0]=0, x[0]=44.30481, y[0]=54.25934, toolType[0]=TOOL_TYPE_MOUSE, buttonState=0, metaState=0, flags=0x0, edgeFlags=0x0, pointerCount=1, historySize=1, eventTime=3637064, downTime=3635524, deviceId=4, source=0x2002 }
10-12 16:37:15.100  3123  3123 D InputEventConsistencyVerifier:   4: sent at 3637048119000, (unhandled) MotionEvent { action=ACTION_HOVER_MOVE, actionButton=0, id[0]=0, x[0]=47.30481, y[0]=53.25934, toolType[0]=TOOL_TYPE_MOUSE, buttonState=0, metaState=0, flags=0x0, edgeFlags=0x0, pointerCount=1, historySize=1, eventTime=3637048, downTime=3635524, deviceId=4, source=0x2002 }
10-12 16:37:15.100  3123  3123 D InputEventConsistencyVerifier:   5: sent at 3637032120000, (unhandled) MotionEvent { action=ACTION_HOVER_MOVE, actionButton=0, id[0]=0, x[0]=52.30481, y[0]=50.25934, toolType[0]=TOOL_TYPE_MOUSE, buttonState=0, metaState=0, flags=0x0, edgeFlags=0x0, pointerCount=1, historySize=1, eventTime=3637032, downTime=3635524, deviceId=4, source=0x2002 }
10-12 16:37:14.284  2965  3745 W WindowManager: Ignoring move of always-on-top stack=com.android.server.wm.DisplayContent$TaskStackContainers@513dff7 to bottom
10-12 16:37:15.213  2965  2986 D AutofillManagerService: Close system dialogs
10-12 16:37:15.215  2965  3041 I ActivityManager: START u0 {act=android.intent.action.MAIN cat=[android.intent.category.HOME] flg=0x10200000 cmp=com.android.launcher3/.Launcher (has extras)} from uid 1000
10-12 16:37:15.221  3123  3123 I vol.Events: writeEvent dismiss_dialog volume_controller
10-12 16:37:15.221  3123  3123 V StatusBar: mStatusBarWindow: com.android.systemui.statusbar.phone.StatusBarWindowView{b0a4d8f V.ED..... ........ 0,0-1360,31} canPanelBeCollapsed(): false
10-12 16:37:15.243  2763  2910 I [Gralloc]: framebuffer hal alread move to hwcomposer
10-12 16:37:15.324  2965  3071 W HdmiCecController: Failed to send <Text View On> src: 4, dst: 0 with errorCode=1
10-12 16:37:15.399  2775  3039 E BufferQueueProducer: [com.android.systemui/com.android.systemui.pip.phone.PipMenuActivity#0] disconnect: not connected (req=1)
10-12 16:37:15.399  3123  3407 W libEGL  : EGLNativeWindowType 0xcbb2f808 disconnect failed
10-12 16:37:15.543  2775  2817 W SurfaceFlinger: Attempting to set client state on removed layer: com.android.systemui/com.android.systemui.pip.phone.PipMenuActivity#0
10-12 16:37:15.543  2775  2817 W SurfaceFlinger: Attempting to destroy on removed layer: com.android.systemui/com.android.systemui.pip.phone.PipMenuActivity#0
10-12 16:37:15.544  2775  3039 W SurfaceFlinger: Attempting to set client state on removed layer: Surface(name=AppWindowToken{280fc01 token=Token{b68fde8 ActivityRecord{a9fcb0b u0 com.android.systemui/.pip.phone.PipMenuActivity t28}}})/@0x73fe771 - animation-leash#0
10-12 16:37:15.544  2775  3039 W SurfaceFlinger: Attempting to destroy on removed layer: Surface(name=AppWindowToken{280fc01 token=Token{b68fde8 ActivityRecord{a9fcb0b u0 com.android.systemui/.pip.phone.PipMenuActivity t28}}})/@0x73fe771 - animation-leash#0
10-12 16:37:15.572  2965  3071 W HdmiCecController: Failed to send <Give Device Power Status> src: 4, dst: 0 with errorCode=1
10-12 16:37:16.884  5742  5926 W YT.mediacache: Unable to sniff ChunkIndex extractor [CONTEXT ratelimit_period="5000 MILLISECONDS [skipped: 9]" ]
10-12 16:37:17.216  2965  3745 D ConnectivityService: requestNetwork for uid/pid:10023/5742 NetworkRequest [ TRACK_DEFAULT id=205, [ Capabilities: INTERNET&NOT_RESTRICTED&TRUSTED Unwanted:  Uid: 10023] ]
10-12 16:37:17.217  3184  3184 D PhoneSwitcherNetworkRequstListener: got request NetworkRequest [ TRACK_DEFAULT id=205, [ Capabilities: INTERNET&NOT_RESTRICTED&TRUSTED Unwanted:  Uid: 10023] ] with score 70
10-12 16:37:17.217  2965  3053 D WIFI    : got request NetworkRequest [ TRACK_DEFAULT id=205, [ Capabilities: INTERNET&NOT_RESTRICTED&TRUSTED Unwanted:  Uid: 10023] ] with score 70
10-12 16:37:17.217  2965  3053 D WIFI_UT : got request NetworkRequest [ TRACK_DEFAULT id=205, [ Capabilities: INTERNET&NOT_RESTRICTED&TRUSTED Unwanted:  Uid: 10023] ] with score 70
10-12 16:37:17.217  2965  3077 D Ethernet: got request NetworkRequest [ TRACK_DEFAULT id=205, [ Capabilities: INTERNET&NOT_RESTRICTED&TRUSTED Unwanted:  Uid: 10023] ] with score 70
10-12 16:37:17.275  2965  3055 D ConnectivityService: releasing NetworkRequest [ TRACK_DEFAULT id=205, [ Capabilities: INTERNET&NOT_RESTRICTED&TRUSTED Unwanted:  Uid: 10023] ] (release request)
10-12 16:37:17.324  2965  3071 W HdmiCecController: Failed to send <Give Device Power Status> src: 4, dst: 0 with errorCode=1
10-12 16:37:21.484  3923  3923 D skia    : --- Failed to create image decoder with message 'unimplemented'
10-12 16:37:21.499  3923  3923 D skia    : --- Failed to create image decoder with message 'unimplemented'
10-12 16:37:21.493  3923  3923 I tutu.ABenchMark: type=1400 audit(0.0:1134): avc: denied { read } for name="temp" dev="sysfs" ino=8951 scontext=u:r:untrusted_app_27:s0:c512,c768 tcontext=u:object_r:sysfs:s0 tclass=file permissive=1
10-12 16:37:23.775  5742  5926 W YT.mediacache: Unable to sniff ChunkIndex extractor [CONTEXT ratelimit_period="5000 MILLISECONDS [skipped: 7]" ]
10-12 16:37:28.894  5742  5926 W YT.mediacache: Unable to sniff ChunkIndex extractor [CONTEXT ratelimit_period="5000 MILLISECONDS [skipped: 6]" ]
10-12 16:37:31.508  3923  3923 D skia    : --- Failed to create image decoder with message 'unimplemented'
10-12 16:37:31.521  3923  3923 D skia    : --- Failed to create image decoder with message 'unimplemented'
10-12 16:37:31.556  3123  3139 W InputChannel-JNI: Input channel object 'pip_input_consumer (client)' was finalized without being disposed!
10-12 16:37:34.511  5742  5787 W YT.mediacache: Unable to sniff ChunkIndex extractor [CONTEXT ratelimit_period="5000 MILLISECONDS [skipped: 7]" ]
10-12 16:37:33.332  2965  3071 I chatty  : uid=1000(system) Hdmi Control Io identical 8 lines
10-12 16:37:35.332  2965  3071 W HdmiCecController: Failed to send <Give Device Power Status> src: 4, dst: 0 with errorCode=1
10-12 16:37:35.544  2965  3745 I ActivityManager: START u0 {act=android.intent.action.MAIN cat=[android.intent.category.LAUNCHER] flg=0x10200000 pkg=acr.browser.barebones cmp=acr.browser.barebones/acr.browser.lightning.MainActivity bnds=[1278,415][1360,511]} from uid 10024
10-12 16:37:35.582  2965  2982 I ActivityManager: Start proc 26719:acr.browser.barebones/u0a54 for activity acr.browser.barebones/acr.browser.lightning.MainActivity
10-12 16:37:35.583 26719 26719 I Zygote  : seccomp disabled by setenforce 0
10-12 16:37:35.591 26719 26719 W owser.barebone: Using default instruction set features for ARM CPU variant (cortex-a9) using conservative defaults
10-12 16:37:35.595  2763  2910 I [Gralloc]: framebuffer hal alread move to hwcomposer
10-12 16:37:35.597  2775  2775 I Binder:2775_4: type=1400 audit(0.0:1137): avc: denied { read } for name="gralloc.odroidn2.so" dev="mmcblk0p12" ino=705 scontext=u:r:surfaceflinger:s0 tcontext=u:object_r:vendor_file:s0 tclass=file permissive=1
10-12 16:37:35.897 26719 26719 D OpenGLRenderer: Skia GL Pipeline
10-12 16:37:36.019 26719 26753 I WebViewFactory: Loading com.android.webview version 66.0.3359.158 (code 336015805)
10-12 16:37:36.058 26719 26753 I cr_LibraryLoader: Time to load native libraries: 2 ms (timestamps 8032-8034)
10-12 16:37:36.059  2763  2910 I [Gralloc]: framebuffer hal alread move to hwcomposer
10-12 16:37:36.065  2763  2910 I [Gralloc]: framebuffer hal alread move to hwcomposer
10-12 16:37:36.065  2763  2910 E gralloc : ioctl c0144900 failed with code -1: Operation not permitted
10-12 16:37:36.068  2763  2910 I [Gralloc]: framebuffer hal alread move to hwcomposer
10-12 16:37:36.073  2763  2910 E gralloc : ioctl c0144900 failed with code -1: Operation not permitted
10-12 16:37:36.076 26719 26754 I ConfigStore: android::hardware::configstore::V1_0::ISurfaceFlingerConfigs::hasWideColorDisplay retrieved: 0
10-12 16:37:36.076 26719 26753 I chromium: [INFO:library_loader_hooks.cc(36)] Chromium logging enabled: level = 0, default verbosity = 0
10-12 16:37:36.076 26719 26754 I ConfigStore: android::hardware::configstore::V1_0::ISurfaceFlingerConfigs::hasHDRDisplay retrieved: 0
10-12 16:37:36.076 26719 26754 I OpenGLRenderer: Initialized EGL, version 1.4
10-12 16:37:36.076 26719 26754 D OpenGLRenderer: Swap behavior 2
10-12 16:37:36.076 26719 26753 I cr_LibraryLoader: Expected native library version number "66.0.3359.158", actual native library version number "66.0.3359.158"
10-12 16:37:36.087 26719 26754 D mali_winsys: EGLint new_window_surface(egl_winsys_display *, void *, EGLSurface, EGLConfig, egl_winsys_surface **, EGLBoolean) returns 0x3000
10-12 16:37:36.132  3544  3544 W LauncherTransition: Failed to animate, surface got destroyed.
10-12 16:37:36.144 26719 26776 W cr_ChildProcLH: Create a new ChildConnectionAllocator with package name = com.android.webview, sandboxed = true
10-12 16:37:36.148 26719 26719 I cr_BrowserStartup: Initializing chromium process, singleProcess=false
10-12 16:37:36.150 26719 26719 I cr_base : Android Locale: en_US requires .pak files: []
10-12 16:37:36.151  2775  3467 E BufferQueueProducer: [com.android.launcher3/com.android.launcher3.Launcher#0] disconnect: not connected (req=1)
10-12 16:37:36.152  3544  3734 W libEGL  : EGLNativeWindowType 0xcf329008 disconnect failed
10-12 16:37:36.166 26777 26777 I Zygote  : seccomp disabled by setenforce 0
10-12 16:37:36.170  2965  2982 I ActivityManager: Start proc 26777:com.android.webview:sandboxed_process0/u0i7 for webview_service acr.browser.barebones/org.chromium.content.app.SandboxedProcessService0
10-12 16:37:36.173 26777 26777 W dboxed_process: Using default instruction set features for ARM CPU variant (cortex-a9) using conservative defaults
10-12 16:37:36.198 26777 26777 I LoadedApk: No resource references to update in package com.android.webview
10-12 16:37:36.205 26777 26777 I cr_ChildProcessService: Creating new ChildProcessService pid=26777
10-12 16:37:36.230 26719 26806 E chromium: [ERROR:devtools_http_handler.cc(292)] Cannot start http server for devtools. Stop devtools.
10-12 16:37:36.236 26719 26805 W cr_CrashFileManager: /data/user/0/acr.browser.barebones/cache/WebView/Crash Reports does not exist or is not a directory
10-12 16:37:36.251  2965  4803 D AutofillManagerServiceImpl: Reset component for user 0 ()
10-12 16:37:36.492  2763  2910 I [Gralloc]: framebuffer hal alread move to hwcomposer
10-12 16:37:36.497  2775  2775 I Binder:2775_3: type=1400 audit(0.0:1143): avc: denied { read } for name="gralloc.odroidn2.so" dev="mmcblk0p12" ino=705 scontext=u:r:surfaceflinger:s0 tcontext=u:object_r:vendor_file:s0 tclass=file permissive=1
10-12 16:37:36.535  2965  2988 I ActivityManager: Displayed acr.browser.barebones/acr.browser.lightning.MainActivity: +958ms
10-12 16:37:36.581 26777 26793 I cr_LibraryLoader: Time to load native libraries: 1 ms (timestamps 8557-8558)
10-12 16:37:36.583 26777 26793 I chromium: [INFO:library_loader_hooks.cc(36)] Chromium logging enabled: level = 0, default verbosity = 0
10-12 16:37:36.583 26777 26793 I cr_LibraryLoader: Expected native library version number "66.0.3359.158", actual native library version number "66.0.3359.158"
10-12 16:37:36.583 26719 26800 W cr_media: Requires BLUETOOTH permission
10-12 16:37:36.587 26719 26821 W AudioCapabilities: Unsupported mime audio/dtshd
10-12 16:37:36.587  2763  2910 I [Gralloc]: framebuffer hal alread move to hwcomposer
10-12 16:37:36.587  2763  2910 E gralloc : ioctl c0144900 failed with code -1: Operation not permitted
10-12 16:37:36.596 26719 26821 W AudioCapabilities: Unsupported mime audio/ffmpeg
10-12 16:37:36.616 26719 26821 W VideoCapabilities: Unsupported mime video/x-vnd.on2.vp6a
10-12 16:37:36.618 26719 26821 W VideoCapabilities: Unsupported mime video/x-vnd.on2.vp6f
10-12 16:37:36.632 26719 26821 W VideoCapabilities: Unsupported mime video/avs
10-12 16:37:36.640  2763  2910 I [Gralloc]: framebuffer hal alread move to hwcomposer
10-12 16:37:36.649 26719 26821 W VideoCapabilities: Unrecognized profile 4 for video/hevc
10-12 16:37:36.652 26719 26821 W VideoCapabilities: Unsupported mime video/mjpeg
10-12 16:37:36.655 26719 26821 W VideoCapabilities: Unrecognized profile/level 0/3 for video/mpeg2
10-12 16:37:36.655 26719 26821 I VideoCapabilities: Unsupported profile 2 for video/mpeg2
10-12 16:37:36.656 26719 26821 I VideoCapabilities: Unsupported profile 3 for video/mpeg2
10-12 16:37:36.656 26719 26821 I VideoCapabilities: Unsupported profile 4 for video/mpeg2
10-12 16:37:36.656 26719 26821 I VideoCapabilities: Unsupported profile 5 for video/mpeg2
10-12 16:37:36.658 26719 26821 I VideoCapabilities: Unsupported profile 2 for video/mp4v-es
10-12 16:37:36.658 26719 26821 I VideoCapabilities: Unsupported profile 4 for video/mp4v-es
10-12 16:37:36.658 26719 26821 I VideoCapabilities: Unsupported profile 8 for video/mp4v-es
10-12 16:37:36.659 26719 26821 I VideoCapabilities: Unsupported profile 16 for video/mp4v-es
10-12 16:37:36.659 26719 26821 I VideoCapabilities: Unsupported profile 32 for video/mp4v-es
10-12 16:37:36.659 26719 26821 I VideoCapabilities: Unsupported profile 64 for video/mp4v-es
10-12 16:37:36.659 26719 26821 I VideoCapabilities: Unsupported profile 128 for video/mp4v-es
10-12 16:37:36.659 26719 26821 I VideoCapabilities: Unsupported profile 256 for video/mp4v-es
10-12 16:37:36.659 26719 26821 I VideoCapabilities: Unsupported profile 512 for video/mp4v-es
10-12 16:37:36.659 26719 26821 I VideoCapabilities: Unsupported profile 1024 for video/mp4v-es
10-12 16:37:36.659 26719 26821 I VideoCapabilities: Unsupported profile 2048 for video/mp4v-es
10-12 16:37:36.659 26719 26821 I VideoCapabilities: Unsupported profile 4096 for video/mp4v-es
10-12 16:37:36.659 26719 26821 I VideoCapabilities: Unsupported profile 8192 for video/mp4v-es
10-12 16:37:36.659 26719 26821 I VideoCapabilities: Unsupported profile 16384 for video/mp4v-es
10-12 16:37:36.667 26719 26821 W VideoCapabilities: Unsupported mime video/rm10
10-12 16:37:36.668 26719 26821 W VideoCapabilities: Unsupported mime video/rm20
10-12 16:37:36.670 26719 26821 W VideoCapabilities: Unsupported mime video/rm30
10-12 16:37:36.671 26719 26821 W VideoCapabilities: Unsupported mime video/rm40
10-12 16:37:36.673 26719 26821 W VideoCapabilities: Unsupported mime video/vc1
10-12 16:37:36.673 26719 26821 W Utils   : could not parse long range '1-'
10-12 16:37:36.677 26719 26821 W VideoCapabilities: Unrecognized level 16 for video/x-vnd.on2.vp8
10-12 16:37:36.677 26719 26821 W VideoCapabilities: Unrecognized level 32 for video/x-vnd.on2.vp8
10-12 16:37:36.677 26719 26821 W VideoCapabilities: Unrecognized level 64 for video/x-vnd.on2.vp8
10-12 16:37:36.677 26719 26821 W VideoCapabilities: Unrecognized level 128 for video/x-vnd.on2.vp8
10-12 16:37:36.677 26719 26821 W VideoCapabilities: Unrecognized level 256 for video/x-vnd.on2.vp8
10-12 16:37:36.677 26719 26821 W VideoCapabilities: Unrecognized level 512 for video/x-vnd.on2.vp8
10-12 16:37:36.677 26719 26821 W VideoCapabilities: Unrecognized level 1024 for video/x-vnd.on2.vp8
10-12 16:37:36.677 26719 26821 W VideoCapabilities: Unrecognized level 2048 for video/x-vnd.on2.vp8
10-12 16:37:36.677 26719 26821 W VideoCapabilities: Unrecognized level 4096 for video/x-vnd.on2.vp8
10-12 16:37:36.677 26719 26821 W VideoCapabilities: Unrecognized level 8192 for video/x-vnd.on2.vp8
10-12 16:37:36.677 26719 26821 W VideoCapabilities: Unrecognized level 16384 for video/x-vnd.on2.vp8
10-12 16:37:36.677 26719 26821 W VideoCapabilities: Unrecognized level 32768 for video/x-vnd.on2.vp8
10-12 16:37:36.686 26719 26821 W VideoCapabilities: Unsupported mime video/wmv3
10-12 16:37:36.687 26719 26821 W VideoCapabilities: Unsupported mime video/wmv1
10-12 16:37:36.688 26719 26821 W VideoCapabilities: Unsupported mime video/wmv2
10-12 16:37:36.690 26719 26821 W VideoCapabilities: Unsupported mime video/x-ms-wmv
10-12 16:37:36.693 26719 26821 W VideoCapabilities: Unsupported mime video/wvc1
10-12 16:37:36.694 26719 26821 W Utils   : could not parse long range '1-'
10-12 16:37:36.697  2775  2815 W SurfaceFlinger: Attempting to set client state on removed layer: Splash Screen acr.browser.barebones#0
10-12 16:37:36.698  2775  2815 W SurfaceFlinger: Attempting to destroy on removed layer: Splash Screen acr.browser.barebones#0
10-12 16:37:36.703 26719 26821 I VideoCapabilities: Unsupported profile 4 for video/mp4v-es
10-12 16:37:36.709 26719 26821 W cr_MediaCodecUtil: HW encoder for video/avc is not available on this device.
10-12 16:37:37.219  2965  2965 W WindowManager: One touch play failed: 1
10-12 16:37:37.275  2965  2986 D AutofillManagerService: Close system dialogs
10-12 16:37:37.280  2965  4723 I ActivityManager: START u0 {act=android.intent.action.MAIN cat=[android.intent.category.HOME] flg=0x10000000 cmp=com.android.launcher3/.Launcher (has extras)} from uid 10024
10-12 16:37:37.285  3123  3123 V StatusBar: mStatusBarWindow: com.android.systemui.statusbar.phone.StatusBarWindowView{b0a4d8f V.ED..... ........ 0,0-1360,31} canPanelBeCollapsed(): false
10-12 16:37:37.286  3123  3123 I vol.Events: writeEvent dismiss_dialog volume_controller
10-12 16:37:37.310  2763  2910 I [Gralloc]: framebuffer hal alread move to hwcomposer
10-12 16:37:37.309  2965  2965 I Binder:2965_E: type=1400 audit(0.0:1150): avc: denied { read } for name="gralloc.odroidn2.so" dev="mmcblk0p12" ino=705 scontext=u:r:system_server:s0 tcontext=u:object_r:vendor_file:s0 tclass=file permissive=1
10-12 16:37:37.320  2965  6148 I ConfigStore: android::hardware::configstore::V1_0::ISurfaceFlingerConfigs::hasWideColorDisplay retrieved: 0
10-12 16:37:37.320  2965  6148 I ConfigStore: android::hardware::configstore::V1_0::ISurfaceFlingerConfigs::hasHDRDisplay retrieved: 0
10-12 16:37:37.320  2965  6148 I OpenGLRenderer: Initialized EGL, version 1.4
10-12 16:37:37.320  2965  6148 D OpenGLRenderer: Swap behavior 2
10-12 16:37:37.325  3544  3544 I Binder:3544_2: type=1400 audit(0.0:1153): avc: denied { read } for name="gralloc.odroidn2.so" dev="mmcblk0p12" ino=705 scontext=u:r:priv_app:s0:c512,c768 tcontext=u:object_r:vendor_file:s0 tclass=file permissive=1
10-12 16:37:37.325  3544  3544 I Binder:3544_2: type=1400 audit(0.0:1154): avc: denied { open } for path="/vendor/lib/hw/gralloc.odroidn2.so" dev="mmcblk0p12" ino=705 scontext=u:r:priv_app:s0:c512,c768 tcontext=u:object_r:vendor_file:s0 tclass=file permissive=1
10-12 16:37:37.363  2763  2910 I [Gralloc]: framebuffer hal alread move to hwcomposer
10-12 16:37:37.372  2763  2910 I [Gralloc]: framebuffer hal alread move to hwcomposer
10-12 16:37:37.373  2763  2910 E gralloc : ioctl c0144900 failed with code -1: Operation not permitted
10-12 16:37:37.376  2775  2815 E BufferQueueProducer: [acr.browser.barebones/acr.browser.lightning.MainActivity#0] disconnect: not connected (req=1)
10-12 16:37:37.376 26719 26754 W libEGL  : EGLNativeWindowType 0xcf93f008 disconnect failed
10-12 16:37:37.376  2763  2910 I [Gralloc]: framebuffer hal alread move to hwcomposer
10-12 16:37:37.378  2763  2910 E gralloc : ioctl c0144900 failed with code -1: Operation not permitted
10-12 16:37:37.380  3544  3734 D mali_winsys: EGLint new_window_surface(egl_winsys_display *, void *, EGLSurface, EGLConfig, egl_winsys_surface **, EGLBoolean) returns 0x3000
10-12 16:37:37.395  2763  2910 I [Gralloc]: framebuffer hal alread move to hwcomposer
10-12 16:37:37.395  2763  2910 E gralloc : ioctl c0144900 failed with code -1: Operation not permitted
10-12 16:37:37.408  2763  2910 I [Gralloc]: framebuffer hal alread move to hwcomposer
10-12 16:37:37.409  2763  2910 E gralloc : ioctl c0144900 failed with code -1: Operation not permitted
10-12 16:37:37.422  2763  2910 I [Gralloc]: framebuffer hal alread move to hwcomposer
10-12 16:37:37.474  3544  3555 D StrictMode: StrictMode policy violation: android.os.strictmode.LeakedClosableViolation: A resource was acquired at attached stack trace but never released. See java.io.Closeable for information on avoiding resource leaks.
10-12 16:37:37.474  3544  3555 D StrictMode: 	at android.os.StrictMode$AndroidCloseGuardReporter.report(StrictMode.java:1788)
10-12 16:37:37.474  3544  3555 D StrictMode: 	at dalvik.system.CloseGuard.warnIfOpen(CloseGuard.java:264)
10-12 16:37:37.474  3544  3555 D StrictMode: 	at android.view.SurfaceControl.finalize(SurfaceControl.java:667)
10-12 16:37:37.474  3544  3555 D StrictMode: 	at java.lang.Daemons$FinalizerDaemon.doFinalize(Daemons.java:250)
10-12 16:37:37.474  3544  3555 D StrictMode: 	at java.lang.Daemons$FinalizerDaemon.runInternal(Daemons.java:237)
10-12 16:37:37.474  3544  3555 D StrictMode: 	at java.lang.Daemons$Daemon.run(Daemons.java:103)
10-12 16:37:37.474  3544  3555 D StrictMode: 	at java.lang.Thread.run(Thread.java:764)
10-12 16:37:37.474  3544  3555 D StrictMode: Caused by: java.lang.Throwable: Explicit termination method 'release' not called
10-12 16:37:37.474  3544  3555 D StrictMode: 	at dalvik.system.CloseGuard.open(CloseGuard.java:221)
10-12 16:37:37.474  3544  3555 D StrictMode: 	at android.view.SurfaceControl.<init>(SurfaceControl.java:621)
10-12 16:37:37.474  3544  3555 D StrictMode: 	at android.view.SurfaceControl.<init>(SurfaceControl.java:60)
10-12 16:37:37.474  3544  3555 D StrictMode: 	at android.view.SurfaceControl$1.createFromParcel(SurfaceControl.java:655)
10-12 16:37:37.474  3544  3555 D StrictMode: 	at android.view.SurfaceControl$1.createFromParcel(SurfaceControl.java:653)
10-12 16:37:37.474  3544  3555 D StrictMode: 	at android.os.Parcel.readParcelable(Parcel.java:2766)
10-12 16:37:37.474  3544  3555 D StrictMode: 	at android.view.RemoteAnimationTarget.<init>(RemoteAnimationTarget.java:149)
10-12 16:37:37.474  3544  3555 D StrictMode: 	at android.view.RemoteAnimationTarget$1.createFromParcel(RemoteAnimationTarget.java:212)
10-12 16:37:37.474  3544  3555 D StrictMode: 	at android.view.RemoteAnimationTarget$1.createFromParcel(RemoteAnimationTarget.java:210)
10-12 16:37:37.474  3544  3555 D StrictMode: 	at android.os.Parcel.readTypedObject(Parcel.java:2606)
10-12 16:37:37.474  3544  3555 D StrictMode: 	at android.os.Parcel.createTypedArray(Parcel.java:2568)
10-12 16:37:37.474  3544  3555 D StrictMode: 	at android.view.IRemoteAnimationRunner$Stub.onTransact(IRemoteAnimationRunner.java:56)
10-12 16:37:37.474  3544  3555 D StrictMode: 	at android.os.Binder.execTransact(Binder.java:731)
10-12 16:37:37.485  2965  2980 W BroadcastQueue: Background execution not allowed: receiving Intent { act=android.intent.action.DROPBOX_ENTRY_ADDED flg=0x10 (has extras) } to com.google.android.gms/.stats.service.DropBoxEntryAddedReceiver
10-12 16:37:37.486  2965  2980 W BroadcastQueue: Background execution not allowed: receiving Intent { act=android.intent.action.DROPBOX_ENTRY_ADDED flg=0x10 (has extras) } to com.google.android.gms/.chimera.GmsIntentOperationService$PersistentTrustedReceiver
10-12 16:37:37.492  2965  2980 W BroadcastQueue: Background execution not allowed: receiving Intent { act=android.intent.action.DROPBOX_ENTRY_ADDED flg=0x10 (has extras) } to com.google.android.gms/.stats.service.DropBoxEntryAddedReceiver
10-12 16:37:37.492  2965  2980 W BroadcastQueue: Background execution not allowed: receiving Intent { act=android.intent.action.DROPBOX_ENTRY_ADDED flg=0x10 (has extras) } to com.google.android.gms/.chimera.GmsIntentOperationService$PersistentTrustedReceiver
10-12 16:37:37.497  2965  2980 W BroadcastQueue: Background execution not allowed: receiving Intent { act=android.intent.action.DROPBOX_ENTRY_ADDED flg=0x10 (has extras) } to com.google.android.gms/.stats.service.DropBoxEntryAddedReceiver
10-12 16:37:37.498  2965  2980 W BroadcastQueue: Background execution not allowed: receiving Intent { act=android.intent.action.DROPBOX_ENTRY_ADDED flg=0x10 (has extras) } to com.google.android.gms/.chimera.GmsIntentOperationService$PersistentTrustedReceiver
10-12 16:37:37.500  2965  2980 W BroadcastQueue: Background execution not allowed: receiving Intent { act=android.intent.action.DROPBOX_ENTRY_ADDED flg=0x10 (has extras) } to com.google.android.gms/.stats.service.DropBoxEntryAddedReceiver
10-12 16:37:37.501  2965  2980 W BroadcastQueue: Background execution not allowed: receiving Intent { act=android.intent.action.DROPBOX_ENTRY_ADDED flg=0x10 (has extras) } to com.google.android.gms/.chimera.GmsIntentOperationService$PersistentTrustedReceiver
10-12 16:37:37.478  3544  3555 I chatty  : uid=10024(com.android.launcher3) FinalizerDaemon identical 2 lines
10-12 16:37:37.480  3544  3555 D StrictMode: StrictMode policy violation: android.os.strictmode.LeakedClosableViolation: A resource was acquired at attached stack trace but never released. See java.io.Closeable for information on avoiding resource leaks.
10-12 16:37:37.480  3544  3555 D StrictMode: 	at android.os.StrictMode$AndroidCloseGuardReporter.report(StrictMode.java:1788)
10-12 16:37:37.480  3544  3555 D StrictMode: 	at dalvik.system.CloseGuard.warnIfOpen(CloseGuard.java:264)
10-12 16:37:37.480  3544  3555 D StrictMode: 	at android.view.SurfaceControl.finalize(SurfaceControl.java:667)
10-12 16:37:37.480  3544  3555 D StrictMode: 	at java.lang.Daemons$FinalizerDaemon.doFinalize(Daemons.java:250)
10-12 16:37:37.480  3544  3555 D StrictMode: 	at java.lang.Daemons$FinalizerDaemon.runInternal(Daemons.java:237)
10-12 16:37:37.480  3544  3555 D StrictMode: 	at java.lang.Daemons$Daemon.run(Daemons.java:103)
10-12 16:37:37.480  3544  3555 D StrictMode: 	at java.lang.Thread.run(Thread.java:764)
10-12 16:37:37.480  3544  3555 D StrictMode: Caused by: java.lang.Throwable: Explicit termination method 'release' not called
10-12 16:37:37.480  3544  3555 D StrictMode: 	at dalvik.system.CloseGuard.open(CloseGuard.java:221)
10-12 16:37:37.480  3544  3555 D StrictMode: 	at android.view.SurfaceControl.<init>(SurfaceControl.java:621)
10-12 16:37:37.480  3544  3555 D StrictMode: 	at android.view.SurfaceControl.<init>(SurfaceControl.java:60)
10-12 16:37:37.480  3544  3555 D StrictMode: 	at android.view.SurfaceControl$1.createFromParcel(SurfaceControl.java:655)
10-12 16:37:37.480  3544  3555 D StrictMode: 	at android.view.SurfaceControl$1.createFromParcel(SurfaceControl.java:653)
10-12 16:37:37.480  3544  3555 D StrictMode: 	at android.os.Parcel.readParcelable(Parcel.java:2766)
10-12 16:37:37.480  3544  3555 D StrictMode: 	at android.view.RemoteAnimationTarget.<init>(RemoteAnimationTarget.java:149)
10-12 16:37:37.480  3544  3555 D StrictMode: 	at android.view.RemoteAnimationTarget$1.createFromParcel(RemoteAnimationTarget.java:212)
10-12 16:37:37.480  3544  3555 D StrictMode: 	at android.view.RemoteAnimationTarget$1.createFromParcel(RemoteAnimationTarget.java:210)
10-12 16:37:37.480  3544  3555 D StrictMode: 	at android.os.Parcel.readTypedObject(Parcel.java:2606)
10-12 16:37:37.480  3544  3555 D StrictMode: 	at android.os.Parcel.createTypedArray(Parcel.java:2568)
10-12 16:37:37.480  3544  3555 D StrictMode: 	at android.view.IRemoteAnimationRunner$Stub.onTransact(IRemoteAnimationRunner.java:56)
10-12 16:37:37.480  3544  3555 D StrictMode: 	at android.os.Binder.execTransact(Binder.java:731)
10-12 16:37:37.574  2775  3467 W SurfaceFlinger: Attempting to set client state on removed layer: acr.browser.barebones/acr.browser.lightning.MainActivity#0
10-12 16:37:37.574  2775  3467 W SurfaceFlinger: Attempting to destroy on removed layer: acr.browser.barebones/acr.browser.lightning.MainActivity#0
10-12 16:37:37.576  2775  2815 W SurfaceFlinger: Attempting to set client state on removed layer: acr.browser.barebones/acr.browser.lightning.MainActivity#0
10-12 16:37:37.576  2775  2815 W SurfaceFlinger: Attempting to destroy on removed layer: acr.browser.barebones/acr.browser.lightning.MainActivity#0
10-12 16:37:38.249  3544  3544 D InputEventConsistencyVerifier: GenericMotionEvent: Action button for ACTION_BUTTON_PRESS event is 1, but it has already been pressed and has yet to be released.
10-12 16:37:38.249  3544  3544 D InputEventConsistencyVerifier:   in com.android.launcher3.views.DoubleShadowBubbleTextView{f8cafc VFED..CL. ........ 603,524-804,655 #21}
10-12 16:37:38.249  3544  3544 D InputEventConsistencyVerifier:   0: sent at 3660224121000, MotionEvent { action=ACTION_BUTTON_PRESS, actionButton=BUTTON_PRIMARY, id[0]=0, x[0]=136.8418, y[0]=29.721191, toolType[0]=TOOL_TYPE_MOUSE, buttonState=BUTTON_PRIMARY, metaState=0, flags=0x0, edgeFlags=0x0, pointerCount=1, historySize=0, eventTime=3660224, downTime=3660224, deviceId=4, source=0x2002 }
10-12 16:37:38.249  3544  3544 D InputEventConsistencyVerifier:   -- recent events --
10-12 16:37:38.249  3544  3544 D InputEventConsistencyVerifier:   1: sent at 3656748123000, (unhandled) MotionEvent { action=ACTION_HOVER_EXIT, actionButton=0, id[0]=0, x[0]=201.64954, y[0]=13.472168, toolType[0]=TOOL_TYPE_MOUSE, buttonState=0, metaState=0, flags=0x0, edgeFlags=0x0, pointerCount=1, historySize=0, eventTime=3656748, downTime=3637072, deviceId=4, source=0x2002 }
10-12 16:37:38.249  3544  3544 D InputEventConsistencyVerifier:   2: sent at 3656748123000, (unhandled) MotionEvent { action=ACTION_HOVER_MOVE, actionButton=0, id[0]=0, x[0]=201.64954, y[0]=13.472168, toolType[0]=TOOL_TYPE_MOUSE, buttonState=0, metaState=0, flags=0x4, edgeFlags=0x0, pointerCount=1, historySize=1, eventTime=3656748, downTime=3637072, deviceId=4, source=0x2002 }
10-12 16:37:38.249  3544  3544 D InputEventConsistencyVerifier:   3: sent at 3656732117000, (unhandled) MotionEvent { action=ACTION_HOVER_MOVE, actionButton=0, id[0]=0, x[0]=181.13672, y[0]=43.09668, toolType[0]=TOOL_TYPE_MOUSE, buttonState=0, metaState=0, flags=0x0, edgeFlags=0x0, pointerCount=1, historySize=2, eventTime=3656732, downTime=3637072, deviceId=4, source=0x2002 }
10-12 16:37:38.249  3544  3544 D InputEventConsistencyVerifier:   4: sent at 3653356119000, (unhandled) MotionEvent { action=ACTION_HOVER_MOVE, actionButton=0, id[0]=0, x[0]=172.88, y[0]=59.05609, toolType[0]=TOOL_TYPE_MOUSE, buttonState=0, metaState=0, flags=0x0, edgeFlags=0x0, pointerCount=1, historySize=1, eventTime=3653356, downTime=3637072, deviceId=4, source=0x2002 }
10-12 16:37:38.249  3544  3544 D InputEventConsistencyVerifier:   5: sent at 3653340118000, (unhandled) MotionEvent { action=ACTION_HOVER_MOVE, actionButton=0, id[0]=0, x[0]=176.88, y[0]=61.05609, toolType[0]=TOOL_TYPE_MOUSE, buttonState=0, metaState=0, flags=0x0, edgeFlags=0x0, pointerCount=1, historySize=1, eventTime=3653340, downTime=3637072, deviceId=4, source=0x2002 }
10-12 16:37:38.392  3544  3544 D InputEventConsistencyVerifier: GenericMotionEvent: Action button for ACTION_BUTTON_RELEASE event is 1, but it was either never pressed or has already been released.
10-12 16:37:38.392  3544  3544 D InputEventConsistencyVerifier:   in com.android.launcher3.views.DoubleShadowBubbleTextView{dbb59df VFED..CL. ........ 603,131-804,262 #2c}
10-12 16:37:38.392  3544  3544 D InputEventConsistencyVerifier:   0: sent at 3660368122000, MotionEvent { action=ACTION_BUTTON_RELEASE, actionButton=BUTTON_PRIMARY, id[0]=0, x[0]=142.70251, y[0]=130.20428, toolType[0]=TOOL_TYPE_MOUSE, buttonState=0, metaState=0, flags=0x0, edgeFlags=0x0, pointerCount=1, historySize=0, eventTime=3660368, downTime=3660224, deviceId=4, source=0x2002 }
10-12 16:37:38.392  3544  3544 D InputEventConsistencyVerifier:   -- recent events --
10-12 16:37:38.392  3544  3544 D InputEventConsistencyVerifier:   1: sent at 3578208121000, (unhandled) MotionEvent { action=ACTION_HOVER_EXIT, actionButton=0, id[0]=0, x[0]=127.28003, y[0]=-32.30551, toolType[0]=TOOL_TYPE_MOUSE, buttonState=0, metaState=0, flags=0x0, edgeFlags=0x0, pointerCount=1, historySize=0, eventTime=3578208, downTime=1734536, deviceId=4, source=0x2002 }
