10-12 16:36:23.638  2773  6371 W AudioFlinger: createTrack_l(): mismatch between requested flags (00000008) and output flags (00000002)
10-12 16:36:23.638  2773  6371 D AudioFlinger: Client defaulted notificationFrames to 6000 for frameCount 12000
10-12 16:36:23.662  5742  5742 W YouTube : CsiAction [anbr] already ticked mpl_s. Ignored.
10-12 16:36:23.702  2800 25748 D AmlogicVideoDecoderAwesome: codecInit done
10-12 16:36:23.702  2800 25748 D AmlogicVideoDecoderAwesome: media.omx.videopeek 0
10-12 16:36:23.702  2800 25748 I AmlogicVideoDecoderAwesome: video layer sync version is 3
10-12 16:36:23.702  2800 25748 V AmlogicVideoDecoderAwesome: mFlvFlag=0
10-12 16:36:23.702  2800 25748 V AmlogicVideoDecoderAwesome: mOutBufferCount =8
10-12 16:36:23.702  2800 25748 V AmlogicVideoDecoderAwesome: mIsNativeBuffers =1
10-12 16:36:23.702  2800 25748 D AmlogicVideoDecoderAwesome: mAmvideoDev->use_frame_mode=0
10-12 16:36:23.702  2800 25748 D AmlogicVideoDecoderAwesome: mAmvideoDev->use_frame_mode=1, mUseFrameMode=1
10-12 16:36:23.702  2800 25748 I amvdec  : amvideo_init ret=0
10-12 16:36:23.702  2800 25748 D AmlogicVideoDecoderAwesome: output buffer:mWidth:864, mHeight:480, mVideoDevId:0
10-12 16:36:23.705  2800 25748 I OmxComponent: STATE_DONE:  OMX_StateLoaded => OMX_StateIdle : OMX.amlogic.vp9.decoder.awesome
10-12 16:36:23.706  2800 25748 I OmxComponent: OMX_CommandStateSet 738 Cmd 0 nParam1 0x3
10-12 16:36:23.706  2800 25748 I OmxComponent: STATE_SET:   OMX_StateIdle => OMX_StateExecuting : OMX.amlogic.vp9.decoder.awesome
10-12 16:36:23.706  2800 25748 V AmlogicVideoDecoderAwesome: prepare:281 >
10-12 16:36:23.706  2800 25748 D AmlogicVideoDecoderAwesome: mVideo mDisplayTread start
10-12 16:36:23.706  2800 25748 D AmlogicVideoDecoderAwesome: mDTaskStatus=0
10-12 16:36:23.706  2800 25748 V AmlogicVideoDecoderAwesome: start:294 >
10-12 16:36:23.707  2800 25748 D AmlogicVideoDecoderAwesome: mVideo start
10-12 16:36:23.707  2800 25748 I OmxComponent: STATE_TRANS: OMX_StateIdle => OMX_StateExecuting : OMX.amlogic.vp9.decoder.awesome
10-12 16:36:23.707  2800 25748 I OmxComponent: STATE_DONE:  OMX_StateIdle => OMX_StateExecuting : OMX.amlogic.vp9.decoder.awesome
10-12 16:36:23.707  2800 25755 V OMX_WorkerPeer: hardware/amlogic/omx/omx_framework/WorkerPeer.cpp:runWorkerStatic:152 --------------------
10-12 16:36:23.707  2800 25755 V OMX_WorkerPeer: hardware/amlogic/omx/omx_framework/WorkerPeer.cpp:runWorker:158 --------------------
10-12 16:36:23.707  2800  2874 D AmlogicVideoDecoderAwesome: memset outputbuffer index=0, size 622080
10-12 16:36:23.708  2800  2874 D AmlogicVideoDecoderAwesome: memset outputbuffer index=1, size 622080
10-12 16:36:23.710  2800  2874 D AmlogicVideoDecoderAwesome: memset outputbuffer index=2, size 622080
10-12 16:36:23.711  2800  2800 D AmlogicVideoDecoderAwesome: memset outputbuffer index=3, size 622080
10-12 16:36:23.720  3612  3802 I Icing   : IndexChimeraService.getServiceInterface callingPackage=com.google.android.gms componentName=null serviceId=30
10-12 16:36:23.722  2800 25754 D AmlogicVideoDecoderAwesome: omx output size changed from 864*480 to 854*480
10-12 16:36:23.723  3502  5410 W Icing   : isOptedInForAppHistory: empty Account Name encountered
10-12 16:36:23.723  2800  2800 V OmxVideoDecoder: updatePort mUseNativeBuffers 1
10-12 16:36:23.723  2800  2800 D AmlogicVideoDecoderAwesome: get native buffer info NV:w:864,h:480..
10-12 16:36:23.723  2800  2800 V OmxVideoDecoder: updatePort:portDef.format.video.nFrameWidth=864,portDef.format.video.nFrameHeight=480
10-12 16:36:23.724  2800  2874 D OmxVideoDecoder: getConfig 1701 0x700000f
10-12 16:36:23.724  2800  2874 D OmxVideoDecoder: getConfig 1704 nIndex 0x700000f
10-12 16:36:23.724  2800  2874 D OmxVideoDecoder: getConfig OMX_IndexConfigCommonOutputCrop pRect->nWidth=854, pRect->nHeight=480
10-12 16:36:23.724  2800 25754 D AmlogicVideoDecoderAwesome: mFirstInputTime = 3585692, mFirstOutputTime=3585700, delay= 8ms
10-12 16:36:23.724  2800 25755 D AmlogicVideoDecoderAwesome: =10, =854, =480, =854, =480, =0, =33000, =67000, =91, =2021, =274
10-12 16:36:23.724  2800  2874 D OmxVideoDecoder: setConfig 1803 0x7f00000c
10-12 16:36:23.724  2800  2875 D OmxVideoDecoder: getConfig 1701 0x7f00000c
10-12 16:36:23.724  2800  2875 D OmxVideoDecoder: getConfig 1701 0x7f00000c
10-12 16:36:23.724  2800  2875 E OMXNodeInstance: getConfig(0xf4f5aab0:amlogic.vp9.decoder.awesome, ??(0x7f00000c)) ERROR: UnsupportedSetting(0x80001019)
10-12 16:36:23.724  2800  2874 D OmxVideoDecoder: getConfig 1701 0x7f000009
10-12 16:36:23.724  2800  2800 D OmxVideoDecoder: getConfig 1701 0x6f100004
10-12 16:36:23.724  2800  2800 V OmxVideoDecoder: VendorExt: getConfig: index=0 (4k-osd)
10-12 16:36:23.725  2800  2800 D OmxVideoDecoder: getConfig 1701 0x6f100004
10-12 16:36:23.725  2800  2800 V OmxVideoDecoder: VendorExt: getConfig: index=1 (is-mvc)
10-12 16:36:23.725  2800  2800 D OmxVideoDecoder: getConfig 1701 0x6f100004
10-12 16:36:23.726  2800  2800 V OmxVideoDecoder: VendorExt: getConfig: index=2 (is-flv)
10-12 16:36:23.726  2800  2800 D OmxVideoDecoder: getConfig 1701 0x6f100004
10-12 16:36:23.726  2800  2800 V OmxVideoDecoder: VendorExt: getConfig: index=3 (dvconfig-box)
10-12 16:36:23.726  2800  2874 D OmxVideoDecoder: getConfig 1701 0x6f100004
10-12 16:36:23.726  2800  2874 V OmxVideoDecoder: VendorExt: getConfig: index=4 (profile-level)
10-12 16:36:23.726  2800  2800 D OmxVideoDecoder: getConfig 1701 0x6f100004
10-12 16:36:23.726  2800  2800 V OmxVideoDecoder: VendorExt: getConfig: index=4 (profile-level)
10-12 16:36:23.726  2800  2874 D OmxVideoDecoder: getConfig 1701 0x6f100004
10-12 16:36:23.726  2800  2874 V OmxVideoDecoder: VendorExt: getConfig: index=5 (nrdp)
10-12 16:36:23.726  2800  2875 D OmxVideoDecoder: getConfig 1701 0x6f100004
10-12 16:36:23.736  2800  2800 D AmlogicVideoDecoderAwesome: memset outputbuffer index=4, size 622080
10-12 16:36:23.753  3502  5410 W Icing   : isOptedInForAppHistory: empty Account Name encountered
10-12 16:36:23.757  5742  5742 V MediaRouter: onRestoreRoute() : route=RouteInfo{ name=HDMI, description=null, status=null, category=RouteCategory{ name=System types=ROUTE_TYPE_LIVE_AUDIO ROUTE_TYPE_LIVE_VIDEO  groupable=false }, supportedTypes=ROUTE_TYPE_LIVE_AUDIO ROUTE_TYPE_LIVE_VIDEO , presentationDisplay=null }
10-12 16:36:23.757  5742  5742 V MediaRouter: Selecting route: RouteInfo{ name=HDMI, description=null, status=null, category=RouteCategory{ name=System types=ROUTE_TYPE_LIVE_AUDIO ROUTE_TYPE_LIVE_VIDEO  groupable=false }, supportedTypes=ROUTE_TYPE_LIVE_AUDIO ROUTE_TYPE_LIVE_VIDEO , presentationDisplay=null }
10-12 16:36:23.773  3502  8840 W Icing   : isOptedInForAppHistory: empty Account Name encountered
10-12 16:36:23.773  3612 18565 W Icing   : No valid account for uploading user actions
10-12 16:36:23.775  2800  2875 D AmlogicVideoDecoderAwesome: memset outputbuffer index=5, size 622080
10-12 16:36:23.777  2800  2875 D AmlogicVideoDecoderAwesome: memset outputbuffer index=6, size 622080
10-12 16:36:23.812  5742  5742 W RecyclerView: No adapter attached; skipping layout
10-12 16:36:23.815  5742  5742 W View    : requestLayout() improperly called by com.google.android.apps.youtube.app.watch.nextgenwatch.ui.NextGenWatchContainerLayout{4460324 V.E...... ......ID 0,0-1360,614 #7f0b0970 app:id/next_gen_watch_container_layout} during layout: running second layout pass
10-12 16:36:23.817  2800  2875 D AmlogicVideoDecoderAwesome: memset outputbuffer index=7, size 622080
10-12 16:36:23.820  5742  5742 W RecyclerView: No adapter attached; skipping layout
10-12 16:36:24.087  3612 18565 I Icing   : Usage reports ok 5, Failed Usage reports 0, indexed 3, rejected 0
10-12 16:36:27.829 16067 16067 I Binder:16067_1: type=1400 audit(0.0:1089): avc: denied { open } for path="/sys/devices/virtual/android_usb/android0/state" dev="sysfs" ino=21483 scontext=u:r:priv_app:s0:c512,c768 tcontext=u:object_r:sysfs_android_usb:s0 tclass=file permissive=1
10-12 16:36:28.711  5742  5742 W StaticLayout: maxLineHeight should not be -1.  maxLines:1 lineCount:1
10-12 16:36:28.712  5742  5742 W StaticLayout: maxLineHeight should not be -1.  maxLines:1 lineCount:1
10-12 16:36:28.713  5742  5742 D android.widget.GridLayout: vertical constraints: y2-y1>=71, y2-y1<=0, y1-y0<=0 are inconsistent; permanently removing: y2-y1<=0. 
10-12 16:36:28.769  5742  5742 D android.widget.GridLayout: vertical constraints: y2-y1>=71, y2-y1<=0, y1-y0<=0 are inconsistent; permanently removing: y2-y1<=0. 
10-12 16:36:29.054  5742  5797 W YT.mediacache: Unable to sniff ChunkIndex extractor [CONTEXT ratelimit_period="5000 MILLISECONDS [skipped: 5]" ]
10-12 16:36:31.356  3923  3923 D skia    : --- Failed to create image decoder with message 'unimplemented'
10-12 16:36:31.372  3923  3923 D skia    : --- Failed to create image decoder with message 'unimplemented'
10-12 16:36:31.365  3923  3923 I tutu.ABenchMark: type=1400 audit(0.0:1090): avc: denied { open } for path="/proc/stat" dev="proc" ino=4026531957 scontext=u:r:untrusted_app_27:s0:c512,c768 tcontext=u:object_r:proc_stat:s0 tclass=file permissive=1
10-12 16:36:35.209  5742  5926 W YT.mediacache: Unable to sniff ChunkIndex extractor [CONTEXT ratelimit_period="5000 MILLISECONDS [skipped: 7]" ]
10-12 16:36:19.496  3544  3544 I chatty  : uid=10024(com.android.launcher3) identical 2 lines
10-12 16:36:19.496  3544  3544 W ViewRootImpl[Launcher]: Cancelling event due to no window focus: MotionEvent { action=ACTION_CANCEL, actionButton=0, id[0]=0, x[0]=935.70935, y[0]=67.885994, toolType[0]=TOOL_TYPE_MOUSE, buttonState=0, metaState=0, flags=0x0, edgeFlags=0x0, pointerCount=1, historySize=0, eventTime=3581472, downTime=3578820, deviceId=4, source=0x2002 }
10-12 16:36:38.049  2965  2984 E BatteryExternalStatsWorker: no controller energy info supplied for wifi
10-12 16:36:38.049  2965  2984 E BatteryExternalStatsWorker: no controller energy info supplied for bluetooth
10-12 16:36:38.049  3184  3184 E PhoneInterfaceManager: [PhoneIntfMgr] queryModemActivityInfo: Empty response
10-12 16:36:38.053  2768  2768 I PowerHAL: geNumberOfPlatformModes
10-12 16:36:38.053  2965  2984 W BatteryExternalStatsWorker: modem info is invalid: ModemActivityInfo{ mTimestamp=0 mSleepTimeMs=0 mIdleTimeMs=0 mTxTimeMs[]=[0, 0, 0, 0, 0] mRxTimeMs=0 mEnergyUsed=0}
10-12 16:36:41.226  5742  5926 W YT.mediacache: Unable to sniff ChunkIndex extractor [CONTEXT ratelimit_period="5000 MILLISECONDS [skipped: 6]" ]
10-12 16:36:41.384  3923  3923 D skia    : --- Failed to create image decoder with message 'unimplemented'
10-12 16:36:41.411  2965  3745 D ConnectivityService: requestNetwork for uid/pid:10023/5742 NetworkRequest [ TRACK_DEFAULT id=202, [ Capabilities: INTERNET&NOT_RESTRICTED&TRUSTED Unwanted:  Uid: 10023] ]
10-12 16:36:41.396  3923  3923 D skia    : --- Failed to create image decoder with message 'unimplemented'
10-12 16:36:41.412  2965  3053 D WIFI    : got request NetworkRequest [ TRACK_DEFAULT id=202, [ Capabilities: INTERNET&NOT_RESTRICTED&TRUSTED Unwanted:  Uid: 10023] ] with score 70
10-12 16:36:41.412  2965  3077 D Ethernet: got request NetworkRequest [ TRACK_DEFAULT id=202, [ Capabilities: INTERNET&NOT_RESTRICTED&TRUSTED Unwanted:  Uid: 10023] ] with score 70
10-12 16:36:41.416  2965  3053 D WIFI_UT : got request NetworkRequest [ TRACK_DEFAULT id=202, [ Capabilities: INTERNET&NOT_RESTRICTED&TRUSTED Unwanted:  Uid: 10023] ] with score 70
10-12 16:36:41.416  3184  3184 D PhoneSwitcherNetworkRequstListener: got request NetworkRequest [ TRACK_DEFAULT id=202, [ Capabilities: INTERNET&NOT_RESTRICTED&TRUSTED Unwanted:  Uid: 10023] ] with score 70
10-12 16:36:41.423  2965  2980 E NotificationService: Suppressing notification from package by user request.
10-12 16:36:41.427  2965  3055 D ConnectivityService: releasing NetworkRequest [ TRACK_DEFAULT id=202, [ Capabilities: INTERNET&NOT_RESTRICTED&TRUSTED Unwanted:  Uid: 10023] ] (release request)
10-12 16:36:41.389  3923  3923 I tutu.ABenchMark: type=1400 audit(0.0:1095): avc: denied { open } for path="/proc/stat" dev="proc" ino=4026531957 scontext=u:r:untrusted_app_27:s0:c512,c768 tcontext=u:object_r:proc_stat:s0 tclass=file permissive=1
10-12 16:36:42.829  5742  5742 W View    : requestLayout() improperly called by fff{653f1f VFED..... ......ID 20,719-1340,768} during layout: running second layout pass
10-12 16:36:42.937  2767  2767 I memtrack@1.0-se: type=1400 audit(0.0:1100): avc: denied { read } for name="mem_profile" dev="debugfs" ino=143558 scontext=u:r:hal_memtrack_default:s0 tcontext=u:object_r:debugfs:s0 tclass=file permissive=1
10-12 16:36:43.811  5742  5742 W View    : requestLayout() improperly called by fff{653f1f VFED..... ......ID 20,719-1340,768} during layout: running second layout pass
10-12 16:36:45.809  5742  5742 I chatty  : uid=10023(com.google.android.youtube) identical 3 lines
10-12 16:36:46.808  5742  5742 W View    : requestLayout() improperly called by fff{653f1f VFED..... ......ID 20,719-1340,768} during layout: running second layout pass
10-12 16:36:47.132  5742  5742 W StaticLayout: maxLineHeight should not be -1.  maxLines:1 lineCount:1
10-12 16:36:47.133  5742  5742 W StaticLayout: maxLineHeight should not be -1.  maxLines:1 lineCount:1
10-12 16:36:47.168  5742  5808 W YT.mediacache: Unable to sniff ChunkIndex extractor [CONTEXT ratelimit_period="5000 MILLISECONDS [skipped: 7]" ]
10-12 16:36:49.734  5742  5753 I android.youtub: Background concurrent copying GC freed 290463(15MB) AllocSpace objects, 182(8MB) LOS objects, 49% free, 24MB/48MB, paused 129us total 124.060ms
10-12 16:36:49.741  5742  5751 W System  : A resource failed to call end. 
10-12 16:36:49.741  5742  5751 W System  : A resource failed to call end. 
10-12 16:36:51.409  3923  3923 D skia    : --- Failed to create image decoder with message 'unimplemented'
10-12 16:36:51.422  3923  3923 D skia    : --- Failed to create image decoder with message 'unimplemented'
10-12 16:36:52.248  5742  5780 W YT.mediacache: Unable to sniff ChunkIndex extractor [CONTEXT ratelimit_period="5000 MILLISECONDS [skipped: 6]" ]
10-12 16:36:52.395  2800 25755 D AmlogicVideoDecoderAwesome: mInputTimeStampChanged = true,mLastInputTimeStamp=29733,bufferHdr.nTimeStamp=0
10-12 16:36:52.395  2800 25755 I amcodec : codec_set_eos is_eos =1
10-12 16:36:52.395  2800 25755 D AmlogicVideoDecoderAwesome: set eos to decoder
10-12 16:36:52.395  2800 25755 D AmlogicVideoDecoderAwesome: 	===mEosStamp 0 ==
10-12 16:36:52.397  2800 25754 D AmlogicVideoDecoderAwesome: mEosCheckCount=0, mInPutFrameCount=893, mOutBufferNo=863, mMaxInputTimeStamp=30681236325269611, mLastTimeStamp=28733000
10-12 16:36:53.424  2800 25754 D AmlogicVideoDecoderAwesome: mEosCheckCount=0, mInPutFrameCount=893, mOutBufferNo=893, mMaxInputTimeStamp=30681236325269611, mLastTimeStamp=29733000
10-12 16:36:53.425  2800 25754 D AmlogicVideoDecoderAwesome: mEosCheckCount=1, mInPutFrameCount=893, mOutBufferNo=893, mMaxInputTimeStamp=30681236325269611, mLastTimeStamp=29733000
10-12 16:36:53.426  2800 25754 D AmlogicVideoDecoderAwesome: mEosCheckCount=2, mInPutFrameCount=893, mOutBufferNo=893, mMaxInputTimeStamp=30681236325269611, mLastTimeStamp=29733000
10-12 16:36:53.427  2800 25754 D AmlogicVideoDecoderAwesome: mEosCheckCount=3, mInPutFrameCount=893, mOutBufferNo=893, mMaxInputTimeStamp=30681236325269611, mLastTimeStamp=29733000
10-12 16:36:53.428  2800 25754 D AmlogicVideoDecoderAwesome: mEosCheckCount=4, mInPutFrameCount=893, mOutBufferNo=893, mMaxInputTimeStamp=30681236325269611, mLastTimeStamp=29733000
10-12 16:36:53.429  2800 25754 D AmlogicVideoDecoderAwesome: mEosCheckCount=5, mInPutFrameCount=893, mOutBufferNo=893, mMaxInputTimeStamp=30681236325269611, mLastTimeStamp=29733000
10-12 16:36:53.430  2800 25754 D AmlogicVideoDecoderAwesome: mEosCheckCount=6, mInPutFrameCount=893, mOutBufferNo=893, mMaxInputTimeStamp=30681236325269611, mLastTimeStamp=29733000
10-12 16:36:53.432  2800 25754 D AmlogicVideoDecoderAwesome: mEosCheckCount=7, mInPutFrameCount=893, mOutBufferNo=893, mMaxInputTimeStamp=30681236325269611, mLastTimeStamp=29733000
10-12 16:36:53.433  2800 25754 D AmlogicVideoDecoderAwesome: mEosCheckCount=8, mInPutFrameCount=893, mOutBufferNo=893, mMaxInputTimeStamp=30681236325269611, mLastTimeStamp=29733000
10-12 16:36:53.434  2800 25754 D AmlogicVideoDecoderAwesome: mEosCheckCount=9, mInPutFrameCount=893, mOutBufferNo=893, mMaxInputTimeStamp=30681236325269611, mLastTimeStamp=29733000
10-12 16:36:53.435  2800 25754 D AmlogicVideoDecoderAwesome: mEosCheckCount=10, mInPutFrameCount=893, mOutBufferNo=893, mMaxInputTimeStamp=30681236325269611, mLastTimeStamp=29733000
10-12 16:36:53.436  2800 25754 D AmlogicVideoDecoderAwesome: mEosCheckCount=11, mInPutFrameCount=893, mOutBufferNo=893, mMaxInputTimeStamp=30681236325269611, mLastTimeStamp=29733000
10-12 16:36:53.437  2800 25754 D AmlogicVideoDecoderAwesome: mEosCheckCount=12, mInPutFrameCount=893, mOutBufferNo=893, mMaxInputTimeStamp=30681236325269611, mLastTimeStamp=29733000
10-12 16:36:53.438  2800 25754 D AmlogicVideoDecoderAwesome: mEosCheckCount=13, mInPutFrameCount=893, mOutBufferNo=893, mMaxInputTimeStamp=30681236325269611, mLastTimeStamp=29733000
10-12 16:36:53.439  2800 25754 D AmlogicVideoDecoderAwesome: mEosCheckCount=14, mInPutFrameCount=893, mOutBufferNo=893, mMaxInputTimeStamp=30681236325269611, mLastTimeStamp=29733000
10-12 16:36:53.440  2800 25754 D AmlogicVideoDecoderAwesome: mEosCheckCount=15, mInPutFrameCount=893, mOutBufferNo=893, mMaxInputTimeStamp=30681236325269611, mLastTimeStamp=29733000
10-12 16:36:53.442  2800 25754 D AmlogicVideoDecoderAwesome: mEosCheckCount=16, mInPutFrameCount=893, mOutBufferNo=893, mMaxInputTimeStamp=30681236325269611, mLastTimeStamp=29733000
10-12 16:36:53.443  2800 25754 D AmlogicVideoDecoderAwesome: mEosCheckCount=17, mInPutFrameCount=893, mOutBufferNo=893, mMaxInputTimeStamp=30681236325269611, mLastTimeStamp=29733000
10-12 16:36:53.444  2800 25754 D AmlogicVideoDecoderAwesome: mEosCheckCount=18, mInPutFrameCount=893, mOutBufferNo=893, mMaxInputTimeStamp=30681236325269611, mLastTimeStamp=29733000
10-12 16:36:53.445  2800 25754 D AmlogicVideoDecoderAwesome: mEosCheckCount=19, mInPutFrameCount=893, mOutBufferNo=893, mMaxInputTimeStamp=30681236325269611, mLastTimeStamp=29733000
10-12 16:36:53.447  2800 25754 D AmlogicVideoDecoderAwesome: mEosCheckCount=20, mInPutFrameCount=893, mOutBufferNo=893, mMaxInputTimeStamp=30681236325269611, mLastTimeStamp=29733000
10-12 16:36:53.448  2800 25754 D AmlogicVideoDecoderAwesome: mEosCheckCount=21, mInPutFrameCount=893, mOutBufferNo=893, mMaxInputTimeStamp=30681236325269611, mLastTimeStamp=29733000
10-12 16:36:53.449  2800 25754 D AmlogicVideoDecoderAwesome: mEosCheckCount=22, mInPutFrameCount=893, mOutBufferNo=893, mMaxInputTimeStamp=30681236325269611, mLastTimeStamp=29733000
10-12 16:36:53.450  2800 25754 D AmlogicVideoDecoderAwesome: mEosCheckCount=23, mInPutFrameCount=893, mOutBufferNo=893, mMaxInputTimeStamp=30681236325269611, mLastTimeStamp=29733000
10-12 16:36:53.451  2800 25754 D AmlogicVideoDecoderAwesome: mEosCheckCount=24, mInPutFrameCount=893, mOutBufferNo=893, mMaxInputTimeStamp=30681236325269611, mLastTimeStamp=29733000
10-12 16:36:53.452  2800 25754 D AmlogicVideoDecoderAwesome: mEosCheckCount=25, mInPutFrameCount=893, mOutBufferNo=893, mMaxInputTimeStamp=30681236325269611, mLastTimeStamp=29733000
10-12 16:36:53.453  2800 25754 D AmlogicVideoDecoderAwesome: mEosCheckCount=26, mInPutFrameCount=893, mOutBufferNo=893, mMaxInputTimeStamp=30681236325269611, mLastTimeStamp=29733000
10-12 16:36:53.454  2800 25754 D AmlogicVideoDecoderAwesome: mEosCheckCount=27, mInPutFrameCount=893, mOutBufferNo=893, mMaxInputTimeStamp=30681236325269611, mLastTimeStamp=29733000
10-12 16:36:53.455  2800 25754 D AmlogicVideoDecoderAwesome: mEosCheckCount=28, mInPutFrameCount=893, mOutBufferNo=893, mMaxInputTimeStamp=30681236325269611, mLastTimeStamp=29733000
10-12 16:36:53.456  2800 25754 D AmlogicVideoDecoderAwesome: mEosCheckCount=29, mInPutFrameCount=893, mOutBufferNo=893, mMaxInputTimeStamp=30681236325269611, mLastTimeStamp=29733000
10-12 16:36:53.458  2800 25754 D AmlogicVideoDecoderAwesome: mEosCheckCount=30, mInPutFrameCount=893, mOutBufferNo=893, mMaxInputTimeStamp=30681236325269611, mLastTimeStamp=29733000
10-12 16:36:53.459  2800 25754 D AmlogicVideoDecoderAwesome: mEosCheckCount=31, mInPutFrameCount=893, mOutBufferNo=893, mMaxInputTimeStamp=30681236325269611, mLastTimeStamp=29733000
10-12 16:36:53.460  2800 25754 D AmlogicVideoDecoderAwesome: mEosCheckCount=32, mInPutFrameCount=893, mOutBufferNo=893, mMaxInputTimeStamp=30681236325269611, mLastTimeStamp=29733000
10-12 16:36:53.461  2800 25754 D AmlogicVideoDecoderAwesome: mEosCheckCount=33, mInPutFrameCount=893, mOutBufferNo=893, mMaxInputTimeStamp=30681236325269611, mLastTimeStamp=29733000
10-12 16:36:53.462  2800 25754 D AmlogicVideoDecoderAwesome: mEosCheckCount=34, mInPutFrameCount=893, mOutBufferNo=893, mMaxInputTimeStamp=30681236325269611, mLastTimeStamp=29733000
10-12 16:36:53.463  2800 25754 D AmlogicVideoDecoderAwesome: mEosCheckCount=35, mInPutFrameCount=893, mOutBufferNo=893, mMaxInputTimeStamp=30681236325269611, mLastTimeStamp=29733000
10-12 16:36:53.464  2800 25754 D AmlogicVideoDecoderAwesome: mEosCheckCount=36, mInPutFrameCount=893, mOutBufferNo=893, mMaxInputTimeStamp=30681236325269611, mLastTimeStamp=29733000
10-12 16:36:53.465  2800 25754 D AmlogicVideoDecoderAwesome: mEosCheckCount=37, mInPutFrameCount=893, mOutBufferNo=893, mMaxInputTimeStamp=30681236325269611, mLastTimeStamp=29733000
10-12 16:36:53.467  2800 25754 D AmlogicVideoDecoderAwesome: mEosCheckCount=38, mInPutFrameCount=893, mOutBufferNo=893, mMaxInputTimeStamp=30681236325269611, mLastTimeStamp=29733000
10-12 16:36:53.468  2800 25754 D AmlogicVideoDecoderAwesome: mEosCheckCount=39, mInPutFrameCount=893, mOutBufferNo=893, mMaxInputTimeStamp=30681236325269611, mLastTimeStamp=29733000
10-12 16:36:53.469  2800 25754 D AmlogicVideoDecoderAwesome: mEosCheckCount=40, mInPutFrameCount=893, mOutBufferNo=893, mMaxInputTimeStamp=30681236325269611, mLastTimeStamp=29733000
10-12 16:36:53.470  2800 25754 D AmlogicVideoDecoderAwesome:   		  mEos = true
10-12 16:36:53.470  2800 25754 D AmlogicVideoDecoderAwesome: mEosCheckCount=41, mInPutFrameCount=893, mOutBufferNo=893, mMaxInputTimeStamp=30681236325269611, mLastTimeStamp=29733000
10-12 16:36:53.470  2800 25754 D AmlogicVideoDecoderAwesome: displayThread___eos_fillBufferDone
10-12 16:36:53.470  2800 25754 D AmlogicVideoDecoderAwesome: threadLoop is_running == false
10-12 16:36:53.519  2800 25748 I OmxComponent: OMX_CommandStateSet 738 Cmd 0 nParam1 0x2
10-12 16:36:53.519  2800 25748 I OmxComponent: STATE_SET:   OMX_StateExecuting => OMX_StateIdle : OMX.amlogic.vp9.decoder.awesome
10-12 16:36:53.519  2800 25748 I OmxComponent: OMX.amlogic.vp9.decoder.awesome: flush input
10-12 16:36:53.519  2800 25748 V AmlogicVideoDecoderAwesome: flushInput:894 >
10-12 16:36:53.519  2800 25748 V OMX_WorkerPeer: hardware/amlogic/omx/omx_framework/WorkerPeer.cpp:flushInput:56 --------------------
10-12 16:36:53.519  2800 25748 V AmlogicVideoDecoderAwesome: pause:286 >
10-12 16:36:53.519  2800 25748 V AmlogicVideoDecoderAwesome: reset:332 >
10-12 16:36:53.519  2800 25748 D AmlogicVideoDecoderAwesome: reset_1
10-12 16:36:53.519  2800 25748 I amcodec : AMSTREAM_SET_OMX_RUNNING ret=0
10-12 16:36:53.563  2800 25748 I amcodec : [codec_reset:1127]ret=0
10-12 16:36:53.565  2800 25748 D AmlogicVideoDecoderAwesome: reset_2
10-12 16:36:53.565  2800 25748 D AmlogicVideoDecoderAwesome: mVideo mDisplayTread start
10-12 16:36:53.565  2800 25748 D AmlogicVideoDecoderAwesome: mDTaskStatus=0
10-12 16:36:53.565  2800 25748 V AmlogicVideoDecoderAwesome: start:294 >
10-12 16:36:53.565  2800 25748 E ThreadWorker: pthread on exit wait clean
10-12 16:36:53.565  2800 25748 D AmlogicVideoDecoderAwesome: mVideo start
10-12 16:36:53.565  2800 25748 V AmlogicVideoDecoderAwesome: flushInput:919 >
10-12 16:36:53.565  2800 25748 I OmxComponent: OMX.amlogic.vp9.decoder.awesome: flush output
10-12 16:36:53.565  2800 25748 V AmlogicVideoDecoderAwesome: flushOutput:922 >
10-12 16:36:53.565  2800 25748 D AmlogicVideoDecoderAwesome: displayThread__flushOutput__fillBufferDone
10-12 16:36:53.565  2800 26145 V OMX_WorkerPeer: hardware/amlogic/omx/omx_framework/WorkerPeer.cpp:runWorkerStatic:152 --------------------
10-12 16:36:53.565  2800 26145 V OMX_WorkerPeer: hardware/amlogic/omx/omx_framework/WorkerPeer.cpp:runWorker:158 --------------------
10-12 16:36:53.566  2800 25748 V AmlogicVideoDecoderAwesome: flushOutput:976 >
10-12 16:36:53.566  2800 25748 D AmlogicVideoDecoderAwesome: mVideo stop
10-12 16:36:53.568  2800 25748 V AmlogicVideoDecoderAwesome: stop:320 >
10-12 16:36:53.569  2800 25748 I OmxComponent: STATE_TRANS: OMX_StateExecuting => OMX_StateIdle : OMX.amlogic.vp9.decoder.awesome
10-12 16:36:53.569  2800 25748 I OmxComponent: STATE_TRANS: OMX_StateExecuting => OMX_StateIdle : OMX.amlogic.vp9.decoder.awesome
10-12 16:36:53.569  2800 25748 I OmxComponent: STATE_DONE:  OMX_StateExecuting => OMX_StateIdle : OMX.amlogic.vp9.decoder.awesome
10-12 16:36:53.569  2800 25748 I OmxComponent: OMX_CommandStateSet 738 Cmd 0 nParam1 0x1
10-12 16:36:53.569  2800 25748 I OmxComponent: STATE_SET:   OMX_StateIdle => OMX_StateLoaded : OMX.amlogic.vp9.decoder.awesome
10-12 16:36:53.570  2800 25748 V AmlogicVideoDecoderAwesome: releaseResources:374 >
10-12 16:36:53.570  2800 25748 V AmlogicVideoDecoderAwesome: tearDown:793 >
10-12 16:36:53.570  2800 25748 V AmlogicVideoDecoderAwesome: tearDown:1434 >
10-12 16:36:53.570  2800 25748 V AmlogicVideoDecoderAwesome: initializeState_l:1512 >
10-12 16:36:53.571  2800 25748 D AmlogicVideoDecoderAwesome: free ION Video device instance ID:0
10-12 16:36:53.572  2800 25748 V AmlogicVideoDecoderAwesome: disable osd video ...-228103248
10-12 16:36:53.572  2800 25748 I OmxComponent: STATE_TRANS: OMX_StateIdle => OMX_StateLoaded : OMX.amlogic.vp9.decoder.awesome
10-12 16:36:53.572  2800 25748 I OmxComponent: STATE_DONE:  OMX_StateIdle => OMX_StateLoaded : OMX.amlogic.vp9.decoder.awesome
10-12 16:36:53.572  2800  2874 D OmxComponentManagerImpl: DecreaseEntryNumByName pEntry->mNum=1, pEntry->mMaxNum:9,componentName:OMX.amlogic.vp9.decoder.awesome
10-12 16:36:53.572  2800  2874 I omx_core: OMX_freeHandle_num_= 0
10-12 16:36:53.572  2800  2874 D AmlogicVideoDecoderAwesome: AmlogicVideoDecoderVp9 Dtor
10-12 16:36:53.572  2800  2874 D AmlogicVideoDecoderAwesome: ~AmlogicVideoDecoderAwesome
10-12 16:36:53.572  2800  2874 D AmlogicVideoDecoderAwesome: ~AmlogicVideoDecoder
10-12 16:36:53.572  2800  2874 D AmlogicVideoDecoderAwesome: ~AmlogicVideoDecoder, mOmxInstancenum 0
10-12 16:36:53.573  5742 25746 D SurfaceUtils: disconnecting from surface 0xc0cf4808, reason disconnectFromSurface
10-12 16:36:53.580  2798  2829 E storaged: getDiskStats failed with result NOT_SUPPORTED and size 0
10-12 16:36:53.583  5742 26151 I OMXClient: IOmx service obtained
10-12 16:36:53.583  2800  2800 I OMXMaster: makeComponentInstance(OMX.amlogic.vp9.decoder.awesome) in omx@1.0-service process
10-12 16:36:53.583  2800  2800 D OmxComponentManagerImpl: support frame mode
10-12 16:36:53.583  2800  2800 D OmxComponentManagerImpl: format support multi-instance
10-12 16:36:53.583  2800  2800 D OmxComponentManagerImpl: getEntryByName_2_num=0, componentName:OMX.amlogic.vp9.decoder.awesome
10-12 16:36:53.583  2800  2800 V AmlogicVideoDecoderAwesome: AmlogicVideoDecoder:99 >
10-12 16:36:53.583  2800  2800 V AmlogicVideoDecoderAwesome: initializeState_l:1512 >
10-12 16:36:53.583  2800  2800 V AmlogicVideoDecoderAwesome: media.omx.latency is not set used def=1.000000
10-12 16:36:53.583  2800  2800 D AmlogicVideoDecoderAwesome: AmlogicVideoDecoder, mOmxInstancenum 1, mOmxInstanceID 20
10-12 16:36:53.584  2800  2800 W AmlSysfsUtil: [amsysfs_get_sysfs_str] /sys/module/am_vecm/parameters/dolby_vision_enable failed!
10-12 16:36:53.584  2800  2800 W AmlSysfsUtil: [amsysfs_get_sysfs_str] /sys/module/amdolby_vision/parameters/dolby_vision_enable failed!
10-12 16:36:53.584  2800  2800 D AmlogicVideoDecoderAwesome: mCheckDvesDone = 1
10-12 16:36:53.584  2800  2800 D AmlogicVideoDecoderAwesome: AmlogicVideoDecoderVp9 Ctor
10-12 16:36:53.584  2800  2800 D OmxVideoDecoder: drm use frame_mode
10-12 16:36:53.584  2800  2800 E OmxVideoDecoder: Load libsecmem failed
10-12 16:36:53.584  2800  2800 W OmxLogConf: Can not read property media.omx.log_levels, using 0
10-12 16:36:53.584  2800  2800 V AmlogicVideoDecoderAwesome: media.omx.out_buffer1 is not set used def=4
10-12 16:36:53.584  2800  2800 D OmxVideoDecoder: setInputCoding OMX.amlogic.vp9.decoder.awesome
10-12 16:36:53.584  2800  2800 D OmxVideoDecoder: mIsLinux49=1, major=4, minor=9
10-12 16:36:53.584  2800  2800 D OmxVideoDecoder: multi dec exist
10-12 16:36:53.584  2800  2800 D OmxVideoDecoder: Use frame mode for multidec.
10-12 16:36:53.584  2800  2800 D OmxVideoDecoder: Use min out buffer size
10-12 16:36:53.585  2800  2800 D OmxVideoDecoder: mMustOsdDisplay 0
10-12 16:36:53.585  2800  2800 D OMX-VENDOR-EXT: OMX.amlogic.vp9.decoder.awesome : Vendor extensions supported (6)
10-12 16:36:53.585  2800  2800 D OMX-VENDOR-EXT:    vendor.4k-osd{{ enable : Int32 },  }
10-12 16:36:53.585  2800  2800 D OMX-VENDOR-EXT:    vendor.is-mvc{{ enable : Int32 },  }
10-12 16:36:53.585  2800  2800 D OMX-VENDOR-EXT:    vendor.is-flv{{ nContainIndex : Int32 },  }
10-12 16:36:53.585  2800  2800 D OMX-VENDOR-EXT:    vendor.dvconfig-box{{ disable : Int32 },  }
10-12 16:36:53.585  2800  2800 D OMX-VENDOR-EXT:    vendor.profile-level{{ n-profile : Int32 },  { n-level : Int32 },  }
10-12 16:36:53.585  2800  2800 D OMX-VENDOR-EXT:    vendor.nrdp{{ video-peek-in-tunnel : Int32 },  }
10-12 16:36:53.585  2800  2800 D OmxComponentManagerImpl: IncreaseEntryNumByName pEntry->mNum=0, pEntry->mMaxNum:9,componentName:OMX.amlogic.vp9.decoder.awesome
10-12 16:36:53.585  2800  2800 I omx_core: OMX_getHandle_num=1
10-12 16:36:53.585  2800  2800 D OmxComponent: mApkName=media.codec
10-12 16:36:53.586  5742 26149 D SurfaceUtils: connecting to surface 0xc0cf4808, reason connectToSurface
10-12 16:36:53.587  5742 26149 I MediaCodec: [OMX.amlogic.vp9.decoder.awesome] setting surface generation to 5879813
10-12 16:36:53.587  5742 26149 D SurfaceUtils: disconnecting from surface 0xc0cf4808, reason connectToSurface(reconnect)
10-12 16:36:53.587  5742 26149 D SurfaceUtils: connecting to surface 0xc0cf4808, reason connectToSurface(reconnect)
10-12 16:36:53.587  5742 26151 I AmAVUtils: AmAVUtils::getComponentRole isEncoder :0 mime:video/x-vnd.on2.vp9 
10-12 16:36:53.587  5742 26151 V AVUtils : AVUtils::getComponentRole
10-12 16:36:53.587  2800  2800 D OmxVideoDecoder: setParameter 887 0x1000017
10-12 16:36:53.587  2800  2800 D OmxVideoDecoder: setInputCoding video_decoder.vp9
10-12 16:36:53.588  2800  2800 D OmxComponent: getExtensionIndex 1121 name="OMX.google.android.index.enableAndroidNativeBuffers"
10-12 16:36:53.588  2800  2800 D OmxVideoDecoder: setParameter 887 0x7f000000
10-12 16:36:53.588  2800  2800 V OmxVideoDecoder: setParameter 1353 EnableNativeBuffers 1
10-12 16:36:53.588  2800  2800 V OmxVideoDecoder: updatePort mUseNativeBuffers 1
10-12 16:36:53.588  2800  2800 D AmlogicVideoDecoderAwesome: get native buffer info NV:w:640,h:480..
10-12 16:36:53.588  2800  2800 V OmxVideoDecoder: updatePort:portDef.format.video.nFrameWidth=640,portDef.format.video.nFrameHeight=480
10-12 16:36:53.588  2800  2800 D OmxComponent: getExtensionIndex 1121 name="OMX.google.android.index.allocateNativeHandle"
10-12 16:36:53.588  2800  2800 D OmxVideoDecoder: setParameter 887 0x7f00000a
10-12 16:36:53.588  2800  2800 E OMXNodeInstance: setParameter(0xf263c1b0:amlogic.vp9.decoder.awesome, OMX.google.android.index.allocateNativeHandle(0x7f00000a): Output:1 en=0) ERROR: UnsupportedSetting(0x80001019)
10-12 16:36:53.588  2800  2800 D OmxComponent: getExtensionIndex 1121 name="OMX.google.android.index.storeANWBufferInMetadata"
10-12 16:36:53.588  2800  2800 D OmxComponent: getExtensionIndex 1121 name="OMX.google.android.index.storeMetaDataInBuffers"
10-12 16:36:53.588  2800  2800 D OmxVideoDecoder: setParameter 887 0x7f000002
10-12 16:36:53.588  2800  2800 D OmxVideoDecoder: setParameter 1359 OMX_IndexAndroidStoreMetadataInBuffers
10-12 16:36:53.588  2800  2800 E OMXNodeInstance: setParameter(0xf263c1b0:amlogic.vp9.decoder.awesome, OMX.google.android.index.storeMetaDataInBuffers(0x7f000002): Output:1 en=1 type=1) ERROR: BadPortIndex(0x8000101b)
10-12 16:36:53.588  5742 26151 E ACodec  : [OMX.amlogic.vp9.decoder.awesome] setPortMode on output to DynamicANWBuffer failed w/ err -2147483648
10-12 16:36:53.588  2800  2800 D OmxComponent: getExtensionIndex 1121 name="OMX.google.android.index.prepareForAdaptivePlayback"
10-12 16:36:53.588  2800  2800 D OmxVideoDecoder: setParameter 887 0x7f000004
10-12 16:36:53.588  2800  2800 D OmxVideoDecoder: setParameter 1373 OMX_IndexAndroidPrepareForAdaptivePlayback
10-12 16:36:53.588  2800  2800 D OmxVideoDecoder: AdaptivePlayback: max resolution is 1280 * 720
10-12 16:36:53.588  2800  2800 D OmxComponent: getExtensionIndex 1121 name="OMX.google.android.index.allocateNativeHandle"
10-12 16:36:53.588  2800  2800 D OmxVideoDecoder: setParameter 887 0x7f00000a
10-12 16:36:53.588  2800  2800 E OMXNodeInstance: setParameter(0xf263c1b0:amlogic.vp9.decoder.awesome, OMX.google.android.index.allocateNativeHandle(0x7f00000a): Output:1 en=0) ERROR: UnsupportedSetting(0x80001019)
10-12 16:36:53.588  2800  2800 D OmxComponent: getExtensionIndex 1121 name="OMX.google.android.index.enableAndroidNativeBuffers"
10-12 16:36:53.588  2800  2800 D OmxVideoDecoder: setParameter 887 0x7f000000
10-12 16:36:53.588  2800  2800 V OmxVideoDecoder: setParameter 1353 EnableNativeBuffers 1
10-12 16:36:53.588  2800  2800 V OmxVideoDecoder: updatePort mUseNativeBuffers 1
10-12 16:36:53.588  2800  2800 D AmlogicVideoDecoderAwesome: get native buffer info NV:w:640,h:480..
10-12 16:36:53.588  2800  2800 V OmxVideoDecoder: updatePort:portDef.format.video.nFrameWidth=640,portDef.format.video.nFrameHeight=480
10-12 16:36:53.588  2800  2800 D OmxComponent: getExtensionIndex 1121 name="OMX.google.android.index.storeANWBufferInMetadata"
10-12 16:36:53.588  2800  2800 D OmxComponent: getExtensionIndex 1121 name="OMX.google.android.index.storeMetaDataInBuffers"
10-12 16:36:53.588  2800  2800 D OmxVideoDecoder: setParameter 887 0x7f000002
10-12 16:36:53.588  2800  2800 D OmxVideoDecoder: setParameter 1359 OMX_IndexAndroidStoreMetadataInBuffers
10-12 16:36:53.588  2800  2800 E OMXNodeInstance: setParameter(0xf263c1b0:amlogic.vp9.decoder.awesome, OMX.google.android.index.storeMetaDataInBuffers(0x7f000002): Output:1 en=0 type=1) ERROR: BadPortIndex(0x8000101b)
10-12 16:36:53.589  2800  2800 D OmxVideoDecoder: setParameter 887 0x6000001
10-12 16:36:53.589  2800  2800 D OmxVideoDecoder: setParameter nPortIndex 0 CompFmt 0xa ColorFmt 0
10-12 16:36:53.589  2800  2800 D OmxVideoDecoder: setParameter 887 0x6000001
10-12 16:36:53.589  2800  2800 D OmxVideoDecoder: setParameter nPortIndex 1 CompFmt 0 ColorFmt 0x11
10-12 16:36:53.589  2800  2800 D OmxVideoDecoder: setParameter 887 0x2000001
10-12 16:36:53.589  2800  2800 D OmxVideoDecoder: setParameter nPortIndex 0 nFrameWidth 1280 nFrameHeight 720 nSliceHeight 16
10-12 16:36:53.589  2800  2800 V OmxVideoDecoder: updatePort mUseNativeBuffers 1
10-12 16:36:53.589  2800  2800 D AmlogicVideoDecoderAwesome: get native buffer info NV:w:640,h:480..
10-12 16:36:53.589  2800  2800 V OmxVideoDecoder: updatePort:portDef.format.video.nFrameWidth=640,portDef.format.video.nFrameHeight=480
10-12 16:36:53.589  2800  2800 D OmxVideoDecoder: setParameter 887 0x2000001
10-12 16:36:53.589  2800  2800 W OmxVideoDecoder: Can not read property media.omx.display_mode
10-12 16:36:53.589  2800  2800 D OmxVideoDecoder: update mAdaptiveMaxFrameWidth mAdaptiveMaxFrameHeight to 1280 x 720
10-12 16:36:53.589  2800  2800 D OmxVideoDecoder: setParameter nPortIndex 1 nFrameWidth 1280 nFrameHeight 720 nSliceHeight 720
10-12 16:36:53.589  2800  2800 V OmxVideoDecoder: updatePort mUseNativeBuffers 1
10-12 16:36:53.589  2800  2800 D AmlogicVideoDecoderAwesome: get native buffer info NV:w:1280,h:720..
10-12 16:36:53.589  2800  2800 V OmxVideoDecoder: updatePort:portDef.format.video.nFrameWidth=1280,portDef.format.video.nFrameHeight=720
10-12 16:36:53.589  2800  2800 D OmxComponent: getExtensionIndex 1121 name="OMX.google.android.index.describeColorAspects"
10-12 16:36:53.589  2800  2800 D OmxComponent: getExtensionIndex 1121 name="OMX.google.android.index.storeMetaDataInBuffers"
10-12 16:36:53.589  2800  2800 D OmxComponent: getExtensionIndex 1121 name="OMX.google.android.index.storeANWBufferInMetadata"
10-12 16:36:53.589  2800  2800 D OmxComponent: getExtensionIndex 1121 name="OMX.google.android.index.prepareForAdaptivePlayback"
10-12 16:36:53.589  2800  2800 D OmxComponent: getExtensionIndex 1121 name="OMX.google.android.index.configureVideoTunnelMode"
10-12 16:36:53.589  2800  2800 D OmxComponent: getExtensionIndex 1121 name="OMX.google.android.index.useAndroidNativeBuffer2"
10-12 16:36:53.590  2800  2800 D OmxComponent: getExtensionIndex 1121 name="OMX.google.android.index.useAndroidNativeBuffer"
10-12 16:36:53.590  2800  2800 D OmxComponent: getExtensionIndex 1121 name="OMX.google.android.index.enableAndroidNativeBuffers"
10-12 16:36:53.590  2800  2800 D OmxComponent: getExtensionIndex 1121 name="OMX.google.android.index.allocateNativeHandle"
10-12 16:36:53.590  2800  2800 D OmxComponent: getExtensionIndex 1121 name="OMX.google.android.index.getAndroidNativeBufferUsage"
10-12 16:36:53.590  2800  2800 D OmxVideoDecoder: setConfig 1803 0x7f00000c
10-12 16:36:53.590  2800  2800 D OmxVideoDecoder: [DSZ] updateFinalColorAspects# final color aspects[P:1; T:3; M:1; R:2]
10-12 16:36:53.590  2800  2800 D OmxComponent: getExtensionIndex 1121 name="OMX.google.android.index.describeHDRStaticInfo"
10-12 16:36:53.590  2800  2800 D OmxVideoDecoder: setConfig 1803 0x7f000009
10-12 16:36:53.590  2800  2800 D OmxVideoDecoder: HDRStaticInfo: R=0 0; G=0 0; B=0 0; W=0 0; MaxDisplayLuminance:0, MinDisplayLuminance=0, mMaxContentLightLevel=0, MaxContentLightLevel=0
10-12 16:36:53.590  2800  2800 D OmxVideoDecoder: HDRStaticInfo: all parmeter is 0, set mHasHDRStaticInfo to false
10-12 16:36:53.590  5742 26151 I AmAVUtils: AmAVUtils::isAudioExtendFormat input = video/x-vnd.on2.vp9
10-12 16:36:53.590  2800  2800 D OmxVideoDecoder: setConfig 1803 0x6f800002
10-12 16:36:53.590  2800  2800 V OmxVideoDecoder: setConfig 1905 nIndex 0x6f800002
10-12 16:36:53.590  2800  2800 D OmxComponent: setConfig 1114
10-12 16:36:53.590  2800  2800 E OMXNodeInstance: setConfig(0xf263c1b0:amlogic.vp9.decoder.awesome, ConfigPriority(0x6f800002)) ERROR: UnsupportedIndex(0x8000101a)
10-12 16:36:53.590  5742 26151 I ACodec  : codec does not support config priority (err -1010)
10-12 16:36:53.590  2800  2800 E OMXNodeInstance: getParameter(0xf263c1b0:amlogic.vp9.decoder.awesome, ParamVideoAndroidVp8Encoder(0x6f600007)) ERROR: UnsupportedIndex(0x8000101a)
10-12 16:36:53.590  2800  2800 D OmxVideoDecoder: getConfig 1701 0x6f100004
10-12 16:36:53.590  2800  2800 V OmxVideoDecoder: VendorExt: getConfig: index=0 (4k-osd)
10-12 16:36:53.590  2800  2800 D OmxVideoDecoder: getConfig 1701 0x6f100004
10-12 16:36:53.590  2800  2800 V OmxVideoDecoder: VendorExt: getConfig: index=1 (is-mvc)
10-12 16:36:53.591  2800  2800 D OmxVideoDecoder: getConfig 1701 0x6f100004
10-12 16:36:53.591  2800  2800 V OmxVideoDecoder: VendorExt: getConfig: index=2 (is-flv)
10-12 16:36:53.591  2800  2800 D OmxVideoDecoder: getConfig 1701 0x6f100004
10-12 16:36:53.591  2800  2800 V OmxVideoDecoder: VendorExt: getConfig: index=3 (dvconfig-box)
10-12 16:36:53.591  2800  2800 D OmxVideoDecoder: getConfig 1701 0x6f100004
10-12 16:36:53.591  2800  2800 V OmxVideoDecoder: VendorExt: getConfig: index=4 (profile-level)
10-12 16:36:53.591  2800  2800 D OmxVideoDecoder: getConfig 1701 0x6f100004
10-12 16:36:53.591  2800  2800 V OmxVideoDecoder: VendorExt: getConfig: index=4 (profile-level)
10-12 16:36:53.591  2800  2800 D OmxVideoDecoder: getConfig 1701 0x6f100004
10-12 16:36:53.591  2800  2800 V OmxVideoDecoder: VendorExt: getConfig: index=5 (nrdp)
10-12 16:36:53.591  2800  2800 D OmxVideoDecoder: getConfig 1701 0x6f100004
10-12 16:36:53.591  2800  2800 V OmxVideoDecoder: updatePort mUseNativeBuffers 1
10-12 16:36:53.591  2800  2800 D AmlogicVideoDecoderAwesome: get native buffer info NV:w:1280,h:720..
10-12 16:36:53.591  2800  2800 V OmxVideoDecoder: updatePort:portDef.format.video.nFrameWidth=1280,portDef.format.video.nFrameHeight=720
10-12 16:36:53.591  2800  2800 D OmxVideoDecoder: getConfig 1701 0x700000f
10-12 16:36:53.591  2800  2800 D OmxVideoDecoder: getConfig 1704 nIndex 0x700000f
10-12 16:36:53.591  2800  2800 D OmxVideoDecoder: getConfig OMX_IndexConfigCommonOutputCrop pRect->nWidth=1280, pRect->nHeight=720
10-12 16:36:53.592  2800  2800 D OmxVideoDecoder: setConfig 1803 0x7f00000c
10-12 16:36:53.592  2800  2800 D OmxVideoDecoder: getConfig 1701 0x7f00000c
10-12 16:36:53.592  2800  2800 D OmxVideoDecoder: getConfig 1701 0x7f00000c
10-12 16:36:53.592  2800  2800 E OMXNodeInstance: getConfig(0xf263c1b0:amlogic.vp9.decoder.awesome, ??(0x7f00000c)) ERROR: UnsupportedSetting(0x80001019)
10-12 16:36:53.592  2800  2800 D OmxVideoDecoder: getConfig 1701 0x7f000009
10-12 16:36:53.592  2800  2800 D OmxVideoDecoder: getConfig 1701 0x6f100004
10-12 16:36:53.592  2800  2800 V OmxVideoDecoder: VendorExt: getConfig: index=0 (4k-osd)
10-12 16:36:53.592  2800  2800 D OmxVideoDecoder: getConfig 1701 0x6f100004
10-12 16:36:53.592  2800  2800 V OmxVideoDecoder: VendorExt: getConfig: index=1 (is-mvc)
10-12 16:36:53.592  2800  2800 D OmxVideoDecoder: getConfig 1701 0x6f100004
10-12 16:36:53.592  2800  2800 V OmxVideoDecoder: VendorExt: getConfig: index=2 (is-flv)
10-12 16:36:53.592  2800  2800 D OmxVideoDecoder: getConfig 1701 0x6f100004
10-12 16:36:53.592  2800  2800 V OmxVideoDecoder: VendorExt: getConfig: index=3 (dvconfig-box)
10-12 16:36:53.592  2800  2800 D OmxVideoDecoder: getConfig 1701 0x6f100004
10-12 16:36:53.592  2800  2800 V OmxVideoDecoder: VendorExt: getConfig: index=4 (profile-level)
10-12 16:36:53.592  2800  2800 D OmxVideoDecoder: getConfig 1701 0x6f100004
10-12 16:36:53.592  2800  2800 V OmxVideoDecoder: VendorExt: getConfig: index=4 (profile-level)
10-12 16:36:53.592  2800  2800 D OmxVideoDecoder: getConfig 1701 0x6f100004
10-12 16:36:53.592  2800  2800 V OmxVideoDecoder: VendorExt: getConfig: index=5 (nrdp)
10-12 16:36:53.593  2800  2800 D OmxVideoDecoder: getConfig 1701 0x6f100004
10-12 16:36:53.595  2752  2752 W AshmemAllocator: ashmem_create_region(1048576) returning hidl_memory(0xf3718180, 1048576)
10-12 16:36:53.595  2800 26155 I OmxComponent: OMX_CommandStateSet 738 Cmd 0 nParam1 0x2
10-12 16:36:53.595  2800 26155 I OmxComponent: STATE_SET:   OMX_StateLoaded => OMX_StateIdle : OMX.amlogic.vp9.decoder.awesome
10-12 16:36:53.595  2800 26155 I OmxComponent: STATE_TRANS: OMX_StateLoaded => OMX_StateIdle : OMX.amlogic.vp9.decoder.awesome
10-12 16:36:53.595  2752  2752 W AshmemAllocator: ashmem_create_region(1048576) returning hidl_memory(0xf3718180, 1048576)
10-12 16:36:53.596  2800 26155 I OmxComponent: STATE_TRANS: OMX_StateLoaded => OMX_StateIdle : OMX.amlogic.vp9.decoder.awesome
10-12 16:36:53.596  2752  2752 W AshmemAllocator: ashmem_create_region(1048576) returning hidl_memory(0xf3718180, 1048576)
10-12 16:36:53.597  2800 26155 I OmxComponent: STATE_TRANS: OMX_StateLoaded => OMX_StateIdle : OMX.amlogic.vp9.decoder.awesome
10-12 16:36:53.597  2800  2800 V OmxVideoDecoder: updatePort mUseNativeBuffers 1
10-12 16:36:53.597  2800  2800 D AmlogicVideoDecoderAwesome: get native buffer info NV:w:1280,h:720..
10-12 16:36:53.597  2800  2800 V OmxVideoDecoder: updatePort:portDef.format.video.nFrameWidth=1280,portDef.format.video.nFrameHeight=720
10-12 16:36:53.597  2800  2800 V OmxVideoDecoder: updatePort mUseNativeBuffers 1
10-12 16:36:53.597  2800  2800 D AmlogicVideoDecoderAwesome: get native buffer info NV:w:1280,h:720..
10-12 16:36:53.597  2800  2800 V OmxVideoDecoder: updatePort:portDef.format.video.nFrameWidth=1280,portDef.format.video.nFrameHeight=720
10-12 16:36:53.597  2800  2800 D OmxComponent: getExtensionIndex 1121 name="OMX.google.android.index.AndroidNativeBufferConsumerUsage"
10-12 16:36:53.597  2800  2800 D OmxVideoDecoder: setParameter 887 0x7f00000b
10-12 16:36:53.597  2800  2800 D OmxVideoDecoder: OMX_GoogleAndroidIndexAndroidNativeBufferConsumerUsage 0x900
10-12 16:36:53.597  2800  2800 D OmxComponent: getExtensionIndex 1121 name="OMX.google.android.index.getAndroidNativeBufferUsage"
10-12 16:36:53.597  5742 26151 D SurfaceUtils: disconnecting from surface 0xc0cf4808, reason setNativeWindowSizeFormatAndUsage
10-12 16:36:53.598  5742 26151 D SurfaceUtils: connecting to surface 0xc0cf4808, reason setNativeWindowSizeFormatAndUsage
10-12 16:36:53.598  5742 26151 D SurfaceUtils: set up nativeWindow 0xc0cf4808 for 1280x720, color 0x11, rotation 0, usage 0x402b00
10-12 16:36:53.598  2800  2800 D OmxVideoDecoder: setParameter 887 0x2000001
10-12 16:36:53.598  2800  2800 W OmxVideoDecoder: Can not read property media.omx.display_mode
10-12 16:36:53.598  2800  2800 D OmxVideoDecoder: update mAdaptiveMaxFrameWidth mAdaptiveMaxFrameHeight to 1280 x 720
10-12 16:36:53.598  2800  2800 D OmxVideoDecoder: setParameter nPortIndex 1 nFrameWidth 1280 nFrameHeight 720 nSliceHeight 720
10-12 16:36:53.598  2800  2800 V OmxVideoDecoder: updatePort mUseNativeBuffers 1
10-12 16:36:53.598  2800  2800 D AmlogicVideoDecoderAwesome: get native buffer info NV:w:1280,h:720..
10-12 16:36:53.598  2800  2800 V OmxVideoDecoder: updatePort:portDef.format.video.nFrameWidth=1280,portDef.format.video.nFrameHeight=720
10-12 16:36:53.598  2775  2815 W         : buffer descriptor with invalid usage bits 0x2000
10-12 16:36:53.598  2763  2911 I [Gralloc]: framebuffer hal alread move to hwcomposer
10-12 16:36:53.604  2800  2800 D OmxComponent: getExtensionIndex 1121 name="OMX.google.android.index.useAndroidNativeBuffer2"
10-12 16:36:53.604  2800  2800 V OmxVideoDecoder: updatePort mUseNativeBuffers 1
10-12 16:36:53.604  2800  2800 D AmlogicVideoDecoderAwesome: get native buffer info NV:w:1280,h:720..
10-12 16:36:53.604  2800  2800 V OmxVideoDecoder: updatePort:portDef.format.video.nFrameWidth=1280,portDef.format.video.nFrameHeight=720
10-12 16:36:53.605  2775  2815 W         : buffer descriptor with invalid usage bits 0x2000
10-12 16:36:53.605  2763  2911 I [Gralloc]: framebuffer hal alread move to hwcomposer
10-12 16:36:53.605  2800 26155 I OmxComponent: STATE_TRANS: OMX_StateLoaded => OMX_StateIdle : OMX.amlogic.vp9.decoder.awesome
10-12 16:36:53.608  2800  2800 D OmxComponent: getExtensionIndex 1121 name="OMX.google.android.index.useAndroidNativeBuffer2"
10-12 16:36:53.608  2800  2800 V OmxVideoDecoder: updatePort mUseNativeBuffers 1
10-12 16:36:53.608  2800  2800 D AmlogicVideoDecoderAwesome: get native buffer info NV:w:1280,h:720..
10-12 16:36:53.608  2800  2800 V OmxVideoDecoder: updatePort:portDef.format.video.nFrameWidth=1280,portDef.format.video.nFrameHeight=720
10-12 16:36:53.608  2800 26155 I OmxComponent: STATE_TRANS: OMX_StateLoaded => OMX_StateIdle : OMX.amlogic.vp9.decoder.awesome
10-12 16:36:53.608  2775  2815 W         : buffer descriptor with invalid usage bits 0x2000
10-12 16:36:53.609  2763  2911 I [Gralloc]: framebuffer hal alread move to hwcomposer
10-12 16:36:53.613  2800  2800 D OmxComponent: getExtensionIndex 1121 name="OMX.google.android.index.useAndroidNativeBuffer2"
10-12 16:36:53.613  2800  2800 V OmxVideoDecoder: updatePort mUseNativeBuffers 1
10-12 16:36:53.613  2800  2800 D AmlogicVideoDecoderAwesome: get native buffer info NV:w:1280,h:720..
10-12 16:36:53.613  2800  2800 V OmxVideoDecoder: updatePort:portDef.format.video.nFrameWidth=1280,portDef.format.video.nFrameHeight=720
10-12 16:36:53.614  2775  2815 W         : buffer descriptor with invalid usage bits 0x2000
10-12 16:36:53.614  2763  2911 I [Gralloc]: framebuffer hal alread move to hwcomposer
10-12 16:36:53.615  2800 26155 I OmxComponent: STATE_TRANS: OMX_StateLoaded => OMX_StateIdle : OMX.amlogic.vp9.decoder.awesome
10-12 16:36:53.617  2800  2800 D OmxComponent: getExtensionIndex 1121 name="OMX.google.android.index.useAndroidNativeBuffer2"
10-12 16:36:53.617  2800  2800 V OmxVideoDecoder: updatePort mUseNativeBuffers 1
10-12 16:36:53.617  2800  2800 D AmlogicVideoDecoderAwesome: get native buffer info NV:w:1280,h:720..
10-12 16:36:53.617  2800  2800 V OmxVideoDecoder: updatePort:portDef.format.video.nFrameWidth=1280,portDef.format.video.nFrameHeight=720
10-12 16:36:53.617  2775  2815 W         : buffer descriptor with invalid usage bits 0x2000
10-12 16:36:53.617  2763  2911 I [Gralloc]: framebuffer hal alread move to hwcomposer
10-12 16:36:53.619  2800 26155 I OmxComponent: STATE_TRANS: OMX_StateLoaded => OMX_StateIdle : OMX.amlogic.vp9.decoder.awesome
10-12 16:36:53.621  2800  2800 D OmxComponent: getExtensionIndex 1121 name="OMX.google.android.index.useAndroidNativeBuffer2"
10-12 16:36:53.621  2800  2800 V OmxVideoDecoder: updatePort mUseNativeBuffers 1
10-12 16:36:53.621  2800  2800 D AmlogicVideoDecoderAwesome: get native buffer info NV:w:1280,h:720..
10-12 16:36:53.621  2800  2800 V OmxVideoDecoder: updatePort:portDef.format.video.nFrameWidth=1280,portDef.format.video.nFrameHeight=720
10-12 16:36:53.621  2775  2815 W         : buffer descriptor with invalid usage bits 0x2000
10-12 16:36:53.621  2763  2911 I [Gralloc]: framebuffer hal alread move to hwcomposer
10-12 16:36:53.621  2800 26155 I OmxComponent: STATE_TRANS: OMX_StateLoaded => OMX_StateIdle : OMX.amlogic.vp9.decoder.awesome
10-12 16:36:53.597  2775  2775 I Binder:2775_1: type=1400 audit(0.0:1103): avc: denied { read } for name="gralloc.odroidn2.so" dev="mmcblk0p12" ino=705 scontext=u:r:surfaceflinger:s0 tcontext=u:object_r:vendor_file:s0 tclass=file permissive=1
