10-14 00:35:33.550  2789  2857 E OMXNodeInstance: setParameter(0xe7884bb0:amlogic.vp9.decoder.awesome, OMX.google.android.index.allocateNativeHandle(0x7f00000a): Output:1 en=0) ERROR: UnsupportedSetting(0x80001019)
10-14 00:35:33.550  2789  2857 D OmxComponent: getExtensionIndex 1121 name="OMX.google.android.index.enableAndroidNativeBuffers"
10-14 00:35:33.550  2789  2857 D OmxVideoDecoder: setParameter 887 0x7f000000
10-14 00:35:33.550  2789  2857 V OmxVideoDecoder: setParameter 1353 EnableNativeBuffers 1
10-14 00:35:33.550  2789  2857 V OmxVideoDecoder: updatePort mUseNativeBuffers 1
10-14 00:35:33.550  2789  2857 D AmlogicVideoDecoderAwesome: get native buffer info NV:w:640,h:480..
10-14 00:35:33.550  2789  2857 V OmxVideoDecoder: updatePort:portDef.format.video.nFrameWidth=640,portDef.format.video.nFrameHeight=480
10-14 00:35:33.550  2789  2857 D OmxComponent: getExtensionIndex 1121 name="OMX.google.android.index.storeANWBufferInMetadata"
10-14 00:35:33.550  2789  2857 D OmxComponent: getExtensionIndex 1121 name="OMX.google.android.index.storeMetaDataInBuffers"
10-14 00:35:33.550  2789  2857 D OmxVideoDecoder: setParameter 887 0x7f000002
10-14 00:35:33.550  2789  2857 D OmxVideoDecoder: setParameter 1359 OMX_IndexAndroidStoreMetadataInBuffers
10-14 00:35:33.550  2789  2857 E OMXNodeInstance: setParameter(0xe7884bb0:amlogic.vp9.decoder.awesome, OMX.google.android.index.storeMetaDataInBuffers(0x7f000002): Output:1 en=0 type=1) ERROR: BadPortIndex(0x8000101b)
10-14 00:35:33.550  2789  2857 D OmxVideoDecoder: setParameter 887 0x6000001
10-14 00:35:33.550  2789  2857 D OmxVideoDecoder: setParameter nPortIndex 0 CompFmt 0xa ColorFmt 0
10-14 00:35:33.551  2789  2857 D OmxVideoDecoder: setParameter 887 0x6000001
10-14 00:35:33.551  2789  2857 D OmxVideoDecoder: setParameter nPortIndex 1 CompFmt 0 ColorFmt 0x11
10-14 00:35:33.551  2789  2857 D OmxVideoDecoder: setParameter 887 0x2000001
10-14 00:35:33.551  2789  2857 D OmxVideoDecoder: setParameter nPortIndex 0 nFrameWidth 256 nFrameHeight 144 nSliceHeight 16
10-14 00:35:33.551  2789  2857 V OmxVideoDecoder: updatePort mUseNativeBuffers 1
10-14 00:35:33.551  2789  2857 D AmlogicVideoDecoderAwesome: get native buffer info NV:w:640,h:480..
10-14 00:35:33.551  2789  2857 V OmxVideoDecoder: updatePort:portDef.format.video.nFrameWidth=640,portDef.format.video.nFrameHeight=480
10-14 00:35:33.551  2789  2857 D OmxVideoDecoder: setParameter 887 0x2000001
10-14 00:35:33.551  2789  2857 W OmxVideoDecoder: Can not read property media.omx.display_mode
10-14 00:35:33.551  2789  2857 D OmxVideoDecoder: update mAdaptiveMaxFrameWidth mAdaptiveMaxFrameHeight to 256 x 144
10-14 00:35:33.551  2789  2857 D OmxVideoDecoder: setParameter nPortIndex 1 nFrameWidth 256 nFrameHeight 144 nSliceHeight 144
10-14 00:35:33.551  2789  2857 V OmxVideoDecoder: updatePort mUseNativeBuffers 1
10-14 00:35:33.551  2789  2857 D AmlogicVideoDecoderAwesome: get native buffer info NV:w:256,h:144..
10-14 00:35:33.551  2789  2857 V OmxVideoDecoder: updatePort:portDef.format.video.nFrameWidth=256,portDef.format.video.nFrameHeight=144
10-14 00:35:33.551  2789  2857 D OmxComponent: getExtensionIndex 1121 name="OMX.google.android.index.describeColorAspects"
10-14 00:35:33.551  2789  2857 D OmxComponent: getExtensionIndex 1121 name="OMX.google.android.index.storeMetaDataInBuffers"
10-14 00:35:33.551  2789  2857 D OmxComponent: getExtensionIndex 1121 name="OMX.google.android.index.storeANWBufferInMetadata"
10-14 00:35:33.551  2789  2857 D OmxComponent: getExtensionIndex 1121 name="OMX.google.android.index.prepareForAdaptivePlayback"
10-14 00:35:33.551  2789  2857 D OmxComponent: getExtensionIndex 1121 name="OMX.google.android.index.configureVideoTunnelMode"
10-14 00:35:33.551  2789  2857 D OmxComponent: getExtensionIndex 1121 name="OMX.google.android.index.useAndroidNativeBuffer2"
10-14 00:35:33.551  2789  2857 D OmxComponent: getExtensionIndex 1121 name="OMX.google.android.index.useAndroidNativeBuffer"
10-14 00:35:33.551  2789  2857 D OmxComponent: getExtensionIndex 1121 name="OMX.google.android.index.enableAndroidNativeBuffers"
10-14 00:35:33.551  2789  2857 D OmxComponent: getExtensionIndex 1121 name="OMX.google.android.index.allocateNativeHandle"
10-14 00:35:33.551  2789  2857 D OmxComponent: getExtensionIndex 1121 name="OMX.google.android.index.getAndroidNativeBufferUsage"
10-14 00:35:33.551  2789  2857 D OmxVideoDecoder: setConfig 1803 0x7f00000c
10-14 00:35:33.551  2789  2857 D OmxVideoDecoder: [DSZ] updateFinalColorAspects# final color aspects[P:1; T:3; M:1; R:2]
10-14 00:35:33.551  2789  2857 D OmxComponent: getExtensionIndex 1121 name="OMX.google.android.index.describeHDRStaticInfo"
10-14 00:35:33.551  2789  2857 D OmxVideoDecoder: setConfig 1803 0x7f000009
10-14 00:35:33.551  2789  2857 D OmxVideoDecoder: HDRStaticInfo: R=0 0; G=0 0; B=0 0; W=0 0; MaxDisplayLuminance:0, MinDisplayLuminance=0, mMaxContentLightLevel=0, MaxContentLightLevel=0
10-14 00:35:33.551  2789  2857 D OmxVideoDecoder: HDRStaticInfo: all parmeter is 0, set mHasHDRStaticInfo to false
10-14 00:35:33.551 11469 17268 I AmAVUtils: AmAVUtils::isAudioExtendFormat input = video/x-vnd.on2.vp9
10-14 00:35:33.552  2789  2857 D OmxVideoDecoder: setConfig 1803 0x6f800002
10-14 00:35:33.552  2789  2857 V OmxVideoDecoder: setConfig 1905 nIndex 0x6f800002
10-14 00:35:33.552  2789  2857 D OmxComponent: setConfig 1114
10-14 00:35:33.552  2789  2857 E OMXNodeInstance: setConfig(0xe7884bb0:amlogic.vp9.decoder.awesome, ConfigPriority(0x6f800002)) ERROR: UnsupportedIndex(0x8000101a)
10-14 00:35:33.552 11469 17268 I ACodec  : codec does not support config priority (err -1010)
10-14 00:35:33.552  2789  2857 E OMXNodeInstance: getParameter(0xe7884bb0:amlogic.vp9.decoder.awesome, ParamVideoAndroidVp8Encoder(0x6f600007)) ERROR: UnsupportedIndex(0x8000101a)
10-14 00:35:33.552  2789  2857 D OmxVideoDecoder: getConfig 1701 0x6f100004
10-14 00:35:33.552  2789  2857 V OmxVideoDecoder: VendorExt: getConfig: index=0 (4k-osd)
10-14 00:35:33.552  2789  2857 D OmxVideoDecoder: getConfig 1701 0x6f100004
10-14 00:35:33.552  2789  2857 V OmxVideoDecoder: VendorExt: getConfig: index=1 (is-mvc)
10-14 00:35:33.552  2789  2857 D OmxVideoDecoder: getConfig 1701 0x6f100004
10-14 00:35:33.552  2789  2857 V OmxVideoDecoder: VendorExt: getConfig: index=2 (is-flv)
10-14 00:35:33.552  2789  2857 D OmxVideoDecoder: getConfig 1701 0x6f100004
10-14 00:35:33.552  2789  2857 V OmxVideoDecoder: VendorExt: getConfig: index=3 (dvconfig-box)
10-14 00:35:33.552  2789  2857 D OmxVideoDecoder: getConfig 1701 0x6f100004
10-14 00:35:33.552  2789  2857 V OmxVideoDecoder: VendorExt: getConfig: index=4 (profile-level)
10-14 00:35:33.552  2789  2857 D OmxVideoDecoder: getConfig 1701 0x6f100004
10-14 00:35:33.552  2789  2857 V OmxVideoDecoder: VendorExt: getConfig: index=4 (profile-level)
10-14 00:35:33.552  2789  2857 D OmxVideoDecoder: getConfig 1701 0x6f100004
10-14 00:35:33.552  2789  2857 V OmxVideoDecoder: VendorExt: getConfig: index=5 (nrdp)
10-14 00:35:33.552  2789  2857 D OmxVideoDecoder: getConfig 1701 0x6f100004
10-14 00:35:33.553  2789  2857 V OmxVideoDecoder: updatePort mUseNativeBuffers 1
10-14 00:35:33.553  2789  2857 D AmlogicVideoDecoderAwesome: get native buffer info NV:w:256,h:144..
10-14 00:35:33.553  2789  2857 V OmxVideoDecoder: updatePort:portDef.format.video.nFrameWidth=256,portDef.format.video.nFrameHeight=144
10-14 00:35:33.553  2789  2857 D OmxVideoDecoder: getConfig 1701 0x700000f
10-14 00:35:33.553  2789  2857 D OmxVideoDecoder: getConfig 1704 nIndex 0x700000f
10-14 00:35:33.553  2789  2857 D OmxVideoDecoder: getConfig OMX_IndexConfigCommonOutputCrop pRect->nWidth=256, pRect->nHeight=144
10-14 00:35:33.553  2789  2857 D OmxVideoDecoder: setConfig 1803 0x7f00000c
10-14 00:35:33.553  2789  2857 D OmxVideoDecoder: getConfig 1701 0x7f00000c
10-14 00:35:33.553  2789  2857 D OmxVideoDecoder: getConfig 1701 0x7f00000c
10-14 00:35:33.553  2789  2857 E OMXNodeInstance: getConfig(0xe7884bb0:amlogic.vp9.decoder.awesome, ??(0x7f00000c)) ERROR: UnsupportedSetting(0x80001019)
10-14 00:35:33.553  2789  2857 D OmxVideoDecoder: getConfig 1701 0x7f000009
10-14 00:35:33.553  2789  2857 D OmxVideoDecoder: getConfig 1701 0x6f100004
10-14 00:35:33.553  2789  2857 V OmxVideoDecoder: VendorExt: getConfig: index=0 (4k-osd)
10-14 00:35:33.553  2789  2857 D OmxVideoDecoder: getConfig 1701 0x6f100004
10-14 00:35:33.553  2789  2857 V OmxVideoDecoder: VendorExt: getConfig: index=1 (is-mvc)
10-14 00:35:33.553  2789  2857 D OmxVideoDecoder: getConfig 1701 0x6f100004
10-14 00:35:33.553  2789  2857 V OmxVideoDecoder: VendorExt: getConfig: index=2 (is-flv)
10-14 00:35:33.553  2789  2857 D OmxVideoDecoder: getConfig 1701 0x6f100004
10-14 00:35:33.553  2789  2857 V OmxVideoDecoder: VendorExt: getConfig: index=3 (dvconfig-box)
10-14 00:35:33.553  2789  2857 D OmxVideoDecoder: getConfig 1701 0x6f100004
10-14 00:35:33.553  2789  2857 V OmxVideoDecoder: VendorExt: getConfig: index=4 (profile-level)
10-14 00:35:33.553  2789  2857 D OmxVideoDecoder: getConfig 1701 0x6f100004
10-14 00:35:33.553  2789  2857 V OmxVideoDecoder: VendorExt: getConfig: index=4 (profile-level)
10-14 00:35:33.554  2789  2857 D OmxVideoDecoder: getConfig 1701 0x6f100004
10-14 00:35:33.554  2789  2857 V OmxVideoDecoder: VendorExt: getConfig: index=5 (nrdp)
10-14 00:35:33.554  2789  2857 D OmxVideoDecoder: getConfig 1701 0x6f100004
10-14 00:35:33.555  2789 17269 I OmxComponent: OMX_CommandStateSet 738 Cmd 0 nParam1 0x2
10-14 00:35:33.555  2789 17269 I OmxComponent: STATE_SET:   OMX_StateLoaded => OMX_StateIdle : OMX.amlogic.vp9.decoder.awesome
10-14 00:35:33.555  2789 17269 I OmxComponent: STATE_TRANS: OMX_StateLoaded => OMX_StateIdle : OMX.amlogic.vp9.decoder.awesome
10-14 00:35:33.556  2746  2746 W AshmemAllocator: ashmem_create_region(1048576) returning hidl_memory(0xf1298180, 1048576)
10-14 00:35:33.556  2789 17269 I OmxComponent: STATE_TRANS: OMX_StateLoaded => OMX_StateIdle : OMX.amlogic.vp9.decoder.awesome
10-14 00:35:33.556  2746  2746 W AshmemAllocator: ashmem_create_region(1048576) returning hidl_memory(0xf1298180, 1048576)
10-14 00:35:33.556  2789 17269 I OmxComponent: STATE_TRANS: OMX_StateLoaded => OMX_StateIdle : OMX.amlogic.vp9.decoder.awesome
10-14 00:35:33.557  2746  2746 W AshmemAllocator: ashmem_create_region(1048576) returning hidl_memory(0xf1298180, 1048576)
10-14 00:35:33.557  2789 17269 I OmxComponent: STATE_TRANS: OMX_StateLoaded => OMX_StateIdle : OMX.amlogic.vp9.decoder.awesome
10-14 00:35:33.557  2789  2857 V OmxVideoDecoder: updatePort mUseNativeBuffers 1
10-14 00:35:33.557  2789  2857 D AmlogicVideoDecoderAwesome: get native buffer info NV:w:256,h:144..
10-14 00:35:33.557  2789  2857 V OmxVideoDecoder: updatePort:portDef.format.video.nFrameWidth=256,portDef.format.video.nFrameHeight=144
10-14 00:35:33.557  2789  2857 V OmxVideoDecoder: updatePort mUseNativeBuffers 1
10-14 00:35:33.557  2789  2857 D AmlogicVideoDecoderAwesome: get native buffer info NV:w:256,h:144..
10-14 00:35:33.557  2789  2857 V OmxVideoDecoder: updatePort:portDef.format.video.nFrameWidth=256,portDef.format.video.nFrameHeight=144
10-14 00:35:33.557  2789  2857 D OmxComponent: getExtensionIndex 1121 name="OMX.google.android.index.AndroidNativeBufferConsumerUsage"
10-14 00:35:33.557  2789  2857 D OmxVideoDecoder: setParameter 887 0x7f00000b
10-14 00:35:33.557  2789  2857 D OmxVideoDecoder: OMX_GoogleAndroidIndexAndroidNativeBufferConsumerUsage 0x900
10-14 00:35:33.557  2789  2857 D OmxComponent: getExtensionIndex 1121 name="OMX.google.android.index.getAndroidNativeBufferUsage"
10-14 00:35:33.557 11469 17268 D SurfaceUtils: disconnecting from surface 0xbc98e808, reason setNativeWindowSizeFormatAndUsage
10-14 00:35:33.558 11469 17268 D SurfaceUtils: connecting to surface 0xbc98e808, reason setNativeWindowSizeFormatAndUsage
10-14 00:35:33.558 11469 17268 D SurfaceUtils: set up nativeWindow 0xbc98e808 for 256x144, color 0x11, rotation 0, usage 0x402b00
10-14 00:35:33.558  2789  2857 D OmxVideoDecoder: setParameter 887 0x2000001
10-14 00:35:33.558  2789  2857 W OmxVideoDecoder: Can not read property media.omx.display_mode
10-14 00:35:33.558  2789  2857 D OmxVideoDecoder: update mAdaptiveMaxFrameWidth mAdaptiveMaxFrameHeight to 256 x 144
10-14 00:35:33.558  2789  2857 D OmxVideoDecoder: setParameter nPortIndex 1 nFrameWidth 256 nFrameHeight 144 nSliceHeight 144
10-14 00:35:33.558  2789  2857 V OmxVideoDecoder: updatePort mUseNativeBuffers 1
10-14 00:35:33.558  2789  2857 D AmlogicVideoDecoderAwesome: get native buffer info NV:w:256,h:144..
10-14 00:35:33.558  2789  2857 V OmxVideoDecoder: updatePort:portDef.format.video.nFrameWidth=256,portDef.format.video.nFrameHeight=144
10-14 00:35:33.558  2768  2950 W         : buffer descriptor with invalid usage bits 0x2000
10-14 00:35:33.559  2756  2903 I [Gralloc]: framebuffer hal alread move to hwcomposer
10-14 00:35:33.565  2789  2857 D OmxComponent: getExtensionIndex 1121 name="OMX.google.android.index.useAndroidNativeBuffer2"
10-14 00:35:33.565  2789  2857 V OmxVideoDecoder: updatePort mUseNativeBuffers 1
10-14 00:35:33.565  2789  2857 D AmlogicVideoDecoderAwesome: get native buffer info NV:w:256,h:144..
10-14 00:35:33.565  2789  2857 V OmxVideoDecoder: updatePort:portDef.format.video.nFrameWidth=256,portDef.format.video.nFrameHeight=144
10-14 00:35:33.565  2789 17269 I OmxComponent: STATE_TRANS: OMX_StateLoaded => OMX_StateIdle : OMX.amlogic.vp9.decoder.awesome
10-14 00:35:33.565  2768  2950 W         : buffer descriptor with invalid usage bits 0x2000
10-14 00:35:33.565  2756  2903 I [Gralloc]: framebuffer hal alread move to hwcomposer
10-14 00:35:33.575 11469 11469 E YT.mlplayer: MedialibPlayer.loadVideo(cpn=lUUCBfbJbUOerw23 playWhenReady=true positionMs=15660 playerEvents=[69] videoId=scrubbed mediaView=42324796(0,0,524,293) volume=1.0)
10-14 00:35:33.559  2768  2768 I Binder:2768_3: type=1400 audit(0.0:1160): avc: denied { read } for name="gralloc.odroidn2.so" dev="mmcblk0p12" ino=705 scontext=u:r:surfaceflinger:s0 tcontext=u:object_r:vendor_file:s0 tclass=file permissive=1
10-14 00:35:33.607  2789  2857 D OmxComponent: getExtensionIndex 1121 name="OMX.google.android.index.useAndroidNativeBuffer2"
10-14 00:35:33.607  2789  2857 V OmxVideoDecoder: updatePort mUseNativeBuffers 1
10-14 00:35:33.607  2789  2857 D AmlogicVideoDecoderAwesome: get native buffer info NV:w:256,h:144..
10-14 00:35:33.607  2789  2857 V OmxVideoDecoder: updatePort:portDef.format.video.nFrameWidth=256,portDef.format.video.nFrameHeight=144
10-14 00:35:33.607  2789 17269 I OmxComponent: STATE_TRANS: OMX_StateLoaded => OMX_StateIdle : OMX.amlogic.vp9.decoder.awesome
10-14 00:35:33.607  2768  2950 W         : buffer descriptor with invalid usage bits 0x2000
10-14 00:35:33.607  2756  2903 I [Gralloc]: framebuffer hal alread move to hwcomposer
10-14 00:35:33.618  2789  2857 D OmxComponent: getExtensionIndex 1121 name="OMX.google.android.index.useAndroidNativeBuffer2"
10-14 00:35:33.618  2789  2857 V OmxVideoDecoder: updatePort mUseNativeBuffers 1
10-14 00:35:33.618  2789  2857 D AmlogicVideoDecoderAwesome: get native buffer info NV:w:256,h:144..
10-14 00:35:33.618  2789  2857 V OmxVideoDecoder: updatePort:portDef.format.video.nFrameWidth=256,portDef.format.video.nFrameHeight=144
10-14 00:35:33.618  2789 17269 I OmxComponent: STATE_TRANS: OMX_StateLoaded => OMX_StateIdle : OMX.amlogic.vp9.decoder.awesome
10-14 00:35:33.618  2768  2950 W         : buffer descriptor with invalid usage bits 0x2000
10-14 00:35:33.619  2756  2903 I [Gralloc]: framebuffer hal alread move to hwcomposer
10-14 00:35:33.624  2789  2857 D OmxComponent: getExtensionIndex 1121 name="OMX.google.android.index.useAndroidNativeBuffer2"
10-14 00:35:33.624  2789  2857 V OmxVideoDecoder: updatePort mUseNativeBuffers 1
10-14 00:35:33.624  2789  2857 D AmlogicVideoDecoderAwesome: get native buffer info NV:w:256,h:144..
10-14 00:35:33.624  2789  2857 V OmxVideoDecoder: updatePort:portDef.format.video.nFrameWidth=256,portDef.format.video.nFrameHeight=144
10-14 00:35:33.625  2789 17269 I OmxComponent: STATE_TRANS: OMX_StateLoaded => OMX_StateIdle : OMX.amlogic.vp9.decoder.awesome
10-14 00:35:33.625  2768  3293 W         : buffer descriptor with invalid usage bits 0x2000
10-14 00:35:33.625  2756  2903 I [Gralloc]: framebuffer hal alread move to hwcomposer
10-14 00:35:33.630  2789  2857 D OmxComponent: getExtensionIndex 1121 name="OMX.google.android.index.useAndroidNativeBuffer2"
10-14 00:35:33.630  2789  2857 V OmxVideoDecoder: updatePort mUseNativeBuffers 1
10-14 00:35:33.630  2789  2857 D AmlogicVideoDecoderAwesome: get native buffer info NV:w:256,h:144..
10-14 00:35:33.630  2789  2857 V OmxVideoDecoder: updatePort:portDef.format.video.nFrameWidth=256,portDef.format.video.nFrameHeight=144
10-14 00:35:33.630  2789 17269 I OmxComponent: STATE_TRANS: OMX_StateLoaded => OMX_StateIdle : OMX.amlogic.vp9.decoder.awesome
10-14 00:35:33.630  2768  2849 W         : buffer descriptor with invalid usage bits 0x2000
10-14 00:35:33.630  2756  2903 I [Gralloc]: framebuffer hal alread move to hwcomposer
10-14 00:35:33.641  2789  2857 D OmxComponent: getExtensionIndex 1121 name="OMX.google.android.index.useAndroidNativeBuffer2"
10-14 00:35:33.641  2789  2857 V OmxVideoDecoder: updatePort mUseNativeBuffers 1
10-14 00:35:33.641  2789  2857 D AmlogicVideoDecoderAwesome: get native buffer info NV:w:256,h:144..
10-14 00:35:33.641  2789  2857 V OmxVideoDecoder: updatePort:portDef.format.video.nFrameWidth=256,portDef.format.video.nFrameHeight=144
10-14 00:35:33.641  2789 17269 I OmxComponent: STATE_TRANS: OMX_StateLoaded => OMX_StateIdle : OMX.amlogic.vp9.decoder.awesome
10-14 00:35:33.642  2768  2849 W         : buffer descriptor with invalid usage bits 0x2000
10-14 00:35:33.642  2756  2903 I [Gralloc]: framebuffer hal alread move to hwcomposer
10-14 00:35:33.645 11469 11513 W YT.mediacache: Unable to sniff ChunkIndex extractor [CONTEXT ratelimit_period="5000 MILLISECONDS [skipped: 1]" ]
10-14 00:35:33.559  2768  2768 I Binder:2768_3: type=1400 audit(0.0:1161): avc: denied { open } for path="/vendor/lib/hw/gralloc.odroidn2.so" dev="mmcblk0p12" ino=705 scontext=u:r:surfaceflinger:s0 tcontext=u:object_r:vendor_file:s0 tclass=file permissive=1
10-14 00:35:33.650  2789  2857 D OmxComponent: getExtensionIndex 1121 name="OMX.google.android.index.useAndroidNativeBuffer2"
10-14 00:35:33.650  2789  2857 V OmxVideoDecoder: updatePort mUseNativeBuffers 1
10-14 00:35:33.650  2789  2857 D AmlogicVideoDecoderAwesome: get native buffer info NV:w:256,h:144..
10-14 00:35:33.650  2789  2857 V OmxVideoDecoder: updatePort:portDef.format.video.nFrameWidth=256,portDef.format.video.nFrameHeight=144
10-14 00:35:33.650  2789 17269 I OmxComponent: STATE_TRANS: OMX_StateLoaded => OMX_StateIdle : OMX.amlogic.vp9.decoder.awesome
10-14 00:35:33.652  2768  2849 W         : buffer descriptor with invalid usage bits 0x2000
10-14 00:35:33.652  2756  2903 I [Gralloc]: framebuffer hal alread move to hwcomposer
10-14 00:35:33.656  2789  2857 D OmxComponent: getExtensionIndex 1121 name="OMX.google.android.index.useAndroidNativeBuffer2"
10-14 00:35:33.656  2789  2857 V OmxVideoDecoder: updatePort mUseNativeBuffers 1
10-14 00:35:33.656  2789  2857 D AmlogicVideoDecoderAwesome: get native buffer info NV:w:256,h:144..
10-14 00:35:33.656  2789  2857 V OmxVideoDecoder: updatePort:portDef.format.video.nFrameWidth=256,portDef.format.video.nFrameHeight=144
10-14 00:35:33.656  2789 17269 I OmxComponent: STATE_TRANS: OMX_StateLoaded => OMX_StateIdle : OMX.amlogic.vp9.decoder.awesome
10-14 00:35:33.657  2789 17269 V AmlogicVideoDecoderAwesome: acquireResources:360 >
10-14 00:35:33.657  2789 17269 D AmlogicVideoDecoderAwesome: setUp mVideoDisplay =0, mDisplayMode=0
10-14 00:35:33.657  2789 17269 D AmlogicVideoDecoderAwesome: mMaxFrameWidth 256, mMaxFrameHeight 144
10-14 00:35:33.657  2789 17269 I AmlogicVideoDecoderAwesome: video layer mKeepLastFrame 1
10-14 00:35:33.657  2789 17269 V AmlogicVideoDecoderAwesome: enable osd or video ...-410498560
10-14 00:35:33.657  2789 17269 V AmlogicVideoDecoderAwesome: media.omx.buffermargin is not set used def=0
10-14 00:35:33.657  2789 17269 D AmlogicVideoDecoderAwesome: mDoubleWriteMode 1
10-14 00:35:33.657  2789 17269 V debugSetup: media.omx.dumpRecv is disabled
10-14 00:35:33.657  2789 17269 V debugSetup: media.omx.dumpCodec is disabled
10-14 00:35:33.657  2789 17269 V AmlogicVideoDecoderAwesome: *Input Frame Rate is 0..
10-14 00:35:33.657  2789 17269 V AmlogicVideoDecoderAwesome: videoDefine.xFramerate:0  
10-14 00:35:33.657  2789 17269 V AmlogicVideoDecoderAwesome: mVideoType:10
10-14 00:35:33.657  2789 17269 D AmlogicVideoDecoderAwesome: decoder_type = 1
10-14 00:35:33.657  2789 17269 D AmlogicVideoDecoderAwesome: AmlogicVideoDecoder::setUp, mUseFrameMode 1, video_path 0
10-14 00:35:33.657  2789 17269 D AmlogicVideoDecoderAwesome: alloc ION Video device instance ID:0
10-14 00:35:33.657  2789 17269 D AmlogicVideoDecoderAwesome: mAmlCodecParam->config=vp9_buf_width:1920;vp9_buf_height:1088;vp9_double_write_mode:1;vp9_max_pic_w:256;vp9_max_pic_h:144;save_buffer_mode:0;
10-14 00:35:33.657  2789 17269 D AmlogicVideoDecoderAwesome: mAmlCodecParam->config_len=119
10-14 00:35:33.657  2789 17269 D AmlogicVideoDecoderAwesome: codecInit
10-14 00:35:33.661  2789 17265 I SoftAAC2: Reconfiguring decoder: 0->44100 Hz, 0->2 channels
10-14 00:35:33.664  2746  2746 W AshmemAllocator: ashmem_create_region(32768) returning hidl_memory(0xf1298180, 32768)
10-14 00:35:33.667  2746  2746 I chatty  : uid=1000(system) allocator@1.0-s identical 2 lines
10-14 00:35:33.667  2746  2746 W AshmemAllocator: ashmem_create_region(32768) returning hidl_memory(0xf1298180, 32768)
10-14 00:35:33.680  2766 16427 W AudioFlinger: createTrack_l(): mismatch between requested flags (00000008) and output flags (00000002)
10-14 00:35:33.681  2766 16427 D AudioFlinger: Client defaulted notificationFrames to 3675 for frameCount 11025
10-14 00:35:33.559  2768  2768 I Binder:2768_3: type=1400 audit(0.0:1162): avc: denied { getattr } for path="/vendor/lib/hw/gralloc.odroidn2.so" dev="mmcblk0p12" ino=705 scontext=u:r:surfaceflinger:s0 tcontext=u:object_r:vendor_file:s0 tclass=file permissive=1
10-14 00:35:33.731 15048 15048 V MusicFXControlPanelReceiver: onReceive
10-14 00:35:33.731 15048 15048 V MusicFXControlPanelReceiver: Action: android.media.action.OPEN_AUDIO_EFFECT_CONTROL_SESSION
10-14 00:35:33.731 15048 15048 V MusicFXControlPanelReceiver: Package name: com.google.android.apps.youtube.music
10-14 00:35:33.731 15048 15048 V MusicFXControlPanelReceiver: Audio session: 233
10-14 00:35:33.731 15048 15048 V MusicFXControlPanelEffect: openSession(android.app.ReceiverRestrictedContext@66eee64, com.google.android.apps.youtube.music, 233)
10-14 00:35:33.738 15048 15048 V MusicFXControlPanelReceiver: onReceive
10-14 00:35:33.738 15048 15048 V MusicFXControlPanelReceiver: Action: android.media.action.OPEN_AUDIO_EFFECT_CONTROL_SESSION
10-14 00:35:33.738 15048 15048 V MusicFXControlPanelReceiver: Package name: com.google.android.apps.youtube.music
10-14 00:35:33.738 15048 15048 V MusicFXControlPanelReceiver: Audio session: 233
10-14 00:35:33.738 15048 15048 V MusicFXControlPanelEffect: openSession(android.app.ReceiverRestrictedContext@66eee64, com.google.android.apps.youtube.music, 233)
10-14 00:35:33.773  2789 17269 D AmlogicVideoDecoderAwesome: codecInit done
10-14 00:35:33.773  2789 17269 D AmlogicVideoDecoderAwesome: media.omx.videopeek 0
10-14 00:35:33.773  2789 17269 I AmlogicVideoDecoderAwesome: video layer sync version is 3
10-14 00:35:33.773  2789 17269 V AmlogicVideoDecoderAwesome: mFlvFlag=0
10-14 00:35:33.773  2789 17269 V AmlogicVideoDecoderAwesome: mOutBufferCount =8
10-14 00:35:33.773  2789 17269 V AmlogicVideoDecoderAwesome: mIsNativeBuffers =1
10-14 00:35:33.773  2789 17269 D AmlogicVideoDecoderAwesome: mAmvideoDev->use_frame_mode=0
10-14 00:35:33.773  2789 17269 D AmlogicVideoDecoderAwesome: mAmvideoDev->use_frame_mode=1, mUseFrameMode=1
10-14 00:35:33.773  2789 17269 I amvdec  : amvideo_init ret=0
10-14 00:35:33.774  2789 17269 D AmlogicVideoDecoderAwesome: output buffer:mWidth:256, mHeight:144, mVideoDevId:0
10-14 00:35:33.775  2789 17269 I OmxComponent: STATE_DONE:  OMX_StateLoaded => OMX_StateIdle : OMX.amlogic.vp9.decoder.awesome
10-14 00:35:33.776  2789 17269 I OmxComponent: OMX_CommandStateSet 738 Cmd 0 nParam1 0x3
10-14 00:35:33.776  2789 17269 I OmxComponent: STATE_SET:   OMX_StateIdle => OMX_StateExecuting : OMX.amlogic.vp9.decoder.awesome
10-14 00:35:33.776  2789 17269 V AmlogicVideoDecoderAwesome: prepare:281 >
10-14 00:35:33.776  2789 17269 D AmlogicVideoDecoderAwesome: mVideo mDisplayTread start
10-14 00:35:33.776  2789 17269 D AmlogicVideoDecoderAwesome: mDTaskStatus=0
10-14 00:35:33.776  2789 17269 V AmlogicVideoDecoderAwesome: start:294 >
10-14 00:35:33.776  2789 17269 D AmlogicVideoDecoderAwesome: mVideo start
10-14 00:35:33.776  2789 17269 I OmxComponent: STATE_TRANS: OMX_StateIdle => OMX_StateExecuting : OMX.amlogic.vp9.decoder.awesome
10-14 00:35:33.776  2789 17275 V OMX_WorkerPeer: hardware/amlogic/omx/omx_framework/WorkerPeer.cpp:runWorkerStatic:152 --------------------
10-14 00:35:33.776  2789 17269 I OmxComponent: STATE_DONE:  OMX_StateIdle => OMX_StateExecuting : OMX.amlogic.vp9.decoder.awesome
10-14 00:35:33.777  2789 17275 V OMX_WorkerPeer: hardware/amlogic/omx/omx_framework/WorkerPeer.cpp:runWorker:158 --------------------
10-14 00:35:33.777  2789  2857 D AmlogicVideoDecoderAwesome: memset outputbuffer index=0, size 55296
10-14 00:35:33.777  2789 16012 D AmlogicVideoDecoderAwesome: memset outputbuffer index=1, size 55296
10-14 00:35:33.777  2789  2789 D AmlogicVideoDecoderAwesome: memset outputbuffer index=2, size 55296
10-14 00:35:33.777  2789  2856 D AmlogicVideoDecoderAwesome: memset outputbuffer index=3, size 55296
10-14 00:35:33.783  2789 17274 D AmlogicVideoDecoderAwesome: mFirstInputTime = 1385647, mFirstOutputTime=1385650, delay= 3ms
10-14 00:35:33.784  2789  2857 V OmxVideoDecoder: updatePort mUseNativeBuffers 1
10-14 00:35:33.784  2789  2857 D AmlogicVideoDecoderAwesome: get native buffer info NV:w:256,h:144..
10-14 00:35:33.784  2789  2857 V OmxVideoDecoder: updatePort:portDef.format.video.nFrameWidth=256,portDef.format.video.nFrameHeight=144
10-14 00:35:33.784  2789  2857 D OmxVideoDecoder: getConfig 1701 0x700000f
10-14 00:35:33.784  2789  2857 D OmxVideoDecoder: getConfig 1704 nIndex 0x700000f
10-14 00:35:33.784  2789  2857 D OmxVideoDecoder: getConfig OMX_IndexConfigCommonOutputCrop pRect->nWidth=256, pRect->nHeight=144
10-14 00:35:33.784  2789  2857 D OmxVideoDecoder: setConfig 1803 0x7f00000c
10-14 00:35:33.784  2789  2857 D OmxVideoDecoder: getConfig 1701 0x7f00000c
10-14 00:35:33.784  2789  2789 D OmxVideoDecoder: getConfig 1701 0x7f00000c
10-14 00:35:33.784  2789  2789 E OMXNodeInstance: getConfig(0xe7884bb0:amlogic.vp9.decoder.awesome, ??(0x7f00000c)) ERROR: UnsupportedSetting(0x80001019)
10-14 00:35:33.784  2789  2789 D OmxVideoDecoder: getConfig 1701 0x7f000009
10-14 00:35:33.784  2789  2789 D OmxVideoDecoder: getConfig 1701 0x6f100004
10-14 00:35:33.784  2789  2789 V OmxVideoDecoder: VendorExt: getConfig: index=0 (4k-osd)
10-14 00:35:33.784  2789  2857 D OmxVideoDecoder: getConfig 1701 0x6f100004
10-14 00:35:33.784  2789  2857 V OmxVideoDecoder: VendorExt: getConfig: index=1 (is-mvc)
10-14 00:35:33.784  2789  2857 D OmxVideoDecoder: getConfig 1701 0x6f100004
10-14 00:35:33.784  2789  2857 V OmxVideoDecoder: VendorExt: getConfig: index=2 (is-flv)
10-14 00:35:33.784  2789  2789 D OmxVideoDecoder: getConfig 1701 0x6f100004
10-14 00:35:33.784  2789  2789 V OmxVideoDecoder: VendorExt: getConfig: index=3 (dvconfig-box)
10-14 00:35:33.785  2789  2857 D OmxVideoDecoder: getConfig 1701 0x6f100004
10-14 00:35:33.785  2789  2857 V OmxVideoDecoder: VendorExt: getConfig: index=4 (profile-level)
10-14 00:35:33.785  2789  2857 D OmxVideoDecoder: getConfig 1701 0x6f100004
10-14 00:35:33.785  2789  2857 V OmxVideoDecoder: VendorExt: getConfig: index=4 (profile-level)
10-14 00:35:33.785  2789  2857 D OmxVideoDecoder: getConfig 1701 0x6f100004
10-14 00:35:33.785  2789  2857 V OmxVideoDecoder: VendorExt: getConfig: index=5 (nrdp)
10-14 00:35:33.785  2789  2789 D OmxVideoDecoder: getConfig 1701 0x6f100004
10-14 00:35:33.792  2789 17275 D AmlogicVideoDecoderAwesome: =10, =256, =144, =256, =144, =10594000, =10636000, =10677000, =3528, =2512, =206
10-14 00:35:34.193  2789  2789 D AmlogicVideoDecoderAwesome: memset outputbuffer index=4, size 55296
10-14 00:35:34.205  2789  2789 D AmlogicVideoDecoderAwesome: memset outputbuffer index=5, size 55296
10-14 00:35:34.230 11469 11469 V MediaRouter: onRestoreRoute() : route=RouteInfo{ name=HDMI, description=null, status=null, category=RouteCategory{ name=System types=ROUTE_TYPE_LIVE_AUDIO ROUTE_TYPE_LIVE_VIDEO  groupable=false }, supportedTypes=ROUTE_TYPE_LIVE_AUDIO ROUTE_TYPE_LIVE_VIDEO , presentationDisplay=null }
10-14 00:35:34.230 11469 11469 V MediaRouter: Selecting route: RouteInfo{ name=HDMI, description=null, status=null, category=RouteCategory{ name=System types=ROUTE_TYPE_LIVE_AUDIO ROUTE_TYPE_LIVE_VIDEO  groupable=false }, supportedTypes=ROUTE_TYPE_LIVE_AUDIO ROUTE_TYPE_LIVE_VIDEO , presentationDisplay=null }
10-14 00:35:34.234 11469 11469 W YouTubeMusic: Missing Vss3Config
10-14 00:35:34.254  2789  2789 D AmlogicVideoDecoderAwesome: memset outputbuffer index=6, size 55296
10-14 00:35:34.260 11469 11469 W YouTubeMusic: Warning: Sending VSS ping without a format parameter.
10-14 00:35:34.283  2789  2857 D AmlogicVideoDecoderAwesome: memset outputbuffer index=7, size 55296
10-14 00:35:34.452 11469 11480 I s.youtube.musi: Background concurrent copying GC freed 901573(29MB) AllocSpace objects, 167(6MB) LOS objects, 46% free, 27MB/51MB, paused 140us total 289.940ms
10-14 00:35:34.480 11469 11478 W System  : A resource failed to call end. 
10-14 00:35:34.481 11469 11478 W System  : A resource failed to call end. 
10-14 00:35:34.447 10737 10737 I Binder:10737_4: type=1400 audit(0.0:1163): avc: denied { open } for path="/sys/devices/virtual/android_usb/android0/state" dev="sysfs" ino=21483 scontext=u:r:priv_app:s0:c512,c768 tcontext=u:object_r:sysfs_android_usb:s0 tclass=file permissive=1
10-14 00:35:36.246  4078  4078 D skia    : --- Failed to create image decoder with message 'unimplemented'
10-14 00:35:36.270  4078  4078 D skia    : --- Failed to create image decoder with message 'unimplemented'
10-14 00:35:39.874 11469 11579 W YT.mediacache: Unable to sniff ChunkIndex extractor [CONTEXT ratelimit_period="5000 MILLISECONDS [skipped: 33]" ]
10-14 00:35:43.262  2953  2975 D AutofillManagerService: Close system dialogs
10-14 00:35:43.265  2953  3028 I ActivityManager: START u0 {act=android.intent.action.MAIN cat=[android.intent.category.HOME] flg=0x10200000 cmp=com.android.launcher3/.Launcher (has extras)} from uid 1000
10-14 00:35:43.272 11469 11469 W OrientationEventListener: Cannot detect sensors. Invalid disable
10-14 00:35:43.275  3106  3106 V StatusBar: mStatusBarWindow: com.android.systemui.statusbar.phone.StatusBarWindowView{530a9c0 V.ED..... ........ 0,0-1360,31} canPanelBeCollapsed(): false
10-14 00:35:43.275  3106  3106 I vol.Events: writeEvent dismiss_dialog volume_controller
10-14 00:35:43.314  2789 17269 I OmxComponent: OMX_CommandStateSet 738 Cmd 0 nParam1 0x2
10-14 00:35:43.314  2789 17269 I OmxComponent: STATE_SET:   OMX_StateExecuting => OMX_StateIdle : OMX.amlogic.vp9.decoder.awesome
10-14 00:35:43.314  2789 17269 I OmxComponent: OMX.amlogic.vp9.decoder.awesome: flush input
10-14 00:35:43.314  2789 17269 V AmlogicVideoDecoderAwesome: flushInput:894 >
10-14 00:35:43.314  2789 17269 V OMX_WorkerPeer: hardware/amlogic/omx/omx_framework/WorkerPeer.cpp:flushInput:56 --------------------
10-14 00:35:43.314  2789 17269 V AmlogicVideoDecoderAwesome: pause:286 >
10-14 00:35:43.320  2789 17269 V AmlogicVideoDecoderAwesome: reset:332 >
10-14 00:35:43.320  2789 17269 D AmlogicVideoDecoderAwesome: reset_1
10-14 00:35:43.321  2789 17269 I amcodec : AMSTREAM_SET_OMX_RUNNING ret=0
10-14 00:35:43.339  2756  2903 I [Gralloc]: framebuffer hal alread move to hwcomposer
10-14 00:35:43.345  2756  2902 I [Gralloc]: framebuffer hal alread move to hwcomposer
10-14 00:35:43.372  2756  2902 I [Gralloc]: framebuffer hal alread move to hwcomposer
10-14 00:35:43.373  2756  2902 E gralloc : ioctl c0144900 failed with code -1: Operation not permitted
10-14 00:35:43.374  3527  3638 D mali_winsys: EGLint new_window_surface(egl_winsys_display *, void *, EGLSurface, EGLConfig, egl_winsys_surface **, EGLBoolean) returns 0x3000
10-14 00:35:43.377  2789 17269 I amcodec : [codec_reset:1127]ret=0
10-14 00:35:43.377  2789 17269 D AmlogicVideoDecoderAwesome: reset_2
10-14 00:35:43.377  2789 17269 D AmlogicVideoDecoderAwesome: mDTaskStatus=1
10-14 00:35:43.377  2789 17269 V AmlogicVideoDecoderAwesome: start:294 >
10-14 00:35:43.377  2789 17269 E ThreadWorker: pthread on exit wait clean
10-14 00:35:43.378  2789 17269 D AmlogicVideoDecoderAwesome: mVideo start
10-14 00:35:43.378  2789 17269 V AmlogicVideoDecoderAwesome: flushInput:919 >
10-14 00:35:43.378  2789 17381 V OMX_WorkerPeer: hardware/amlogic/omx/omx_framework/WorkerPeer.cpp:runWorkerStatic:152 --------------------
10-14 00:35:43.378  2789 17269 I OmxComponent: OMX.amlogic.vp9.decoder.awesome: flush output
10-14 00:35:43.378  2789 17381 V OMX_WorkerPeer: hardware/amlogic/omx/omx_framework/WorkerPeer.cpp:runWorker:158 --------------------
10-14 00:35:43.378  2789 17269 V AmlogicVideoDecoderAwesome: flushOutput:922 >
10-14 00:35:43.378  2953  3058 W HdmiCecController: Failed to send <Text View On> src: 4, dst: 0 with errorCode=1
10-14 00:35:43.380  2789 17269 V AmlogicVideoDecoderAwesome: flushOutput:976 >
10-14 00:35:43.380  2789 17269 D AmlogicVideoDecoderAwesome: mVideo stop
10-14 00:35:43.382  2789 17269 V AmlogicVideoDecoderAwesome: stop:320 >
10-14 00:35:43.383  2789 17269 I OmxComponent: STATE_TRANS: OMX_StateExecuting => OMX_StateIdle : OMX.amlogic.vp9.decoder.awesome
10-14 00:35:43.383  2789 17269 I chatty  : uid=1046(mediacodec) decoder.awesome identical 2 lines
10-14 00:35:43.383  2789 17269 I OmxComponent: STATE_TRANS: OMX_StateExecuting => OMX_StateIdle : OMX.amlogic.vp9.decoder.awesome
10-14 00:35:43.383  2789 17269 I OmxComponent: STATE_DONE:  OMX_StateExecuting => OMX_StateIdle : OMX.amlogic.vp9.decoder.awesome
10-14 00:35:43.383  2789 17269 I OmxComponent: OMX_CommandStateSet 738 Cmd 0 nParam1 0x1
10-14 00:35:43.383  2789 17269 I OmxComponent: STATE_SET:   OMX_StateIdle => OMX_StateLoaded : OMX.amlogic.vp9.decoder.awesome
10-14 00:35:43.383  2789 17269 V AmlogicVideoDecoderAwesome: releaseResources:374 >
10-14 00:35:43.383  2789 17269 V AmlogicVideoDecoderAwesome: tearDown:793 >
10-14 00:35:43.383  2789 17269 V AmlogicVideoDecoderAwesome: tearDown:1434 >
10-14 00:35:43.383  2789 17269 V AmlogicVideoDecoderAwesome: initializeState_l:1512 >
10-14 00:35:43.386  2789 17269 D AmlogicVideoDecoderAwesome: free ION Video device instance ID:0
10-14 00:35:43.386  2789 17269 V AmlogicVideoDecoderAwesome: disable osd video ...-410253904
10-14 00:35:43.386  2789 17269 I OmxComponent: STATE_TRANS: OMX_StateIdle => OMX_StateLoaded : OMX.amlogic.vp9.decoder.awesome
10-14 00:35:43.386  2789 17269 I OmxComponent: STATE_DONE:  OMX_StateIdle => OMX_StateLoaded : OMX.amlogic.vp9.decoder.awesome
10-14 00:35:43.387  2789  2857 D OmxComponentManagerImpl: DecreaseEntryNumByName pEntry->mNum=1, pEntry->mMaxNum:9,componentName:OMX.amlogic.vp9.decoder.awesome
10-14 00:35:43.387  2789  2857 I omx_core: OMX_freeHandle_num_= 0
10-14 00:35:43.387  2789  2857 D AmlogicVideoDecoderAwesome: AmlogicVideoDecoderVp9 Dtor
10-14 00:35:43.387  2789  2857 D AmlogicVideoDecoderAwesome: ~AmlogicVideoDecoderAwesome
10-14 00:35:43.387  2789  2857 D AmlogicVideoDecoderAwesome: ~AmlogicVideoDecoder
10-14 00:35:43.387  2789  2857 D AmlogicVideoDecoderAwesome: ~AmlogicVideoDecoder, mOmxInstancenum 0
10-14 00:35:43.387 11469 17267 D SurfaceUtils: disconnecting from surface 0xbc98e808, reason disconnectFromSurface
10-14 00:35:43.405  2766  2911 D AudioFlinger: mixer(0xeb583ac0) throttle end: throttle time(1)
10-14 00:35:43.406  2756  2902 I [Gralloc]: framebuffer hal alread move to hwcomposer
10-14 00:35:43.406  2756  2902 E gralloc : ioctl c0144900 failed with code -1: Operation not permitted
10-14 00:35:43.339  2768  2768 I Binder:2768_2: type=1400 audit(0.0:1164): avc: denied { read } for name="gralloc.odroidn2.so" dev="mmcblk0p12" ino=705 scontext=u:r:surfaceflinger:s0 tcontext=u:object_r:vendor_file:s0 tclass=file permissive=1
10-14 00:35:43.423  2756  2902 I [Gralloc]: framebuffer hal alread move to hwcomposer
10-14 00:35:43.445  2756  2902 I [Gralloc]: framebuffer hal alread move to hwcomposer
10-14 00:35:43.472  3106  3182 I ndroid.systemu: Waiting for a blocking GC ProfileSaver
10-14 00:35:43.339  2768  2768 I Binder:2768_2: type=1400 audit(0.0:1165): avc: denied { open } for path="/vendor/lib/hw/gralloc.odroidn2.so" dev="mmcblk0p12" ino=705 scontext=u:r:surfaceflinger:s0 tcontext=u:object_r:vendor_file:s0 tclass=file permissive=1
10-14 00:35:43.483  2768  2841 E BufferQueueProducer: [com.google.android.apps.youtube.music/com.google.android.apps.youtube.music.activities.MusicActivity#0] disconnect: not connected (req=1)
10-14 00:35:43.483 11469 11620 W libEGL  : EGLNativeWindowType 0xc91f5808 disconnect failed
10-14 00:35:43.497 15048 15048 V MusicFXControlPanelReceiver: onReceive
10-14 00:35:43.497 15048 15048 V MusicFXControlPanelReceiver: Action: android.media.action.CLOSE_AUDIO_EFFECT_CONTROL_SESSION
10-14 00:35:43.497 15048 15048 V MusicFXControlPanelReceiver: Package name: com.google.android.apps.youtube.music
10-14 00:35:43.497 15048 15048 V MusicFXControlPanelReceiver: Audio session: 233
10-14 00:35:43.498 15048 15048 V MusicFXControlPanelEffect: closeSession(android.app.ReceiverRestrictedContext@66eee64, com.google.android.apps.youtube.music, 233)
10-14 00:35:43.500 15048 15048 V MusicFXControlPanelReceiver: onReceive
10-14 00:35:43.500 15048 15048 V MusicFXControlPanelReceiver: Action: android.media.action.CLOSE_AUDIO_EFFECT_CONTROL_SESSION
10-14 00:35:43.500 15048 15048 V MusicFXControlPanelReceiver: Package name: com.google.android.apps.youtube.music
10-14 00:35:43.500 15048 15048 V MusicFXControlPanelReceiver: Audio session: 233
10-14 00:35:43.500 15048 15048 V MusicFXControlPanelEffect: closeSession(android.app.ReceiverRestrictedContext@66eee64, com.google.android.apps.youtube.music, 233)
10-14 00:35:43.501  2766  2899 W AudioFlinger: createTrack_l(): mismatch between requested flags (00000008) and output flags (00000002)
10-14 00:35:43.501  2766  2899 D AudioFlinger: Client defaulted notificationFrames to 3675 for frameCount 11025
10-14 00:35:43.516  3106  3182 I ndroid.systemu: WaitForGcToComplete blocked ProfileSaver on HeapTrim for 44.054ms
10-14 00:35:43.339  2768  2768 I Binder:2768_2: type=1400 audit(0.0:1166): avc: denied { getattr } for path="/vendor/lib/hw/gralloc.odroidn2.so" dev="mmcblk0p12" ino=705 scontext=u:r:surfaceflinger:s0 tcontext=u:object_r:vendor_file:s0 tclass=file permissive=1
10-14 00:35:43.528  2756  2902 I [Gralloc]: framebuffer hal alread move to hwcomposer
10-14 00:35:43.531 11469 11469 W YouTubeMusic: Missing Vss3Config
10-14 00:35:43.531 11469 11469 W YouTubeMusic: Warning: unexpected playback play 24837 surpressed
10-14 00:35:43.545 11469 11469 V MediaRouter: onRestoreRoute() : route=RouteInfo{ name=HDMI, description=null, status=null, category=RouteCategory{ name=System types=ROUTE_TYPE_LIVE_AUDIO ROUTE_TYPE_LIVE_VIDEO  groupable=false }, supportedTypes=ROUTE_TYPE_LIVE_AUDIO ROUTE_TYPE_LIVE_VIDEO , presentationDisplay=null }
10-14 00:35:43.545 11469 11469 V MediaRouter: Selecting route: RouteInfo{ name=HDMI, description=null, status=null, category=RouteCategory{ name=System types=ROUTE_TYPE_LIVE_AUDIO ROUTE_TYPE_LIVE_VIDEO  groupable=false }, supportedTypes=ROUTE_TYPE_LIVE_AUDIO ROUTE_TYPE_LIVE_VIDEO , presentationDisplay=null }
10-14 00:35:43.403  3527  3527 I RenderThread: type=1400 audit(0.0:1167): avc: denied { read } for name="gralloc.odroidn2.so" dev="mmcblk0p12" ino=705 scontext=u:r:priv_app:s0:c512,c768 tcontext=u:object_r:vendor_file:s0 tclass=file permissive=1
10-14 00:35:43.423  2953  2953 I android.anim: type=1400 audit(0.0:1170): avc: denied { read } for name="gralloc.odroidn2.so" dev="mmcblk0p12" ino=705 scontext=u:r:system_server:s0 tcontext=u:object_r:vendor_file:s0 tclass=file permissive=1
10-14 00:35:43.423  2953  2953 I android.anim: type=1400 audit(0.0:1171): avc: denied { open } for path="/vendor/lib/hw/gralloc.odroidn2.so" dev="mmcblk0p12" ino=705 scontext=u:r:system_server:s0 tcontext=u:object_r:vendor_file:s0 tclass=file permissive=1
10-14 00:35:43.427  2953  2953 I android.anim: type=1400 audit(0.0:1172): avc: denied { getattr } for path="/vendor/lib/hw/gralloc.odroidn2.so" dev="mmcblk0p12" ino=705 scontext=u:r:system_server:s0 tcontext=u:object_r:vendor_file:s0 tclass=file permissive=1
10-14 00:35:43.650  2953  3058 W HdmiCecController: Failed to send <Give Device Power Status> src: 4, dst: 0 with errorCode=1
10-14 00:35:43.709 11469 11469 W MediaRouter: Ignoring invalid provider descriptor: null
10-14 00:35:43.710  3599 16909 I DiscoveryManager: Filter criteria(null) scannerFlags(0)
10-14 00:35:43.712  3599 16909 W GuestModeDeviceProber: setFilterCriteria
10-14 00:35:43.717  2953  2966 I WifiService: releaseMulticastLock uid=10064
10-14 00:35:43.873  2768  2849 W SurfaceFlinger: Attempting to set client state on removed layer: com.google.android.apps.youtube.music/com.google.android.apps.youtube.music.activities.MusicActivity#0
10-14 00:35:43.873  2768  2849 W SurfaceFlinger: Attempting to destroy on removed layer: com.google.android.apps.youtube.music/com.google.android.apps.youtube.music.activities.MusicActivity#0
10-14 00:35:43.875  2768  2849 W SurfaceFlinger: Attempting to set client state on removed layer: com.google.android.apps.youtube.music/com.google.android.apps.youtube.music.activities.MusicActivity#0
10-14 00:35:43.875  2768  2849 W SurfaceFlinger: Attempting to destroy on removed layer: com.google.android.apps.youtube.music/com.google.android.apps.youtube.music.activities.MusicActivity#0
10-14 00:35:44.916  2787  2821 E storaged: getDiskStats failed with result NOT_SUPPORTED and size 0
10-14 00:35:45.378  2953  3058 W HdmiCecController: Failed to send <Give Device Power Status> src: 4, dst: 0 with errorCode=1
10-14 00:35:46.283  4078  4078 D skia    : --- Failed to create image decoder with message 'unimplemented'
10-14 00:35:46.291  4078  4078 I tutu.ABenchMark: type=1400 audit(0.0:1176): avc: denied { open } for path="/proc/stat" dev="proc" ino=4026531957 scontext=u:r:untrusted_app_27:s0:c512,c768 tcontext=u:object_r:proc_stat:s0 tclass=file permissive=1
10-14 00:35:46.297  4078  4078 D skia    : --- Failed to create image decoder with message 'unimplemented'
10-14 00:35:49.895  2760  2760 I memtrack@1.0-se: type=1400 audit(0.0:1181): avc: denied { read } for name="mem_profile" dev="debugfs" ino=2850 scontext=u:r:hal_memtrack_default:s0 tcontext=u:object_r:debugfs:s0 tclass=file permissive=1
10-14 00:35:49.970  2766  2911 D AudioFlinger: mixer(0xeb583ac0) throttle end: throttle time(17)
10-14 00:35:49.895  2760  2760 I memtrack@1.0-se: type=1400 audit(0.0:1182): avc: denied { open } for path="/sys/kernel/debug/mali0/ctx/3106_3/mem_profile" dev="debugfs" ino=2850 scontext=u:r:hal_memtrack_default:s0 tcontext=u:object_r:debugfs:s0 tclass=file permissive=1
10-14 00:35:47.374  2953  3058 I chatty  : uid=1000(system) Hdmi Control Io identical 1 line
10-14 00:35:49.382  2953  3058 W HdmiCecController: Failed to send <Give Device Power Status> src: 4, dst: 0 with errorCode=1
10-14 00:35:50.389  2953  2965 D ConnectivityService: requestNetwork for uid/pid:10023/6841 NetworkRequest [ TRACK_DEFAULT id=146, [ Capabilities: INTERNET&NOT_RESTRICTED&TRUSTED Unwanted:  Uid: 10023] ]
10-14 00:35:50.389  2953  3062 D Ethernet: got request NetworkRequest [ TRACK_DEFAULT id=146, [ Capabilities: INTERNET&NOT_RESTRICTED&TRUSTED Unwanted:  Uid: 10023] ] with score 70
10-14 00:35:50.389  2953  3039 D WIFI    : got request NetworkRequest [ TRACK_DEFAULT id=146, [ Capabilities: INTERNET&NOT_RESTRICTED&TRUSTED Unwanted:  Uid: 10023] ] with score 70
10-14 00:35:50.389  2953  3039 D WIFI_UT : got request NetworkRequest [ TRACK_DEFAULT id=146, [ Capabilities: INTERNET&NOT_RESTRICTED&TRUSTED Unwanted:  Uid: 10023] ] with score 70
10-14 00:35:50.389  3169  3169 D PhoneSwitcherNetworkRequstListener: got request NetworkRequest [ TRACK_DEFAULT id=146, [ Capabilities: INTERNET&NOT_RESTRICTED&TRUSTED Unwanted:  Uid: 10023] ] with score 70
10-14 00:35:50.396  2953  2969 E NotificationService: Suppressing notification from package by user request.
10-14 00:35:50.397  2953  3042 D ConnectivityService: releasing NetworkRequest [ TRACK_DEFAULT id=146, [ Capabilities: INTERNET&NOT_RESTRICTED&TRUSTED Unwanted:  Uid: 10023] ] (release request)
10-14 00:35:51.386  2953  3058 W HdmiCecController: Failed to send <Give Device Power Status> src: 4, dst: 0 with errorCode=1
10-14 00:35:52.371  4078  4078 I tutu.ABenchMark: type=1400 audit(0.0:1184): avc: denied { open } for path="/proc/vmstat" dev="proc" ino=4026531993 scontext=u:r:untrusted_app_27:s0:c512,c768 tcontext=u:object_r:proc_vmstat:s0 tclass=file permissive=1
10-14 00:35:52.422  2766  2911 D AudioFlinger: mixer(0xeb583ac0) throttle end: throttle time(4)
10-14 00:35:52.371  4078  4078 I tutu.ABenchMark: type=1400 audit(0.0:1185): avc: denied { getattr } for path="/proc/vmstat" dev="proc" ino=4026531993 scontext=u:r:untrusted_app_27:s0:c512,c768 tcontext=u:object_r:proc_vmstat:s0 tclass=file permissive=1
10-14 00:35:56.303  4078  4078 D skia    : --- Failed to create image decoder with message 'unimplemented'
10-14 00:35:57.386  2953  3058 I chatty  : uid=1000(system) Hdmi Control Io identical 3 lines
10-14 00:35:59.386  2953  3058 W HdmiCecController: Failed to send <Give Device Power Status> src: 4, dst: 0 with errorCode=1
10-14 00:35:59.622  2953  3765 D ConnectivityService: requestNetwork for uid/pid:10088/11469 NetworkRequest [ TRACK_DEFAULT id=147, [ Capabilities: INTERNET&NOT_RESTRICTED&TRUSTED Unwanted:  Uid: 10088] ]
10-14 00:35:56.318  4078  4078 D skia    : --- Failed to create image decoder with message 'unimplemented'
10-14 00:35:59.622  3169  3169 D PhoneSwitcherNetworkRequstListener: got request NetworkRequest [ TRACK_DEFAULT id=147, [ Capabilities: INTERNET&NOT_RESTRICTED&TRUSTED Unwanted:  Uid: 10088] ] with score 70
10-14 00:35:59.622  2953  3062 D Ethernet: got request NetworkRequest [ TRACK_DEFAULT id=147, [ Capabilities: INTERNET&NOT_RESTRICTED&TRUSTED Unwanted:  Uid: 10088] ] with score 70
10-14 00:35:59.622  2953  3039 D WIFI    : got request NetworkRequest [ TRACK_DEFAULT id=147, [ Capabilities: INTERNET&NOT_RESTRICTED&TRUSTED Unwanted:  Uid: 10088] ] with score 70
10-14 00:35:59.623  2953  3039 D WIFI_UT : got request NetworkRequest [ TRACK_DEFAULT id=147, [ Capabilities: INTERNET&NOT_RESTRICTED&TRUSTED Unwanted:  Uid: 10088] ] with score 70
10-14 00:35:59.630  2953  3042 D ConnectivityService: releasing NetworkRequest [ TRACK_DEFAULT id=147, [ Capabilities: INTERNET&NOT_RESTRICTED&TRUSTED Unwanted:  Uid: 10088] ] (release request)
10-14 00:35:59.666  2953  3765 D ConnectivityService: requestNetwork for uid/pid:10088/11469 NetworkRequest [ TRACK_DEFAULT id=148, [ Capabilities: INTERNET&NOT_RESTRICTED&TRUSTED Unwanted:  Uid: 10088] ]
10-14 00:35:59.667  2953  3062 D Ethernet: got request NetworkRequest [ TRACK_DEFAULT id=148, [ Capabilities: INTERNET&NOT_RESTRICTED&TRUSTED Unwanted:  Uid: 10088] ] with score 70
10-14 00:35:59.667  2953  3039 D WIFI    : got request NetworkRequest [ TRACK_DEFAULT id=148, [ Capabilities: INTERNET&NOT_RESTRICTED&TRUSTED Unwanted:  Uid: 10088] ] with score 70
10-14 00:35:59.667  2953  3039 D WIFI_UT : got request NetworkRequest [ TRACK_DEFAULT id=148, [ Capabilities: INTERNET&NOT_RESTRICTED&TRUSTED Unwanted:  Uid: 10088] ] with score 70
10-14 00:35:59.668  3169  3169 D PhoneSwitcherNetworkRequstListener: got request NetworkRequest [ TRACK_DEFAULT id=148, [ Capabilities: INTERNET&NOT_RESTRICTED&TRUSTED Unwanted:  Uid: 10088] ] with score 70
10-14 00:35:59.673  2953  3042 D ConnectivityService: releasing NetworkRequest [ TRACK_DEFAULT id=148, [ Capabilities: INTERNET&NOT_RESTRICTED&TRUSTED Unwanted:  Uid: 10088] ] (release request)
10-14 00:36:01.386  2953  3058 W HdmiCecController: Failed to send <Give Device Power Status> src: 4, dst: 0 with errorCode=1
10-14 00:36:05.277  2953  2953 W WindowManager: One touch play failed: 1
10-14 00:36:06.331  4078  4078 D skia    : --- Failed to create image decoder with message 'unimplemented'
10-14 00:36:03.386  2953  3058 W HdmiCecController: Failed to send <Give Device Power Status> src: 4, dst: 0 with errorCode=1
10-14 00:36:20.409  2953  2965 D ConnectivityService: requestNetwork for uid/pid:10023/6841 NetworkRequest [ TRACK_DEFAULT id=149, [ Capabilities: INTERNET&NOT_RESTRICTED&TRUSTED Unwanted:  Uid: 10023] ]
10-14 00:36:16.355  4078  4078 I chatty  : uid=10079(com.antutu.ABenchMark) identical 2 lines
10-14 00:36:16.368  4078  4078 D skia    : --- Failed to create image decoder with message 'unimplemented'
10-14 00:36:20.410  2953  3062 D Ethernet: got request NetworkRequest [ TRACK_DEFAULT id=149, [ Capabilities: INTERNET&NOT_RESTRICTED&TRUSTED Unwanted:  Uid: 10023] ] with score 70
10-14 00:36:20.410  2953  3039 D WIFI    : got request NetworkRequest [ TRACK_DEFAULT id=149, [ Capabilities: INTERNET&NOT_RESTRICTED&TRUSTED Unwanted:  Uid: 10023] ] with score 70
10-14 00:36:20.410  2953  3039 D WIFI_UT : got request NetworkRequest [ TRACK_DEFAULT id=149, [ Capabilities: INTERNET&NOT_RESTRICTED&TRUSTED Unwanted:  Uid: 10023] ] with score 70
