10-14 00:35:17.166 11469 11545 W YouTubeMusic: Pinging https://s.youtube.com/api/stats/qoe?cl=335708953&ei=-siFX4O1PJWzgAOj0JPYCQ&event=streamingstats&feature=BFa&fexp=1714257%2C11222382%2C11223265%2C11223874%2C23735348%2C23744176%2C23839597%2C23857949%2C23862346%2C23876172%2C23880043%2C23882502%2C23884386%2C23885572%2C23915654%2C23918597%2C23927767%2C23928508%2C23930220%2C23934522%2C23934970%2C23935848%2C23942338%2C23942435%2C23944101%2C23944779%2C23944834%2C23946421%2C23946754%2C23947698%2C23948841%2C23950597%2C23952974%2C23955176%2C23956802%2C23957693%2C23957853%2C23958666%2C39788273%2C39789494%2C39792462%2C39792823%2C39793172%2C39793627%2C39793768%2C39794202&ns=yt&plid=AAWxjyX4Xv-PIe9c&cpn=tPFHb4zVChNgd28a&cplatform=tablet&cbr=com.google.android.apps.youtube.music&c=android_music&cmodel=odroidn2&cos=Android&csdk=28&cbrver=3.87.52&cver=3.87.52&cosver=9&cbrand=HardKernel%20Co.%2C%20Ltd.&vis=0.002:0,6.428:3,40.866:0&conn=0.005:1&vfs=0.366:0:::i&cplayer=ANDROID_EXOPLAYER_V2&bh=30.434:153.98,58.290:126.90&cmt=30.434:40.116,58.290:68.099&error=0.224:onesie.mismatch:0.000:c.non_matching_video_track_renderer_types;trt_1.MEDIA_CODEC_HARDWARE_ONLY;trt_2.null,0.360:player.exception:0.000:e.IOE.ubp.a.20:ubp.a.107:ual.a.11&vc=38752230&afs=0.366:140::i&sur=0.340:1&view=0.366:293:293&bat=0.004:0.420:0,58.306:0.420:0&rate=0.236:1.0&vps=0.000:N,0.233:B,0.421:PL,58.290:N&bwm=0.421:48037:0.029,30.434:3000495:0.655&ctmp=empe,st:0.235;st,pmqs:none&user_intent=0.225&seq=1&aur=0.420:6&docid=(scrubbed)
10-14 00:35:17.174 11469 11469 W EventBus: Potential duplicate subscribers at hmg#handleOfflineDataCacheUpdatedEvent, did you forget to unregister properly?
10-14 00:35:17.174 11469 11469 I chatty  : uid=10088(com.google.android.apps.youtube.music) identical 2 lines
10-14 00:35:17.174 11469 11469 W EventBus: Potential duplicate subscribers at hmg#handleOfflineDataCacheUpdatedEvent, did you forget to unregister properly?
10-14 00:35:17.175 11469 11469 W EventBus: Potential duplicate subscribers at hmg#handleOfflineVideoDeleteEvent, did you forget to unregister properly?
10-14 00:35:17.175 11469 11469 I chatty  : uid=10088(com.google.android.apps.youtube.music) identical 2 lines
10-14 00:35:17.175 11469 11469 W EventBus: Potential duplicate subscribers at hmg#handleOfflineVideoDeleteEvent, did you forget to unregister properly?
10-14 00:35:17.175 11469 11469 W EventBus: Potential duplicate subscribers at hmg#handleOfflineSingleVideosUpdateEvent, did you forget to unregister properly?
10-14 00:35:17.175 11469 11469 I chatty  : uid=10088(com.google.android.apps.youtube.music) identical 2 lines
10-14 00:35:17.175 11469 11469 W EventBus: Potential duplicate subscribers at hmg#handleOfflineSingleVideosUpdateEvent, did you forget to unregister properly?
10-14 00:35:17.175 11469 11469 W EventBus: Potential duplicate subscribers at hmg#handleOfflineVideoStatusUpdateEvent, did you forget to unregister properly?
10-14 00:35:17.175 11469 11469 I chatty  : uid=10088(com.google.android.apps.youtube.music) identical 2 lines
10-14 00:35:17.175 11469 11469 W EventBus: Potential duplicate subscribers at hmg#handleOfflineVideoStatusUpdateEvent, did you forget to unregister properly?
10-14 00:35:17.175 11469 11469 W EventBus: Potential duplicate subscribers at hmg#handleOfflineVideoCompleteEvent, did you forget to unregister properly?
10-14 00:35:17.175 11469 11469 I chatty  : uid=10088(com.google.android.apps.youtube.music) identical 2 lines
10-14 00:35:17.175 11469 11469 W EventBus: Potential duplicate subscribers at hmg#handleOfflineVideoCompleteEvent, did you forget to unregister properly?
10-14 00:35:17.175 11469 11469 W EventBus: Potential duplicate subscribers at hmg#handleOfflineVideoAddEvent, did you forget to unregister properly?
10-14 00:35:17.175 11469 11469 I chatty  : uid=10088(com.google.android.apps.youtube.music) identical 2 lines
10-14 00:35:17.175 11469 11469 W EventBus: Potential duplicate subscribers at hmg#handleOfflineVideoAddEvent, did you forget to unregister properly?
10-14 00:35:17.216 15048 15048 V MusicFXControlPanelReceiver: onReceive
10-14 00:35:17.216 15048 15048 V MusicFXControlPanelReceiver: Action: android.media.action.CLOSE_AUDIO_EFFECT_CONTROL_SESSION
10-14 00:35:17.216 15048 15048 V MusicFXControlPanelReceiver: Package name: com.google.android.apps.youtube.music
10-14 00:35:17.216 15048 15048 V MusicFXControlPanelReceiver: Audio session: 217
10-14 00:35:17.216 15048 15048 V MusicFXControlPanelEffect: closeSession(android.app.ReceiverRestrictedContext@66eee64, com.google.android.apps.youtube.music, 217)
10-14 00:35:17.220 15048 15048 V MusicFXControlPanelReceiver: onReceive
10-14 00:35:17.220 15048 15048 V MusicFXControlPanelReceiver: Action: android.media.action.CLOSE_AUDIO_EFFECT_CONTROL_SESSION
10-14 00:35:17.221 15048 15048 V MusicFXControlPanelReceiver: Package name: com.google.android.apps.youtube.music
10-14 00:35:17.221 15048 15048 V MusicFXControlPanelReceiver: Audio session: 217
10-14 00:35:17.221 15048 15048 V MusicFXControlPanelEffect: closeSession(android.app.ReceiverRestrictedContext@66eee64, com.google.android.apps.youtube.music, 217)
10-14 00:35:17.276 11469 17107 I OMXClient: IOmx service obtained
10-14 00:35:17.276  2789  2857 I OMXMaster: makeComponentInstance(OMX.google.aac.decoder) in omx@1.0-service process
10-14 00:35:17.278 11469 17107 I AmAVUtils: AmAVUtils::getComponentRole isEncoder :0 mime:audio/mp4a-latm 
10-14 00:35:17.278 11469 17107 V AVUtils : AVUtils::getComponentRole
10-14 00:35:17.278 11469 17107 I AmAVUtils: AmAVUtils::isAudioExtendFormat input = audio/mp4a-latm
10-14 00:35:17.278  2789  2857 E OMXNodeInstance: setConfig(0xe78a7f00:google.aac.decoder, ConfigPriority(0x6f800002)) ERROR: Undefined(0x80001001)
10-14 00:35:17.278 11469 17107 I ACodec  : codec does not support config priority (err -2147483648)
10-14 00:35:17.278  2789  2857 E OMXNodeInstance: getConfig(0xe78a7f00:google.aac.decoder, ConfigAndroidVendorExtension(0x6f100004)) ERROR: Undefined(0x80001001)
10-14 00:35:17.282  2746  2746 W AshmemAllocator: ashmem_create_region(8192) returning hidl_memory(0xf1298180, 8192)
10-14 00:35:17.283  2746  2746 I chatty  : uid=1000(system) allocator@1.0-s identical 2 lines
10-14 00:35:17.285  2746  2746 W AshmemAllocator: ashmem_create_region(8192) returning hidl_memory(0xf1298180, 8192)
10-14 00:35:17.289  2746  2746 W AshmemAllocator: ashmem_create_region(32768) returning hidl_memory(0xf1298180, 32768)
10-14 00:35:17.292  2746  2746 I chatty  : uid=1000(system) allocator@1.0-s identical 2 lines
10-14 00:35:17.293  2746  2746 W AshmemAllocator: ashmem_create_region(32768) returning hidl_memory(0xf1298180, 32768)
10-14 00:35:17.295  2789 17108 I SoftAAC2: Reconfiguring decoder: 0->44100 Hz, 0->2 channels
10-14 00:35:17.300  2746  2746 W AshmemAllocator: ashmem_create_region(32768) returning hidl_memory(0xf1298180, 32768)
10-14 00:35:17.306  2746  2746 I chatty  : uid=1000(system) allocator@1.0-s identical 2 lines
10-14 00:35:17.307  2746  2746 W AshmemAllocator: ashmem_create_region(32768) returning hidl_memory(0xf1298180, 32768)
10-14 00:35:17.316  2766  3526 W AudioFlinger: createTrack_l(): mismatch between requested flags (00000008) and output flags (00000002)
10-14 00:35:17.316  2766  3526 D AudioFlinger: Client defaulted notificationFrames to 3675 for frameCount 11025
10-14 00:35:17.466 11469 11469 E YT.mlplayer: MedialibPlayer.loadVideo(cpn=2EcKEypOPqnb15Uv playWhenReady=true positionMs=0 playerEvents=[23] videoId=scrubbed mediaView=null volume=1.0)
10-14 00:35:17.531  2953  2963 I system_server: NativeAlloc concurrent copying GC freed 146202(6MB) AllocSpace objects, 9(244KB) LOS objects, 42% free, 12MB/21MB, paused 1.389ms total 132.552ms
10-14 00:35:17.568  2766  2899 W AudioFlinger: createTrack_l(): mismatch between requested flags (00000008) and output flags (00000002)
10-14 00:35:17.568  2766  2899 D AudioFlinger: Client defaulted notificationFrames to 3675 for frameCount 11025
10-14 00:35:17.619 11469 11469 W YouTubeMusic: Missing Vss3Config
10-14 00:35:17.630 11469 11469 V MediaRouter: onRestoreRoute() : route=RouteInfo{ name=HDMI, description=null, status=null, category=RouteCategory{ name=System types=ROUTE_TYPE_LIVE_AUDIO ROUTE_TYPE_LIVE_VIDEO  groupable=false }, supportedTypes=ROUTE_TYPE_LIVE_AUDIO ROUTE_TYPE_LIVE_VIDEO , presentationDisplay=null }
10-14 00:35:17.630 11469 11469 V MediaRouter: Selecting route: RouteInfo{ name=HDMI, description=null, status=null, category=RouteCategory{ name=System types=ROUTE_TYPE_LIVE_AUDIO ROUTE_TYPE_LIVE_VIDEO  groupable=false }, supportedTypes=ROUTE_TYPE_LIVE_AUDIO ROUTE_TYPE_LIVE_VIDEO , presentationDisplay=null }
10-14 00:35:17.653 11469 11544 W YT.mediacache: Unable to sniff ChunkIndex extractor [CONTEXT ratelimit_period="5000 MILLISECONDS [skipped: 3]" ]
10-14 00:35:17.818 11469 11480 I s.youtube.musi: NativeAlloc concurrent copying GC freed 353799(12MB) AllocSpace objects, 97(4MB) LOS objects, 39% free, 37MB/61MB, paused 864us total 420.905ms
10-14 00:35:17.821 11469 11478 W System  : A resource failed to call end. 
10-14 00:35:08.629  3527  3527 I chatty  : uid=10024(com.android.launcher3) identical 2 lines
10-14 00:35:08.629  3527  3527 W ViewRootImpl[Launcher]: Cancelling event due to no window focus: MotionEvent { action=ACTION_CANCEL, actionButton=0, id[0]=0, x[0]=526.03644, y[0]=422.02402, toolType[0]=TOOL_TYPE_MOUSE, buttonState=0, metaState=0, flags=0x0, edgeFlags=0x0, pointerCount=1, historySize=0, eventTime=1360495, downTime=1351287, deviceId=4, source=0x2002 }
10-14 00:35:20.362  2953 11249 D ConnectivityService: requestNetwork for uid/pid:10023/6841 NetworkRequest [ TRACK_DEFAULT id=145, [ Capabilities: INTERNET&NOT_RESTRICTED&TRUSTED Unwanted:  Uid: 10023] ]
10-14 00:35:20.363  2953  3062 D Ethernet: got request NetworkRequest [ TRACK_DEFAULT id=145, [ Capabilities: INTERNET&NOT_RESTRICTED&TRUSTED Unwanted:  Uid: 10023] ] with score 70
10-14 00:35:20.365  2953  3039 D WIFI    : got request NetworkRequest [ TRACK_DEFAULT id=145, [ Capabilities: INTERNET&NOT_RESTRICTED&TRUSTED Unwanted:  Uid: 10023] ] with score 70
10-14 00:35:20.365  2953  3039 D WIFI_UT : got request NetworkRequest [ TRACK_DEFAULT id=145, [ Capabilities: INTERNET&NOT_RESTRICTED&TRUSTED Unwanted:  Uid: 10023] ] with score 70
10-14 00:35:20.364  3169  3169 D PhoneSwitcherNetworkRequstListener: got request NetworkRequest [ TRACK_DEFAULT id=145, [ Capabilities: INTERNET&NOT_RESTRICTED&TRUSTED Unwanted:  Uid: 10023] ] with score 70
10-14 00:35:20.374  2953  2969 E NotificationService: Suppressing notification from package by user request.
10-14 00:35:20.376  2953  3042 D ConnectivityService: releasing NetworkRequest [ TRACK_DEFAULT id=145, [ Capabilities: INTERNET&NOT_RESTRICTED&TRUSTED Unwanted:  Uid: 10023] ] (release request)
10-14 00:35:21.747 10737 10737 I Binder:10737_1: type=1400 audit(0.0:1154): avc: denied { open } for path="/sys/devices/virtual/android_usb/android0/state" dev="sysfs" ino=21483 scontext=u:r:priv_app:s0:c512,c768 tcontext=u:object_r:sysfs_android_usb:s0 tclass=file permissive=1
10-14 00:35:21.831  2766  2911 D AudioFlinger: mixer(0xeb583ac0) throttle end: throttle time(17)
10-14 00:35:26.218  4078  4078 D skia    : --- Failed to create image decoder with message 'unimplemented'
10-14 00:35:26.234  4078  4078 D skia    : --- Failed to create image decoder with message 'unimplemented'
10-14 00:35:26.223  4078  4078 I tutu.ABenchMark: type=1400 audit(0.0:1155): avc: denied { open } for path="/proc/stat" dev="proc" ino=4026531957 scontext=u:r:untrusted_app_27:s0:c512,c768 tcontext=u:object_r:proc_stat:s0 tclass=file permissive=1
10-14 00:35:26.334  2766  2911 D AudioFlinger: mixer(0xeb583ac0) throttle end: throttle time(26)
10-14 00:35:26.223  4078  4078 I tutu.ABenchMark: type=1400 audit(0.0:1157): avc: denied { read } for name="temp" dev="sysfs" ino=8951 scontext=u:r:untrusted_app_27:s0:c512,c768 tcontext=u:object_r:sysfs:s0 tclass=file permissive=1
10-14 00:35:27.641 11469 11513 W YT.mediacache: Unable to sniff ChunkIndex extractor [CONTEXT ratelimit_period="5000 MILLISECONDS [skipped: 3]" ]
10-14 00:35:33.359 11469 11469 E YT.mlplayer: MedialibPlayer.stopVideo()
10-14 00:35:33.360 11469 11469 I chatty  : uid=10088(com.google.android.apps.youtube.music) identical 1 line
10-14 00:35:33.367 11469 11469 E YT.mlplayer: MedialibPlayer.stopVideo()
10-14 00:35:33.381 11469 11547 W YouTubeMusic: Pinging https://s.youtube.com/api/stats/qoe?cl=335708953&ei=NcmFX5DuE4Ki4ALb7YygBA&event=streamingstats&feature=BFa&fexp=1714257%2C11222382%2C11223265%2C11223874%2C23735348%2C23744176%2C23839597%2C23857949%2C23862346%2C23876172%2C23880043%2C23882502%2C23884386%2C23885572%2C23915654%2C23918597%2C23927767%2C23928508%2C23930220%2C23934522%2C23934970%2C23935848%2C23942338%2C23942435%2C23944101%2C23944779%2C23944834%2C23946421%2C23946754%2C23947698%2C23948841%2C23950597%2C23952974%2C23955176%2C23956802%2C23957693%2C23957853%2C23958666%2C39788273%2C39789494%2C39792462%2C39792823%2C39793172%2C39793627%2C39793768%2C39794202&ns=yt&plid=AAWxjylyj9P0wYof&cpn=2EcKEypOPqnb15Uv&cplatform=tablet&cbr=com.google.android.apps.youtube.music&c=android_music&cmodel=odroidn2&cos=Android&csdk=28&cbrver=3.87.52&cver=3.87.52&cosver=9&cbrand=HardKernel%20Co.%2C%20Ltd.&vis=0.002:0&conn=0.015:1&vfs=0.454:0:::i&cplayer=ANDROID_EXOPLAYER_V2&bh=16.215:175.99&cmt=16.215:15.009&error=0.324:onesie.mismatch:0.000:c.non_matching_video_track_renderer_types;trt_1.MEDIA_CODEC_HARDWARE_ONLY;trt_2.null&vc=38752230&afs=0.454:140::i&sur=0.395:1&view=0.454:293:293&bat=0.009:0.420:0,16.227:0.420:0&rate=0.334:1.0&vps=0.000:N,0.329:B,0.478:PL,16.215:N&bwm=16.215:2981746:0.644&ctmp=empe,pmqs:none&user_intent=0.324&seq=1&aur=0.477:6&docid=(scrubbed)
10-14 00:35:33.381 11469 11469 W EventBus: Potential duplicate subscribers at hmg#handleOfflineDataCacheUpdatedEvent, did you forget to unregister properly?
10-14 00:35:33.382 11469 11469 I chatty  : uid=10088(com.google.android.apps.youtube.music) identical 6 lines
10-14 00:35:33.382 11469 11469 W EventBus: Potential duplicate subscribers at hmg#handleOfflineDataCacheUpdatedEvent, did you forget to unregister properly?
10-14 00:35:33.382 11469 11469 W EventBus: Potential duplicate subscribers at hmg#handleOfflineVideoDeleteEvent, did you forget to unregister properly?
10-14 00:35:33.382 11469 11469 I chatty  : uid=10088(com.google.android.apps.youtube.music) identical 4 lines
10-14 00:35:33.382 11469 11469 W EventBus: Potential duplicate subscribers at hmg#handleOfflineVideoDeleteEvent, did you forget to unregister properly?
10-14 00:35:33.382 11469 11469 W EventBus: Potential duplicate subscribers at hmg#handleOfflineSingleVideosUpdateEvent, did you forget to unregister properly?
10-14 00:35:33.382 11469 11469 I chatty  : uid=10088(com.google.android.apps.youtube.music) identical 4 lines
10-14 00:35:33.382 11469 11469 W EventBus: Potential duplicate subscribers at hmg#handleOfflineSingleVideosUpdateEvent, did you forget to unregister properly?
10-14 00:35:33.382 11469 11469 W EventBus: Potential duplicate subscribers at hmg#handleOfflineVideoStatusUpdateEvent, did you forget to unregister properly?
10-14 00:35:33.382 11469 11469 I chatty  : uid=10088(com.google.android.apps.youtube.music) identical 4 lines
10-14 00:35:33.382 11469 11469 W EventBus: Potential duplicate subscribers at hmg#handleOfflineVideoStatusUpdateEvent, did you forget to unregister properly?
10-14 00:35:33.382 11469 11469 W EventBus: Potential duplicate subscribers at hmg#handleOfflineVideoCompleteEvent, did you forget to unregister properly?
10-14 00:35:33.382 11469 11469 I chatty  : uid=10088(com.google.android.apps.youtube.music) identical 4 lines
10-14 00:35:33.382 11469 11469 W EventBus: Potential duplicate subscribers at hmg#handleOfflineVideoCompleteEvent, did you forget to unregister properly?
10-14 00:35:33.382 11469 11469 W EventBus: Potential duplicate subscribers at hmg#handleOfflineVideoAddEvent, did you forget to unregister properly?
10-14 00:35:33.382 11469 11469 I chatty  : uid=10088(com.google.android.apps.youtube.music) identical 4 lines
10-14 00:35:33.382 11469 11469 W EventBus: Potential duplicate subscribers at hmg#handleOfflineVideoAddEvent, did you forget to unregister properly?
10-14 00:35:33.386 11469 11469 W EventBus: Potential duplicate subscribers at hmg#handleOfflineDataCacheUpdatedEvent, did you forget to unregister properly?
10-14 00:35:33.386 11469 11469 I chatty  : uid=10088(com.google.android.apps.youtube.music) identical 2 lines
10-14 00:35:33.386 11469 11469 W EventBus: Potential duplicate subscribers at hmg#handleOfflineDataCacheUpdatedEvent, did you forget to unregister properly?
10-14 00:35:33.386 11469 11469 W EventBus: Potential duplicate subscribers at hmg#handleOfflineVideoDeleteEvent, did you forget to unregister properly?
10-14 00:35:33.387 11469 11469 I chatty  : uid=10088(com.google.android.apps.youtube.music) identical 2 lines
10-14 00:35:33.387 11469 11469 W EventBus: Potential duplicate subscribers at hmg#handleOfflineVideoDeleteEvent, did you forget to unregister properly?
10-14 00:35:33.387 11469 11469 W EventBus: Potential duplicate subscribers at hmg#handleOfflineSingleVideosUpdateEvent, did you forget to unregister properly?
10-14 00:35:33.387 11469 11469 I chatty  : uid=10088(com.google.android.apps.youtube.music) identical 2 lines
10-14 00:35:33.387 11469 11469 W EventBus: Potential duplicate subscribers at hmg#handleOfflineSingleVideosUpdateEvent, did you forget to unregister properly?
10-14 00:35:33.387 11469 11469 W EventBus: Potential duplicate subscribers at hmg#handleOfflineVideoStatusUpdateEvent, did you forget to unregister properly?
10-14 00:35:33.387 11469 11469 I chatty  : uid=10088(com.google.android.apps.youtube.music) identical 2 lines
10-14 00:35:33.387 11469 11469 W EventBus: Potential duplicate subscribers at hmg#handleOfflineVideoStatusUpdateEvent, did you forget to unregister properly?
10-14 00:35:33.387 11469 11469 W EventBus: Potential duplicate subscribers at hmg#handleOfflineVideoCompleteEvent, did you forget to unregister properly?
10-14 00:35:33.388 11469 11469 I chatty  : uid=10088(com.google.android.apps.youtube.music) identical 2 lines
10-14 00:35:33.388 11469 11469 W EventBus: Potential duplicate subscribers at hmg#handleOfflineVideoCompleteEvent, did you forget to unregister properly?
10-14 00:35:33.388 11469 11469 W EventBus: Potential duplicate subscribers at hmg#handleOfflineVideoAddEvent, did you forget to unregister properly?
10-14 00:35:33.388 11469 11469 I chatty  : uid=10088(com.google.android.apps.youtube.music) identical 2 lines
10-14 00:35:33.388 11469 11469 W EventBus: Potential duplicate subscribers at hmg#handleOfflineVideoAddEvent, did you forget to unregister properly?
10-14 00:35:33.389 11469 11469 W EventBus: Potential duplicate subscribers at hmg#handleOfflineDataCacheUpdatedEvent, did you forget to unregister properly?
10-14 00:35:33.389 11469 11469 I chatty  : uid=10088(com.google.android.apps.youtube.music) identical 2 lines
10-14 00:35:33.389 11469 11469 W EventBus: Potential duplicate subscribers at hmg#handleOfflineDataCacheUpdatedEvent, did you forget to unregister properly?
10-14 00:35:33.389 11469 11469 W EventBus: Potential duplicate subscribers at hmg#handleOfflineVideoDeleteEvent, did you forget to unregister properly?
10-14 00:35:33.389 11469 11469 I chatty  : uid=10088(com.google.android.apps.youtube.music) identical 2 lines
10-14 00:35:33.389 11469 11469 W EventBus: Potential duplicate subscribers at hmg#handleOfflineVideoDeleteEvent, did you forget to unregister properly?
10-14 00:35:33.389 11469 11469 W EventBus: Potential duplicate subscribers at hmg#handleOfflineSingleVideosUpdateEvent, did you forget to unregister properly?
10-14 00:35:33.389 11469 11469 I chatty  : uid=10088(com.google.android.apps.youtube.music) identical 2 lines
10-14 00:35:33.389 11469 11469 W EventBus: Potential duplicate subscribers at hmg#handleOfflineSingleVideosUpdateEvent, did you forget to unregister properly?
10-14 00:35:33.390 11469 11469 W EventBus: Potential duplicate subscribers at hmg#handleOfflineVideoStatusUpdateEvent, did you forget to unregister properly?
10-14 00:35:33.390 11469 11469 I chatty  : uid=10088(com.google.android.apps.youtube.music) identical 2 lines
10-14 00:35:33.390 11469 11469 W EventBus: Potential duplicate subscribers at hmg#handleOfflineVideoStatusUpdateEvent, did you forget to unregister properly?
10-14 00:35:33.390 11469 11469 W EventBus: Potential duplicate subscribers at hmg#handleOfflineVideoCompleteEvent, did you forget to unregister properly?
10-14 00:35:33.390 11469 11469 I chatty  : uid=10088(com.google.android.apps.youtube.music) identical 2 lines
10-14 00:35:33.390 11469 11469 W EventBus: Potential duplicate subscribers at hmg#handleOfflineVideoCompleteEvent, did you forget to unregister properly?
10-14 00:35:33.390 11469 11469 W EventBus: Potential duplicate subscribers at hmg#handleOfflineVideoAddEvent, did you forget to unregister properly?
10-14 00:35:33.390 11469 11469 I chatty  : uid=10088(com.google.android.apps.youtube.music) identical 2 lines
10-14 00:35:33.390 11469 11469 W EventBus: Potential duplicate subscribers at hmg#handleOfflineVideoAddEvent, did you forget to unregister properly?
10-14 00:35:33.391 11469 11469 W EventBus: Potential duplicate subscribers at hmg#handleOfflineDataCacheUpdatedEvent, did you forget to unregister properly?
10-14 00:35:33.391 11469 11469 I chatty  : uid=10088(com.google.android.apps.youtube.music) identical 2 lines
10-14 00:35:33.391 11469 11469 W EventBus: Potential duplicate subscribers at hmg#handleOfflineDataCacheUpdatedEvent, did you forget to unregister properly?
10-14 00:35:33.391 11469 11469 W EventBus: Potential duplicate subscribers at hmg#handleOfflineVideoDeleteEvent, did you forget to unregister properly?
10-14 00:35:33.391 11469 11469 I chatty  : uid=10088(com.google.android.apps.youtube.music) identical 2 lines
10-14 00:35:33.391 11469 11469 W EventBus: Potential duplicate subscribers at hmg#handleOfflineVideoDeleteEvent, did you forget to unregister properly?
10-14 00:35:33.391 11469 11469 W EventBus: Potential duplicate subscribers at hmg#handleOfflineSingleVideosUpdateEvent, did you forget to unregister properly?
10-14 00:35:33.391 11469 11469 I chatty  : uid=10088(com.google.android.apps.youtube.music) identical 2 lines
10-14 00:35:33.391 11469 11469 W EventBus: Potential duplicate subscribers at hmg#handleOfflineSingleVideosUpdateEvent, did you forget to unregister properly?
10-14 00:35:33.391 11469 11469 W EventBus: Potential duplicate subscribers at hmg#handleOfflineVideoStatusUpdateEvent, did you forget to unregister properly?
10-14 00:35:33.391 11469 11469 I chatty  : uid=10088(com.google.android.apps.youtube.music) identical 2 lines
10-14 00:35:33.391 11469 11469 W EventBus: Potential duplicate subscribers at hmg#handleOfflineVideoStatusUpdateEvent, did you forget to unregister properly?
10-14 00:35:33.391 11469 11469 W EventBus: Potential duplicate subscribers at hmg#handleOfflineVideoCompleteEvent, did you forget to unregister properly?
10-14 00:35:33.391 11469 11469 I chatty  : uid=10088(com.google.android.apps.youtube.music) identical 2 lines
10-14 00:35:33.391 11469 11469 W EventBus: Potential duplicate subscribers at hmg#handleOfflineVideoCompleteEvent, did you forget to unregister properly?
10-14 00:35:33.391 11469 11469 W EventBus: Potential duplicate subscribers at hmg#handleOfflineVideoAddEvent, did you forget to unregister properly?
10-14 00:35:33.392 11469 11469 I chatty  : uid=10088(com.google.android.apps.youtube.music) identical 2 lines
10-14 00:35:33.392 11469 11469 W EventBus: Potential duplicate subscribers at hmg#handleOfflineVideoAddEvent, did you forget to unregister properly?
10-14 00:35:33.393 11469 11469 W EventBus: Potential duplicate subscribers at hmg#handleOfflineDataCacheUpdatedEvent, did you forget to unregister properly?
10-14 00:35:33.393 11469 11469 I chatty  : uid=10088(com.google.android.apps.youtube.music) identical 2 lines
10-14 00:35:33.393 11469 11469 W EventBus: Potential duplicate subscribers at hmg#handleOfflineDataCacheUpdatedEvent, did you forget to unregister properly?
10-14 00:35:33.393 11469 11469 W EventBus: Potential duplicate subscribers at hmg#handleOfflineVideoDeleteEvent, did you forget to unregister properly?
10-14 00:35:33.393 11469 11469 I chatty  : uid=10088(com.google.android.apps.youtube.music) identical 2 lines
10-14 00:35:33.393 11469 11469 W EventBus: Potential duplicate subscribers at hmg#handleOfflineVideoDeleteEvent, did you forget to unregister properly?
10-14 00:35:33.393 11469 11469 W EventBus: Potential duplicate subscribers at hmg#handleOfflineSingleVideosUpdateEvent, did you forget to unregister properly?
10-14 00:35:33.394 11469 11469 I chatty  : uid=10088(com.google.android.apps.youtube.music) identical 2 lines
10-14 00:35:33.394 11469 11469 W EventBus: Potential duplicate subscribers at hmg#handleOfflineSingleVideosUpdateEvent, did you forget to unregister properly?
10-14 00:35:33.394 11469 11469 W EventBus: Potential duplicate subscribers at hmg#handleOfflineVideoStatusUpdateEvent, did you forget to unregister properly?
10-14 00:35:33.394 11469 11469 I chatty  : uid=10088(com.google.android.apps.youtube.music) identical 2 lines
10-14 00:35:33.394 11469 11469 W EventBus: Potential duplicate subscribers at hmg#handleOfflineVideoStatusUpdateEvent, did you forget to unregister properly?
10-14 00:35:33.394 11469 11469 W EventBus: Potential duplicate subscribers at hmg#handleOfflineVideoCompleteEvent, did you forget to unregister properly?
10-14 00:35:33.394 11469 11469 I chatty  : uid=10088(com.google.android.apps.youtube.music) identical 2 lines
10-14 00:35:33.394 11469 11469 W EventBus: Potential duplicate subscribers at hmg#handleOfflineVideoCompleteEvent, did you forget to unregister properly?
10-14 00:35:33.394 11469 11469 W EventBus: Potential duplicate subscribers at hmg#handleOfflineVideoAddEvent, did you forget to unregister properly?
10-14 00:35:33.394 11469 11469 I chatty  : uid=10088(com.google.android.apps.youtube.music) identical 2 lines
10-14 00:35:33.394 11469 11469 W EventBus: Potential duplicate subscribers at hmg#handleOfflineVideoAddEvent, did you forget to unregister properly?
10-14 00:35:33.395 11469 11469 W EventBus: Potential duplicate subscribers at hmg#handleOfflineDataCacheUpdatedEvent, did you forget to unregister properly?
10-14 00:35:33.395 11469 11469 I chatty  : uid=10088(com.google.android.apps.youtube.music) identical 2 lines
10-14 00:35:33.395 11469 11469 W EventBus: Potential duplicate subscribers at hmg#handleOfflineDataCacheUpdatedEvent, did you forget to unregister properly?
10-14 00:35:33.395 11469 11469 W EventBus: Potential duplicate subscribers at hmg#handleOfflineVideoDeleteEvent, did you forget to unregister properly?
10-14 00:35:33.396 11469 11469 I chatty  : uid=10088(com.google.android.apps.youtube.music) identical 2 lines
10-14 00:35:33.396 11469 11469 W EventBus: Potential duplicate subscribers at hmg#handleOfflineVideoDeleteEvent, did you forget to unregister properly?
10-14 00:35:33.396 11469 11469 W EventBus: Potential duplicate subscribers at hmg#handleOfflineSingleVideosUpdateEvent, did you forget to unregister properly?
10-14 00:35:33.396 11469 11469 I chatty  : uid=10088(com.google.android.apps.youtube.music) identical 2 lines
10-14 00:35:33.396 11469 11469 W EventBus: Potential duplicate subscribers at hmg#handleOfflineSingleVideosUpdateEvent, did you forget to unregister properly?
10-14 00:35:33.396 11469 11469 W EventBus: Potential duplicate subscribers at hmg#handleOfflineVideoStatusUpdateEvent, did you forget to unregister properly?
10-14 00:35:33.396 11469 11469 I chatty  : uid=10088(com.google.android.apps.youtube.music) identical 2 lines
10-14 00:35:33.396 11469 11469 W EventBus: Potential duplicate subscribers at hmg#handleOfflineVideoStatusUpdateEvent, did you forget to unregister properly?
10-14 00:35:33.396 11469 11469 W EventBus: Potential duplicate subscribers at hmg#handleOfflineVideoCompleteEvent, did you forget to unregister properly?
10-14 00:35:33.396 11469 11469 I chatty  : uid=10088(com.google.android.apps.youtube.music) identical 2 lines
10-14 00:35:33.396 11469 11469 W EventBus: Potential duplicate subscribers at hmg#handleOfflineVideoCompleteEvent, did you forget to unregister properly?
10-14 00:35:33.396 11469 11469 W EventBus: Potential duplicate subscribers at hmg#handleOfflineVideoAddEvent, did you forget to unregister properly?
10-14 00:35:33.396 11469 11469 I chatty  : uid=10088(com.google.android.apps.youtube.music) identical 2 lines
10-14 00:35:33.396 11469 11469 W EventBus: Potential duplicate subscribers at hmg#handleOfflineVideoAddEvent, did you forget to unregister properly?
10-14 00:35:33.397 11469 11469 W EventBus: Potential duplicate subscribers at hmg#handleOfflineDataCacheUpdatedEvent, did you forget to unregister properly?
10-14 00:35:33.397 11469 11469 I chatty  : uid=10088(com.google.android.apps.youtube.music) identical 2 lines
10-14 00:35:33.397 11469 11469 W EventBus: Potential duplicate subscribers at hmg#handleOfflineDataCacheUpdatedEvent, did you forget to unregister properly?
10-14 00:35:33.397 11469 11469 W EventBus: Potential duplicate subscribers at hmg#handleOfflineVideoDeleteEvent, did you forget to unregister properly?
10-14 00:35:33.397 11469 11469 I chatty  : uid=10088(com.google.android.apps.youtube.music) identical 2 lines
10-14 00:35:33.397 11469 11469 W EventBus: Potential duplicate subscribers at hmg#handleOfflineVideoDeleteEvent, did you forget to unregister properly?
10-14 00:35:33.397 11469 11469 W EventBus: Potential duplicate subscribers at hmg#handleOfflineSingleVideosUpdateEvent, did you forget to unregister properly?
10-14 00:35:33.397 11469 11469 I chatty  : uid=10088(com.google.android.apps.youtube.music) identical 2 lines
10-14 00:35:33.398 11469 11469 W EventBus: Potential duplicate subscribers at hmg#handleOfflineSingleVideosUpdateEvent, did you forget to unregister properly?
10-14 00:35:33.398 11469 11469 W EventBus: Potential duplicate subscribers at hmg#handleOfflineVideoStatusUpdateEvent, did you forget to unregister properly?
10-14 00:35:33.398 11469 11469 I chatty  : uid=10088(com.google.android.apps.youtube.music) identical 2 lines
10-14 00:35:33.398 11469 11469 W EventBus: Potential duplicate subscribers at hmg#handleOfflineVideoStatusUpdateEvent, did you forget to unregister properly?
10-14 00:35:33.398 11469 11469 W EventBus: Potential duplicate subscribers at hmg#handleOfflineVideoCompleteEvent, did you forget to unregister properly?
10-14 00:35:33.398 11469 11469 I chatty  : uid=10088(com.google.android.apps.youtube.music) identical 2 lines
10-14 00:35:33.398 11469 11469 W EventBus: Potential duplicate subscribers at hmg#handleOfflineVideoCompleteEvent, did you forget to unregister properly?
10-14 00:35:33.398 11469 11469 W EventBus: Potential duplicate subscribers at hmg#handleOfflineVideoAddEvent, did you forget to unregister properly?
10-14 00:35:33.398 11469 11469 I chatty  : uid=10088(com.google.android.apps.youtube.music) identical 2 lines
10-14 00:35:33.398 11469 11469 W EventBus: Potential duplicate subscribers at hmg#handleOfflineVideoAddEvent, did you forget to unregister properly?
10-14 00:35:33.399 11469 11469 W EventBus: Potential duplicate subscribers at hmg#handleOfflineDataCacheUpdatedEvent, did you forget to unregister properly?
10-14 00:35:33.399 11469 11469 I chatty  : uid=10088(com.google.android.apps.youtube.music) identical 5 lines
10-14 00:35:33.399 11469 11469 W EventBus: Potential duplicate subscribers at hmg#handleOfflineDataCacheUpdatedEvent, did you forget to unregister properly?
10-14 00:35:33.399 11469 11469 W EventBus: Potential duplicate subscribers at hmg#handleOfflineVideoDeleteEvent, did you forget to unregister properly?
10-14 00:35:33.399 11469 11469 I chatty  : uid=10088(com.google.android.apps.youtube.music) identical 4 lines
10-14 00:35:33.399 11469 11469 W EventBus: Potential duplicate subscribers at hmg#handleOfflineVideoDeleteEvent, did you forget to unregister properly?
10-14 00:35:33.399 11469 11469 W EventBus: Potential duplicate subscribers at hmg#handleOfflineSingleVideosUpdateEvent, did you forget to unregister properly?
10-14 00:35:33.399 11469 11469 I chatty  : uid=10088(com.google.android.apps.youtube.music) identical 4 lines
10-14 00:35:33.399 11469 11469 W EventBus: Potential duplicate subscribers at hmg#handleOfflineSingleVideosUpdateEvent, did you forget to unregister properly?
10-14 00:35:33.399 11469 11469 W EventBus: Potential duplicate subscribers at hmg#handleOfflineVideoStatusUpdateEvent, did you forget to unregister properly?
10-14 00:35:33.400 11469 11469 I chatty  : uid=10088(com.google.android.apps.youtube.music) identical 4 lines
10-14 00:35:33.400 11469 11469 W EventBus: Potential duplicate subscribers at hmg#handleOfflineVideoStatusUpdateEvent, did you forget to unregister properly?
10-14 00:35:33.400 11469 11469 W EventBus: Potential duplicate subscribers at hmg#handleOfflineVideoCompleteEvent, did you forget to unregister properly?
10-14 00:35:33.400 11469 11469 I chatty  : uid=10088(com.google.android.apps.youtube.music) identical 4 lines
10-14 00:35:33.400 11469 11469 W EventBus: Potential duplicate subscribers at hmg#handleOfflineVideoCompleteEvent, did you forget to unregister properly?
10-14 00:35:33.400 11469 11469 W EventBus: Potential duplicate subscribers at hmg#handleOfflineVideoAddEvent, did you forget to unregister properly?
10-14 00:35:33.400 11469 11469 I chatty  : uid=10088(com.google.android.apps.youtube.music) identical 4 lines
10-14 00:35:33.400 11469 11469 W EventBus: Potential duplicate subscribers at hmg#handleOfflineVideoAddEvent, did you forget to unregister properly?
10-14 00:35:33.401 11469 11469 W EventBus: Potential duplicate subscribers at hmg#handleOfflineDataCacheUpdatedEvent, did you forget to unregister properly?
10-14 00:35:33.401 11469 11469 I chatty  : uid=10088(com.google.android.apps.youtube.music) identical 2 lines
10-14 00:35:33.401 11469 11469 W EventBus: Potential duplicate subscribers at hmg#handleOfflineDataCacheUpdatedEvent, did you forget to unregister properly?
10-14 00:35:33.401 11469 11469 W EventBus: Potential duplicate subscribers at hmg#handleOfflineVideoDeleteEvent, did you forget to unregister properly?
10-14 00:35:33.401 11469 11469 I chatty  : uid=10088(com.google.android.apps.youtube.music) identical 2 lines
10-14 00:35:33.402 11469 11469 W EventBus: Potential duplicate subscribers at hmg#handleOfflineVideoDeleteEvent, did you forget to unregister properly?
10-14 00:35:33.402 11469 11469 W EventBus: Potential duplicate subscribers at hmg#handleOfflineSingleVideosUpdateEvent, did you forget to unregister properly?
10-14 00:35:33.402 11469 11469 I chatty  : uid=10088(com.google.android.apps.youtube.music) identical 2 lines
10-14 00:35:33.402 11469 11469 W EventBus: Potential duplicate subscribers at hmg#handleOfflineSingleVideosUpdateEvent, did you forget to unregister properly?
10-14 00:35:33.402 11469 11469 W EventBus: Potential duplicate subscribers at hmg#handleOfflineVideoStatusUpdateEvent, did you forget to unregister properly?
10-14 00:35:33.402 11469 11469 I chatty  : uid=10088(com.google.android.apps.youtube.music) identical 2 lines
10-14 00:35:33.402 11469 11469 W EventBus: Potential duplicate subscribers at hmg#handleOfflineVideoStatusUpdateEvent, did you forget to unregister properly?
10-14 00:35:33.402 11469 11469 W EventBus: Potential duplicate subscribers at hmg#handleOfflineVideoCompleteEvent, did you forget to unregister properly?
10-14 00:35:33.402 11469 11469 I chatty  : uid=10088(com.google.android.apps.youtube.music) identical 2 lines
10-14 00:35:33.402 11469 11469 W EventBus: Potential duplicate subscribers at hmg#handleOfflineVideoCompleteEvent, did you forget to unregister properly?
10-14 00:35:33.402 11469 11469 W EventBus: Potential duplicate subscribers at hmg#handleOfflineVideoAddEvent, did you forget to unregister properly?
10-14 00:35:33.402 11469 11469 I chatty  : uid=10088(com.google.android.apps.youtube.music) identical 2 lines
10-14 00:35:33.402 11469 11469 W EventBus: Potential duplicate subscribers at hmg#handleOfflineVideoAddEvent, did you forget to unregister properly?
10-14 00:35:33.405 11469 11469 W EventBus: Potential duplicate subscribers at hmg#handleOfflineDataCacheUpdatedEvent, did you forget to unregister properly?
10-14 00:35:33.405 11469 11469 W EventBus: Potential duplicate subscribers at hmg#handleOfflineDataCacheUpdatedEvent, did you forget to unregister properly?
10-14 00:35:33.405 11469 11469 W EventBus: Potential duplicate subscribers at hmg#handleOfflineVideoDeleteEvent, did you forget to unregister properly?
10-14 00:35:33.406 11469 11469 W EventBus: Potential duplicate subscribers at hmg#handleOfflineVideoDeleteEvent, did you forget to unregister properly?
10-14 00:35:33.406 11469 11469 W EventBus: Potential duplicate subscribers at hmg#handleOfflineSingleVideosUpdateEvent, did you forget to unregister properly?
10-14 00:35:33.406 11469 11469 W EventBus: Potential duplicate subscribers at hmg#handleOfflineSingleVideosUpdateEvent, did you forget to unregister properly?
10-14 00:35:33.406 11469 11469 W EventBus: Potential duplicate subscribers at hmg#handleOfflineVideoStatusUpdateEvent, did you forget to unregister properly?
10-14 00:35:33.406 11469 11469 W EventBus: Potential duplicate subscribers at hmg#handleOfflineVideoStatusUpdateEvent, did you forget to unregister properly?
10-14 00:35:33.406 11469 11469 W EventBus: Potential duplicate subscribers at hmg#handleOfflineVideoCompleteEvent, did you forget to unregister properly?
10-14 00:35:33.406 11469 11469 W EventBus: Potential duplicate subscribers at hmg#handleOfflineVideoCompleteEvent, did you forget to unregister properly?
10-14 00:35:33.406 11469 11469 W EventBus: Potential duplicate subscribers at hmg#handleOfflineVideoAddEvent, did you forget to unregister properly?
10-14 00:35:33.406 11469 11469 W EventBus: Potential duplicate subscribers at hmg#handleOfflineVideoAddEvent, did you forget to unregister properly?
10-14 00:35:33.407 11469 11469 W EventBus: Potential duplicate subscribers at hmg#handleOfflineDataCacheUpdatedEvent, did you forget to unregister properly?
10-14 00:35:33.407 11469 11469 W EventBus: Potential duplicate subscribers at hmg#handleOfflineDataCacheUpdatedEvent, did you forget to unregister properly?
10-14 00:35:33.407 11469 11469 W EventBus: Potential duplicate subscribers at hmg#handleOfflineVideoDeleteEvent, did you forget to unregister properly?
10-14 00:35:33.407 11469 11469 W EventBus: Potential duplicate subscribers at hmg#handleOfflineVideoDeleteEvent, did you forget to unregister properly?
10-14 00:35:33.407 11469 11469 W EventBus: Potential duplicate subscribers at hmg#handleOfflineSingleVideosUpdateEvent, did you forget to unregister properly?
10-14 00:35:33.407 11469 11469 W EventBus: Potential duplicate subscribers at hmg#handleOfflineSingleVideosUpdateEvent, did you forget to unregister properly?
10-14 00:35:33.407 11469 11469 W EventBus: Potential duplicate subscribers at hmg#handleOfflineVideoStatusUpdateEvent, did you forget to unregister properly?
10-14 00:35:33.408 11469 11469 W EventBus: Potential duplicate subscribers at hmg#handleOfflineVideoStatusUpdateEvent, did you forget to unregister properly?
10-14 00:35:33.408 11469 11469 W EventBus: Potential duplicate subscribers at hmg#handleOfflineVideoCompleteEvent, did you forget to unregister properly?
10-14 00:35:33.408 11469 11469 W EventBus: Potential duplicate subscribers at hmg#handleOfflineVideoCompleteEvent, did you forget to unregister properly?
10-14 00:35:33.408 11469 11469 W EventBus: Potential duplicate subscribers at hmg#handleOfflineVideoAddEvent, did you forget to unregister properly?
10-14 00:35:33.408 11469 11469 W EventBus: Potential duplicate subscribers at hmg#handleOfflineVideoAddEvent, did you forget to unregister properly?
10-14 00:35:33.410 11469 11469 W EventBus: Potential duplicate subscribers at hmg#handleOfflineDataCacheUpdatedEvent, did you forget to unregister properly?
10-14 00:35:33.410 11469 11469 W EventBus: Potential duplicate subscribers at hmg#handleOfflineDataCacheUpdatedEvent, did you forget to unregister properly?
10-14 00:35:33.410 11469 11469 W EventBus: Potential duplicate subscribers at hmg#handleOfflineVideoDeleteEvent, did you forget to unregister properly?
10-14 00:35:33.410 11469 11469 W EventBus: Potential duplicate subscribers at hmg#handleOfflineVideoDeleteEvent, did you forget to unregister properly?
10-14 00:35:33.410 11469 11469 W EventBus: Potential duplicate subscribers at hmg#handleOfflineSingleVideosUpdateEvent, did you forget to unregister properly?
10-14 00:35:33.410 11469 11469 W EventBus: Potential duplicate subscribers at hmg#handleOfflineSingleVideosUpdateEvent, did you forget to unregister properly?
10-14 00:35:33.410 11469 11469 W EventBus: Potential duplicate subscribers at hmg#handleOfflineVideoStatusUpdateEvent, did you forget to unregister properly?
10-14 00:35:33.410 11469 11469 W EventBus: Potential duplicate subscribers at hmg#handleOfflineVideoStatusUpdateEvent, did you forget to unregister properly?
10-14 00:35:33.410 11469 11469 W EventBus: Potential duplicate subscribers at hmg#handleOfflineVideoCompleteEvent, did you forget to unregister properly?
10-14 00:35:33.410 11469 11469 W EventBus: Potential duplicate subscribers at hmg#handleOfflineVideoCompleteEvent, did you forget to unregister properly?
10-14 00:35:33.410 11469 11469 W EventBus: Potential duplicate subscribers at hmg#handleOfflineVideoAddEvent, did you forget to unregister properly?
10-14 00:35:33.410 11469 11469 W EventBus: Potential duplicate subscribers at hmg#handleOfflineVideoAddEvent, did you forget to unregister properly?
10-14 00:35:33.514 11469 17264 I OMXClient: IOmx service obtained
10-14 00:35:33.515  2789  2857 I OMXMaster: makeComponentInstance(OMX.google.aac.decoder) in omx@1.0-service process
10-14 00:35:33.517 11469 17264 I AmAVUtils: AmAVUtils::getComponentRole isEncoder :0 mime:audio/mp4a-latm 
10-14 00:35:33.517 11469 17264 V AVUtils : AVUtils::getComponentRole
10-14 00:35:33.518 11469 17264 I AmAVUtils: AmAVUtils::isAudioExtendFormat input = audio/mp4a-latm
10-14 00:35:33.518  2789  2857 E OMXNodeInstance: setConfig(0xe78a7f00:google.aac.decoder, ConfigPriority(0x6f800002)) ERROR: Undefined(0x80001001)
10-14 00:35:33.518 11469 17264 I ACodec  : codec does not support config priority (err -2147483648)
10-14 00:35:33.518  2789  2789 E OMXNodeInstance: getConfig(0xe78a7f00:google.aac.decoder, ConfigAndroidVendorExtension(0x6f100004)) ERROR: Undefined(0x80001001)
10-14 00:35:33.522  2746  2746 W AshmemAllocator: ashmem_create_region(8192) returning hidl_memory(0xf1298180, 8192)
10-14 00:35:33.524  2746  2746 I chatty  : uid=1000(system) allocator@1.0-s identical 2 lines
10-14 00:35:33.525  2746  2746 W AshmemAllocator: ashmem_create_region(8192) returning hidl_memory(0xf1298180, 8192)
10-14 00:35:33.527  2746  2746 W AshmemAllocator: ashmem_create_region(32768) returning hidl_memory(0xf1298180, 32768)
10-14 00:35:33.529  2746  2746 I chatty  : uid=1000(system) allocator@1.0-s identical 2 lines
10-14 00:35:33.530  2746  2746 W AshmemAllocator: ashmem_create_region(32768) returning hidl_memory(0xf1298180, 32768)
10-14 00:35:33.545 11469 17268 I OMXClient: IOmx service obtained
10-14 00:35:33.545  2789  2857 I OMXMaster: makeComponentInstance(OMX.amlogic.vp9.decoder.awesome) in omx@1.0-service process
10-14 00:35:33.545  2789  2857 D OmxComponentManagerImpl: support frame mode
10-14 00:35:33.545  2789  2857 D OmxComponentManagerImpl: format support multi-instance
10-14 00:35:33.545  2789  2857 D OmxComponentManagerImpl: getEntryByName_2_num=0, componentName:OMX.amlogic.vp9.decoder.awesome
10-14 00:35:33.545  2789  2857 V AmlogicVideoDecoderAwesome: AmlogicVideoDecoder:99 >
10-14 00:35:33.545  2789  2857 V AmlogicVideoDecoderAwesome: initializeState_l:1512 >
10-14 00:35:33.545  2789  2857 V AmlogicVideoDecoderAwesome: media.omx.latency is not set used def=1.000000
10-14 00:35:33.546  2789  2857 D AmlogicVideoDecoderAwesome: AmlogicVideoDecoder, mOmxInstancenum 1, mOmxInstanceID 21
10-14 00:35:33.546  2789  2857 W AmlSysfsUtil: [amsysfs_get_sysfs_str] /sys/module/am_vecm/parameters/dolby_vision_enable failed!
10-14 00:35:33.546  2789  2857 W AmlSysfsUtil: [amsysfs_get_sysfs_str] /sys/module/amdolby_vision/parameters/dolby_vision_enable failed!
10-14 00:35:33.546  2789  2857 D AmlogicVideoDecoderAwesome: mCheckDvesDone = 1
10-14 00:35:33.546  2789  2857 D AmlogicVideoDecoderAwesome: AmlogicVideoDecoderVp9 Ctor
10-14 00:35:33.546  2789  2857 D OmxVideoDecoder: drm use frame_mode
10-14 00:35:33.546  2789  2857 E OmxVideoDecoder: Load libsecmem failed
10-14 00:35:33.546  2789  2857 W OmxLogConf: Can not read property media.omx.log_levels, using 0
10-14 00:35:33.546  2789  2857 V AmlogicVideoDecoderAwesome: media.omx.out_buffer1 is not set used def=4
10-14 00:35:33.546  2789  2857 D OmxVideoDecoder: setInputCoding OMX.amlogic.vp9.decoder.awesome
10-14 00:35:33.546  2789  2857 D OmxVideoDecoder: mIsLinux49=1, major=4, minor=9
10-14 00:35:33.546  2789  2857 D OmxVideoDecoder: multi dec exist
10-14 00:35:33.547  2789  2857 D OmxVideoDecoder: Use frame mode for multidec.
10-14 00:35:33.547  2789  2857 D OmxVideoDecoder: Use min out buffer size
10-14 00:35:33.547  2789  2857 D OmxVideoDecoder: mMustOsdDisplay 0
10-14 00:35:33.547  2789  2857 D OMX-VENDOR-EXT: OMX.amlogic.vp9.decoder.awesome : Vendor extensions supported (6)
10-14 00:35:33.547  2789  2857 D OMX-VENDOR-EXT:    vendor.4k-osd{{ enable : Int32 },  }
10-14 00:35:33.547  2789  2857 D OMX-VENDOR-EXT:    vendor.is-mvc{{ enable : Int32 },  }
10-14 00:35:33.547  2789  2857 D OMX-VENDOR-EXT:    vendor.is-flv{{ nContainIndex : Int32 },  }
10-14 00:35:33.547  2789  2857 D OMX-VENDOR-EXT:    vendor.dvconfig-box{{ disable : Int32 },  }
10-14 00:35:33.547  2789  2857 D OMX-VENDOR-EXT:    vendor.profile-level{{ n-profile : Int32 },  { n-level : Int32 },  }
10-14 00:35:33.547  2789  2857 D OMX-VENDOR-EXT:    vendor.nrdp{{ video-peek-in-tunnel : Int32 },  }
10-14 00:35:33.547  2789  2857 D OmxComponentManagerImpl: IncreaseEntryNumByName pEntry->mNum=0, pEntry->mMaxNum:9,componentName:OMX.amlogic.vp9.decoder.awesome
10-14 00:35:33.547  2789  2857 I omx_core: OMX_getHandle_num=1
10-14 00:35:33.547  2789  2857 D OmxComponent: mApkName=media.codec
10-14 00:35:33.548 11469 17267 D SurfaceUtils: connecting to surface 0xbc98e808, reason connectToSurface
10-14 00:35:33.549 11469 17267 I MediaCodec: [OMX.amlogic.vp9.decoder.awesome] setting surface generation to 11744262
10-14 00:35:33.549 11469 17267 D SurfaceUtils: disconnecting from surface 0xbc98e808, reason connectToSurface(reconnect)
10-14 00:35:33.549 11469 17267 D SurfaceUtils: connecting to surface 0xbc98e808, reason connectToSurface(reconnect)
10-14 00:35:33.549 11469 17268 I AmAVUtils: AmAVUtils::getComponentRole isEncoder :0 mime:video/x-vnd.on2.vp9 
10-14 00:35:33.549 11469 17268 V AVUtils : AVUtils::getComponentRole
10-14 00:35:33.549  2789  2857 D OmxVideoDecoder: setParameter 887 0x1000017
10-14 00:35:33.549  2789  2857 D OmxVideoDecoder: setInputCoding video_decoder.vp9
10-14 00:35:33.549  2789  2857 D OmxComponent: getExtensionIndex 1121 name="OMX.google.android.index.enableAndroidNativeBuffers"
10-14 00:35:33.549  2789  2857 D OmxVideoDecoder: setParameter 887 0x7f000000
10-14 00:35:33.549  2789  2857 V OmxVideoDecoder: setParameter 1353 EnableNativeBuffers 1
10-14 00:35:33.549  2789  2857 V OmxVideoDecoder: updatePort mUseNativeBuffers 1
10-14 00:35:33.550  2789  2857 D AmlogicVideoDecoderAwesome: get native buffer info NV:w:640,h:480..
10-14 00:35:33.550  2789  2857 V OmxVideoDecoder: updatePort:portDef.format.video.nFrameWidth=640,portDef.format.video.nFrameHeight=480
10-14 00:35:33.550  2789  2857 D OmxComponent: getExtensionIndex 1121 name="OMX.google.android.index.allocateNativeHandle"
10-14 00:35:33.550  2789  2857 D OmxVideoDecoder: setParameter 887 0x7f00000a
10-14 00:35:33.550  2789  2857 E OMXNodeInstance: setParameter(0xe7884bb0:amlogic.vp9.decoder.awesome, OMX.google.android.index.allocateNativeHandle(0x7f00000a): Output:1 en=0) ERROR: UnsupportedSetting(0x80001019)
10-14 00:35:33.550  2789  2857 D OmxComponent: getExtensionIndex 1121 name="OMX.google.android.index.storeANWBufferInMetadata"
10-14 00:35:33.550  2789  2857 D OmxComponent: getExtensionIndex 1121 name="OMX.google.android.index.storeMetaDataInBuffers"
10-14 00:35:33.550  2789  2857 D OmxVideoDecoder: setParameter 887 0x7f000002
10-14 00:35:33.550  2789  2857 D OmxVideoDecoder: setParameter 1359 OMX_IndexAndroidStoreMetadataInBuffers
10-14 00:35:33.550  2789  2857 E OMXNodeInstance: setParameter(0xe7884bb0:amlogic.vp9.decoder.awesome, OMX.google.android.index.storeMetaDataInBuffers(0x7f000002): Output:1 en=1 type=1) ERROR: BadPortIndex(0x8000101b)
10-14 00:35:33.550 11469 17268 E ACodec  : [OMX.amlogic.vp9.decoder.awesome] setPortMode on output to DynamicANWBuffer failed w/ err -2147483648
10-14 00:35:33.550  2789  2857 D OmxComponent: getExtensionIndex 1121 name="OMX.google.android.index.prepareForAdaptivePlayback"
10-14 00:35:33.550  2789  2857 D OmxVideoDecoder: setParameter 887 0x7f000004
10-14 00:35:33.550  2789  2857 D OmxVideoDecoder: setParameter 1373 OMX_IndexAndroidPrepareForAdaptivePlayback
10-14 00:35:33.550  2789  2857 D OmxVideoDecoder: AdaptivePlayback: max resolution is 256 * 144
10-14 00:35:33.550  2789  2857 D OmxComponent: getExtensionIndex 1121 name="OMX.google.android.index.allocateNativeHandle"
10-14 00:35:33.550  2789  2857 D OmxVideoDecoder: setParameter 887 0x7f00000a
