10-14 00:32:36.086  2789  2857 D AmlogicVideoDecoderAwesome: get native buffer info NV:w:640,h:360..
10-14 00:32:36.086  2789  2857 V OmxVideoDecoder: updatePort:portDef.format.video.nFrameWidth=640,portDef.format.video.nFrameHeight=360
10-14 00:32:36.086  2768  2950 W         : buffer descriptor with invalid usage bits 0x2000
10-14 00:32:36.086  2756  2902 I [Gralloc]: framebuffer hal alread move to hwcomposer
10-14 00:32:36.094  2789  2857 D OmxComponent: getExtensionIndex 1121 name="OMX.google.android.index.useAndroidNativeBuffer2"
10-14 00:32:36.094  2789  2857 V OmxVideoDecoder: updatePort mUseNativeBuffers 1
10-14 00:32:36.094  2789  2857 D AmlogicVideoDecoderAwesome: get native buffer info NV:w:640,h:360..
10-14 00:32:36.094  2789  2857 V OmxVideoDecoder: updatePort:portDef.format.video.nFrameWidth=640,portDef.format.video.nFrameHeight=360
10-14 00:32:36.094  2789 15302 I OmxComponent: STATE_TRANS: OMX_StateLoaded => OMX_StateIdle : OMX.amlogic.vp9.decoder.awesome
10-14 00:32:36.095  2768  3557 W         : buffer descriptor with invalid usage bits 0x2000
10-14 00:32:36.095  2756  2902 I [Gralloc]: framebuffer hal alread move to hwcomposer
10-14 00:32:36.096 11469 11469 E YT.mlplayer: MedialibPlayer.loadVideo(cpn=JOLYeOY6ne2bpMsQ playWhenReady=true positionMs=0 playerEvents=[99] videoId=scrubbed mediaView=42324796(0,0,524,293) volume=1.0)
10-14 00:32:36.101  2789  2857 D OmxComponent: getExtensionIndex 1121 name="OMX.google.android.index.useAndroidNativeBuffer2"
10-14 00:32:36.101  2789  2857 V OmxVideoDecoder: updatePort mUseNativeBuffers 1
10-14 00:32:36.101  2789  2857 D AmlogicVideoDecoderAwesome: get native buffer info NV:w:640,h:360..
10-14 00:32:36.101  2789  2857 V OmxVideoDecoder: updatePort:portDef.format.video.nFrameWidth=640,portDef.format.video.nFrameHeight=360
10-14 00:32:36.101  2768  2950 W         : buffer descriptor with invalid usage bits 0x2000
10-14 00:32:36.101  2756  2902 I [Gralloc]: framebuffer hal alread move to hwcomposer
10-14 00:32:36.102  2789 15302 I OmxComponent: STATE_TRANS: OMX_StateLoaded => OMX_StateIdle : OMX.amlogic.vp9.decoder.awesome
10-14 00:32:36.107 15048 15048 V MusicFXControlPanelReceiver: onReceive
10-14 00:32:36.107 15048 15048 V MusicFXControlPanelReceiver: Action: android.media.action.OPEN_AUDIO_EFFECT_CONTROL_SESSION
10-14 00:32:36.107 15048 15048 V MusicFXControlPanelReceiver: Package name: com.google.android.apps.youtube.music
10-14 00:32:36.107 15048 15048 V MusicFXControlPanelReceiver: Audio session: 177
10-14 00:32:36.107 15048 15048 V MusicFXControlPanelEffect: openSession(android.app.ReceiverRestrictedContext@66eee64, com.google.android.apps.youtube.music, 177)
10-14 00:32:36.109 15048 15048 V MusicFXControlPanelReceiver: onReceive
10-14 00:32:36.109 15048 15048 V MusicFXControlPanelReceiver: Action: android.media.action.OPEN_AUDIO_EFFECT_CONTROL_SESSION
10-14 00:32:36.109 15048 15048 V MusicFXControlPanelReceiver: Package name: com.google.android.apps.youtube.music
10-14 00:32:36.109 15048 15048 V MusicFXControlPanelReceiver: Audio session: 177
10-14 00:32:36.109 15048 15048 V MusicFXControlPanelEffect: openSession(android.app.ReceiverRestrictedContext@66eee64, com.google.android.apps.youtube.music, 177)
10-14 00:32:36.117  2789  2857 D OmxComponent: getExtensionIndex 1121 name="OMX.google.android.index.useAndroidNativeBuffer2"
10-14 00:32:36.117  2789  2857 V OmxVideoDecoder: updatePort mUseNativeBuffers 1
10-14 00:32:36.117  2789  2857 D AmlogicVideoDecoderAwesome: get native buffer info NV:w:640,h:360..
10-14 00:32:36.117  2789  2857 V OmxVideoDecoder: updatePort:portDef.format.video.nFrameWidth=640,portDef.format.video.nFrameHeight=360
10-14 00:32:36.117  2789 15302 I OmxComponent: STATE_TRANS: OMX_StateLoaded => OMX_StateIdle : OMX.amlogic.vp9.decoder.awesome
10-14 00:32:36.117  2768  3557 W         : buffer descriptor with invalid usage bits 0x2000
10-14 00:32:36.117  2756  2902 I [Gralloc]: framebuffer hal alread move to hwcomposer
10-14 00:32:36.123  2789  2857 D OmxComponent: getExtensionIndex 1121 name="OMX.google.android.index.useAndroidNativeBuffer2"
10-14 00:32:36.123  2789  2857 V OmxVideoDecoder: updatePort mUseNativeBuffers 1
10-14 00:32:36.123  2789  2857 D AmlogicVideoDecoderAwesome: get native buffer info NV:w:640,h:360..
10-14 00:32:36.123  2789  2857 V OmxVideoDecoder: updatePort:portDef.format.video.nFrameWidth=640,portDef.format.video.nFrameHeight=360
10-14 00:32:36.123  2768  3557 W         : buffer descriptor with invalid usage bits 0x2000
10-14 00:32:36.123  2789 15302 I OmxComponent: STATE_TRANS: OMX_StateLoaded => OMX_StateIdle : OMX.amlogic.vp9.decoder.awesome
10-14 00:32:36.123  2756  2902 I [Gralloc]: framebuffer hal alread move to hwcomposer
10-14 00:32:36.130  2789  2857 D OmxComponent: getExtensionIndex 1121 name="OMX.google.android.index.useAndroidNativeBuffer2"
10-14 00:32:36.130  2789  2857 V OmxVideoDecoder: updatePort mUseNativeBuffers 1
10-14 00:32:36.130  2789  2857 D AmlogicVideoDecoderAwesome: get native buffer info NV:w:640,h:360..
10-14 00:32:36.130  2789  2857 V OmxVideoDecoder: updatePort:portDef.format.video.nFrameWidth=640,portDef.format.video.nFrameHeight=360
10-14 00:32:36.130  2789 15302 I OmxComponent: STATE_TRANS: OMX_StateLoaded => OMX_StateIdle : OMX.amlogic.vp9.decoder.awesome
10-14 00:32:36.130  2768  3557 W         : buffer descriptor with invalid usage bits 0x2000
10-14 00:32:36.131  2756  2902 I [Gralloc]: framebuffer hal alread move to hwcomposer
10-14 00:32:36.139  2789  2857 D OmxComponent: getExtensionIndex 1121 name="OMX.google.android.index.useAndroidNativeBuffer2"
10-14 00:32:36.139  2789  2857 V OmxVideoDecoder: updatePort mUseNativeBuffers 1
10-14 00:32:36.139  2789  2857 D AmlogicVideoDecoderAwesome: get native buffer info NV:w:640,h:360..
10-14 00:32:36.139  2789  2857 V OmxVideoDecoder: updatePort:portDef.format.video.nFrameWidth=640,portDef.format.video.nFrameHeight=360
10-14 00:32:36.139  2789 15302 I OmxComponent: STATE_TRANS: OMX_StateLoaded => OMX_StateIdle : OMX.amlogic.vp9.decoder.awesome
10-14 00:32:36.139  2768  3557 W         : buffer descriptor with invalid usage bits 0x2000
10-14 00:32:36.139  2756  2902 I [Gralloc]: framebuffer hal alread move to hwcomposer
10-14 00:32:36.139  2768  2768 I Binder:2768_5: type=1400 audit(0.0:1061): avc: denied { read } for name="gralloc.odroidn2.so" dev="mmcblk0p12" ino=705 scontext=u:r:surfaceflinger:s0 tcontext=u:object_r:vendor_file:s0 tclass=file permissive=1
10-14 00:32:36.147  2789  2857 D OmxComponent: getExtensionIndex 1121 name="OMX.google.android.index.useAndroidNativeBuffer2"
10-14 00:32:36.147  2789  2857 V OmxVideoDecoder: updatePort mUseNativeBuffers 1
10-14 00:32:36.147  2789  2857 D AmlogicVideoDecoderAwesome: get native buffer info NV:w:640,h:360..
10-14 00:32:36.148  2789  2857 V OmxVideoDecoder: updatePort:portDef.format.video.nFrameWidth=640,portDef.format.video.nFrameHeight=360
10-14 00:32:36.148  2789 15302 I OmxComponent: STATE_TRANS: OMX_StateLoaded => OMX_StateIdle : OMX.amlogic.vp9.decoder.awesome
10-14 00:32:36.148  2768  3557 W         : buffer descriptor with invalid usage bits 0x2000
10-14 00:32:36.148  2756  2902 I [Gralloc]: framebuffer hal alread move to hwcomposer
10-14 00:32:36.151 11469 11511 W YT.mediacache: Unable to sniff ChunkIndex extractor [CONTEXT ratelimit_period="5000 MILLISECONDS [skipped: 7]" ]
10-14 00:32:36.159  2789  2857 D OmxComponent: getExtensionIndex 1121 name="OMX.google.android.index.useAndroidNativeBuffer2"
10-14 00:32:36.159  2789  2857 V OmxVideoDecoder: updatePort mUseNativeBuffers 1
10-14 00:32:36.159  2789  2857 D AmlogicVideoDecoderAwesome: get native buffer info NV:w:640,h:360..
10-14 00:32:36.159  2789  2857 V OmxVideoDecoder: updatePort:portDef.format.video.nFrameWidth=640,portDef.format.video.nFrameHeight=360
10-14 00:32:36.159  2789 15302 I OmxComponent: STATE_TRANS: OMX_StateLoaded => OMX_StateIdle : OMX.amlogic.vp9.decoder.awesome
10-14 00:32:36.159  2789 15302 V AmlogicVideoDecoderAwesome: acquireResources:360 >
10-14 00:32:36.159  2789 15302 D AmlogicVideoDecoderAwesome: setUp mVideoDisplay =0, mDisplayMode=0
10-14 00:32:36.159  2789 15302 D AmlogicVideoDecoderAwesome: mMaxFrameWidth 640, mMaxFrameHeight 360
10-14 00:32:36.159  2789 15302 I AmlogicVideoDecoderAwesome: video layer mKeepLastFrame 1
10-14 00:32:36.159  2789 15302 V AmlogicVideoDecoderAwesome: enable osd or video ...-410496000
10-14 00:32:36.159  2789 15302 V AmlogicVideoDecoderAwesome: media.omx.buffermargin is not set used def=0
10-14 00:32:36.159  2789 15302 D AmlogicVideoDecoderAwesome: mDoubleWriteMode 1
10-14 00:32:36.159  2789 15302 V debugSetup: media.omx.dumpRecv is disabled
10-14 00:32:36.159  2789 15302 V debugSetup: media.omx.dumpCodec is disabled
10-14 00:32:36.159  2789 15302 V AmlogicVideoDecoderAwesome: *Input Frame Rate is 0..
10-14 00:32:36.159  2789 15302 V AmlogicVideoDecoderAwesome: videoDefine.xFramerate:0  
10-14 00:32:36.159  2789 15302 V AmlogicVideoDecoderAwesome: mVideoType:10
10-14 00:32:36.159  2789 15302 D AmlogicVideoDecoderAwesome: decoder_type = 1
10-14 00:32:36.160  2789 15302 D AmlogicVideoDecoderAwesome: AmlogicVideoDecoder::setUp, mUseFrameMode 1, video_path 0
10-14 00:32:36.160  2789 15302 D AmlogicVideoDecoderAwesome: alloc ION Video device instance ID:0
10-14 00:32:36.160  2789 15302 D AmlogicVideoDecoderAwesome: mAmlCodecParam->config=vp9_buf_width:1920;vp9_buf_height:1088;vp9_double_write_mode:1;vp9_max_pic_w:640;vp9_max_pic_h:360;save_buffer_mode:0;
10-14 00:32:36.160  2789 15302 D AmlogicVideoDecoderAwesome: mAmlCodecParam->config_len=119
10-14 00:32:36.160  2789 15302 D AmlogicVideoDecoderAwesome: codecInit
10-14 00:32:36.270  2789 15302 D AmlogicVideoDecoderAwesome: codecInit done
10-14 00:32:36.270  2789 15302 D AmlogicVideoDecoderAwesome: media.omx.videopeek 0
10-14 00:32:36.270  2789 15302 I AmlogicVideoDecoderAwesome: video layer sync version is 3
10-14 00:32:36.270  2789 15302 V AmlogicVideoDecoderAwesome: mFlvFlag=0
10-14 00:32:36.270  2789 15302 V AmlogicVideoDecoderAwesome: mOutBufferCount =8
10-14 00:32:36.270  2789 15302 V AmlogicVideoDecoderAwesome: mIsNativeBuffers =1
10-14 00:32:36.270  2789 15302 D AmlogicVideoDecoderAwesome: mAmvideoDev->use_frame_mode=0
10-14 00:32:36.270  2789 15302 D AmlogicVideoDecoderAwesome: mAmvideoDev->use_frame_mode=1, mUseFrameMode=1
10-14 00:32:36.270  2789 15302 I amvdec  : amvideo_init ret=0
10-14 00:32:36.270  2789 15302 D AmlogicVideoDecoderAwesome: output buffer:mWidth:640, mHeight:360, mVideoDevId:0
10-14 00:32:36.272  2789 15302 I OmxComponent: STATE_DONE:  OMX_StateLoaded => OMX_StateIdle : OMX.amlogic.vp9.decoder.awesome
10-14 00:32:36.273  2789 15302 I OmxComponent: OMX_CommandStateSet 738 Cmd 0 nParam1 0x3
10-14 00:32:36.273  2789 15302 I OmxComponent: STATE_SET:   OMX_StateIdle => OMX_StateExecuting : OMX.amlogic.vp9.decoder.awesome
10-14 00:32:36.273  2789 15302 V AmlogicVideoDecoderAwesome: prepare:281 >
10-14 00:32:36.273  2789 15302 D AmlogicVideoDecoderAwesome: mVideo mDisplayTread start
10-14 00:32:36.273  2789 15302 D AmlogicVideoDecoderAwesome: mDTaskStatus=0
10-14 00:32:36.273  2789 15302 V AmlogicVideoDecoderAwesome: start:294 >
10-14 00:32:36.273  2789 15302 D AmlogicVideoDecoderAwesome: mVideo start
10-14 00:32:36.273  2789 15302 I OmxComponent: STATE_TRANS: OMX_StateIdle => OMX_StateExecuting : OMX.amlogic.vp9.decoder.awesome
10-14 00:32:36.273  2789 15302 I OmxComponent: STATE_DONE:  OMX_StateIdle => OMX_StateExecuting : OMX.amlogic.vp9.decoder.awesome
10-14 00:32:36.274  2789  2857 D AmlogicVideoDecoderAwesome: memset outputbuffer index=0, size 345600
10-14 00:32:36.274  2789 15307 V OMX_WorkerPeer: hardware/amlogic/omx/omx_framework/WorkerPeer.cpp:runWorkerStatic:152 --------------------
10-14 00:32:36.274  2789 15307 V OMX_WorkerPeer: hardware/amlogic/omx/omx_framework/WorkerPeer.cpp:runWorker:158 --------------------
10-14 00:32:36.275  2789  2857 D AmlogicVideoDecoderAwesome: memset outputbuffer index=1, size 345600
10-14 00:32:36.275  2789  2857 D AmlogicVideoDecoderAwesome: memset outputbuffer index=2, size 345600
10-14 00:32:36.275  2789  2857 D AmlogicVideoDecoderAwesome: memset outputbuffer index=3, size 345600
10-14 00:32:36.285  2789 15306 D AmlogicVideoDecoderAwesome: mFirstInputTime = 1208145, mFirstOutputTime=1208152, delay= 7ms
10-14 00:32:36.286  2789  2857 V OmxVideoDecoder: updatePort mUseNativeBuffers 1
10-14 00:32:36.286  2789  2857 D AmlogicVideoDecoderAwesome: get native buffer info NV:w:640,h:360..
10-14 00:32:36.286  2789  2857 V OmxVideoDecoder: updatePort:portDef.format.video.nFrameWidth=640,portDef.format.video.nFrameHeight=360
10-14 00:32:36.286  2789  2857 D OmxVideoDecoder: getConfig 1701 0x700000f
10-14 00:32:36.286  2789  2857 D OmxVideoDecoder: getConfig 1704 nIndex 0x700000f
10-14 00:32:36.286  2789  2857 D OmxVideoDecoder: getConfig OMX_IndexConfigCommonOutputCrop pRect->nWidth=640, pRect->nHeight=360
10-14 00:32:36.286  2789  2857 D OmxVideoDecoder: setConfig 1803 0x7f00000c
10-14 00:32:36.286  2789  3349 D OmxVideoDecoder: getConfig 1701 0x7f00000c
10-14 00:32:36.286  2789  3349 D OmxVideoDecoder: getConfig 1701 0x7f00000c
10-14 00:32:36.286  2789  3349 E OMXNodeInstance: getConfig(0xe78855b0:amlogic.vp9.decoder.awesome, ??(0x7f00000c)) ERROR: UnsupportedSetting(0x80001019)
10-14 00:32:36.286  2789  3349 D OmxVideoDecoder: getConfig 1701 0x7f000009
10-14 00:32:36.286  2789  3349 D OmxVideoDecoder: getConfig 1701 0x6f100004
10-14 00:32:36.286  2789  3349 V OmxVideoDecoder: VendorExt: getConfig: index=0 (4k-osd)
10-14 00:32:36.286  2789  2857 D OmxVideoDecoder: getConfig 1701 0x6f100004
10-14 00:32:36.286  2789  2857 V OmxVideoDecoder: VendorExt: getConfig: index=1 (is-mvc)
10-14 00:32:36.287  2789  2857 D OmxVideoDecoder: getConfig 1701 0x6f100004
10-14 00:32:36.287  2789  2857 V OmxVideoDecoder: VendorExt: getConfig: index=2 (is-flv)
10-14 00:32:36.287  2789  3349 D OmxVideoDecoder: getConfig 1701 0x6f100004
10-14 00:32:36.287  2789  3349 V OmxVideoDecoder: VendorExt: getConfig: index=3 (dvconfig-box)
10-14 00:32:36.287  2789  2857 D OmxVideoDecoder: getConfig 1701 0x6f100004
10-14 00:32:36.287  2789  2857 V OmxVideoDecoder: VendorExt: getConfig: index=4 (profile-level)
10-14 00:32:36.287  2789  2857 D OmxVideoDecoder: getConfig 1701 0x6f100004
10-14 00:32:36.287  2789  2857 V OmxVideoDecoder: VendorExt: getConfig: index=4 (profile-level)
10-14 00:32:36.287  2789  2857 D OmxVideoDecoder: getConfig 1701 0x6f100004
10-14 00:32:36.287  2789  2857 V OmxVideoDecoder: VendorExt: getConfig: index=5 (nrdp)
10-14 00:32:36.287  2789  2857 D OmxVideoDecoder: getConfig 1701 0x6f100004
10-14 00:32:36.288  2789 15307 D AmlogicVideoDecoderAwesome: =10, =640, =360, =640, =360, =0, =40000, =80000, =17958, =2534, =171
10-14 00:32:36.298  2789  2857 D AmlogicVideoDecoderAwesome: memset outputbuffer index=4, size 345600
10-14 00:32:36.317 11469 11469 V MediaRouter: onRestoreRoute() : route=RouteInfo{ name=HDMI, description=null, status=null, category=RouteCategory{ name=System types=ROUTE_TYPE_LIVE_AUDIO ROUTE_TYPE_LIVE_VIDEO  groupable=false }, supportedTypes=ROUTE_TYPE_LIVE_AUDIO ROUTE_TYPE_LIVE_VIDEO , presentationDisplay=null }
10-14 00:32:36.317 11469 11469 V MediaRouter: Selecting route: RouteInfo{ name=HDMI, description=null, status=null, category=RouteCategory{ name=System types=ROUTE_TYPE_LIVE_AUDIO ROUTE_TYPE_LIVE_VIDEO  groupable=false }, supportedTypes=ROUTE_TYPE_LIVE_AUDIO ROUTE_TYPE_LIVE_VIDEO , presentationDisplay=null }
10-14 00:32:36.318 11469 11469 W YouTubeMusic: Missing Vss3Config
10-14 00:32:36.337  2789  2857 D AmlogicVideoDecoderAwesome: memset outputbuffer index=5, size 345600
10-14 00:32:36.349  2789  2857 D AmlogicVideoDecoderAwesome: memset outputbuffer index=6, size 345600
10-14 00:32:36.361 11469 11469 W YouTubeMusic: Warning: Sending VSS ping without a format parameter.
10-14 00:32:36.400  2789  2856 D AmlogicVideoDecoderAwesome: memset outputbuffer index=7, size 345600
10-14 00:32:36.561 11469 11480 I s.youtube.musi: Background concurrent copying GC freed 272173(14MB) AllocSpace objects, 58(3MB) LOS objects, 49% free, 23MB/47MB, paused 469us total 290.475ms
10-14 00:32:36.573 11469 11478 W System  : A resource failed to call end. 
10-14 00:32:36.574 11469 11478 W System  : A resource failed to call end. 
10-14 00:32:40.537  2766  2911 D AudioFlinger: mixer(0xeb583ac0) throttle end: throttle time(8)
10-14 00:32:40.491 10737 10737 I Binder:10737_5: type=1400 audit(0.0:1064): avc: denied { open } for path="/sys/devices/virtual/android_usb/android0/state" dev="sysfs" ino=21483 scontext=u:r:priv_app:s0:c512,c768 tcontext=u:object_r:sysfs_android_usb:s0 tclass=file permissive=1
10-14 00:32:41.372 11469 11579 W YT.mediacache: Unable to sniff ChunkIndex extractor [CONTEXT ratelimit_period="5000 MILLISECONDS [skipped: 32]" ]
10-14 00:32:44.914  2787  2821 E storaged: getDiskStats failed with result NOT_SUPPORTED and size 0
10-14 00:32:45.082  2953  2968 I UsageStatsService: User[0] Flushing usage stats to disk
10-14 00:32:45.518  2953  6693 I ActivityManager: Killing 8634:com.android.defcontainer/u0a15 (adj 906): empty #17
10-14 00:32:45.518  2953  2972 W libprocessgroup: kill(-8634, 9) failed: No such process
10-14 00:32:45.550  2740  2740 I Zygote  : Process 8634 exited due to signal (9)
10-14 00:32:45.561  2953  2972 W libprocessgroup: kill(-8634, 9) failed: No such process
10-14 00:32:45.561  2953  2972 I libprocessgroup: Successfully killed process cgroup uid 10015 pid 8634 in 42ms
10-14 00:32:45.758  4078  4078 D skia    : --- Failed to create image decoder with message 'unimplemented'
10-14 00:32:45.773  4078  4078 D skia    : --- Failed to create image decoder with message 'unimplemented'
10-14 00:32:45.767  4078  4078 I tutu.ABenchMark: type=1400 audit(0.0:1065): avc: denied { open } for path="/proc/stat" dev="proc" ino=4026531957 scontext=u:r:untrusted_app_27:s0:c512,c768 tcontext=u:object_r:proc_stat:s0 tclass=file permissive=1
10-14 00:32:46.158 11469 11544 W YouTubeMusic: Warning: Sending VSS ping without a format parameter.
10-14 00:32:46.404 11469 11579 W YT.mediacache: Unable to sniff ChunkIndex extractor [CONTEXT ratelimit_period="5000 MILLISECONDS [skipped: 5]" ]
10-14 00:32:49.387  2760  2760 I memtrack@1.0-se: type=1400 audit(0.0:1070): avc: denied { read } for name="mem_profile" dev="debugfs" ino=2850 scontext=u:r:hal_memtrack_default:s0 tcontext=u:object_r:debugfs:s0 tclass=file permissive=1
10-14 00:32:50.224  2953  6693 D ConnectivityService: requestNetwork for uid/pid:10023/6841 NetworkRequest [ TRACK_DEFAULT id=137, [ Capabilities: INTERNET&NOT_RESTRICTED&TRUSTED Unwanted:  Uid: 10023] ]
10-14 00:32:50.225  2953  3039 D WIFI    : got request NetworkRequest [ TRACK_DEFAULT id=137, [ Capabilities: INTERNET&NOT_RESTRICTED&TRUSTED Unwanted:  Uid: 10023] ] with score 70
10-14 00:32:50.225  2953  3039 D WIFI_UT : got request NetworkRequest [ TRACK_DEFAULT id=137, [ Capabilities: INTERNET&NOT_RESTRICTED&TRUSTED Unwanted:  Uid: 10023] ] with score 70
10-14 00:32:50.225  2953  3062 D Ethernet: got request NetworkRequest [ TRACK_DEFAULT id=137, [ Capabilities: INTERNET&NOT_RESTRICTED&TRUSTED Unwanted:  Uid: 10023] ] with score 70
10-14 00:32:50.225  3169  3169 D PhoneSwitcherNetworkRequstListener: got request NetworkRequest [ TRACK_DEFAULT id=137, [ Capabilities: INTERNET&NOT_RESTRICTED&TRUSTED Unwanted:  Uid: 10023] ] with score 70
10-14 00:32:50.234  2953  2969 E NotificationService: Suppressing notification from package by user request.
10-14 00:32:50.234  2953  3042 D ConnectivityService: releasing NetworkRequest [ TRACK_DEFAULT id=137, [ Capabilities: INTERNET&NOT_RESTRICTED&TRUSTED Unwanted:  Uid: 10023] ] (release request)
10-14 00:32:51.598 11469 11579 W YT.mediacache: Unable to sniff ChunkIndex extractor [CONTEXT ratelimit_period="5000 MILLISECONDS [skipped: 7]" ]
10-14 00:32:52.355  4078  4078 I tutu.ABenchMark: type=1400 audit(0.0:1073): avc: denied { open } for path="/proc/vmstat" dev="proc" ino=4026531993 scontext=u:r:untrusted_app_27:s0:c512,c768 tcontext=u:object_r:proc_vmstat:s0 tclass=file permissive=1
10-14 00:32:55.225  4078  4078 D skia    : --- Failed to create image decoder with message 'unimplemented'
10-14 00:32:55.776  4078  4078 I chatty  : uid=10079(com.antutu.ABenchMark) identical 2 lines
10-14 00:32:55.795  4078  4078 D skia    : --- Failed to create image decoder with message 'unimplemented'
10-14 00:32:56.165 11469 11546 W YouTubeMusic: Warning: Sending VSS ping without a format parameter.
10-14 00:32:56.899 11469 11579 W YT.mediacache: Unable to sniff ChunkIndex extractor [CONTEXT ratelimit_period="5000 MILLISECONDS [skipped: 8]" ]
10-14 00:32:58.635 11266 11310 I Finsky  : [480] ngd.run(36): Stats for Executor: BlockingExecutor nih@90de174[Running, pool size = 0, active threads = 0, queued tasks = 0, completed tasks = 314]
10-14 00:32:58.635 11266 11310 I Finsky  : [480] ngd.run(36): Stats for Executor: LightweightExecutor nih@952869d[Running, pool size = 4, active threads = 0, queued tasks = 0, completed tasks = 497]
10-14 00:32:58.819 11266 11310 I Finsky  : [480] ngd.run(36): Stats for Executor: bgExecutor nih@7955712[Running, pool size = 4, active threads = 0, queued tasks = 0, completed tasks = 770]
10-14 00:32:59.289 11391 11426 I Finsky:download_service: [490] ngd.run(36): Stats for Executor: bgExecutor nih@9b8c0a7[Running, pool size = 2, active threads = 0, queued tasks = 0, completed tasks = 2]
10-14 00:33:03.840 11469 11579 W YT.mediacache: Unable to sniff ChunkIndex extractor [CONTEXT ratelimit_period="5000 MILLISECONDS [skipped: 6]" ]
10-14 00:33:05.808  4078  4078 D skia    : --- Failed to create image decoder with message 'unimplemented'
10-14 00:33:05.827  4078  4078 D skia    : --- Failed to create image decoder with message 'unimplemented'
10-14 00:33:05.819  4078  4078 I tutu.ABenchMark: type=1400 audit(0.0:1075): avc: denied { open } for path="/proc/stat" dev="proc" ino=4026531957 scontext=u:r:untrusted_app_27:s0:c512,c768 tcontext=u:object_r:proc_stat:s0 tclass=file permissive=1
10-14 00:33:05.823  4078  4078 I tutu.ABenchMark: type=1400 audit(0.0:1077): avc: denied { read } for name="temp" dev="sysfs" ino=8951 scontext=u:r:untrusted_app_27:s0:c512,c768 tcontext=u:object_r:sysfs:s0 tclass=file permissive=1
10-14 00:33:06.129 11469 11524 W YouTubeMusic: Warning: Sending VSS ping without a format parameter.
10-14 00:33:09.148 11469 11579 W YT.mediacache: Unable to sniff ChunkIndex extractor [CONTEXT ratelimit_period="5000 MILLISECONDS [skipped: 8]" ]
10-14 00:33:15.833  4078  4078 D skia    : --- Failed to create image decoder with message 'unimplemented'
10-14 00:33:15.848  4078  4078 D skia    : --- Failed to create image decoder with message 'unimplemented'
10-14 00:33:16.097 11469 11579 W YT.mediacache: Unable to sniff ChunkIndex extractor [CONTEXT ratelimit_period="5000 MILLISECONDS [skipped: 6]" ]
10-14 00:33:17.015  2953  4858 D ConnectivityService: requestNetwork for uid/pid:10088/11469 NetworkRequest [ TRACK_DEFAULT id=138, [ Capabilities: INTERNET&NOT_RESTRICTED&TRUSTED Unwanted:  Uid: 10088] ]
10-14 00:33:17.017  2953  3062 D Ethernet: got request NetworkRequest [ TRACK_DEFAULT id=138, [ Capabilities: INTERNET&NOT_RESTRICTED&TRUSTED Unwanted:  Uid: 10088] ] with score 70
10-14 00:33:17.017  2953  3039 D WIFI    : got request NetworkRequest [ TRACK_DEFAULT id=138, [ Capabilities: INTERNET&NOT_RESTRICTED&TRUSTED Unwanted:  Uid: 10088] ] with score 70
10-14 00:33:17.017  2953  3039 D WIFI_UT : got request NetworkRequest [ TRACK_DEFAULT id=138, [ Capabilities: INTERNET&NOT_RESTRICTED&TRUSTED Unwanted:  Uid: 10088] ] with score 70
10-14 00:33:17.019  3169  3169 D PhoneSwitcherNetworkRequstListener: got request NetworkRequest [ TRACK_DEFAULT id=138, [ Capabilities: INTERNET&NOT_RESTRICTED&TRUSTED Unwanted:  Uid: 10088] ] with score 70
10-14 00:33:17.099  2953  3042 D ConnectivityService: releasing NetworkRequest [ TRACK_DEFAULT id=138, [ Capabilities: INTERNET&NOT_RESTRICTED&TRUSTED Unwanted:  Uid: 10088] ] (release request)
10-14 00:33:20.246  2953  6046 D ConnectivityService: requestNetwork for uid/pid:10023/6841 NetworkRequest [ TRACK_DEFAULT id=139, [ Capabilities: INTERNET&NOT_RESTRICTED&TRUSTED Unwanted:  Uid: 10023] ]
10-14 00:33:20.247  2953  3062 D Ethernet: got request NetworkRequest [ TRACK_DEFAULT id=139, [ Capabilities: INTERNET&NOT_RESTRICTED&TRUSTED Unwanted:  Uid: 10023] ] with score 70
10-14 00:33:20.248  2953  3039 D WIFI    : got request NetworkRequest [ TRACK_DEFAULT id=139, [ Capabilities: INTERNET&NOT_RESTRICTED&TRUSTED Unwanted:  Uid: 10023] ] with score 70
10-14 00:33:20.248  2953  3039 D WIFI_UT : got request NetworkRequest [ TRACK_DEFAULT id=139, [ Capabilities: INTERNET&NOT_RESTRICTED&TRUSTED Unwanted:  Uid: 10023] ] with score 70
10-14 00:33:20.248  3169  3169 D PhoneSwitcherNetworkRequstListener: got request NetworkRequest [ TRACK_DEFAULT id=139, [ Capabilities: INTERNET&NOT_RESTRICTED&TRUSTED Unwanted:  Uid: 10023] ] with score 70
10-14 00:33:20.252  2953  2969 E NotificationService: Suppressing notification from package by user request.
10-14 00:33:20.254  2953  3042 D ConnectivityService: releasing NetworkRequest [ TRACK_DEFAULT id=139, [ Capabilities: INTERNET&NOT_RESTRICTED&TRUSTED Unwanted:  Uid: 10023] ] (release request)
10-14 00:33:22.327 11469 11579 W YT.mediacache: Unable to sniff ChunkIndex extractor [CONTEXT ratelimit_period="5000 MILLISECONDS [skipped: 9]" ]
10-14 00:33:25.862  4078  4078 D skia    : --- Failed to create image decoder with message 'unimplemented'
10-14 00:33:25.876  4078  4078 D skia    : --- Failed to create image decoder with message 'unimplemented'
10-14 00:33:27.620 11469 11579 W YT.mediacache: Unable to sniff ChunkIndex extractor [CONTEXT ratelimit_period="5000 MILLISECONDS [skipped: 8]" ]
10-14 00:33:34.572 11469 11579 W YT.mediacache: Unable to sniff ChunkIndex extractor [CONTEXT ratelimit_period="5000 MILLISECONDS [skipped: 7]" ]
10-14 00:33:35.891  4078  4078 D skia    : --- Failed to create image decoder with message 'unimplemented'
10-14 00:33:35.921  4078  4078 D skia    : --- Failed to create image decoder with message 'unimplemented'
10-14 00:33:36.940 11391 11426 I Finsky:download_service: [490] ngd.run(36): Stats for Executor: LightweightExecutor nih@6871954[Running, pool size = 0, active threads = 0, queued tasks = 0, completed tasks = 0]
10-14 00:33:38.594  2756  2902 I [Gralloc]: framebuffer hal alread move to hwcomposer
10-14 00:33:38.591  2768  2768 I Binder:2768_2: type=1400 audit(0.0:1080): avc: denied { read } for name="gralloc.odroidn2.so" dev="mmcblk0p12" ino=705 scontext=u:r:surfaceflinger:s0 tcontext=u:object_r:vendor_file:s0 tclass=file permissive=1
10-14 00:33:38.664  2756  2902 I [Gralloc]: framebuffer hal alread move to hwcomposer
10-14 00:33:38.673  2766  2911 D AudioFlinger: mixer(0xeb583ac0) throttle end: throttle time(16)
10-14 00:33:38.591  2768  2768 I Binder:2768_2: type=1400 audit(0.0:1081): avc: denied { open } for path="/vendor/lib/hw/gralloc.odroidn2.so" dev="mmcblk0p12" ino=705 scontext=u:r:surfaceflinger:s0 tcontext=u:object_r:vendor_file:s0 tclass=file permissive=1
10-14 00:33:38.595  2953  2953 I android.display: type=1400 audit(0.0:1083): avc: denied { read } for name="gralloc.odroidn2.so" dev="mmcblk0p12" ino=705 scontext=u:r:system_server:s0 tcontext=u:object_r:vendor_file:s0 tclass=file permissive=1
10-14 00:33:39.869 11469 11579 W YT.mediacache: Unable to sniff ChunkIndex extractor [CONTEXT ratelimit_period="5000 MILLISECONDS [skipped: 7]" ]
10-14 00:33:40.043  2760  2760 I memtrack@1.0-se: type=1400 audit(0.0:1086): avc: denied { read } for name="mem_profile" dev="debugfs" ino=113360 scontext=u:r:hal_memtrack_default:s0 tcontext=u:object_r:debugfs:s0 tclass=file permissive=1
10-14 00:33:40.043  2760  2760 I memtrack@1.0-se: type=1400 audit(0.0:1087): avc: denied { open } for path="/sys/kernel/debug/mali0/ctx/11266_29/mem_profile" dev="debugfs" ino=113360 scontext=u:r:hal_memtrack_default:s0 tcontext=u:object_r:debugfs:s0 tclass=file permissive=1
10-14 00:33:40.043  2760  2760 I memtrack@1.0-se: type=1400 audit(0.0:1088): avc: denied { getattr } for path="/sys/kernel/debug/mali0/ctx/11266_29/mem_profile" dev="debugfs" ino=113360 scontext=u:r:hal_memtrack_default:s0 tcontext=u:object_r:debugfs:s0 tclass=file permissive=1
10-14 00:33:43.128  2747  2888 D audio-subMixingFactory: out_standby_subMixingPCM: out_stream(0xee3ca000) usecase: STREAM_PCM_NORMAL
10-14 00:33:43.128  2747  2888 I audio-subMixingFactory: ++usecase_change_validate_l_sm(), dev usecase masks = 0x1, is_standby = 1, out usecase STREAM_PCM_NORMAL
10-14 00:33:43.128  2747  2888 I audio-subMixingFactory: --usecase_change_validate_l_sm(), dev usecase masks = 0, is_standby = 1, out usecase STREAM_PCM_NORMAL
10-14 00:33:43.128  2747  2888 I amlaudioMixer: ++delete_mixer_input_port port ID: 0
10-14 00:33:43.129  2747  2907 E amlaudioMixer: mixer_do_mixing_16bit(), sys or direct pcm must exist!!!
10-14 00:33:43.787  2747  7191 W amlaudioMixer: mixer_get_presentation_position(), port not ready now
10-14 00:33:43.787  2747  7191 W audio-subMixingFactory: out_get_presentation_position_port(), pts not valid yet
10-14 00:33:43.788  2747  7191 I audio-subMixingFactory: ++usecase_change_validate_l_sm: dev usecase masks = 0, out usecase_masks = 0, out usecase STREAM_PCM_NORMAL
10-14 00:33:43.788  2747  7191 I audio-subMixingFactory: ++++usecase_change_validate_l_sm(),continuous_audio_mode 0 dev usecase masks = 0, out usecase_masks = 0, out usecase STREAM_PCM_NORMAL
10-14 00:33:43.788  2747  7191 I audio-subMixingFactory: usecase_change_validate_l_sm(), mixer_aux_buffer_write_sm !
10-14 00:33:43.788  2747  7191 I audio-subMixingFactory: ----usecase_change_validate_l_sm(), continuous_audio_mode 0 dev usecase masks = 0x1, out usecase_masks = 0x1, out usecase STREAM_PCM_NORMAL
10-14 00:33:43.788  2747  7191 I aml_audio_port: get_input_port_index(), samplerate 48000
10-14 00:33:43.788  2747  7191 D aml_audio_port: new_input_port(), index:0, rbuf size:8192, direct_on:0
10-14 00:33:43.788  2747  7191 D aml_audio_port: new_input_port(), fmt 0x1, rate 48000
10-14 00:33:43.788  2747  7191 I amlaudioMixer: ++init_mixer_input_port port index 0, size 512 frames
10-14 00:33:43.788  2747  7191 I amlaudioMixer: init_mixer_input_port(), port->initial_frames: 14923776
10-14 00:33:43.788  2747  7191 I aml_audio_port: get_input_port_index(), samplerate 48000
10-14 00:33:43.788  2747  7191 I audio-subMixingFactory: mixer_aux_buffer_write_sm(), primary 0xee3ca000 port index = 0
10-14 00:33:43.788  2747  7191 I audio-subMixingFactory: padding_bytes 16384
10-14 00:33:43.788  2747  7191 I amlaudioMixer: port index 0 is active now
10-14 00:33:43.788  2747  7191 I audio-subMixingFactory: padding_bytes 14336
10-14 00:33:43.788  2747  7191 I audio-subMixingFactory: padding_bytes 12288
10-14 00:33:43.788  2747  7191 I audio-subMixingFactory: padding_bytes 10240
10-14 00:33:43.788  2747  7191 I audio-subMixingFactory: padding_bytes 8192
10-14 00:33:43.788  2747  7191 I audio-subMixingFactory: padding_bytes 6144
10-14 00:33:43.793  2747  7191 I audio-subMixingFactory: padding_bytes 4096
10-14 00:33:43.793  2747  7191 I audio-subMixingFactory: padding_bytes 2048
10-14 00:33:43.804  2747  7191 W amlaudioMixer: mixer_get_presentation_position(), not valid now
10-14 00:33:43.804  2747  7191 W audio-subMixingFactory: out_get_presentation_position_port(), pts not valid yet
10-14 00:33:43.811 11469 11469 E YT.mlplayer: MedialibPlayer.stopVideo()
10-14 00:33:43.814  2747  7191 W amlaudioMixer: mixer_get_presentation_position(), not valid now
10-14 00:33:43.815  2747  7191 W audio-subMixingFactory: out_get_presentation_position_port(), pts not valid yet
10-14 00:33:43.817  2789 15302 I OmxComponent: OMX_CommandFlush 738 Cmd 0x1 nParam1 0xffffffff
10-14 00:33:43.817  2789 15302 I OmxComponent: OMX.amlogic.vp9.decoder.awesome: flush input
10-14 00:33:43.817  2789 15302 V AmlogicVideoDecoderAwesome: flushInput:894 >
10-14 00:33:43.817  2789 15302 V OMX_WorkerPeer: hardware/amlogic/omx/omx_framework/WorkerPeer.cpp:flushInput:56 --------------------
10-14 00:33:43.817  2789 15302 V AmlogicVideoDecoderAwesome: pause:286 >
10-14 00:33:43.817 11469 11469 E YT.mlplayer: MedialibPlayer.stopVideo()
10-14 00:33:43.819 11469 11469 W YouTubeMusic: Warning: Sending VSS ping without a format parameter.
10-14 00:33:43.822 11469 11469 E YT.mlplayer: MedialibPlayer.stopVideo()
10-14 00:33:43.830  2766  2911 D AudioFlinger: mixer(0xeb583ac0) throttle end: throttle time(6)
10-14 00:33:43.837  2789 15302 V AmlogicVideoDecoderAwesome: reset:332 >
10-14 00:33:43.837  2789 15302 D AmlogicVideoDecoderAwesome: reset_1
10-14 00:33:43.837  2789 15302 I amcodec : AMSTREAM_SET_OMX_RUNNING ret=0
10-14 00:33:43.852 11469 11513 W YouTubeMusic: Pinging https://s.youtube.com/api/stats/qoe?cl=335708953&ei=k8iFX9yhPIy6gAPp1pPwAQ&event=streamingstats&feature=BFa&fexp=1714257%2C11222382%2C11223265%2C11223874%2C23735348%2C23744176%2C23839597%2C23857949%2C23862346%2C23876172%2C23880043%2C23882502%2C23884386%2C23885572%2C23915654%2C23918597%2C23927767%2C23928508%2C23930220%2C23934522%2C23934970%2C23935848%2C23942338%2C23942435%2C23944101%2C23944779%2C23944834%2C23946421%2C23946754%2C23947698%2C23948841%2C23950597%2C23952974%2C23955176%2C23956802%2C23957693%2C23957853%2C23958666%2C39788273%2C39789494%2C39792462%2C39792823%2C39793172%2C39793627%2C39793768%2C39794202&ns=yt&plid=AAWxjx_UrpBd1IK3&cpn=JOLYeOY6ne2bpMsQ&cplatform=tablet&cbr=com.google.android.apps.youtube.music&c=android_music&cmodel=odroidn2&cos=Android&csdk=28&cbrver=3.87.52&cver=3.87.52&cosver=9&cbrand=HardKernel%20Co.%2C%20Ltd.&vis=0.003:0&conn=0.005:1&vfs=0.311:243:242::i&cplayer=ANDROID_EXOPLAYER_V2&bh=30.561:123.65,60.569:124.39,64.227:120.71,68.019:121.35&cmt=30.561:29.008,60.569:59.006,64.227:62.970,68.019:62.970&fmt=243&vc=38752230&afs=0.311:140::i&sur=0.342:3&view=0.311:680:293&bat=0.003:0.420:0,68.040:0.420:0&rate=0.315:1.0&vps=0.000:N,0.303:B,0.523:PL,64.227:PA,68.019:N&bwm=0.523:290196:0.089,30.561:3628548:0.895,60.569:790284:0.153&ctmp=pmqs:none&user_intent=0.305&seq=1&aur=0.522:6&docid=(scrubbed)&referrer=(scrubbed)
10-14 00:33:43.894 15048 15048 V MusicFXControlPanelReceiver: onReceive
10-14 00:33:43.899 15048 15048 V MusicFXControlPanelReceiver: Action: android.media.action.CLOSE_AUDIO_EFFECT_CONTROL_SESSION
10-14 00:33:43.899 15048 15048 V MusicFXControlPanelReceiver: Package name: com.google.android.apps.youtube.music
10-14 00:33:43.899 15048 15048 V MusicFXControlPanelReceiver: Audio session: 177
10-14 00:33:43.899 15048 15048 V MusicFXControlPanelEffect: closeSession(android.app.ReceiverRestrictedContext@66eee64, com.google.android.apps.youtube.music, 177)
10-14 00:33:43.901 15048 15048 V MusicFXControlPanelReceiver: onReceive
10-14 00:33:43.901 15048 15048 V MusicFXControlPanelReceiver: Action: android.media.action.CLOSE_AUDIO_EFFECT_CONTROL_SESSION
10-14 00:33:43.901 15048 15048 V MusicFXControlPanelReceiver: Package name: com.google.android.apps.youtube.music
10-14 00:33:43.901 15048 15048 V MusicFXControlPanelReceiver: Audio session: 177
10-14 00:33:43.901 15048 15048 V MusicFXControlPanelEffect: closeSession(android.app.ReceiverRestrictedContext@66eee64, com.google.android.apps.youtube.music, 177)
10-14 00:33:43.919  2789 15302 I amcodec : [codec_reset:1127]ret=0
10-14 00:33:43.919  2789 15302 D AmlogicVideoDecoderAwesome: reset_2
10-14 00:33:43.920  2789 15302 D AmlogicVideoDecoderAwesome: mDTaskStatus=1
10-14 00:33:43.920  2789 15302 V AmlogicVideoDecoderAwesome: start:294 >
10-14 00:33:43.920  2789 15302 E ThreadWorker: pthread on exit wait clean
10-14 00:33:43.920  2789 15302 D AmlogicVideoDecoderAwesome: mVideo start
10-14 00:33:43.920  2789 15302 V AmlogicVideoDecoderAwesome: flushInput:919 >
10-14 00:33:43.920  2789 15302 I OmxComponent: OMX.amlogic.vp9.decoder.awesome: flush output
10-14 00:33:43.920  2789 15302 V AmlogicVideoDecoderAwesome: flushOutput:922 >
10-14 00:33:43.921  2789 15992 V OMX_WorkerPeer: hardware/amlogic/omx/omx_framework/WorkerPeer.cpp:runWorkerStatic:152 --------------------
10-14 00:33:43.921  2789 15992 V OMX_WorkerPeer: hardware/amlogic/omx/omx_framework/WorkerPeer.cpp:runWorker:158 --------------------
10-14 00:33:43.921  2789 15302 V AmlogicVideoDecoderAwesome: flushOutput:976 >
10-14 00:33:43.939  2789 15302 I OmxComponent: OMX_CommandStateSet 738 Cmd 0 nParam1 0x2
10-14 00:33:43.939  2789 15302 I OmxComponent: STATE_SET:   OMX_StateExecuting => OMX_StateIdle : OMX.amlogic.vp9.decoder.awesome
10-14 00:33:43.939  2789 15302 I OmxComponent: OMX.amlogic.vp9.decoder.awesome: flush input
10-14 00:33:43.939  2789 15302 V AmlogicVideoDecoderAwesome: flushInput:894 >
10-14 00:33:43.939  2789 15302 V OMX_WorkerPeer: hardware/amlogic/omx/omx_framework/WorkerPeer.cpp:flushInput:56 --------------------
10-14 00:33:43.939  2789 15302 V AmlogicVideoDecoderAwesome: pause:286 >
10-14 00:33:43.940  2789 15302 V AmlogicVideoDecoderAwesome: reset:332 >
10-14 00:33:43.940  2789 15302 D AmlogicVideoDecoderAwesome: reset_1
10-14 00:33:43.940  2789 15302 I amcodec : AMSTREAM_SET_OMX_RUNNING ret=0
10-14 00:33:43.986  2789 15302 I amcodec : [codec_reset:1127]ret=0
10-14 00:33:43.986  2789 15302 D AmlogicVideoDecoderAwesome: reset_2
10-14 00:33:43.986  2789 15302 D AmlogicVideoDecoderAwesome: mDTaskStatus=1
10-14 00:33:43.986  2789 15302 V AmlogicVideoDecoderAwesome: start:294 >
10-14 00:33:43.986  2789 15302 E ThreadWorker: pthread on exit wait clean
10-14 00:33:43.986  2789 15302 D AmlogicVideoDecoderAwesome: mVideo start
10-14 00:33:43.986  2789 15302 V AmlogicVideoDecoderAwesome: flushInput:919 >
10-14 00:33:43.986  2789 15302 I OmxComponent: OMX.amlogic.vp9.decoder.awesome: flush output
10-14 00:33:43.986  2789 15302 V AmlogicVideoDecoderAwesome: flushOutput:922 >
10-14 00:33:43.986  2789 15302 D AmlogicVideoDecoderAwesome: displayThread__flushOutput__fillBufferDone
10-14 00:33:43.986  2789 15302 I chatty  : uid=1046(mediacodec) decoder.awesome identical 2 lines
10-14 00:33:43.987  2789 15302 D AmlogicVideoDecoderAwesome: displayThread__flushOutput__fillBufferDone
10-14 00:33:43.987  2789 15998 V OMX_WorkerPeer: hardware/amlogic/omx/omx_framework/WorkerPeer.cpp:runWorkerStatic:152 --------------------
10-14 00:33:43.987  2789 15302 V AmlogicVideoDecoderAwesome: flushOutput:976 >
10-14 00:33:43.987  2789 15998 V OMX_WorkerPeer: hardware/amlogic/omx/omx_framework/WorkerPeer.cpp:runWorker:158 --------------------
10-14 00:33:43.987  2789 15302 D AmlogicVideoDecoderAwesome: mVideo stop
10-14 00:33:43.988  2789 15302 V AmlogicVideoDecoderAwesome: stop:320 >
10-14 00:33:43.989  2789 15302 I OmxComponent: STATE_TRANS: OMX_StateExecuting => OMX_StateIdle : OMX.amlogic.vp9.decoder.awesome
10-14 00:33:43.990  2789 15302 I chatty  : uid=1046(mediacodec) decoder.awesome identical 3 lines
10-14 00:33:43.990  2789 15302 I OmxComponent: STATE_TRANS: OMX_StateExecuting => OMX_StateIdle : OMX.amlogic.vp9.decoder.awesome
10-14 00:33:43.990  2789 15302 I OmxComponent: STATE_DONE:  OMX_StateExecuting => OMX_StateIdle : OMX.amlogic.vp9.decoder.awesome
10-14 00:33:43.991  2789 15302 I OmxComponent: OMX_CommandStateSet 738 Cmd 0 nParam1 0x1
10-14 00:33:43.991  2789 15302 I OmxComponent: STATE_SET:   OMX_StateIdle => OMX_StateLoaded : OMX.amlogic.vp9.decoder.awesome
10-14 00:33:43.991  2789 15302 V AmlogicVideoDecoderAwesome: releaseResources:374 >
10-14 00:33:43.991  2789 15302 V AmlogicVideoDecoderAwesome: tearDown:793 >
10-14 00:33:43.991  2789 15302 V AmlogicVideoDecoderAwesome: tearDown:1434 >
10-14 00:33:43.991  2789 15302 V AmlogicVideoDecoderAwesome: initializeState_l:1512 >
10-14 00:33:43.996  2789 15302 D AmlogicVideoDecoderAwesome: free ION Video device instance ID:0
10-14 00:33:43.997  2789 15302 V AmlogicVideoDecoderAwesome: disable osd video ...-415004240
10-14 00:33:44.001  2789 15302 I OmxComponent: STATE_TRANS: OMX_StateIdle => OMX_StateLoaded : OMX.amlogic.vp9.decoder.awesome
10-14 00:33:44.001  2789 15302 I OmxComponent: STATE_DONE:  OMX_StateIdle => OMX_StateLoaded : OMX.amlogic.vp9.decoder.awesome
10-14 00:33:44.002  2789  2789 D OmxComponentManagerImpl: DecreaseEntryNumByName pEntry->mNum=1, pEntry->mMaxNum:9,componentName:OMX.amlogic.vp9.decoder.awesome
10-14 00:33:44.002  2789  2789 I omx_core: OMX_freeHandle_num_= 0
10-14 00:33:44.002  2789  2789 D AmlogicVideoDecoderAwesome: AmlogicVideoDecoderVp9 Dtor
10-14 00:33:44.002  2789  2789 D AmlogicVideoDecoderAwesome: ~AmlogicVideoDecoderAwesome
10-14 00:33:44.002  2789  2789 D AmlogicVideoDecoderAwesome: ~AmlogicVideoDecoder
10-14 00:33:44.002  2789  2789 D AmlogicVideoDecoderAwesome: ~AmlogicVideoDecoder, mOmxInstancenum 0
10-14 00:33:44.003 11469 15300 D SurfaceUtils: disconnecting from surface 0xb5165808, reason disconnectFromSurface
10-14 00:33:44.081 11469 16004 I OMXClient: IOmx service obtained
10-14 00:33:44.081  2789  2789 I OMXMaster: makeComponentInstance(OMX.google.aac.decoder) in omx@1.0-service process
10-14 00:33:44.083 11469 16004 I AmAVUtils: AmAVUtils::getComponentRole isEncoder :0 mime:audio/mp4a-latm 
10-14 00:33:44.083 11469 16004 V AVUtils : AVUtils::getComponentRole
10-14 00:33:44.089 11469 11469 W RecyclerView: Cannot call this method in a scroll callback. Scroll callbacks mightbe run during a measure & layout pass where you cannot change theRecyclerView data. Any method call that might change the structureof the RecyclerView or the adapter contents should be postponed tothe next frame.
10-14 00:33:44.089 11469 11469 W RecyclerView: java.lang.IllegalStateException:  bcb{6a1c581 VFED..... ......ID 0,0-680,293 #1}, adapter:hxe@fd49626, layout:bbu@aa7b267, context:com.google.android.apps.youtube.music.activities.MusicActivity@acf753
10-14 00:33:44.089 11469 11469 W RecyclerView: 	at android.support.v7.widget.RecyclerView.a(PG:26)
10-14 00:33:44.089 11469 11469 W RecyclerView: 	at aba.a(PG:1)
10-14 00:33:44.089 11469 11469 W RecyclerView: 	at aaf.b(PG:2)
10-14 00:33:44.089 11469 11469 W RecyclerView: 	at aae.iL(PG:1)
10-14 00:33:44.089 11469 11469 W RecyclerView: 	at hvm.a(PG:8)
10-14 00:33:44.089 11469 11469 W RecyclerView: 	at hvl.b(PG:3)
10-14 00:33:44.089 11469 11469 W RecyclerView: 	at bbh.b(PG:2)
10-14 00:33:44.089 11469 11469 W RecyclerView: 	at bbh.b(PG:2)
10-14 00:33:44.089 11469 11469 W RecyclerView: 	at bbm.a(PG:2)
10-14 00:33:44.089 11469 11469 W RecyclerView: 	at bbm.a(PG:29)
10-14 00:33:44.089 11469 11469 W RecyclerView: 	at android.support.v7.widget.RecyclerView.e(PG:5)
10-14 00:33:44.089 11469 11469 W RecyclerView: 	at abi.run(PG:30)
10-14 00:33:44.089 11469 11469 W RecyclerView: 	at android.view.Choreographer$CallbackRecord.run(Choreographer.java:949)
10-14 00:33:44.089 11469 11469 W RecyclerView: 	at android.view.Choreographer.doCallbacks(Choreographer.java:761)
10-14 00:33:44.089 11469 11469 W RecyclerView: 	at android.view.Choreographer.doFrame(Choreographer.java:693)
10-14 00:33:44.089 11469 11469 W RecyclerView: 	at android.view.Choreographer$FrameDisplayEventReceiver.run(Choreographer.java:935)
10-14 00:33:44.089 11469 11469 W RecyclerView: 	at android.os.Handler.handleCallback(Handler.java:873)
10-14 00:33:44.089 11469 11469 W RecyclerView: 	at android.os.Handler.dispatchMessage(Handler.java:99)
10-14 00:33:44.089 11469 11469 W RecyclerView: 	at android.os.Looper.loop(Looper.java:193)
10-14 00:33:44.089 11469 11469 W RecyclerView: 	at android.app.ActivityThread.main(ActivityThread.java:6669)
10-14 00:33:44.089 11469 11469 W RecyclerView: 	at java.lang.reflect.Method.invoke(Native Method)
10-14 00:33:44.089 11469 11469 W RecyclerView: 	at com.android.internal.os.RuntimeInit$MethodAndArgsCaller.run(RuntimeInit.java:493)
10-14 00:33:44.089 11469 11469 W RecyclerView: 	at com.android.internal.os.ZygoteInit.main(ZygoteInit.java:858)
10-14 00:33:44.089 11469 16004 I AmAVUtils: AmAVUtils::isAudioExtendFormat input = audio/mp4a-latm
10-14 00:33:44.090  2789  2857 E OMXNodeInstance: setConfig(0xe78a7d80:google.aac.decoder, ConfigPriority(0x6f800002)) ERROR: Undefined(0x80001001)
10-14 00:33:44.090 11469 16004 I ACodec  : codec does not support config priority (err -2147483648)
10-14 00:33:44.090  2789  2857 E OMXNodeInstance: getConfig(0xe78a7d80:google.aac.decoder, ConfigAndroidVendorExtension(0x6f100004)) ERROR: Undefined(0x80001001)
10-14 00:33:44.092  2746  2746 W AshmemAllocator: ashmem_create_region(8192) returning hidl_memory(0xf1298180, 8192)
10-14 00:33:44.096  2746  2746 I chatty  : uid=1000(system) allocator@1.0-s identical 2 lines
10-14 00:33:44.097  2746  2746 W AshmemAllocator: ashmem_create_region(8192) returning hidl_memory(0xf1298180, 8192)
10-14 00:33:44.099  2746  2746 W AshmemAllocator: ashmem_create_region(32768) returning hidl_memory(0xf1298180, 32768)
10-14 00:33:44.102  2746  2746 I chatty  : uid=1000(system) allocator@1.0-s identical 2 lines
10-14 00:33:44.103  2746  2746 W AshmemAllocator: ashmem_create_region(32768) returning hidl_memory(0xf1298180, 32768)
10-14 00:33:44.157  2789 16005 I SoftAAC2: Reconfiguring decoder: 0->44100 Hz, 0->2 channels
10-14 00:33:44.160  2746  2746 W AshmemAllocator: ashmem_create_region(32768) returning hidl_memory(0xf1298180, 32768)
10-14 00:33:44.162  2746  2746 I chatty  : uid=1000(system) allocator@1.0-s identical 2 lines
10-14 00:33:44.162  2746  2746 W AshmemAllocator: ashmem_create_region(32768) returning hidl_memory(0xf1298180, 32768)
10-14 00:33:44.176 11469 11469 E YT.mlplayer: MedialibPlayer.loadVideo(cpn=UHUX3gUpxDPjpiRr playWhenReady=true positionMs=0 playerEvents=[33] videoId=scrubbed mediaView=42324796(0,0,524,293) volume=1.0)
10-14 00:33:44.203  2766  3526 W AudioFlinger: createTrack_l(): mismatch between requested flags (00000008) and output flags (00000002)
10-14 00:33:44.203  2766  3526 D AudioFlinger: Client defaulted notificationFrames to 3675 for frameCount 11025
10-14 00:33:44.261 11469 16009 I OMXClient: IOmx service obtained
10-14 00:33:44.262  2789  2789 I OMXMaster: makeComponentInstance(OMX.amlogic.vp9.decoder.awesome) in omx@1.0-service process
10-14 00:33:44.262  2789  2789 D OmxComponentManagerImpl: support frame mode
10-14 00:33:44.262  2789  2789 D OmxComponentManagerImpl: format support multi-instance
10-14 00:33:44.262  2789  2789 D OmxComponentManagerImpl: getEntryByName_2_num=0, componentName:OMX.amlogic.vp9.decoder.awesome
10-14 00:33:44.262  2789  2789 V AmlogicVideoDecoderAwesome: AmlogicVideoDecoder:99 >
10-14 00:33:44.262  2789  2789 V AmlogicVideoDecoderAwesome: initializeState_l:1512 >
10-14 00:33:44.262  2789  2789 V AmlogicVideoDecoderAwesome: media.omx.latency is not set used def=1.000000
10-14 00:33:44.262  2789  2789 D AmlogicVideoDecoderAwesome: AmlogicVideoDecoder, mOmxInstancenum 1, mOmxInstanceID 18
10-14 00:33:44.262  2789  2789 W AmlSysfsUtil: [amsysfs_get_sysfs_str] /sys/module/am_vecm/parameters/dolby_vision_enable failed!
10-14 00:33:44.262  2789  2789 W AmlSysfsUtil: [amsysfs_get_sysfs_str] /sys/module/amdolby_vision/parameters/dolby_vision_enable failed!
10-14 00:33:44.262  2789  2789 D AmlogicVideoDecoderAwesome: mCheckDvesDone = 1
10-14 00:33:44.262  2789  2789 D AmlogicVideoDecoderAwesome: AmlogicVideoDecoderVp9 Ctor
10-14 00:33:44.262  2789  2789 D OmxVideoDecoder: drm use frame_mode
10-14 00:33:44.263  2789  2789 E OmxVideoDecoder: Load libsecmem failed
10-14 00:33:44.263  2789  2789 W OmxLogConf: Can not read property media.omx.log_levels, using 0
10-14 00:33:44.263  2789  2789 V AmlogicVideoDecoderAwesome: media.omx.out_buffer1 is not set used def=4
10-14 00:33:44.263  2789  2789 D OmxVideoDecoder: setInputCoding OMX.amlogic.vp9.decoder.awesome
10-14 00:33:44.263  2789  2789 D OmxVideoDecoder: mIsLinux49=1, major=4, minor=9
10-14 00:33:44.263  2789  2789 D OmxVideoDecoder: multi dec exist
10-14 00:33:44.263  2789  2789 D OmxVideoDecoder: Use frame mode for multidec.
10-14 00:33:44.263  2789  2789 D OmxVideoDecoder: Use min out buffer size
10-14 00:33:44.263  2789  2789 D OmxVideoDecoder: mMustOsdDisplay 0
10-14 00:33:44.263  2789  2789 D OMX-VENDOR-EXT: OMX.amlogic.vp9.decoder.awesome : Vendor extensions supported (6)
10-14 00:33:44.263  2789  2789 D OMX-VENDOR-EXT:    vendor.4k-osd{{ enable : Int32 },  }
10-14 00:33:44.263  2789  2789 D OMX-VENDOR-EXT:    vendor.is-mvc{{ enable : Int32 },  }
10-14 00:33:44.263  2789  2789 D OMX-VENDOR-EXT:    vendor.is-flv{{ nContainIndex : Int32 },  }
10-14 00:33:44.263  2789  2789 D OMX-VENDOR-EXT:    vendor.dvconfig-box{{ disable : Int32 },  }
10-14 00:33:44.263  2789  2789 D OMX-VENDOR-EXT:    vendor.profile-level{{ n-profile : Int32 },  { n-level : Int32 },  }
10-14 00:33:44.263  2789  2789 D OMX-VENDOR-EXT:    vendor.nrdp{{ video-peek-in-tunnel : Int32 },  }
10-14 00:33:44.263  2789  2789 D OmxComponentManagerImpl: IncreaseEntryNumByName pEntry->mNum=0, pEntry->mMaxNum:9,componentName:OMX.amlogic.vp9.decoder.awesome
10-14 00:33:44.263  2789  2789 I omx_core: OMX_getHandle_num=1
10-14 00:33:44.263  2789  2789 D OmxComponent: mApkName=media.codec
10-14 00:33:44.267 11469 16008 D SurfaceUtils: connecting to surface 0xb5165808, reason connectToSurface
10-14 00:33:44.268 11469 16008 I MediaCodec: [OMX.amlogic.vp9.decoder.awesome] setting surface generation to 11744259
10-14 00:33:44.268 11469 16008 D SurfaceUtils: disconnecting from surface 0xb5165808, reason connectToSurface(reconnect)
10-14 00:33:44.268 11469 16008 D SurfaceUtils: connecting to surface 0xb5165808, reason connectToSurface(reconnect)
10-14 00:33:44.268 11469 16009 I AmAVUtils: AmAVUtils::getComponentRole isEncoder :0 mime:video/x-vnd.on2.vp9 
10-14 00:33:44.268 11469 16009 V AVUtils : AVUtils::getComponentRole
10-14 00:33:44.269  2789  2789 D OmxVideoDecoder: setParameter 887 0x1000017
10-14 00:33:44.269  2789  2789 D OmxVideoDecoder: setInputCoding video_decoder.vp9
10-14 00:33:44.269  2789  2789 D OmxComponent: getExtensionIndex 1121 name="OMX.google.android.index.enableAndroidNativeBuffers"
10-14 00:33:44.269  2789  2789 D OmxVideoDecoder: setParameter 887 0x7f000000
