10-14 00:36:20.411  3169  3169 D PhoneSwitcherNetworkRequstListener: got request NetworkRequest [ TRACK_DEFAULT id=149, [ Capabilities: INTERNET&NOT_RESTRICTED&TRUSTED Unwanted:  Uid: 10023] ] with score 70
10-14 00:36:20.417  2953  2969 E NotificationService: Suppressing notification from package by user request.
10-14 00:36:20.418  2953  3042 D ConnectivityService: releasing NetworkRequest [ TRACK_DEFAULT id=149, [ Capabilities: INTERNET&NOT_RESTRICTED&TRUSTED Unwanted:  Uid: 10023] ] (release request)
10-14 00:36:26.378  4078  4078 D skia    : --- Failed to create image decoder with message 'unimplemented'
10-14 00:36:36.404  4078  4078 I chatty  : uid=10079(com.antutu.ABenchMark) identical 2 lines
10-14 00:36:36.417  4078  4078 D skia    : --- Failed to create image decoder with message 'unimplemented'
10-14 00:36:43.749  3599 11298 I CastDatabase: Saving the database
10-14 00:36:43.753  3599 11298 E SQLiteCastStore: Skip saving CastDeviceInfo: "Nearby device" (__cast_nearby___V_8239f5ed-b207-4deb-b48e-f642e63df2d9)
10-14 00:36:43.753  3599 11298 I SQLiteCastStore: [CastNetworkInfo] saved: 0, skipped: 0, [CastDeviceInfo]: saved 0, skipped 1, [Paired Guest Mode DeviceInfo] saved: 0, skipped: 0. [ProbedNetworks]: saved 0, skipped: 0, [ProbedSocketAddress]: saved 0, skipped: 0, [Network-Device pairs]: saved: 0
10-14 00:36:44.916  2787  2821 E storaged: getDiskStats failed with result NOT_SUPPORTED and size 0
10-14 00:36:44.964  2953  2975 D AutofillManagerService: Close system dialogs
10-14 00:36:44.980  3106  3106 V StatusBar: mStatusBarWindow: com.android.systemui.statusbar.phone.StatusBarWindowView{530a9c0 V.ED..... ........ 0,0-1360,31} canPanelBeCollapsed(): false
10-14 00:36:44.980  3106  3106 I vol.Events: writeEvent dismiss_dialog volume_controller
10-14 00:36:45.009  2756  2902 I [Gralloc]: framebuffer hal alread move to hwcomposer
10-14 00:36:45.040  3527  3541 D StrictMode: StrictMode policy violation: android.os.strictmode.LeakedClosableViolation: A resource was acquired at attached stack trace but never released. See java.io.Closeable for information on avoiding resource leaks.
10-14 00:36:45.040  3527  3541 D StrictMode: 	at android.os.StrictMode$AndroidCloseGuardReporter.report(StrictMode.java:1788)
10-14 00:36:45.040  3527  3541 D StrictMode: 	at dalvik.system.CloseGuard.warnIfOpen(CloseGuard.java:264)
10-14 00:36:45.040  3527  3541 D StrictMode: 	at android.view.SurfaceControl.finalize(SurfaceControl.java:667)
10-14 00:36:45.040  3527  3541 D StrictMode: 	at java.lang.Daemons$FinalizerDaemon.doFinalize(Daemons.java:250)
10-14 00:36:45.040  3527  3541 D StrictMode: 	at java.lang.Daemons$FinalizerDaemon.runInternal(Daemons.java:237)
10-14 00:36:45.040  3527  3541 D StrictMode: 	at java.lang.Daemons$Daemon.run(Daemons.java:103)
10-14 00:36:45.040  3527  3541 D StrictMode: 	at java.lang.Thread.run(Thread.java:764)
10-14 00:36:45.040  3527  3541 D StrictMode: Caused by: java.lang.Throwable: Explicit termination method 'release' not called
10-14 00:36:45.040  3527  3541 D StrictMode: 	at dalvik.system.CloseGuard.open(CloseGuard.java:221)
10-14 00:36:45.040  3527  3541 D StrictMode: 	at android.view.SurfaceControl.<init>(SurfaceControl.java:621)
10-14 00:36:45.040  3527  3541 D StrictMode: 	at android.view.SurfaceControl.<init>(SurfaceControl.java:60)
10-14 00:36:45.040  3527  3541 D StrictMode: 	at android.view.SurfaceControl$1.createFromParcel(SurfaceControl.java:655)
10-14 00:36:45.040  3527  3541 D StrictMode: 	at android.view.SurfaceControl$1.createFromParcel(SurfaceControl.java:653)
10-14 00:36:45.040  3527  3541 D StrictMode: 	at android.os.Parcel.readParcelable(Parcel.java:2766)
10-14 00:36:45.040  3527  3541 D StrictMode: 	at android.view.RemoteAnimationTarget.<init>(RemoteAnimationTarget.java:149)
10-14 00:36:45.040  3527  3541 D StrictMode: 	at android.view.RemoteAnimationTarget$1.createFromParcel(RemoteAnimationTarget.java:212)
10-14 00:36:45.040  3527  3541 D StrictMode: 	at android.view.RemoteAnimationTarget$1.createFromParcel(RemoteAnimationTarget.java:210)
10-14 00:36:45.040  3527  3541 D StrictMode: 	at android.os.Parcel.readTypedObject(Parcel.java:2606)
10-14 00:36:45.040  3527  3541 D StrictMode: 	at android.os.Parcel.createTypedArray(Parcel.java:2568)
10-14 00:36:45.040  3527  3541 D StrictMode: 	at android.view.IRemoteAnimationRunner$Stub.onTransact(IRemoteAnimationRunner.java:56)
10-14 00:36:45.040  3527  3541 D StrictMode: 	at android.os.Binder.execTransact(Binder.java:731)
10-14 00:36:45.043  3527  3541 I chatty  : uid=10024(com.android.launcher3) FinalizerDaemon identical 4 lines
10-14 00:36:45.043  3527  3541 D StrictMode: StrictMode policy violation: android.os.strictmode.LeakedClosableViolation: A resource was acquired at attached stack trace but never released. See java.io.Closeable for information on avoiding resource leaks.
10-14 00:36:45.043  3527  3541 D StrictMode: 	at android.os.StrictMode$AndroidCloseGuardReporter.report(StrictMode.java:1788)
10-14 00:36:45.043  3527  3541 D StrictMode: 	at dalvik.system.CloseGuard.warnIfOpen(CloseGuard.java:264)
10-14 00:36:45.043  3527  3541 D StrictMode: 	at android.view.SurfaceControl.finalize(SurfaceControl.java:667)
10-14 00:36:45.043  3527  3541 D StrictMode: 	at java.lang.Daemons$FinalizerDaemon.doFinalize(Daemons.java:250)
10-14 00:36:45.043  3527  3541 D StrictMode: 	at java.lang.Daemons$FinalizerDaemon.runInternal(Daemons.java:237)
10-14 00:36:45.043  3527  3541 D StrictMode: 	at java.lang.Daemons$Daemon.run(Daemons.java:103)
10-14 00:36:45.043  3527  3541 D StrictMode: 	at java.lang.Thread.run(Thread.java:764)
10-14 00:36:45.043  3527  3541 D StrictMode: Caused by: java.lang.Throwable: Explicit termination method 'release' not called
10-14 00:36:45.043  3527  3541 D StrictMode: 	at dalvik.system.CloseGuard.open(CloseGuard.java:221)
10-14 00:36:45.043  3527  3541 D StrictMode: 	at android.view.SurfaceControl.<init>(SurfaceControl.java:621)
10-14 00:36:45.043  3527  3541 D StrictMode: 	at android.view.SurfaceControl.<init>(SurfaceControl.java:60)
10-14 00:36:45.043  3527  3541 D StrictMode: 	at android.view.SurfaceControl$1.createFromParcel(SurfaceControl.java:655)
10-14 00:36:45.043  3527  3541 D StrictMode: 	at android.view.SurfaceControl$1.createFromParcel(SurfaceControl.java:653)
10-14 00:36:45.043  3527  3541 D StrictMode: 	at android.os.Parcel.readParcelable(Parcel.java:2766)
10-14 00:36:45.043  3527  3541 D StrictMode: 	at android.view.RemoteAnimationTarget.<init>(RemoteAnimationTarget.java:149)
10-14 00:36:45.043  3527  3541 D StrictMode: 	at android.view.RemoteAnimationTarget$1.createFromParcel(RemoteAnimationTarget.java:212)
10-14 00:36:45.043  3527  3541 D StrictMode: 	at android.view.RemoteAnimationTarget$1.createFromParcel(RemoteAnimationTarget.java:210)
10-14 00:36:45.043  3527  3541 D StrictMode: 	at android.os.Parcel.readTypedObject(Parcel.java:2606)
10-14 00:36:45.043  3527  3541 D StrictMode: 	at android.os.Parcel.createTypedArray(Parcel.java:2568)
10-14 00:36:45.043  3527  3541 D StrictMode: 	at android.view.IRemoteAnimationRunner$Stub.onTransact(IRemoteAnimationRunner.java:56)
10-14 00:36:45.043  3527  3541 D StrictMode: 	at android.os.Binder.execTransact(Binder.java:731)
10-14 00:36:45.007  2953  2953 I RenderThread: type=1400 audit(0.0:1186): avc: denied { read } for name="gralloc.odroidn2.so" dev="mmcblk0p12" ino=705 scontext=u:r:system_server:s0 tcontext=u:object_r:vendor_file:s0 tclass=file permissive=1
10-14 00:36:45.051  2953  2969 W BroadcastQueue: Background execution not allowed: receiving Intent { act=android.intent.action.DROPBOX_ENTRY_ADDED flg=0x10 (has extras) } to com.google.android.gms/.stats.service.DropBoxEntryAddedReceiver
10-14 00:36:45.051  2953  2969 W BroadcastQueue: Background execution not allowed: receiving Intent { act=android.intent.action.DROPBOX_ENTRY_ADDED flg=0x10 (has extras) } to com.google.android.gms/.chimera.GmsIntentOperationService$PersistentTrustedReceiver
10-14 00:36:45.060  2953  2969 W BroadcastQueue: Background execution not allowed: receiving Intent { act=android.intent.action.DROPBOX_ENTRY_ADDED flg=0x10 (has extras) } to com.google.android.gms/.stats.service.DropBoxEntryAddedReceiver
10-14 00:36:45.060  2953  2969 W BroadcastQueue: Background execution not allowed: receiving Intent { act=android.intent.action.DROPBOX_ENTRY_ADDED flg=0x10 (has extras) } to com.google.android.gms/.chimera.GmsIntentOperationService$PersistentTrustedReceiver
10-14 00:36:45.062  2756  2902 I [Gralloc]: framebuffer hal alread move to hwcomposer
10-14 00:36:45.064  2953  2969 W BroadcastQueue: Background execution not allowed: receiving Intent { act=android.intent.action.DROPBOX_ENTRY_ADDED flg=0x10 (has extras) } to com.google.android.gms/.stats.service.DropBoxEntryAddedReceiver
10-14 00:36:45.064  2953  2969 W BroadcastQueue: Background execution not allowed: receiving Intent { act=android.intent.action.DROPBOX_ENTRY_ADDED flg=0x10 (has extras) } to com.google.android.gms/.chimera.GmsIntentOperationService$PersistentTrustedReceiver
10-14 00:36:45.067  2953  2969 W BroadcastQueue: Background execution not allowed: receiving Intent { act=android.intent.action.DROPBOX_ENTRY_ADDED flg=0x10 (has extras) } to com.google.android.gms/.stats.service.DropBoxEntryAddedReceiver
10-14 00:36:45.067  2953  2969 W BroadcastQueue: Background execution not allowed: receiving Intent { act=android.intent.action.DROPBOX_ENTRY_ADDED flg=0x10 (has extras) } to com.google.android.gms/.chimera.GmsIntentOperationService$PersistentTrustedReceiver
10-14 00:36:45.070  2953  2969 W BroadcastQueue: Background execution not allowed: receiving Intent { act=android.intent.action.DROPBOX_ENTRY_ADDED flg=0x10 (has extras) } to com.google.android.gms/.stats.service.DropBoxEntryAddedReceiver
10-14 00:36:45.071  2953  2969 W BroadcastQueue: Background execution not allowed: receiving Intent { act=android.intent.action.DROPBOX_ENTRY_ADDED flg=0x10 (has extras) } to com.google.android.gms/.chimera.GmsIntentOperationService$PersistentTrustedReceiver
10-14 00:36:45.073  2953  2969 W BroadcastQueue: Background execution not allowed: receiving Intent { act=android.intent.action.DROPBOX_ENTRY_ADDED flg=0x10 (has extras) } to com.google.android.gms/.stats.service.DropBoxEntryAddedReceiver
10-14 00:36:45.073  2953  2969 W BroadcastQueue: Background execution not allowed: receiving Intent { act=android.intent.action.DROPBOX_ENTRY_ADDED flg=0x10 (has extras) } to com.google.android.gms/.chimera.GmsIntentOperationService$PersistentTrustedReceiver
10-14 00:36:45.007  2953  2953 I RenderThread: type=1400 audit(0.0:1187): avc: denied { open } for path="/vendor/lib/hw/gralloc.odroidn2.so" dev="mmcblk0p12" ino=705 scontext=u:r:system_server:s0 tcontext=u:object_r:vendor_file:s0 tclass=file permissive=1
10-14 00:36:45.803  2768  2768 I Binder:2768_3: type=1400 audit(0.0:1189): avc: denied { read } for name="gralloc.odroidn2.so" dev="mmcblk0p12" ino=705 scontext=u:r:surfaceflinger:s0 tcontext=u:object_r:vendor_file:s0 tclass=file permissive=1
10-14 00:36:45.844 11469 11547 W YT.mediacache: Unable to sniff ChunkIndex extractor [CONTEXT ratelimit_period="5000 MILLISECONDS [skipped: 3]" ]
10-14 00:36:45.899 11469 11469 W OrientationEventListener: Cannot detect sensors. Not enabled
10-14 00:36:45.932 11469 11620 D mali_winsys: EGLint new_window_surface(egl_winsys_display *, void *, EGLSurface, EGLConfig, egl_winsys_surface **, EGLBoolean) returns 0x3000
10-14 00:36:45.972  3599 11965 I CastDatabase: Opening the database
10-14 00:36:45.983  2953  6840 I WifiService: startScan uid=10064
10-14 00:36:45.985  2953  3039 E WifiScanRequestProxy: Scan failure received. reason: -1,description: not available
10-14 00:36:45.987  3599 11965 I SQLiteCastStore: 0 CastNetworkInfo instances loaded, 0 CastDeviceInfo instances loaded, 0 paired guest mode devices loaded.
10-14 00:36:46.011  3599  3599 I DiscoveryManager: WifiGuestModeDeviceScanner enabled.
10-14 00:36:46.024  2756  2902 I [Gralloc]: framebuffer hal alread move to hwcomposer
10-14 00:36:46.052 11469 18075 I OMXClient: IOmx service obtained
10-14 00:36:46.053  2789  2789 I OMXMaster: makeComponentInstance(OMX.amlogic.vp9.decoder.awesome) in omx@1.0-service process
10-14 00:36:46.053  2789  2789 D OmxComponentManagerImpl: support frame mode
10-14 00:36:46.053  2789  2789 D OmxComponentManagerImpl: format support multi-instance
10-14 00:36:46.053  2789  2789 D OmxComponentManagerImpl: getEntryByName_2_num=0, componentName:OMX.amlogic.vp9.decoder.awesome
10-14 00:36:46.053  2789  2789 V AmlogicVideoDecoderAwesome: AmlogicVideoDecoder:99 >
10-14 00:36:46.053  2789  2789 V AmlogicVideoDecoderAwesome: initializeState_l:1512 >
10-14 00:36:46.053  2789  2789 V AmlogicVideoDecoderAwesome: media.omx.latency is not set used def=1.000000
10-14 00:36:46.053  2789  2789 D AmlogicVideoDecoderAwesome: AmlogicVideoDecoder, mOmxInstancenum 1, mOmxInstanceID 22
10-14 00:36:46.054  2789  2789 W AmlSysfsUtil: [amsysfs_get_sysfs_str] /sys/module/am_vecm/parameters/dolby_vision_enable failed!
10-14 00:36:46.054  2789  2789 W AmlSysfsUtil: [amsysfs_get_sysfs_str] /sys/module/amdolby_vision/parameters/dolby_vision_enable failed!
10-14 00:36:46.054  2789  2789 D AmlogicVideoDecoderAwesome: mCheckDvesDone = 1
10-14 00:36:46.054  2789  2789 D AmlogicVideoDecoderAwesome: AmlogicVideoDecoderVp9 Ctor
10-14 00:36:46.054  2789  2789 D OmxVideoDecoder: drm use frame_mode
10-14 00:36:46.055  2789  2789 E OmxVideoDecoder: Load libsecmem failed
10-14 00:36:46.055  2789  2789 W OmxLogConf: Can not read property media.omx.log_levels, using 0
10-14 00:36:46.055  2789  2789 V AmlogicVideoDecoderAwesome: media.omx.out_buffer1 is not set used def=4
10-14 00:36:46.055  2789  2789 D OmxVideoDecoder: setInputCoding OMX.amlogic.vp9.decoder.awesome
10-14 00:36:46.055  2789  2789 D OmxVideoDecoder: mIsLinux49=1, major=4, minor=9
10-14 00:36:46.055  2789  2789 D OmxVideoDecoder: multi dec exist
10-14 00:36:46.055  2789  2789 D OmxVideoDecoder: Use frame mode for multidec.
10-14 00:36:46.055  2789  2789 D OmxVideoDecoder: Use min out buffer size
10-14 00:36:46.056  2789  2789 D OmxVideoDecoder: mMustOsdDisplay 0
10-14 00:36:46.056  2789  2789 D OMX-VENDOR-EXT: OMX.amlogic.vp9.decoder.awesome : Vendor extensions supported (6)
10-14 00:36:46.056  2789  2789 D OMX-VENDOR-EXT:    vendor.4k-osd{{ enable : Int32 },  }
10-14 00:36:46.056  2789  2789 D OMX-VENDOR-EXT:    vendor.is-mvc{{ enable : Int32 },  }
10-14 00:36:46.056  2789  2789 D OMX-VENDOR-EXT:    vendor.is-flv{{ nContainIndex : Int32 },  }
10-14 00:36:46.056  2789  2789 D OMX-VENDOR-EXT:    vendor.dvconfig-box{{ disable : Int32 },  }
10-14 00:36:46.056  2789  2789 D OMX-VENDOR-EXT:    vendor.profile-level{{ n-profile : Int32 },  { n-level : Int32 },  }
10-14 00:36:46.056  2789  2789 D OMX-VENDOR-EXT:    vendor.nrdp{{ video-peek-in-tunnel : Int32 },  }
10-14 00:36:46.056  2789  2789 D OmxComponentManagerImpl: IncreaseEntryNumByName pEntry->mNum=0, pEntry->mMaxNum:9,componentName:OMX.amlogic.vp9.decoder.awesome
10-14 00:36:46.056  2789  2789 I omx_core: OMX_getHandle_num=1
10-14 00:36:46.056  2789  2789 D OmxComponent: mApkName=media.codec
10-14 00:36:46.059 11469 18074 D SurfaceUtils: connecting to surface 0xbc98e808, reason connectToSurface
10-14 00:36:46.060 11469 18074 I MediaCodec: [OMX.amlogic.vp9.decoder.awesome] setting surface generation to 11744263
10-14 00:36:46.060 11469 18074 D SurfaceUtils: disconnecting from surface 0xbc98e808, reason connectToSurface(reconnect)
10-14 00:36:46.061 11469 18074 D SurfaceUtils: connecting to surface 0xbc98e808, reason connectToSurface(reconnect)
10-14 00:36:46.061 11469 18075 I AmAVUtils: AmAVUtils::getComponentRole isEncoder :0 mime:video/x-vnd.on2.vp9 
10-14 00:36:46.061 11469 18075 V AVUtils : AVUtils::getComponentRole
10-14 00:36:46.061  2789  2789 D OmxVideoDecoder: setParameter 887 0x1000017
10-14 00:36:46.061  2789  2789 D OmxVideoDecoder: setInputCoding video_decoder.vp9
10-14 00:36:46.061  2789  2789 D OmxComponent: getExtensionIndex 1121 name="OMX.google.android.index.enableAndroidNativeBuffers"
10-14 00:36:46.061  2789  2789 D OmxVideoDecoder: setParameter 887 0x7f000000
10-14 00:36:46.061  2789  2789 V OmxVideoDecoder: setParameter 1353 EnableNativeBuffers 1
10-14 00:36:46.061  2789  2789 V OmxVideoDecoder: updatePort mUseNativeBuffers 1
10-14 00:36:46.061  2789  2789 D AmlogicVideoDecoderAwesome: get native buffer info NV:w:640,h:480..
10-14 00:36:46.061  2789  2789 V OmxVideoDecoder: updatePort:portDef.format.video.nFrameWidth=640,portDef.format.video.nFrameHeight=480
10-14 00:36:46.061  2789  2789 D OmxComponent: getExtensionIndex 1121 name="OMX.google.android.index.allocateNativeHandle"
10-14 00:36:46.061  2789  2789 D OmxVideoDecoder: setParameter 887 0x7f00000a
10-14 00:36:46.061  2789  2789 E OMXNodeInstance: setParameter(0xe7884bb0:amlogic.vp9.decoder.awesome, OMX.google.android.index.allocateNativeHandle(0x7f00000a): Output:1 en=0) ERROR: UnsupportedSetting(0x80001019)
10-14 00:36:46.062  2789  2789 D OmxComponent: getExtensionIndex 1121 name="OMX.google.android.index.storeANWBufferInMetadata"
10-14 00:36:46.062  2789  2789 D OmxComponent: getExtensionIndex 1121 name="OMX.google.android.index.storeMetaDataInBuffers"
10-14 00:36:46.062  2789  2789 D OmxVideoDecoder: setParameter 887 0x7f000002
10-14 00:36:46.062  2789  2789 D OmxVideoDecoder: setParameter 1359 OMX_IndexAndroidStoreMetadataInBuffers
10-14 00:36:46.062  2789  2789 E OMXNodeInstance: setParameter(0xe7884bb0:amlogic.vp9.decoder.awesome, OMX.google.android.index.storeMetaDataInBuffers(0x7f000002): Output:1 en=1 type=1) ERROR: BadPortIndex(0x8000101b)
10-14 00:36:46.062 11469 18075 E ACodec  : [OMX.amlogic.vp9.decoder.awesome] setPortMode on output to DynamicANWBuffer failed w/ err -2147483648
10-14 00:36:46.062  2789  2789 D OmxComponent: getExtensionIndex 1121 name="OMX.google.android.index.prepareForAdaptivePlayback"
10-14 00:36:46.062  2789  2789 D OmxVideoDecoder: setParameter 887 0x7f000004
10-14 00:36:46.062  2789  2789 D OmxVideoDecoder: setParameter 1373 OMX_IndexAndroidPrepareForAdaptivePlayback
10-14 00:36:46.062  2789  2789 D OmxVideoDecoder: AdaptivePlayback: max resolution is 426 * 240
10-14 00:36:46.065  2789  2789 D OmxComponent: getExtensionIndex 1121 name="OMX.google.android.index.allocateNativeHandle"
10-14 00:36:46.065  2789  2789 D OmxVideoDecoder: setParameter 887 0x7f00000a
10-14 00:36:46.065  2789  2789 E OMXNodeInstance: setParameter(0xe7884bb0:amlogic.vp9.decoder.awesome, OMX.google.android.index.allocateNativeHandle(0x7f00000a): Output:1 en=0) ERROR: UnsupportedSetting(0x80001019)
10-14 00:36:46.065  2789  2789 D OmxComponent: getExtensionIndex 1121 name="OMX.google.android.index.enableAndroidNativeBuffers"
10-14 00:36:46.065  2789  2789 D OmxVideoDecoder: setParameter 887 0x7f000000
10-14 00:36:46.065  2789  2789 V OmxVideoDecoder: setParameter 1353 EnableNativeBuffers 1
10-14 00:36:46.065  2789  2789 V OmxVideoDecoder: updatePort mUseNativeBuffers 1
10-14 00:36:46.065  2789  2789 D AmlogicVideoDecoderAwesome: get native buffer info NV:w:640,h:480..
10-14 00:36:46.066  2789  2789 V OmxVideoDecoder: updatePort:portDef.format.video.nFrameWidth=640,portDef.format.video.nFrameHeight=480
10-14 00:36:46.066  2789  2789 D OmxComponent: getExtensionIndex 1121 name="OMX.google.android.index.storeANWBufferInMetadata"
10-14 00:36:46.066  2789  2789 D OmxComponent: getExtensionIndex 1121 name="OMX.google.android.index.storeMetaDataInBuffers"
10-14 00:36:46.066  2789  2789 D OmxVideoDecoder: setParameter 887 0x7f000002
10-14 00:36:46.066  2789  2789 D OmxVideoDecoder: setParameter 1359 OMX_IndexAndroidStoreMetadataInBuffers
10-14 00:36:46.066  2789  2789 E OMXNodeInstance: setParameter(0xe7884bb0:amlogic.vp9.decoder.awesome, OMX.google.android.index.storeMetaDataInBuffers(0x7f000002): Output:1 en=0 type=1) ERROR: BadPortIndex(0x8000101b)
10-14 00:36:46.066  2789  2789 D OmxVideoDecoder: setParameter 887 0x6000001
10-14 00:36:46.066  2789  2789 D OmxVideoDecoder: setParameter nPortIndex 0 CompFmt 0xa ColorFmt 0
10-14 00:36:46.066  2756  2902 I [Gralloc]: framebuffer hal alread move to hwcomposer
10-14 00:36:46.066  2789  2789 D OmxVideoDecoder: setParameter 887 0x6000001
10-14 00:36:46.066  2789  2789 D OmxVideoDecoder: setParameter nPortIndex 1 CompFmt 0 ColorFmt 0x11
10-14 00:36:46.066  2789  2789 D OmxVideoDecoder: setParameter 887 0x2000001
10-14 00:36:46.066  2789  2789 D OmxVideoDecoder: setParameter nPortIndex 0 nFrameWidth 426 nFrameHeight 240 nSliceHeight 16
10-14 00:36:46.068  2789  2789 V OmxVideoDecoder: updatePort mUseNativeBuffers 1
10-14 00:36:46.068  2789  2789 D AmlogicVideoDecoderAwesome: get native buffer info NV:w:640,h:480..
10-14 00:36:46.068  2789  2789 V OmxVideoDecoder: updatePort:portDef.format.video.nFrameWidth=640,portDef.format.video.nFrameHeight=480
10-14 00:36:46.068  2789  2789 D OmxVideoDecoder: setParameter 887 0x2000001
10-14 00:36:46.068  2789  2789 W OmxVideoDecoder: Can not read property media.omx.display_mode
10-14 00:36:46.068  2789  2789 D OmxVideoDecoder: update mAdaptiveMaxFrameWidth mAdaptiveMaxFrameHeight to 426 x 240
10-14 00:36:46.068  2789  2789 D OmxVideoDecoder: setParameter nPortIndex 1 nFrameWidth 432 nFrameHeight 240 nSliceHeight 240
10-14 00:36:46.068  2789  2789 V OmxVideoDecoder: updatePort mUseNativeBuffers 1
10-14 00:36:46.068  2789  2789 D AmlogicVideoDecoderAwesome: get native buffer info NV:w:432,h:240..
10-14 00:36:46.069  2789  2789 V OmxVideoDecoder: updatePort:portDef.format.video.nFrameWidth=432,portDef.format.video.nFrameHeight=240
10-14 00:36:46.069  2789  2857 D OmxComponent: getExtensionIndex 1121 name="OMX.google.android.index.describeColorAspects"
10-14 00:36:46.069  2789  2857 D OmxComponent: getExtensionIndex 1121 name="OMX.google.android.index.storeMetaDataInBuffers"
10-14 00:36:46.069  2789  2857 D OmxComponent: getExtensionIndex 1121 name="OMX.google.android.index.storeANWBufferInMetadata"
10-14 00:36:46.069  2789  2857 D OmxComponent: getExtensionIndex 1121 name="OMX.google.android.index.prepareForAdaptivePlayback"
10-14 00:36:46.069  2789  2857 D OmxComponent: getExtensionIndex 1121 name="OMX.google.android.index.configureVideoTunnelMode"
10-14 00:36:46.069  2789  2857 D OmxComponent: getExtensionIndex 1121 name="OMX.google.android.index.useAndroidNativeBuffer2"
10-14 00:36:46.069  2789  2857 D OmxComponent: getExtensionIndex 1121 name="OMX.google.android.index.useAndroidNativeBuffer"
10-14 00:36:46.069  2789  2857 D OmxComponent: getExtensionIndex 1121 name="OMX.google.android.index.enableAndroidNativeBuffers"
10-14 00:36:46.069  2789  2857 D OmxComponent: getExtensionIndex 1121 name="OMX.google.android.index.allocateNativeHandle"
10-14 00:36:46.069  2789  2857 D OmxComponent: getExtensionIndex 1121 name="OMX.google.android.index.getAndroidNativeBufferUsage"
10-14 00:36:46.069  2789  2857 D OmxVideoDecoder: setConfig 1803 0x7f00000c
10-14 00:36:46.069  2789  2857 D OmxVideoDecoder: [DSZ] updateFinalColorAspects# final color aspects[P:1; T:3; M:1; R:2]
10-14 00:36:46.069  2789  2857 D OmxComponent: getExtensionIndex 1121 name="OMX.google.android.index.describeHDRStaticInfo"
10-14 00:36:46.069  2789  2857 D OmxVideoDecoder: setConfig 1803 0x7f000009
10-14 00:36:46.069  2789  2857 D OmxVideoDecoder: HDRStaticInfo: R=0 0; G=0 0; B=0 0; W=0 0; MaxDisplayLuminance:0, MinDisplayLuminance=0, mMaxContentLightLevel=0, MaxContentLightLevel=0
10-14 00:36:46.069  2789  2857 D OmxVideoDecoder: HDRStaticInfo: all parmeter is 0, set mHasHDRStaticInfo to false
10-14 00:36:46.069 11469 18075 I AmAVUtils: AmAVUtils::isAudioExtendFormat input = video/x-vnd.on2.vp9
10-14 00:36:46.069  2789  2857 D OmxVideoDecoder: setConfig 1803 0x6f800002
10-14 00:36:46.069  2789  2857 V OmxVideoDecoder: setConfig 1905 nIndex 0x6f800002
10-14 00:36:46.069  2789  2857 D OmxComponent: setConfig 1114
10-14 00:36:46.069  2789  2857 E OMXNodeInstance: setConfig(0xe7884bb0:amlogic.vp9.decoder.awesome, ConfigPriority(0x6f800002)) ERROR: UnsupportedIndex(0x8000101a)
10-14 00:36:46.069 11469 18075 I ACodec  : codec does not support config priority (err -1010)
10-14 00:36:46.069  2789  2857 E OMXNodeInstance: getParameter(0xe7884bb0:amlogic.vp9.decoder.awesome, ParamVideoAndroidVp8Encoder(0x6f600007)) ERROR: UnsupportedIndex(0x8000101a)
10-14 00:36:46.070  2789  2857 D OmxVideoDecoder: getConfig 1701 0x6f100004
10-14 00:36:46.070  2789  2857 V OmxVideoDecoder: VendorExt: getConfig: index=0 (4k-osd)
10-14 00:36:46.070  2789  2857 D OmxVideoDecoder: getConfig 1701 0x6f100004
10-14 00:36:46.070  2789  2857 V OmxVideoDecoder: VendorExt: getConfig: index=1 (is-mvc)
10-14 00:36:46.070  2789  2857 D OmxVideoDecoder: getConfig 1701 0x6f100004
10-14 00:36:46.070  2789  2857 V OmxVideoDecoder: VendorExt: getConfig: index=2 (is-flv)
10-14 00:36:46.070  2789  2857 D OmxVideoDecoder: getConfig 1701 0x6f100004
10-14 00:36:46.070  2789  2857 V OmxVideoDecoder: VendorExt: getConfig: index=3 (dvconfig-box)
10-14 00:36:46.070  2789  2857 D OmxVideoDecoder: getConfig 1701 0x6f100004
10-14 00:36:46.070  2789  2857 V OmxVideoDecoder: VendorExt: getConfig: index=4 (profile-level)
10-14 00:36:46.070  2789  2857 D OmxVideoDecoder: getConfig 1701 0x6f100004
10-14 00:36:46.070  2789  2857 V OmxVideoDecoder: VendorExt: getConfig: index=4 (profile-level)
10-14 00:36:46.072  2789  2789 D OmxVideoDecoder: getConfig 1701 0x6f100004
10-14 00:36:46.072  2789  2789 V OmxVideoDecoder: VendorExt: getConfig: index=5 (nrdp)
10-14 00:36:46.072  2789  2857 D OmxVideoDecoder: getConfig 1701 0x6f100004
10-14 00:36:46.072  2789 16012 V OmxVideoDecoder: updatePort mUseNativeBuffers 1
10-14 00:36:46.072  2789 16012 D AmlogicVideoDecoderAwesome: get native buffer info NV:w:432,h:240..
10-14 00:36:46.072  2789 16012 V OmxVideoDecoder: updatePort:portDef.format.video.nFrameWidth=432,portDef.format.video.nFrameHeight=240
10-14 00:36:46.073  2789 16012 D OmxVideoDecoder: getConfig 1701 0x700000f
10-14 00:36:46.073  2789 16012 D OmxVideoDecoder: getConfig 1704 nIndex 0x700000f
10-14 00:36:46.073  2789 16012 D OmxVideoDecoder: getConfig OMX_IndexConfigCommonOutputCrop pRect->nWidth=432, pRect->nHeight=240
10-14 00:36:46.073  2789 16012 D OmxVideoDecoder: setConfig 1803 0x7f00000c
10-14 00:36:46.073  2789 16012 D OmxVideoDecoder: getConfig 1701 0x7f00000c
10-14 00:36:46.073  2789 16012 D OmxVideoDecoder: getConfig 1701 0x7f00000c
10-14 00:36:46.073  2789 16012 E OMXNodeInstance: getConfig(0xe7884bb0:amlogic.vp9.decoder.awesome, ??(0x7f00000c)) ERROR: UnsupportedSetting(0x80001019)
10-14 00:36:46.073  2789 16012 D OmxVideoDecoder: getConfig 1701 0x7f000009
10-14 00:36:46.073  2789 16012 D OmxVideoDecoder: getConfig 1701 0x6f100004
10-14 00:36:46.073  2789 16012 V OmxVideoDecoder: VendorExt: getConfig: index=0 (4k-osd)
10-14 00:36:46.073  2789 16012 D OmxVideoDecoder: getConfig 1701 0x6f100004
10-14 00:36:46.073  2789 16012 V OmxVideoDecoder: VendorExt: getConfig: index=1 (is-mvc)
10-14 00:36:46.073  2789  2789 D OmxVideoDecoder: getConfig 1701 0x6f100004
10-14 00:36:46.074  2789  2789 V OmxVideoDecoder: VendorExt: getConfig: index=2 (is-flv)
10-14 00:36:46.074  2789  2789 D OmxVideoDecoder: getConfig 1701 0x6f100004
10-14 00:36:46.074  2789  2789 V OmxVideoDecoder: VendorExt: getConfig: index=3 (dvconfig-box)
10-14 00:36:46.074  2789  2789 D OmxVideoDecoder: getConfig 1701 0x6f100004
10-14 00:36:46.074  2789  2789 V OmxVideoDecoder: VendorExt: getConfig: index=4 (profile-level)
10-14 00:36:46.074  2789  2789 D OmxVideoDecoder: getConfig 1701 0x6f100004
10-14 00:36:46.074  2789  2789 V OmxVideoDecoder: VendorExt: getConfig: index=4 (profile-level)
10-14 00:36:46.074  2789  2789 D OmxVideoDecoder: getConfig 1701 0x6f100004
10-14 00:36:46.074  2789  2789 V OmxVideoDecoder: VendorExt: getConfig: index=5 (nrdp)
10-14 00:36:46.074  2789  2789 D OmxVideoDecoder: getConfig 1701 0x6f100004
10-14 00:36:46.076  2789 18076 I OmxComponent: OMX_CommandStateSet 738 Cmd 0 nParam1 0x2
10-14 00:36:46.076  2789 18076 I OmxComponent: STATE_SET:   OMX_StateLoaded => OMX_StateIdle : OMX.amlogic.vp9.decoder.awesome
10-14 00:36:46.076  2789 18076 I OmxComponent: STATE_TRANS: OMX_StateLoaded => OMX_StateIdle : OMX.amlogic.vp9.decoder.awesome
10-14 00:36:46.077  2746  2746 W AshmemAllocator: ashmem_create_region(1048576) returning hidl_memory(0xf1298180, 1048576)
10-14 00:36:46.078  2789 18076 I OmxComponent: STATE_TRANS: OMX_StateLoaded => OMX_StateIdle : OMX.amlogic.vp9.decoder.awesome
10-14 00:36:46.078  2746  2746 W AshmemAllocator: ashmem_create_region(1048576) returning hidl_memory(0xf1298180, 1048576)
10-14 00:36:46.078  2789 18076 I OmxComponent: STATE_TRANS: OMX_StateLoaded => OMX_StateIdle : OMX.amlogic.vp9.decoder.awesome
10-14 00:36:46.078  2746  2746 W AshmemAllocator: ashmem_create_region(1048576) returning hidl_memory(0xf1298180, 1048576)
10-14 00:36:46.079  2789 16012 V OmxVideoDecoder: updatePort mUseNativeBuffers 1
10-14 00:36:46.079  2789 16012 D AmlogicVideoDecoderAwesome: get native buffer info NV:w:432,h:240..
10-14 00:36:46.079  2789 16012 V OmxVideoDecoder: updatePort:portDef.format.video.nFrameWidth=432,portDef.format.video.nFrameHeight=240
10-14 00:36:46.079  2789  2789 V OmxVideoDecoder: updatePort mUseNativeBuffers 1
10-14 00:36:46.079  2789  2789 D AmlogicVideoDecoderAwesome: get native buffer info NV:w:432,h:240..
10-14 00:36:46.080  2789  2789 V OmxVideoDecoder: updatePort:portDef.format.video.nFrameWidth=432,portDef.format.video.nFrameHeight=240
10-14 00:36:46.080  2789 18076 I OmxComponent: STATE_TRANS: OMX_StateLoaded => OMX_StateIdle : OMX.amlogic.vp9.decoder.awesome
10-14 00:36:46.080  2789  2789 D OmxComponent: getExtensionIndex 1121 name="OMX.google.android.index.AndroidNativeBufferConsumerUsage"
10-14 00:36:46.080  2789  2789 D OmxVideoDecoder: setParameter 887 0x7f00000b
10-14 00:36:46.080  2789  2789 D OmxVideoDecoder: OMX_GoogleAndroidIndexAndroidNativeBufferConsumerUsage 0x900
10-14 00:36:46.081  2789  2789 D OmxComponent: getExtensionIndex 1121 name="OMX.google.android.index.getAndroidNativeBufferUsage"
10-14 00:36:46.081 11469 18075 D SurfaceUtils: disconnecting from surface 0xbc98e808, reason setNativeWindowSizeFormatAndUsage
10-14 00:36:46.081 11469 18075 D SurfaceUtils: connecting to surface 0xbc98e808, reason setNativeWindowSizeFormatAndUsage
10-14 00:36:46.082 11469 18075 D SurfaceUtils: set up nativeWindow 0xbc98e808 for 432x240, color 0x11, rotation 0, usage 0x402b00
10-14 00:36:46.083  2789  2789 D OmxVideoDecoder: setParameter 887 0x2000001
10-14 00:36:46.083  2789  2789 W OmxVideoDecoder: Can not read property media.omx.display_mode
10-14 00:36:46.083  2789  2789 D OmxVideoDecoder: update mAdaptiveMaxFrameWidth mAdaptiveMaxFrameHeight to 426 x 240
10-14 00:36:46.083  2789  2789 D OmxVideoDecoder: setParameter nPortIndex 1 nFrameWidth 432 nFrameHeight 240 nSliceHeight 240
10-14 00:36:46.083  2789  2789 V OmxVideoDecoder: updatePort mUseNativeBuffers 1
10-14 00:36:46.083  2789  2789 D AmlogicVideoDecoderAwesome: get native buffer info NV:w:432,h:240..
10-14 00:36:46.083  2789  2789 V OmxVideoDecoder: updatePort:portDef.format.video.nFrameWidth=432,portDef.format.video.nFrameHeight=240
10-14 00:36:46.085  2756  2902 I [Gralloc]: framebuffer hal alread move to hwcomposer
10-14 00:36:46.085  2768  2849 W         : buffer descriptor with invalid usage bits 0x2000
10-14 00:36:46.088  2756  2903 I [Gralloc]: framebuffer hal alread move to hwcomposer
10-14 00:36:46.094  2789  2789 D OmxComponent: getExtensionIndex 1121 name="OMX.google.android.index.useAndroidNativeBuffer2"
10-14 00:36:46.094  2789  2789 V OmxVideoDecoder: updatePort mUseNativeBuffers 1
10-14 00:36:46.094  2789  2789 D AmlogicVideoDecoderAwesome: get native buffer info NV:w:432,h:240..
10-14 00:36:46.094  2789  2789 V OmxVideoDecoder: updatePort:portDef.format.video.nFrameWidth=432,portDef.format.video.nFrameHeight=240
10-14 00:36:46.094  2789 18076 I OmxComponent: STATE_TRANS: OMX_StateLoaded => OMX_StateIdle : OMX.amlogic.vp9.decoder.awesome
10-14 00:36:46.095  2768  2849 W         : buffer descriptor with invalid usage bits 0x2000
10-14 00:36:46.095  2756  2903 I [Gralloc]: framebuffer hal alread move to hwcomposer
10-14 00:36:46.098  2768  3557 W SurfaceFlinger: Attempting to set client state on removed layer: SnapshotStartingWindow for taskId=13#0
10-14 00:36:46.098  2768  3557 W SurfaceFlinger: Attempting to destroy on removed layer: SnapshotStartingWindow for taskId=13#0
10-14 00:36:46.101  2789  2789 D OmxComponent: getExtensionIndex 1121 name="OMX.google.android.index.useAndroidNativeBuffer2"
10-14 00:36:46.101  2789  2789 V OmxVideoDecoder: updatePort mUseNativeBuffers 1
10-14 00:36:46.101  2789  2789 D AmlogicVideoDecoderAwesome: get native buffer info NV:w:432,h:240..
10-14 00:36:46.101  2789  2789 V OmxVideoDecoder: updatePort:portDef.format.video.nFrameWidth=432,portDef.format.video.nFrameHeight=240
10-14 00:36:46.101  2789 18076 I OmxComponent: STATE_TRANS: OMX_StateLoaded => OMX_StateIdle : OMX.amlogic.vp9.decoder.awesome
10-14 00:36:46.101  2768  3293 W         : buffer descriptor with invalid usage bits 0x2000
10-14 00:36:46.102  2756  2903 I [Gralloc]: framebuffer hal alread move to hwcomposer
10-14 00:36:46.105  2789  2789 D OmxComponent: getExtensionIndex 1121 name="OMX.google.android.index.useAndroidNativeBuffer2"
10-14 00:36:46.105  2789  2789 V OmxVideoDecoder: updatePort mUseNativeBuffers 1
10-14 00:36:46.105  2789  2789 D AmlogicVideoDecoderAwesome: get native buffer info NV:w:432,h:240..
10-14 00:36:46.105  2789  2789 V OmxVideoDecoder: updatePort:portDef.format.video.nFrameWidth=432,portDef.format.video.nFrameHeight=240
10-14 00:36:46.105  2789 18076 I OmxComponent: STATE_TRANS: OMX_StateLoaded => OMX_StateIdle : OMX.amlogic.vp9.decoder.awesome
10-14 00:36:46.105  2768  3293 W         : buffer descriptor with invalid usage bits 0x2000
10-14 00:36:46.105  2756  2903 I [Gralloc]: framebuffer hal alread move to hwcomposer
10-14 00:36:46.108  2789  2789 D OmxComponent: getExtensionIndex 1121 name="OMX.google.android.index.useAndroidNativeBuffer2"
10-14 00:36:46.108  2789  2789 V OmxVideoDecoder: updatePort mUseNativeBuffers 1
10-14 00:36:46.108  2789  2789 D AmlogicVideoDecoderAwesome: get native buffer info NV:w:432,h:240..
10-14 00:36:46.108  2789  2789 V OmxVideoDecoder: updatePort:portDef.format.video.nFrameWidth=432,portDef.format.video.nFrameHeight=240
10-14 00:36:46.108  2789 18076 I OmxComponent: STATE_TRANS: OMX_StateLoaded => OMX_StateIdle : OMX.amlogic.vp9.decoder.awesome
10-14 00:36:46.108  2768  2841 W         : buffer descriptor with invalid usage bits 0x2000
10-14 00:36:46.109  2756  2903 I [Gralloc]: framebuffer hal alread move to hwcomposer
10-14 00:36:46.113  2789  2789 D OmxComponent: getExtensionIndex 1121 name="OMX.google.android.index.useAndroidNativeBuffer2"
10-14 00:36:46.113  2789  2789 V OmxVideoDecoder: updatePort mUseNativeBuffers 1
10-14 00:36:46.113  2789  2789 D AmlogicVideoDecoderAwesome: get native buffer info NV:w:432,h:240..
10-14 00:36:46.113  2789  2789 V OmxVideoDecoder: updatePort:portDef.format.video.nFrameWidth=432,portDef.format.video.nFrameHeight=240
10-14 00:36:46.113  2789 18076 I OmxComponent: STATE_TRANS: OMX_StateLoaded => OMX_StateIdle : OMX.amlogic.vp9.decoder.awesome
10-14 00:36:46.113  2768  2841 W         : buffer descriptor with invalid usage bits 0x2000
10-14 00:36:46.114  3599  3599 W CastMediaRouteProvider: Not a Cast compatible category: MDX_MEDIA_ROUTE_CONTROL_CATEGORY_m
10-14 00:36:46.114  3599  3599 W CastMediaRouteProvider: Not a Cast compatible category: android.media.intent.category.LIVE_AUDIO
10-14 00:36:46.114  2756  2903 I [Gralloc]: framebuffer hal alread move to hwcomposer
10-14 00:36:46.116  3599 11965 I DiscoveryManager: Filter criteria(2DB7CC49) scannerFlags(0)
10-14 00:36:46.119  3599 11965 I CastDatabase: CastDeviceInfo created: V_b1cc6ee9-d4d9-4339-85e3-5d3f4aec54c4
10-14 00:36:46.119  3599 11965 W GuestModeDeviceProber: setFilterCriteria
10-14 00:36:46.124  2953  2965 I WifiService: startScan uid=10064
10-14 00:36:46.126  3599 11965 E DeviceScanner: [BLE] Failed to start scan because the Bluetooth is disabled.
10-14 00:36:46.126  2953  3039 E WifiScanRequestProxy: Scan failure received. reason: -1,description: not available
10-14 00:36:46.132  3599 11965 E DeviceScanner: [BLE] Failed to start scan because the Bluetooth is disabled.
10-14 00:36:46.140  2789  2789 D OmxComponent: getExtensionIndex 1121 name="OMX.google.android.index.useAndroidNativeBuffer2"
10-14 00:36:46.140  2789  2789 V OmxVideoDecoder: updatePort mUseNativeBuffers 1
10-14 00:36:46.140  2789  2789 D AmlogicVideoDecoderAwesome: get native buffer info NV:w:432,h:240..
10-14 00:36:46.140  2789  2789 V OmxVideoDecoder: updatePort:portDef.format.video.nFrameWidth=432,portDef.format.video.nFrameHeight=240
10-14 00:36:46.140  2789 18076 I OmxComponent: STATE_TRANS: OMX_StateLoaded => OMX_StateIdle : OMX.amlogic.vp9.decoder.awesome
10-14 00:36:46.140  2768  3293 W         : buffer descriptor with invalid usage bits 0x2000
10-14 00:36:46.140  2756  2903 I [Gralloc]: framebuffer hal alread move to hwcomposer
10-14 00:36:46.146  2953  2965 I WifiService: acquireMulticastLock uid=10064
10-14 00:36:46.152  2789  2789 D OmxComponent: getExtensionIndex 1121 name="OMX.google.android.index.useAndroidNativeBuffer2"
10-14 00:36:46.152  2789  2789 V OmxVideoDecoder: updatePort mUseNativeBuffers 1
10-14 00:36:46.152  2789  2789 D AmlogicVideoDecoderAwesome: get native buffer info NV:w:432,h:240..
10-14 00:36:46.152  2789  2789 V OmxVideoDecoder: updatePort:portDef.format.video.nFrameWidth=432,portDef.format.video.nFrameHeight=240
10-14 00:36:46.152  2789 18076 I OmxComponent: STATE_TRANS: OMX_StateLoaded => OMX_StateIdle : OMX.amlogic.vp9.decoder.awesome
10-14 00:36:46.152  2768  2841 W         : buffer descriptor with invalid usage bits 0x2000
10-14 00:36:46.152  2756  2903 I [Gralloc]: framebuffer hal alread move to hwcomposer
10-14 00:36:46.158  2789  2789 D OmxComponent: getExtensionIndex 1121 name="OMX.google.android.index.useAndroidNativeBuffer2"
10-14 00:36:46.158  2789  2789 V OmxVideoDecoder: updatePort mUseNativeBuffers 1
10-14 00:36:46.158  2789  2789 D AmlogicVideoDecoderAwesome: get native buffer info NV:w:432,h:240..
10-14 00:36:46.158  2789  2789 V OmxVideoDecoder: updatePort:portDef.format.video.nFrameWidth=432,portDef.format.video.nFrameHeight=240
10-14 00:36:46.158  2789 18076 I OmxComponent: STATE_TRANS: OMX_StateLoaded => OMX_StateIdle : OMX.amlogic.vp9.decoder.awesome
10-14 00:36:46.158  2789 18076 V AmlogicVideoDecoderAwesome: acquireResources:360 >
10-14 00:36:46.158  2789 18076 D AmlogicVideoDecoderAwesome: setUp mVideoDisplay =0, mDisplayMode=0
10-14 00:36:46.158  2789 18076 D AmlogicVideoDecoderAwesome: mMaxFrameWidth 432, mMaxFrameHeight 240
10-14 00:36:46.158  2789 18076 I AmlogicVideoDecoderAwesome: video layer mKeepLastFrame 1
10-14 00:36:46.158  2789 18076 V AmlogicVideoDecoderAwesome: enable osd or video ...-410498560
10-14 00:36:46.158  2789 18076 V AmlogicVideoDecoderAwesome: media.omx.buffermargin is not set used def=0
10-14 00:36:46.158  2789 18076 D AmlogicVideoDecoderAwesome: mDoubleWriteMode 1
10-14 00:36:46.158  2789 18076 V debugSetup: media.omx.dumpRecv is disabled
10-14 00:36:46.158  2789 18076 V debugSetup: media.omx.dumpCodec is disabled
10-14 00:36:46.158  2789 18076 V AmlogicVideoDecoderAwesome: *Input Frame Rate is 0..
10-14 00:36:46.158  2789 18076 V AmlogicVideoDecoderAwesome: videoDefine.xFramerate:0  
10-14 00:36:46.158  2789 18076 V AmlogicVideoDecoderAwesome: mVideoType:10
10-14 00:36:46.158  2789 18076 D AmlogicVideoDecoderAwesome: decoder_type = 1
10-14 00:36:46.158  2789 18076 D AmlogicVideoDecoderAwesome: AmlogicVideoDecoder::setUp, mUseFrameMode 1, video_path 0
10-14 00:36:46.158  2789 18076 D AmlogicVideoDecoderAwesome: alloc ION Video device instance ID:0
10-14 00:36:46.159  2789 18076 D AmlogicVideoDecoderAwesome: mAmlCodecParam->config=vp9_buf_width:1920;vp9_buf_height:1088;vp9_double_write_mode:1;vp9_max_pic_w:432;vp9_max_pic_h:240;save_buffer_mode:0;
10-14 00:36:46.159  2789 18076 D AmlogicVideoDecoderAwesome: mAmlCodecParam->config_len=119
10-14 00:36:46.159  2789 18076 D AmlogicVideoDecoderAwesome: codecInit
10-14 00:36:46.190  2789 18076 D AmlogicVideoDecoderAwesome: codecInit done
10-14 00:36:46.190  2789 18076 D AmlogicVideoDecoderAwesome: media.omx.videopeek 0
10-14 00:36:46.190  2789 18076 I AmlogicVideoDecoderAwesome: video layer sync version is 3
10-14 00:36:46.190  2789 18076 V AmlogicVideoDecoderAwesome: mFlvFlag=0
10-14 00:36:46.190  2789 18076 V AmlogicVideoDecoderAwesome: mOutBufferCount =8
10-14 00:36:46.190  2789 18076 V AmlogicVideoDecoderAwesome: mIsNativeBuffers =1
10-14 00:36:46.190  2789 18076 D AmlogicVideoDecoderAwesome: mAmvideoDev->use_frame_mode=0
10-14 00:36:46.190  2789 18076 D AmlogicVideoDecoderAwesome: mAmvideoDev->use_frame_mode=1, mUseFrameMode=1
10-14 00:36:46.191  2789 18076 I amvdec  : amvideo_init ret=0
10-14 00:36:46.191  2789 18076 D AmlogicVideoDecoderAwesome: output buffer:mWidth:432, mHeight:240, mVideoDevId:0
10-14 00:36:46.193  2789 18076 I OmxComponent: STATE_DONE:  OMX_StateLoaded => OMX_StateIdle : OMX.amlogic.vp9.decoder.awesome
10-14 00:36:46.193  2789 18076 I OmxComponent: OMX_CommandStateSet 738 Cmd 0 nParam1 0x3
10-14 00:36:46.193  2789 18076 I OmxComponent: STATE_SET:   OMX_StateIdle => OMX_StateExecuting : OMX.amlogic.vp9.decoder.awesome
10-14 00:36:46.193  2789 18076 V AmlogicVideoDecoderAwesome: prepare:281 >
10-14 00:36:46.193  2789 18076 D AmlogicVideoDecoderAwesome: mVideo mDisplayTread start
10-14 00:36:46.193  2789 18076 D AmlogicVideoDecoderAwesome: mDTaskStatus=0
10-14 00:36:46.194  2789 18076 V AmlogicVideoDecoderAwesome: start:294 >
10-14 00:36:46.194  2789 18076 D AmlogicVideoDecoderAwesome: mVideo start
10-14 00:36:46.194  2789 18076 I OmxComponent: STATE_TRANS: OMX_StateIdle => OMX_StateExecuting : OMX.amlogic.vp9.decoder.awesome
10-14 00:36:46.194  2789 18076 I OmxComponent: STATE_DONE:  OMX_StateIdle => OMX_StateExecuting : OMX.amlogic.vp9.decoder.awesome
10-14 00:36:46.194  2789 18086 V OMX_WorkerPeer: hardware/amlogic/omx/omx_framework/WorkerPeer.cpp:runWorkerStatic:152 --------------------
10-14 00:36:46.194  2789 18086 V OMX_WorkerPeer: hardware/amlogic/omx/omx_framework/WorkerPeer.cpp:runWorker:158 --------------------
10-14 00:36:46.194  2789  2789 D AmlogicVideoDecoderAwesome: memset outputbuffer index=0, size 155520
10-14 00:36:46.195  2789 16012 D AmlogicVideoDecoderAwesome: memset outputbuffer index=1, size 155520
10-14 00:36:46.195  2789 16012 D AmlogicVideoDecoderAwesome: memset outputbuffer index=2, size 155520
10-14 00:36:46.195  2789  2789 D AmlogicVideoDecoderAwesome: memset outputbuffer index=3, size 155520
10-14 00:36:46.207  2789 18085 D AmlogicVideoDecoderAwesome: omx output size changed from 432*240 to 426*240
10-14 00:36:46.208  2789 18085 D AmlogicVideoDecoderAwesome: mFirstInputTime = 1458069, mFirstOutputTime=1458075, delay= 6ms
10-14 00:36:46.208  2789 16012 V OmxVideoDecoder: updatePort mUseNativeBuffers 1
10-14 00:36:46.208  2789 16012 D AmlogicVideoDecoderAwesome: get native buffer info NV:w:432,h:240..
10-14 00:36:46.209  2789 16012 V OmxVideoDecoder: updatePort:portDef.format.video.nFrameWidth=432,portDef.format.video.nFrameHeight=240
10-14 00:36:46.209  2789  2789 D OmxVideoDecoder: getConfig 1701 0x700000f
10-14 00:36:46.209  2789  2789 D OmxVideoDecoder: getConfig 1704 nIndex 0x700000f
10-14 00:36:46.209  2789  2789 D OmxVideoDecoder: getConfig OMX_IndexConfigCommonOutputCrop pRect->nWidth=426, pRect->nHeight=240
10-14 00:36:46.209  2789 16012 D OmxVideoDecoder: setConfig 1803 0x7f00000c
10-14 00:36:46.209  2789  2789 D OmxVideoDecoder: getConfig 1701 0x7f00000c
10-14 00:36:46.209  2789 16012 D OmxVideoDecoder: getConfig 1701 0x7f00000c
10-14 00:36:46.209  2789 16012 E OMXNodeInstance: getConfig(0xe7884bb0:amlogic.vp9.decoder.awesome, ??(0x7f00000c)) ERROR: UnsupportedSetting(0x80001019)
10-14 00:36:46.209  2789  2789 D OmxVideoDecoder: getConfig 1701 0x7f000009
10-14 00:36:46.209  2789 16012 D OmxVideoDecoder: getConfig 1701 0x6f100004
10-14 00:36:46.209  2789 16012 V OmxVideoDecoder: VendorExt: getConfig: index=0 (4k-osd)
10-14 00:36:46.209  2789 16012 D OmxVideoDecoder: getConfig 1701 0x6f100004
10-14 00:36:46.209  2789 16012 V OmxVideoDecoder: VendorExt: getConfig: index=1 (is-mvc)
10-14 00:36:46.210  2789 16012 D OmxVideoDecoder: getConfig 1701 0x6f100004
10-14 00:36:46.210  2789 16012 V OmxVideoDecoder: VendorExt: getConfig: index=2 (is-flv)
10-14 00:36:46.210  2789 16012 D OmxVideoDecoder: getConfig 1701 0x6f100004
10-14 00:36:46.210  2789 16012 V OmxVideoDecoder: VendorExt: getConfig: index=3 (dvconfig-box)
10-14 00:36:46.210  2789 16012 D OmxVideoDecoder: getConfig 1701 0x6f100004
10-14 00:36:46.210  2789 16012 V OmxVideoDecoder: VendorExt: getConfig: index=4 (profile-level)
10-14 00:36:46.210  2789  2789 D OmxVideoDecoder: getConfig 1701 0x6f100004
10-14 00:36:46.210  2789  2789 V OmxVideoDecoder: VendorExt: getConfig: index=4 (profile-level)
10-14 00:36:46.210  2789  2789 D OmxVideoDecoder: getConfig 1701 0x6f100004
10-14 00:36:46.210  2789  2789 V OmxVideoDecoder: VendorExt: getConfig: index=5 (nrdp)
10-14 00:36:46.210  2789 16012 D OmxVideoDecoder: getConfig 1701 0x6f100004
10-14 00:36:46.213  2789 18086 D AmlogicVideoDecoderAwesome: =10, =426, =240, =426, =240, =85419000, =85461000, =85502000, =2248, =7400, =7775
10-14 00:36:46.288  2768  3293 E BufferQueueProducer: [com.android.launcher3/com.android.launcher3.Launcher#0] disconnect: not connected (req=1)
10-14 00:36:46.289  3527  3638 W libEGL  : EGLNativeWindowType 0xe096b808 disconnect failed
10-14 00:36:46.391  2789  2789 D AmlogicVideoDecoderAwesome: memset outputbuffer index=4, size 155520
10-14 00:36:46.396  2789  2789 D AmlogicVideoDecoderAwesome: memset outputbuffer index=5, size 155520
10-14 00:36:46.430  4078  4078 D skia    : --- Failed to create image decoder with message 'unimplemented'
10-14 00:36:46.439  2789  2789 D AmlogicVideoDecoderAwesome: memset outputbuffer index=6, size 155520
10-14 00:36:46.459  4078  4078 I tutu.ABenchMark: type=1400 audit(0.0:1192): avc: denied { open } for path="/proc/stat" dev="proc" ino=4026531957 scontext=u:r:untrusted_app_27:s0:c512,c768 tcontext=u:object_r:proc_stat:s0 tclass=file permissive=1
10-14 00:36:46.459  4078  4078 I tutu.ABenchMark: type=1400 audit(0.0:1193): avc: denied { getattr } for path="/proc/stat" dev="proc" ino=4026531957 scontext=u:r:untrusted_app_27:s0:c512,c768 tcontext=u:object_r:proc_stat:s0 tclass=file permissive=1
10-14 00:36:46.463  4078  4078 I tutu.ABenchMark: type=1400 audit(0.0:1194): avc: denied { read } for name="temp" dev="sysfs" ino=8951 scontext=u:r:untrusted_app_27:s0:c512,c768 tcontext=u:object_r:sysfs:s0 tclass=file permissive=1
10-14 00:36:46.467  4078  4078 D skia    : --- Failed to create image decoder with message 'unimplemented'
10-14 00:36:46.468  2789 16012 D AmlogicVideoDecoderAwesome: memset outputbuffer index=7, size 155520
10-14 00:36:46.486 11469 11480 I s.youtube.musi: Background concurrent copying GC freed 444368(15MB) AllocSpace objects, 162(5MB) LOS objects, 44% free, 30MB/54MB, paused 162us total 169.980ms
10-14 00:36:49.127  3599 18082 W AdaptiveDiscoveryWorker: Exiting Adaptive Discovery. Current HOTSPOT_BSSID is NULL.
10-14 00:36:50.051  2760  2760 I memtrack@1.0-se: type=1400 audit(0.0:1197): avc: denied { read } for name="mem_profile" dev="debugfs" ino=2850 scontext=u:r:hal_memtrack_default:s0 tcontext=u:object_r:debugfs:s0 tclass=file permissive=1
10-14 00:36:50.129  2766  2911 D AudioFlinger: mixer(0xeb583ac0) throttle end: throttle time(17)
10-14 00:36:50.051  2760  2760 I memtrack@1.0-se: type=1400 audit(0.0:1198): avc: denied { open } for path="/sys/kernel/debug/mali0/ctx/3106_3/mem_profile" dev="debugfs" ino=2850 scontext=u:r:hal_memtrack_default:s0 tcontext=u:object_r:debugfs:s0 tclass=file permissive=1
10-14 00:36:50.430  2953  6663 D ConnectivityService: requestNetwork for uid/pid:10023/6841 NetworkRequest [ TRACK_DEFAULT id=150, [ Capabilities: INTERNET&NOT_RESTRICTED&TRUSTED Unwanted:  Uid: 10023] ]
10-14 00:36:50.431  2953  3062 D Ethernet: got request NetworkRequest [ TRACK_DEFAULT id=150, [ Capabilities: INTERNET&NOT_RESTRICTED&TRUSTED Unwanted:  Uid: 10023] ] with score 70
10-14 00:36:50.431  2953  3039 D WIFI    : got request NetworkRequest [ TRACK_DEFAULT id=150, [ Capabilities: INTERNET&NOT_RESTRICTED&TRUSTED Unwanted:  Uid: 10023] ] with score 70
10-14 00:36:50.431  2953  3039 D WIFI_UT : got request NetworkRequest [ TRACK_DEFAULT id=150, [ Capabilities: INTERNET&NOT_RESTRICTED&TRUSTED Unwanted:  Uid: 10023] ] with score 70
10-14 00:36:50.433  3169  3169 D PhoneSwitcherNetworkRequstListener: got request NetworkRequest [ TRACK_DEFAULT id=150, [ Capabilities: INTERNET&NOT_RESTRICTED&TRUSTED Unwanted:  Uid: 10023] ] with score 70
10-14 00:36:50.440  2953  2969 E NotificationService: Suppressing notification from package by user request.
10-14 00:36:50.441  2953  3042 D ConnectivityService: releasing NetworkRequest [ TRACK_DEFAULT id=150, [ Capabilities: INTERNET&NOT_RESTRICTED&TRUSTED Unwanted:  Uid: 10023] ] (release request)
10-14 00:36:50.976  3527  3527 W ViewRootImpl[Launcher]: Cancelling event due to no window focus: MotionEvent { action=ACTION_CANCEL, actionButton=0, id[0]=0, x[0]=455.16266, y[0]=439.958, toolType[0]=TOOL_TYPE_MOUSE, buttonState=0, metaState=0, flags=0x0, edgeFlags=0x0, pointerCount=1, historySize=0, eventTime=1462843, downTime=1457551, deviceId=4, source=0x2002 }
10-14 00:36:52.375  4078  4078 I tutu.ABenchMark: type=1400 audit(0.0:1200): avc: denied { open } for path="/proc/vmstat" dev="proc" ino=4026531993 scontext=u:r:untrusted_app_27:s0:c512,c768 tcontext=u:object_r:proc_vmstat:s0 tclass=file permissive=1
10-14 00:36:50.977  3527  3527 I chatty  : uid=10024(com.android.launcher3) identical 2 lines
